
Discarded input sections

 .text          0x00000000        0x0 build/asm/header.o
 .bss           0x00000000        0x0 build/asm/header.o
 .reginfo       0x00000000       0x18 build/asm/header.o
 .MIPS.abiflags
                0x00000000       0x18 build/asm/header.o
 .pdr           0x00000000        0x0 build/asm/header.o
 .gnu.attributes
                0x00000000       0x10 build/asm/header.o
 .reginfo       0x00000000       0x18 build/src/boot.o
 .MIPS.abiflags
                0x00000000       0x18 build/src/boot.o
 .pdr           0x00000000      0x6e0 build/src/boot.o
 .gnu.attributes
                0x00000000       0x10 build/src/boot.o
 .reginfo       0x00000000       0x18 build/src/800.o
 .MIPS.abiflags
                0x00000000       0x18 build/src/800.o
 .pdr           0x00000000     0x4180 build/src/800.o
 .gnu.attributes
                0x00000000       0x10 build/src/800.o
 .reginfo       0x00000000       0x18 build/src/800_b.o
 .MIPS.abiflags
                0x00000000       0x18 build/src/800_b.o
 .pdr           0x00000000       0x60 build/src/800_b.o
 .gnu.attributes
                0x00000000       0x10 build/src/800_b.o
 .reginfo       0x00000000       0x18 build/src/800_b_o0a.o
 .MIPS.abiflags
                0x00000000       0x18 build/src/800_b_o0a.o
 .pdr           0x00000000       0x20 build/src/800_b_o0a.o
 .gnu.attributes
                0x00000000       0x10 build/src/800_b_o0a.o
 .reginfo       0x00000000       0x18 build/src/800_b_2.o
 .MIPS.abiflags
                0x00000000       0x18 build/src/800_b_2.o
 .pdr           0x00000000     0x1040 build/src/800_b_2.o
 .gnu.attributes
                0x00000000       0x10 build/src/800_b_2.o
 .reginfo       0x00000000       0x18 build/src/800_c.o
 .MIPS.abiflags
                0x00000000       0x18 build/src/800_c.o
 .pdr           0x00000000      0x920 build/src/800_c.o
 .gnu.attributes
                0x00000000       0x10 build/src/800_c.o
 .reginfo       0x00000000       0x18 build/src/snd1.o
 .MIPS.abiflags
                0x00000000       0x18 build/src/snd1.o
 .pdr           0x00000000      0x840 build/src/snd1.o
 .gnu.attributes
                0x00000000       0x10 build/src/snd1.o
 .reginfo       0x00000000       0x18 build/src/sgap.o
 .MIPS.abiflags
                0x00000000       0x18 build/src/sgap.o
 .pdr           0x00000000       0x20 build/src/sgap.o
 .gnu.attributes
                0x00000000       0x10 build/src/sgap.o
 .reginfo       0x00000000       0x18 build/src/snd2.o
 .MIPS.abiflags
                0x00000000       0x18 build/src/snd2.o
 .pdr           0x00000000      0x860 build/src/snd2.o
 .gnu.attributes
                0x00000000       0x10 build/src/snd2.o
 .reginfo       0x00000000       0x18 build/src/sgap_2.o
 .MIPS.abiflags
                0x00000000       0x18 build/src/sgap_2.o
 .pdr           0x00000000       0x20 build/src/sgap_2.o
 .gnu.attributes
                0x00000000       0x10 build/src/sgap_2.o
 .reginfo       0x00000000       0x18 build/src/snd3.o
 .MIPS.abiflags
                0x00000000       0x18 build/src/snd3.o
 .pdr           0x00000000       0xa0 build/src/snd3.o
 .gnu.attributes
                0x00000000       0x10 build/src/snd3.o
 .reginfo       0x00000000       0x18 build/src/sgap_3.o
 .MIPS.abiflags
                0x00000000       0x18 build/src/sgap_3.o
 .pdr           0x00000000       0x20 build/src/sgap_3.o
 .gnu.attributes
                0x00000000       0x10 build/src/sgap_3.o
 .reginfo       0x00000000       0x18 build/src/snd4.o
 .MIPS.abiflags
                0x00000000       0x18 build/src/snd4.o
 .pdr           0x00000000      0x1a0 build/src/snd4.o
 .gnu.attributes
                0x00000000       0x10 build/src/snd4.o
 .reginfo       0x00000000       0x18 build/src/sgap_4.o
 .MIPS.abiflags
                0x00000000       0x18 build/src/sgap_4.o
 .pdr           0x00000000       0x40 build/src/sgap_4.o
 .gnu.attributes
                0x00000000       0x10 build/src/sgap_4.o
 .reginfo       0x00000000       0x18 build/src/snd5.o
 .MIPS.abiflags
                0x00000000       0x18 build/src/snd5.o
 .pdr           0x00000000       0x20 build/src/snd5.o
 .gnu.attributes
                0x00000000       0x10 build/src/snd5.o
 .reginfo       0x00000000       0x18 build/src/sgap_5.o
 .MIPS.abiflags
                0x00000000       0x18 build/src/sgap_5.o
 .pdr           0x00000000       0x20 build/src/sgap_5.o
 .gnu.attributes
                0x00000000       0x10 build/src/sgap_5.o
 .reginfo       0x00000000       0x18 build/src/snd6.o
 .MIPS.abiflags
                0x00000000       0x18 build/src/snd6.o
 .pdr           0x00000000      0x500 build/src/snd6.o
 .gnu.attributes
                0x00000000       0x10 build/src/snd6.o
 .reginfo       0x00000000       0x18 build/src/sgap_6.o
 .MIPS.abiflags
                0x00000000       0x18 build/src/sgap_6.o
 .pdr           0x00000000       0x20 build/src/sgap_6.o
 .gnu.attributes
[...]
Memory Configuration

Name             Origin             Length             Attributes
*default*        0x00000000         0xffffffff

Linker script and memory map

LOAD build/asm/header.o
LOAD build/src/boot.o
LOAD build/src/800.o
LOAD build/src/800_b.o
LOAD build/src/800_b_o0a.o
LOAD build/src/800_b_2.o
LOAD build/src/800_c.o
LOAD build/src/snd1.o
LOAD build/src/sgap.o
LOAD build/src/snd2.o
LOAD build/src/sgap_2.o
LOAD build/src/snd3.o
LOAD build/src/sgap_3.o
LOAD build/src/snd4.o
LOAD build/src/sgap_4.o
LOAD build/src/snd5.o
LOAD build/src/sgap_5.o
LOAD build/src/snd6.o
LOAD build/src/sgap_6.o
LOAD build/src/snd12.o
LOAD build/src/snd7.o
LOAD build/src/snd10.o
LOAD build/src/snd8.o
LOAD build/src/snd11.o
LOAD build/src/sgap_8.o
LOAD build/src/snd9.o
LOAD build/src/libetc.o
LOAD build/src/libcd1.o
LOAD build/src/gap.o
LOAD build/src/libcd2.o
LOAD build/src/libgte1.o
LOAD build/src/libgte23.o
LOAD build/src/libgte2.o
LOAD build/src/libgte3.o
LOAD build/src/libgte4.o
LOAD build/src/libgte5.o
LOAD build/src/libgte6.o
LOAD build/src/libgte7.o
LOAD build/src/libgte24.o
LOAD build/src/libgte8.o
LOAD build/src/libgte9.o
LOAD build/src/libgte10.o
LOAD build/src/libgte11.o
LOAD build/src/libgte25.o
LOAD build/src/libgte12.o
LOAD build/src/libgte13.o
LOAD build/src/libgte14.o
LOAD build/src/libgte15.o
LOAD build/src/libgte16.o
LOAD build/src/libgte26.o
LOAD build/src/libgte17.o
LOAD build/src/libgte18.o
LOAD build/src/libgte19.o
LOAD build/src/libgte20.o
LOAD build/src/libgte21.o
LOAD build/src/libgte22.o
LOAD build/src/libgs7.o
LOAD build/src/libgs1.o
LOAD build/src/libgte27.o
LOAD build/src/libgs2.o
LOAD build/src/libgte28.o
LOAD build/src/libgs3.o
LOAD build/src/libgs8.o
LOAD build/src/libgs4.o
LOAD build/src/libgte29.o
LOAD build/src/libgs5.o
LOAD build/src/libgte30.o
LOAD build/src/libgs6.o
LOAD build/src/800b2.o
LOAD build/src/libgpu.o
LOAD build/src/libgpu2.o
LOAD build/src/libc2_1.o
LOAD build/src/libapi1.o
LOAD build/src/libpad1.o
LOAD build/src/libapi2.o
LOAD build/src/libpad2.o
LOAD build/src/libmcrd1.o
LOAD build/src/libc2_2.o
LOAD build/src/apicard1.o
LOAD build/src/apicard5.o
LOAD build/src/apicard2.o
LOAD build/src/apicard6.o
LOAD build/src/apicard3.o
LOAD build/src/apicard7.o
LOAD build/src/apicard4.o
LOAD build/src/libmcrd2.o
LOAD build/asm/data/53198.data.o
LOAD build/asm/data/63470.data.o
LOAD build/asm/data/63940.data.o
LOAD build/asm/data/63C4C.data.o
                0x00065000                        __romPos = 0x0
                0x80074750                        _gp = 0x80074750
                0x00000000                        header_ROM_START = __romPos
                0x00000000                        header_VRAM = ADDR (.header)

.header         0x00000000      0x800
 FILL mask 0x00000000
                0x00000000                        header_DATA_START = .
 build/asm/header.o(.data)
 .data          0x00000000      0x800 build/asm/header.o
                0x00000800                        header_DATA_END = .
                0x00000800                        header_DATA_SIZE = ABSOLUTE ((header_DATA_END - header_DATA_START))
                0x00065000                        __romPos = (__romPos + SIZEOF (.header))
                0x00000800                        header_ROM_END = __romPos
                0x00000800                        header_VRAM_END = .
                0x00000800                        main_ROM_START = __romPos
                0x80010000                        main_VRAM = ADDR (.main)

.main           0x80010000    0x64800 load address 0x00000800
 FILL mask 0x00000000
                0x80010000                        main_TEXT_START = .
 build/src/boot.o(.text)
 .text          0x80010000     0x23f0 build/src/boot.o
                0x80010000                start
                0x800100a0                __main
                0x80010110                __do_global_dtors
                0x80010178                main
                0x8001096c                func_8001096C
                0x8001099c                func_8001099C
                0x80010a08                func_80010A08
                0x80010a98                func_80010A98
                0x80010ae0                func_80010AE0
                0x80010b10                func_80010B10
                0x80010b40                GameModeDispatch
                0x80010bb4                func_80010BB4
                0x80010c7c                func_80010C7C
                0x80010cec                func_80010CEC
                0x80010d60                func_80010D60
                0x80010da0                func_80010DA0
                0x80010de0                func_80010DE0
                0x80010e14                func_80010E14
                0x80010e48                func_80010E48
                0x80010e7c                func_80010E7C
                0x80010ed4                func_80010ED4
                0x80010f80                func_80010F80
                0x800110cc                func_800110CC
                0x80011144                DebugMenuHandler
                0x800111bc                func_800111BC
                0x80011220                func_80011220
                0x8001125c                func_8001125C
                0x800112a8                func_800112A8
                0x800112c8                func_800112C8
                0x80011320                func_80011320
                0x80011350                func_80011350
                0x80011380                func_80011380
                0x80011680                func_80011680
                0x800116e0                func_800116E0
                0x80011778                func_80011778
                0x80011818                func_80011818
                0x800118ac                func_800118AC
                0x80011928                func_80011928
                0x80011998                func_80011998
                0x800119f0                func_800119F0
                0x80011a3c                func_80011A3C
                0x80011adc                func_80011ADC
                0x80011b7c                func_80011B7C
                0x80011c10                func_80011C10
                0x80011c8c                func_80011C8C
                0x80011cfc                func_80011CFC
                0x80011d54                func_80011D54
                0x80011da0                func_80011DA0
                0x80011dcc                func_80011DCC
                0x80011df4                func_80011DF4
                0x80011e24                func_80011E24
                0x80011e84                func_80011E84
                0x80011eb4                func_80011EB4
                0x800120dc                func_800120DC
                0x8001212c                func_8001212C
 build/src/800.o(.text)
 .text          0x800123f0    0x18cc4 build/src/800.o
                0x800123f0                func_800123F0
                0x80012558                func_80012558
                0x800126c4                func_800126C4
                0x8001282c                func_8001282C
                0x800128b4                func_800128B4
                0x800128ec                func_800128EC
                0x800129cc                func_800129CC
                0x80012a60                func_80012A60
                0x80012ab0                func_80012AB0
                0x80012abc                func_80012ABC
                0x80012b04                func_80012B04
                0x80012b58                func_80012B58
                0x80012c6c                func_80012C6C
                0x80012cb8                func_80012CB8
                0x80012d0c                func_80012D0C
                0x80012dbc                func_80012DBC
                0x80012e0c                func_80012E0C
                0x80012e6c                func_80012E6C
                0x80012f74                func_80012F74
                0x80012fc8                func_80012FC8
                0x80013028                func_80013028
                0x800130d0                func_800130D0
                0x8001311c                func_8001311C
                0x80013154                func_80013154
                0x80013200                func_80013200
                0x80013228                func_80013228
                0x80013294                func_80013294
                0x800132bc                func_800132BC
                0x80013328                func_80013328
                0x80013350                func_80013350
                0x800133bc                func_800133BC
                0x800133e4                func_800133E4
                0x80013450                func_80013450
                0x80013478                func_80013478
                0x800134fc                func_800134FC
                0x80013694                func_80013694
                0x8001382c                func_8001382C
                0x800139c8                func_800139C8
                0x80013b64                func_80013B64
                0x80013cfc                func_80013CFC
                0x80013e94                func_80013E94
                0x80013ed0                func_80013ED0
                0x80013f3c                func_80013F3C
                0x80013f68                func_80013F68
                0x80013f98                func_80013F98
                0x80013fbc                func_80013FBC
                0x80013fe0                func_80013FE0
                0x80014004                func_80014004
                0x80014028                func_80014028
                0x8001404c                func_8001404C
                0x80014070                func_80014070
                0x80014094                func_80014094
                0x800140b8                func_800140B8
                0x80014128                func_80014128
                0x80014148                func_80014148
                0x80014168                func_80014168
                0x800141ac                func_800141AC
                0x800141f0                func_800141F0
                0x80014238                func_80014238
                0x800142c8                func_800142C8
                0x80014338                func_80014338
                0x80014390                func_80014390
                0x800143ac                func_800143AC
                0x80014444                func_80014444
                0x800144d4                func_800144D4
                0x80014554                func_80014554
                0x8001455c                func_8001455C
                0x80014564                func_80014564
                0x80014588                func_80014588
                0x800145ec                func_800145EC
                0x800146b0                func_800146B0
                0x80014774                func_80014774
                0x800147b8                func_800147B8
                0x80014928                func_80014928
                0x80014960                func_80014960
                0x80014998                func_80014998
                0x800149e0                func_800149E0
                0x80014b10                func_80014B10
                0x80014bfc                func_80014BFC
                0x80014c28                func_80014C28
                0x80014c54                func_80014C54
                0x80014cac                func_80014CAC
                0x80014cf8                func_80014CF8
                0x80014d30                func_80014D30
                0x80014d68                func_80014D68
                0x80014d94                func_80014D94
                0x80014dc0                func_80014DC0
                0x80014dec                func_80014DEC
                0x80014e24                func_80014E24
                0x80014e80                func_80014E80
                0x80014ed4                func_80014ED4
                0x80015018                func_80015018
                0x80015118                func_80015118
                0x8001513c                func_8001513C
                0x80015144                func_80015144
                0x80015208                func_80015208
                0x800152f4                func_800152F4
                0x80015310                func_80015310
                0x8001534c                func_8001534C
                0x800153a4                func_800153A4
                0x800153cc                func_800153CC
                0x80015424                func_80015424
                0x8001544c                func_8001544C
                0x80015498                func_80015498
                0x80015608                func_80015608
                0x80015760                func_80015760
                0x80015908                func_80015908
                0x80015954                func_80015954
                0x80015978                func_80015978
                0x8001599c                func_8001599C
                0x800159c0                func_800159C0
                0x800159e4                func_800159E4
                0x80015a08                func_80015A08
                0x80015a2c                func_80015A2C
                0x80015a50                func_80015A50
                0x80015a74                func_80015A74
                0x80015ad0                func_80015AD0
                0x80015b6c                func_80015B6C
                0x80015d4c                func_80015D4C
                0x80015f04                func_80015F04
                0x80016110                func_80016110
                0x80016224                func_80016224
                0x80016450                func_80016450
                0x80016638                func_80016638
                0x800166e8                func_800166E8
                0x80016714                func_80016714
                0x800167b8                func_800167B8
                0x800167f0                func_800167F0
                0x800168b4                func_800168B4
                0x800168c4                func_800168C4
                0x80016940                func_80016940
                0x80016978                func_80016978
                0x80016a3c                func_80016A3C
                0x80016a5c                func_80016A5C
                0x80016a7c                func_80016A7C
                0x80016b60                func_80016B60
                0x80016c28                func_80016C28
                0x80016d78                func_80016D78
                0x80016eb0                func_80016EB0
                0x80016ed4                func_80016ED4
                0x80016ef8                func_80016EF8
                0x80016f18                func_80016F18
                0x80017168                func_80017168
                0x80017254                func_80017254
                0x80017274                func_80017274
                0x80017294                func_80017294
                0x8001739c                func_8001739C
                0x800173bc                func_800173BC
                0x800173dc                func_800173DC
                0x800174dc                func_800174DC
                0x800174fc                func_800174FC
                0x8001751c                func_8001751C
                0x800176f0                func_800176F0
                0x80017714                func_80017714
                0x80017738                func_80017738
                0x80017758                func_80017758
                0x80017778                func_80017778
                0x800178c8                func_800178C8
                0x800178ec                func_800178EC
                0x80017910                func_80017910
                0x80017930                func_80017930
                0x80017b98                func_80017B98
                0x80017d98                func_80017D98
                0x80017dc4                func_80017DC4
                0x80017df8                func_80017DF8
                0x80017e30                func_80017E30
                0x80017e68                func_80017E68
                0x80017e8c                func_80017E8C
                0x80017f14                func_80017F14
                0x80018094                func_80018094
                0x80018194                func_80018194
                0x8001820c                func_8001820C
                0x80018384                func_80018384
                0x800183e0                func_800183E0
                0x80018450                func_80018450
                0x800184f0                func_800184F0
                0x80018714                func_80018714
                0x80018730                LzssDecodeSector
                0x80018918                func_80018918
                0x800189a8                func_800189A8
                0x80018a20                func_80018A20
                0x80018c64                func_80018C64
                0x80018ce8                func_80018CE8
                0x80018e78                func_80018E78
                0x80018e9c                func_80018E9C
                0x80018f20                func_80018F20
                0x80018f88                func_80018F88
                0x80018fc8                func_80018FC8
                0x80019018                func_80019018
                0x80019028                func_80019028
                0x8001903c                func_8001903C
                0x80019064                func_80019064
                0x800190ac                func_800190AC
                0x80019198                func_80019198
                0x800191a8                func_800191A8
                0x800191bc                func_800191BC
                0x800191d4                func_800191D4
                0x8001923c                func_8001923C
                0x8001931c                func_8001931C
                0x80019378                func_80019378
                0x80019388                func_80019388
                0x80019398                func_80019398
                0x800193a8                func_800193A8
                0x800193b8                func_800193B8
                0x8001971c                LoaderInitFileTable
                0x80019930                func_80019930
                0x80019990                LoaderResetReadState
                0x80019a10                func_80019A10
                0x80019a24                CdReadRequest
                0x80019af8                CdReadStateMachine
                0x8001a0fc                func_8001A0FC
                0x8001a114                func_8001A114
                0x8001a338                CdReadSectorReadyCB
                0x8001a9d8                func_8001A9D8
                0x8001a9f8                func_8001A9F8
                0x8001aa78                func_8001AA78
                0x8001aa88                func_8001AA88
                0x8001aa98                func_8001AA98
                0x8001aaa0                func_8001AAA0
                0x8001aad0                func_8001AAD0
                0x8001abb4                func_8001ABB4
                0x8001abbc                func_8001ABBC
                0x8001acf0                func_8001ACF0
                0x8001ae90                func_8001AE90
                0x8001af04                func_8001AF04
                0x8001af34                func_8001AF34
                0x8001b0d4                func_8001B0D4
                0x8001b22c                func_8001B22C
                0x8001b23c                func_8001B23C
                0x8001b26c                func_8001B26C
                0x8001b324                func_8001B324
                0x8001b34c                func_8001B34C
                0x8001b374                func_8001B374
                0x8001b384                func_8001B384
                0x8001b394                func_8001B394
                0x8001b3c4                ResourceLoadStateMachine
                0x8001b710                func_8001B710
                0x8001b788                ResourceGetCdLoc
                0x8001b7c4                func_8001B7C4
                0x8001b85c                func_8001B85C
                0x8001b86c                func_8001B86C
                0x8001ba84                func_8001BA84
                0x8001badc                func_8001BADC
                0x8001bb60                func_8001BB60
                0x8001bbbc                func_8001BBBC
                0x8001bc6c                func_8001BC6C
                0x8001bd80                SsGetMute
                0x8001bda0                func_8001BDA0
                0x8001be20                func_8001BE20
                0x8001be30                func_8001BE30
                0x8001bfa0                func_8001BFA0
                0x8001bfb0                func_8001BFB0
                0x8001bfd0                func_8001BFD0
                0x8001bfe8                func_8001BFE8
                0x8001bff8                func_8001BFF8
                0x8001c00c                func_8001C00C
                0x8001c044                func_8001C044
                0x8001c0c8                func_8001C0C8
                0x8001c14c                func_8001C14C
                0x8001c1e4                func_8001C1E4
                0x8001c214                func_8001C214
                0x8001c2c4                func_8001C2C4
                0x8001c320                func_8001C320
                0x8001c448                func_8001C448
                0x8001c4a4                func_8001C4A4
                0x8001c558                func_8001C558
                0x8001c5b8                func_8001C5B8
                0x8001c6e4                func_8001C6E4
                0x8001c744                func_8001C744
                0x8001c7b0                func_8001C7B0
                0x8001c810                func_8001C810
                0x8001c8c4                func_8001C8C4
                0x8001c924                func_8001C924
                0x8001c97c                func_8001C97C
                0x8001c9d0                func_8001C9D0
                0x8001ca1c                func_8001CA1C
                0x8001ca88                func_8001CA88
                0x8001cb00                func_8001CB00
                0x8001cb6c                func_8001CB6C
                0x8001cbdc                func_8001CBDC
                0x8001cc3c                func_8001CC3C
                0x8001cca0                func_8001CCA0
                0x8001cd04                func_8001CD04
                0x8001cd50                func_8001CD50
                0x8001cd9c                func_8001CD9C
                0x8001cde8                func_8001CDE8
                0x8001ce28                func_8001CE28
                0x8001ce68                func_8001CE68
                0x8001cec0                func_8001CEC0
                0x8001cf00                func_8001CF00
                0x8001cf30                func_8001CF30
                0x8001cf48                func_8001CF48
                0x8001cfb8                func_8001CFB8
                0x8001cfdc                func_8001CFDC
                0x8001d050                func_8001D050
                0x8001d074                func_8001D074
                0x8001d0e8                func_8001D0E8
                0x8001d0f4                func_8001D0F4
                0x8001d130                func_8001D130
                0x8001d150                func_8001D150
                0x8001d16c                func_8001D16C
                0x8001d1c4                func_8001D1C4
                0x8001d388                func_8001D388
                0x8001d3fc                func_8001D3FC
                0x8001d70c                func_8001D70C
                0x8001d8c4                func_8001D8C4
                0x8001da34                func_8001DA34
                0x8001e094                func_8001E094
                0x8001e378                func_8001E378
                0x8001e668                func_8001E668
                0x8001e7e0                func_8001E7E0
                0x8001ea14                func_8001EA14
                0x8001efe0                func_8001EFE0
                0x8001f730                func_8001F730
                0x8001f974                func_8001F974
                0x8001f97c                func_8001F97C
                0x8001f9f8                func_8001F9F8
                0x8001fb8c                func_8001FB8C
                0x8001fc08                func_8001FC08
                0x80020248                func_80020248
                0x80020598                func_80020598
                0x80020a28                func_80020A28
                0x80020da4                func_80020DA4
                0x80020f34                func_80020F34
                0x80021008                func_80021008
                0x80021050                func_80021050
                0x8002109c                func_8002109C
                0x80021120                func_80021120
                0x80021174                func_80021174
                0x80021284                func_80021284
                0x800215f4                func_800215F4
                0x80021d38                func_80021D38
                0x800221a8                func_800221A8
                0x800226c0                func_800226C0
                0x80023138                func_80023138
                0x800233cc                func_800233CC
                0x800234e4                func_800234E4
                0x80023570                func_80023570
                0x8002374c                func_8002374C
                0x80023bf0                func_80023BF0
                0x80024054                func_80024054
                0x800241c0                func_800241C0
                0x800242d0                func_800242D0
                0x800243ec                func_800243EC
                0x80024448                func_80024448
                0x800249f0                func_800249F0
                0x80024bc0                func_80024BC0
                0x80024de8                func_80024DE8
                0x80025000                func_80025000
                0x8002528c                func_8002528C
                0x80025504                func_80025504
                0x80025818                func_80025818
                0x80025a30                func_80025A30
                0x80025cbc                func_80025CBC
                0x80025eb8                func_80025EB8
                0x80026128                func_80026128
                0x800262d8                func_800262D8
                0x80026514                func_80026514
                0x800268d0                func_800268D0
                0x80026d64                func_80026D64
                0x80027058                func_80027058
                0x80027200                func_80027200
                0x800273f4                func_800273F4
                0x800275bc                func_800275BC
                0x800277dc                func_800277DC
                0x800279ac                func_800279AC
                0x80027bf0                func_80027BF0
                0x80027c10                func_80027C10
                0x80027d20                func_80027D20
                0x80027f4c                func_80027F4C
                0x80028200                func_80028200
                0x80028234                func_80028234
                0x8002823c                func_8002823C
                0x800282fc                func_800282FC
                0x80028304                func_80028304
                0x80028394                func_80028394
                0x80028428                func_80028428
                0x80028488                func_80028488
                0x8002850c                func_8002850C
                0x80028558                func_80028558
                0x800285ac                SsUtReverbOff
                0x800285cc                func_800285CC
                0x80028620                func_80028620
                0x80028694                func_80028694
                0x80028a30                func_80028A30
                0x80028a38                func_80028A38
                0x80028a40                func_80028A40
                0x80028a48                func_80028A48
                0x80028c50                func_80028C50
                0x80028d58                func_80028D58
                0x80028d78                func_80028D78
                0x80028d9c                func_80028D9C
                0x80028dbc                func_80028DBC
                0x80028de0                func_80028DE0
                0x80028e00                func_80028E00
                0x80028e24                func_80028E24
                0x80028e44                func_80028E44
                0x80028e68                func_80028E68
                0x80028e88                func_80028E88
                0x80028eac                func_80028EAC
                0x80028ecc                func_80028ECC
                0x80028ef0                func_80028EF0
                0x80028f10                func_80028F10
                0x80028f34                func_80028F34
                0x80028f54                func_80028F54
                0x80028f78                func_80028F78
                0x80028f98                func_80028F98
                0x80028fbc                func_80028FBC
                0x80028fdc                func_80028FDC
                0x80029000                func_80029000
                0x80029020                func_80029020
                0x80029044                func_80029044
                0x8002906c                func_8002906C
                0x80029094                func_80029094
                0x800290bc                func_800290BC
                0x800290e0                func_800290E0
                0x80029104                func_80029104
                0x80029124                func_80029124
                0x80029178                func_80029178
                0x800291a0                func_800291A0
                0x800291b4                func_800291B4
                0x800291c8                func_800291C8
                0x800291dc                func_800291DC
                0x800291f0                func_800291F0
                0x80029204                func_80029204
                0x80029218                func_80029218
                0x80029240                func_80029240
                0x80029254                func_80029254
                0x80029264                func_80029264
                0x80029274                func_80029274
                0x8002931c                func_8002931C
                0x80029344                func_80029344
                0x8002941c                func_8002941C
                0x80029444                func_80029444
                0x80029504                func_80029504
                0x80029514                func_80029514
                0x80029524                func_80029524
                0x8002953c                func_8002953C
                0x8002954c                func_8002954C
                0x8002955c                func_8002955C
                0x8002957c                func_8002957C
                0x8002958c                func_8002958C
                0x8002959c                func_8002959C
                0x800295d4                func_800295D4
                0x80029664                func_80029664
                0x80029690                func_80029690
                0x800296f8                func_800296F8
                0x80029774                func_80029774
                0x800298bc                func_800298BC
                0x8002992c                func_8002992C
                0x80029a58                func_80029A58
                0x80029a94                func_80029A94
                0x80029aac                func_80029AAC
                0x80029af4                func_80029AF4
                0x80029b4c                func_80029B4C
                0x80029bc8                func_80029BC8
                0x80029c44                func_80029C44
                0x80029cd4                func_80029CD4
                0x80029d3c                func_80029D3C
                0x80029db4                func_80029DB4
                0x80029e30                func_80029E30
                0x80029e94                func_80029E94
                0x80029ec0                func_80029EC0
                0x80029ed4                func_80029ED4
                0x80029fd4                func_80029FD4
                0x80029fe4                func_80029FE4
                0x8002a04c                func_8002A04C
                0x8002a088                func_8002A088
                0x8002a108                func_8002A108
                0x8002a1b4                func_8002A1B4
                0x8002a200                func_8002A200
                0x8002a234                func_8002A234
                0x8002a26c                func_8002A26C
                0x8002a27c                func_8002A27C
                0x8002a28c                func_8002A28C
                0x8002a2b0                func_8002A2B0
                0x8002a2d4                func_8002A2D4
                0x8002a354                func_8002A354
                0x8002a400                func_8002A400
                0x8002a44c                func_8002A44C
                0x8002a480                func_8002A480
                0x8002a4b8                func_8002A4B8
                0x8002a4c8                func_8002A4C8
                0x8002a4d8                func_8002A4D8
                0x8002a4fc                func_8002A4FC
                0x8002a520                func_8002A520
                0x8002a544                func_8002A544
                0x8002a5c4                func_8002A5C4
                0x8002a670                func_8002A670
                0x8002a6bc                func_8002A6BC
                0x8002a6f0                func_8002A6F0
                0x8002a728                func_8002A728
                0x8002a738                func_8002A738
                0x8002a748                func_8002A748
                0x8002a76c                func_8002A76C
                0x8002a790                func_8002A790
                0x8002a7b4                func_8002A7B4
                0x8002a834                func_8002A834
                0x8002a8e0                func_8002A8E0
                0x8002a92c                func_8002A92C
                0x8002a960                func_8002A960
                0x8002a998                func_8002A998
                0x8002a9a8                func_8002A9A8
                0x8002a9b8                func_8002A9B8
                0x8002a9dc                func_8002A9DC
                0x8002aa00                func_8002AA00
                0x8002aa3c                func_8002AA3C
                0x8002aaac                func_8002AAAC
                0x8002aab4                func_8002AAB4
                0x8002ab64                func_8002AB64
                0x8002ac00                func_8002AC00
                0x8002ac98                func_8002AC98
                0x8002ae60                func_8002AE60
                0x8002aed0                func_8002AED0
                0x8002aee4                func_8002AEE4
                0x8002aef8                func_8002AEF8
                0x8002af08                func_8002AF08
                0x8002af18                func_8002AF18
                0x8002af48                func_8002AF48
                0x8002af60                func_8002AF60
                0x8002af70                func_8002AF70
                0x8002b00c                func_8002B00C
                0x8002b064                func_8002B064
                0x8002b08c                func_8002B08C
 build/src/800_b.o(.text)
 .text          0x8002b0b4     0x135c build/src/800_b.o
                0x8002b0b4                func_8002B0B4
                0x8002c320                func_8002C320
                0x8002c3b0                func_8002C3B0
 build/src/800_b_o0a.o(.text)
 .text          0x8002c410      0x4ac build/src/800_b_o0a.o
                0x8002c410                func_8002C410
 build/src/800_b_2.o(.text)
 .text          0x8002c8bc     0x89b4 build/src/800_b_2.o
                0x8002c8bc                func_8002C8BC
                0x8002c8f4                func_8002C8F4
                0x8002cc4c                func_8002CC4C
                0x8002ccb4                func_8002CCB4
                0x8002ccd8                func_8002CCD8
                0x8002cdd8                func_8002CDD8
                0x8002cfe4                func_8002CFE4
                0x8002d034                func_8002D034
                0x8002d1f0                func_8002D1F0
                0x8002d240                func_8002D240
                0x8002d29c                func_8002D29C
                0x8002d320                func_8002D320
                0x8002d4b8                func_8002D4B8
                0x8002d4c8                func_8002D4C8
                0x8002d59c                func_8002D59C
                0x8002d678                func_8002D678
                0x8002d6d8                func_8002D6D8
                0x8002d7f4                func_8002D7F4
                0x8002d7fc                func_8002D7FC
                0x8002d80c                func_8002D80C
                0x8002d834                func_8002D834
                0x8002d844                func_8002D844
                0x8002d858                func_8002D858
                0x8002d8a8                func_8002D8A8
                0x8002d8d4                func_8002D8D4
                0x8002d904                func_8002D904
                0x8002dc68                func_8002DC68
                0x8002df80                func_8002DF80
                0x8002e138                func_8002E138
                0x8002e5bc                func_8002E5BC
                0x8002e5f8                func_8002E5F8
                0x8002e638                func_8002E638
                0x8002e700                func_8002E700
                0x8002e79c                func_8002E79C
                0x8002e818                func_8002E818
                0x8002e8dc                func_8002E8DC
                0x8002e94c                func_8002E94C
                0x8002ea10                func_8002EA10
                0x8002eab0                func_8002EAB0
                0x8002eb10                func_8002EB10
                0x8002ebac                func_8002EBAC
                0x8002ec10                func_8002EC10
                0x8002ed90                func_8002ED90
                0x8002ede4                func_8002EDE4
                0x8002ee64                func_8002EE64
                0x8002ee90                func_8002EE90
                0x8002eeb8                func_8002EEB8
                0x8002eed8                func_8002EED8
                0x8002efd0                func_8002EFD0
                0x8002eff8                func_8002EFF8
                0x8002f064                func_8002F064
                0x8002f0d0                func_8002F0D0
                0x8002f0f4                func_8002F0F4
                0x8002f12c                func_8002F12C
                0x8002f150                func_8002F150
                0x8002f1cc                func_8002F1CC
                0x8002f248                func_8002F248
                0x8002f4e4                func_8002F4E4
                0x8002f5c8                func_8002F5C8
                0x8002f620                func_8002F620
                0x8002f648                func_8002F648
                0x8002f658                func_8002F658
                0x8002f67c                func_8002F67C
                0x8002f714                func_8002F714
                0x8002f80c                func_8002F80C
                0x8002fa3c                func_8002FA3C
                0x8002fae0                func_8002FAE0
                0x8002fb08                func_8002FB08
                0x8002fc64                func_8002FC64
                0x8002fd14                func_8002FD14
                0x8002fdc8                func_8002FDC8
                0x8002fde8                func_8002FDE8
                0x8002ff0c                func_8002FF0C
                0x800301a4                func_800301A4
                0x800301c8                func_800301C8
                0x80030470                func_80030470
                0x800304c8                func_800304C8
                0x80030538                func_80030538
                0x80030634                func_80030634
                0x80030730                func_80030730
                0x80030a14                func_80030A14
                0x80030ca4                func_80030CA4
                0x80030d80                func_80030D80
                0x80030f80                func_80030F80
                0x800314dc                func_800314DC
                0x800316f8                func_800316F8
                0x80031988                func_80031988
                0x80031a98                func_80031A98
                0x80031b7c                func_80031B7C
                0x80031be0                func_80031BE0
                0x80031cc8                func_80031CC8
                0x80031d70                func_80031D70
                0x80031dec                func_80031DEC
                0x80031e94                func_80031E94
                0x80031f14                func_80031F14
                0x80031fc8                func_80031FC8
                0x80032048                func_80032048
                0x800322a8                func_800322A8
                0x800324a4                func_800324A4
                0x80032774                func_80032774
                0x80032a74                func_80032A74
                0x8003310c                func_8003310C
                0x800331d4                func_800331D4
                0x8003324c                func_8003324C
                0x80033324                func_80033324
                0x80033398                func_80033398
                0x8003350c                func_8003350C
                0x800335b8                func_800335B8
                0x800336a8                func_800336A8
                0x8003388c                func_8003388C
                0x800342e8                func_800342E8
                0x80034314                func_80034314
                0x80034650                func_80034650
                0x800346d0                func_800346D0
                0x800347c8                func_800347C8
                0x80034844                func_80034844
                0x800348a8                func_800348A8
                0x8003491c                func_8003491C
                0x80034a54                func_80034A54
                0x80034a9c                func_80034A9C
                0x80034ae0                func_80034AE0
                0x80034b0c                func_80034B0C
                0x80034b3c                func_80034B3C
                0x80034b98                CdQueueBusy
                0x80034c24                func_80034C24
                0x80034cf0                func_80034CF0
                0x80034dfc                func_80034DFC
                0x8003500c                func_8003500C
                0x800351e8                func_800351E8
                0x80035210                func_80035210
 build/src/800_c.o(.text)
 .text          0x80035270     0x51d4 build/src/800_c.o
                0x80035270                func_80035270
                0x800359b0                func_800359B0
                0x80035c4c                func_80035C4C
                0x8003602c                func_8003602C
                0x80036130                func_80036130
                0x800361cc                func_800361CC
                0x8003621c                func_8003621C
                0x80036260                func_80036260
                0x800363cc                StreamLoadStateMachine
                0x80036af8                func_80036AF8
                0x80036d24                func_80036D24
                0x80036d58                func_80036D58
                0x80036eb4                func_80036EB4
                0x80036ee8                func_80036EE8
                0x80036f18                func_80036F18
                0x80036f98                func_80036F98
                0x80036fb0                func_80036FB0
                0x80037004                func_80037004
                0x80037028                func_80037028
                0x80037144                func_80037144
                0x80037334                func_80037334
                0x80037358                func_80037358
                0x80037368                func_80037368
                0x800373d0                func_800373D0
                0x800374cc                func_800374CC
                0x8003750c                func_8003750C
                0x8003775c                func_8003775C
                0x800377d8                func_800377D8
                0x80037cc8                func_80037CC8
                0x80037cd8                func_80037CD8
                0x80037d74                func_80037D74
                0x80037d98                func_80037D98
                0x80037ea0                func_80037EA0
                0x80037f3c                func_80037F3C
                0x80037fc4                func_80037FC4
                0x8003819c                func_8003819C
                0x800381e4                func_800381E4
                0x80038210                func_80038210
                0x80038308                func_80038308
                0x8003834c                func_8003834C
                0x8003836c                func_8003836C
                0x800383a4                func_800383A4
                0x800384a8                func_800384A8
                0x800385c0                func_800385C0
                0x80038638                func_80038638
                0x80038668                func_80038668
                0x80038698                func_80038698
                0x800387c0                func_800387C0
                0x80038838                func_80038838
                0x800388e8                func_800388E8
                0x80038908                func_80038908
                0x80038958                func_80038958
                0x80038a00                func_80038A00
                0x80038a58                func_80038A58
                0x80038fc4                func_80038FC4
                0x80038ffc                func_80038FFC
                0x8003916c                func_8003916C
                0x800391d4                func_800391D4
                0x80039300                func_80039300
                0x80039308                func_80039308
                0x80039b20                func_80039B20
                0x80039c5c                func_80039C5C
                0x80039c70                func_80039C70
                0x80039dec                func_80039DEC
                0x80039f14                func_80039F14
                0x80039f50                func_80039F50
                0x8003a098                func_8003A098
                0x8003a0d0                func_8003A0D0
                0x8003a0e4                func_8003A0E4
                0x8003a234                func_8003A234
                0x8003a3d8                func_8003A3D8
                0x8003a404                func_8003A404
                0x8003a424                func_8003A424
 build/src/snd1.o(.text)
 .text          0x8003a444     0x1ff4 build/src/snd1.o
                0x8003a444                _SpuInit.NON_MATCHING
                0x8003a444                _SpuInit
                0x8003a53c                SpuStart.NON_MATCHING
                0x8003a53c                SpuStart
                0x8003a5b8                func_8003A5B8
                0x8003a5b8                func_8003A5B8.NON_MATCHING
                0x8003a694                SPU_OBJ_DC.NON_MATCHING
                0x8003a694                SPU_OBJ_DC
                0x8003a84c                func_8003A84C.NON_MATCHING
                0x8003a84c                func_8003A84C
                0x8003a964                SPU_OBJ_3AC.NON_MATCHING
                0x8003a964                SPU_OBJ_3AC
                0x8003a9f8                SPU_OBJ_440.NON_MATCHING
                0x8003a9f8                SPU_OBJ_440
                0x8003aa18                _spu_FiDMA.NON_MATCHING
                0x8003aa18                _spu_FiDMA
                0x8003aac8                SPU_OBJ_510
                0x8003aac8                SPU_OBJ_510.NON_MATCHING
                0x8003aad8                _spu_Fr_.NON_MATCHING
                0x8003aad8                _spu_Fr_
                0x8003ab84                func_8003AB84.NON_MATCHING
                0x8003ab84                func_8003AB84
                0x8003ad78                SPU_OBJ_7C0
                0x8003ad78                SPU_OBJ_7C0.NON_MATCHING
                0x8003ae00                SPU_OBJ_848.NON_MATCHING
                0x8003ae00                SPU_OBJ_848
                0x8003ae14                func_8003AE14
                0x8003ae14                func_8003AE14.NON_MATCHING
                0x8003ae84                SPU_OBJ_8CC
                0x8003ae84                SPU_OBJ_8CC.NON_MATCHING
                0x8003ae9c                _spu_Fr.NON_MATCHING
                0x8003ae9c                _spu_Fr
                0x8003af04                func_8003AF04
                0x8003af04                func_8003AF04.NON_MATCHING
                0x8003af44                SPU_OBJ_98C
                0x8003af4c                func_8003AF4C.NON_MATCHING
                0x8003af4c                func_8003AF4C
                0x8003afe8                SPU_OBJ_A30
                0x8003aff0                _spu_FgetRXXa
                0x8003aff0                _spu_FgetRXXa.NON_MATCHING
                0x8003b024                SPU_OBJ_A6C
                0x8003b02c                _spu_FsetPCR
                0x8003b02c                _spu_FsetPCR.NON_MATCHING
                0x8003b07c                SPU_OBJ_AC4
                0x8003b07c                SPU_OBJ_AC4.NON_MATCHING
                0x8003b08c                _spu_FsetDelayW.NON_MATCHING
                0x8003b08c                _spu_FsetDelayW
                0x8003b0b8                _spu_FsetDelayR.NON_MATCHING
                0x8003b0b8                _spu_FsetDelayR
                0x8003b0e4                func_8003B0E4
                0x8003b0e4                func_8003B0E4.NON_MATCHING
                0x8003b0fc                func_8003B0FC.NON_MATCHING
                0x8003b0fc                func_8003B0FC
                0x8003b12c                SPU_OBJ_B74
                0x8003b12c                SPU_OBJ_B74.NON_MATCHING
                0x8003b14c                _SpuDataCallback.NON_MATCHING
                0x8003b14c                _SpuDataCallback
                0x8003b170                SpuQuit.NON_MATCHING
                0x8003b170                SpuQuit
                0x8003b1ec                func_8003B1EC
                0x8003b1ec                func_8003B1EC.NON_MATCHING
                0x8003b248                S_SE_OBJ_5C
                0x8003b250                func_8003B250.NON_MATCHING
                0x8003b250                func_8003B250
                0x8003b280                func_8003B280
                0x8003b280                func_8003B280.NON_MATCHING
                0x8003b330                S_SR_OBJ_B0
                0x8003b330                S_SR_OBJ_B0.NON_MATCHING
                0x8003b334                S_SR_OBJ_B4
                0x8003b334                S_SR_OBJ_B4.NON_MATCHING
                0x8003b350                _SpuIsInAllocateArea.NON_MATCHING
                0x8003b350                _SpuIsInAllocateArea
                0x8003b37c                S_M_UTIL_OBJ_2C
                0x8003b37c                S_M_UTIL_OBJ_2C.NON_MATCHING
                0x8003b3c8                S_M_UTIL_OBJ_78
                0x8003b3d0                func_8003B3D0.NON_MATCHING
                0x8003b3d0                func_8003B3D0
                0x8003b408                S_M_UTIL_OBJ_B8.NON_MATCHING
                0x8003b408                S_M_UTIL_OBJ_B8
                0x8003b454                S_M_UTIL_OBJ_104
                0x8003b45c                func_8003B45C.NON_MATCHING
                0x8003b45c                func_8003B45C
                0x8003b5cc                S_SRMP_OBJ_170
                0x8003b5cc                S_SRMP_OBJ_170.NON_MATCHING
                0x8003b5dc                S_SRMP_OBJ_180
                0x8003b5dc                S_SRMP_OBJ_180.NON_MATCHING
                0x8003b790                S_SRMP_OBJ_334
                0x8003b790                S_SRMP_OBJ_334.NON_MATCHING
                0x8003b87c                S_SRMP_OBJ_420
                0x8003b87c                S_SRMP_OBJ_420.NON_MATCHING
                0x8003b8a0                S_SRMP_OBJ_444
                0x8003b8a0                S_SRMP_OBJ_444.NON_MATCHING
                0x8003b920                S_SRMP_OBJ_4C4
                0x8003b920                S_SRMP_OBJ_4C4.NON_MATCHING
                0x8003b954                _spu_setReverbAttr.NON_MATCHING
                0x8003b954                _spu_setReverbAttr
                0x8003be24                func_8003BE24.NON_MATCHING
                0x8003be24                func_8003BE24
                0x8003be64                S_RRWA_OBJ_40
                0x8003be64                S_RRWA_OBJ_40.NON_MATCHING
                0x8003be74                func_8003BE74.NON_MATCHING
                0x8003be74                func_8003BE74
                0x8003be98                func_8003BE98
                0x8003be98                func_8003BE98.NON_MATCHING
                0x8003bed0                S_SAV_OBJ_38.NON_MATCHING
                0x8003bed0                S_SAV_OBJ_38
                0x8003bfac                S_SAV_OBJ_114
                0x8003bfac                S_SAV_OBJ_114.NON_MATCHING
                0x8003c080                S_SAV_OBJ_1E8
                0x8003c080                S_SAV_OBJ_1E8.NON_MATCHING
                0x8003c090                S_SAV_OBJ_1F8.NON_MATCHING
                0x8003c090                S_SAV_OBJ_1F8
                0x8003c0a0                func_8003C0A0
                0x8003c0a0                func_8003C0A0.NON_MATCHING
                0x8003c13c                S_CRWA_OBJ_9C
                0x8003c13c                S_CRWA_OBJ_9C.NON_MATCHING
                0x8003c1a0                S_CRWA_OBJ_100.NON_MATCHING
                0x8003c1a0                S_CRWA_OBJ_100
                0x8003c214                S_CRWA_OBJ_174
                0x8003c214                S_CRWA_OBJ_174.NON_MATCHING
                0x8003c23c                func_8003C23C.NON_MATCHING
                0x8003c23c                func_8003C23C
                0x8003c428                S_SK_OBJ_1EC
                0x8003c428                S_SK_OBJ_1EC.NON_MATCHING
                0x8003c430                S_SK_OBJ_1F4
 build/src/sgap.o(.text)
 .text          0x8003c438       0x60 build/src/sgap.o
                0x8003c438                SpuWrite
 build/src/snd2.o(.text)
 .text          0x8003c498      0xf8c build/src/snd2.o
                0x8003c498                func_8003C498
                0x8003c498                func_8003C498.NON_MATCHING
                0x8003c4e0                S_STSA_OBJ_48
                0x8003c4e0                S_STSA_OBJ_48.NON_MATCHING
                0x8003c4f0                func_8003C4F0
                0x8003c4f0                func_8003C4F0.NON_MATCHING
                0x8003c578                S_ITC_OBJ_88
                0x8003c578                S_ITC_OBJ_88.NON_MATCHING
                0x8003c580                S_ITC_OBJ_90
                0x8003c580                S_ITC_OBJ_90.NON_MATCHING
                0x8003c598                func_8003C598
                0x8003c598                func_8003C598.NON_MATCHING
                0x8003c5f4                S_SCA_OBJ_5C
                0x8003c5f4                S_SCA_OBJ_5C.NON_MATCHING
                0x8003c5fc                S_SCA_OBJ_64
                0x8003c5fc                S_SCA_OBJ_64.NON_MATCHING
                0x8003c604                S_SCA_OBJ_6C.NON_MATCHING
                0x8003c604                S_SCA_OBJ_6C
                0x8003c60c                S_SCA_OBJ_74
                0x8003c60c                S_SCA_OBJ_74.NON_MATCHING
                0x8003c614                S_SCA_OBJ_7C
                0x8003c614                S_SCA_OBJ_7C.NON_MATCHING
                0x8003c61c                S_SCA_OBJ_84.NON_MATCHING
                0x8003c61c                S_SCA_OBJ_84
                0x8003c624                S_SCA_OBJ_8C
                0x8003c624                S_SCA_OBJ_8C.NON_MATCHING
                0x8003c62c                S_SCA_OBJ_94
                0x8003c62c                S_SCA_OBJ_94.NON_MATCHING
                0x8003c634                S_SCA_OBJ_9C
                0x8003c634                S_SCA_OBJ_9C.NON_MATCHING
                0x8003c664                S_SCA_OBJ_CC
                0x8003c664                S_SCA_OBJ_CC.NON_MATCHING
                0x8003c6bc                S_SCA_OBJ_124
                0x8003c6bc                S_SCA_OBJ_124.NON_MATCHING
                0x8003c6c4                S_SCA_OBJ_12C.NON_MATCHING
                0x8003c6c4                S_SCA_OBJ_12C
                0x8003c6cc                S_SCA_OBJ_134.NON_MATCHING
                0x8003c6cc                S_SCA_OBJ_134
                0x8003c6d4                S_SCA_OBJ_13C
                0x8003c6d4                S_SCA_OBJ_13C.NON_MATCHING
                0x8003c6dc                S_SCA_OBJ_144
                0x8003c6dc                S_SCA_OBJ_144.NON_MATCHING
                0x8003c6e4                S_SCA_OBJ_14C
                0x8003c6e4                S_SCA_OBJ_14C.NON_MATCHING
                0x8003c6ec                S_SCA_OBJ_154
                0x8003c6ec                S_SCA_OBJ_154.NON_MATCHING
                0x8003c6f4                S_SCA_OBJ_15C
                0x8003c6f4                S_SCA_OBJ_15C.NON_MATCHING
                0x8003c6fc                S_SCA_OBJ_164.NON_MATCHING
                0x8003c6fc                S_SCA_OBJ_164
                0x8003c72c                S_SCA_OBJ_194
                0x8003c72c                S_SCA_OBJ_194.NON_MATCHING
                0x8003c820                S_SCA_OBJ_288.NON_MATCHING
                0x8003c820                S_SCA_OBJ_288
                0x8003c874                S_SCA_OBJ_2DC.NON_MATCHING
                0x8003c874                S_SCA_OBJ_2DC
                0x8003c8c8                S_SCA_OBJ_330
                0x8003c8c8                S_SCA_OBJ_330.NON_MATCHING
                0x8003c91c                S_SCA_OBJ_384.NON_MATCHING
                0x8003c91c                S_SCA_OBJ_384
                0x8003c92c                func_8003C92C.NON_MATCHING
                0x8003c92c                func_8003C92C
                0x8003cb18                SR_SV_OBJ_1EC.NON_MATCHING
                0x8003cb18                SR_SV_OBJ_1EC
                0x8003cb20                SR_SV_OBJ_1F4.NON_MATCHING
                0x8003cb20                SR_SV_OBJ_1F4
                0x8003cb28                SR_SV_OBJ_1FC.NON_MATCHING
                0x8003cb28                SR_SV_OBJ_1FC
                0x8003cb30                SR_SV_OBJ_204
                0x8003cb30                SR_SV_OBJ_204.NON_MATCHING
                0x8003cb38                SR_SV_OBJ_20C.NON_MATCHING
                0x8003cb38                SR_SV_OBJ_20C
                0x8003cb40                SR_SV_OBJ_214
                0x8003cb40                SR_SV_OBJ_214.NON_MATCHING
                0x8003cb48                SR_SV_OBJ_21C.NON_MATCHING
                0x8003cb48                SR_SV_OBJ_21C
                0x8003cb50                SR_SV_OBJ_224.NON_MATCHING
                0x8003cb50                SR_SV_OBJ_224
                0x8003cb58                SR_SV_OBJ_22C
                0x8003cb58                SR_SV_OBJ_22C.NON_MATCHING
                0x8003cb88                SR_SV_OBJ_25C
                0x8003cb88                SR_SV_OBJ_25C.NON_MATCHING
                0x8003cbe8                SR_SV_OBJ_2BC.NON_MATCHING
                0x8003cbe8                SR_SV_OBJ_2BC
                0x8003cbf0                SR_SV_OBJ_2C4
                0x8003cbf0                SR_SV_OBJ_2C4.NON_MATCHING
                0x8003cbf8                SR_SV_OBJ_2CC
                0x8003cbf8                SR_SV_OBJ_2CC.NON_MATCHING
                0x8003cc00                SR_SV_OBJ_2D4.NON_MATCHING
                0x8003cc00                SR_SV_OBJ_2D4
                0x8003cc08                SR_SV_OBJ_2DC
                0x8003cc08                SR_SV_OBJ_2DC.NON_MATCHING
                0x8003cc10                SR_SV_OBJ_2E4.NON_MATCHING
                0x8003cc10                SR_SV_OBJ_2E4
                0x8003cc18                SR_SV_OBJ_2EC.NON_MATCHING
                0x8003cc18                SR_SV_OBJ_2EC
                0x8003cc20                SR_SV_OBJ_2F4
                0x8003cc20                SR_SV_OBJ_2F4.NON_MATCHING
                0x8003cc28                SR_SV_OBJ_2FC
                0x8003cc28                SR_SV_OBJ_2FC.NON_MATCHING
                0x8003cc58                SR_SV_OBJ_32C
                0x8003cc58                SR_SV_OBJ_32C.NON_MATCHING
                0x8003ccec                SR_SV_OBJ_3C0
                0x8003ccec                SR_SV_OBJ_3C0.NON_MATCHING
                0x8003ce40                SR_SV_OBJ_514.NON_MATCHING
                0x8003ce40                SR_SV_OBJ_514
                0x8003cec4                SR_SV_OBJ_598.NON_MATCHING
                0x8003cec4                SR_SV_OBJ_598
                0x8003cf34                SR_SV_OBJ_608.NON_MATCHING
                0x8003cf34                SR_SV_OBJ_608
                0x8003cf68                _spu_2pitch.NON_MATCHING
                0x8003cf68                _spu_2pitch
                0x8003cff8                func_8003CFF8.NON_MATCHING
                0x8003cff8                func_8003CFF8
                0x8003d084                S_N2P_OBJ_11C.NON_MATCHING
                0x8003d084                S_N2P_OBJ_11C
                0x8003d134                _spu_pitch2note.NON_MATCHING
                0x8003d134                _spu_pitch2note
                0x8003d170                S_N2P_OBJ_208
                0x8003d170                S_N2P_OBJ_208.NON_MATCHING
                0x8003d25c                func_8003D25C
                0x8003d25c                func_8003D25C.NON_MATCHING
                0x8003d310                SR_GAKS_OBJ_B4
                0x8003d310                SR_GAKS_OBJ_B4.NON_MATCHING
                0x8003d324                SR_GAKS_OBJ_C8
                0x8003d32c                SpuGetAllKeysStatus.NON_MATCHING
                0x8003d32c                SpuGetAllKeysStatus
                0x8003d39c                SR_GAKS_OBJ_140
                0x8003d39c                SR_GAKS_OBJ_140.NON_MATCHING
                0x8003d3b4                func_8003D3B4
                0x8003d3b4                func_8003D3B4.NON_MATCHING
                0x8003d3f8                SpuSetReverbModeDepth
                0x8003d3f8                SpuSetReverbModeDepth.NON_MATCHING
 build/src/sgap_2.o(.text)
 .text          0x8003d424       0x10 build/src/sgap_2.o
                0x8003d424                func_8003D424
 build/src/snd3.o(.text)
 .text          0x8003d434      0x1fc build/src/snd3.o
                0x8003d434                func_8003D434
                0x8003d434                func_8003D434.NON_MATCHING
                0x8003d454                SsEnd
                0x8003d454                SsEnd.NON_MATCHING
                0x8003d4f4                SSEND_OBJ_A0.NON_MATCHING
                0x8003d4f4                SSEND_OBJ_A0
                0x8003d518                func_8003D518.NON_MATCHING
                0x8003d518                func_8003D518
                0x8003d548                func_8003D548
                0x8003d548                func_8003D548.NON_MATCHING
 build/src/sgap_3.o(.text)
 .text          0x8003d630       0x20 build/src/sgap_3.o
                0x8003d630                func_8003D630
 build/src/snd4.o(.text)
 .text          0x8003d650      0x640 build/src/snd4.o
                0x8003d650                func_8003D650.NON_MATCHING
                0x8003d650                func_8003D650
                0x8003d6e4                _SsStart.NON_MATCHING
                0x8003d6e4                _SsStart
                0x8003d7c0                SSSTART_OBJ_DC.NON_MATCHING
                0x8003d7c0                SSSTART_OBJ_DC
                0x8003d870                SSSTART_OBJ_18C
                0x8003d870                SSSTART_OBJ_18C.NON_MATCHING
                0x8003d924                SSSTART_OBJ_240.NON_MATCHING
                0x8003d924                SSSTART_OBJ_240
                0x8003d92c                SSSTART_OBJ_248
                0x8003d92c                SSSTART_OBJ_248.NON_MATCHING
                0x8003d934                SSSTART_OBJ_250
                0x8003d934                SSSTART_OBJ_250.NON_MATCHING
                0x8003d94c                SsStart.NON_MATCHING
                0x8003d94c                SsStart
                0x8003d96c                SsStart2.NON_MATCHING
                0x8003d96c                SsStart2
                0x8003d98c                _SsTrapIntrVSync
                0x8003d98c                _SsTrapIntrVSync.NON_MATCHING
                0x8003d9cc                _SsSeqCalledTbyT_1per2
                0x8003d9cc                _SsSeqCalledTbyT_1per2.NON_MATCHING
                0x8003da0c                SSSTART_OBJ_328
                0x8003da0c                SSSTART_OBJ_328.NON_MATCHING
                0x8003da1c                SsSeqCalledTbyT.NON_MATCHING
                0x8003da1c                SsSeqCalledTbyT
 build/src/sgap_4.o(.text)
 .text          0x8003dc90      0x5b8 build/src/sgap_4.o
                0x8003dc90                func_8003DC90
                0x8003df8c                func_8003DF8C
 build/src/snd5.o(.text)
 .text          0x8003e248       0x9c build/src/snd5.o
                0x8003e248                _SsSndPause.NON_MATCHING
                0x8003e248                _SsSndPause
 build/src/sgap_5.o(.text)
 .text          0x8003e2e4       0x2c build/src/sgap_5.o
                0x8003e2e4                _SsSndPlay
 build/src/snd6.o(.text)
 .text          0x8003e310     0x1744 build/src/snd6.o
                0x8003e310                _SsSeqPlay.NON_MATCHING
                0x8003e310                _SsSeqPlay
                0x8003e3f4                MIDIREAD_OBJ_E4
                0x8003e3f4                MIDIREAD_OBJ_E4.NON_MATCHING
                0x8003e3f8                MIDIREAD_OBJ_E8
                0x8003e3f8                MIDIREAD_OBJ_E8.NON_MATCHING
                0x8003e418                _SsSeqGetEof.NON_MATCHING
                0x8003e418                _SsSeqGetEof
                0x8003e51c                MIDIREAD_OBJ_20C.NON_MATCHING
                0x8003e51c                MIDIREAD_OBJ_20C
                0x8003e5ec                MIDIREAD_OBJ_2DC.NON_MATCHING
                0x8003e5ec                MIDIREAD_OBJ_2DC
                0x8003e640                MIDIREAD_OBJ_330
                0x8003e640                MIDIREAD_OBJ_330.NON_MATCHING
                0x8003e65c                _SsGetSeqData.NON_MATCHING
                0x8003e65c                _SsGetSeqData
                0x8003e910                MIDIREAD_OBJ_600.NON_MATCHING
                0x8003e910                MIDIREAD_OBJ_600
                0x8003e96c                MIDIREAD_OBJ_65C.NON_MATCHING
                0x8003e96c                MIDIREAD_OBJ_65C
                0x8003e9bc                MIDIREAD_OBJ_6AC.NON_MATCHING
                0x8003e9bc                MIDIREAD_OBJ_6AC
                0x8003e9cc                MIDIREAD_OBJ_6BC
                0x8003e9cc                MIDIREAD_OBJ_6BC.NON_MATCHING
                0x8003e9d0                MIDIREAD_OBJ_6C0
                0x8003e9d0                MIDIREAD_OBJ_6C0.NON_MATCHING
                0x8003e9dc                MIDIREAD_OBJ_6CC
                0x8003e9dc                MIDIREAD_OBJ_6CC.NON_MATCHING
                0x8003ea04                _SsReadDeltaValue.NON_MATCHING
                0x8003ea04                _SsReadDeltaValue
                0x8003eaac                MIDITIME_OBJ_A8
                0x8003eab4                _SsSndNextSep
                0x8003eab4                _SsSndNextSep.NON_MATCHING
                0x8003ebb0                _SsSndReplay
                0x8003ebb0                _SsSndReplay.NON_MATCHING
                0x8003ec10                func_8003EC10.NON_MATCHING
                0x8003ec10                func_8003EC10
                0x8003ed94                func_8003ED94.NON_MATCHING
                0x8003ed94                func_8003ED94
                0x8003edbc                func_8003EDBC.NON_MATCHING
                0x8003edbc                func_8003EDBC
                0x8003ede8                func_8003EDE8
                0x8003ede8                func_8003EDE8.NON_MATCHING
                0x8003eee4                _SsSndTempo.NON_MATCHING
                0x8003eee4                _SsSndTempo
                0x8003f00c                TEMPO_OBJ_128
                0x8003f00c                TEMPO_OBJ_128.NON_MATCHING
                0x8003f018                TEMPO_OBJ_134.NON_MATCHING
                0x8003f018                TEMPO_OBJ_134
                0x8003f0ec                TEMPO_OBJ_208.NON_MATCHING
                0x8003f0ec                TEMPO_OBJ_208
                0x8003f104                SsGetCurrentPoint.NON_MATCHING
                0x8003f104                SsGetCurrentPoint
                0x8003f144                func_8003F144.NON_MATCHING
                0x8003f144                func_8003F144
                0x8003f368                UT_GVA_OBJ_224.NON_MATCHING
                0x8003f368                UT_GVA_OBJ_224
                0x8003f380                func_8003F380.NON_MATCHING
                0x8003f380                func_8003F380
                0x8003f420                UT_GVAD_OBJ_A0
                0x8003f420                UT_GVAD_OBJ_A0.NON_MATCHING
                0x8003f434                SsUtKeyOnV
                0x8003f434                SsUtKeyOnV.NON_MATCHING
                0x8003f5a8                UT_KEYV_OBJ_174.NON_MATCHING
                0x8003f5a8                UT_KEYV_OBJ_174
                0x8003f5b4                UT_KEYV_OBJ_180
                0x8003f5b4                UT_KEYV_OBJ_180.NON_MATCHING
                0x8003f784                UT_KEYV_OBJ_350.NON_MATCHING
                0x8003f784                UT_KEYV_OBJ_350
                0x8003f794                UT_KEYV_OBJ_360.NON_MATCHING
                0x8003f794                UT_KEYV_OBJ_360
                0x8003f7c8                SsUtKeyOffV.NON_MATCHING
                0x8003f7c8                SsUtKeyOffV
                0x8003f830                UT_KEYV_OBJ_3FC
                0x8003f830                UT_KEYV_OBJ_3FC.NON_MATCHING
                0x8003f840                _SsVmDoAllocate
                0x8003f840                _SsVmDoAllocate.NON_MATCHING
                0x8003f960                VM_ALOC2_OBJ_120.NON_MATCHING
                0x8003f960                VM_ALOC2_OBJ_120
 build/src/sgap_6.o(.text)
 .text          0x8003fa54       0x10 build/src/sgap_6.o
                0x8003fa54                func_8003FA54
 build/src/snd12.o(.text)
 .text          0x8003fa64      0x3b4 build/src/snd12.o
                0x8003fa64                func_8003FA64
                0x8003fa64                func_8003FA64.NON_MATCHING
 build/src/snd7.o(.text)
 .text          0x8003fe18      0x58c build/src/snd7.o
                0x8003fe18                func_8003FE18.NON_MATCHING
                0x8003fe18                func_8003FE18
                0x8003fe3c                func_8003FE3C
                0x8003fe3c                func_8003FE3C.NON_MATCHING
                0x8003ff20                VM_INIT_OBJ_E4
                0x8003ff20                VM_INIT_OBJ_E4.NON_MATCHING
                0x8004014c                func_8004014C
                0x8004014c                func_8004014C.NON_MATCHING
                0x80040198                S_M_INIT_OBJ_4C
                0x800401a0                func_800401A0.NON_MATCHING
                0x800401a0                func_800401A0
                0x800401cc                func_800401CC.NON_MATCHING
                0x800401cc                func_800401CC
                0x800401e4                note2pitch
                0x800401e4                note2pitch.NON_MATCHING
                0x800402a0                VM_N2P_OBJ_BC.NON_MATCHING
                0x800402a0                VM_N2P_OBJ_BC
                0x800402a8                note2pitch2
                0x800402a8                note2pitch2.NON_MATCHING
                0x8004039c                VM_N2P_OBJ_1B8.NON_MATCHING
                0x8004039c                VM_N2P_OBJ_1B8
 build/src/snd10.o(.text)
 .text          0x800403a4      0x4c4 build/src/snd10.o
                0x800403a4                vmNoiseOn
                0x800403a4                vmNoiseOn.NON_MATCHING
                0x80040528                VM_NO1_OBJ_184
                0x80040528                VM_NO1_OBJ_184.NON_MATCHING
                0x80040598                VM_NO1_OBJ_1F4
                0x80040598                VM_NO1_OBJ_1F4.NON_MATCHING
                0x80040608                VM_NO1_OBJ_264
                0x80040608                VM_NO1_OBJ_264.NON_MATCHING
                0x80040630                VM_NO1_OBJ_28C.NON_MATCHING
                0x80040630                VM_NO1_OBJ_28C
                0x800406c0                VM_NO1_OBJ_31C
                0x800406c0                VM_NO1_OBJ_31C.NON_MATCHING
                0x80040848                VM_NO1_OBJ_4A4.NON_MATCHING
                0x80040848                VM_NO1_OBJ_4A4
 build/src/snd8.o(.text)
 .text          0x80040868       0xd0 build/src/snd8.o
                0x80040868                func_80040868
                0x80040868                func_80040868.NON_MATCHING
                0x800408a0                VM_NOWOF_OBJ_38
                0x800408a0                VM_NOWOF_OBJ_38.NON_MATCHING
 build/src/snd11.o(.text)
 .text          0x80040938      0x4b0 build/src/snd11.o
                0x80040938                _SsVmKeyOnNow.NON_MATCHING
                0x80040938                _SsVmKeyOnNow
                0x80040af8                VM_NOWON_OBJ_1C0
                0x80040af8                VM_NOWON_OBJ_1C0.NON_MATCHING
                0x80040b68                VM_NOWON_OBJ_230.NON_MATCHING
                0x80040b68                VM_NOWON_OBJ_230
                0x80040bd8                VM_NOWON_OBJ_2A0.NON_MATCHING
                0x80040bd8                VM_NOWON_OBJ_2A0
                0x80040c00                VM_NOWON_OBJ_2C8
                0x80040c00                VM_NOWON_OBJ_2C8.NON_MATCHING
                0x80040d0c                VM_NOWON_OBJ_3D4.NON_MATCHING
                0x80040d0c                VM_NOWON_OBJ_3D4
                0x80040d84                VM_NOWON_OBJ_44C.NON_MATCHING
                0x80040d84                VM_NOWON_OBJ_44C
 build/src/sgap_8.o(.text)
 .text          0x80040de8      0x6fc build/src/sgap_8.o
                0x80040de8                func_80040DE8
                0x80041354                func_80041354
                0x800413b8                func_800413B8
                0x80041400                func_80041400
                0x80041448                func_80041448
 build/src/snd9.o(.text)
 .text          0x800414e4      0xeb8 build/src/snd9.o
                0x800414e4                func_800414E4.NON_MATCHING
                0x800414e4                func_800414E4
                0x800415a0                VM_VSU_OBJ_BC
                0x800415a8                func_800415A8.NON_MATCHING
                0x800415a8                func_800415A8
                0x8004162c                func_8004162C
                0x8004162c                func_8004162C.NON_MATCHING
                0x80041690                S_M_F_OBJ_64
                0x80041690                S_M_F_OBJ_64.NON_MATCHING
                0x800416a8                func_800416A8
                0x800416a8                func_800416A8.NON_MATCHING
                0x800416f8                S_M_INT_OBJ_50.NON_MATCHING
                0x800416f8                S_M_INT_OBJ_50
                0x80041768                S_M_INT_OBJ_C0.NON_MATCHING
                0x80041768                S_M_INT_OBJ_C0
                0x80041920                S_M_INT_OBJ_278
                0x80041920                S_M_INT_OBJ_278.NON_MATCHING
                0x800419b0                func_800419B0.NON_MATCHING
                0x800419b0                func_800419B0
                0x80041a0c                VS_VFB_OBJ_5C.NON_MATCHING
                0x80041a0c                VS_VFB_OBJ_5C
                0x80041a20                SsVabOpenHead.NON_MATCHING
                0x80041a20                SsVabOpenHead
                0x80041a50                SsVabOpenHeadSticky
                0x80041a50                SsVabOpenHeadSticky.NON_MATCHING
                0x80041a80                func_80041A80
                0x80041a80                func_80041A80.NON_MATCHING
                0x80041ab0                func_80041AB0
                0x80041ab0                func_80041AB0.NON_MATCHING
                0x80041ba0                VS_VH_OBJ_180
                0x80041ba0                VS_VH_OBJ_180.NON_MATCHING
                0x80041bb0                VS_VH_OBJ_190
                0x80041bb0                VS_VH_OBJ_190.NON_MATCHING
                0x80041d70                VS_VH_OBJ_350
                0x80041d70                VS_VH_OBJ_350.NON_MATCHING
                0x80041d84                VS_VH_OBJ_364
                0x80041d84                VS_VH_OBJ_364.NON_MATCHING
                0x80041e2c                VS_VH_OBJ_40C.NON_MATCHING
                0x80041e2c                VS_VH_OBJ_40C
                0x80041e64                VS_VH_OBJ_444
                0x80041e64                VS_VH_OBJ_444.NON_MATCHING
                0x80041e8c                func_80041E8C.NON_MATCHING
                0x80041e8c                func_80041E8C
                0x80041ee0                S_M_M_OBJ_54.NON_MATCHING
                0x80041ee0                S_M_M_OBJ_54
                0x80041fb8                S_M_M_OBJ_12C.NON_MATCHING
                0x80041fb8                S_M_M_OBJ_12C
                0x80042134                S_M_M_OBJ_2A8.NON_MATCHING
                0x80042134                S_M_M_OBJ_2A8
                0x80042154                func_80042154.NON_MATCHING
                0x80042154                func_80042154
                0x80042290                VS_VTBP_OBJ_13C
                0x80042290                VS_VTBP_OBJ_13C.NON_MATCHING
                0x800422b4                func_800422B4
                0x800422b4                func_800422B4.NON_MATCHING
                0x800422d0                S_STM_OBJ_1C
                0x800422d0                S_STM_OBJ_1C.NON_MATCHING
                0x800422e8                func_800422E8.NON_MATCHING
                0x800422e8                func_800422E8
                0x80042374                func_80042374
                0x80042374                func_80042374.NON_MATCHING
 build/src/libetc.o(.text)
 .text          0x8004239c      0xcec build/src/libetc.o
                0x8004239c                VSync.NON_MATCHING
                0x8004239c                VSync
                0x80042420                VSYNC_OBJ_84.NON_MATCHING
                0x80042420                VSYNC_OBJ_84
                0x800424cc                VSYNC_OBJ_130
                0x800424cc                VSYNC_OBJ_130.NON_MATCHING
                0x800424e4                func_800424E4
                0x800424e4                func_800424E4.NON_MATCHING
                0x80042570                VSYNC_OBJ_1D4
                0x80042570                VSYNC_OBJ_1D4.NON_MATCHING
                0x80042580                ResetCallback
                0x80042580                ResetCallback.NON_MATCHING
                0x800425b0                InterruptCallback
                0x800425b0                InterruptCallback.NON_MATCHING
                0x800425e0                DMACallback
                0x800425e0                DMACallback.NON_MATCHING
                0x80042610                func_80042610.NON_MATCHING
                0x80042610                func_80042610
                0x80042644                func_80042644
                0x80042644                func_80042644.NON_MATCHING
                0x80042674                StopCallback
                0x80042674                StopCallback.NON_MATCHING
                0x800426a4                RestartCallback.NON_MATCHING
                0x800426a4                RestartCallback
                0x800426d4                func_800426D4
                0x800426d4                func_800426D4.NON_MATCHING
                0x800426e4                GetIntrMask
                0x800426e4                GetIntrMask.NON_MATCHING
                0x800426fc                func_800426FC
                0x800426fc                func_800426FC.NON_MATCHING
                0x80042718                startIntr.NON_MATCHING
                0x80042718                startIntr
                0x800427f4                func_800427F4.NON_MATCHING
                0x800427f4                func_800427F4
                0x800429a8                INTR_OBJ_428
                0x800429a8                INTR_OBJ_428.NON_MATCHING
                0x800429dc                func_800429DC
                0x800429dc                func_800429DC.NON_MATCHING
                0x80042a94                INTR_OBJ_514
                0x80042a94                INTR_OBJ_514.NON_MATCHING
                0x80042b30                stopIntr.NON_MATCHING
                0x80042b30                stopIntr
                0x80042bdc                restartIntr.NON_MATCHING
                0x80042bdc                restartIntr
                0x80042c50                INTR_OBJ_6D0
                0x80042c50                INTR_OBJ_6D0.NON_MATCHING
                0x80042c64                func_80042C64
                0x80042c64                func_80042C64.NON_MATCHING
                0x80042c90                startIntrVSync
                0x80042c90                startIntrVSync.NON_MATCHING
                0x80042ce8                trapIntrVSync
                0x80042ce8                trapIntrVSync.NON_MATCHING
                0x80042d60                setIntrVSync
                0x80042d60                setIntrVSync.NON_MATCHING
                0x80042d8c                func_80042D8C.NON_MATCHING
                0x80042d8c                func_80042D8C
                0x80042db8                startIntrDMA
                0x80042db8                startIntrDMA.NON_MATCHING
                0x80042e08                trapIntrDMA.NON_MATCHING
                0x80042e08                trapIntrDMA
                0x80042f8c                setIntrDMA.NON_MATCHING
                0x80042f8c                setIntrDMA
                0x8004302c                INTR_DMA_OBJ_274.NON_MATCHING
                0x8004302c                INTR_DMA_OBJ_274
                0x80043034                func_80043034.NON_MATCHING
                0x80043034                func_80043034
                0x80043060                func_80043060.NON_MATCHING
                0x80043060                func_80043060
                0x80043078                func_80043078
                0x80043078                func_80043078.NON_MATCHING
 build/src/libcd1.o(.text)
 .text          0x80043088     0x38f8 build/src/libcd1.o
                0x80043088                StSetRing.NON_MATCHING
                0x80043088                StSetRing
                0x800430b8                CdGetToc
                0x800430b8                CdGetToc.NON_MATCHING
                0x800430dc                func_800430DC
                0x800430dc                func_800430DC.NON_MATCHING
                0x800432d8                TOC_OBJ_220
                0x800432d8                TOC_OBJ_220.NON_MATCHING
                0x80043300                func_80043300
                0x80043300                func_80043300.NON_MATCHING
                0x80043384                EVENT_OBJ_84
                0x80043384                EVENT_OBJ_84.NON_MATCHING
                0x80043398                def_cbsync.NON_MATCHING
                0x80043398                def_cbsync
                0x800433c0                def_cbready
                0x800433c0                def_cbready.NON_MATCHING
                0x800433e8                def_cbread.NON_MATCHING
                0x800433e8                def_cbread
                0x80043410                func_80043410
                0x80043410                func_80043410.NON_MATCHING
                0x80043420                func_80043420.NON_MATCHING
                0x80043420                func_80043420
                0x80043430                CdLastCom
                0x80043430                CdLastCom.NON_MATCHING
                0x80043440                func_80043440.NON_MATCHING
                0x80043440                func_80043440
                0x80043450                func_80043450.NON_MATCHING
                0x80043450                func_80043450
                0x800434a8                SYS_OBJ_98
                0x800434a8                SYS_OBJ_98.NON_MATCHING
                0x800434bc                func_800434BC.NON_MATCHING
                0x800434bc                func_800434BC
                0x800434dc                CdSetDebug
                0x800434dc                CdSetDebug.NON_MATCHING
                0x800434f4                CdComstr
                0x800434f4                CdComstr.NON_MATCHING
                0x80043520                SYS_OBJ_110
                0x80043528                CdIntstr
                0x80043528                CdIntstr.NON_MATCHING
                0x80043554                SYS_OBJ_144
                0x8004355c                func_8004355C.NON_MATCHING
                0x8004355c                func_8004355C
                0x8004357c                func_8004357C
                0x8004357c                func_8004357C.NON_MATCHING
                0x8004359c                func_8004359C.NON_MATCHING
                0x8004359c                func_8004359C
                0x800435b4                CdReadyCallback
                0x800435b4                CdReadyCallback.NON_MATCHING
                0x800435cc                func_800435CC
                0x800435cc                func_800435CC.NON_MATCHING
                0x80043704                func_80043704.NON_MATCHING
                0x80043704                func_80043704
                0x80043830                func_80043830.NON_MATCHING
                0x80043830                func_80043830
                0x80043948                SYS_OBJ_538.NON_MATCHING
                0x80043948                SYS_OBJ_538
                0x80043974                CdMix
                0x80043974                CdMix.NON_MATCHING
                0x80043994                func_80043994.NON_MATCHING
                0x80043994                func_80043994
                0x800439b4                func_800439B4
                0x800439b4                func_800439B4.NON_MATCHING
                0x800439d4                func_800439D4
                0x800439d4                func_800439D4.NON_MATCHING
                0x800439f8                func_800439F8.NON_MATCHING
                0x800439f8                func_800439F8
                0x80043a18                CdIntToPos
                0x80043a18                CdIntToPos.NON_MATCHING
                0x80043b1c                CdPosToInt.NON_MATCHING
                0x80043b1c                CdPosToInt
                0x80043b9c                func_80043B9C.NON_MATCHING
                0x80043b9c                func_80043B9C
                0x80043c00                BIOS_OBJ_64.NON_MATCHING
                0x80043c00                BIOS_OBJ_64
                0x80043e08                BIOS_OBJ_26C.NON_MATCHING
                0x80043e08                BIOS_OBJ_26C
                0x80043f08                BIOS_OBJ_36C.NON_MATCHING
                0x80043f08                BIOS_OBJ_36C
                0x80043f54                BIOS_OBJ_3B8.NON_MATCHING
                0x80043f54                BIOS_OBJ_3B8
                0x80043fd8                BIOS_OBJ_43C
                0x80043fd8                BIOS_OBJ_43C.NON_MATCHING
                0x8004405c                BIOS_OBJ_4C0
                0x8004405c                BIOS_OBJ_4C0.NON_MATCHING
                0x8004410c                BIOS_OBJ_570.NON_MATCHING
                0x8004410c                BIOS_OBJ_570
                0x80044124                func_80044124
                0x80044124                func_80044124.NON_MATCHING
                0x80044250                BIOS_OBJ_6B4
                0x80044250                BIOS_OBJ_6B4.NON_MATCHING
                0x80044280                BIOS_OBJ_6E4.NON_MATCHING
                0x80044280                BIOS_OBJ_6E4
                0x80044378                BIOS_OBJ_7DC
                0x80044378                BIOS_OBJ_7DC.NON_MATCHING
                0x800443a4                func_800443A4.NON_MATCHING
                0x800443a4                func_800443A4
                0x800444d8                BIOS_OBJ_93C.NON_MATCHING
                0x800444d8                BIOS_OBJ_93C
                0x80044508                BIOS_OBJ_96C
                0x80044508                BIOS_OBJ_96C.NON_MATCHING
                0x80044640                BIOS_OBJ_AA4.NON_MATCHING
                0x80044640                BIOS_OBJ_AA4
                0x80044670                func_80044670
                0x80044670                func_80044670.NON_MATCHING
                0x80044948                BIOS_OBJ_DAC.NON_MATCHING
                0x80044948                BIOS_OBJ_DAC
                0x80044978                BIOS_OBJ_DDC.NON_MATCHING
                0x80044978                BIOS_OBJ_DDC
                0x80044a64                BIOS_OBJ_EC8.NON_MATCHING
                0x80044a64                BIOS_OBJ_EC8
                0x80044a8c                CD_vol.NON_MATCHING
                0x80044a8c                CD_vol
                0x80044b14                CD_flush
                0x80044b14                CD_flush.NON_MATCHING
                0x80044bf4                CD_initvol
                0x80044bf4                CD_initvol.NON_MATCHING
                0x80044ce8                CD_initintr.NON_MATCHING
                0x80044ce8                CD_initintr
                0x80044d38                func_80044D38
                0x80044d38                func_80044D38.NON_MATCHING
                0x80044f24                func_80044F24.NON_MATCHING
                0x80044f24                func_80044F24
                0x80045040                BIOS_OBJ_14A4.NON_MATCHING
                0x80045040                BIOS_OBJ_14A4
                0x80045090                CD_getsector
                0x80045090                CD_getsector.NON_MATCHING
                0x80045190                CD_getsector2.NON_MATCHING
                0x80045190                CD_getsector2
                0x80045280                CD_set_test_parmnum
                0x80045280                CD_set_test_parmnum.NON_MATCHING
                0x80045290                callback.NON_MATCHING
                0x80045290                callback
                0x800452c4                BIOS_OBJ_1728.NON_MATCHING
                0x800452c4                BIOS_OBJ_1728
                0x80045374                CdSearchFile
                0x80045374                CdSearchFile.NON_MATCHING
                0x8004546c                ISO9660_OBJ_F8.NON_MATCHING
                0x8004546c                ISO9660_OBJ_F8
                0x80045610                ISO9660_OBJ_29C.NON_MATCHING
                0x80045610                ISO9660_OBJ_29C
                0x8004561c                ISO9660_OBJ_2A8
                0x8004561c                ISO9660_OBJ_2A8.NON_MATCHING
                0x80045640                func_80045640.NON_MATCHING
                0x80045640                func_80045640
                0x80045660                func_80045660
                0x80045660                func_80045660.NON_MATCHING
                0x80045918                ISO9660_OBJ_5A4.NON_MATCHING
                0x80045918                ISO9660_OBJ_5A4
                0x80045940                func_80045940.NON_MATCHING
                0x80045940                func_80045940
                0x800459c4                ISO9660_OBJ_650.NON_MATCHING
                0x800459c4                ISO9660_OBJ_650
                0x800459e8                func_800459E8