
Discarded input sections

 .text          0x00000000        0x0 build/asm/header.o
 .bss           0x00000000        0x0 build/asm/header.o
 .reginfo       0x00000000       0x18 build/asm/header.o
 .MIPS.abiflags
                0x00000000       0x18 build/asm/header.o
 .pdr           0x00000000        0x0 build/asm/header.o
 .gnu.attributes
                0x00000000       0x10 build/asm/header.o
 .reginfo       0x00000000       0x18 build/src/boot.o
 .MIPS.abiflags
                0x00000000       0x18 build/src/boot.o
 .pdr           0x00000000      0x6e0 build/src/boot.o
 .gnu.attributes
                0x00000000       0x10 build/src/boot.o
 .reginfo       0x00000000       0x18 build/src/800.o
 .MIPS.abiflags
                0x00000000       0x18 build/src/800.o
 .pdr           0x00000000     0x4180 build/src/800.o
 .gnu.attributes
                0x00000000       0x10 build/src/800.o
 .reginfo       0x00000000       0x18 build/src/800_b.o
 .MIPS.abiflags
                0x00000000       0x18 build/src/800_b.o
 .pdr           0x00000000       0x60 build/src/800_b.o
 .gnu.attributes
                0x00000000       0x10 build/src/800_b.o
 .reginfo       0x00000000       0x18 build/src/800_b_o0a.o
 .MIPS.abiflags
                0x00000000       0x18 build/src/800_b_o0a.o
 .pdr           0x00000000       0x20 build/src/800_b_o0a.o
 .gnu.attributes
                0x00000000       0x10 build/src/800_b_o0a.o
 .reginfo       0x00000000       0x18 build/src/800_b_2.o
 .MIPS.abiflags
                0x00000000       0x18 build/src/800_b_2.o
 .pdr           0x00000000     0x1040 build/src/800_b_2.o
 .gnu.attributes
                0x00000000       0x10 build/src/800_b_2.o
 .reginfo       0x00000000       0x18 build/src/800_c.o
 .MIPS.abiflags
                0x00000000       0x18 build/src/800_c.o
 .pdr           0x00000000      0x920 build/src/800_c.o
 .gnu.attributes
                0x00000000       0x10 build/src/800_c.o
 .note          0x00000000       0x74 build/psyq/snd/S_INI.o
 .bss           0x00000000       0x14 build/psyq/snd/SPU.o
 .note          0x00000000       0x74 build/psyq/snd/SPU.o
 .note          0x00000000       0x74 build/psyq/snd/S_DCB.o
 .note          0x00000000       0x74 build/psyq/snd/S_Q.o
 .note          0x00000000       0x74 build/psyq/snd/S_SE.o
 .note          0x00000000       0x74 build/psyq/snd/SN_SVA.o
 .note          0x00000000       0x74 build/psyq/snd/S_SR.o
 .note          0x00000000       0x74 build/psyq/snd/S_M_UTIL.o
 .note          0x00000000       0x74 build/psyq/snd/S_SRMP.o
 .note          0x00000000       0x74 build/psyq/snd/S_SRA.o
 .note          0x00000000       0x74 build/psyq/snd/S_RRWA.o
 .note          0x00000000       0x74 build/psyq/snd/S_SRV.o
 .note          0x00000000       0x74 build/psyq/snd/S_SAV.o
 .note          0x00000000       0x74 build/psyq/snd/S_CRWA.o
 .note          0x00000000       0x74 build/psyq/snd/S_SK.o
 .reginfo       0x00000000       0x18 build/src/sgap.o
 .MIPS.abiflags
                0x00000000       0x18 build/src/sgap.o
 .pdr           0x00000000       0x20 build/src/sgap.o
 .gnu.attributes
                0x00000000       0x10 build/src/sgap.o
 .note          0x00000000       0x74 build/psyq/snd/S_STSA.o
 .note          0x00000000       0x74 build/psyq/snd/S_ITC.o
 .bss           0x00000000        0x4 build/psyq/snd/S_SCA.o
 .note          0x00000000       0x74 build/psyq/snd/S_SCA.o
 .note          0x00000000       0x74 build/psyq/snd/SR_SV.o
 .note          0x00000000       0x74 build/psyq/snd/S_N2P.o
 .note          0x00000000       0x74 build/psyq/snd/SR_GAKS.o
 .note          0x00000000       0x74 build/psyq/snd/S_SVRR.o
 .note          0x00000000       0x74 build/psyq/snd/S_SRMD.o
 .reginfo       0x00000000       0x18 build/src/sgap_2.o
 .MIPS.abiflags
                0x00000000       0x18 build/src/sgap_2.o
 .pdr           0x00000000       0x20 build/src/sgap_2.o
 .gnu.attributes
                0x00000000       0x10 build/src/sgap_2.o
 .note          0x00000000       0x74 build/psyq/snd/S_GRMD.o
 .note          0x00000000       0x74 build/psyq/snd/SSEND.o
 .note          0x00000000       0x74 build/psyq/snd/SSINIT_C.o
 .bss           0x00000000      0x928 build/psyq/snd/SSINIT.o
 .note          0x00000000       0x74 build/psyq/snd/SSINIT.o
 .reginfo       0x00000000       0x18 build/src/sgap_3.o
 .MIPS.abiflags
                0x00000000       0x18 build/src/sgap_3.o
 .pdr           0x00000000       0x20 build/src/sgap_3.o
 .gnu.attributes
                0x00000000       0x10 build/src/sgap_3.o
 .note          0x00000000       0x74 build/psyq/snd/SSSATTR.o
 .note          0x00000000       0x74 build/psyq/snd/SSSTART.o
 .note          0x00000000       0x74 build/psyq/snd/SSCALL.o
 .reginfo       0x00000000       0x18 build/src/sgap_4.o
 .MIPS.abiflags
                0x00000000       0x18 build/src/sgap_4.o
 .pdr           0x00000000       0x40 build/src/sgap_4.o
 .gnu.attributes
[...]
Memory Configuration

Name             Origin             Length             Attributes
*default*        0x00000000         0xffffffff

Linker script and memory map

LOAD build/asm/header.o
LOAD build/src/boot.o
LOAD build/src/800.o
LOAD build/src/800_b.o
LOAD build/src/800_b_o0a.o
LOAD build/src/800_b_2.o
LOAD build/src/800_c.o
LOAD build/psyq/snd/S_INI.o
LOAD build/psyq/snd/SPU.o
LOAD build/psyq/snd/S_DCB.o
LOAD build/psyq/snd/S_Q.o
LOAD build/psyq/snd/S_SE.o
LOAD build/psyq/snd/SN_SVA.o
LOAD build/psyq/snd/S_SR.o
LOAD build/psyq/snd/S_M_UTIL.o
LOAD build/psyq/snd/S_SRMP.o
LOAD build/psyq/snd/S_SRA.o
LOAD build/psyq/snd/S_RRWA.o
LOAD build/psyq/snd/S_SRV.o
LOAD build/psyq/snd/S_SAV.o
LOAD build/psyq/snd/S_CRWA.o
LOAD build/psyq/snd/S_SK.o
LOAD build/src/sgap.o
LOAD build/psyq/snd/S_STSA.o
LOAD build/psyq/snd/S_ITC.o
LOAD build/psyq/snd/S_SCA.o
LOAD build/psyq/snd/SR_SV.o
LOAD build/psyq/snd/S_N2P.o
LOAD build/psyq/snd/SR_GAKS.o
LOAD build/psyq/snd/S_SVRR.o
LOAD build/psyq/snd/S_SRMD.o
LOAD build/src/sgap_2.o
LOAD build/psyq/snd/S_GRMD.o
LOAD build/psyq/snd/SSEND.o
LOAD build/psyq/snd/SSINIT_C.o
LOAD build/psyq/snd/SSINIT.o
LOAD build/src/sgap_3.o
LOAD build/psyq/snd/SSSATTR.o
LOAD build/psyq/snd/SSSTART.o
LOAD build/psyq/snd/SSCALL.o
LOAD build/src/sgap_4.o
LOAD build/psyq/snd/PAUSE.o
LOAD build/src/sgap_5.o
LOAD build/psyq/snd/MIDIREAD.o
LOAD build/psyq/snd/MIDITIME.o
LOAD build/psyq/snd/NEXT.o
LOAD build/psyq/snd/REPLAY.o
LOAD build/psyq/snd/SSSTOP.o
LOAD build/psyq/snd/SSSV.o
LOAD build/psyq/snd/TEMPO.o
LOAD build/psyq/snd/SSGCP.o
LOAD build/psyq/snd/UT_GVA.o
LOAD build/psyq/snd/UT_GVAD.o
LOAD build/psyq/snd/UT_KEYV.o
LOAD build/psyq/snd/VM_ALOC2.o
LOAD build/src/sgap_6.o
LOAD build/psyq/snd/VM_F.o
LOAD build/psyq/snd/S_SNV.o
LOAD build/psyq/snd/VM_INIT.o
LOAD build/psyq/snd/S_M_INIT.o
LOAD build/psyq/snd/S_IT.o
LOAD build/psyq/snd/VM_N2P.o
LOAD build/psyq/snd/VM_NO1.o
LOAD build/psyq/snd/VM_NOWOF.o
LOAD build/psyq/snd/VM_NOWON.o
LOAD build/src/sgap_8.o
LOAD build/psyq/snd/VM_VSU.o
LOAD build/psyq/snd/VS_VAB.o
LOAD build/psyq/snd/S_M_F.o
LOAD build/psyq/snd/S_M_INT.o
LOAD build/psyq/snd/VS_VFB.o
LOAD build/psyq/snd/VS_VH.o
LOAD build/psyq/snd/S_M_M.o
LOAD build/psyq/snd/VS_VTBP.o
LOAD build/psyq/snd/S_STM.o
LOAD build/psyq/snd/S_WP.o
LOAD build/psyq/snd/VS_VTC.o
LOAD build/psyq/libetc/VSYNC.o
LOAD build/psyq/libetc/INTR.o
LOAD build/psyq/libetc/INTR_VB.o
LOAD build/psyq/libetc/INTR_DMA.o
LOAD build/psyq/libetc/VMODE.o
LOAD build/psyq/libcd/CDROM.o
LOAD build/psyq/libcd/TOC.o
LOAD build/psyq/libcd/EVENT.o
LOAD build/psyq/libcd/SYS.o
LOAD build/psyq/libcd/BIOS.o
LOAD build/psyq/libcd/ISO9660.o
LOAD build/psyq/libcd/CDREAD.o
LOAD build/psyq/libcd/CDREAD2.o
LOAD build/psyq/libcd/TYPE.o
LOAD build/psyq/libcd/C_002.o
LOAD build/psyq/libcd/C_003.o
LOAD build/src/gap.o
LOAD build/psyq/libcd/C_004.o
LOAD build/psyq/libcd/C_005.o
LOAD build/psyq/libcd/C_007.o
LOAD build/psyq/libcd/C_008.o
LOAD build/psyq/libcd/C_009.o
LOAD build/psyq/libcd/C_010.o
LOAD build/psyq/libcd/C_011.o
LOAD build/psyq/libgte/GEO_00.o
LOAD build/psyq/libgte/GEO_01.o
LOAD build/psyq/libgte/COR_05.o
LOAD build/psyq/libgte/COR_06.o
LOAD build/psyq/libgte/MSC00.o
LOAD build/psyq/libgte/MSC01.o
LOAD build/psyq/libgte/MSC02.o
LOAD build/psyq/libgte/MSC05.o
LOAD build/psyq/libgte/MSC09.o
LOAD build/psyq/libgte/MTX_000.o
LOAD build/psyq/libgte/MTX_001.o
LOAD build/psyq/libgte/MTX_003.o
LOAD build/psyq/libgte/MTX_004.o
LOAD build/psyq/libgte/MTX_005.o
LOAD build/psyq/libgte/MTX_006.o
LOAD build/psyq/libgte/MTX_009.o
LOAD build/psyq/libgte/MTX_00B.o
LOAD build/psyq/libgte/MTX_00C.o
LOAD build/psyq/libgte/MTX_01.o
LOAD build/psyq/libgte/MTX_02.o
LOAD build/psyq/libgte/MTX_03.o
LOAD build/psyq/libgte/MTX_04.o
LOAD build/psyq/libgte/MTX_06.o
LOAD build/psyq/libgte/MTX_08.o
LOAD build/psyq/libgte/MTX_09.o
LOAD build/psyq/libgte/MTX_10.o
LOAD build/psyq/libgte/MTX_12.o
LOAD build/psyq/libgte/REG08.o
LOAD build/psyq/libgte/REG09.o
LOAD build/psyq/libgte/REG10.o
LOAD build/psyq/libgte/REG12.o
LOAD build/psyq/libgte/REG13.o
LOAD build/psyq/libgte/SMP_00.o
LOAD build/psyq/libgte/SMP_01.o
LOAD build/psyq/libgte/SMP_02.o
LOAD build/psyq/libgte/SMP_03.o
LOAD build/psyq/libgte/SMP_05.o
LOAD build/psyq/libgte/CMB_00.o
LOAD build/psyq/libgte/CMB_05.o
LOAD build/psyq/libgte/FGO_00.o
LOAD build/psyq/libgte/FGO_01.o
LOAD build/psyq/libgte/FGO_02.o
LOAD build/psyq/libgte/FGO_03.o
LOAD build/psyq/libgte/FGO_04.o
LOAD build/psyq/libgte/FGO_05.o
LOAD build/psyq/libgte/FGO_06.o
LOAD build/psyq/libgte/PRS_F3.o
LOAD build/psyq/libgte/PRS_F4.o
LOAD build/psyq/libgte/PRS_G3.o
LOAD build/psyq/libgte/PRS_G4.o
LOAD build/psyq/libgte/PRS_FT3.o
LOAD build/psyq/libgte/PRS_FT4.o
LOAD build/psyq/libgte/PRS_GT3.o
LOAD build/psyq/libgte/PRS_GT4.o
LOAD build/psyq/libgte/RATAN.o
LOAD build/psyq/libgte/PATCHGTE.o
LOAD build/psyq/libgte/TRR.o
LOAD build/psyq/libgte/F3.o
LOAD build/psyq/libgte/F4.o
LOAD build/psyq/libgte/G3.o
LOAD build/psyq/libgte/G4.o
LOAD build/psyq/libgte/FT3.o
LOAD build/psyq/libgte/FT4.o
LOAD build/psyq/libgte/GT3.o
LOAD build/psyq/libgte/GT4.o
LOAD build/psyq/libgs/2D_BG0.o
LOAD build/psyq/libgs/2D_BG1.o
LOAD build/psyq/libgs/2D_COM0.o
LOAD build/psyq/libgte/MTX_05.o
LOAD build/psyq/libgs/2D_LIN0.o
LOAD build/psyq/libgs/2D_COM1.o
LOAD build/psyq/libgs/2D_SP0.o
LOAD build/psyq/libgte/MTX_07.o
LOAD build/psyq/libgs/2D_SP1.o
LOAD build/psyq/libgs/GS_001.o
LOAD build/psyq/libgs/GS_002.o
LOAD build/psyq/libgs/GS_003.o
LOAD build/psyq/libgs/MATRIX.o
LOAD build/psyq/libgs/GS_103.o
LOAD build/psyq/libgs/GS_104.o
LOAD build/psyq/libgs/GS_105.o
LOAD build/psyq/libgs/GS_106.o
LOAD build/psyq/libgs/GS_107.o
LOAD build/psyq/libgte/MTX_11.o
LOAD build/psyq/libgs/GS_108.o
LOAD build/psyq/libgs/GS_109.o
LOAD build/psyq/libgte/REG03.o
LOAD build/psyq/libgte/REG11.o
LOAD build/psyq/libgs/GS_110.o
LOAD build/psyq/libgs/GS_119.o
LOAD build/psyq/libgs/GS_120.o
LOAD build/psyq/libgs/GS_121.o
LOAD build/psyq/libgs/GS_122.o
LOAD build/psyq/libgs/GS_123.o
LOAD build/psyq/libgs/GS_127.o
LOAD build/psyq/libgs/GS_131.o
LOAD build/psyq/libgs/GS_133.o
LOAD build/psyq/libgs/GS_134.o
LOAD build/psyq/libgs/GS_135.o
LOAD build/psyq/libgs/GS_137.o
LOAD build/psyq/libgs/PRESET.o
LOAD build/psyq/libgs/PRESET3.o
LOAD build/psyq/libgs/OBJT.o
LOAD build/psyq/libgs/OBJT3.o
LOAD build/src/800b2.o
LOAD build/psyq/libgpu/EXT.o
LOAD build/psyq/libgpu/PRIM.o
LOAD build/psyq/libgpu/SYS.o
LOAD build/psyq/libc2/BZERO.o
LOAD build/psyq/libc2/GETCHAR.o
LOAD build/psyq/libc2/MEMCPY.o
LOAD build/psyq/libc2/MEMSET.o
LOAD build/psyq/libc2/PUTCHAR.o
LOAD build/psyq/libc2/CTYPE.o
LOAD build/psyq/libc2/RAND.o
LOAD build/psyq/libc2/STRCMP.o
LOAD build/psyq/libc2/STRCPY.o
LOAD build/psyq/libc2/STRNCMP.o
LOAD build/psyq/libc2/PRINTF.o
LOAD build/psyq/libc2/PRNT.o
LOAD build/psyq/libc2/MEMCHR.o
LOAD build/psyq/libc2/STRLEN.o
LOAD build/psyq/libc2/PUTS.o
LOAD build/psyq/libc2/SETJMP.o
LOAD build/psyq/libapi42/C57.o
LOAD build/psyq/libapi42/C68.o
LOAD build/psyq/libapi42/C73.o
LOAD build/psyq/libapi42/C114.o
LOAD build/psyq/libapi42/A07.o
LOAD build/psyq/libapi42/A08.o
LOAD build/psyq/libapi42/A09.o
LOAD build/psyq/libapi42/A10.o
LOAD build/psyq/libapi42/A11.o
LOAD build/psyq/libapi42/A12.o
LOAD build/psyq/libapi42/A13.o
LOAD build/psyq/libapi42/A23.o
LOAD build/psyq/libapi42/A24.o
LOAD build/psyq/libapi42/A25.o
LOAD build/psyq/libapi42/A36.o
LOAD build/psyq/libapi42/A37.o
LOAD build/psyq/libapi42/A52.o
LOAD build/psyq/libapi42/A53.o
LOAD build/psyq/libapi42/A91.o
LOAD build/psyq/libapi42/L10.o
LOAD build/psyq/libapi42/COUNTER.o
LOAD build/psyq/libpad/PADENTRY.o
LOAD build/psyq/libpad/PADMAIN.o
LOAD build/psyq/libapi42/L02.o
LOAD build/psyq/libapi42/L03.o
LOAD build/psyq/libpad/PADCMD.o
LOAD build/psyq/libpad/PADIF.o
LOAD build/psyq/libpad/PADPORTD.o
LOAD build/psyq/libpad/PADSEQD.o
LOAD build/psyq/libpad/WAITRC2.o
LOAD build/psyq/libmcrd/LIBMCRD.o
LOAD build/psyq/libc2/STRCAT.o
LOAD build/psyq/apicard/C112.o
LOAD build/psyq/apicard/A50.o
LOAD build/psyq/apicard/A51.o
LOAD build/psyq/apicard/A54.o
LOAD build/psyq/apicard/A65.o
LOAD build/psyq/apicard/A67.o
LOAD build/psyq/apicard/A69.o
LOAD build/psyq/apicard/FIRST.o
LOAD build/psyq/apicard/A66.o
LOAD build/psyq/apicard/C171.o
LOAD build/psyq/apicard/C172.o
LOAD build/psyq/apicard/A78.o
LOAD build/psyq/apicard/A80.o
LOAD build/psyq/apicard/CARD.o
LOAD build/psyq/apicard/INIT.o
LOAD build/psyq/apicard/PAD.o
LOAD build/psyq/apicard/A18.o
LOAD build/psyq/apicard/A19.o
LOAD build/psyq/apicard/A20.o
LOAD build/psyq/apicard/A21.o
LOAD build/psyq/apicard/PATCH.o
LOAD build/psyq/apicard/CHCLRPAD.o
LOAD build/psyq/apicard/A74.o
LOAD build/psyq/apicard/A75.o
LOAD build/psyq/apicard/A76.o
LOAD build/psyq/apicard/END.o
LOAD build/psyq/libmcrd/USERFUNC.o
LOAD build/asm/data/53198.data.o
LOAD build/asm/data/63470.data.o
LOAD build/asm/data/63940.data.o
LOAD build/asm/data/63C4C.data.o
                0x00065000                        __romPos = 0x0
                0x80074750                        _gp = 0x80074750
                0x00000000                        header_ROM_START = __romPos
                0x00000000                        header_VRAM = ADDR (.header)

.header         0x00000000      0x800
 FILL mask 0x00000000
                0x00000000                        header_DATA_START = .
 build/asm/header.o(.data)
 .data          0x00000000      0x800 build/asm/header.o
                0x00000800                        header_DATA_END = .
                0x00000800                        header_DATA_SIZE = ABSOLUTE ((header_DATA_END - header_DATA_START))
                0x00065000                        __romPos = (__romPos + SIZEOF (.header))
                0x00000800                        header_ROM_END = __romPos
                0x00000800                        header_VRAM_END = .
                0x00000800                        main_ROM_START = __romPos
                0x80010000                        main_VRAM = ADDR (.main)

.main           0x80010000    0x64800 load address 0x00000800
 FILL mask 0x00000000
                0x80010000                        main_TEXT_START = .
 build/src/boot.o(.text)
 .text          0x80010000     0x23f0 build/src/boot.o
                0x80010000                start
                0x800100a0                __main
                0x80010110                __do_global_dtors
                0x80010178                main
                0x8001096c                func_8001096C
                0x8001099c                func_8001099C
                0x80010a08                func_80010A08
                0x80010a98                func_80010A98
                0x80010ae0                func_80010AE0
                0x80010b10                func_80010B10
                0x80010b40                GameModeDispatch
                0x80010bb4                func_80010BB4
                0x80010c7c                func_80010C7C
                0x80010cec                func_80010CEC
                0x80010d60                func_80010D60
                0x80010da0                func_80010DA0
                0x80010de0                func_80010DE0
                0x80010e14                func_80010E14
                0x80010e48                func_80010E48
                0x80010e7c                func_80010E7C
                0x80010ed4                func_80010ED4
                0x80010f80                func_80010F80
                0x800110cc                func_800110CC
                0x80011144                DebugMenuHandler
                0x800111bc                func_800111BC
                0x80011220                func_80011220
                0x8001125c                func_8001125C
                0x800112a8                func_800112A8
                0x800112c8                func_800112C8
                0x80011320                func_80011320
                0x80011350                func_80011350
                0x80011380                func_80011380
                0x80011680                func_80011680
                0x800116e0                func_800116E0
                0x80011778                func_80011778
                0x80011818                func_80011818
                0x800118ac                func_800118AC
                0x80011928                func_80011928
                0x80011998                func_80011998
                0x800119f0                func_800119F0
                0x80011a3c                func_80011A3C
                0x80011adc                func_80011ADC
                0x80011b7c                func_80011B7C
                0x80011c10                func_80011C10
                0x80011c8c                func_80011C8C
                0x80011cfc                func_80011CFC
                0x80011d54                func_80011D54
                0x80011da0                func_80011DA0
                0x80011dcc                func_80011DCC
                0x80011df4                func_80011DF4
                0x80011e24                func_80011E24
                0x80011e84                func_80011E84
                0x80011eb4                func_80011EB4
                0x800120dc                func_800120DC
                0x8001212c                func_8001212C
 build/src/800.o(.text)
 .text          0x800123f0    0x18cc4 build/src/800.o
                0x800123f0                func_800123F0
                0x80012558                func_80012558
                0x800126c4                func_800126C4
                0x8001282c                func_8001282C
                0x800128b4                func_800128B4
                0x800128ec                func_800128EC
                0x800129cc                func_800129CC
                0x80012a60                func_80012A60
                0x80012ab0                func_80012AB0
                0x80012abc                func_80012ABC
                0x80012b04                func_80012B04
                0x80012b58                func_80012B58
                0x80012c6c                func_80012C6C
                0x80012cb8                func_80012CB8
                0x80012d0c                func_80012D0C
                0x80012dbc                func_80012DBC
                0x80012e0c                func_80012E0C
                0x80012e6c                func_80012E6C
                0x80012f74                func_80012F74
                0x80012fc8                func_80012FC8
                0x80013028                func_80013028
                0x800130d0                func_800130D0
                0x8001311c                func_8001311C
                0x80013154                func_80013154
                0x80013200                func_80013200
                0x80013228                func_80013228
                0x80013294                func_80013294
                0x800132bc                func_800132BC
                0x80013328                func_80013328
                0x80013350                func_80013350
                0x800133bc                func_800133BC
                0x800133e4                func_800133E4
                0x80013450                func_80013450
                0x80013478                func_80013478
                0x800134fc                func_800134FC
                0x80013694                func_80013694
                0x8001382c                func_8001382C
                0x800139c8                func_800139C8
                0x80013b64                func_80013B64
                0x80013cfc                func_80013CFC
                0x80013e94                func_80013E94
                0x80013ed0                func_80013ED0
                0x80013f3c                func_80013F3C
                0x80013f68                func_80013F68
                0x80013f98                func_80013F98
                0x80013fbc                func_80013FBC
                0x80013fe0                func_80013FE0
                0x80014004                func_80014004
                0x80014028                func_80014028
                0x8001404c                func_8001404C
                0x80014070                func_80014070
                0x80014094                func_80014094
                0x800140b8                func_800140B8
                0x80014128                func_80014128
                0x80014148                func_80014148
                0x80014168                func_80014168
                0x800141ac                func_800141AC
                0x800141f0                func_800141F0
                0x80014238                func_80014238
                0x800142c8                func_800142C8
                0x80014338                func_80014338
                0x80014390                func_80014390
                0x800143ac                func_800143AC
                0x80014444                func_80014444
                0x800144d4                func_800144D4
                0x80014554                func_80014554
                0x8001455c                func_8001455C
                0x80014564                func_80014564
                0x80014588                func_80014588
                0x800145ec                func_800145EC
                0x800146b0                func_800146B0
                0x80014774                func_80014774
                0x800147b8                func_800147B8
                0x80014928                func_80014928
                0x80014960                func_80014960
                0x80014998                func_80014998
                0x800149e0                func_800149E0
                0x80014b10                func_80014B10
                0x80014bfc                func_80014BFC
                0x80014c28                func_80014C28
                0x80014c54                func_80014C54
                0x80014cac                func_80014CAC
                0x80014cf8                func_80014CF8
                0x80014d30                func_80014D30
                0x80014d68                func_80014D68
                0x80014d94                func_80014D94
                0x80014dc0                func_80014DC0
                0x80014dec                func_80014DEC
                0x80014e24                func_80014E24
                0x80014e80                func_80014E80
                0x80014ed4                func_80014ED4
                0x80015018                func_80015018
                0x80015118                func_80015118
                0x8001513c                func_8001513C
                0x80015144                func_80015144
                0x80015208                func_80015208
                0x800152f4                func_800152F4
                0x80015310                func_80015310
                0x8001534c                func_8001534C
                0x800153a4                func_800153A4
                0x800153cc                func_800153CC
                0x80015424                func_80015424
                0x8001544c                func_8001544C
                0x80015498                func_80015498
                0x80015608                func_80015608
                0x80015760                func_80015760
                0x80015908                func_80015908
                0x80015954                func_80015954
                0x80015978                func_80015978
                0x8001599c                func_8001599C
                0x800159c0                func_800159C0
                0x800159e4                func_800159E4
                0x80015a08                func_80015A08
                0x80015a2c                func_80015A2C
                0x80015a50                func_80015A50
                0x80015a74                func_80015A74
                0x80015ad0                func_80015AD0
                0x80015b6c                func_80015B6C
                0x80015d4c                func_80015D4C
                0x80015f04                func_80015F04
                0x80016110                func_80016110
                0x80016224                func_80016224
                0x80016450                func_80016450
                0x80016638                func_80016638
                0x800166e8                func_800166E8
                0x80016714                func_80016714
                0x800167b8                func_800167B8
                0x800167f0                func_800167F0
                0x800168b4                func_800168B4
                0x800168c4                func_800168C4
                0x80016940                func_80016940
                0x80016978                func_80016978
                0x80016a3c                func_80016A3C
                0x80016a5c                func_80016A5C
                0x80016a7c                func_80016A7C
                0x80016b60                func_80016B60
                0x80016c28                func_80016C28
                0x80016d78                func_80016D78
                0x80016eb0                func_80016EB0
                0x80016ed4                func_80016ED4
                0x80016ef8                func_80016EF8
                0x80016f18                func_80016F18
                0x80017168                func_80017168
                0x80017254                func_80017254
                0x80017274                func_80017274
                0x80017294                func_80017294
                0x8001739c                func_8001739C
                0x800173bc                func_800173BC
                0x800173dc                func_800173DC
                0x800174dc                func_800174DC
                0x800174fc                func_800174FC
                0x8001751c                func_8001751C
                0x800176f0                func_800176F0
                0x80017714                func_80017714
                0x80017738                func_80017738
                0x80017758                func_80017758
                0x80017778                func_80017778
                0x800178c8                func_800178C8
                0x800178ec                func_800178EC
                0x80017910                func_80017910
                0x80017930                func_80017930
                0x80017b98                func_80017B98
                0x80017d98                func_80017D98
                0x80017dc4                func_80017DC4
                0x80017df8                func_80017DF8
                0x80017e30                func_80017E30
                0x80017e68                func_80017E68
                0x80017e8c                func_80017E8C
                0x80017f14                func_80017F14
                0x80018094                func_80018094
                0x80018194                func_80018194
                0x8001820c                func_8001820C
                0x80018384                func_80018384
                0x800183e0                func_800183E0
                0x80018450                func_80018450
                0x800184f0                func_800184F0
                0x80018714                func_80018714
                0x80018730                LzssDecodeSector
                0x80018918                func_80018918
                0x800189a8                func_800189A8
                0x80018a20                func_80018A20
                0x80018c64                func_80018C64
                0x80018ce8                func_80018CE8
                0x80018e78                func_80018E78
                0x80018e9c                func_80018E9C
                0x80018f20                func_80018F20
                0x80018f88                func_80018F88
                0x80018fc8                func_80018FC8
                0x80019018                func_80019018
                0x80019028                func_80019028
                0x8001903c                func_8001903C
                0x80019064                func_80019064
                0x800190ac                func_800190AC
                0x80019198                func_80019198
                0x800191a8                func_800191A8
                0x800191bc                func_800191BC
                0x800191d4                func_800191D4
                0x8001923c                func_8001923C
                0x8001931c                func_8001931C
                0x80019378                func_80019378
                0x80019388                func_80019388
                0x80019398                func_80019398
                0x800193a8                func_800193A8
                0x800193b8                func_800193B8
                0x8001971c                LoaderInitFileTable
                0x80019930                func_80019930
                0x80019990                LoaderResetReadState
                0x80019a10                func_80019A10
                0x80019a24                CdReadRequest
                0x80019af8                CdReadStateMachine
                0x8001a0fc                func_8001A0FC
                0x8001a114                func_8001A114
                0x8001a338                CdReadSectorReadyCB
                0x8001a9d8                func_8001A9D8
                0x8001a9f8                func_8001A9F8
                0x8001aa78                func_8001AA78
                0x8001aa88                func_8001AA88
                0x8001aa98                func_8001AA98
                0x8001aaa0                func_8001AAA0
                0x8001aad0                func_8001AAD0
                0x8001abb4                func_8001ABB4
                0x8001abbc                func_8001ABBC
                0x8001acf0                func_8001ACF0
                0x8001ae90                func_8001AE90
                0x8001af04                func_8001AF04
                0x8001af34                func_8001AF34
                0x8001b0d4                func_8001B0D4
                0x8001b22c                func_8001B22C
                0x8001b23c                func_8001B23C
                0x8001b26c                func_8001B26C
                0x8001b324                func_8001B324
                0x8001b34c                func_8001B34C
                0x8001b374                func_8001B374
                0x8001b384                func_8001B384
                0x8001b394                func_8001B394
                0x8001b3c4                ResourceLoadStateMachine
                0x8001b710                func_8001B710
                0x8001b788                ResourceGetCdLoc
                0x8001b7c4                func_8001B7C4
                0x8001b85c                func_8001B85C
                0x8001b86c                func_8001B86C
                0x8001ba84                func_8001BA84
                0x8001badc                func_8001BADC
                0x8001bb60                func_8001BB60
                0x8001bbbc                func_8001BBBC
                0x8001bc6c                func_8001BC6C
                0x8001bd80                SsGetMute
                0x8001bda0                func_8001BDA0
                0x8001be20                func_8001BE20
                0x8001be30                func_8001BE30
                0x8001bfa0                func_8001BFA0
                0x8001bfb0                func_8001BFB0
                0x8001bfd0                func_8001BFD0
                0x8001bfe8                func_8001BFE8
                0x8001bff8                func_8001BFF8
                0x8001c00c                func_8001C00C
                0x8001c044                func_8001C044
                0x8001c0c8                func_8001C0C8
                0x8001c14c                func_8001C14C
                0x8001c1e4                func_8001C1E4
                0x8001c214                func_8001C214
                0x8001c2c4                func_8001C2C4
                0x8001c320                func_8001C320
                0x8001c448                func_8001C448
                0x8001c4a4                func_8001C4A4
                0x8001c558                func_8001C558
                0x8001c5b8                func_8001C5B8
                0x8001c6e4                func_8001C6E4
                0x8001c744                func_8001C744
                0x8001c7b0                func_8001C7B0
                0x8001c810                func_8001C810
                0x8001c8c4                func_8001C8C4
                0x8001c924                func_8001C924
                0x8001c97c                func_8001C97C
                0x8001c9d0                func_8001C9D0
                0x8001ca1c                func_8001CA1C
                0x8001ca88                func_8001CA88
                0x8001cb00                func_8001CB00
                0x8001cb6c                func_8001CB6C
                0x8001cbdc                func_8001CBDC
                0x8001cc3c                func_8001CC3C
                0x8001cca0                func_8001CCA0
                0x8001cd04                func_8001CD04
                0x8001cd50                func_8001CD50
                0x8001cd9c                func_8001CD9C
                0x8001cde8                func_8001CDE8
                0x8001ce28                func_8001CE28
                0x8001ce68                func_8001CE68
                0x8001cec0                func_8001CEC0
                0x8001cf00                func_8001CF00
                0x8001cf30                func_8001CF30
                0x8001cf48                func_8001CF48
                0x8001cfb8                func_8001CFB8
                0x8001cfdc                func_8001CFDC
                0x8001d050                func_8001D050
                0x8001d074                func_8001D074
                0x8001d0e8                func_8001D0E8
                0x8001d0f4                func_8001D0F4
                0x8001d130                func_8001D130
                0x8001d150                func_8001D150
                0x8001d16c                func_8001D16C
                0x8001d1c4                func_8001D1C4
                0x8001d388                func_8001D388
                0x8001d3fc                func_8001D3FC
                0x8001d70c                func_8001D70C
                0x8001d8c4                func_8001D8C4
                0x8001da34                func_8001DA34
                0x8001e094                func_8001E094
                0x8001e378                func_8001E378
                0x8001e668                func_8001E668
                0x8001e7e0                func_8001E7E0
                0x8001ea14                func_8001EA14
                0x8001efe0                func_8001EFE0
                0x8001f730                func_8001F730
                0x8001f974                func_8001F974
                0x8001f97c                func_8001F97C
                0x8001f9f8                func_8001F9F8
                0x8001fb8c                func_8001FB8C
                0x8001fc08                func_8001FC08
                0x80020248                func_80020248
                0x80020598                func_80020598
                0x80020a28                func_80020A28
                0x80020da4                func_80020DA4
                0x80020f34                func_80020F34
                0x80021008                func_80021008
                0x80021050                func_80021050
                0x8002109c                func_8002109C
                0x80021120                func_80021120
                0x80021174                func_80021174
                0x80021284                func_80021284
                0x800215f4                func_800215F4
                0x80021d38                func_80021D38
                0x800221a8                func_800221A8
                0x800226c0                func_800226C0
                0x80023138                func_80023138
                0x800233cc                func_800233CC
                0x800234e4                func_800234E4
                0x80023570                func_80023570
                0x8002374c                func_8002374C
                0x80023bf0                func_80023BF0
                0x80024054                func_80024054
                0x800241c0                func_800241C0
                0x800242d0                func_800242D0
                0x800243ec                func_800243EC
                0x80024448                func_80024448
                0x800249f0                func_800249F0
                0x80024bc0                func_80024BC0
                0x80024de8                func_80024DE8
                0x80025000                func_80025000
                0x8002528c                func_8002528C
                0x80025504                func_80025504
                0x80025818                func_80025818
                0x80025a30                func_80025A30
                0x80025cbc                func_80025CBC
                0x80025eb8                func_80025EB8
                0x80026128                func_80026128
                0x800262d8                func_800262D8
                0x80026514                func_80026514
                0x800268d0                func_800268D0
                0x80026d64                func_80026D64
                0x80027058                func_80027058
                0x80027200                func_80027200
                0x800273f4                func_800273F4
                0x800275bc                func_800275BC
                0x800277dc                func_800277DC
                0x800279ac                func_800279AC
                0x80027bf0                func_80027BF0
                0x80027c10                func_80027C10
                0x80027d20                func_80027D20
                0x80027f4c                func_80027F4C
                0x80028200                func_80028200
                0x80028234                func_80028234
                0x8002823c                func_8002823C
                0x800282fc                func_800282FC
                0x80028304                func_80028304
                0x80028394                func_80028394
                0x80028428                func_80028428
                0x80028488                func_80028488
                0x8002850c                func_8002850C
                0x80028558                func_80028558
                0x800285ac                SsUtReverbOff
                0x800285cc                func_800285CC
                0x80028620                func_80028620
                0x80028694                func_80028694
                0x80028a30                func_80028A30
                0x80028a38                func_80028A38
                0x80028a40                func_80028A40
                0x80028a48                func_80028A48
                0x80028c50                func_80028C50
                0x80028d58                func_80028D58
                0x80028d78                func_80028D78
                0x80028d9c                func_80028D9C
                0x80028dbc                func_80028DBC
                0x80028de0                func_80028DE0
                0x80028e00                func_80028E00
                0x80028e24                func_80028E24
                0x80028e44                func_80028E44
                0x80028e68                func_80028E68
                0x80028e88                func_80028E88
                0x80028eac                func_80028EAC
                0x80028ecc                func_80028ECC
                0x80028ef0                func_80028EF0
                0x80028f10                func_80028F10
                0x80028f34                func_80028F34
                0x80028f54                func_80028F54
                0x80028f78                func_80028F78
                0x80028f98                func_80028F98
                0x80028fbc                func_80028FBC
                0x80028fdc                func_80028FDC
                0x80029000                func_80029000
                0x80029020                func_80029020
                0x80029044                func_80029044
                0x8002906c                func_8002906C
                0x80029094                func_80029094
                0x800290bc                func_800290BC
                0x800290e0                func_800290E0
                0x80029104                func_80029104
                0x80029124                func_80029124
                0x80029178                func_80029178
                0x800291a0                func_800291A0
                0x800291b4                func_800291B4
                0x800291c8                func_800291C8
                0x800291dc                func_800291DC
                0x800291f0                func_800291F0
                0x80029204                func_80029204
                0x80029218                func_80029218
                0x80029240                func_80029240
                0x80029254                func_80029254
                0x80029264                func_80029264
                0x80029274                func_80029274
                0x8002931c                func_8002931C
                0x80029344                func_80029344
                0x8002941c                func_8002941C
                0x80029444                func_80029444
                0x80029504                func_80029504
                0x80029514                func_80029514
                0x80029524                func_80029524
                0x8002953c                func_8002953C
                0x8002954c                func_8002954C
                0x8002955c                func_8002955C
                0x8002957c                func_8002957C
                0x8002958c                func_8002958C
                0x8002959c                func_8002959C
                0x800295d4                func_800295D4
                0x80029664                func_80029664
                0x80029690                func_80029690
                0x800296f8                func_800296F8
                0x80029774                func_80029774
                0x800298bc                func_800298BC
                0x8002992c                func_8002992C
                0x80029a58                func_80029A58
                0x80029a94                func_80029A94
                0x80029aac                func_80029AAC
                0x80029af4                func_80029AF4
                0x80029b4c                func_80029B4C
                0x80029bc8                func_80029BC8
                0x80029c44                func_80029C44
                0x80029cd4                func_80029CD4
                0x80029d3c                func_80029D3C
                0x80029db4                func_80029DB4
                0x80029e30                func_80029E30
                0x80029e94                func_80029E94
                0x80029ec0                func_80029EC0
                0x80029ed4                func_80029ED4
                0x80029fd4                func_80029FD4
                0x80029fe4                func_80029FE4
                0x8002a04c                func_8002A04C
                0x8002a088                func_8002A088
                0x8002a108                func_8002A108
                0x8002a1b4                func_8002A1B4
                0x8002a200                func_8002A200
                0x8002a234                func_8002A234
                0x8002a26c                func_8002A26C
                0x8002a27c                func_8002A27C
                0x8002a28c                func_8002A28C
                0x8002a2b0                func_8002A2B0
                0x8002a2d4                func_8002A2D4
                0x8002a354                func_8002A354
                0x8002a400                func_8002A400
                0x8002a44c                func_8002A44C
                0x8002a480                func_8002A480
                0x8002a4b8                func_8002A4B8
                0x8002a4c8                func_8002A4C8
                0x8002a4d8                func_8002A4D8
                0x8002a4fc                func_8002A4FC
                0x8002a520                func_8002A520
                0x8002a544                func_8002A544
                0x8002a5c4                func_8002A5C4
                0x8002a670                func_8002A670
                0x8002a6bc                func_8002A6BC
                0x8002a6f0                func_8002A6F0
                0x8002a728                func_8002A728
                0x8002a738                func_8002A738
                0x8002a748                func_8002A748
                0x8002a76c                func_8002A76C
                0x8002a790                func_8002A790
                0x8002a7b4                func_8002A7B4
                0x8002a834                func_8002A834
                0x8002a8e0                func_8002A8E0
                0x8002a92c                func_8002A92C
                0x8002a960                func_8002A960
                0x8002a998                func_8002A998
                0x8002a9a8                func_8002A9A8
                0x8002a9b8                func_8002A9B8
                0x8002a9dc                func_8002A9DC
                0x8002aa00                func_8002AA00
                0x8002aa3c                func_8002AA3C
                0x8002aaac                func_8002AAAC
                0x8002aab4                func_8002AAB4
                0x8002ab64                func_8002AB64
                0x8002ac00                func_8002AC00
                0x8002ac98                func_8002AC98
                0x8002ae60                func_8002AE60
                0x8002aed0                func_8002AED0
                0x8002aee4                func_8002AEE4
                0x8002aef8                func_8002AEF8
                0x8002af08                func_8002AF08
                0x8002af18                func_8002AF18
                0x8002af48                func_8002AF48
                0x8002af60                func_8002AF60
                0x8002af70                func_8002AF70
                0x8002b00c                func_8002B00C
                0x8002b064                func_8002B064
                0x8002b08c                func_8002B08C
 build/src/800_b.o(.text)
 .text          0x8002b0b4     0x135c build/src/800_b.o
                0x8002b0b4                func_8002B0B4
                0x8002c320                func_8002C320
                0x8002c3b0                func_8002C3B0
 build/src/800_b_o0a.o(.text)
 .text          0x8002c410      0x4ac build/src/800_b_o0a.o
                0x8002c410                func_8002C410
 build/src/800_b_2.o(.text)
 .text          0x8002c8bc     0x89b4 build/src/800_b_2.o
                0x8002c8bc                func_8002C8BC
                0x8002c8f4                func_8002C8F4
                0x8002cc4c                func_8002CC4C
                0x8002ccb4                func_8002CCB4
                0x8002ccd8                func_8002CCD8
                0x8002cdd8                func_8002CDD8
                0x8002cfe4                func_8002CFE4
                0x8002d034                func_8002D034
                0x8002d1f0                func_8002D1F0
                0x8002d240                func_8002D240
                0x8002d29c                func_8002D29C
                0x8002d320                func_8002D320
                0x8002d4b8                func_8002D4B8
                0x8002d4c8                func_8002D4C8
                0x8002d59c                func_8002D59C
                0x8002d678                func_8002D678
                0x8002d6d8                func_8002D6D8
                0x8002d7f4                func_8002D7F4
                0x8002d7fc                func_8002D7FC
                0x8002d80c                func_8002D80C
                0x8002d834                func_8002D834
                0x8002d844                func_8002D844
                0x8002d858                func_8002D858
                0x8002d8a8                func_8002D8A8
                0x8002d8d4                func_8002D8D4
                0x8002d904                func_8002D904
                0x8002dc68                func_8002DC68
                0x8002df80                func_8002DF80
                0x8002e138                func_8002E138
                0x8002e5bc                func_8002E5BC
                0x8002e5f8                func_8002E5F8
                0x8002e638                func_8002E638
                0x8002e700                func_8002E700
                0x8002e79c                func_8002E79C
                0x8002e818                func_8002E818
                0x8002e8dc                func_8002E8DC
                0x8002e94c                func_8002E94C
                0x8002ea10                func_8002EA10
                0x8002eab0                func_8002EAB0
                0x8002eb10                func_8002EB10
                0x8002ebac                func_8002EBAC
                0x8002ec10                func_8002EC10
                0x8002ed90                func_8002ED90
                0x8002ede4                func_8002EDE4
                0x8002ee64                func_8002EE64
                0x8002ee90                func_8002EE90
                0x8002eeb8                func_8002EEB8
                0x8002eed8                func_8002EED8
                0x8002efd0                func_8002EFD0
                0x8002eff8                func_8002EFF8
                0x8002f064                func_8002F064
                0x8002f0d0                func_8002F0D0
                0x8002f0f4                func_8002F0F4
                0x8002f12c                func_8002F12C
                0x8002f150                func_8002F150
                0x8002f1cc                func_8002F1CC
                0x8002f248                func_8002F248
                0x8002f4e4                func_8002F4E4
                0x8002f5c8                func_8002F5C8
                0x8002f620                func_8002F620
                0x8002f648                func_8002F648
                0x8002f658                func_8002F658
                0x8002f67c                func_8002F67C
                0x8002f714                func_8002F714
                0x8002f80c                func_8002F80C
                0x8002fa3c                func_8002FA3C
                0x8002fae0                func_8002FAE0
                0x8002fb08                func_8002FB08
                0x8002fc64                func_8002FC64
                0x8002fd14                func_8002FD14
                0x8002fdc8                func_8002FDC8
                0x8002fde8                func_8002FDE8
                0x8002ff0c                func_8002FF0C
                0x800301a4                func_800301A4
                0x800301c8                func_800301C8
                0x80030470                func_80030470
                0x800304c8                func_800304C8
                0x80030538                func_80030538
                0x80030634                func_80030634
                0x80030730                func_80030730
                0x80030a14                func_80030A14
                0x80030ca4                func_80030CA4
                0x80030d80                func_80030D80
                0x80030f80                func_80030F80
                0x800314dc                func_800314DC
                0x800316f8                func_800316F8
                0x80031988                func_80031988
                0x80031a98                func_80031A98
                0x80031b7c                func_80031B7C
                0x80031be0                func_80031BE0
                0x80031cc8                func_80031CC8
                0x80031d70                func_80031D70
                0x80031dec                func_80031DEC
                0x80031e94                func_80031E94
                0x80031f14                func_80031F14
                0x80031fc8                func_80031FC8
                0x80032048                func_80032048
                0x800322a8                func_800322A8
                0x800324a4                func_800324A4
                0x80032774                func_80032774
                0x80032a74                func_80032A74
                0x8003310c                func_8003310C
                0x800331d4                func_800331D4
                0x8003324c                func_8003324C
                0x80033324                func_80033324
                0x80033398                func_80033398
                0x8003350c                func_8003350C
                0x800335b8                func_800335B8
                0x800336a8                func_800336A8
                0x8003388c                func_8003388C
                0x800342e8                func_800342E8
                0x80034314                func_80034314
                0x80034650                func_80034650
                0x800346d0                func_800346D0
                0x800347c8                func_800347C8
                0x80034844                func_80034844
                0x800348a8                func_800348A8
                0x8003491c                func_8003491C
                0x80034a54                func_80034A54
                0x80034a9c                func_80034A9C
                0x80034ae0                func_80034AE0
                0x80034b0c                func_80034B0C
                0x80034b3c                func_80034B3C
                0x80034b98                CdQueueBusy
                0x80034c24                func_80034C24
                0x80034cf0                func_80034CF0
                0x80034dfc                func_80034DFC
                0x8003500c                func_8003500C
                0x800351e8                func_800351E8
                0x80035210                func_80035210
 build/src/800_c.o(.text)
 .text          0x80035270     0x51d4 build/src/800_c.o
                0x80035270                func_80035270
                0x800359b0                func_800359B0
                0x80035c4c                func_80035C4C
                0x8003602c                func_8003602C
                0x80036130                func_80036130
                0x800361cc                func_800361CC
                0x8003621c                func_8003621C
                0x80036260                func_80036260
                0x800363cc                StreamLoadStateMachine
                0x80036af8                func_80036AF8
                0x80036d24                func_80036D24
                0x80036d58                func_80036D58
                0x80036eb4                func_80036EB4
                0x80036ee8                func_80036EE8
                0x80036f18                func_80036F18
                0x80036f98                func_80036F98
                0x80036fb0                func_80036FB0
                0x80037004                func_80037004
                0x80037028                func_80037028
                0x80037144                func_80037144
                0x80037334                func_80037334
                0x80037358                func_80037358
                0x80037368                func_80037368
                0x800373d0                func_800373D0
                0x800374cc                func_800374CC
                0x8003750c                func_8003750C
                0x8003775c                func_8003775C
                0x800377d8                func_800377D8
                0x80037cc8                func_80037CC8
                0x80037cd8                func_80037CD8
                0x80037d74                func_80037D74
                0x80037d98                func_80037D98
                0x80037ea0                func_80037EA0
                0x80037f3c                func_80037F3C
                0x80037fc4                func_80037FC4
                0x8003819c                func_8003819C
                0x800381e4                func_800381E4
                0x80038210                func_80038210
                0x80038308                func_80038308
                0x8003834c                func_8003834C
                0x8003836c                func_8003836C
                0x800383a4                func_800383A4
                0x800384a8                func_800384A8
                0x800385c0                func_800385C0
                0x80038638                func_80038638
                0x80038668                func_80038668
                0x80038698                func_80038698
                0x800387c0                func_800387C0
                0x80038838                func_80038838
                0x800388e8                func_800388E8
                0x80038908                func_80038908
                0x80038958                func_80038958
                0x80038a00                func_80038A00
                0x80038a58                func_80038A58
                0x80038fc4                func_80038FC4
                0x80038ffc                func_80038FFC
                0x8003916c                func_8003916C
                0x800391d4                func_800391D4
                0x80039300                func_80039300
                0x80039308                func_80039308
                0x80039b20                func_80039B20
                0x80039c5c                func_80039C5C
                0x80039c70                func_80039C70
                0x80039dec                func_80039DEC
                0x80039f14                func_80039F14
                0x80039f50                func_80039F50
                0x8003a098                func_8003A098
                0x8003a0d0                func_8003A0D0
                0x8003a0e4                func_8003A0E4
                0x8003a234                func_8003A234
                0x8003a3d8                func_8003A3D8
                0x8003a404                func_8003A404
                0x8003a424                func_8003A424
 build/psyq/snd/S_INI.o(.text)
 .text          0x8003a444      0x174 build/psyq/snd/S_INI.o
                0x8003a444                _SpuInit
                0x8003a53c                SpuStart
 build/psyq/snd/SPU.o(.text)
 .text          0x8003a5b8      0xb94 build/psyq/snd/SPU.o
                0x8003a5b8                _spu_init
                0x8003a84c                _spu_FwriteByIO
                0x8003aa18                _spu_FiDMA
                0x8003aad8                _spu_Fr_
                0x8003ab84                _spu_t
                0x8003ae14                _spu_Fw
                0x8003ae9c                _spu_Fr
                0x8003af04                _spu_FsetRXX
                0x8003af4c                _spu_FsetRXXa
                0x8003aff0                _spu_FgetRXXa
                0x8003b02c                _spu_FsetPCR
                0x8003b08c                _spu_FsetDelayW
                0x8003b0b8                _spu_FsetDelayR
                0x8003b0e4                _spu_Fw1ts
 build/psyq/snd/S_DCB.o(.text)
 .text          0x8003b14c       0x24 build/psyq/snd/S_DCB.o
                0x8003b14c                _SpuDataCallback
 build/psyq/snd/S_Q.o(.text)
 .text          0x8003b170       0x7c build/psyq/snd/S_Q.o
                0x8003b170                SpuQuit
 build/psyq/snd/S_SE.o(.text)
 .text          0x8003b1ec       0x64 build/psyq/snd/S_SE.o
                0x8003b1ec                SpuSetEnv
 build/psyq/snd/SN_SVA.o(.text)
 .text          0x8003b250       0x30 build/psyq/snd/SN_SVA.o
                0x8003b250                SpuNSetVoiceAttr
 build/psyq/snd/S_SR.o(.text)
 .text          0x8003b280       0xd0 build/psyq/snd/S_SR.o
                0x8003b280                SpuSetReverb
 build/psyq/snd/S_M_UTIL.o(.text)
 .text          0x8003b350      0x10c build/psyq/snd/S_M_UTIL.o
                0x8003b350                _SpuIsInAllocateArea
                0x8003b3d0                _SpuIsInAllocateArea_
 build/psyq/snd/S_SRMP.o(.text)
 .text          0x8003b45c      0x4f8 build/psyq/snd/S_SRMP.o
                0x8003b45c                SpuSetReverbModeParam
 build/psyq/snd/S_SRA.o(.text)
 .text          0x8003b954      0x4d0 build/psyq/snd/S_SRA.o
                0x8003b954                _spu_setReverbAttr
 build/psyq/snd/S_RRWA.o(.text)
 .text          0x8003be24       0x50 build/psyq/snd/S_RRWA.o
                0x8003be24                SpuReserveReverbWorkArea
 build/psyq/snd/S_SRV.o(.text)
 .text          0x8003be74       0x24 build/psyq/snd/S_SRV.o
                0x8003be74                SpuSetReverbVoice
 build/psyq/snd/S_SAV.o(.text)
 .text          0x8003be98      0x208 build/psyq/snd/S_SAV.o
                0x8003be98                _SpuSetAnyVoice
 build/psyq/snd/S_CRWA.o(.text)
 .text          0x8003c0a0      0x19c build/psyq/snd/S_CRWA.o
                0x8003c0a0                SpuClearReverbWorkArea
 build/psyq/snd/S_SK.o(.text)
 .text          0x8003c23c      0x1fc build/psyq/snd/S_SK.o
                0x8003c23c                SpuSetKey
 build/src/sgap.o(.text)
 .text          0x8003c438       0x60 build/src/sgap.o
                0x8003c438                SpuWrite
 build/psyq/snd/S_STSA.o(.text)
 .text          0x8003c498       0x58 build/psyq/snd/S_STSA.o
                0x8003c498                SpuSetTransferStartAddr
 build/psyq/snd/S_ITC.o(.text)
 .text          0x8003c4f0       0xa8 build/psyq/snd/S_ITC.o
                0x8003c4f0                SpuIsTransferCompleted
 build/psyq/snd/S_SCA.o(.text)
 .text          0x8003c598      0x394 build/psyq/snd/S_SCA.o
                0x8003c598                SpuSetCommonAttr
 build/psyq/snd/SR_SV.o(.text)
 .text          0x8003c92c      0x63c build/psyq/snd/SR_SV.o
                0x8003c92c                _SpuRSetVoiceAttr
 build/psyq/snd/S_N2P.o(.text)
 .text          0x8003cf68      0x2f4 build/psyq/snd/S_N2P.o
                0x8003cf68                _spu_2pitch
                0x8003cff8                _spu_note2pitch
                0x8003d134                _spu_pitch2note
 build/psyq/snd/SR_GAKS.o(.text)
 .text          0x8003d25c      0x158 build/psyq/snd/SR_GAKS.o
                0x8003d25c                SpuRGetAllKeysStatus
                0x8003d32c                SpuGetAllKeysStatus
 build/psyq/snd/S_SVRR.o(.text)
 .text          0x8003d3b4       0x44 build/psyq/snd/S_SVRR.o
                0x8003d3b4                SpuSetVoiceRR
 build/psyq/snd/S_SRMD.o(.text)
 .text          0x8003d3f8       0x2c build/psyq/snd/S_SRMD.o
                0x8003d3f8                SpuSetReverbModeDepth
 build/src/sgap_2.o(.text)
 .text          0x8003d424       0x10 build/src/sgap_2.o
                0x8003d424                func_8003D424
 build/psyq/snd/S_GRMD.o(.text)
 .text          0x8003d434       0x20 build/psyq/snd/S_GRMD.o
                0x8003d434                SpuGetReverbModeDepth
 build/psyq/snd/SSEND.o(.text)
 .text          0x8003d454       0xc4 build/psyq/snd/SSEND.o
                0x8003d454                SsEnd
 build/psyq/snd/SSINIT_C.o(.text)
 .text          0x8003d518       0x30 build/psyq/snd/SSINIT_C.o
                0x8003d518                SsInit
 build/psyq/snd/SSINIT.o(.text)
 .text          0x8003d548       0xe8 build/psyq/snd/SSINIT.o
                0x8003d548                _SsInit
 build/src/sgap_3.o(.text)
 .text          0x8003d630       0x20 build/src/sgap_3.o
                0x8003d630                func_8003D630
 build/psyq/snd/SSSATTR.o(.text)
 .text          0x8003d650       0x94 build/psyq/snd/SSSATTR.o
                0x8003d650                SsSetSerialAttr
 build/psyq/snd/SSSTART.o(.text)
 .text          0x8003d6e4      0x338 build/psyq/snd/SSSTART.o
                0x8003d6e4                _SsStart
                0x8003d94c                SsStart
                0x8003d96c                SsStart2
                0x8003d98c                _SsTrapIntrVSync
                0x8003d9cc                _SsSeqCalledTbyT_1per2
 build/psyq/snd/SSCALL.o(.text)
 .text          0x8003da1c      0x274 build/psyq/snd/SSCALL.o
                0x8003da1c                SsSeqCalledTbyT
 build/src/sgap_4.o(.text)
 .text          0x8003dc90      0x5b8 build/src/sgap_4.o
                0x8003dc90                func_8003DC90
                0x8003df8c                func_8003DF8C
 build/psyq/snd/PAUSE.o(.text)
 .text          0x8003e248       0x9c build/psyq/snd/PAUSE.o
                0x8003e248                _SsSndPause
 build/src/sgap_5.o(.text)
 .text          0x8003e2e4       0x2c build/src/sgap_5.o
                0x8003e2e4                _SsSndPlay
 build/psyq/snd/MIDIREAD.o(.text)
 .text          0x8003e310      0x6f4 build/psyq/snd/MIDIREAD.o
                0x8003e310                _SsSeqPlay
                0x8003e418                _SsSeqGetEof
                0x8003e65c                _SsGetSeqData
 build/psyq/snd/MIDITIME.o(.text)
 .text          0x8003ea04       0xb0 build/psyq/snd/MIDITIME.o
                0x8003ea04                _SsReadDeltaValue
 build/psyq/snd/NEXT.o(.text)
 .text          0x8003eab4       0xfc build/psyq/snd/NEXT.o
                0x8003eab4                _SsSndNextSep
 build/psyq/snd/REPLAY.o(.text)
 .text          0x8003ebb0       0x60 build/psyq/snd/REPLAY.o
                0x8003ebb0                _SsSndReplay
 build/psyq/snd/SSSTOP.o(.text)
 .text          0x8003ec10      0x1d8 build/psyq/snd/SSSTOP.o
                0x8003ec10                _SsSndStop
                0x8003ed94                SsSeqStop
                0x8003edbc                SsSepStop
 build/psyq/snd/SSSV.o(.text)
 .text          0x8003ede8       0xfc build/psyq/snd/SSSV.o
                0x8003ede8                SsSetSerialVol
 build/psyq/snd/TEMPO.o(.text)
 .text          0x8003eee4      0x220 build/psyq/snd/TEMPO.o
                0x8003eee4                _SsSndTempo
 build/psyq/snd/SSGCP.o(.text)
 .text          0x8003f104       0x40 build/psyq/snd/SSGCP.o
                0x8003f104                SsGetCurrentPoint
 build/psyq/snd/UT_GVA.o(.text)
 .text          0x8003f144      0x23c build/psyq/snd/UT_GVA.o
                0x8003f144                SsUtGetVagAtr
 build/psyq/snd/UT_GVAD.o(.text)
 .text          0x8003f380       0xb4 build/psyq/snd/UT_GVAD.o
                0x8003f380                SsUtGetVagAddr
 build/psyq/snd/UT_KEYV.o(.text)
 .text          0x8003f434      0x40c build/psyq/snd/UT_KEYV.o
                0x8003f434                SsUtKeyOnV
                0x8003f7c8                SsUtKeyOffV
 build/psyq/snd/VM_ALOC2.o(.text)
 .text          0x8003f840      0x214 build/psyq/snd/VM_ALOC2.o
                0x8003f840                _SsVmDoAllocate
 build/src/sgap_6.o(.text)
 .text          0x8003fa54       0x10 build/src/sgap_6.o
                0x8003fa54                func_8003FA54
 build/psyq/snd/VM_F.o(.text)
 .text          0x8003fa64      0x3b4 build/psyq/snd/VM_F.o
                0x8003fa64                _SsVmFlush
 build/psyq/snd/S_SNV.o(.text)
 .text          0x8003fe18       0x24 build/psyq/snd/S_SNV.o
                0x8003fe18                SpuSetNoiseVoice
 build/psyq/snd/VM_INIT.o(.text)
 .text          0x8003fe3c      0x310 build/psyq/snd/VM_INIT.o
                0x8003fe3c                _SsVmInit
 build/psyq/snd/S_M_INIT.o(.text)
 .text          0x8004014c       0x54 build/psyq/snd/S_M_INIT.o
                0x8004014c                SpuInitMalloc
 build/psyq/snd/S_IT.o(.text)
 .text          0x800401a0       0x44 build/psyq/snd/S_IT.o
                0x800401a0                _spu_setInTransfer
                0x800401cc                _spu_getInTransfer
 build/psyq/snd/VM_N2P.o(.text)
 .text          0x800401e4      0x1c0 build/psyq/snd/VM_N2P.o
                0x800401e4                note2pitch
                0x800402a8                note2pitch2
 build/psyq/snd/VM_NO1.o(.text)
 .text          0x800403a4      0x4c4 build/psyq/snd/VM_NO1.o
                0x800403a4                vmNoiseOn
 build/psyq/snd/VM_NOWOF.o(.text)
 .text          0x80040868       0xd0 build/psyq/snd/VM_NOWOF.o
                0x80040868                _SsVmKeyOffNow
 build/psyq/snd/VM_NOWON.o(.text)
 .text          0x80040938      0x4b0 build/psyq/snd/VM_NOWON.o
                0x80040938                _SsVmKeyOnNow
 build/src/sgap_8.o(.text)
 .text          0x80040de8      0x6fc build/src/sgap_8.o
                0x80040de8                func_80040DE8
                0x80041354                func_80041354
                0x800413b8                func_800413B8
                0x80041400                func_80041400
                0x80041448                func_80041448
 build/psyq/snd/VM_VSU.o(.text)
 .text          0x800414e4       0xc4 build/psyq/snd/VM_VSU.o
                0x800414e4                _SsVmVSetUp
 build/psyq/snd/VS_VAB.o(.text)
 .text          0x800415a8       0x84 build/psyq/snd/VS_VAB.o
                0x800415a8                SsVabClose
 build/psyq/snd/S_M_F.o(.text)
 .text          0x8004162c       0x7c build/psyq/snd/S_M_F.o
                0x8004162c                SpuFree
 build/psyq/snd/S_M_INT.o(.text)
 .text          0x800416a8      0x308 build/psyq/snd/S_M_INT.o
                0x800416a8                _spu_gcSPU
 build/psyq/snd/VS_VFB.o(.text)
 .text          0x800419b0       0x70 build/psyq/snd/VS_VFB.o
                0x800419b0                SsVabFakeBody
 build/psyq/snd/VS_VH.o(.text)
 .text          0x80041a20      0x46c build/psyq/snd/VS_VH.o
                0x80041a20                SsVabOpenHead
                0x80041a50                SsVabOpenHeadSticky
                0x80041a80                SsVabFakeHead
                0x80041ab0                SsVabOpenHeadWithMode
 build/psyq/snd/S_M_M.o(.text)
 .text          0x80041e8c      0x2c8 build/psyq/snd/S_M_M.o
                0x80041e8c                SpuMalloc
 build/psyq/snd/VS_VTBP.o(.text)
 .text          0x80042154      0x160 build/psyq/snd/VS_VTBP.o
                0x80042154                SsVabTransBodyPartly
 build/psyq/snd/S_STM.o(.text)
 .text          0x800422b4       0x34 build/psyq/snd/S_STM.o
                0x800422b4                SpuSetTransferMode
 build/psyq/snd/S_WP.o(.text)
 .text          0x800422e8       0x8c build/psyq/snd/S_WP.o
                0x800422e8                SpuWritePartly
 build/psyq/snd/VS_VTC.o(.text)
 .text          0x80042374       0x28 build/psyq/snd/VS_VTC.o
                0x80042374                SsVabTransCompleted
 build/psyq/libetc/VSYNC.o(.text)
 .text          0x8004239c      0x1e4 build/psyq/libetc/VSYNC.o
                0x8004239c                VSync
                0x800424e4                v_wait
 build/psyq/libetc/INTR.o(.text)
 .text          0x80042580      0x710 build/psyq/libetc/INTR.o
                0x80042580                ResetCallback
                0x800425b0                InterruptCallback
                0x800425e0                DMACallback
                0x80042610                VSyncCallback
                0x80042644                VSyncCallbacks
                0x80042674                StopCallback
                0x800426a4                RestartCallback
                0x800426e4                GetIntrMask
                0x800426fc                SetIntrMask
                0x80042718                startIntr
                0x800427f4                trapIntr
                0x800429dc                setIntr
                0x80042b30                stopIntr
                0x80042bdc                restartIntr
                0x80042c64                memclr
 build/psyq/libetc/INTR_VB.o(.text)
 .text          0x80042c90      0x128 build/psyq/libetc/INTR_VB.o
                0x80042c90                startIntrVSync
                0x80042ce8                trapIntrVSync
                0x80042d60                setIntrVSync
 build/psyq/libetc/INTR_DMA.o(.text)
 .text          0x80042db8      0x2a8 build/psyq/libetc/INTR_DMA.o
                0x80042db8                startIntrDMA
                0x80042e08                trapIntrDMA
                0x80042f8c                setIntrDMA
 build/psyq/libetc/VMODE.o(.text)
 .text          0x80043060       0x28 build/psyq/libetc/VMODE.o
                0x80043060                SetVideoMode
 build/psyq/libcd/CDROM.o(.text)
 .text          0x80043088       0x30 build/psyq/libcd/CDROM.o
                0x80043088                StSetRing
 build/psyq/libcd/TOC.o(.text)
 .text          0x800430b8      0x248 build/psyq/libcd/TOC.o
                0x800430b8                CdGetToc
                0x800430dc                CdGetToc2
 build/psyq/libcd/EVENT.o(.text)
 .text          0x80043300      0x110 build/psyq/libcd/EVENT.o
                0x80043300                CdInit
                0x80043398                def_cbsync
                0x800433c0                def_cbready
                0x800433e8                def_cbread
 build/psyq/libcd/SYS.o(.text)
 .text          0x80043410      0x78c build/psyq/libcd/SYS.o
                0x80043410                CdStatus
                0x80043420                CdMode
                0x80043430                CdLastCom
                0x80043440                CdLastPos
                0x80043450                CdReset
                0x800434bc                CdFlush
                0x800434dc                CdSetDebug
                0x800434f4                CdComstr
                0x80043528                CdIntstr
                0x8004355c                CdSync
                0x8004357c                CdReady
                0x8004359c                CdSyncCallback
                0x800435b4                CdReadyCallback
                0x800435cc                CdControl
                0x80043704                CdControlF
                0x80043830                CdControlB
                0x80043974                CdMix
                0x80043994                CdGetSector
                0x800439b4                CdGetSector2
                0x800439d4                CdDataCallback
                0x800439f8                CdDataSync
                0x80043a18                CdIntToPos
                0x80043b1c                CdPosToInt
 build/psyq/libcd/BIOS.o(.text)
 .text          0x80043b9c     0x17d8 build/psyq/libcd/BIOS.o
                0x80043b9c                getintr
                0x80044124                CD_sync
                0x800443a4                CD_ready
                0x80044670                CD_cw
                0x80044a8c                CD_vol
                0x80044b14                CD_flush
                0x80044bf4                CD_initvol
                0x80044ce8                CD_initintr
                0x80044d38                CD_init
                0x80044f24                CD_datasync
                0x80045090                CD_getsector
                0x80045190                CD_getsector2
                0x80045280                CD_set_test_parmnum
                0x80045290                callback
 build/psyq/libcd/ISO9660.o(.text)
 .text          0x80045374      0x98c build/psyq/libcd/ISO9660.o
                0x80045374                CdSearchFile
                0x80045640                _cmp
                0x80045660                CD_newmedia
                0x80045940                CD_searchdir
                0x800459e8                CD_cachefile
                0x80045c94                cd_read
 build/psyq/libcd/CDREAD.o(.text)
 .text          0x80045d00      0x87c build/psyq/libcd/CDREAD.o
                0x80045d00                cb_read
                0x80045fd0                cb_data
                0x800460cc                cd_read_retry
                0x800462e0                CdReadBreak
                0x8004637c                CdRead
                0x80046480                CdReadSync
                0x8004654c                CdReadCallback
                0x80046564                CdReadMode
 build/psyq/libcd/CDREAD2.o(.text)
 .text          0x8004657c       0xb4 build/psyq/libcd/CDREAD2.o
                0x8004657c                CdRead2
                0x80046610                StCdInterrupt2
 build/psyq/libcd/TYPE.o(.text)
 .text          0x80046630      0x26c build/psyq/libcd/TYPE.o
                0x80046630                CdDiskReady
                0x8004674c                CdGetDiskType
 build/psyq/libcd/C_002.o(.text)
 .text          0x8004689c       0x60 build/psyq/libcd/C_002.o
                0x8004689c                StClearRing
 build/psyq/libcd/C_003.o(.text)
 .text          0x800468fc       0x84 build/psyq/libcd/C_003.o
                0x800468fc                StUnSetRing
 build/src/gap.o(.text)
 .text          0x80046980       0x4c build/src/gap.o
                0x80046980                DsSyncCallback
                0x80046994                DsReadyCallback
                0x800469a8                DsDataCallback
 build/psyq/libcd/C_004.o(.text)
 .text          0x800469cc       0xf0 build/psyq/libcd/C_004.o
                0x800469cc                data_ready_callback
                0x80046a5c                StGetBackloc
 build/psyq/libcd/C_005.o(.text)
 .text          0x80046abc       0x88 build/psyq/libcd/C_005.o
                0x80046abc                StSetStream
 build/psyq/libcd/C_007.o(.text)
 .text          0x80046b44       0xb8 build/psyq/libcd/C_007.o
                0x80046b44                StFreeRing
 build/psyq/libcd/C_008.o(.text)
 .text          0x80046bfc       0x3c build/psyq/libcd/C_008.o
                0x80046bfc                init_ring_status
 build/psyq/libcd/C_009.o(.text)
 .text          0x80046c38       0xc4 build/psyq/libcd/C_009.o
                0x80046c38                StGetNext
 build/psyq/libcd/C_010.o(.text)
 .text          0x80046cfc       0x20 build/psyq/libcd/C_010.o
                0x80046cfc                StSetMask
 build/psyq/libcd/C_011.o(.text)
 .text          0x80046d1c      0xb60 build/psyq/libcd/C_011.o
                0x80046d1c                StCdInterrupt
                0x8004768c                mem2mem
                0x800476c0                dma_execute
 build/psyq/libgte/GEO_00.o(.text)
 .text          0x8004787c       0xcc build/psyq/libgte/GEO_00.o
                0x800478b8                sin_1
 build/psyq/libgte/GEO_01.o(.text)
 .text          0x80047948       0xa0 build/psyq/libgte/GEO_01.o
 build/psyq/libgte/COR_05.o(.text)
 .text          0x800479e8      0x1f0 build/psyq/libgte/COR_05.o
                0x800479e8                csqrt_1
                0x80047b3c                csqrt
 build/psyq/libgte/COR_06.o(.text)
 .text          0x80047bd8       0xd4 build/psyq/libgte/COR_06.o
                0x80047bd8                catan
 build/psyq/libgte/MSC00.o(.text)
 .text          0x80047cac       0x90 build/psyq/libgte/MSC00.o
 build/psyq/libgte/MSC01.o(.text)
 .text          0x80047d3c       0x90 build/psyq/libgte/MSC01.o
 build/psyq/libgte/MSC02.o(.text)
 .text          0x80047dcc      0x2a0 build/psyq/libgte/MSC02.o
                0x80047dcc                InvSquareRoot
                0x80047e58                VectorNormalS
                0x80047e6c                VectorNormal
                0x80047e98                VectorNormalSS
                0x80047f84                MatrixNormal
 build/psyq/libgte/MSC05.o(.text)
 .text          0x8004806c       0x80 build/psyq/libgte/MSC05.o
                0x8004806c                gteMIMefunc
 build/psyq/libgte/MSC09.o(.text)
 .text          0x800480ec       0xa0 build/psyq/libgte/MSC09.o
                0x800480ec                SquareRoot12
 build/psyq/libgte/MTX_000.o(.text)
 .text          0x8004818c      0x110 build/psyq/libgte/MTX_000.o
                0x8004818c                MulMatrix0
 build/psyq/libgte/MTX_001.o(.text)
 .text          0x8004829c       0xf0 build/psyq/libgte/MTX_001.o
                0x8004829c                MulRotMatrix
 build/psyq/libgte/MTX_003.o(.text)
 .text          0x8004838c      0x160 build/psyq/libgte/MTX_003.o
                0x8004838c                CompMatrix
 build/psyq/libgte/MTX_004.o(.text)
 .text          0x800484ec      0x160 build/psyq/libgte/MTX_004.o
 build/psyq/libgte/MTX_005.o(.text)
 .text          0x8004864c       0x30 build/psyq/libgte/MTX_005.o
                0x8004864c                ApplyRotMatrix
 build/psyq/libgte/MTX_006.o(.text)
 .text          0x8004867c      0x140 build/psyq/libgte/MTX_006.o
                0x8004867c                PushMatrix
                0x8004871c                PopMatrix
 build/psyq/libgte/MTX_009.o(.text)
 .text          0x800487bc       0x50 build/psyq/libgte/MTX_009.o
                0x800487bc                ReadRotMatrix
 build/psyq/libgte/MTX_00B.o(.text)
 .text          0x8004880c      0x110 build/psyq/libgte/MTX_00B.o
                0x8004880c                SetMulMatrix
 build/psyq/libgte/MTX_00C.o(.text)
 .text          0x8004891c      0x250 build/psyq/libgte/MTX_00C.o
                0x8004891c                CompMatrixLV
 build/psyq/libgte/MTX_01.o(.text)
 .text          0x80048b6c      0x140 build/psyq/libgte/MTX_01.o
                0x80048b6c                ApplyRotMatrixLV
 build/psyq/libgte/MTX_02.o(.text)
 .text          0x80048cac       0xf0 build/psyq/libgte/MTX_02.o
                0x80048cac                SetMulRotMatrix
 build/psyq/libgte/MTX_03.o(.text)
 .text          0x80048d9c      0x110 build/psyq/libgte/MTX_03.o
 build/psyq/libgte/MTX_04.o(.text)
 .text          0x80048eac      0x110 build/psyq/libgte/MTX_04.o
 build/psyq/libgte/MTX_06.o(.text)
 .text          0x80048fbc       0x60 build/psyq/libgte/MTX_06.o
                0x80048fbc                ApplyMatrixSV
 build/psyq/libgte/MTX_08.o(.text)
 .text          0x8004901c      0x130 build/psyq/libgte/MTX_08.o
 build/psyq/libgte/MTX_09.o(.text)
 .text          0x8004914c       0x30 build/psyq/libgte/MTX_09.o
 build/psyq/libgte/MTX_10.o(.text)
 .text          0x8004917c       0x30 build/psyq/libgte/MTX_10.o
 build/psyq/libgte/MTX_12.o(.text)
 .text          0x800491ac       0x20 build/psyq/libgte/MTX_12.o
 build/psyq/libgte/REG08.o(.text)
 .text          0x800491cc       0x20 build/psyq/libgte/REG08.o
                0x800491cc                ReadGeomOffset
 build/psyq/libgte/REG09.o(.text)
 .text          0x800491ec       0x10 build/psyq/libgte/REG09.o
 build/psyq/libgte/REG10.o(.text)
 .text          0x800491fc       0x20 build/psyq/libgte/REG10.o
 build/psyq/libgte/REG12.o(.text)
 .text          0x8004921c       0x20 build/psyq/libgte/REG12.o
 build/psyq/libgte/REG13.o(.text)
 .text          0x8004923c       0x10 build/psyq/libgte/REG13.o
 build/psyq/libgte/SMP_00.o(.text)
 .text          0x8004924c      0x210 build/psyq/libgte/SMP_00.o
                0x8004924c                LightColor
                0x80049274                DpqColorLight
                0x8004929c                DpqColor3
                0x800492d8                Intpl
                0x800492fc                Square12
                0x80049324                Square0
                0x8004934c                AverageZ3
                0x8004936c                AverageZ4
                0x80049390                OuterProduct12
                0x800493e8                OuterProduct0
 build/psyq/libgte/SMP_01.o(.text)
 .text          0x8004945c      0x100 build/psyq/libgte/SMP_01.o
                0x8004945c                RotTransSV
                0x8004948c                SquareSS12
                0x800494c4                SquareSS0
                0x800494fc                SquareSL12
                0x8004952c                SquareSL0
 build/psyq/libgte/SMP_02.o(.text)
 .text          0x8004955c       0x30 build/psyq/libgte/SMP_02.o
                0x8004955c                RotTransPers
 build/psyq/libgte/SMP_03.o(.text)
 .text          0x8004958c       0x60 build/psyq/libgte/SMP_03.o
                0x8004958c                RotTransPers3
 build/psyq/libgte/SMP_05.o(.text)
 .text          0x800495ec       0x30 build/psyq/libgte/SMP_05.o
                0x800495ec                NormalClip
 build/psyq/libgte/CMB_00.o(.text)
 .text          0x8004961c       0x80 build/psyq/libgte/CMB_00.o
                0x8004961c                RotTransPers4
 build/psyq/libgte/CMB_05.o(.text)
 .text          0x8004969c       0xb0 build/psyq/libgte/CMB_05.o
                0x8004969c                RotNclip4
 build/psyq/libgte/FGO_00.o(.text)
 .text          0x8004974c       0x40 build/psyq/libgte/FGO_00.o
 build/psyq/libgte/FGO_01.o(.text)
 .text          0x8004978c      0x290 build/psyq/libgte/FGO_01.o
 build/psyq/libgte/FGO_02.o(.text)
 .text          0x80049a1c      0x290 build/psyq/libgte/FGO_02.o
                0x80049a1c                RotMatrixYXZ
 build/psyq/libgte/FGO_03.o(.text)
 .text          0x80049cac      0x290 build/psyq/libgte/FGO_03.o
                0x80049cac                RotMatrixZYX
 build/psyq/libgte/FGO_04.o(.text)
 .text          0x80049f3c      0x1a0 build/psyq/libgte/FGO_04.o
                0x80049f3c                RotMatrixX
 build/psyq/libgte/FGO_05.o(.text)
 .text          0x8004a0dc      0x1a0 build/psyq/libgte/FGO_05.o
                0x8004a0dc                RotMatrixY
 build/psyq/libgte/FGO_06.o(.text)
 .text          0x8004a27c      0x1a0 build/psyq/libgte/FGO_06.o
                0x8004a27c                RotMatrixZ
 build/psyq/libgte/PRS_F3.o(.text)
 .text          0x8004a41c      0x4b0 build/psyq/libgte/PRS_F3.o
                0x8004a41c                GsPrstNF3
                0x8004a53c                GsPrstF3NL
                0x8004a660                GsPrstF3L
                0x8004a794                GsPrstF3LFG
 build/psyq/libgte/PRS_F4.o(.text)
 .text          0x8004a8cc      0x570 build/psyq/libgte/PRS_F4.o
                0x8004a8cc                GsPrstNF4
                0x8004aa18                GsPrstF4NL
                0x8004ab68                GsPrstF4L
                0x8004accc                GsPrstF4LFG
 build/psyq/libgte/PRS_G3.o(.text)
 .text          0x8004ae3c      0x540 build/psyq/libgte/PRS_G3.o
                0x8004ae3c                GsPrstNG3
                0x8004af5c                GsPrstG3NL
                0x8004b078                GsPrstG3L
                0x8004b1f8                GsPrstG3LFG
 build/psyq/libgte/PRS_G4.o(.text)
 .text          0x8004b37c      0x630 build/psyq/libgte/PRS_G4.o
                0x8004b37c                GsPrstNG4
                0x8004b4c8                GsPrstG4NL
                0x8004b614                GsPrstG4L
                0x8004b7e0                GsPrstG4LFG
 build/psyq/libgte/PRS_FT3.o(.text)
 .text          0x8004b9ac      0x4e0 build/psyq/libgte/PRS_FT3.o
                0x8004b9ac                GsPrstTNF3
                0x8004bacc                GsPrstTF3NL
                0x8004bbf0                GsPrstTF3L
                0x8004bd38                GsPrstTF3LFG
 build/psyq/libgte/PRS_FT4.o(.text)
 .text          0x8004be8c      0x590 build/psyq/libgte/PRS_FT4.o
                0x8004be8c                GsPrstTNF4
                0x8004bfd8                GsPrstTF4NL
                0x8004c128                GsPrstTF4L
                0x8004c2a0                GsPrstTF4LFG
 build/psyq/libgte/PRS_GT3.o(.text)
 .text          0x8004c41c      0x570 build/psyq/libgte/PRS_GT3.o
                0x8004c41c                GsPrstTNG3
                0x8004c53c                GsPrstTG3NL
                0x8004c658                GsPrstTG3L
                0x8004c7ec                GsPrstTG3LFG
 build/psyq/libgte/PRS_GT4.o(.text)
 .text          0x8004c98c      0x660 build/psyq/libgte/PRS_GT4.o
                0x8004c98c                GsPrstTNG4
                0x8004cad8                GsPrstTG4NL
                0x8004cc24                GsPrstTG4L
                0x8004ce04                GsPrstTG4LFG
 build/psyq/libgte/RATAN.o(.text)
 .text          0x8004cfec      0x180 build/psyq/libgte/RATAN.o
                0x8004cfec                ratan2
 build/psyq/libgte/PATCHGTE.o(.text)
 .text          0x8004d16c       0xa0 build/psyq/libgte/PATCHGTE.o
                0x8004d16c                _patch_gte
 build/psyq/libgte/TRR.o(.text)
 .text          0x8004d20c      0x4b0 build/psyq/libgte/TRR.o
                0x8004d20c                TransRot_32
                0x8004d3ac                TransRotPers
                0x8004d420                TransRotPers3
                0x8004d504                ApplyTransposeMatrixLV
 build/psyq/libgte/F3.o(.text)
 .text          0x8004d6bc      0x510 build/psyq/libgte/F3.o
                0x8004d6bc                GsTMDfastNF3
                0x8004d7f8                GsTMDfastF3NL
                0x8004d938                GsTMDfastF3L
                0x8004da80                GsTMDfastF3LFG
 build/psyq/libgte/F4.o(.text)
 .text          0x8004dbcc      0x5d0 build/psyq/libgte/F4.o
                0x8004dbcc                GsTMDfastNF4
                0x8004dd34                GsTMDfastF4NL
                0x8004dea0                GsTMDfastF4L
                0x8004e018                GsTMDfastF4LFG
 build/psyq/libgte/G3.o(.text)
 .text          0x8004e19c      0x5b0 build/psyq/libgte/G3.o
                0x8004e19c                GsTMDfastNG3
                0x8004e2e4                GsTMDfastG3NL
                0x8004e424                GsTMDfastG3L
                0x8004e5b4                GsTMDfastG3LFG
 build/psyq/libgte/G4.o(.text)
 .text          0x8004e74c      0x6c0 build/psyq/libgte/G4.o
                0x8004e74c                GsTMDfastNG4
                0x8004e8cc                GsTMDfastG4NL
                0x8004ea40                GsTMDfastG4L
                0x8004ec20                GsTMDfastG4LFG
 build/psyq/libgte/FT3.o(.text)
 .text          0x8004ee0c      0x5b0 build/psyq/libgte/FT3.o
                0x8004ee0c                GsTMDfastTNF3
                0x8004ef78                GsTMDfastTF3NL
                0x8004f0dc                GsTMDfastTF3L
                0x8004f24c                GsTMDfastTF3LFG
 build/psyq/libgte/FT4.o(.text)
 .text          0x8004f3bc      0x6a0 build/psyq/libgte/FT4.o
                0x8004f3bc                GsTMDfastTNF4
                0x8004f55c                GsTMDfastTF4NL
                0x8004f6f8                GsTMDfastTF4L
                0x8004f8a4                GsTMDfastTF4LFG
 build/psyq/libgte/GT3.o(.text)
 .text          0x8004fa5c      0x640 build/psyq/libgte/GT3.o
                0x8004fa5c                GsTMDfastTNG3
                0x8004fbd4                GsTMDfastTG3NL
                0x8004fd30                GsTMDfastTG3L
                0x8004fee4                GsTMDfastTG3LFG
 build/psyq/libgte/GT4.o(.text)
 .text          0x8005009c      0x770 build/psyq/libgte/GT4.o
                0x8005009c                GsTMDfastTNG4
                0x80050258                GsTMDfastTG4NL
                0x800503f0                GsTMDfastTG4L
                0x800505fc                GsTMDfastTG4LFG
 build/psyq/libgs/2D_BG0.o(.text)
 .text          0x8005080c      0x838 build/psyq/libgs/2D_BG0.o
                0x8005080c                GsSortBg
 build/psyq/libgs/2D_BG1.o(.text)
 .text          0x80051044      0x7c0 build/psyq/libgs/2D_BG1.o
                0x80051044                GsSortFastBg
 build/psyq/libgs/2D_COM0.o(.text)
 .text          0x80051804      0x574 build/psyq/libgs/2D_COM0.o
                0x80051804                _mk_spr_packet
                0x80051844                _mk_xpndsp
                0x80051b0c                _mk_normsp
 build/psyq/libgte/MTX_05.o(.text)
 .text          0x80051d78       0x50 build/psyq/libgte/MTX_05.o
                0x80051d78                ApplyMatrix
 build/psyq/libgs/2D_LIN0.o(.text)
 .text          0x80051dc8       0xd8 build/psyq/libgs/2D_LIN0.o
                0x80051dc8                GsSortLine
 build/psyq/libgs/2D_COM1.o(.text)
 .text          0x80051ea0       0x94 build/psyq/libgs/2D_COM1.o
                0x80051ea0                _make_packet
 build/psyq/libgs/2D_SP0.o(.text)
 .text          0x80051f34      0x4fc build/psyq/libgs/2D_SP0.o
                0x80051f34                GsSortSprite
 build/psyq/libgte/MTX_07.o(.text)
 .text          0x80052430       0x30 build/psyq/libgte/MTX_07.o
 build/psyq/libgs/2D_SP1.o(.text)
 .text          0x80052460      0x17c build/psyq/libgs/2D_SP1.o
                0x80052460                GsSortFastSprite
 build/psyq/libgs/GS_001.o(.text)
 .text          0x800525dc      0x600 build/psyq/libgs/GS_001.o
                0x800525dc                GsInitGraph
                0x80052654                gpu_init
                0x800527c4                GsInitGraph2
                0x8005283c                valiable_init
                0x80052aa0                GsSortClear
 build/psyq/libgs/GS_002.o(.text)
 .text          0x80052bdc      0x124 build/psyq/libgs/GS_002.o
                0x80052bdc                GsGetActiveBuff
                0x80052bec                GsSetDrawBuffOffset
 build/psyq/libgs/GS_003.o(.text)
 .text          0x80052d00       0x90 build/psyq/libgs/GS_003.o
                0x80052d00                GsSetDrawBuffClip
 build/psyq/libgs/MATRIX.o(.text)
 .text          0x80052d90      0x3e8 build/psyq/libgs/MATRIX.o
                0x80052d90                GsInitCoordinate2
                0x80052e0c                GsInitCoord2param
                0x80052e38                GsSetLsMatrix
                0x80052e68                GsSetLightMatrix
                0x80052f04                GsSetLightMatrix2
                0x80052f38                GsMulCoord0
                0x80052fcc                GsMulCoord2
                0x80053050                GsMulCoord3
                0x800530d4                print_matrix
                0x80053144                print_vector
 build/psyq/libgs/GS_103.o(.text)
 .text          0x80053178       0xa0 build/psyq/libgs/GS_103.o
                0x80053178                GsDefDispBuff
 build/psyq/libgs/GS_104.o(.text)
 .text          0x80053218       0x78 build/psyq/libgs/GS_104.o
                0x80053218                GsInit3D
 build/psyq/libgs/GS_105.o(.text)
 .text          0x80053290       0x78 build/psyq/libgs/GS_105.o
                0x80053290                GsMapModelingData
 build/psyq/libgs/GS_106.o(.text)
 .text          0x80053308       0x20 build/psyq/libgs/GS_106.o
                0x80053308                GsSetProjection
 build/psyq/libgs/GS_107.o(.text)
 .text          0x80053328      0x594 build/psyq/libgs/GS_107.o
                0x80053328                GsSetFlatLight
                0x80053804                gte_set_lc
                0x8005386c                gte_read_lc
 build/psyq/libgte/MTX_11.o(.text)
 .text          0x800538bc       0x30 build/psyq/libgte/MTX_11.o
 build/psyq/libgs/GS_108.o(.text)
 .text          0x800538ec       0x8c build/psyq/libgs/GS_108.o
                0x800538ec                GsSetLightMode
 build/psyq/libgs/GS_109.o(.text)
 .text          0x80053978       0x50 build/psyq/libgs/GS_109.o
                0x80053978                GsSetFogParam
 build/psyq/libgte/REG03.o(.text)
 .text          0x800539c8      0x110 build/psyq/libgte/REG03.o
                0x800539c8                SetVertex0
                0x800539d8                SetVertex1
                0x800539e8                SetVertex2
                0x800539f8                SetVertexTri
                0x80053a18                SetRGBfifo
                0x80053a2c                SetIR123
                0x80053a40                SetIR0
                0x80053a4c                SetSZfifo3
                0x80053a60                SetSZfifo4
                0x80053a78                SetSXSYfifo
                0x80053a8c                SetRii
                0x80053aa0                SetMAC123
                0x80053ab4                SetData32
                0x80053ac0                SetDQA
                0x80053acc                SetDQB
 build/psyq/libgte/REG11.o(.text)
 .text          0x80053ad8       0x20 build/psyq/libgte/REG11.o
 build/psyq/libgs/GS_110.o(.text)
 .text          0x80053af8       0x28 build/psyq/libgs/GS_110.o
                0x80053af8                GsSetAmbient
 build/psyq/libgs/GS_119.o(.text)
 .text          0x80053b20       0xb8 build/psyq/libgs/GS_119.o
                0x80053b20                gte_rotate_z_matrix
 build/psyq/libgs/GS_120.o(.text)
 .text          0x80053bd8      0x120 build/psyq/libgs/GS_120.o
                0x80053bd8                gte_scale_matrix
 build/psyq/libgs/GS_121.o(.text)
 .text          0x80053cf8       0x4c build/psyq/libgs/GS_121.o
                0x80053cf8                gte_init
 build/psyq/libgs/GS_122.o(.text)
 .text          0x80053d44       0xe4 build/psyq/libgs/GS_122.o
                0x80053d44                GsGetTimInfo
 build/psyq/libgs/GS_123.o(.text)
 .text          0x80053e28       0xc4 build/psyq/libgs/GS_123.o
                0x80053e28                Gssub_make_matrix
 build/psyq/libgs/GS_127.o(.text)
 .text          0x80053eec       0x80 build/psyq/libgs/GS_127.o
                0x80053eec                GsDefDispBuff2
 build/psyq/libgs/GS_131.o(.text)
 .text          0x80053f6c      0x5a8 build/psyq/libgs/GS_131.o
                0x80053f6c                GsSetRefView2
                0x80054340                scale_view_param
                0x80054430                select_max_param
                0x800544f8                len_param
 build/psyq/libgs/GS_133.o(.text)
 .text          0x80054514      0x2c4 build/psyq/libgs/GS_133.o
                0x80054514                GsGetLw
 build/psyq/libgs/GS_134.o(.text)
 .text          0x800547d8      0x2d4 build/psyq/libgs/GS_134.o
                0x800547d8                GsGetLs
 build/psyq/libgs/GS_135.o(.text)
 .text          0x80054aac      0x320 build/psyq/libgs/GS_135.o
                0x80054aac                GsGetLws
 build/psyq/libgs/GS_137.o(.text)
 .text          0x80054dcc      0x60c build/psyq/libgs/GS_137.o
                0x80054dcc                GsSetRefView2L
 build/psyq/libgs/PRESET.o(.text)
 .text          0x800553d8      0x968 build/psyq/libgs/PRESET.o