splat 0.41.0 (powered by spimdisasm 1.41.0)
  0%|          | 0/1096 [00:00<?, ?it/s]Loading symbols (symbols.us):   0%|          | 0/1096 [00:00<?, ?it/s]Loading symbols (symbols.us): 100%|██████████| 1096/1096 [00:00<00:00, 240842.31it/s]
  0%|          | 0/25 [00:00<?, ?it/s]Loading symbols (symbols.resident):   0%|          | 0/25 [00:00<?, ?it/s]Loading symbols (symbols.resident): 100%|██████████| 25/25 [00:00<00:00, 337162.70it/s]
  0%|          | 0/5 [00:00<?, ?it/s]Loading symbols (symbols.ov_SC03_015):   0%|          | 0/5 [00:00<?, ?it/s]Loading symbols (symbols.ov_SC03_015): 100%|██████████| 5/5 [00:00<00:00, 71820.27it/s]
  0%|          | 0/1 [00:00<?, ?it/s]Scanning ov_SC03_015:   0%|          | 0/1 [00:00<?, ?it/s]
Rodata segment 'ov_SC03_015' may belong to the text segment 'ov_SC03_015'
    Based on the usage from the function func_801299C8 to the symbol jtbl_801E81A8

The rodata segment 'ov_SC03_015' has jumptables that are not aligned properly file-wise, indicating one or more likely file split.
File split suggestions for this segment will follow in config yaml format:
      - [0xC0064, .rodata]


Rodata segment 'ov_SC03_015_jr_8012ACE0' may belong to the text segment 'ov_SC03_015_jr_8012ACE0'
    Based on the usage from the function func_8012ACE0 to the symbol jtbl_801E8284

The rodata segment 'ov_SC03_015_jr_8012ACE0' has jumptables that are not aligned properly file-wise, indicating one or more likely file split.
File split suggestions for this segment will follow in config yaml format:
      - [0xC01F8, .rodata]
      - [0xC020C, .rodata]


Rodata segment 'ov_SC03_015_jr_80135888' may belong to the text segment 'ov_SC03_015_jr_80135888'
    Based on the usage from the function func_80135888 to the symbol jtbl_801E837C

Rodata segment 'ov_SC03_015_jr_80135A4C' may belong to the text segment 'ov_SC03_015_jr_80135A4C'
    Based on the usage from the function func_80135A4C to the symbol jtbl_801E8394

Rodata segment 'ov_SC03_015_jr_80135D20' may belong to the text segment 'ov_SC03_015_jr_80135D20'
    Based on the usage from the function func_80135D20 to the symbol jtbl_801E83AC

Rodata segment 'ov_SC03_015_jr_801380E0' may belong to the text segment 'ov_SC03_015_jr_801380E0'
    Based on the usage from the function func_801380E0 to the symbol jtbl_801E83FC

Rodata segment 'ov_SC03_015_o0e' may belong to the text segment 'ov_SC03_015_o0e'
    Based on the usage from the function func_8013B83C to the symbol jtbl_801E8460

Rodata segment 'ov_SC03_015_jr_8013F350' may belong to the text segment 'ov_SC03_015_jr_8013F350'
    Based on the usage from the function func_8013F350 to the symbol jtbl_801E8A6C

Rodata segment 'ov_SC03_015_jr_8013FFD8' may belong to the text segment 'ov_SC03_015_jr_8013FFD8'
    Based on the usage from the function func_8013FFD8 to the symbol jtbl_801E8AA4

Rodata segment 'ov_SC03_015_jr_80140608' may belong to the text segment 'ov_SC03_015_jr_80140608'
    Based on the usage from the function func_80140608 to the symbol jtbl_801E8B14

Rodata segment 'ov_SC03_015_jr_8015444C' may belong to the text segment 'ov_SC03_015_jr_8015444C'
    Based on the usage from the function func_8015444C to the symbol jtbl_801E8B40

Rodata segment 'ov_SC03_015_jr_80154C24' may belong to the text segment 'ov_SC03_015_jr_80154C24'
    Based on the usage from the function func_80154C24 to the symbol jtbl_801E8C1C

The rodata segment 'ov_SC03_015_jr_80154C24' has jumptables that are not aligned properly file-wise, indicating one or more likely file split.
File split suggestions for this segment will follow in config yaml format:
      - [0xC0AE8, .rodata]


Rodata segment 'ov_SC03_015_jr_801588CC' may belong to the text segment 'ov_SC03_015_jr_801588CC'
    Based on the usage from the function func_801588CC to the symbol jtbl_801E8C60

Rodata segment 'ov_SC03_015_jr_80159C84' may belong to the text segment 'ov_SC03_015_jr_80159C84'
    Based on the usage from the function func_80159C84 to the symbol jtbl_801E8D08

Rodata segment 'ov_SC03_015_jr_8015A3C8' may belong to the text segment 'ov_SC03_015_jr_8015A3C8'
    Based on the usage from the function func_8015A3C8 to the symbol jtbl_801E8D40

Rodata segment 'ov_SC03_015_jr_8015AE2C' may belong to the text segment 'ov_SC03_015_jr_8015AE2C'
    Based on the usage from the function func_8015AE2C to the symbol jtbl_801E8D60

Rodata segment 'ov_SC03_015_jr_8015C32C' may belong to the text segment 'ov_SC03_015_jr_8015C32C'
    Based on the usage from the function func_8015C32C to the symbol jtbl_801E8DA0

Rodata segment 'ov_SC03_015_jr_8016AB6C' may belong to the text segment 'ov_SC03_015_jr_8016AB6C'
    Based on the usage from the function func_8016AB6C to the symbol jtbl_801E8DD4

Rodata segment 'ov_SC03_015_jr_80171B4C' may belong to the text segment 'ov_SC03_015_jr_80171B4C'
    Based on the usage from the function func_80171B4C to the symbol jtbl_801E8E54

Rodata segment 'ov_SC03_015_jr_801734BC' may belong to the text segment 'ov_SC03_015_jr_801734BC'
    Based on the usage from the function func_801734BC to the symbol jtbl_801E8E74

Rodata segment 'ov_SC03_015_jr_801789AC' may belong to the text segment 'ov_SC03_015_jr_801789AC'
    Based on the usage from the function func_801789AC to the symbol jtbl_801E9018

Rodata segment 'ov_SC03_015_jr_80178D40' may belong to the text segment 'ov_SC03_015_jr_80178D40'
    Based on the usage from the function func_80178D40 to the symbol jtbl_801E9030

Rodata segment 'ov_SC03_015_jr_8017A4AC' may belong to the text segment 'ov_SC03_015_jr_8017A4AC'
    Based on the usage from the function func_8017A4AC to the symbol jtbl_801E9238

Rodata segment 'ov_SC03_015_jr_8017AE2C' may belong to the text segment 'ov_SC03_015_jr_8017AE2C'
    Based on the usage from the function func_8017AE2C to the symbol jtbl_801E92C8

The rodata segment 'ov_SC03_015_jr_8017AE2C' has jumptables that are not aligned properly file-wise, indicating one or more likely file split.
File split suggestions for this segment will follow in config yaml format:
      - [0xC1184, .rodata]


Rodata segment 'ov_SC03_015_jr_8017EB7C' may belong to the text segment 'ov_SC03_015_jr_8017EB7C'
    Based on the usage from the function func_8017EB7C to the symbol jtbl_801E9308

Rodata segment 'ov_SC03_015_jr_801848E4' may belong to the text segment 'ov_SC03_015_jr_801848E4'
    Based on the usage from the function func_80184F14 to the symbol jtbl_801E9460
Scanning ov_SC03_015: 100%|██████████| 1/1 [00:02<00:00,  2.86s/it]Scanning ov_SC03_015: 100%|██████████| 1/1 [00:02<00:00,  2.86s/it]
  0%|          | 0/1 [00:00<?, ?it/s]Splitting ov_SC03_015:   0%|          | 0/1 [00:00<?, ?it/s]Splitting ov_SC03_015: 100%|██████████| 1/1 [00:02<00:00,  2.03s/it]Splitting ov_SC03_015: 100%|██████████| 1/1 [00:02<00:00,  2.03s/it]
  0%|          | 0/1 [00:00<?, ?it/s]Linker script ov_SC03_015:   0%|          | 0/1 [00:00<?, ?it/s]Linker script ov_SC03_015: 100%|██████████| 1/1 [00:00<00:00, 65.44it/s]
Split 406 KB (50.91%) in defined segments
                   c:   406 KB (50.91%) 32 split, 0 cached
                 bin:      3 B (0.00%) 1 split, 0 cached
             unknown:      0 B (0.00%) from unknown bin files
ld_interleave --order: .ov_SC03_015 island = 46 pieces [tail.data.o, ov_SC03_015.o, ov_SC03_015_jr_8012ACE0.o, tail2.data.o, ov_SC03_015_jr_80135888.o, tail3.data.o, ov_SC03_015_jr_80135A4C.o, tail4.data.o, ov_SC03_015_jr_80135D20.o, tail5.data.o, ov_SC03_015_jr_801380E0.o, ov_SC03_015_o0e.o, tail6.data.o, ov_SC03_015_jr_8013F350.o, tail7.data.o, ov_SC03_015_jr_8013FFD8.o, tail8.data.o, ov_SC03_015_jr_80140608.o, tail9.data.o, ov_SC03_015_jr_8015444C.o, ov_SC03_015_jr_80154C24.o, ov_SC03_015_jr_801588CC.o, ov_SC03_015_jr_80159C84.o, tail10.data.o, ov_SC03_015_jr_8015A3C8.o, tail11.data.o, ov_SC03_015_jr_8015AE2C.o, tail12.data.o, ov_SC03_015_jr_8015C32C.o, tail13.data.o, ov_SC03_015_jr_8016AB6C.o, tail14.data.o, ov_SC03_015_jr_80171B4C.o, ov_SC03_015_jr_801734BC.o, tail15.data.o, ov_SC03_015_jr_801789AC.o, ov_SC03_015_jr_80178D40.o, tail16.data.o, ov_SC03_015_jr_8017A4AC.o, tail17.data.o, ov_SC03_015_jr_8017AE2C.o, ov_SC03_015_jr_8017EB7C.o, tail18.data.o, ov_SC03_015_jr_801848E4.o, tail19.data.o, trailing.o]; pre=0 text=32 empties=38 bss=32
