splat 0.41.0 (powered by spimdisasm 1.41.0)
  0%|          | 0/1096 [00:00<?, ?it/s]Loading symbols (symbols.us):   0%|          | 0/1096 [00:00<?, ?it/s]Loading symbols (symbols.us): 100%|██████████| 1096/1096 [00:00<00:00, 204736.88it/s]
  0%|          | 0/25 [00:00<?, ?it/s]Loading symbols (symbols.resident):   0%|          | 0/25 [00:00<?, ?it/s]Loading symbols (symbols.resident): 100%|██████████| 25/25 [00:00<00:00, 253892.49it/s]
  0%|          | 0/5 [00:00<?, ?it/s]Loading symbols (symbols.ov_SC02_003):   0%|          | 0/5 [00:00<?, ?it/s]Loading symbols (symbols.ov_SC02_003): 100%|██████████| 5/5 [00:00<00:00, 71575.15it/s]
  0%|          | 0/1 [00:00<?, ?it/s]Scanning ov_SC02_003:   0%|          | 0/1 [00:00<?, ?it/s]
Rodata segment 'ov_SC02_003' may belong to the text segment 'ov_SC02_003'
    Based on the usage from the function func_801299C8 to the symbol jtbl_801E57A0

The rodata segment 'ov_SC02_003' has jumptables that are not aligned properly file-wise, indicating one or more likely file split.
File split suggestions for this segment will follow in config yaml format:
      - [0xBD65C, .rodata]


Rodata segment 'ov_SC02_003_jr_8012ACE0' may belong to the text segment 'ov_SC02_003_jr_8012ACE0'
    Based on the usage from the function func_8012ACE0 to the symbol jtbl_801E587C

The rodata segment 'ov_SC02_003_jr_8012ACE0' has jumptables that are not aligned properly file-wise, indicating one or more likely file split.
File split suggestions for this segment will follow in config yaml format:
      - [0xBD7F0, .rodata]
      - [0xBD804, .rodata]


Rodata segment 'ov_SC02_003_jr_80135888' may belong to the text segment 'ov_SC02_003_jr_80135888'
    Based on the usage from the function func_80135888 to the symbol jtbl_801E5974

Rodata segment 'ov_SC02_003_jr_80135A4C' may belong to the text segment 'ov_SC02_003_jr_80135A4C'
    Based on the usage from the function func_80135A4C to the symbol jtbl_801E598C

Rodata segment 'ov_SC02_003_jr_80135D20' may belong to the text segment 'ov_SC02_003_jr_80135D20'
    Based on the usage from the function func_80135D20 to the symbol jtbl_801E59A4

Rodata segment 'ov_SC02_003_jr_801380E0' may belong to the text segment 'ov_SC02_003_jr_801380E0'
    Based on the usage from the function func_801380E0 to the symbol jtbl_801E59F4

Rodata segment 'ov_SC02_003_o0c' may belong to the text segment 'ov_SC02_003_o0c'
    Based on the usage from the function func_8013B83C to the symbol jtbl_801E5A58

Rodata segment 'ov_SC02_003_jr_8013F350' may belong to the text segment 'ov_SC02_003_jr_8013F350'
    Based on the usage from the function func_8013F350 to the symbol jtbl_801E6064

Rodata segment 'ov_SC02_003_jr_8013FFD8' may belong to the text segment 'ov_SC02_003_jr_8013FFD8'
    Based on the usage from the function func_8013FFD8 to the symbol jtbl_801E609C

Rodata segment 'ov_SC02_003_jr_80140608' may belong to the text segment 'ov_SC02_003_jr_80140608'
    Based on the usage from the function func_80140608 to the symbol jtbl_801E610C

Rodata segment 'ov_SC02_003_jr_8015444C' may belong to the text segment 'ov_SC02_003_jr_8015444C'
    Based on the usage from the function func_8015444C to the symbol jtbl_801E6138

Rodata segment 'ov_SC02_003_jr_80154C24' may belong to the text segment 'ov_SC02_003_jr_80154C24'
    Based on the usage from the function func_80154C24 to the symbol jtbl_801E6214

The rodata segment 'ov_SC02_003_jr_80154C24' has jumptables that are not aligned properly file-wise, indicating one or more likely file split.
File split suggestions for this segment will follow in config yaml format:
      - [0xBE0E0, .rodata]


Rodata segment 'ov_SC02_003_jr_801588CC' may belong to the text segment 'ov_SC02_003_jr_801588CC'
    Based on the usage from the function func_801588CC to the symbol jtbl_801E6258

Rodata segment 'ov_SC02_003_jr_80159C84' may belong to the text segment 'ov_SC02_003_jr_80159C84'
    Based on the usage from the function func_80159C84 to the symbol jtbl_801E6300

Rodata segment 'ov_SC02_003_jr_8015A3C8' may belong to the text segment 'ov_SC02_003_jr_8015A3C8'
    Based on the usage from the function func_8015A3C8 to the symbol jtbl_801E6338

Rodata segment 'ov_SC02_003_jr_8015AE2C' may belong to the text segment 'ov_SC02_003_jr_8015AE2C'
    Based on the usage from the function func_8015AE2C to the symbol jtbl_801E6358

Rodata segment 'ov_SC02_003_jr_8015C32C' may belong to the text segment 'ov_SC02_003_jr_8015C32C'
    Based on the usage from the function func_8015C32C to the symbol jtbl_801E6398

Rodata segment 'ov_SC02_003_jr_8016AB6C' may belong to the text segment 'ov_SC02_003_jr_8016AB6C'
    Based on the usage from the function func_8016AB6C to the symbol jtbl_801E63CC

Rodata segment 'ov_SC02_003_jr_80171B4C' may belong to the text segment 'ov_SC02_003_jr_80171B4C'
    Based on the usage from the function func_80171B4C to the symbol jtbl_801E644C

Rodata segment 'ov_SC02_003_jr_801734BC' may belong to the text segment 'ov_SC02_003_jr_801734BC'
    Based on the usage from the function func_801734BC to the symbol jtbl_801E646C

Rodata segment 'ov_SC02_003_jr_801789AC' may belong to the text segment 'ov_SC02_003_jr_801789AC'
    Based on the usage from the function func_801789AC to the symbol jtbl_801E6610

Rodata segment 'ov_SC02_003_jr_80178D40' may belong to the text segment 'ov_SC02_003_jr_80178D40'
    Based on the usage from the function func_80178D40 to the symbol jtbl_801E6628

Rodata segment 'ov_SC02_003_jr_8017A4AC' may belong to the text segment 'ov_SC02_003_jr_8017A4AC'
    Based on the usage from the function func_8017A4AC to the symbol jtbl_801E6830

Rodata segment 'ov_SC02_003_jr_8017AE2C' may belong to the text segment 'ov_SC02_003_jr_8017AE2C'
    Based on the usage from the function func_8017AE2C to the symbol jtbl_801E68C0

The rodata segment 'ov_SC02_003_jr_8017AE2C' has jumptables that are not aligned properly file-wise, indicating one or more likely file split.
File split suggestions for this segment will follow in config yaml format:
      - [0xBE77C, .rodata]


Rodata segment 'ov_SC02_003_jr_8017EA84' may belong to the text segment 'ov_SC02_003_jr_8017EA84'
    Based on the usage from the function func_8017EA84 to the symbol jtbl_801E6954

Rodata segment 'ov_SC02_003_jr_8017F950' may belong to the text segment 'ov_SC02_003_jr_8017F950'
    Based on the usage from the function func_8017F950 to the symbol jtbl_801E6A14

Rodata segment 'ov_SC02_003_jr_8017FB24' may belong to the text segment 'ov_SC02_003_jr_8017FB24'
    Based on the usage from the function func_8017FB24 to the symbol jtbl_801E6A7C

Rodata segment 'ov_SC02_003_jr_8017FCB0' may belong to the text segment 'ov_SC02_003_jr_8017FCB0'
    Based on the usage from the function func_8017FCB0 to the symbol jtbl_801E6A9C

Rodata segment 'ov_SC02_003_jr_801808C4' may belong to the text segment 'ov_SC02_003_jr_801808C4'
    Based on the usage from the function func_801808C4 to the symbol jtbl_801E6AFC

Rodata segment 'ov_SC02_003_jr_80180D6C' may belong to the text segment 'ov_SC02_003_jr_80180D6C'
    Based on the usage from the function func_80180D6C to the symbol jtbl_801E6B3C

Rodata segment 'ov_SC02_003_jr_80181538' may belong to the text segment 'ov_SC02_003_jr_80181538'
    Based on the usage from the function func_80181538 to the symbol jtbl_801E6BFC

Rodata segment 'ov_SC02_003_jr_80181698' may belong to the text segment 'ov_SC02_003_jr_80181698'
    Based on the usage from the function func_80181698 to the symbol jtbl_801E6C3C

Rodata segment 'ov_SC02_003_jr_8018173C' may belong to the text segment 'ov_SC02_003_jr_8018173C'
    Based on the usage from the function func_8018173C to the symbol jtbl_801E6C5C

Rodata segment 'ov_SC02_003_jr_80187B40' may belong to the text segment 'ov_SC02_003_jr_80187B40'
    Based on the usage from the function func_80187B40 to the symbol jtbl_801E6CB0
Scanning ov_SC02_003: 100%|██████████| 1/1 [00:01<00:00,  1.65s/it]Scanning ov_SC02_003: 100%|██████████| 1/1 [00:01<00:00,  1.65s/it]
  0%|          | 0/1 [00:00<?, ?it/s]Splitting ov_SC02_003:   0%|          | 0/1 [00:00<?, ?it/s]Splitting ov_SC02_003: 100%|██████████| 1/1 [00:01<00:00,  1.30s/it]Splitting ov_SC02_003: 100%|██████████| 1/1 [00:01<00:00,  1.30s/it]
  0%|          | 0/1 [00:00<?, ?it/s]Linker script ov_SC02_003:   0%|          | 0/1 [00:00<?, ?it/s]Linker script ov_SC02_003: 100%|██████████| 1/1 [00:00<00:00, 78.86it/s]
Split 404 KB (51.26%) in defined segments
                   c:   404 KB (51.26%) 37 split, 0 cached
                 bin:      3 B (0.00%) 1 split, 0 cached
             unknown:      0 B (0.00%) from unknown bin files
ld_interleave --order: .ov_SC02_003 island = 56 pieces [tail.data.o, ov_SC02_003.o, ov_SC02_003_jr_8012ACE0.o, tail2.data.o, ov_SC02_003_jr_80135888.o, tail3.data.o, ov_SC02_003_jr_80135A4C.o, tail4.data.o, ov_SC02_003_jr_80135D20.o, tail5.data.o, ov_SC02_003_jr_801380E0.o, ov_SC02_003_o0c.o, tail6.data.o, ov_SC02_003_jr_8013F350.o, tail7.data.o, ov_SC02_003_jr_8013FFD8.o, tail8.data.o, ov_SC02_003_jr_80140608.o, tail9.data.o, ov_SC02_003_jr_8015444C.o, ov_SC02_003_jr_80154C24.o, ov_SC02_003_jr_801588CC.o, ov_SC02_003_jr_80159C84.o, tail10.data.o, ov_SC02_003_jr_8015A3C8.o, tail11.data.o, ov_SC02_003_jr_8015AE2C.o, tail12.data.o, ov_SC02_003_jr_8015C32C.o, tail13.data.o, ov_SC02_003_jr_8016AB6C.o, tail14.data.o, ov_SC02_003_jr_80171B4C.o, ov_SC02_003_jr_801734BC.o, tail15.data.o, ov_SC02_003_jr_801789AC.o, ov_SC02_003_jr_80178D40.o, tail16.data.o, ov_SC02_003_jr_8017A4AC.o, tail17.data.o, ov_SC02_003_jr_8017AE2C.o, ov_SC02_003_jr_8017EA84.o, tail18.data.o, ov_SC02_003_jr_8017F950.o, tail19.data.o, ov_SC02_003_jr_8017FB24.o, ov_SC02_003_jr_8017FCB0.o, ov_SC02_003_jr_801808C4.o, ov_SC02_003_jr_80180D6C.o, ov_SC02_003_jr_80181538.o, ov_SC02_003_jr_80181698.o, ov_SC02_003_jr_8018173C.o, tail20.data.o, ov_SC02_003_jr_80187B40.o, tail21.data.o, trailing.o]; pre=0 text=37 empties=40 bss=37
