splat 0.41.0 (powered by spimdisasm 1.41.0)
  0%|          | 0/1096 [00:00<?, ?it/s]Loading symbols (symbols.us):   0%|          | 0/1096 [00:00<?, ?it/s]Loading symbols (symbols.us): 100%|██████████| 1096/1096 [00:00<00:00, 162402.22it/s]
  0%|          | 0/25 [00:00<?, ?it/s]Loading symbols (symbols.resident):   0%|          | 0/25 [00:00<?, ?it/s]Loading symbols (symbols.resident): 100%|██████████| 25/25 [00:00<00:00, 322638.77it/s]
  0%|          | 0/5 [00:00<?, ?it/s]Loading symbols (symbols.ov_SC04_019):   0%|          | 0/5 [00:00<?, ?it/s]Loading symbols (symbols.ov_SC04_019): 100%|██████████| 5/5 [00:00<00:00, 48321.47it/s]
  0%|          | 0/1 [00:00<?, ?it/s]Scanning ov_SC04_019:   0%|          | 0/1 [00:00<?, ?it/s]
Rodata segment 'ov_SC04_019' may belong to the text segment 'ov_SC04_019'
    Based on the usage from the function func_801299C8 to the symbol jtbl_801E4440

The rodata segment 'ov_SC04_019' has jumptables that are not aligned properly file-wise, indicating one or more likely file split.
File split suggestions for this segment will follow in config yaml format:
      - [0xBC2FC, .rodata]


Rodata segment 'ov_SC04_019_jr_8012ACE0' may belong to the text segment 'ov_SC04_019_jr_8012ACE0'
    Based on the usage from the function func_8012ACE0 to the symbol jtbl_801E451C

The rodata segment 'ov_SC04_019_jr_8012ACE0' has jumptables that are not aligned properly file-wise, indicating one or more likely file split.
File split suggestions for this segment will follow in config yaml format:
      - [0xBC490, .rodata]
      - [0xBC4A4, .rodata]


Rodata segment 'ov_SC04_019_jr_80135888' may belong to the text segment 'ov_SC04_019_jr_80135888'
    Based on the usage from the function func_80135888 to the symbol jtbl_801E4614

Rodata segment 'ov_SC04_019_jr_80135A4C' may belong to the text segment 'ov_SC04_019_jr_80135A4C'
    Based on the usage from the function func_80135A4C to the symbol jtbl_801E462C

Rodata segment 'ov_SC04_019_jr_80135D20' may belong to the text segment 'ov_SC04_019_jr_80135D20'
    Based on the usage from the function func_80135D20 to the symbol jtbl_801E4644

Rodata segment 'ov_SC04_019_jr_801380E0' may belong to the text segment 'ov_SC04_019_jr_801380E0'
    Based on the usage from the function func_801380E0 to the symbol jtbl_801E4694

Rodata segment 'ov_SC04_019_o0c' may belong to the text segment 'ov_SC04_019_o0c'
    Based on the usage from the function func_8013B83C to the symbol jtbl_801E46F8

Rodata segment 'ov_SC04_019_jr_8013F350' may belong to the text segment 'ov_SC04_019_jr_8013F350'
    Based on the usage from the function func_8013F350 to the symbol jtbl_801E4D04

Rodata segment 'ov_SC04_019_jr_8013FFD8' may belong to the text segment 'ov_SC04_019_jr_8013FFD8'
    Based on the usage from the function func_8013FFD8 to the symbol jtbl_801E4D3C

Rodata segment 'ov_SC04_019_jr_80140608' may belong to the text segment 'ov_SC04_019_jr_80140608'
    Based on the usage from the function func_80140608 to the symbol jtbl_801E4DAC

Rodata segment 'ov_SC04_019_jr_8015444C' may belong to the text segment 'ov_SC04_019_jr_8015444C'
    Based on the usage from the function func_8015444C to the symbol jtbl_801E4DD8

Rodata segment 'ov_SC04_019_jr_80154C24' may belong to the text segment 'ov_SC04_019_jr_80154C24'
    Based on the usage from the function func_80154C24 to the symbol jtbl_801E4EB4

The rodata segment 'ov_SC04_019_jr_80154C24' has jumptables that are not aligned properly file-wise, indicating one or more likely file split.
File split suggestions for this segment will follow in config yaml format:
      - [0xBCD80, .rodata]


Rodata segment 'ov_SC04_019_jr_801588CC' may belong to the text segment 'ov_SC04_019_jr_801588CC'
    Based on the usage from the function func_801588CC to the symbol jtbl_801E4EF8

Rodata segment 'ov_SC04_019_jr_80159C84' may belong to the text segment 'ov_SC04_019_jr_80159C84'
    Based on the usage from the function func_80159C84 to the symbol jtbl_801E4FA0

Rodata segment 'ov_SC04_019_jr_8015A3C8' may belong to the text segment 'ov_SC04_019_jr_8015A3C8'
    Based on the usage from the function func_8015A3C8 to the symbol jtbl_801E4FD8

Rodata segment 'ov_SC04_019_jr_8015AE2C' may belong to the text segment 'ov_SC04_019_jr_8015AE2C'
    Based on the usage from the function func_8015AE2C to the symbol jtbl_801E4FF8

Rodata segment 'ov_SC04_019_jr_8015C32C' may belong to the text segment 'ov_SC04_019_jr_8015C32C'
    Based on the usage from the function func_8015C32C to the symbol jtbl_801E5038

Rodata segment 'ov_SC04_019_jr_8016AB6C' may belong to the text segment 'ov_SC04_019_jr_8016AB6C'
    Based on the usage from the function func_8016AB6C to the symbol jtbl_801E506C

Rodata segment 'ov_SC04_019_jr_80171B4C' may belong to the text segment 'ov_SC04_019_jr_80171B4C'
    Based on the usage from the function func_80171B4C to the symbol jtbl_801E50EC

Rodata segment 'ov_SC04_019_jr_801734BC' may belong to the text segment 'ov_SC04_019_jr_801734BC'
    Based on the usage from the function func_801734BC to the symbol jtbl_801E510C

Rodata segment 'ov_SC04_019_jr_801789AC' may belong to the text segment 'ov_SC04_019_jr_801789AC'
    Based on the usage from the function func_801789AC to the symbol jtbl_801E52B0

Rodata segment 'ov_SC04_019_jr_80178D40' may belong to the text segment 'ov_SC04_019_jr_80178D40'
    Based on the usage from the function func_80178D40 to the symbol jtbl_801E52C8

Rodata segment 'ov_SC04_019_jr_8017A4AC' may belong to the text segment 'ov_SC04_019_jr_8017A4AC'
    Based on the usage from the function func_8017A4AC to the symbol jtbl_801E54D0

Rodata segment 'ov_SC04_019_jr_8017AE2C' may belong to the text segment 'ov_SC04_019_jr_8017AE2C'
    Based on the usage from the function func_8017AE2C to the symbol jtbl_801E5560

The rodata segment 'ov_SC04_019_jr_8017AE2C' has jumptables that are not aligned properly file-wise, indicating one or more likely file split.
File split suggestions for this segment will follow in config yaml format:
      - [0xBD41C, .rodata]
      - [0xBD450, .rodata]


Rodata segment 'ov_SC04_019_jr_80183E6C' may belong to the text segment 'ov_SC04_019_jr_80183E6C'
    Based on the usage from the function func_80183E6C to the symbol jtbl_801E55D4

Rodata segment 'ov_SC04_019_jr_80185D70' may belong to the text segment 'ov_SC04_019_jr_80185D70'
    Based on the usage from the function func_80185D70 to the symbol jtbl_801E5600

Rodata segment 'ov_SC04_019_jr_80186570' may belong to the text segment 'ov_SC04_019_jr_80186570'
    Based on the usage from the function func_80186570 to the symbol jtbl_801E58BC

Rodata segment 'ov_SC04_019_jr_801878E8' may belong to the text segment 'ov_SC04_019_jr_801878E8'
    Based on the usage from the function func_801878E8 to the symbol jtbl_801E5944

Rodata segment 'ov_SC04_019_jr_80188E1C' may belong to the text segment 'ov_SC04_019_jr_80188E1C'
    Based on the usage from the function func_80188E1C to the symbol jtbl_801E599C

Rodata segment 'ov_SC04_019_jr_8018CC40' may belong to the text segment 'ov_SC04_019_jr_8018CC40'
    Based on the usage from the function func_8018CC40 to the symbol jtbl_801E59F8
Scanning ov_SC04_019: 100%|██████████| 1/1 [00:03<00:00,  3.12s/it]Scanning ov_SC04_019: 100%|██████████| 1/1 [00:03<00:00,  3.12s/it]
  0%|          | 0/1 [00:00<?, ?it/s]Splitting ov_SC04_019:   0%|          | 0/1 [00:00<?, ?it/s]Splitting ov_SC04_019: 100%|██████████| 1/1 [00:02<00:00,  2.06s/it]Splitting ov_SC04_019: 100%|██████████| 1/1 [00:02<00:00,  2.06s/it]
  0%|          | 0/1 [00:00<?, ?it/s]Linker script ov_SC04_019:   0%|          | 0/1 [00:00<?, ?it/s]Linker script ov_SC04_019: 100%|██████████| 1/1 [00:00<00:00, 48.80it/s]
Split 413 KB (52.64%) in defined segments
                   c:   413 KB (52.64%) 33 split, 0 cached
                 bin:      3 B (0.00%) 1 split, 0 cached
             unknown:      0 B (0.00%) from unknown bin files
ld_interleave --order: .ov_SC04_019 island = 51 pieces [tail.data.o, ov_SC04_019.o, ov_SC04_019_jr_8012ACE0.o, tail2.data.o, ov_SC04_019_jr_80135888.o, tail3.data.o, ov_SC04_019_jr_80135A4C.o, tail4.data.o, ov_SC04_019_jr_80135D20.o, tail5.data.o, ov_SC04_019_jr_801380E0.o, ov_SC04_019_o0c.o, tail6.data.o, ov_SC04_019_jr_8013F350.o, tail7.data.o, ov_SC04_019_jr_8013FFD8.o, tail8.data.o, ov_SC04_019_jr_80140608.o, tail9.data.o, ov_SC04_019_jr_8015444C.o, ov_SC04_019_jr_80154C24.o, ov_SC04_019_jr_801588CC.o, ov_SC04_019_jr_80159C84.o, tail10.data.o, ov_SC04_019_jr_8015A3C8.o, tail11.data.o, ov_SC04_019_jr_8015AE2C.o, tail12.data.o, ov_SC04_019_jr_8015C32C.o, tail13.data.o, ov_SC04_019_jr_8016AB6C.o, tail14.data.o, ov_SC04_019_jr_80171B4C.o, ov_SC04_019_jr_801734BC.o, tail15.data.o, ov_SC04_019_jr_801789AC.o, ov_SC04_019_jr_80178D40.o, tail16.data.o, ov_SC04_019_jr_8017A4AC.o, tail17.data.o, ov_SC04_019_jr_8017AE2C.o, ov_SC04_019_jr_80183E6C.o, ov_SC04_019_jr_80185D70.o, tail18.data.o, ov_SC04_019_jr_80186570.o, tail19.data.o, ov_SC04_019_jr_801878E8.o, ov_SC04_019_jr_80188E1C.o, ov_SC04_019_jr_8018CC40.o, tail20.data.o, trailing.o]; pre=0 text=33 empties=36 bss=33
