DIFF  func_80185810   mine=489 ins, target=489 ins, 63 mismatched
  idx | MINE                          | TARGET
  218 | 24490010 addiu	t1,v0,16      | 24480010 addiu $t0, $v0, 0x10
  236 | 26290004 addiu	t1,s1,4       | 26280004 addiu $t0, $s1, 0x4
  267 | 3c0a0000 lui	t2,0x0          | 3c09801c lui $t1, %hi(D_801BC9B4)
  268 | 254a0000 addiu	t2,t2,0       | 2529c9b4 addiu $t1, $t1, %lo(D_801BC9B4)
  271 | 8d4c0000 lw	t4,0(t2)         | 8d2c0000 lw $t4, 0x0($t1)
  272 | 8d4d0004 lw	t5,4(t2)         | 8d2d0004 lw $t5, 0x4($t1)
  275 | 8d4c0008 lw	t4,8(t2)         | 8d2c0008 lw $t4, 0x8($t1)
  276 | 8d4d000c lw	t5,12(t2)        | 8d2d000c lw $t5, 0xC($t1)
  277 | 8d4e0010 lw	t6,16(t2)        | 8d2e0010 lw $t6, 0x10($t1)
  281 | 8d4c0014 lw	t4,20(t2)        | 8d2c0014 lw $t4, 0x14($t1)
  282 | 8d4d0018 lw	t5,24(t2)        | 8d2d0018 lw $t5, 0x18($t1)
  284 | 8d4e001c lw	t6,28(t2)        | 8d2e001c lw $t6, 0x1C($t1)
  331 | 00133602 srl	a2,s3,0x18      | 00132e02 srl $a1, $s3, 24
  332 | 30c60003 andi	a2,a2,0x3      | 30a50003 andi $a1, $a1, 0x3
  333 | 000619c0 sll	v1,a2,0x7       | 3c10800a lui $s0, %hi(D_800A5E60)
  334 | 32640040 andi	a0,s3,0x40     | 8e105e60 lw $s0, %lo(D_800A5E60)($s0)
  335 | 3c100000 lui	s0,0x0          | 000519c0 sll $v1, $a1, 7
  336 | 8e100000 lw	s0,0(s0)         | 26020028 addiu $v0, $s0, 0x28
  337 | 00042182 srl	a0,a0,0x6       | 3c01800a lui $at, %hi(D_800A5E60)
  338 | 26020028 addiu	v0,s0,40      | ac225e60 sw $v0, %lo(D_800A5E60)($at)
  339 | 3c010000 lui	at,0x0          | 24020009 addiu $v0, $zero, 0x9
  340 | ac220000 sw	v0,0(at)         | a2020003 sb $v0, 0x3($s0)
  341 | 24020009 li	v0,9             | 2402002c addiu $v0, $zero, 0x2C
  342 | a2020003 sb	v0,3(s0)         | a2020007 sb $v0, 0x7($s0)
  343 | 2402002c li	v0,44            | 3c010001 lui $at, (0x10000 >> 16)
  344 | a2020007 sb	v0,7(s0)         | 02810821 addu $at, $s4, $at
  345 | 96450004 lhu	a1,4(s2)        | 9426a3d2 lhu $a2, -0x5C2E($at)
  346 | 3c010001 lui	at,0x1          | 96440004 lhu $a0, 0x4($s2)
  347 | 02810821 addu	at,s4,at       | 96470006 lhu $a3, 0x6($s2)
  348 | 9427a3d2 lhu	a3,-23598(at)   | 2402002e addiu $v0, $zero, 0x2E
  349 | 96480006 lhu	t0,6(s2)        | a2020007 sb $v0, 0x7($s0)
  350 | 2402002e li	v0,46            | 001315c2 srl $v0, $s3, 23
  351 | a2020007 sb	v0,7(s0)         | 30420060 andi $v0, $v0, 0x60
  352 | 001315c2 srl	v0,s3,0x17      | 00621825 or $v1, $v1, $v0
  353 | 30420060 andi	v0,v0,0x60     | 30e20100 andi $v0, $a3, 0x100
  354 | 00621825 or	v1,v1,v0         | 00021102 srl $v0, $v0, 4
  355 | 31020100 andi	v0,t0,0x100    | 00621825 or $v1, $v1, $v0
  356 | 00021102 srl	v0,v0,0x4       | 308203c0 andi $v0, $a0, 0x3C0
  357 | 00621825 or	v1,v1,v0         | 00021182 srl $v0, $v0, 6
  358 | 30a203c0 andi	v0,a1,0x3c0    | 00621825 or $v1, $v1, $v0
  359 | 00021182 srl	v0,v0,0x6       | 30e20200 andi $v0, $a3, 0x200
  360 | 00621825 or	v1,v1,v0         | 00021080 sll $v0, $v0, 2
  361 | 31020200 andi	v0,t0,0x200    | 00621825 or $v1, $v1, $v0
  362 | 00021080 sll	v0,v0,0x2       | 32620040 andi $v0, $s3, 0x40
  363 | 00621825 or	v1,v1,v0         | 00021182 srl $v0, $v0, 6
  364 | 92020007 lbu	v0,7(s0)        | 00063380 sll $a2, $a2, 14
  365 | 00073b80 sll	a3,a3,0xe       | a6030016 sh $v1, 0x16($s0)
  366 | a6030016 sh	v1,22(s0)        | 92030007 lbu $v1, 0x7($s0)
  367 | 96030016 lhu	v1,22(s0)       | 30e7ffff andi $a3, $a3, 0xFFFF
  368 | 00441025 or	v0,v0,a0         | 00621825 or $v1, $v1, $v0
  369 | 3063000f andi	v1,v1,0xf      | a2030007 sb $v1, 0x7($s0)
  370 | 00031980 sll	v1,v1,0x6       | 24030002 addiu $v1, $zero, 0x2
  371 | 00a32823 subu	a1,a1,v1       | 96020016 lhu $v0, 0x16($s0)
  372 | a2020007 sb	v0,7(s0)         | 00651823 subu $v1, $v1, $a1
  373 | 24020002 li	v0,2             | 3042000f andi $v0, $v0, 0xF
  374 | 00461023 subu	v0,v0,a2       | 00021180 sll $v0, $v0, 6
  375 | 00452804 sllv	a1,a1,v0       | 00822023 subu $a0, $a0, $v0
  378 | 00e28821 addu	s1,a3,v0       | 00c28821 addu $s1, $a2, $v0
  380 | 3108ffff andi	t0,t0,0xffff   | 00642004 sllv $a0, $a0, $v1
  383 | a205000c sb	a1,12(s0)        | a204000c sb $a0, 0xC($s0)
