DIFF  func_80185810   mine=489 ins, target=489 ins, 42 mismatched
  idx | MINE                          | TARGET
  331 | 00132602 srl	a0,s3,0x18      | 00132e02 srl $a1, $s3, 24
  332 | 3c100000 lui	s0,0x0          | 30a50003 andi $a1, $a1, 0x3
  333 | 8e100000 lw	s0,0(s0)         | 3c10800a lui $s0, %hi(D_800A5E60)
  334 | 30840003 andi	a0,a0,0x3      | 8e105e60 lw $s0, %lo(D_800A5E60)($s0)
  335 | 26020028 addiu	v0,s0,40      | 000519c0 sll $v1, $a1, 7
  336 | 3c010000 lui	at,0x0          | 26020028 addiu $v0, $s0, 0x28
  337 | ac220000 sw	v0,0(at)         | 3c01800a lui $at, %hi(D_800A5E60)
  338 | 24020009 li	v0,9             | ac225e60 sw $v0, %lo(D_800A5E60)($at)
  339 | a2020003 sb	v0,3(s0)         | 24020009 addiu $v0, $zero, 0x9
  340 | 2402002c li	v0,44            | a2020003 sb $v0, 0x3($s0)
  341 | a2020007 sb	v0,7(s0)         | 2402002c addiu $v0, $zero, 0x2C
  342 | 3c010001 lui	at,0x1          | a2020007 sb $v0, 0x7($s0)
  343 | 02810821 addu	at,s4,at       | 3c010001 lui $at, (0x10000 >> 16)
  344 | 9426a3d2 lhu	a2,-23598(at)   | 02810821 addu $at, $s4, $at
  345 | 96450004 lhu	a1,4(s2)        | 9426a3d2 lhu $a2, -0x5C2E($at)
  346 | 96430006 lhu	v1,6(s2)        | 96440004 lhu $a0, 0x4($s2)
  347 | 2402002e li	v0,46            | 96470006 lhu $a3, 0x6($s2)
  348 | a2020007 sb	v0,7(s0)         | 2402002e addiu $v0, $zero, 0x2E
  349 | 001315c2 srl	v0,s3,0x17      | a2020007 sb $v0, 0x7($s0)
  350 | 30420060 andi	v0,v0,0x60     | 001315c2 srl $v0, $s3, 23
  351 | 00603821 move	a3,v1          | 30420060 andi $v0, $v0, 0x60
  352 | 000419c0 sll	v1,a0,0x7       | 00621825 or $v1, $v1, $v0
  353 | 00621825 or	v1,v1,v0         | 30e20100 andi $v0, $a3, 0x100
  354 | 30e20100 andi	v0,a3,0x100    | 00021102 srl $v0, $v0, 4
  355 | 00021102 srl	v0,v0,0x4       | 00621825 or $v1, $v1, $v0
  356 | 00621825 or	v1,v1,v0         | 308203c0 andi $v0, $a0, 0x3C0
  357 | 30a203c0 andi	v0,a1,0x3c0    | 00021182 srl $v0, $v0, 6
  358 | 00021182 srl	v0,v0,0x6       | 00621825 or $v1, $v1, $v0
  359 | 00621825 or	v1,v1,v0         | 30e20200 andi $v0, $a3, 0x200
  360 | 30e20200 andi	v0,a3,0x200    | 00021080 sll $v0, $v0, 2
  361 | 00021080 sll	v0,v0,0x2       | 00621825 or $v1, $v1, $v0
  362 | 00621825 or	v1,v1,v0         | 32620040 andi $v0, $s3, 0x40
  363 | 32620040 andi	v0,s3,0x40     | 00021182 srl $v0, $v0, 6
  364 | 00021182 srl	v0,v0,0x6       | 00063380 sll $a2, $a2, 14
  367 | 00063380 sll	a2,a2,0xe       | 30e7ffff andi $a3, $a3, 0xFFFF
  372 | 00641823 subu	v1,v1,a0       | 00651823 subu $v1, $v1, $a1
  375 | 00a22823 subu	a1,a1,v0       | 00822023 subu $a0, $a0, $v0
  376 | 00652804 sllv	a1,a1,v1       | 3c02800a lui $v0, %hi(D_800A6610)
  377 | 3c030000 lui	v1,0x0          | 24426610 addiu $v0, $v0, %lo(D_800A6610)
  378 | 24630000 addiu	v1,v1,0       | 00c28821 addu $s1, $a2, $v0
  380 | 00c38821 addu	s1,a2,v1       | 00642004 sllv $a0, $a0, $v1
  383 | a205000c sb	a1,12(s0)        | a204000c sb $a0, 0xC($s0)
