  CC      build/src/ov_SC07_002/ov_SC07_002_jr_8017C8D0.o
In file included from src/ov_SC07_002/ov_SC07_002_jr_8017C8D0.c:2:
src/ov_SC07_002/../shared/engine_core.h:161199: warning: "DEFINE_func_8013FFD8" redefined
161199 | #define DEFINE_func_8013FFD8() \
       | 
src/ov_SC07_002/../shared/engine_core.h:32633: note: this is the location of the previous definition
32633 | #define DEFINE_func_8013FFD8() \
      | 
src/ov_SC07_002/../shared/engine_core.h:169456: warning: "DEFINE_func_8013F350" redefined
169456 | #define DEFINE_func_8013F350() \
       | 
src/ov_SC07_002/../shared/engine_core.h:40890: note: this is the location of the previous definition
40890 | #define DEFINE_func_8013F350() \
      | 
src/ov_SC07_002/../shared/engine_core.h:185848: warning: "DEFINE_func_80181538" redefined
185848 | #define DEFINE_func_80181538() \
       | 
src/ov_SC07_002/../shared/engine_core.h:57282: note: this is the location of the previous definition
57282 | #define DEFINE_func_80181538() \
      | 
src/ov_SC07_002/../shared/engine_core.h:190943: warning: "DEFINE_func_801808C4" redefined
190943 | #define DEFINE_func_801808C4() \
       | 
src/ov_SC07_002/../shared/engine_core.h:62377: note: this is the location of the previous definition
62377 | #define DEFINE_func_801808C4() \
      | 
src/ov_SC07_002/ov_SC07_002_jr_8017C8D0.c:1531: warning: conflicting types for built-in function `memcpy'
src/ov_SC07_002/ov_SC07_002_jr_8017C8D0.c: In function `func_8017DC80':
src/ov_SC07_002/ov_SC07_002_jr_8017C8D0.c:3518: warning: type mismatch with previous external decl
src/ov_SC07_002/ov_SC07_002_jr_8017C8D0.c:2823: warning: previous external decl of `func_80052E38'
src/ov_SC07_002/ov_SC07_002_jr_8017C8D0.c: In function `func_8017FA94':
src/ov_SC07_002/ov_SC07_002_jr_8017C8D0.c:4552: warning: passing arg 2 of `func_8014C59C' makes pointer from integer without a cast
src/ov_SC07_002/ov_SC07_002_jr_8017C8D0.c: In function `func_8017FEC4':
src/ov_SC07_002/ov_SC07_002_jr_8017C8D0.c:4683: warning: type mismatch with previous external decl
src/ov_SC07_002/ov_SC07_002_jr_8017C8D0.c:4591: warning: previous external decl of `D_80126940'
src/ov_SC07_002/ov_SC07_002_jr_8017C8D0.c: In function `func_8017FF84':
src/ov_SC07_002/ov_SC07_002_jr_8017C8D0.c:4706: warning: type mismatch with previous external decl
src/ov_SC07_002/ov_SC07_002_jr_8017C8D0.c:4591: warning: previous external decl of `D_80126940'
src/ov_SC07_002/ov_SC07_002_jr_8017C8D0.c: In function `func_80180090':
src/ov_SC07_002/ov_SC07_002_jr_8017C8D0.c:4745: warning: type mismatch with previous external decl
src/ov_SC07_002/ov_SC07_002_jr_8017C8D0.c:4591: warning: previous external decl of `D_80126940'
src/ov_SC07_002/ov_SC07_002_jr_8017C8D0.c: In function `func_80180248':
src/ov_SC07_002/ov_SC07_002_jr_8017C8D0.c:4786: warning: type mismatch with previous external decl
src/ov_SC07_002/ov_SC07_002_jr_8017C8D0.c:4591: warning: previous external decl of `D_80126940'
src/ov_SC07_002/ov_SC07_002_jr_8017C8D0.c: In function `func_8018094C':
src/ov_SC07_002/ov_SC07_002_jr_8017C8D0.c:5003: warning: type mismatch with previous external decl
src/ov_SC07_002/ov_SC07_002_jr_8017C8D0.c:4591: warning: previous external decl of `D_80126940'
src/ov_SC07_002/ov_SC07_002_jr_8017C8D0.c: In function `func_80180A2C':
src/ov_SC07_002/ov_SC07_002_jr_8017C8D0.c:5032: warning: type mismatch with previous external decl
src/ov_SC07_002/ov_SC07_002_jr_8017C8D0.c:4591: warning: previous external decl of `D_80126940'
src/ov_SC07_002/ov_SC07_002_jr_8017C8D0.c:5036: warning: type mismatch with previous external decl
src/ov_SC07_002/ov_SC07_002_jr_8017C8D0.c:4595: warning: previous external decl of `func_80181394'
src/ov_SC07_002/ov_SC07_002_jr_8017C8D0.c: In function `func_80180B0C':
src/ov_SC07_002/ov_SC07_002_jr_8017C8D0.c:5061: warning: type mismatch with previous external decl
src/ov_SC07_002/ov_SC07_002_jr_8017C8D0.c:4591: warning: previous external decl of `D_80126940'
src/ov_SC07_002/ov_SC07_002_jr_8017C8D0.c: In function `func_80180BEC':
src/ov_SC07_002/ov_SC07_002_jr_8017C8D0.c:5114: warning: type mismatch with previous external decl
src/ov_SC07_002/ov_SC07_002_jr_8017C8D0.c:4591: warning: previous external decl of `D_80126940'
src/ov_SC07_002/ov_SC07_002_jr_8017C8D0.c: In function `func_80180CCC':
src/ov_SC07_002/ov_SC07_002_jr_8017C8D0.c:5147: warning: type mismatch with previous external decl
src/ov_SC07_002/ov_SC07_002_jr_8017C8D0.c:4591: warning: previous external decl of `D_80126940'
src/ov_SC07_002/ov_SC07_002_jr_8017C8D0.c: At top level:
src/ov_SC07_002/ov_SC07_002_jr_8017C8D0.c:5176: warning: type mismatch with previous external decl
src/ov_SC07_002/ov_SC07_002_jr_8017C8D0.c:4591: warning: previous external decl of `D_80126940'
src/ov_SC07_002/ov_SC07_002_jr_8017C8D0.c:5536: warning: parameter names (without types) in function declaration
src/ov_SC07_002/ov_SC07_002_jr_8017C8D0.c:5931: warning: type mismatch with previous external decl
src/ov_SC07_002/ov_SC07_002_jr_8017C8D0.c:5846: warning: previous external decl of `func_8018247C'
src/ov_SC07_002/ov_SC07_002_jr_8017C8D0.c:5931: warning: type mismatch with previous implicit declaration
src/ov_SC07_002/ov_SC07_002_jr_8017C8D0.c:5846: warning: previous implicit declaration of `func_8018247C'
src/ov_SC07_002/ov_SC07_002_jr_8017C8D0.c:5931: warning: `func_8018247C' was previously implicitly declared to return `int'
src/ov_SC07_002/ov_SC07_002_jr_8017C8D0.c: In function `func_80182C68':
src/ov_SC07_002/ov_SC07_002_jr_8017C8D0.c:6298: warning: passing arg 1 makes pointer from integer without a cast
src/ov_SC07_002/ov_SC07_002_jr_8017C8D0.c:6307: warning: passing arg 1 of `func_80182264' makes pointer from integer without a cast
src/ov_SC07_002/ov_SC07_002_jr_8017C8D0.c:6319: warning: passing arg 1 of `func_8012AD50' makes pointer from integer without a cast
src/ov_SC07_002/ov_SC07_002_jr_8017C8D0.c: In function `func_80182D50':
src/ov_SC07_002/ov_SC07_002_jr_8017C8D0.c:6341: warning: passing arg 1 of `func_80182538' makes integer from pointer without a cast
src/ov_SC07_002/ov_SC07_002_jr_8017C8D0.c: In function `func_80182E48':
src/ov_SC07_002/ov_SC07_002_jr_8017C8D0.c:6379: warning: passing arg 2 of `func_8001C214' makes integer from pointer without a cast
src/ov_SC07_002/ov_SC07_002_jr_8017C8D0.c:6387: warning: passing arg 1 of `func_8012AD50' makes pointer from integer without a cast
src/ov_SC07_002/ov_SC07_002_jr_8017C8D0.c: In function `func_80184410':
src/ov_SC07_002/ov_SC07_002_jr_8017C8D0.c:7234: warning: passing arg 1 of `func_8012C218' makes pointer from integer without a cast
src/ov_SC07_002/ov_SC07_002_jr_8017C8D0.c: In function `func_801849AC':
src/ov_SC07_002/ov_SC07_002_jr_8017C8D0.c:7691: warning: type mismatch with previous external decl
src/ov_SC07_002/ov_SC07_002_jr_8017C8D0.c:2824: warning: previous external decl of `D_800A5E60'
src/ov_SC07_002/ov_SC07_002_jr_8017C8D0.c: In function `func_8018503C':
src/ov_SC07_002/ov_SC07_002_jr_8017C8D0.c:8058: warning: type mismatch with previous external decl
src/ov_SC07_002/ov_SC07_002_jr_8017C8D0.c:7970: warning: previous external decl of `D_8019FD76'
src/ov_SC07_002/ov_SC07_002_jr_8017C8D0.c: In function `func_80185150':
src/ov_SC07_002/ov_SC07_002_jr_8017C8D0.c:8152: warning: type mismatch with previous external decl
src/ov_SC07_002/ov_SC07_002_jr_8017C8D0.c:7690: warning: previous external decl of `D_800AE620'
src/ov_SC07_002/ov_SC07_002_jr_8017C8D0.c:8154: warning: type mismatch with previous external decl
src/ov_SC07_002/ov_SC07_002_jr_8017C8D0.c:7692: warning: previous external decl of `D_800A651C'
src/ov_SC07_002/ov_SC07_002_jr_8017C8D0.c: At top level:
src/ov_SC07_002/ov_SC07_002_jr_8017C8D0.c:8599: warning: type mismatch with previous external decl
src/ov_SC07_002/ov_SC07_002_jr_8017C8D0.c:8451: warning: previous external decl of `func_80185A2C'
src/ov_SC07_002/ov_SC07_002_jr_8017C8D0.c:8599: warning: type mismatch with previous implicit declaration
src/ov_SC07_002/ov_SC07_002_jr_8017C8D0.c:8546: warning: previous implicit declaration of `func_80185A2C'
src/ov_SC07_002/ov_SC07_002_jr_8017C8D0.c:8599: warning: `func_80185A2C' was previously implicitly declared to return `int'
src/ov_SC07_002/ov_SC07_002_jr_8017C8D0.c: In function `func_80185E90':
src/ov_SC07_002/ov_SC07_002_jr_8017C8D0.c:8808: warning: passing arg 1 makes pointer from integer without a cast
src/ov_SC07_002/ov_SC07_002_jr_8017C8D0.c: At top level:
src/ov_SC07_002/ov_SC07_002_jr_8017C8D0.c:9015: warning: type mismatch with previous external decl
src/ov_SC07_002/ov_SC07_002_jr_8017C8D0.c:8911: warning: previous external decl of `func_801863B0'
src/ov_SC07_002/ov_SC07_002_jr_8017C8D0.c:9015: warning: type mismatch with previous implicit declaration
src/ov_SC07_002/ov_SC07_002_jr_8017C8D0.c:8911: warning: previous implicit declaration of `func_801863B0'
src/ov_SC07_002/ov_SC07_002_jr_8017C8D0.c:9015: warning: `func_801863B0' was previously implicitly declared to return `int'
src/ov_SC07_002/ov_SC07_002_jr_8017C8D0.c: In function `func_8018672C':
src/ov_SC07_002/ov_SC07_002_jr_8017C8D0.c:9163: warning: passing arg 3 makes integer from pointer without a cast
  LD      build/ov_SC07_002/ov_SC07_002.elf
  OBJCOPY build/ov_SC07_002/ov_SC07_002
  TRIM    build/ov_SC07_002/ov_SC07_002 (-1 B linker end-align pad)
[ OK ] build/ov_SC07_002/ov_SC07_002
       sha1 fad71342019704d1dd6ec25f2f3934c97e322624 == config/check.ov_SC07_002.sha  (BYTE-IDENTICAL)
