03:31:12 apply tus3: 300 files, control src/ov_SC03_029/ov_SC03_029_jr_80135A4C.c IDENTICAL (0.09 s), calibration dd01cbdf6, census 53caafa5f5cc74a3
03:31:12 apply tus3: phase 1 (exemplar files) 3, phase 2 (copies replay) 297
03:31:12   src/ov_SC05_008/ov_SC05_008_jr_8013C98C.c:func_8013CF68 A=DIFFERS B: removed 0 needed 1 compiles 2
03:31:12   src/ov_SC05_008/ov_SC05_008_jr_8013C98C.c:func_8013D178 A=DIFFERS B: removed 0 needed 1 compiles 2
03:31:12   src/ov_SC05_008/ov_SC05_008_jr_8013C98C.c:func_8013D53C A=DIFFERS B: removed 0 needed 2 compiles 3
03:31:13   src/ov_SC05_008/ov_SC05_008_jr_8013C98C.c:func_8013E5E8 A=DIFFERS B: removed 0 needed 1 compiles 2
03:31:13   src/ov_SC05_008/ov_SC05_008_jr_8013C98C.c:func_8013EB7C A=DIFFERS B: removed 0 needed 1 compiles 2
03:31:13   src/ov_SC03_107/ov_SC03_107_jr_8015A3C8.c:func_8015D738 A=DIFFERS B: removed 0 needed 1 compiles 2
03:31:14   src/ov_SC03_107/ov_SC03_107_jr_8015A3C8.c:func_8015FBE0 A=DIFFERS B: removed 0 needed 1 compiles 2
03:31:15   src/ov_SC06_018/ov_SC06_018_jr_8012ACE0.c:func_80133AB0 A=DIFFERS B: removed 0 needed 4 compiles 5
03:31:15   src/ov_SC06_018/ov_SC06_018_jr_8012ACE0.c:func_80133CD4 A=DIFFERS B: removed 0 needed 1 compiles 2
03:31:17   src/ov_SC03_107/ov_SC03_107_jr_8015A3C8.c:func_80161E08 A=DIFFERS B: removed 0 needed 3 compiles 4
03:31:17   src/ov_SC06_018/ov_SC06_018_jr_8012ACE0.c:func_801345F8 A=DIFFERS B: removed 0 needed 3 compiles 4
03:31:19   src/ov_SC06_018/ov_SC06_018_jr_8012ACE0.c:func_80134C20 A=DIFFERS B: removed 0 needed 2 compiles 3
03:31:19   src/ov_SC03_107/ov_SC03_107_jr_8015A3C8.c:func_801627E8 A=DIFFERS B: removed 0 needed 2 compiles 3
03:31:20   src/ov_SC03_107/ov_SC03_107_jr_8015A3C8.c:func_80163EC8 A=DIFFERS B: removed 0 needed 1 compiles 2
03:31:21   src/ov_SC06_018/ov_SC06_018_jr_8012ACE0.c:func_80135168 A=DIFFERS B: removed 0 needed 5 compiles 6
03:31:24   src/ov_SC03_107/ov_SC03_107_jr_8015A3C8.c:func_80168828 A=DIFFERS B: removed 0 needed 2 compiles 3
03:31:30   src/ov_SC03_091/ov_SC03_091_jr_8015C32C.c:func_8015D738 A=DIFFERS B: removed 0 needed 1 compiles 2
03:31:30   src/ov_SC03_095/ov_SC03_095_jr_8015C32C.c:func_8015D738 A=DIFFERS B: removed 0 needed 1 compiles 2
03:31:30   src/ov_SC03_092/ov_SC03_092_jr_8015C32C.c:func_8015D738 A=DIFFERS B: removed 0 needed 1 compiles 2
03:31:30   src/ov_SC03_094/ov_SC03_094_jr_8015C32C.c:func_8015D738 A=DIFFERS B: removed 0 needed 1 compiles 2
03:31:30   src/ov_SC03_090/ov_SC03_090_jr_8015C32C.c:func_8015D738 A=DIFFERS B: removed 0 needed 1 compiles 2
03:31:30   src/ov_SC03_097/ov_SC03_097_jr_8015C32C.c:func_8015D738 A=DIFFERS B: removed 0 needed 1 compiles 2
03:31:30   src/ov_SC03_089/ov_SC03_089_jr_8015C32C.c:func_8015D738 A=DIFFERS B: removed 0 needed 1 compiles 2
03:31:30   src/ov_SC03_031/ov_SC03_031_jr_8015C32C.c:func_8015D738 A=DIFFERS B: removed 0 needed 1 compiles 2
03:31:30   src/ov_SC03_030/ov_SC03_030_jr_8015C32C.c:func_8015D738 A=DIFFERS B: removed 0 needed 1 compiles 2
03:31:30   src/ov_SC03_093/ov_SC03_093_jr_8015C32C.c:func_8015D738 A=DIFFERS B: removed 0 needed 1 compiles 2
03:31:30   src/ov_SC03_029/ov_SC03_029_jr_8015C32C.c:func_8015D738 A=DIFFERS B: removed 0 needed 1 compiles 2
03:31:30   src/ov_SC03_096/ov_SC03_096_jr_8015C32C.c:func_8015D738 A=DIFFERS B: removed 0 needed 1 compiles 2
03:31:31   src/ov_SC03_095/ov_SC03_095_jr_8015C32C.c:func_8015FBE0 A=DIFFERS B: removed 0 needed 1 compiles 2
03:31:31   src/ov_SC03_094/ov_SC03_094_jr_8015C32C.c:func_8015FBE0 A=DIFFERS B: removed 0 needed 1 compiles 2
03:31:31   src/ov_SC03_092/ov_SC03_092_jr_8015C32C.c:func_8015FBE0 A=DIFFERS B: removed 0 needed 1 compiles 2
03:31:31   src/ov_SC03_091/ov_SC03_091_jr_8015C32C.c:func_8015FBE0 A=DIFFERS B: removed 0 needed 1 compiles 2
03:31:31   src/ov_SC03_031/ov_SC03_031_jr_8015C32C.c:func_8015FBE0 A=DIFFERS B: removed 0 needed 1 compiles 2
03:31:31   src/ov_SC03_030/ov_SC03_030_jr_8015C32C.c:func_8015FBE0 A=DIFFERS B: removed 0 needed 1 compiles 2
03:31:31   src/ov_SC03_097/ov_SC03_097_jr_8015C32C.c:func_8015FBE0 A=DIFFERS B: removed 0 needed 1 compiles 2
03:31:31   src/ov_SC03_090/ov_SC03_090_jr_8015C32C.c:func_8015FBE0 A=DIFFERS B: removed 0 needed 1 compiles 2
03:31:31   src/ov_SC03_089/ov_SC03_089_jr_8015C32C.c:func_8015FBE0 A=DIFFERS B: removed 0 needed 1 compiles 2
03:31:31   src/ov_SC03_093/ov_SC03_093_jr_8015C32C.c:func_8015FBE0 A=DIFFERS B: removed 0 needed 1 compiles 2
03:31:31   src/ov_SC03_029/ov_SC03_029_jr_8015C32C.c:func_8015FBE0 A=DIFFERS B: removed 0 needed 1 compiles 2
03:31:31   src/ov_SC03_096/ov_SC03_096_jr_8015C32C.c:func_8015FBE0 A=DIFFERS B: removed 0 needed 1 compiles 2
03:31:33   src/ov_SC03_092/ov_SC03_092_jr_8015C32C.c:func_80161E08 A=DIFFERS B: removed 0 needed 3 compiles 4
03:31:33   src/ov_SC03_091/ov_SC03_091_jr_8015C32C.c:func_80161E08 A=DIFFERS B: removed 0 needed 3 compiles 4
03:31:33   src/ov_SC03_095/ov_SC03_095_jr_8015C32C.c:func_80161E08 A=DIFFERS B: removed 0 needed 3 compiles 4
03:31:33   src/ov_SC03_097/ov_SC03_097_jr_8015C32C.c:func_80161E08 A=DIFFERS B: removed 0 needed 3 compiles 4
03:31:33   src/ov_SC03_089/ov_SC03_089_jr_8015C32C.c:func_80161E08 A=DIFFERS B: removed 0 needed 3 compiles 4
03:31:33   src/ov_SC03_030/ov_SC03_030_jr_8015C32C.c:func_80161E08 A=DIFFERS B: removed 0 needed 3 compiles 4
03:31:33   src/ov_SC03_090/ov_SC03_090_jr_8015C32C.c:func_80161E08 A=DIFFERS B: removed 0 needed 3 compiles 4
03:31:33   src/ov_SC03_031/ov_SC03_031_jr_8015C32C.c:func_80161E08 A=DIFFERS B: removed 0 needed 3 compiles 4
03:31:33   src/ov_SC03_094/ov_SC03_094_jr_8015C32C.c:func_80161E08 A=DIFFERS B: removed 0 needed 3 compiles 4
03:31:33   src/ov_SC03_093/ov_SC03_093_jr_8015C32C.c:func_80161E08 A=DIFFERS B: removed 0 needed 3 compiles 4
03:31:33   src/ov_SC03_029/ov_SC03_029_jr_8015C32C.c:func_80161E08 A=DIFFERS B: removed 0 needed 3 compiles 4
03:31:33   src/ov_SC03_096/ov_SC03_096_jr_8015C32C.c:func_80161E08 A=DIFFERS B: removed 0 needed 3 compiles 4
03:31:35   src/ov_SC03_091/ov_SC03_091_jr_8015C32C.c:func_801627E8 A=DIFFERS B: removed 0 needed 2 compiles 3
03:31:35   src/ov_SC03_092/ov_SC03_092_jr_8015C32C.c:func_801627E8 A=DIFFERS B: removed 0 needed 2 compiles 3
03:31:35   src/ov_SC03_095/ov_SC03_095_jr_8015C32C.c:func_801627E8 A=DIFFERS B: removed 0 needed 2 compiles 3
03:31:36   src/ov_SC03_089/ov_SC03_089_jr_8015C32C.c:func_801627E8 A=DIFFERS B: removed 0 needed 2 compiles 3
03:31:36   src/ov_SC03_097/ov_SC03_097_jr_8015C32C.c:func_801627E8 A=DIFFERS B: removed 0 needed 2 compiles 3
03:31:36   src/ov_SC03_090/ov_SC03_090_jr_8015C32C.c:func_801627E8 A=DIFFERS B: removed 0 needed 2 compiles 3
03:31:36   src/ov_SC03_031/ov_SC03_031_jr_8015C32C.c:func_801627E8 A=DIFFERS B: removed 0 needed 2 compiles 3
03:31:36   src/ov_SC03_029/ov_SC03_029_jr_8015C32C.c:func_801627E8 A=DIFFERS B: removed 0 needed 2 compiles 3
03:31:36   src/ov_SC03_094/ov_SC03_094_jr_8015C32C.c:func_801627E8 A=DIFFERS B: removed 0 needed 2 compiles 3
03:31:36   src/ov_SC03_093/ov_SC03_093_jr_8015C32C.c:func_801627E8 A=DIFFERS B: removed 0 needed 2 compiles 3
03:31:36   src/ov_SC03_030/ov_SC03_030_jr_8015C32C.c:func_801627E8 A=DIFFERS B: removed 0 needed 2 compiles 3
03:31:36   src/ov_SC03_096/ov_SC03_096_jr_8015C32C.c:func_801627E8 A=DIFFERS B: removed 0 needed 2 compiles 3
03:31:36   src/ov_SC03_091/ov_SC03_091_jr_8015C32C.c:func_80163EC8 A=DIFFERS B: removed 0 needed 1 compiles 2
03:31:36   src/ov_SC03_095/ov_SC03_095_jr_8015C32C.c:func_80163EC8 A=DIFFERS B: removed 0 needed 1 compiles 2
03:31:36   src/ov_SC03_092/ov_SC03_092_jr_8015C32C.c:func_80163EC8 A=DIFFERS B: removed 0 needed 1 compiles 2
03:31:37   src/ov_SC03_089/ov_SC03_089_jr_8015C32C.c:func_80163EC8 A=DIFFERS B: removed 0 needed 1 compiles 2
03:31:37   src/ov_SC03_090/ov_SC03_090_jr_8015C32C.c:func_80163EC8 A=DIFFERS B: removed 0 needed 1 compiles 2
03:31:37   src/ov_SC03_031/ov_SC03_031_jr_8015C32C.c:func_80163EC8 A=DIFFERS B: removed 0 needed 1 compiles 2
03:31:37   src/ov_SC03_029/ov_SC03_029_jr_8015C32C.c:func_80163EC8 A=DIFFERS B: removed 0 needed 1 compiles 2
03:31:37   src/ov_SC03_093/ov_SC03_093_jr_8015C32C.c:func_80163EC8 A=DIFFERS B: removed 0 needed 1 compiles 2
03:31:37   src/ov_SC03_094/ov_SC03_094_jr_8015C32C.c:func_80163EC8 A=DIFFERS B: removed 0 needed 1 compiles 2
03:31:37   src/ov_SC03_030/ov_SC03_030_jr_8015C32C.c:func_80163EC8 A=DIFFERS B: removed 0 needed 1 compiles 2
03:31:37   src/ov_SC03_097/ov_SC03_097_jr_8015C32C.c:func_80163EC8 A=DIFFERS B: removed 0 needed 1 compiles 2
03:31:37   src/ov_SC03_096/ov_SC03_096_jr_8015C32C.c:func_80163EC8 A=DIFFERS B: removed 0 needed 1 compiles 2
03:31:41   src/ov_SC03_095/ov_SC03_095_jr_8015C32C.c:func_80168828 A=DIFFERS B: removed 0 needed 2 compiles 3
03:31:41   src/ov_SC03_092/ov_SC03_092_jr_8015C32C.c:func_80168828 A=DIFFERS B: removed 0 needed 2 compiles 3
03:31:41   src/ov_SC03_091/ov_SC03_091_jr_8015C32C.c:func_80168828 A=DIFFERS B: removed 0 needed 2 compiles 3
03:31:41   src/ov_SC03_089/ov_SC03_089_jr_8015C32C.c:func_80168828 A=DIFFERS B: removed 0 needed 2 compiles 3
03:31:41   src/ov_SC03_090/ov_SC03_090_jr_8015C32C.c:func_80168828 A=DIFFERS B: removed 0 needed 2 compiles 3
03:31:41   src/ov_SC03_093/ov_SC03_093_jr_8015C32C.c:func_80168828 A=DIFFERS B: removed 0 needed 2 compiles 3
03:31:41   src/ov_SC03_030/ov_SC03_030_jr_8015C32C.c:func_80168828 A=DIFFERS B: removed 0 needed 2 compiles 3
03:31:41   src/ov_SC03_097/ov_SC03_097_jr_8015C32C.c:func_80168828 A=DIFFERS B: removed 0 needed 2 compiles 3
03:31:41   src/ov_SC03_029/ov_SC03_029_jr_8015C32C.c:func_80168828 A=DIFFERS B: removed 0 needed 2 compiles 3
03:31:41   src/ov_SC03_031/ov_SC03_031_jr_8015C32C.c:func_80168828 A=DIFFERS B: removed 0 needed 2 compiles 3
03:31:41   src/ov_SC03_094/ov_SC03_094_jr_8015C32C.c:func_80168828 A=DIFFERS B: removed 0 needed 2 compiles 3
03:31:41   src/ov_SC03_096/ov_SC03_096_jr_8015C32C.c:func_80168828 A=DIFFERS B: removed 0 needed 2 compiles 3
03:31:45   src/ov_SC03_098/ov_SC03_098_jr_8015C32C.c:func_8015D738 A=DIFFERS B: removed 0 needed 1 compiles 2
03:31:45   src/ov_SC03_099/ov_SC03_099_jr_8015C32C.c:func_8015D738 A=DIFFERS B: removed 0 needed 1 compiles 2
03:31:45   src/ov_SC03_100/ov_SC03_100_jr_8015C32C.c:func_8015D738 A=DIFFERS B: removed 0 needed 1 compiles 2
03:31:45   src/ov_SC03_101/ov_SC03_101_jr_8015C32C.c:func_8015D738 A=DIFFERS B: removed 0 needed 1 compiles 2
03:31:45   src/ov_SC03_103/ov_SC03_103_jr_8015C32C.c:func_8015D738 A=DIFFERS B: removed 0 needed 1 compiles 2
03:31:45   src/ov_SC03_102/ov_SC03_102_jr_8015C32C.c:func_8015D738 A=DIFFERS B: removed 0 needed 1 compiles 2
03:31:45   src/ov_SC03_104/ov_SC03_104_jr_8015C32C.c:func_8015D738 A=DIFFERS B: removed 0 needed 1 compiles 2
03:31:45   src/ov_SC03_108/ov_SC03_108_jr_8015C32C.c:func_8015D738 A=DIFFERS B: removed 0 needed 1 compiles 2
03:31:45   src/ov_SC03_110/ov_SC03_110_jr_8015C32C.c:func_8015D738 A=DIFFERS B: removed 0 needed 1 compiles 2
03:31:45   src/ov_SC03_105/ov_SC03_105_jr_8015C32C.c:func_8015D738 A=DIFFERS B: removed 0 needed 1 compiles 2
03:31:45   src/ov_SC03_109/ov_SC03_109_jr_8015C32C.c:func_8015D738 A=DIFFERS B: removed 0 needed 1 compiles 2
03:31:45   src/ov_SC03_111/ov_SC03_111_jr_8015C32C.c:func_8015D738 A=DIFFERS B: removed 0 needed 1 compiles 2
03:31:46   src/ov_SC03_098/ov_SC03_098_jr_8015C32C.c:func_8015FBE0 A=DIFFERS B: removed 0 needed 1 compiles 2
03:31:46   src/ov_SC03_099/ov_SC03_099_jr_8015C32C.c:func_8015FBE0 A=DIFFERS B: removed 0 needed 1 compiles 2
03:31:46   src/ov_SC03_101/ov_SC03_101_jr_8015C32C.c:func_8015FBE0 A=DIFFERS B: removed 0 needed 1 compiles 2
03:31:46   src/ov_SC03_102/ov_SC03_102_jr_8015C32C.c:func_8015FBE0 A=DIFFERS B: removed 0 needed 1 compiles 2
03:31:46   src/ov_SC03_104/ov_SC03_104_jr_8015C32C.c:func_8015FBE0 A=DIFFERS B: removed 0 needed 1 compiles 2
03:31:46   src/ov_SC03_100/ov_SC03_100_jr_8015C32C.c:func_8015FBE0 A=DIFFERS B: removed 0 needed 1 compiles 2
03:31:46   src/ov_SC03_108/ov_SC03_108_jr_8015C32C.c:func_8015FBE0 A=DIFFERS B: removed 0 needed 1 compiles 2
03:31:46   src/ov_SC03_110/ov_SC03_110_jr_8015C32C.c:func_8015FBE0 A=DIFFERS B: removed 0 needed 1 compiles 2
03:31:46   src/ov_SC03_103/ov_SC03_103_jr_8015C32C.c:func_8015FBE0 A=DIFFERS B: removed 0 needed 1 compiles 2
03:31:46   src/ov_SC03_105/ov_SC03_105_jr_8015C32C.c:func_8015FBE0 A=DIFFERS B: removed 0 needed 1 compiles 2
03:31:46   src/ov_SC03_109/ov_SC03_109_jr_8015C32C.c:func_8015FBE0 A=DIFFERS B: removed 0 needed 1 compiles 2
03:31:46   src/ov_SC03_111/ov_SC03_111_jr_8015C32C.c:func_8015FBE0 A=DIFFERS B: removed 0 needed 1 compiles 2
03:31:48   src/ov_SC03_099/ov_SC03_099_jr_8015C32C.c:func_80161E08 A=DIFFERS B: removed 0 needed 3 compiles 4
03:31:48   src/ov_SC03_098/ov_SC03_098_jr_8015C32C.c:func_80161E08 A=DIFFERS B: removed 0 needed 3 compiles 4
03:31:48   src/ov_SC03_101/ov_SC03_101_jr_8015C32C.c:func_80161E08 A=DIFFERS B: removed 0 needed 3 compiles 4
03:31:48   src/ov_SC03_104/ov_SC03_104_jr_8015C32C.c:func_80161E08 A=DIFFERS B: removed 0 needed 3 compiles 4
03:31:48   src/ov_SC03_100/ov_SC03_100_jr_8015C32C.c:func_80161E08 A=DIFFERS B: removed 0 needed 3 compiles 4
03:31:48   src/ov_SC03_102/ov_SC03_102_jr_8015C32C.c:func_80161E08 A=DIFFERS B: removed 0 needed 3 compiles 4
03:31:48   src/ov_SC03_108/ov_SC03_108_jr_8015C32C.c:func_80161E08 A=DIFFERS B: removed 0 needed 3 compiles 4
03:31:48   src/ov_SC03_103/ov_SC03_103_jr_8015C32C.c:func_80161E08 A=DIFFERS B: removed 0 needed 3 compiles 4
03:31:48   src/ov_SC03_110/ov_SC03_110_jr_8015C32C.c:func_80161E08 A=DIFFERS B: removed 0 needed 3 compiles 4
03:31:48   src/ov_SC03_109/ov_SC03_109_jr_8015C32C.c:func_80161E08 A=DIFFERS B: removed 0 needed 3 compiles 4
03:31:48   src/ov_SC03_105/ov_SC03_105_jr_8015C32C.c:func_80161E08 A=DIFFERS B: removed 0 needed 3 compiles 4
03:31:49   src/ov_SC03_111/ov_SC03_111_jr_8015C32C.c:func_80161E08 A=DIFFERS B: removed 0 needed 3 compiles 4
03:31:50   src/ov_SC03_099/ov_SC03_099_jr_8015C32C.c:func_801627E8 A=DIFFERS B: removed 0 needed 2 compiles 3
03:31:51   src/ov_SC03_098/ov_SC03_098_jr_8015C32C.c:func_801627E8 A=DIFFERS B: removed 0 needed 2 compiles 3
03:31:51   src/ov_SC03_104/ov_SC03_104_jr_8015C32C.c:func_801627E8 A=DIFFERS B: removed 0 needed 2 compiles 3
03:31:51   src/ov_SC03_100/ov_SC03_100_jr_8015C32C.c:func_801627E8 A=DIFFERS B: removed 0 needed 2 compiles 3
03:31:51   src/ov_SC03_101/ov_SC03_101_jr_8015C32C.c:func_801627E8 A=DIFFERS B: removed 0 needed 2 compiles 3
03:31:51   src/ov_SC03_103/ov_SC03_103_jr_8015C32C.c:func_801627E8 A=DIFFERS B: removed 0 needed 2 compiles 3
03:31:51   src/ov_SC03_108/ov_SC03_108_jr_8015C32C.c:func_801627E8 A=DIFFERS B: removed 0 needed 2 compiles 3
03:31:51   src/ov_SC03_110/ov_SC03_110_jr_8015C32C.c:func_801627E8 A=DIFFERS B: removed 0 needed 2 compiles 3
03:31:51   src/ov_SC03_102/ov_SC03_102_jr_8015C32C.c:func_801627E8 A=DIFFERS B: removed 0 needed 2 compiles 3
03:31:51   src/ov_SC03_109/ov_SC03_109_jr_8015C32C.c:func_801627E8 A=DIFFERS B: removed 0 needed 2 compiles 3
03:31:51   src/ov_SC03_099/ov_SC03_099_jr_8015C32C.c:func_80163EC8 A=DIFFERS B: removed 0 needed 1 compiles 2
03:31:51   src/ov_SC03_105/ov_SC03_105_jr_8015C32C.c:func_801627E8 A=DIFFERS B: removed 0 needed 2 compiles 3
03:31:51   src/ov_SC03_111/ov_SC03_111_jr_8015C32C.c:func_801627E8 A=DIFFERS B: removed 0 needed 2 compiles 3
03:31:51   src/ov_SC03_098/ov_SC03_098_jr_8015C32C.c:func_80163EC8 A=DIFFERS B: removed 0 needed 1 compiles 2
03:31:52   src/ov_SC03_104/ov_SC03_104_jr_8015C32C.c:func_80163EC8 A=DIFFERS B: removed 0 needed 1 compiles 2
03:31:52   src/ov_SC03_100/ov_SC03_100_jr_8015C32C.c:func_80163EC8 A=DIFFERS B: removed 0 needed 1 compiles 2
03:31:52   src/ov_SC03_101/ov_SC03_101_jr_8015C32C.c:func_80163EC8 A=DIFFERS B: removed 0 needed 1 compiles 2
03:31:52   src/ov_SC03_108/ov_SC03_108_jr_8015C32C.c:func_80163EC8 A=DIFFERS B: removed 0 needed 1 compiles 2
03:31:52   src/ov_SC03_102/ov_SC03_102_jr_8015C32C.c:func_80163EC8 A=DIFFERS B: removed 0 needed 1 compiles 2
03:31:52   src/ov_SC03_109/ov_SC03_109_jr_8015C32C.c:func_80163EC8 A=DIFFERS B: removed 0 needed 1 compiles 2
03:31:52   src/ov_SC03_110/ov_SC03_110_jr_8015C32C.c:func_80163EC8 A=DIFFERS B: removed 0 needed 1 compiles 2
03:31:52   src/ov_SC03_103/ov_SC03_103_jr_8015C32C.c:func_80163EC8 A=DIFFERS B: removed 0 needed 1 compiles 2
03:31:52   src/ov_SC03_105/ov_SC03_105_jr_8015C32C.c:func_80163EC8 A=DIFFERS B: removed 0 needed 1 compiles 2
03:31:52   src/ov_SC03_111/ov_SC03_111_jr_8015C32C.c:func_80163EC8 A=DIFFERS B: removed 0 needed 1 compiles 2
03:31:56   src/ov_SC03_099/ov_SC03_099_jr_8015C32C.c:func_80168828 A=DIFFERS B: removed 0 needed 2 compiles 3
03:31:56   src/ov_SC03_104/ov_SC03_104_jr_8015C32C.c:func_80168828 A=DIFFERS B: removed 0 needed 2 compiles 3
03:31:56   src/ov_SC03_098/ov_SC03_098_jr_8015C32C.c:func_80168828 A=DIFFERS B: removed 0 needed 2 compiles 3
03:31:56   src/ov_SC03_100/ov_SC03_100_jr_8015C32C.c:func_80168828 A=DIFFERS B: removed 0 needed 2 compiles 3
03:31:56   src/ov_SC03_108/ov_SC03_108_jr_8015C32C.c:func_80168828 A=DIFFERS B: removed 0 needed 2 compiles 3
03:31:56   src/ov_SC03_102/ov_SC03_102_jr_8015C32C.c:func_80168828 A=DIFFERS B: removed 0 needed 2 compiles 3
03:31:56   src/ov_SC03_109/ov_SC03_109_jr_8015C32C.c:func_80168828 A=DIFFERS B: removed 0 needed 2 compiles 3
03:31:56   src/ov_SC03_103/ov_SC03_103_jr_8015C32C.c:func_80168828 A=DIFFERS B: removed 0 needed 2 compiles 3
03:31:56   src/ov_SC03_101/ov_SC03_101_jr_8015C32C.c:func_80168828 A=DIFFERS B: removed 0 needed 2 compiles 3
03:31:57   src/ov_SC03_105/ov_SC03_105_jr_8015C32C.c:func_80168828 A=DIFFERS B: removed 0 needed 2 compiles 3
03:31:57   src/ov_SC03_110/ov_SC03_110_jr_8015C32C.c:func_80168828 A=DIFFERS B: removed 0 needed 2 compiles 3
03:31:57   src/ov_SC03_111/ov_SC03_111_jr_8015C32C.c:func_80168828 A=DIFFERS B: removed 0 needed 2 compiles 3
03:32:00   src/ov_SC03_112/ov_SC03_112_jr_8015C32C.c:func_8015D738 A=DIFFERS B: removed 0 needed 1 compiles 2
03:32:00   src/ov_SC03_115/ov_SC03_115_jr_8015C32C.c:func_8015D738 A=DIFFERS B: removed 0 needed 1 compiles 2
03:32:00   src/ov_SC03_114/ov_SC03_114_jr_8015C32C.c:func_8015D738 A=DIFFERS B: removed 0 needed 1 compiles 2
03:32:00   src/ov_SC03_113/ov_SC03_113_jr_8015C32C.c:func_8015D738 A=DIFFERS B: removed 0 needed 1 compiles 2
03:32:00   src/ov_SC03_116/ov_SC03_116_jr_8015C32C.c:func_8015D738 A=DIFFERS B: removed 0 needed 1 compiles 2
03:32:01   src/ov_SC03_124/ov_SC03_124_jr_8015C32C.c:func_8015D738 A=DIFFERS B: removed 0 needed 1 compiles 2
03:32:01   src/ov_SC03_117/ov_SC03_117_jr_8015C32C.c:func_8015D738 A=DIFFERS B: removed 0 needed 1 compiles 2
03:32:01   src/ov_SC03_112/ov_SC03_112_jr_8015C32C.c:func_8015FBE0 A=DIFFERS B: removed 0 needed 1 compiles 2
03:32:01   src/ov_SC03_125/ov_SC03_125_jr_8015C32C.c:func_8015D738 A=DIFFERS B: removed 0 needed 1 compiles 2
03:32:01   src/ov_SC04_000/ov_SC04_000_jr_8015C32C.c:func_8015D738 A=DIFFERS B: removed 0 needed 1 compiles 2
03:32:01   src/ov_SC03_121/ov_SC03_121_jr_8015C32C.c:func_8015D738 A=DIFFERS B: removed 0 needed 1 compiles 2
03:32:01   src/ov_SC03_115/ov_SC03_115_jr_8015C32C.c:func_8015FBE0 A=DIFFERS B: removed 0 needed 1 compiles 2
03:32:01   src/ov_SC03_114/ov_SC03_114_jr_8015C32C.c:func_8015FBE0 A=DIFFERS B: removed 0 needed 1 compiles 2
03:32:01   src/ov_SC04_002/ov_SC04_002_jr_8015C32C.c:func_8015D738 A=DIFFERS B: removed 0 needed 1 compiles 2
03:32:01   src/ov_SC03_116/ov_SC03_116_jr_8015C32C.c:func_8015FBE0 A=DIFFERS B: removed 0 needed 1 compiles 2
03:32:01   src/ov_SC03_113/ov_SC03_113_jr_8015C32C.c:func_8015FBE0 A=DIFFERS B: removed 0 needed 1 compiles 2
03:32:02   src/ov_SC03_117/ov_SC03_117_jr_8015C32C.c:func_8015FBE0 A=DIFFERS B: removed 0 needed 1 compiles 2
03:32:02   src/ov_SC03_125/ov_SC03_125_jr_8015C32C.c:func_8015FBE0 A=DIFFERS B: removed 0 needed 1 compiles 2
03:32:02   src/ov_SC03_124/ov_SC03_124_jr_8015C32C.c:func_8015FBE0 A=DIFFERS B: removed 0 needed 1 compiles 2
03:32:02   src/ov_SC04_000/ov_SC04_000_jr_8015C32C.c:func_8015FBE0 A=DIFFERS B: removed 0 needed 1 compiles 2
03:32:02   src/ov_SC03_121/ov_SC03_121_jr_8015C32C.c:func_8015FBE0 A=DIFFERS B: removed 0 needed 1 compiles 2
03:32:02   src/ov_SC04_002/ov_SC04_002_jr_8015C32C.c:func_8015FBE0 A=DIFFERS B: removed 0 needed 1 compiles 2
03:32:03   src/ov_SC03_118/ov_SC03_118_jr_8015C32C.c:func_8015D738 A=DIFFERS B: removed 0 needed 1 compiles 2
03:32:03   src/ov_SC03_112/ov_SC03_112_jr_8015C32C.c:func_80161E08 A=DIFFERS B: removed 0 needed 3 compiles 4
03:32:03   src/ov_SC03_114/ov_SC03_114_jr_8015C32C.c:func_80161E08 A=DIFFERS B: removed 0 needed 3 compiles 4
03:32:03   src/ov_SC03_115/ov_SC03_115_jr_8015C32C.c:func_80161E08 A=DIFFERS B: removed 0 needed 3 compiles 4
03:32:03   src/ov_SC03_116/ov_SC03_116_jr_8015C32C.c:func_80161E08 A=DIFFERS B: removed 0 needed 3 compiles 4
03:32:04   src/ov_SC03_113/ov_SC03_113_jr_8015C32C.c:func_80161E08 A=DIFFERS B: removed 0 needed 3 compiles 4
03:32:04   src/ov_SC03_125/ov_SC03_125_jr_8015C32C.c:func_80161E08 A=DIFFERS B: removed 0 needed 3 compiles 4
03:32:04   src/ov_SC03_117/ov_SC03_117_jr_8015C32C.c:func_80161E08 A=DIFFERS B: removed 0 needed 3 compiles 4
03:32:04   src/ov_SC03_124/ov_SC03_124_jr_8015C32C.c:func_80161E08 A=DIFFERS B: removed 0 needed 3 compiles 4
03:32:04   src/ov_SC04_000/ov_SC04_000_jr_8015C32C.c:func_80161E08 A=DIFFERS B: removed 0 needed 3 compiles 4
03:32:04   src/ov_SC03_121/ov_SC03_121_jr_8015C32C.c:func_80161E08 A=DIFFERS B: removed 0 needed 3 compiles 4
03:32:04   src/ov_SC04_002/ov_SC04_002_jr_8015C32C.c:func_80161E08 A=DIFFERS B: removed 0 needed 3 compiles 4
03:32:05   src/ov_SC03_118/ov_SC03_118_jr_8015C32C.c:func_8015FBE0 A=DIFFERS B: removed 0 needed 1 compiles 2
03:32:06   src/ov_SC03_112/ov_SC03_112_jr_8015C32C.c:func_801627E8 A=DIFFERS B: removed 0 needed 2 compiles 3
03:32:06   src/ov_SC03_114/ov_SC03_114_jr_8015C32C.c:func_801627E8 A=DIFFERS B: removed 0 needed 2 compiles 3
03:32:06   src/ov_SC03_115/ov_SC03_115_jr_8015C32C.c:func_801627E8 A=DIFFERS B: removed 0 needed 2 compiles 3
03:32:06   src/ov_SC03_116/ov_SC03_116_jr_8015C32C.c:func_801627E8 A=DIFFERS B: removed 0 needed 2 compiles 3
03:32:06   src/ov_SC03_113/ov_SC03_113_jr_8015C32C.c:func_801627E8 A=DIFFERS B: removed 0 needed 2 compiles 3
03:32:06   src/ov_SC03_125/ov_SC03_125_jr_8015C32C.c:func_801627E8 A=DIFFERS B: removed 0 needed 2 compiles 3
03:32:07   src/ov_SC03_112/ov_SC03_112_jr_8015C32C.c:func_80163EC8 A=DIFFERS B: removed 0 needed 1 compiles 2
03:32:07   src/ov_SC03_117/ov_SC03_117_jr_8015C32C.c:func_801627E8 A=DIFFERS B: removed 0 needed 2 compiles 3
03:32:07   src/ov_SC04_000/ov_SC04_000_jr_8015C32C.c:func_801627E8 A=DIFFERS B: removed 0 needed 2 compiles 3
03:32:07   src/ov_SC03_124/ov_SC03_124_jr_8015C32C.c:func_801627E8 A=DIFFERS B: removed 0 needed 2 compiles 3
03:32:07   src/ov_SC03_121/ov_SC03_121_jr_8015C32C.c:func_801627E8 A=DIFFERS B: removed 0 needed 2 compiles 3
03:32:07   src/ov_SC03_115/ov_SC03_115_jr_8015C32C.c:func_80163EC8 A=DIFFERS B: removed 0 needed 1 compiles 2
03:32:07   src/ov_SC04_002/ov_SC04_002_jr_8015C32C.c:func_801627E8 A=DIFFERS B: removed 0 needed 2 compiles 3
03:32:07   src/ov_SC03_114/ov_SC03_114_jr_8015C32C.c:func_80163EC8 A=DIFFERS B: removed 0 needed 1 compiles 2
03:32:07   src/ov_SC03_113/ov_SC03_113_jr_8015C32C.c:func_80163EC8 A=DIFFERS B: removed 0 needed 1 compiles 2
03:32:07   src/ov_SC03_116/ov_SC03_116_jr_8015C32C.c:func_80163EC8 A=DIFFERS B: removed 0 needed 1 compiles 2
03:32:07   src/ov_SC03_125/ov_SC03_125_jr_8015C32C.c:func_80163EC8 A=DIFFERS B: removed 0 needed 1 compiles 2
03:32:08   src/ov_SC04_000/ov_SC04_000_jr_8015C32C.c:func_80163EC8 A=DIFFERS B: removed 0 needed 1 compiles 2
03:32:08   src/ov_SC03_117/ov_SC03_117_jr_8015C32C.c:func_80163EC8 A=DIFFERS B: removed 0 needed 1 compiles 2
03:32:08   src/ov_SC03_124/ov_SC03_124_jr_8015C32C.c:func_80163EC8 A=DIFFERS B: removed 0 needed 1 compiles 2
03:32:08   src/ov_SC04_002/ov_SC04_002_jr_8015C32C.c:func_80163EC8 A=DIFFERS B: removed 0 needed 1 compiles 2
03:32:08   src/ov_SC03_121/ov_SC03_121_jr_8015C32C.c:func_80163EC8 A=DIFFERS B: removed 0 needed 1 compiles 2
03:32:09   src/ov_SC03_118/ov_SC03_118_jr_8015C32C.c:func_80161E08 A=DIFFERS B: removed 0 needed 3 compiles 4
03:32:11   src/ov_SC03_112/ov_SC03_112_jr_8015C32C.c:func_80168828 A=DIFFERS B: removed 0 needed 2 compiles 3
03:32:11   src/ov_SC03_115/ov_SC03_115_jr_8015C32C.c:func_80168828 A=DIFFERS B: removed 0 needed 2 compiles 3
03:32:12   src/ov_SC03_114/ov_SC03_114_jr_8015C32C.c:func_80168828 A=DIFFERS B: removed 0 needed 2 compiles 3
03:32:12   src/ov_SC03_113/ov_SC03_113_jr_8015C32C.c:func_80168828 A=DIFFERS B: removed 0 needed 2 compiles 3
03:32:12   src/ov_SC03_116/ov_SC03_116_jr_8015C32C.c:func_80168828 A=DIFFERS B: removed 0 needed 2 compiles 3
03:32:12   src/ov_SC03_125/ov_SC03_125_jr_8015C32C.c:func_80168828 A=DIFFERS B: removed 0 needed 2 compiles 3
03:32:12   src/ov_SC04_000/ov_SC04_000_jr_8015C32C.c:func_80168828 A=DIFFERS B: removed 0 needed 2 compiles 3
03:32:12   src/ov_SC03_117/ov_SC03_117_jr_8015C32C.c:func_80168828 A=DIFFERS B: removed 0 needed 2 compiles 3
03:32:12   src/ov_SC03_124/ov_SC03_124_jr_8015C32C.c:func_80168828 A=DIFFERS B: removed 0 needed 2 compiles 3
03:32:13   src/ov_SC04_002/ov_SC04_002_jr_8015C32C.c:func_80168828 A=DIFFERS B: removed 0 needed 2 compiles 3
03:32:13   src/ov_SC03_121/ov_SC03_121_jr_8015C32C.c:func_80168828 A=DIFFERS B: removed 0 needed 2 compiles 3
03:32:14   src/ov_SC03_118/ov_SC03_118_jr_8015C32C.c:func_801627E8 A=DIFFERS B: removed 0 needed 2 compiles 3
03:32:15   src/ov_SC04_003/ov_SC04_003_jr_8015C32C.c:func_8015D738 A=DIFFERS B: removed 0 needed 1 compiles 2
03:32:15   src/ov_SC04_004/ov_SC04_004_jr_8015C32C.c:func_8015D738 A=DIFFERS B: removed 0 needed 1 compiles 2
03:32:15   src/ov_SC04_005/ov_SC04_005_jr_8015C32C.c:func_8015D738 A=DIFFERS B: removed 0 needed 1 compiles 2
03:32:15   src/ov_SC04_006/ov_SC04_006_jr_8015C32C.c:func_8015D738 A=DIFFERS B: removed 0 needed 1 compiles 2
03:32:16   src/ov_SC04_003/ov_SC04_003_jr_8015C32C.c:func_8015FBE0 A=DIFFERS B: removed 0 needed 1 compiles 2
03:32:16   src/ov_SC04_009/ov_SC04_009_jr_8015C32C.c:func_8015D738 A=DIFFERS B: removed 0 needed 1 compiles 2
03:32:16   src/ov_SC04_007/ov_SC04_007_jr_8015C32C.c:func_8015D738 A=DIFFERS B: removed 0 needed 1 compiles 2
03:32:16   src/ov_SC04_010/ov_SC04_010_jr_8015C32C.c:func_8015D738 A=DIFFERS B: removed 0 needed 1 compiles 2
03:32:16   src/ov_SC04_012/ov_SC04_012_jr_8015C32C.c:func_8015D738 A=DIFFERS B: removed 0 needed 1 compiles 2
03:32:16   src/ov_SC04_005/ov_SC04_005_jr_8015C32C.c:func_8015FBE0 A=DIFFERS B: removed 0 needed 1 compiles 2
03:32:16   src/ov_SC04_016/ov_SC04_016_jr_8015C32C.c:func_8015D738 A=DIFFERS B: removed 0 needed 1 compiles 2
03:32:16   src/ov_SC04_004/ov_SC04_004_jr_8015C32C.c:func_8015FBE0 A=DIFFERS B: removed 0 needed 1 compiles 2
03:32:16   src/ov_SC04_015/ov_SC04_015_jr_8015C32C.c:func_8015D738 A=DIFFERS B: removed 0 needed 1 compiles 2
03:32:16   src/ov_SC04_006/ov_SC04_006_jr_8015C32C.c:func_8015FBE0 A=DIFFERS B: removed 0 needed 1 compiles 2
03:32:16   src/ov_SC03_118/ov_SC03_118_jr_8015C32C.c:func_80163EC8 A=DIFFERS B: removed 0 needed 1 compiles 2
03:32:17   src/ov_SC04_007/ov_SC04_007_jr_8015C32C.c:func_8015FBE0 A=DIFFERS B: removed 0 needed 1 compiles 2
03:32:17   src/ov_SC04_009/ov_SC04_009_jr_8015C32C.c:func_8015FBE0 A=DIFFERS B: removed 0 needed 1 compiles 2
03:32:17   src/ov_SC04_010/ov_SC04_010_jr_8015C32C.c:func_8015FBE0 A=DIFFERS B: removed 0 needed 1 compiles 2
03:32:17   src/ov_SC04_016/ov_SC04_016_jr_8015C32C.c:func_8015FBE0 A=DIFFERS B: removed 0 needed 1 compiles 2
03:32:17   src/ov_SC04_012/ov_SC04_012_jr_8015C32C.c:func_8015FBE0 A=DIFFERS B: removed 0 needed 1 compiles 2
03:32:17   src/ov_SC04_015/ov_SC04_015_jr_8015C32C.c:func_8015FBE0 A=DIFFERS B: removed 0 needed 1 compiles 2
03:32:18   src/ov_SC04_003/ov_SC04_003_jr_8015C32C.c:func_80161E08 A=DIFFERS B: removed 0 needed 3 compiles 4
03:32:18   src/ov_SC04_005/ov_SC04_005_jr_8015C32C.c:func_80161E08 A=DIFFERS B: removed 0 needed 3 compiles 4
03:32:18   src/ov_SC04_004/ov_SC04_004_jr_8015C32C.c:func_80161E08 A=DIFFERS B: removed 0 needed 3 compiles 4
03:32:18   src/ov_SC04_018/ov_SC04_018_jr_8015C32C.c:func_8015D738 A=DIFFERS B: removed 0 needed 1 compiles 2
03:32:18   src/ov_SC04_006/ov_SC04_006_jr_8015C32C.c:func_80161E08 A=DIFFERS B: removed 0 needed 3 compiles 4
03:32:19   src/ov_SC04_009/ov_SC04_009_jr_8015C32C.c:func_80161E08 A=DIFFERS B: removed 0 needed 3 compiles 4
03:32:19   src/ov_SC04_007/ov_SC04_007_jr_8015C32C.c:func_80161E08 A=DIFFERS B: removed 0 needed 3 compiles 4
03:32:19   src/ov_SC04_010/ov_SC04_010_jr_8015C32C.c:func_80161E08 A=DIFFERS B: removed 0 needed 3 compiles 4
03:32:19   src/ov_SC04_016/ov_SC04_016_jr_8015C32C.c:func_80161E08 A=DIFFERS B: removed 0 needed 3 compiles 4
03:32:19   src/ov_SC04_012/ov_SC04_012_jr_8015C32C.c:func_80161E08 A=DIFFERS B: removed 0 needed 3 compiles 4
03:32:19   src/ov_SC04_015/ov_SC04_015_jr_8015C32C.c:func_80161E08 A=DIFFERS B: removed 0 needed 3 compiles 4
03:32:20   src/ov_SC04_003/ov_SC04_003_jr_8015C32C.c:func_801627E8 A=DIFFERS B: removed 0 needed 2 compiles 3
03:32:20   src/ov_SC04_018/ov_SC04_018_jr_8015C32C.c:func_8015FBE0 A=DIFFERS B: removed 0 needed 1 compiles 2
03:32:20   src/ov_SC04_005/ov_SC04_005_jr_8015C32C.c:func_801627E8 A=DIFFERS B: removed 0 needed 2 compiles 3
