04:15:21 apply tus10: 83 files, control src/md_MAIN_021/md_MAIN_021.c IDENTICAL (0.06 s), calibration aa70308cf, census 70faab79783639aa
04:15:21 apply tus10: phase 1 (exemplar files) 83, phase 2 (copies replay) 0
04:15:21   src/ov_SC05_010/ov_SC05_010_jr_8018473C.c:func_80184E4C A=DIFFERS B: removed 0 needed 1 compiles 2
04:15:21   src/ov_SC06_016/ov_SC06_016_jr_8017C8D0.c:func_8017E54C A=DIFFERS B: removed 0 needed 1 compiles 2
04:15:22   src/md_SC07_003/md_SC07_003.c:func_801A143C A=DIFFERS B: removed 0 needed 1 compiles 2
04:15:22   src/ov_SC03_105/ov_SC03_105_jr_8017C8D0.c:func_8017D994 A=DIFFERS B: removed 0 needed 2 compiles 3
04:15:22   src/ov_SC06_029/ov_SC06_029_jr_8017C954.c:func_8017C954 A=DIFFERS B: removed 0 needed 1 compiles 2
04:15:22   src/ov_SC03_028/ov_SC03_028_jr_80185C14.c:func_80185ED4 A=DIFFERS B: removed 1 needed 3 compiles 5
04:15:22   src/ov_SC03_105/ov_SC03_105_jr_80181C84.c:func_80181C84 A=DIFFERS B: removed 2 needed 2 compiles 5
04:15:22   src/ov_SC03_028/ov_SC03_028_jr_80185C14.c:func_80186234 A=DIFFERS B: removed 0 needed 1 compiles 2
04:15:22   src/ov_SC06_016/ov_SC06_016_jr_8017C8D0.c:func_8017E9CC A=DIFFERS B: removed 0 needed 1 compiles 2
04:15:22   src/ov_SC03_105/ov_SC03_105_jr_8017C8D0.c:func_8017E180 A=DIFFERS B: removed 0 needed 1 compiles 2
04:15:22   src/ov_SC02_005/ov_SC02_005_jr_80185E80.c:func_80186178 A=DIFFERS B: removed 2 needed 1 compiles 4
04:15:22   src/md_SC07_003/md_SC07_003.c:func_801A28AC A=DIFFERS B: removed 0 needed 1 compiles 2
04:15:22   src/ov_SC03_105/ov_SC03_105_jr_80181C84.c:func_80183174 A=DIFFERS B: removed 0 needed 1 compiles 2
04:15:22   src/ov_SC05_010/ov_SC05_010_jr_8018473C.c:func_801854B8 A=DIFFERS B: removed 1 needed 3 compiles 5
04:15:22   src/ov_SC02_000/ov_SC02_000_jr_8018173C.c:func_8018483C A=DIFFERS B: removed 0 needed 1 compiles 2
04:15:23   src/ov_SC03_105/ov_SC03_105_jr_8017C8D0.c:func_8017EE34 A=DIFFERS B: removed 0 needed 1 compiles 2
04:15:23   src/ov_SC06_029/ov_SC06_029_jr_8017C954.c:func_8017DDE0 A=DIFFERS B: removed 0 needed 2 compiles 3
04:15:23   src/ov_SC03_105/ov_SC03_105_jr_80181C84.c:func_801834A4 A=DIFFERS B: removed 0 needed 3 compiles 4
04:15:23   src/md_SC07_003/md_SC07_003.c:func_801A293C A=DIFFERS B: removed 1 needed 1 compiles 3
04:15:23   src/ov_SC03_105/ov_SC03_105_jr_8017C8D0.c:func_8017F234 A=DIFFERS B: removed 1 needed 1 compiles 3
04:15:23   src/ov_SC05_010/ov_SC05_010_jr_8018473C.c:func_801878E8 A=DIFFERS B: removed 1 needed 1 compiles 3
04:15:23   src/ov_SC01_005/ov_SC01_005_jr_8017ED5C.c:func_8017EFA8 A=DIFFERS B: removed 1 needed 5 compiles 7
04:15:24   src/ov_SC02_005/ov_SC02_005_jr_80185E80.c:func_8018622C A=DIFFERS B: removed 0 needed 3 compiles 4
04:15:24   src/ov_SC06_016/ov_SC06_016_jr_8017C8D0.c:func_8017EFBC A=DIFFERS B: removed 2 needed 4 compiles 7
04:15:24   src/ov_SC02_000/ov_SC02_000_jr_8018173C.c:func_80185840 A=COMPILE-ERROR B: removed 0 needed 1 compiles 2
04:15:24   src/ov_SC03_014/ov_SC03_014_jr_801848E4.c:func_80185380 A=DIFFERS B: removed 2 needed 2 compiles 5
04:15:24   src/md_SC07_003/md_SC07_003.c:func_801A31CC A=DIFFERS B: removed 1 needed 1 compiles 3
04:15:24   src/ov_SC03_105/ov_SC03_105_jr_8017C8D0.c:func_8017FAE8 A=DIFFERS B: removed 0 needed 2 compiles 3
04:15:24   src/ov_SC01_005/ov_SC01_005_jr_8017ED5C.c:func_8017F2D4 A=DIFFERS B: removed 0 needed 1 compiles 2
04:15:24   src/ov_SC06_016/ov_SC06_016_jr_8017C8D0.c:func_8017F694 A=DIFFERS B: removed 0 needed 1 compiles 2
04:15:24   src/ov_SC02_005/ov_SC02_005_jr_80185E80.c:func_80186304 A=DIFFERS B: removed 0 needed 1 compiles 2
04:15:24   src/ov_SC06_029/ov_SC06_029_jr_8017C954.c:func_8017EB24 A=DIFFERS B: removed 1 needed 2 compiles 4
04:15:24   src/ov_SC03_105/ov_SC03_105_jr_80181C84.c:func_80183A98 A=DIFFERS B: removed 0 needed 5 compiles 6
04:15:24   src/md_SC07_003/md_SC07_003.c:func_801A3788 A=DIFFERS B: removed 0 needed 1 compiles 2
04:15:25   src/ov_SC03_105/ov_SC03_105_jr_8017C8D0.c:func_80180100 A=DIFFERS B: removed 0 needed 2 compiles 3
04:15:25   src/ov_SC07_001/ov_SC07_001_jr_8017BEBC.c:func_8017E4DC A=DIFFERS B: removed 0 needed 1 compiles 2
04:15:25   src/ov_SC02_000/ov_SC02_000_jr_8018173C.c:func_80185910 A=DIFFERS B: removed 0 needed 1 compiles 2
04:15:25   src/md_SC07_003/md_SC07_003.c:func_801A48A8 A=DIFFERS B: removed 1 needed 1 compiles 3
04:15:25   src/ov_SC07_001/ov_SC07_001_jr_8017BEBC.c:func_8017EA84 A=DIFFERS B: removed 0 needed 1 compiles 2
04:15:25   src/ov_SC03_105/ov_SC03_105_jr_80181C84.c:func_80183DA0 A=DIFFERS B: removed 1 needed 2 compiles 4
04:15:25   src/ov_SC02_005/ov_SC02_005_jr_80185E80.c:func_80186424 A=DIFFERS B: removed 0 needed 2 compiles 3
04:15:25   src/ov_SC03_028/ov_SC03_028_jr_80185C14.c:func_80186368 A=DIFFERS B: removed 17 needed 3 compiles 21
04:15:25   src/ov_SC06_029/ov_SC06_029_jr_8017C954.c:func_801814B0 A=DIFFERS B: removed 0 needed 1 compiles 2
04:15:25   src/ov_SC03_105/ov_SC03_105_jr_8017C8D0.c:func_80180EC0 A=DIFFERS B: removed 0 needed 1 compiles 2
04:15:26   src/ov_SC03_028/ov_SC03_028_jr_80185C14.c:func_80186A88 A=DIFFERS B: removed 0 needed 1 compiles 2
04:15:26   src/ov_SC01_005/ov_SC01_005_jr_8017ED5C.c:func_8017FD50 A=DIFFERS B: removed 1 needed 1 compiles 3
04:15:26   src/md_SC07_003/md_SC07_003.c:func_801A6038 A=DIFFERS B: removed 1 needed 1 compiles 3
04:15:26   src/ov_SC07_001/ov_SC07_001_jr_8017BEBC.c:func_8017EF30 A=DIFFERS B: removed 0 needed 2 compiles 3
04:15:26   src/ov_SC03_028/ov_SC03_028_jr_80185C14.c:func_80186FA4 A=DIFFERS B: removed 0 needed 2 compiles 3
04:15:26   src/ov_SC02_005/ov_SC02_005_jr_80185E80.c:func_80186A04 A=DIFFERS B: removed 0 needed 1 compiles 2
04:15:26   src/ov_SC03_014/ov_SC03_014_jr_801848E4.c:func_801874C0 A=DIFFERS B: removed 0 needed 2 compiles 3
04:15:26   src/ov_SC07_002/ov_SC07_002_jr_8017C8D0.c:func_8017DC80 A=DIFFERS B: removed 5 needed 7 compiles 13
04:15:26   src/ov_SC02_000/ov_SC02_000_jr_8018173C.c:func_8018694C A=DIFFERS B: removed 0 needed 1 compiles 2
04:15:27   src/ov_SC01_084/ov_SC01_084_jr_8017F690.c:func_8017F9F4 A=DIFFERS B: removed 0 needed 2 compiles 3
04:15:27   src/ov_SC07_001/ov_SC07_001_jr_8017BEBC.c:func_8017FE38 A=DIFFERS B: removed 0 needed 1 compiles 2
04:15:27   src/ov_SC03_105/ov_SC03_105_jr_80181C84.c:func_801848A4 A=DIFFERS B: removed 2 needed 4 compiles 7
04:15:27   src/ov_SC06_029/ov_SC06_029_jr_8017C954.c:func_80181708 A=DIFFERS B: removed 1 needed 2 compiles 4
04:15:27   src/ov_SC01_005/ov_SC01_005_jr_8017ED5C.c:func_80180BDC A=DIFFERS B: removed 0 needed 1 compiles 2
04:15:27   src/ov_SC02_005/ov_SC02_005_jr_80185E80.c:func_801885BC A=DIFFERS B: removed 0 needed 1 compiles 2
04:15:27   src/ov_SC07_001/ov_SC07_001_jr_8017BEBC.c:func_80180404 A=DIFFERS B: removed 1 needed 1 compiles 3
04:15:27   src/ov_SC03_028/ov_SC03_028_jr_80185C14.c:func_8018726C A=DIFFERS B: removed 3 needed 2 compiles 6
04:15:27   src/ov_SC03_105/ov_SC03_105_jr_80181C84.c:func_80184A60 A=DIFFERS B: removed 1 needed 1 compiles 3
04:15:27   src/ov_SC01_084/ov_SC01_084_jr_8017F690.c:func_801809C4 A=DIFFERS B: removed 2 needed 1 compiles 4
04:15:28   src/ov_SC03_028/ov_SC03_028_jr_80185C14.c:func_801874D0 A=DIFFERS B: removed 0 needed 1 compiles 2
04:15:28   src/ov_SC07_002/ov_SC07_002_jr_8017C8D0.c:func_8017E1E8 A=DIFFERS B: removed 2 needed 1 compiles 4
04:15:28   src/ov_SC01_084/ov_SC01_084_jr_8017F690.c:func_80180CBC A=DIFFERS B: removed 0 needed 1 compiles 2
04:15:28   src/ov_SC07_001/ov_SC07_001_jr_8017BEBC.c:func_80180570 A=DIFFERS B: removed 0 needed 1 compiles 2
04:15:28   src/ov_SC02_005/ov_SC02_005_jr_80185E80.c:func_801887CC A=DIFFERS B: removed 0 needed 1 compiles 2
04:15:28   src/ov_SC03_028/ov_SC03_028_jr_80185C14.c:func_8018753C A=DIFFERS B: removed 0 needed 1 compiles 2
04:15:28   src/ov_SC06_016/ov_SC06_016_jr_8017C8D0.c:func_8017F784 A=DIFFERS B: removed 15 needed 2 compiles 18
04:15:28   src/ov_SC01_084/ov_SC01_084_jr_8017F690.c:func_80180D38 A=DIFFERS B: removed 1 needed 1 compiles 3
04:15:28   src/ov_SC01_005/ov_SC01_005_jr_8017ED5C.c:func_80181784 A=DIFFERS B: removed 0 needed 3 compiles 4
04:15:28   src/ov_SC03_105/ov_SC03_105_jr_80181C84.c:func_80185680 A=DIFFERS B: removed 0 needed 2 compiles 3
04:15:28   src/ov_SC02_005/ov_SC02_005_jr_80185E80.c:func_80188F38 A=DIFFERS B: removed 0 needed 1 compiles 2
04:15:28   src/ov_SC07_001/ov_SC07_001_jr_8017BEBC.c:func_80180A2C A=DIFFERS B: removed 1 needed 1 compiles 3
04:15:28   src/ov_SC06_016/ov_SC06_016_jr_8017C8D0.c:func_80180E24 A=COMPILE-ERROR B: removed 0 needed 1 compiles 2
04:15:29   src/ov_SC01_084/ov_SC01_084_jr_8017F690.c:func_80181A7C A=DIFFERS B: removed 0 needed 1 compiles 2
04:15:29   src/ov_SC03_028/ov_SC03_028_jr_80185C14.c:func_80187954 A=DIFFERS B: removed 3 needed 1 compiles 5
04:15:29   src/ov_SC03_105/ov_SC03_105_jr_80181C84.c:func_8018574C A=DIFFERS B: removed 0 needed 1 compiles 2
04:15:29   src/ov_SC07_002/ov_SC07_002_jr_8017C8D0.c:func_8017E7E8 A=DIFFERS B: removed 0 needed 2 compiles 3
04:15:29   src/ov_SC01_084/ov_SC01_084_jr_8017F690.c:func_80181F80 A=DIFFERS B: removed 0 needed 1 compiles 2
04:15:29   src/ov_SC02_000/ov_SC02_000_jr_8018173C.c:func_80187988 A=DIFFERS B: removed 0 needed 1 compiles 2
04:15:29   src/ov_SC03_014/ov_SC03_014_jr_801848E4.c:func_801889B4 A=DIFFERS B: removed 1 needed 3 compiles 5
04:15:29   src/ov_SC03_028/ov_SC03_028_jr_80185C14.c:func_801879AC A=DIFFERS B: removed 1 needed 1 compiles 3
04:15:29   src/ov_SC01_000/ov_SC01_000_jr_8017BEBC.c:func_8017D490 A=DIFFERS B: removed 0 needed 1 compiles 2
04:15:30   src/ov_SC01_005/ov_SC01_005_jr_8017ED5C.c:func_80181894 A=DIFFERS B: removed 1 needed 1 compiles 3
04:15:30   src/ov_SC03_028/ov_SC03_028_jr_80185C14.c:func_80187C28 A=DIFFERS B: removed 0 needed 1 compiles 2
04:15:30   src/ov_SC06_016/ov_SC06_016_jr_8017C8D0.c:func_80180F68 A=DIFFERS B: removed 2 needed 2 compiles 5
04:15:30   src/ov_SC06_029/ov_SC06_029_jr_8017C954.c:func_80182388 A=DIFFERS B: removed 1 needed 4 compiles 6
04:15:30   src/ov_SC02_005/ov_SC02_005_jr_80185E80.c:func_80189E34 A=DIFFERS B: removed 1 needed 1 compiles 3
04:15:30   src/ov_SC07_000/ov_SC07_000_jr_8017F8B8.c:func_8017F9B4 A=DIFFERS B: removed 3 needed 1 compiles 5
04:15:30   src/ov_SC03_118/ov_SC03_118_jr_80183830.c:func_80184E78 A=DIFFERS B: removed 5 needed 3 compiles 9
04:15:30   src/ov_SC03_028/ov_SC03_028_jr_80185C14.c:<file-scope> A=DIFFERS B: removed 1 needed 1 compiles 3
04:15:30   src/resident/resident_jr_800D128C.c:func_800D128C A=DIFFERS B: removed 0 needed 3 compiles 4
04:15:30   src/ov_SC01_000/ov_SC01_000_jr_8017BEBC.c:func_8017DD04 A=DIFFERS B: removed 2 needed 2 compiles 5
04:15:30   src/ov_SC07_002/ov_SC07_002_jr_8017C8D0.c:func_8017FCA8 A=DIFFERS B: removed 2 needed 1 compiles 4
04:15:31   src/ov_SC03_118/ov_SC03_118_jr_80183830.c:func_80184F18 A=DIFFERS B: removed 0 needed 1 compiles 2
04:15:31   src/resident/resident_jr_800D128C.c:func_800D1658 A=DIFFERS B: removed 0 needed 3 compiles 4
04:15:31   src/ov_SC07_000/ov_SC07_000_jr_8017F8B8.c:func_80180ED0 A=DIFFERS B: removed 2 needed 1 compiles 4
04:15:31   src/ov_SC02_005/ov_SC02_005_jr_80185E80.c:func_8018A6A0 A=DIFFERS B: removed 1 needed 1 compiles 3
04:15:31   src/ov_SC06_029/ov_SC06_029_jr_8017C954.c:func_80182ED8 A=DIFFERS B: removed 0 needed 1 compiles 2
04:15:31   src/ov_SC06_016/ov_SC06_016_jr_8017C8D0.c:func_801810A4 A=DIFFERS B: removed 2 needed 3 compiles 6
04:15:31   src/resident/resident_jr_800D128C.c:func_800D1984 A=DIFFERS B: removed 0 needed 1 compiles 2
04:15:31   src/md_MAIN_027/md_MAIN_027.c:func_800CBF28 A=DIFFERS B: removed 1 needed 1 compiles 3
04:15:31   src/ov_SC01_000/ov_SC01_000_jr_8017BEBC.c:func_8017E210 A=DIFFERS B: removed 2 needed 1 compiles 4
04:15:31   src/ov_SC03_014/ov_SC03_014_jr_801848E4.c:func_80188A80 A=DIFFERS B: removed 1 needed 1 compiles 3
04:15:31   src/ov_SC07_000/ov_SC07_000_jr_8017F8B8.c:func_80180FA8 A=DIFFERS B: removed 0 needed 1 compiles 2
04:15:31   src/ov_SC07_002/ov_SC07_002_jr_8017C8D0.c:func_80180BEC A=DIFFERS B: removed 0 needed 1 compiles 2
04:15:31   src/resident/resident_jr_800D128C.c:func_800D1B80 A=DIFFERS B: removed 0 needed 1 compiles 2
04:15:31   src/md_MAIN_031/md_MAIN_031.c:func_800CB0B0 A=DIFFERS B: removed 3 needed 1 compiles 5
04:15:31   src/md_MAIN_027/md_MAIN_027.c:func_800CC024 A=DIFFERS B: removed 0 needed 2 compiles 3
04:15:32   src/ov_SC01_000/ov_SC01_000_jr_8017BEBC.c:func_8017E3A0 A=DIFFERS B: removed 0 needed 2 compiles 3
04:15:32   src/md_MAIN_044/md_MAIN_044.c:func_800CCCA0 A=DIFFERS B: removed 1 needed 1 compiles 3
04:15:32   src/ov_SC03_108/ov_SC03_108_jr_8017BEBC.c:func_8017D8E8 A=DIFFERS B: removed 6 needed 4 compiles 11
04:15:32   src/md_MAIN_031/md_MAIN_031.c:func_800CB288 A=DIFFERS B: removed 4 needed 2 compiles 7
04:15:32   src/resident/resident_jr_800D128C.c:func_800D2650 A=DIFFERS B: removed 1 needed 4 compiles 6
04:15:32   src/ov_SC07_000/ov_SC07_000_jr_8017F8B8.c:func_80181BA8 A=DIFFERS B: removed 1 needed 4 compiles 6
04:15:32   src/md_MAIN_044/md_MAIN_044.c:func_800CCD2C A=DIFFERS B: removed 1 needed 1 compiles 3
04:15:32   src/resident/resident_jr_800D128C.c:func_800D2D10 A=DIFFERS B: removed 0 needed 1 compiles 2
04:15:32   src/ov_SC02_005/ov_SC02_005_jr_80185E80.c:func_8018B368 A=DIFFERS B: removed 0 needed 1 compiles 2
04:15:33   src/ov_SC07_002/ov_SC07_002_jr_8017C8D0.c:func_80180DAC A=DIFFERS B: removed 1 needed 1 compiles 3
04:15:33   src/md_MAIN_044/md_MAIN_044.c:func_800CD508 A=DIFFERS B: removed 1 needed 1 compiles 3
04:15:33   src/md_MAIN_046/md_MAIN_046.c:func_800CCD50 A=DIFFERS B: removed 0 needed 1 compiles 2
04:15:33   src/ov_SC03_118/ov_SC03_118_jr_80183830.c:func_80185944 A=DIFFERS B: removed 1 needed 4 compiles 6
04:15:33   src/md_MAIN_044/md_MAIN_044.c:func_800CD894 A=DIFFERS B: removed 0 needed 1 compiles 2
04:15:33   src/md_MAIN_046/md_MAIN_046.c:func_800CD240 A=DIFFERS B: removed 0 needed 1 compiles 2
04:15:33   src/ov_SC03_108/ov_SC03_108_jr_8017BEBC.c:func_8017D96C A=DIFFERS B: removed 2 needed 2 compiles 5
04:15:33   src/md_MAIN_044/md_MAIN_044.c:func_800CE134 A=DIFFERS B: removed 0 needed 1 compiles 2
04:15:33   src/ov_SC07_000/ov_SC07_000_jr_8017F8B8.c:func_8018234C A=DIFFERS B: removed 0 needed 3 compiles 4
04:15:33   src/ov_SC06_029/ov_SC06_029_jr_8017C954.c:func_80183534 A=DIFFERS B: removed 1 needed 3 compiles 5
04:15:33   src/md_MAIN_046/md_MAIN_046.c:func_800CD494 A=DIFFERS B: removed 1 needed 1 compiles 3
04:15:33   src/ov_SC01_000/ov_SC01_000_jr_8017BEBC.c:func_8017E4A0 A=DIFFERS B: removed 7 needed 2 compiles 10
04:15:33   src/ov_SC03_108/ov_SC03_108_jr_8017BEBC.c:func_8017DDDC A=DIFFERS B: removed 0 needed 1 compiles 2
04:15:33   src/ov_SC05_010/ov_SC05_010_jr_80181CDC.c:func_801828E0 A=DIFFERS B: removed 0 needed 1 compiles 2
04:15:34   src/md_MAIN_046/md_MAIN_046.c:func_800CD5CC A=DIFFERS B: removed 0 needed 2 compiles 3
04:15:34   src/ov_SC02_005/ov_SC02_005_jr_80185E80.c:func_8018C758 A=DIFFERS B: removed 0 needed 1 compiles 2
04:15:34   src/ov_SC01_000/ov_SC01_000_jr_8017BEBC.c:func_8017E594 A=DIFFERS B: removed 0 needed 2 compiles 3
04:15:34   src/ov_SC03_108/ov_SC03_108_jr_8017BEBC.c:func_8017E71C A=DIFFERS B: removed 0 needed 1 compiles 2
04:15:34   src/ov_SC05_010/ov_SC05_010_jr_80181CDC.c:func_80183098 A=DIFFERS B: removed 0 needed 1 compiles 2
04:15:34   src/ov_SC03_118/ov_SC03_118_jr_80183830.c:func_801860E8 A=DIFFERS B: removed 0 needed 3 compiles 4
04:15:34   src/ov_SC06_016/ov_SC06_016_jr_8017C8D0.c:func_801813B0 A=DIFFERS B: removed 0 needed 12 compiles 13
04:15:34   src/ov_SC06_022/ov_SC06_022_jr_8017BEBC.c:func_8017F414 A=DIFFERS B: removed 0 needed 1 compiles 2
04:15:34   src/ov_SC03_014/ov_SC03_014_jr_801848E4.c:func_80188FB4 A=DIFFERS B: removed 0 needed 1 compiles 2
04:15:34   src/ov_SC03_108/ov_SC03_108_jr_8017BEBC.c:func_8017EB38 A=DIFFERS B: removed 0 needed 2 compiles 3
04:15:35   src/ov_SC07_002/ov_SC07_002_jr_8017C8D0.c:func_80182C68 A=DIFFERS B: removed 1 needed 1 compiles 3
04:15:35   src/ov_SC06_029/ov_SC06_029_jr_8017C954.c:func_80184EFC A=DIFFERS B: removed 0 needed 2 compiles 3
04:15:35   src/ov_SC02_039/ov_SC02_039_jr_8017BEBC.c:func_8017DE00 A=DIFFERS B: removed 6 needed 4 compiles 11
04:15:35   src/ov_SC07_000/ov_SC07_000_jr_8017ECB4.c:func_8017F59C A=DIFFERS B: removed 2 needed 1 compiles 4
04:15:35   src/resident/resident.c:func_800CFE60 A=DIFFERS B: removed 1 needed 2 compiles 4
04:15:35   src/resident/resident_jr_800D00E4.c:func_800D0214 A=DIFFERS B: removed 1 needed 1 compiles 3
04:15:35   src/ov_SC06_022/ov_SC06_022_jr_8017BEBC.c:func_8017FB9C A=DIFFERS B: removed 0 needed 1 compiles 2
04:15:35   src/ov_SC05_010/ov_SC05_010_jr_80181CDC.c:func_8018340C A=DIFFERS B: removed 0 needed 4 compiles 5
04:15:35   src/md_MAIN_043/md_MAIN_043.c:func_800CCBCC A=DIFFERS B: removed 1 needed 1 compiles 3
04:15:35   src/resident/resident_jr_800D00E4.c:func_800D02D0 A=DIFFERS B: removed 0 needed 1 compiles 2
04:15:35   src/ov_SC02_005/ov_SC02_005_jr_80185E80.c:func_8018CA74 A=DIFFERS B: removed 0 needed 3 compiles 4
04:15:35   src/resident/resident_jr_800D00E4.c:func_800D0488 A=DIFFERS B: removed 0 needed 1 compiles 2
04:15:35   src/ov_SC03_108/ov_SC03_108_jr_8017BEBC.c:func_8017F2E8 A=DIFFERS B: removed 0 needed 3 compiles 4
04:15:36   src/ov_SC07_002/ov_SC07_002_jr_8017C8D0.c:func_80182DF0 A=DIFFERS B: removed 0 needed 1 compiles 2
04:15:36   src/resident/resident_jr_800D00E4.c:func_800D0D7C A=DIFFERS B: removed 0 needed 1 compiles 2
04:15:36   src/md_MAIN_043/md_MAIN_043.c:func_800CCF50 A=DIFFERS B: removed 3 needed 1 compiles 5
04:15:36   src/ov_SC02_021/ov_SC02_021_jr_8017C294.c:func_8017D81C A=DIFFERS B: removed 2 needed 2 compiles 5
04:15:36   src/ov_SC02_039/ov_SC02_039_jr_8017BEBC.c:func_8017DE84 A=DIFFERS B: removed 2 needed 2 compiles 5
04:15:36   src/ov_SC04_016/ov_SC04_016_jr_8017BEBC.c:func_8017D924 A=DIFFERS B: removed 0 needed 1 compiles 2
04:15:36   src/ov_SC02_039/ov_SC02_039_jr_8017BEBC.c:func_8017E2F4 A=DIFFERS B: removed 0 needed 1 compiles 2
04:15:36   src/ov_SC03_028/ov_SC03_028_jr_80184914.c:<file-scope> A=DIFFERS B: removed 3 needed 1 compiles 5
04:15:36   src/md_MAIN_021/md_MAIN_021.c:func_800CAF94 A=DIFFERS B: removed 0 needed 3 compiles 4
04:15:36   src/resident/resident_jr_800D00E4.c:func_800D0E30 A=DIFFERS B: removed 2 needed 3 compiles 6
04:15:36   src/ov_SC02_005/ov_SC02_005_jr_80185E80.c:func_8018D270 A=DIFFERS B: removed 0 needed 2 compiles 3
04:15:36   src/md_MAIN_043/md_MAIN_043.c:func_800CD404 A=DIFFERS B: removed 7 needed 1 compiles 9
04:15:36   src/ov_SC02_021/ov_SC02_021_jr_8017C294.c:func_8017DC10 A=DIFFERS B: removed 1 needed 3 compiles 5
04:15:37   src/md_MAIN_021/md_MAIN_021.c:func_800CB0C8 A=DIFFERS B: removed 0 needed 3 compiles 4
04:15:37   src/md_MAIN_022/md_MAIN_022.c:func_800CB03C A=DIFFERS B: removed 0 needed 2 compiles 3
04:15:37   src/md_MAIN_043/md_MAIN_043.c:func_800CD57C A=DIFFERS B: removed 0 needed 1 compiles 2
04:15:37   src/ov_SC02_039/ov_SC02_039_jr_8017BEBC.c:func_8017EED8 A=DIFFERS B: removed 1 needed 1 compiles 3
04:15:37   src/md_MAIN_021/md_MAIN_021.c:func_800CB378 A=DIFFERS B: removed 0 needed 1 compiles 2
04:15:37   src/ov_SC07_002/ov_SC07_002_jr_8017C8D0.c:func_80183FE0 A=DIFFERS B: removed 0 needed 1 compiles 2
04:15:37   src/md_MAIN_022/md_MAIN_022.c:func_800CB4AC A=DIFFERS B: removed 1 needed 1 compiles 3
04:15:37   src/md_MAIN_026/md_MAIN_026.c:func_800CB278 A=DIFFERS B: removed 1 needed 3 compiles 5
04:15:37   src/ov_SC05_010/ov_SC05_010_jr_80181CDC.c:func_80183D5C A=DIFFERS B: removed 9 needed 1 compiles 11
04:15:37   src/md_SC03_075/md_SC03_075.c:func_801F02B0 A=DIFFERS B: removed 0 needed 2 compiles 3
04:15:37   src/ov_SC02_039/ov_SC02_039_jr_8017BEBC.c:func_8017F050 A=DIFFERS B: removed 0 needed 2 compiles 3
04:15:37   src/md_MAIN_026/md_MAIN_026.c:func_800CB900 A=DIFFERS B: removed 1 needed 1 compiles 3
04:15:37   src/md_MAIN_022/md_MAIN_022.c:func_800CB68C A=DIFFERS B: removed 1 needed 2 compiles 4
04:15:37   src/md_MAIN_034/md_MAIN_034.c:func_800CC4E8 A=DIFFERS B: removed 2 needed 2 compiles 5
04:15:37   src/ov_SC02_005/ov_SC02_005_jr_80185E80.c:func_8018D574 A=DIFFERS B: removed 1 needed 1 compiles 3
04:15:37   src/md_SC03_134/md_SC03_134.c:func_801E3448 A=DIFFERS B: removed 0 needed 2 compiles 3
04:15:38   src/md_SC04_026/md_SC04_026.c:func_801E89B0 A=DIFFERS B: removed 1 needed 1 compiles 3
04:15:38   src/md_SC03_075/md_SC03_075.c:func_801F02D4 A=DIFFERS B: removed 1 needed 1 compiles 3
04:15:38   src/md_MAIN_034/md_MAIN_034.c:func_800CC5E4 A=DIFFERS B: removed 1 needed 1 compiles 3
04:15:38   src/md_SC03_134/md_SC03_134.c:func_801E346C A=DIFFERS B: removed 0 needed 2 compiles 3
04:15:38   src/ov_SC05_010/ov_SC05_010_jr_80180F84.c:func_801814AC A=DIFFERS B: removed 1 needed 1 compiles 3
04:15:38   src/md_SC05_025/md_SC05_025.c:func_801EE838 A=DIFFERS B: removed 1 needed 1 compiles 3
04:15:38   src/md_SC03_075/md_SC03_075.c:func_801F033C A=DIFFERS B: removed 0 needed 1 compiles 2
04:15:38   src/md_SC04_026/md_SC04_026.c:func_801E89D4 A=DIFFERS B: removed 1 needed 1 compiles 3
04:15:38   src/md_SC03_134/md_SC03_134.c:func_801E34D4 A=DIFFERS B: removed 1 needed 1 compiles 3
04:15:38   src/ov_SC06_006/ov_SC06_006_jr_8017BEBC.c:func_8017CE7C A=DIFFERS B: removed 0 needed 1 compiles 2
04:15:38   src/md_SC05_025/md_SC05_025.c:func_801EE85C A=DIFFERS B: removed 1 needed 1 compiles 3
04:15:38   src/md_SC04_026/md_SC04_026.c:func_801E8A3C A=DIFFERS B: removed 1 needed 1 compiles 3
04:15:38   src/ov_SC04_016/ov_SC04_016_jr_8017BEBC.c:func_8017DA50 A=DIFFERS B: removed 2 needed 8 compiles 11
04:15:38   src/ov_SC02_005/ov_SC02_005_jr_80185E80.c:func_8018DB40 A=DIFFERS B: removed 0 needed 2 compiles 3
04:15:38   src/ov_SC05_010/ov_SC05_010_jr_80180F84.c:func_80181670 A=DIFFERS B: removed 0 needed 4 compiles 5
04:15:39   src/md_SC05_025/md_SC05_025.c:func_801EE8C4 A=DIFFERS B: removed 0 needed 2 compiles 3
04:15:39   src/ov_SC04_016/ov_SC04_016_jr_8017BEBC.c:func_8017E960 A=DIFFERS B: removed 0 needed 1 compiles 2
04:15:39   src/ov_SC06_016/ov_SC06_016_jr_801839D0.c:func_80184174 A=DIFFERS B: removed 1 needed 4 compiles 6
04:15:39   src/md_MAIN_041/md_MAIN_041.c:func_800CB118 A=DIFFERS B: removed 0 needed 2 compiles 3
04:15:39   src/ov_SC05_010/ov_SC05_010_jr_80180F84.c:<file-scope> A=DIFFERS B: removed 2 needed 1 compiles 4
04:15:39   src/ov_SC06_006/ov_SC06_006_jr_8017BEBC.c:func_8017D730 A=DIFFERS B: removed 0 needed 4 compiles 5
04:15:39   src/md_MAIN_045/md_MAIN_045.c:func_800CD010 A=DIFFERS B: removed 1 needed 1 compiles 3
04:15:39   src/ov_SC03_014/ov_SC03_014_jr_801848E4.c:func_8018AA98 A=DIFFERS B: removed 1 needed 4 compiles 6
04:15:39   src/ov_SC07_002/ov_SC07_002_jr_8017C8D0.c:func_801849AC A=DIFFERS B: removed 1 needed 4 compiles 6
04:15:39   src/md_SC03_053/md_SC03_053.c:func_801EF624 A=DIFFERS B: removed 0 needed 1 compiles 2
04:15:39   src/md_MAIN_045/md_MAIN_045.c:func_800CD1A8 A=DIFFERS B: removed 0 needed 1 compiles 2
04:15:39   src/md_MAIN_033/md_MAIN_033.c:func_800CB058 A=DIFFERS B: removed 6 needed 1 compiles 8
04:15:39   src/ov_SC06_016/ov_SC06_016_jr_801839D0.c:func_80184918 A=DIFFERS B: removed 0 needed 3 compiles 4
04:15:39   src/ov_SC06_029/ov_SC06_029_jr_8017C954.c:func_801857A4 A=DIFFERS B: removed 0 needed 10 compiles 11
04:15:40   src/md_SC03_053/md_SC03_053.c:func_801EF734 A=DIFFERS B: removed 0 needed 1 compiles 2
04:15:40   src/md_MAIN_041/md_MAIN_041.c:func_800CB3BC A=DIFFERS B: removed 2 needed 3 compiles 6
04:15:40   src/ov_SC03_002/ov_SC03_002_jr_801815AC.c:func_801816F0 A=DIFFERS B: removed 0 needed 1 compiles 2
04:15:40   src/ov_SC06_018/ov_SC06_018_jr_8019059C.c:func_8019059C A=DIFFERS B: removed 3 needed 5 compiles 9
04:15:40   src/ov_SC06_016/ov_SC06_016_jr_801839D0.c:func_80184BFC A=DIFFERS B: removed 0 needed 1 compiles 2
04:15:40   src/ov_SC03_024/ov_SC03_024_jr_801830A8.c:func_80183ACC A=DIFFERS B: removed 0 needed 1 compiles 2
04:15:40   src/ov_SC03_001/ov_SC03_001_jr_80184F64.c:func_80185528 A=DIFFERS B: removed 0 needed 1 compiles 2
04:15:40   src/md_MAIN_033/md_MAIN_033.c:func_800CB2C8 A=DIFFERS B: removed 1 needed 3 compiles 5
04:15:40   src/ov_SC03_091/ov_SC03_091_jr_80182268.c:func_80182788 A=DIFFERS B: removed 0 needed 1 compiles 2
04:15:40   src/ov_SC03_001/ov_SC03_001_jr_80184F64.c:func_80185B54 A=DIFFERS B: removed 0 needed 2 compiles 3
04:15:40   src/ov_SC03_091/ov_SC03_091_jr_80182268.c:func_80182968 A=DIFFERS B: removed 0 needed 1 compiles 2
04:15:41   src/ov_SC01_084/ov_SC01_084_jr_8017CA80.c:func_8017EA98 A=DIFFERS B: removed 0 needed 4 compiles 5
04:15:41   src/ov_SC06_018/ov_SC06_018_jr_8019059C.c:func_80191020 A=DIFFERS B: removed 1 needed 3 compiles 5
04:15:41   src/sgap_4.c:func_8003DC90 A=DIFFERS B: removed 0 needed 1 compiles 2
04:15:41   src/sgap_8.c:func_800413B8 A=DIFFERS B: removed 0 needed 1 compiles 2
04:15:41   src/ov_SC07_002/ov_SC07_002_jr_8017C8D0.c:func_80185150 A=DIFFERS B: removed 0 needed 3 compiles 4
04:15:41   src/sgap_4.c:func_8003DF8C A=DIFFERS B: removed 0 needed 1 compiles 2
04:15:41   src/sgap_8.c:func_80041400 A=DIFFERS B: removed 0 needed 1 compiles 2
04:15:41   src/ov_SC06_029/ov_SC06_029_jr_8017C954.c:func_801859F4 A=DIFFERS B: removed 0 needed 2 compiles 3
04:15:41   src/ov_SC06_018/ov_SC06_018_jr_8019059C.c:func_80191A78 A=DIFFERS B: removed 0 needed 2 compiles 3
04:15:42   src/ov_SC06_018/ov_SC06_018_jr_80191C50.c:func_80191C50 A=DIFFERS B: removed 4 needed 4 compiles 9
04:15:42   src/md_MAIN_040/md_MAIN_040.c:func_800CB874 A=DIFFERS B: removed 1 needed 1 compiles 3
04:15:42   src/ov_SC03_014/ov_SC03_014_jr_801848E4.c:func_8018B23C A=DIFFERS B: removed 0 needed 3 compiles 4
04:15:42   src/ov_SC01_077/ov_SC01_077_jr_80182268.c:func_80182A24 A=DIFFERS B: removed 0 needed 1 compiles 2
04:15:42   src/ov_SC06_032/ov_SC06_032_jr_801919A0.c:func_801919A0 A=DIFFERS B: removed 4 needed 4 compiles 9
04:15:42   src/ov_SC07_002/ov_SC07_002_jr_8017C8D0.c:func_80185434 A=DIFFERS B: removed 0 needed 1 compiles 2
04:15:42   src/ov_SC06_029/ov_SC06_029_jr_8017C954.c:func_80185D44 A=DIFFERS B: removed 0 needed 1 compiles 2
04:15:42   src/ov_SC01_009/ov_SC01_009_jr_8018057C.c:func_80181B04 A=DIFFERS B: removed 1 needed 1 compiles 3
04:15:42   src/md_MAIN_047/md_MAIN_047.c:func_800CD314 A=DIFFERS B: removed 1 needed 4 compiles 6
04:15:42   src/ov_SC06_033/ov_SC06_033_jr_8018C2D8.c:func_8018C2D8 A=DIFFERS B: removed 4 needed 8 compiles 13
04:15:42   src/md_SC05_026/md_SC05_026_jr_801F0748.c:func_801F0C4C A=DIFFERS B: removed 4 needed 2 compiles 7
04:15:42   src/ov_SC03_001/ov_SC03_001_jr_8018631C.c:func_80186A8C A=DIFFERS B: removed 0 needed 1 compiles 2
04:15:42   src/ov_SC02_000/ov_SC02_000_jr_8017FCB0.c:func_8018046C A=DIFFERS B: removed 0 needed 1 compiles 2
04:15:43   src/ov_SC06_032/ov_SC06_032_jr_801902EC.c:func_801902EC A=DIFFERS B: removed 4 needed 9 compiles 14
04:15:43   src/ov_SC06_032/ov_SC06_032_jr_8018FCE8.c:func_8018FCE8 A=DIFFERS B: removed 0 needed 1 compiles 2
04:15:43   src/ov_SC06_027/ov_SC06_027_jr_8017BEBC.c:func_8017D3A0 A=DIFFERS B: removed 0 needed 1 compiles 2
04:15:43   src/ov_SC04_018/ov_SC04_018_jr_80183E6C.c:func_80184B70 A=DIFFERS B: removed 0 needed 1 compiles 2
04:15:43   src/ov_SC06_033/ov_SC06_033_jr_8018C2D8.c:func_8018CD5C A=DIFFERS B: removed 1 needed 3 compiles 5
04:15:44   src/ov_SC06_029/ov_SC06_029_jr_8017C954.c:func_8018656C A=DIFFERS B: removed 0 needed 2 compiles 3
04:15:44   src/ov_SC06_032/ov_SC06_032_jr_801902EC.c:func_80190D70 A=DIFFERS B: removed 1 needed 3 compiles 5
04:15:44   src/ov_SC07_002/ov_SC07_002_jr_8017C8D0.c:func_80185FB0 A=DIFFERS B: removed 0 needed 2 compiles 3
04:15:45   src/ov_SC04_018/ov_SC04_018_jr_8018CC40.c:func_8018CDEC A=DIFFERS B: removed 2 needed 5 compiles 8
04:15:45   src/ov_SC07_002/ov_SC07_002_jr_8017C8D0.c:func_80186494 A=DIFFERS B: removed 1 needed 1 compiles 3
04:15:46 delever: batch tus10 — 83 files (TUs; 83 drawable) · 362 bodies: 99 lever-free, 258 residue, 2 refused · sites removed 411 / needed 483 / refused 37 / deferred 3 · replays 4 (0 disagreed) · compiles 1171 in 25 s wall · final 83/83 identical · written 83 files
