04:04:23 apply tus8: 300 files, control src/ov_SC05_010/ov_SC05_010_jr_8013F350.c IDENTICAL (0.06 s), calibration fa008b862, census 585eacba5f94123d
04:04:23 apply tus8: phase 1 (exemplar files) 33, phase 2 (copies replay) 267
04:04:23   src/ov_SC01_004/ov_SC01_004_jr_8017BE9C.c:func_8017BE9C A=DIFFERS B: removed 0 needed 1 compiles 2
04:04:24   src/ov_SC03_031/ov_SC03_031_jr_8017DB5C.c:func_8017DB5C A=DIFFERS B: removed 0 needed 1 compiles 2
04:04:24   src/ov_SC03_024/ov_SC03_024_jr_8017DF84.c:func_8017DF84 A=DIFFERS B: removed 0 needed 1 compiles 2
04:04:24   src/ov_SC01_004/ov_SC01_004_jr_8017BE9C.c:func_8017D254 A=DIFFERS B: removed 0 needed 1 compiles 2
04:04:24   src/ov_SC02_017/ov_SC02_017_jr_8017DF34.c:func_8017DF34 A=DIFFERS B: removed 0 needed 1 compiles 2
04:04:24   src/ov_SC03_111/ov_SC03_111_jr_8017EC58.c:func_8017EC58 A=DIFFERS B: removed 0 needed 1 compiles 2
04:04:24   src/ov_SC05_001/ov_SC05_001_jr_8017BEBC.c:func_8017BEBC A=DIFFERS B: removed 0 needed 1 compiles 2
04:04:24   src/ov_SC05_018/ov_SC05_018_jr_8017D604.c:func_8017D604 A=DIFFERS B: removed 0 needed 1 compiles 2
04:04:24   src/ov_SC04_007/ov_SC04_007_jr_8017BEBC.c:func_8017BEBC A=DIFFERS B: removed 0 needed 1 compiles 2
04:04:24   src/ov_SC04_005/ov_SC04_005_jr_8017BEBC.c:func_8017BEBC A=DIFFERS B: removed 0 needed 1 compiles 2
04:04:24   src/ov_SC04_002/ov_SC04_002_jr_8017BEBC.c:func_8017BEBC A=DIFFERS B: removed 0 needed 1 compiles 2
04:04:24   src/ov_SC03_102/ov_SC03_102_jr_8017BEBC.c:func_8017BEBC A=DIFFERS B: removed 0 needed 1 compiles 2
04:04:24   src/ov_SC03_111/ov_SC03_111_jr_8017EC58.c:func_8017FB38 A=DIFFERS B: removed 0 needed 1 compiles 2
04:04:24   src/ov_SC03_031/ov_SC03_031_jr_8017DB5C.c:func_801802E4 A=DIFFERS B: removed 0 needed 1 compiles 2
04:04:24   src/ov_SC03_024/ov_SC03_024_jr_8017DF84.c:func_8017EF30 A=DIFFERS B: removed 0 needed 3 compiles 4
04:04:24   src/ov_SC05_018/ov_SC05_018_jr_8017D604.c:func_8017EC80 A=DIFFERS B: removed 0 needed 1 compiles 2
04:04:25   src/ov_SC02_017/ov_SC02_017_jr_8017DF34.c:func_8017F768 A=DIFFERS B: removed 0 needed 2 compiles 3
04:04:25   src/ov_SC01_004/ov_SC01_004_jr_8017BE9C.c:func_8017DC38 A=DIFFERS B: removed 1 needed 3 compiles 5
04:04:25   src/ov_SC03_031/ov_SC03_031_jr_8017DB5C.c:func_801805B8 A=DIFFERS B: removed 0 needed 1 compiles 2
04:04:25   src/ov_SC07_006/ov_SC07_006_jr_8016AE5C.c:func_8016B234 A=DIFFERS B: removed 3 needed 2 compiles 6
04:04:25   src/ov_SC03_111/ov_SC03_111_jr_8017EC58.c:func_80180A10 A=DIFFERS B: removed 0 needed 1 compiles 2
04:04:25   src/ov_SC03_102/ov_SC03_102_jr_8017BEBC.c:func_8017CD9C A=DIFFERS B: removed 0 needed 1 compiles 2
04:04:25   src/ov_SC03_024/ov_SC03_024_jr_8017DF84.c:func_8017F4C8 A=DIFFERS B: removed 0 needed 2 compiles 3
04:04:25   src/ov_SC05_018/ov_SC05_018_jr_8017D604.c:func_8017F648 A=DIFFERS B: removed 0 needed 1 compiles 2
04:04:25   src/ov_SC03_031/ov_SC03_031_jr_8017DB5C.c:func_80180878 A=DIFFERS B: removed 0 needed 1 compiles 2
04:04:25   src/ov_SC01_004/ov_SC01_004_jr_8017BE9C.c:func_8017DF18 A=DIFFERS B: removed 0 needed 4 compiles 5
04:04:25   src/ov_SC03_024/ov_SC03_024_jr_8017DF84.c:func_8017FA78 A=DIFFERS B: removed 0 needed 1 compiles 2
04:04:26   src/ov_SC03_031/ov_SC03_031_jr_8017DB5C.c:func_80180B38 A=DIFFERS B: removed 0 needed 1 compiles 2
04:04:26   src/ov_SC05_001/ov_SC05_001_jr_8017BEBC.c:func_8017EF88 A=DIFFERS B: removed 0 needed 5 compiles 6
04:04:26   src/ov_SC01_004/ov_SC01_004_jr_8017BE9C.c:func_8017E1D4 A=DIFFERS B: removed 0 needed 2 compiles 3
04:04:26   src/ov_SC05_018/ov_SC05_018_jr_8017D604.c:func_801808AC A=DIFFERS B: removed 0 needed 1 compiles 2
04:04:26   src/ov_SC03_111/ov_SC03_111_jr_8017EC58.c:func_80182490 A=DIFFERS B: removed 0 needed 2 compiles 3
04:04:26   src/ov_SC04_007/ov_SC04_007_jr_8017BEBC.c:func_8017F080 A=DIFFERS B: removed 1 needed 2 compiles 4
04:04:26   src/ov_SC03_024/ov_SC03_024_jr_8017DF84.c:func_8017FBC8 A=DIFFERS B: removed 0 needed 1 compiles 2
04:04:26   src/ov_SC07_006/ov_SC07_006_jr_8016AE5C.c:func_8016C49C A=DIFFERS B: removed 0 needed 1 compiles 2
04:04:26   src/ov_SC04_005/ov_SC04_005_jr_8017BEBC.c:func_8017F644 A=DIFFERS B: removed 0 needed 1 compiles 2
04:04:26   src/ov_SC03_102/ov_SC03_102_jr_8017BEBC.c:func_80180558 A=DIFFERS B: removed 0 needed 2 compiles 3
04:04:26   src/ov_SC02_016/ov_SC02_016_jr_8017DC70.c:func_8017DC70 A=DIFFERS B: removed 0 needed 1 compiles 2
04:04:26   src/ov_SC02_017/ov_SC02_017_jr_8017DF34.c:func_8017FCFC A=DIFFERS B: removed 1 needed 3 compiles 5
04:04:27   src/ov_SC07_006/ov_SC07_006_jr_8016AE5C.c:func_8016CBC0 A=DIFFERS B: removed 0 needed 1 compiles 2
04:04:27   src/ov_SC03_111/ov_SC03_111_jr_8017EC58.c:func_80182BCC A=DIFFERS B: removed 0 needed 3 compiles 4
04:04:27   src/ov_SC03_011/ov_SC03_011_jr_8017C730.c:func_8017C730 A=DIFFERS B: removed 0 needed 1 compiles 2
04:04:27   src/ov_SC04_007/ov_SC04_007_jr_8017BEBC.c:func_8017F634 A=DIFFERS B: removed 0 needed 1 compiles 2
04:04:27   src/ov_SC03_024/ov_SC03_024_jr_8017DF84.c:func_8018046C A=DIFFERS B: removed 4 needed 1 compiles 6
04:04:28   src/ov_SC02_017/ov_SC02_017_jr_8017DF34.c:func_8017FE78 A=DIFFERS B: removed 1 needed 1 compiles 3
04:04:28   src/ov_SC03_011/ov_SC03_011_jr_8017C730.c:func_8017E65C A=DIFFERS B: removed 0 needed 2 compiles 3
04:04:28   src/ov_SC05_001/ov_SC05_001_jr_8017BEBC.c:func_8017F040 A=DIFFERS B: removed 0 needed 5 compiles 6
04:04:28   src/ov_SC03_111/ov_SC03_111_jr_8017EC58.c:func_80182F8C A=DIFFERS B: removed 0 needed 2 compiles 3
04:04:28   src/ov_SC07_006/ov_SC07_006_jr_8016AE5C.c:func_8016DF5C A=DIFFERS B: removed 1 needed 2 compiles 4
04:04:28   src/ov_SC05_018/ov_SC05_018_jr_8017D604.c:func_80180BE0 A=DIFFERS B: removed 0 needed 5 compiles 6
04:04:28   src/ov_SC04_002/ov_SC04_002_jr_8017BEBC.c:func_8017F73C A=DIFFERS B: removed 0 needed 2 compiles 3
04:04:28   src/ov_SC04_007/ov_SC04_007_jr_8017BEBC.c:func_8017F86C A=DIFFERS B: removed 0 needed 1 compiles 2
04:04:28   src/ov_SC03_102/ov_SC03_102_jr_8017BEBC.c:func_80180A38 A=DIFFERS B: removed 0 needed 1 compiles 2
04:04:28   src/ov_SC04_005/ov_SC04_005_jr_8017BEBC.c:func_8017FF58 A=DIFFERS B: removed 0 needed 2 compiles 3
04:04:28   src/ov_SC03_011/ov_SC03_011_jr_8017C730.c:func_8017F27C A=DIFFERS B: removed 1 needed 1 compiles 3
04:04:28   src/ov_SC02_017/ov_SC02_017_jr_8017DF34.c:func_801807DC A=DIFFERS B: removed 0 needed 1 compiles 2
04:04:28   src/ov_SC05_001/ov_SC05_001_jr_8017BEBC.c:func_8017F6C4 A=DIFFERS B: removed 0 needed 1 compiles 2
04:04:28   src/ov_SC02_016/ov_SC02_016_jr_8017DC70.c:func_8018003C A=DIFFERS B: removed 4 needed 4 compiles 9
04:04:28   src/ov_SC05_018/ov_SC05_018_jr_8017D604.c:func_80180D40 A=DIFFERS B: removed 0 needed 1 compiles 2
04:04:29   src/ov_SC03_111/ov_SC03_111_jr_8017EC58.c:func_80183FAC A=DIFFERS B: removed 0 needed 1 compiles 2
04:04:29   src/ov_SC07_006/ov_SC07_006_jr_8016AE5C.c:func_8016E9EC A=DIFFERS B: removed 0 needed 1 compiles 2
04:04:29   src/ov_SC04_007/ov_SC04_007_jr_8017BEBC.c:func_8017FDB0 A=DIFFERS B: removed 0 needed 1 compiles 2
04:04:29   src/ov_SC02_016/ov_SC02_016_jr_8017DC70.c:func_8018035C A=DIFFERS B: removed 0 needed 1 compiles 2
04:04:29   src/ov_SC05_018/ov_SC05_018_jr_8017D604.c:func_80181294 A=DIFFERS B: removed 0 needed 1 compiles 2
04:04:29   src/ov_SC02_016/ov_SC02_016_jr_8017DC70.c:func_8018099C A=DIFFERS B: removed 0 needed 1 compiles 2
04:04:29   src/ov_SC02_017/ov_SC02_017_jr_8017DF34.c:func_80181294 A=DIFFERS B: removed 1 needed 1 compiles 3
04:04:29   src/ov_SC05_001/ov_SC05_001_jr_8017BEBC.c:func_8017F964 A=DIFFERS B: removed 0 needed 2 compiles 3
04:04:29   src/ov_SC04_002/ov_SC04_002_jr_8017BEBC.c:func_8017FFF0 A=DIFFERS B: removed 0 needed 1 compiles 2
04:04:29   src/ov_SC04_005/ov_SC04_005_jr_8017BEBC.c:func_80180780 A=DIFFERS B: removed 0 needed 1 compiles 2
04:04:30   src/ov_SC03_011/ov_SC03_011_jr_8017C730.c:func_8017F584 A=DIFFERS B: removed 0 needed 5 compiles 6
04:04:30   src/ov_SC03_024/ov_SC03_024_jr_8017DF84.c:func_801821D4 A=DIFFERS B: removed 1 needed 1 compiles 3
04:04:30   src/ov_SC05_018/ov_SC05_018_jr_8017D604.c:func_801815AC A=DIFFERS B: removed 0 needed 1 compiles 2
04:04:30   src/ov_SC03_118/ov_SC03_118_jr_8017FB84.c:func_8017FB84 A=DIFFERS B: removed 0 needed 1 compiles 2
04:04:30   src/ov_SC05_004/ov_SC05_004_jr_8017BEBC.c:func_8017BEBC A=DIFFERS B: removed 0 needed 1 compiles 2
04:04:30   src/ov_SC02_016/ov_SC02_016_jr_8017DC70.c:func_80180BD8 A=DIFFERS B: removed 0 needed 1 compiles 2
04:04:30   src/ov_SC03_102/ov_SC03_102_jr_8017BEBC.c:func_80181030 A=DIFFERS B: removed 1 needed 2 compiles 4
04:04:30   src/ov_SC03_011/ov_SC03_011_jr_8017C730.c:func_8017F84C A=DIFFERS B: removed 0 needed 1 compiles 2
04:04:30   src/ov_SC05_018/ov_SC05_018_jr_8017D604.c:func_801837E8 A=DIFFERS B: removed 0 needed 1 compiles 2
04:04:30   src/ov_SC04_005/ov_SC04_005_jr_8017BEBC.c:func_801809B8 A=DIFFERS B: removed 0 needed 1 compiles 2
04:04:30   src/ov_SC01_008/ov_SC01_008_jr_8017BE9C.c:func_8017BE9C A=DIFFERS B: removed 0 needed 1 compiles 2
04:04:30   src/ov_SC03_118/ov_SC03_118_jr_8017FB84.c:func_80180A64 A=DIFFERS B: removed 0 needed 1 compiles 2
04:04:31   src/ov_SC05_004/ov_SC05_004_jr_8017BEBC.c:func_8017CE68 A=DIFFERS B: removed 0 needed 3 compiles 4
04:04:31   src/ov_SC03_011/ov_SC03_011_jr_8017C730.c:func_8017F9CC A=DIFFERS B: removed 0 needed 1 compiles 2
04:04:31   src/ov_SC03_024/ov_SC03_024_jr_8017DF84.c:func_801826E8 A=DIFFERS B: removed 0 needed 1 compiles 2
04:04:31   src/ov_SC02_017/ov_SC02_017_jr_8017DF34.c:func_80181BBC A=DIFFERS B: removed 1 needed 1 compiles 3
04:04:31   src/ov_SC03_102/ov_SC03_102_jr_8017BEBC.c:func_8018110C A=DIFFERS B: removed 0 needed 1 compiles 2
04:04:31   src/ov_SC05_004/ov_SC05_004_jr_8017BEBC.c:func_8017D400 A=DIFFERS B: removed 0 needed 2 compiles 3
04:04:31   src/ov_SC05_018/ov_SC05_018_jr_8017D604.c:func_80184554 A=DIFFERS B: removed 0 needed 1 compiles 2
04:04:31   src/ov_SC04_002/ov_SC04_002_jr_8017BEBC.c:func_80180B40 A=DIFFERS B: removed 0 needed 2 compiles 3
04:04:31   src/ov_SC05_001/ov_SC05_001_jr_8017BEBC.c:func_8017FE0C A=DIFFERS B: removed 0 needed 5 compiles 6
04:04:31   src/ov_SC05_004/ov_SC05_004_jr_8017BEBC.c:func_8017D9B0 A=DIFFERS B: removed 0 needed 1 compiles 2
04:04:31   src/ov_SC03_024/ov_SC03_024_jr_8017DF84.c:func_80182844 A=DIFFERS B: removed 1 needed 1 compiles 3
04:04:31   src/ov_SC03_011/ov_SC03_011_jr_8017C730.c:func_8018094C A=DIFFERS B: removed 2 needed 1 compiles 4
04:04:31   src/ov_SC02_017/ov_SC02_017_jr_8017DF34.c:func_80181E98 A=DIFFERS B: removed 0 needed 1 compiles 2
04:04:32   src/ov_SC03_118/ov_SC03_118_jr_8017FB84.c:func_8018219C A=DIFFERS B: removed 1 needed 1 compiles 3
04:04:32   src/ov_SC01_008/ov_SC01_008_jr_8017BE9C.c:func_8017DD70 A=DIFFERS B: removed 1 needed 3 compiles 5
04:04:32   src/ov_SC05_004/ov_SC05_004_jr_8017BEBC.c:func_8017DB00 A=DIFFERS B: removed 0 needed 1 compiles 2
04:04:32   src/ov_SC03_102/ov_SC03_102_jr_8017BEBC.c:func_801811F0 A=DIFFERS B: removed 0 needed 1 compiles 2
04:04:32   src/ov_SC01_009/ov_SC01_009_jr_8017BE9C.c:func_8017BE9C A=DIFFERS B: removed 0 needed 1 compiles 2
04:04:32   src/ov_SC05_001/ov_SC05_001_jr_8017BEBC.c:func_80180E8C A=DIFFERS B: removed 1 needed 1 compiles 3
04:04:33   src/ov_SC03_125/ov_SC03_125_jr_8017D604.c:func_8017D604 A=DIFFERS B: removed 0 needed 1 compiles 2
04:04:33   src/ov_SC04_007/ov_SC04_007_jr_8017BEBC.c:func_80180324 A=DIFFERS B: removed 0 needed 8 compiles 9
04:04:33   src/ov_SC01_008/ov_SC01_008_jr_8017BE9C.c:func_8017E050 A=DIFFERS B: removed 0 needed 4 compiles 5
04:04:33   src/ov_SC01_005/ov_SC01_005_jr_8017C340.c:func_8017C340 A=DIFFERS B: removed 0 needed 1 compiles 2
04:04:33   src/ov_SC04_002/ov_SC04_002_jr_8017BEBC.c:func_801826E8 A=DIFFERS B: removed 0 needed 1 compiles 2
04:04:33   src/ov_SC03_118/ov_SC03_118_jr_8017FB84.c:func_8018226C A=DIFFERS B: removed 1 needed 1 compiles 3
04:04:33   src/ov_SC02_017/ov_SC02_017_jr_8017DF34.c:func_8018209C A=DIFFERS B: removed 1 needed 2 compiles 4
04:04:33   src/ov_SC03_115/ov_SC03_115_jr_8017BEBC.c:func_8017BEBC A=DIFFERS B: removed 0 needed 1 compiles 2
04:04:33   src/ov_SC01_008/ov_SC01_008_jr_8017BE9C.c:func_8017E30C A=DIFFERS B: removed 0 needed 2 compiles 3
04:04:33   src/ov_SC01_009/ov_SC01_009_jr_8017BE9C.c:func_8017DEF0 A=DIFFERS B: removed 0 needed 4 compiles 5
04:04:33   src/ov_SC04_007/ov_SC04_007_jr_8017BEBC.c:func_801821DC A=DIFFERS B: removed 0 needed 1 compiles 2
04:04:34   src/ov_SC05_001/ov_SC05_001_jr_8017BEBC.c:func_80182258 A=DIFFERS B: removed 0 needed 1 compiles 2
04:04:34   src/ov_SC03_125/ov_SC03_125_jr_8017D604.c:func_80180F0C A=DIFFERS B: removed 0 needed 1 compiles 2
04:04:34   src/ov_SC03_102/ov_SC03_102_jr_8017BEBC.c:func_801815D4 A=DIFFERS B: removed 0 needed 2 compiles 3
04:04:34   src/ov_SC04_002/ov_SC04_002_jr_8017BEBC.c:func_801829E8 A=DIFFERS B: removed 0 needed 1 compiles 2
04:04:34   src/ov_SC03_117/ov_SC03_117_jr_8017BEBC.c:func_8017BEBC A=DIFFERS B: removed 0 needed 1 compiles 2
04:04:34   src/ov_SC01_009/ov_SC01_009_jr_8017BE9C.c:func_8017E1AC A=DIFFERS B: removed 0 needed 2 compiles 3
04:04:34   src/ov_SC03_117/ov_SC03_117_jr_8017BEBC.c:func_8017D414 A=DIFFERS B: removed 0 needed 1 compiles 2
04:04:34   src/ov_SC03_115/ov_SC03_115_jr_8017BEBC.c:func_8017E8D0 A=DIFFERS B: removed 0 needed 2 compiles 3
04:04:34   src/ov_SC04_007/ov_SC04_007_jr_8017BEBC.c:func_80182358 A=DIFFERS B: removed 0 needed 1 compiles 2
04:04:34   src/ov_SC03_118/ov_SC03_118_jr_8017FB84.c:func_8018291C A=DIFFERS B: removed 0 needed 1 compiles 2
04:04:34   src/ov_SC03_125/ov_SC03_125_jr_8017D604.c:func_801819A0 A=DIFFERS B: removed 0 needed 1 compiles 2
04:04:35   src/ov_SC04_020/ov_SC04_020_jr_8017D604.c:func_8017D604 A=DIFFERS B: removed 0 needed 1 compiles 2
04:04:35   src/ov_SC05_001/ov_SC05_001_jr_8017BEBC.c:func_80182600 A=DIFFERS B: removed 0 needed 2 compiles 3
04:04:35   src/ov_SC03_117/ov_SC03_117_jr_8017BEBC.c:func_8017D6A8 A=DIFFERS B: removed 0 needed 3 compiles 4
04:04:35   src/ov_SC04_005/ov_SC04_005_jr_8017BEBC.c:func_80181470 A=DIFFERS B: removed 0 needed 8 compiles 9
04:04:35   src/ov_SC03_115/ov_SC03_115_jr_8017BEBC.c:func_8017FC5C A=DIFFERS B: removed 0 needed 2 compiles 3
04:04:35   src/ov_SC03_117/ov_SC03_117_jr_8017BEBC.c:func_8017DC14 A=DIFFERS B: removed 0 needed 1 compiles 2
04:04:35   src/ov_SC01_005/ov_SC01_005_jr_8017C340.c:func_8017E6BC A=DIFFERS B: removed 0 needed 4 compiles 5
04:04:35   src/ov_SC07_006/ov_SC07_006_jr_8017AE2C.c:func_8017B238 A=DIFFERS B: removed 0 needed 2 compiles 3
04:04:35   src/ov_SC03_117/ov_SC03_117_jr_8017BEBC.c:func_8017E498 A=DIFFERS B: removed 0 needed 1 compiles 2
04:04:35   src/ov_SC03_102/ov_SC03_102_jr_8017BEBC.c:func_80183090 A=DIFFERS B: removed 1 needed 2 compiles 4
04:04:35   src/ov_SC04_020/ov_SC04_020_jr_8017D604.c:func_8018087C A=DIFFERS B: removed 0 needed 1 compiles 2
04:04:36   src/ov_SC02_017/ov_SC02_017_jr_8017DF34.c:func_80182FD0 A=DIFFERS B: removed 1 needed 3 compiles 5
04:04:36   src/ov_SC07_006/ov_SC07_006_jr_8017AE2C.c:func_8017B614 A=DIFFERS B: removed 0 needed 3 compiles 4
04:04:36   src/ov_SC04_020/ov_SC04_020_jr_8017D604.c:func_80180BD0 A=DIFFERS B: removed 0 needed 1 compiles 2
04:04:36   src/ov_SC01_005/ov_SC01_005_jr_8017C340.c:func_8017E978 A=DIFFERS B: removed 0 needed 2 compiles 3
04:04:36   src/ov_SC03_002/ov_SC03_002_jr_8017D604.c:func_8017D604 A=DIFFERS B: removed 0 needed 1 compiles 2
04:04:36   src/ov_SC04_007/ov_SC04_007_jr_8017BEBC.c:func_801838EC A=DIFFERS B: removed 0 needed 3 compiles 4
04:04:36   src/ov_SC04_002/ov_SC04_002_jr_8017BEBC.c:func_801831B8 A=DIFFERS B: removed 0 needed 3 compiles 4
04:04:36   src/ov_SC04_020/ov_SC04_020_jr_8017D604.c:func_8018134C A=DIFFERS B: removed 0 needed 1 compiles 2
04:04:37   src/ov_SC03_014/ov_SC03_014_jr_8017EB7C.c:func_8017EB7C A=DIFFERS B: removed 0 needed 1 compiles 2
04:04:37   src/ov_SC05_001/ov_SC05_001_jr_8017BEBC.c:func_80182FB4 A=DIFFERS B: removed 0 needed 3 compiles 4
04:04:37   src/ov_SC03_118/ov_SC03_118_jr_8017FB84.c:func_8018302C A=DIFFERS B: removed 3 needed 1 compiles 5
04:04:37   src/ov_SC04_000/ov_SC04_000_jr_8017BEBC.c:func_8017BEBC A=DIFFERS B: removed 0 needed 1 compiles 2
04:04:37   src/ov_SC04_005/ov_SC04_005_jr_8017BEBC.c:func_80181E90 A=DIFFERS B: removed 0 needed 3 compiles 4
04:04:37   src/ov_SC02_017/ov_SC02_017_jr_8017DF34.c:func_801831FC A=DIFFERS B: removed 1 needed 1 compiles 3
04:04:37   src/ov_SC04_007/ov_SC04_007_jr_8017BEBC.c:func_80183CF8 A=DIFFERS B: removed 0 needed 1 compiles 2
04:04:37   src/ov_SC05_006/ov_SC05_006_jr_8017BEBC.c:func_8017BEBC A=DIFFERS B: removed 0 needed 1 compiles 2
04:04:37   src/ov_SC01_074/ov_SC01_074_jr_8017BE9C.c:func_8017BE9C A=DIFFERS B: removed 0 needed 1 compiles 2
04:04:38   src/ov_SC03_003/ov_SC03_003_jr_8017D5C0.c:func_8017D5C0 A=DIFFERS B: removed 0 needed 1 compiles 2
04:04:38   src/ov_SC05_006/ov_SC05_006_jr_8017BEBC.c:func_8017EE0C A=DIFFERS B: removed 0 needed 1 compiles 2
04:04:38   src/ov_SC03_102/ov_SC03_102_jr_8017BEBC.c:func_80183438 A=DIFFERS B: removed 1 needed 3 compiles 5
04:04:38   src/ov_SC03_029/ov_SC03_029_jr_8017DC70.c:func_8017DC70 A=DIFFERS B: removed 0 needed 1 compiles 2
04:04:38   src/ov_SC03_014/ov_SC03_014_jr_8017EB7C.c:func_8017FA5C A=DIFFERS B: removed 0 needed 1 compiles 2
04:04:38   src/ov_SC01_074/ov_SC01_074_jr_8017BE9C.c:func_8017D528 A=DIFFERS B: removed 0 needed 1 compiles 2
04:04:38   src/ov_SC03_003/ov_SC03_003_jr_8017D5C0.c:func_8017E98C A=DIFFERS B: removed 0 needed 1 compiles 2
04:04:38   src/ov_SC03_002/ov_SC03_002_jr_8017D604.c:func_8017EA54 A=DIFFERS B: removed 2 needed 3 compiles 6
04:04:38   src/ov_SC02_017/ov_SC02_017_jr_8017DF34.c:func_80183B9C A=DIFFERS B: removed 0 needed 1 compiles 2
04:04:38   src/ov_SC05_006/ov_SC05_006_jr_8017BEBC.c:func_8017EFA4 A=DIFFERS B: removed 0 needed 1 compiles 2
04:04:38   src/ov_SC03_029/ov_SC03_029_jr_8017DC70.c:func_8017F760 A=DIFFERS B: removed 0 needed 2 compiles 3
04:04:39   src/ov_SC07_006/ov_SC07_006_jr_80179B74.c:func_8017A3D8 A=DIFFERS B: removed 0 needed 1 compiles 2
04:04:39   src/ov_SC03_014/ov_SC03_014_jr_8017EB7C.c:func_80180C34 A=DIFFERS B: removed 0 needed 1 compiles 2
04:04:39   src/ov_SC04_005/ov_SC04_005_jr_8017BEBC.c:func_801821C8 A=DIFFERS B: removed 0 needed 3 compiles 4
04:04:40   src/ov_SC02_017/ov_SC02_017_jr_8017DF34.c:func_801842E0 A=DIFFERS B: removed 0 needed 3 compiles 4
04:04:40   src/ov_SC04_005/ov_SC04_005_jr_8017BEBC.c:func_8018229C A=DIFFERS B: removed 0 needed 1 compiles 2
04:04:40   src/ov_SC03_102/ov_SC03_102_jr_8017BEBC.c:func_80183A2C A=DIFFERS B: removed 1 needed 3 compiles 5
04:04:40   src/ov_SC04_002/ov_SC04_002_jr_8017BEBC.c:func_80183790 A=DIFFERS B: removed 0 needed 5 compiles 6
04:04:40   src/ov_SC02_017/ov_SC02_017_jr_8017DF34.c:func_801846B8 A=DIFFERS B: removed 1 needed 1 compiles 3
04:04:41   src/ov_SC04_007/ov_SC04_007_jr_8017BEBC.c:func_80183E80 A=DIFFERS B: removed 6 needed 2 compiles 9
04:04:41   src/ov_SC03_102/ov_SC03_102_jr_8017BEBC.c:func_80183E3C A=DIFFERS B: removed 1 needed 1 compiles 3
04:04:41   src/ov_SC02_017/ov_SC02_017_jr_8017DF34.c:func_80184754 A=DIFFERS B: removed 0 needed 1 compiles 2
04:04:41   src/ov_SC04_002/ov_SC04_002_jr_8017BEBC.c:func_80183820 A=DIFFERS B: removed 0 needed 2 compiles 3
04:04:42   src/ov_SC04_007/ov_SC04_007_jr_8017BEBC.c:func_80184238 A=DIFFERS B: removed 1 needed 1 compiles 3
04:04:42   src/ov_SC02_017/ov_SC02_017_jr_8017DF34.c:func_80184F4C A=DIFFERS B: removed 0 needed 1 compiles 2
04:04:43   src/ov_SC03_102/ov_SC03_102_jr_8017BEBC.c:func_8018453C A=DIFFERS B: removed 1 needed 2 compiles 4
04:04:43   src/ov_SC04_007/ov_SC04_007_jr_8017BEBC.c:func_80185318 A=DIFFERS B: removed 0 needed 2 compiles 3
04:04:43   src/ov_SC04_005/ov_SC04_005_jr_8017BEBC.c:func_80182424 A=DIFFERS B: removed 6 needed 2 compiles 9
04:04:44   src/ov_SC03_102/ov_SC03_102_jr_8017BEBC.c:func_80184624 A=DIFFERS B: removed 1 needed 2 compiles 4
04:04:44   src/ov_SC04_002/ov_SC04_002_jr_8017BEBC.c:func_801867A0 A=DIFFERS B: removed 0 needed 1 compiles 2
04:04:44   src/ov_SC04_005/ov_SC04_005_jr_8017BEBC.c:func_80183228 A=DIFFERS B: removed 0 needed 1 compiles 2
04:04:44   src/ov_SC02_017/ov_SC02_017_jr_8017DF34.c:func_80185574 A=DIFFERS B: removed 4 needed 3 compiles 8
04:04:45   src/ov_SC04_002/ov_SC04_002_jr_8017BEBC.c:func_8018691C A=DIFFERS B: removed 0 needed 1 compiles 2
04:04:45   src/ov_SC04_005/ov_SC04_005_jr_8017BEBC.c:func_80185B70 A=DIFFERS B: removed 0 needed 1 compiles 2
04:04:45   src/ov_SC02_017/ov_SC02_017_jr_8017DF34.c:func_801857C4 A=DIFFERS B: removed 1 needed 1 compiles 3
04:04:46   src/ov_SC04_005/ov_SC04_005_jr_8017BEBC.c:func_80185CEC A=DIFFERS B: removed 0 needed 1 compiles 2
04:04:46   src/ov_SC03_102/ov_SC03_102_jr_8017BEBC.c:func_8018499C A=DIFFERS B: removed 1 needed 2 compiles 4
04:04:46   src/ov_SC02_017/ov_SC02_017_jr_8017DF34.c:func_8018590C A=DIFFERS B: removed 0 needed 2 compiles 3
04:04:47   src/ov_SC02_017/ov_SC02_017_jr_8017DF34.c:func_80185F88 A=DIFFERS B: removed 0 needed 1 compiles 2
04:04:48   src/ov_SC02_017/ov_SC02_017_jr_8017DF34.c:func_80186530 A=DIFFERS B: removed 0 needed 1 compiles 2
04:04:49   src/ov_SC04_005/ov_SC04_005_jr_8017BEBC.c:func_80187250 A=DIFFERS B: removed 0 needed 5 compiles 6
04:04:50   src/ov_SC02_017/ov_SC02_017_jr_8017DF34.c:func_80186770 A=DIFFERS B: removed 2 needed 1 compiles 4
04:04:50   src/ov_SC04_005/ov_SC04_005_jr_8017BEBC.c:func_801872E0 A=DIFFERS B: removed 0 needed 2 compiles 3
04:04:52   src/ov_SC05_018/ov_SC05_018_jr_8013F350.c:func_8013FAF8 A=DIFFERS B: removed 0 needed 1 compiles 2
04:04:52   src/ov_SC05_010/ov_SC05_010_jr_8013F350.c:func_8013FAF8 A=DIFFERS B: removed 0 needed 1 compiles 2
04:04:52   src/ov_SC05_017/ov_SC05_017_jr_8013F350.c:func_8013FAF8 A=DIFFERS B: removed 0 needed 1 compiles 2
04:04:52   src/ov_SC06_010/ov_SC06_010_jr_8013F350.c:func_8013FAF8 A=DIFFERS B: removed 0 needed 1 compiles 2
04:04:52   src/ov_SC06_000/ov_SC06_000_jr_8013F350.c:func_8013FAF8 A=DIFFERS B: removed 0 needed 1 compiles 2
04:04:52   src/ov_SC06_006/ov_SC06_006_jr_8013F350.c:func_8013FAF8 A=DIFFERS B: removed 0 needed 1 compiles 2
04:04:52   src/ov_SC06_013/ov_SC06_013_jr_8013F350.c:func_8013FAF8 A=DIFFERS B: removed 0 needed 1 compiles 2
04:04:52   src/ov_SC06_011/ov_SC06_011_jr_8013F350.c:func_8013FAF8 A=DIFFERS B: removed 0 needed 1 compiles 2
04:04:52   src/ov_SC05_011/ov_SC05_011_jr_8013F350.c:func_8013FAF8 A=DIFFERS B: removed 0 needed 1 compiles 2
04:04:52   src/ov_SC06_008/ov_SC06_008_jr_8013F350.c:func_8013FAF8 A=DIFFERS B: removed 0 needed 1 compiles 2
04:04:52   src/ov_SC07_007/ov_SC07_007_jr_8017AE2C.c:func_8017B238 A=DIFFERS B: removed 0 needed 2 compiles 3
04:04:52   src/ov_SC06_014/ov_SC06_014_jr_8013F350.c:func_8013FAF8 A=DIFFERS B: removed 0 needed 1 compiles 2
04:04:52   src/ov_SC06_016/ov_SC06_016_jr_8013F350.c:func_8013FAF8 A=DIFFERS B: removed 0 needed 1 compiles 2
04:04:53   src/ov_SC06_018/ov_SC06_018_jr_8013F350.c:func_8013FAF8 A=DIFFERS B: removed 0 needed 1 compiles 2
04:04:53   src/ov_SC06_015/ov_SC06_015_jr_8013F350.c:func_8013FAF8 A=DIFFERS B: removed 0 needed 1 compiles 2
04:04:53   src/ov_SC06_020/ov_SC06_020_jr_8013F350.c:func_8013FAF8 A=DIFFERS B: removed 0 needed 1 compiles 2
04:04:53   src/ov_SC06_025/ov_SC06_025_jr_8013F350.c:func_8013FAF8 A=DIFFERS B: removed 0 needed 1 compiles 2
04:04:53   src/ov_SC06_027/ov_SC06_027_jr_8013F350.c:func_8013FAF8 A=DIFFERS B: removed 0 needed 1 compiles 2
04:04:53   src/ov_SC06_029/ov_SC06_029_jr_8013F350.c:func_8013FAF8 A=DIFFERS B: removed 0 needed 1 compiles 2
04:04:53   src/ov_SC06_022/ov_SC06_022_jr_8013F350.c:func_8013FAF8 A=DIFFERS B: removed 0 needed 1 compiles 2
04:04:53   src/ov_SC06_024/ov_SC06_024_jr_8013F350.c:func_8013FAF8 A=DIFFERS B: removed 0 needed 1 compiles 2
04:04:53   src/ov_SC07_007/ov_SC07_007_jr_8017AE2C.c:func_8017B614 A=DIFFERS B: removed 0 needed 3 compiles 4
04:04:53   src/ov_SC06_030/ov_SC06_030_jr_8013F350.c:func_8013FAF8 A=DIFFERS B: removed 0 needed 1 compiles 2
04:04:53   src/ov_SC06_032/ov_SC06_032_jr_8013F350.c:func_8013FAF8 A=DIFFERS B: removed 0 needed 1 compiles 2
04:04:53   src/ov_SC06_033/ov_SC06_033_jr_8013F350.c:func_8013FAF8 A=DIFFERS B: removed 0 needed 1 compiles 2
04:04:53   src/ov_SC07_000/ov_SC07_000_jr_8013F350.c:func_8013FAF8 A=DIFFERS B: removed 0 needed 1 compiles 2
04:04:53   src/ov_SC07_001/ov_SC07_001_jr_8013F350.c:func_8013FAF8 A=DIFFERS B: removed 0 needed 1 compiles 2
04:04:53   src/ov_SC07_008/ov_SC07_008_jr_8013F350.c:func_8013FAF8 A=DIFFERS B: removed 0 needed 1 compiles 2
04:04:53   src/ov_SC07_009/ov_SC07_009_jr_8013F350.c:func_8013FAF8 A=DIFFERS B: removed 0 needed 1 compiles 2
04:04:53   src/ov_SC05_000/ov_SC05_000_jr_8017BEBC.c:func_8017BEBC A=DIFFERS B: removed 0 needed 1 compiles 2
04:04:54   src/ov_SC07_002/ov_SC07_002_jr_8013F350.c:func_8013FAF8 A=DIFFERS B: removed 0 needed 1 compiles 2
04:04:54   src/ov_SC07_007/ov_SC07_007_jr_80179B74.c:func_8017A3D8 A=DIFFERS B: removed 0 needed 1 compiles 2
04:04:54   src/ov_SC07_007/ov_SC07_007_jr_8016AE5C.c:func_8016C49C A=DIFFERS B: removed 0 needed 1 compiles 2
04:04:54   src/ov_SC01_004/ov_SC01_004_jr_80178D40.c:func_8017A3D8 A=DIFFERS B: removed 0 needed 1 compiles 2
04:04:54   src/ov_SC01_001/ov_SC01_001_jr_80178D40.c:func_8017A3D8 A=DIFFERS B: removed 0 needed 1 compiles 2
04:04:54   src/ov_SC01_000/ov_SC01_000_jr_80178D40.c:func_8017A3D8 A=DIFFERS B: removed 0 needed 1 compiles 2
04:04:54   src/ov_SC01_008/ov_SC01_008_jr_80178D40.c:func_8017A3D8 A=DIFFERS B: removed 0 needed 1 compiles 2
04:04:54   src/ov_SC01_074/ov_SC01_074_jr_80178D40.c:func_8017A3D8 A=DIFFERS B: removed 0 needed 1 compiles 2
04:04:54   src/ov_SC01_077/ov_SC01_077_jr_80178D40.c:func_8017A3D8 A=DIFFERS B: removed 0 needed 1 compiles 2
04:04:54   src/ov_SC01_080/ov_SC01_080_jr_80178D40.c:func_8017A3D8 A=DIFFERS B: removed 0 needed 1 compiles 2
04:04:54   src/ov_SC01_005/ov_SC01_005_jr_80178D40.c:func_8017A3D8 A=DIFFERS B: removed 0 needed 1 compiles 2
04:04:54   src/ov_SC01_084/ov_SC01_084_jr_80178D40.c:func_8017A3D8 A=DIFFERS B: removed 0 needed 1 compiles 2
04:04:55   src/ov_SC02_004/ov_SC02_004_jr_80178D40.c:func_8017A3D8 A=DIFFERS B: removed 0 needed 1 compiles 2
04:04:55   src/ov_SC05_000/ov_SC05_000_jr_8017BEBC.c:func_8017CE68 A=DIFFERS B: removed 0 needed 3 compiles 4
04:04:55   src/ov_SC07_007/ov_SC07_007_jr_8016AE5C.c:func_8016CBC0 A=DIFFERS B: removed 0 needed 1 compiles 2
04:04:55   src/ov_SC02_015/ov_SC02_015_jr_80178D40.c:func_8017A3D8 A=DIFFERS B: removed 0 needed 1 compiles 2
04:04:55   src/ov_SC02_005/ov_SC02_005_jr_80178D40.c:func_8017A3D8 A=DIFFERS B: removed 0 needed 1 compiles 2
04:04:55   src/ov_SC02_016/ov_SC02_016_jr_80178D40.c:func_8017A3D8 A=DIFFERS B: removed 0 needed 1 compiles 2
04:04:55   src/ov_SC02_026/ov_SC02_026_jr_80178D40.c:func_8017A3D8 A=DIFFERS B: removed 0 needed 1 compiles 2
04:04:55   src/ov_SC02_021/ov_SC02_021_jr_80178D40.c:func_8017A3D8 A=DIFFERS B: removed 0 needed 1 compiles 2
04:04:55   src/ov_SC02_000/ov_SC02_000_jr_80178D40.c:func_8017A3D8 A=DIFFERS B: removed 0 needed 1 compiles 2
04:04:55   src/ov_SC02_027/ov_SC02_027_jr_80178D40.c:func_8017A3D8 A=DIFFERS B: removed 0 needed 1 compiles 2
04:04:55   src/ov_SC02_028/ov_SC02_028_jr_80178D40.c:func_8017A3D8 A=DIFFERS B: removed 0 needed 1 compiles 2
04:04:55   src/ov_SC02_031/ov_SC02_031_jr_80178D40.c:func_8017A3D8 A=DIFFERS B: removed 0 needed 1 compiles 2
04:04:56   src/ov_SC02_035/ov_SC02_035_jr_80178D40.c:func_8017A3D8 A=DIFFERS B: removed 0 needed 1 compiles 2
04:04:56   src/ov_SC02_041/ov_SC02_041_jr_80178D40.c:func_8017A3D8 A=DIFFERS B: removed 0 needed 1 compiles 2
04:04:56   src/ov_SC02_039/ov_SC02_039_jr_80178D40.c:func_8017A3D8 A=DIFFERS B: removed 0 needed 1 compiles 2
04:04:56   src/ov_SC03_001/ov_SC03_001_jr_80178D40.c:func_8017A3D8 A=DIFFERS B: removed 0 needed 1 compiles 2
04:04:56   src/ov_SC03_002/ov_SC03_002_jr_80178D40.c:func_8017A3D8 A=DIFFERS B: removed 0 needed 1 compiles 2
04:04:56   src/ov_SC03_003/ov_SC03_003_jr_80178D40.c:func_8017A3D8 A=DIFFERS B: removed 0 needed 1 compiles 2
04:04:56   src/ov_SC03_007/ov_SC03_007_jr_80178D40.c:func_8017A3D8 A=DIFFERS B: removed 0 needed 1 compiles 2
04:04:56   src/ov_SC03_013/ov_SC03_013_jr_80178D40.c:func_8017A3D8 A=DIFFERS B: removed 0 needed 1 compiles 2
04:04:56   src/ov_SC03_011/ov_SC03_011_jr_80178D40.c:func_8017A3D8 A=DIFFERS B: removed 0 needed 1 compiles 2
04:04:56   src/ov_SC03_010/ov_SC03_010_jr_80178D40.c:func_8017A3D8 A=DIFFERS B: removed 0 needed 1 compiles 2
04:04:56   src/ov_SC03_012/ov_SC03_012_jr_80178D40.c:func_8017A3D8 A=DIFFERS B: removed 0 needed 1 compiles 2
04:04:56   src/ov_SC03_023/ov_SC03_023_jr_80178D40.c:func_8017A3D8 A=DIFFERS B: removed 0 needed 1 compiles 2
04:04:57   src/ov_SC03_024/ov_SC03_024_jr_80178D40.c:func_8017A3D8 A=DIFFERS B: removed 0 needed 1 compiles 2
04:04:57   src/ov_SC03_028/ov_SC03_028_jr_80178D40.c:func_8017A3D8 A=DIFFERS B: removed 0 needed 1 compiles 2
04:04:57   src/ov_SC07_007/ov_SC07_007_jr_8016AE5C.c:func_8016E9EC A=DIFFERS B: removed 0 needed 1 compiles 2
04:04:57   src/ov_SC03_030/ov_SC03_030_jr_80178D40.c:func_8017A3D8 A=DIFFERS B: removed 0 needed 1 compiles 2
04:04:57   src/ov_SC03_031/ov_SC03_031_jr_80178D40.c:func_8017A3D8 A=DIFFERS B: removed 0 needed 1 compiles 2
04:04:57   src/ov_SC03_089/ov_SC03_089_jr_80178D40.c:func_8017A3D8 A=DIFFERS B: removed 0 needed 1 compiles 2
04:04:57   src/ov_SC03_090/ov_SC03_090_jr_80178D40.c:func_8017A3D8 A=DIFFERS B: removed 0 needed 1 compiles 2
04:04:57   src/ov_SC03_095/ov_SC03_095_jr_80178D40.c:func_8017A3D8 A=DIFFERS B: removed 0 needed 1 compiles 2
04:04:57   src/ov_SC03_091/ov_SC03_091_jr_80178D40.c:func_8017A3D8 A=DIFFERS B: removed 0 needed 1 compiles 2
04:04:57   src/ov_SC03_092/ov_SC03_092_jr_80178D40.c:func_8017A3D8 A=DIFFERS B: removed 0 needed 1 compiles 2
04:04:57   src/ov_SC03_094/ov_SC03_094_jr_80178D40.c:func_8017A3D8 A=DIFFERS B: removed 0 needed 1 compiles 2
04:04:57   src/ov_SC03_093/ov_SC03_093_jr_80178D40.c:func_8017A3D8 A=DIFFERS B: removed 0 needed 1 compiles 2
04:04:58   src/ov_SC03_097/ov_SC03_097_jr_80178D40.c:func_8017A3D8 A=DIFFERS B: removed 0 needed 1 compiles 2
04:04:58   src/ov_SC03_096/ov_SC03_096_jr_80178D40.c:func_8017A3D8 A=DIFFERS B: removed 0 needed 1 compiles 2
04:04:58   src/ov_SC03_098/ov_SC03_098_jr_80178D40.c:func_8017A3D8 A=DIFFERS B: removed 0 needed 1 compiles 2
04:04:58   src/ov_SC03_099/ov_SC03_099_jr_80178D40.c:func_8017A3D8 A=DIFFERS B: removed 0 needed 1 compiles 2
04:04:58   src/ov_SC03_100/ov_SC03_100_jr_80178D40.c:func_8017A3D8 A=DIFFERS B: removed 0 needed 1 compiles 2
04:04:58   src/ov_SC03_104/ov_SC03_104_jr_80178D40.c:func_8017A3D8 A=DIFFERS B: removed 0 needed 1 compiles 2
04:04:58   src/ov_SC03_101/ov_SC03_101_jr_80178D40.c:func_8017A3D8 A=DIFFERS B: removed 0 needed 1 compiles 2
04:04:59   src/ov_SC03_108/ov_SC03_108_jr_80178D40.c:func_8017A3D8 A=DIFFERS B: removed 0 needed 1 compiles 2
04:04:59   src/ov_SC03_102/ov_SC03_102_jr_80178D40.c:func_8017A3D8 A=DIFFERS B: removed 0 needed 1 compiles 2
04:04:59   src/ov_SC03_105/ov_SC03_105_jr_80178D40.c:func_8017A3D8 A=DIFFERS B: removed 0 needed 1 compiles 2
04:04:59   src/ov_SC03_103/ov_SC03_103_jr_80178D40.c:func_8017A3D8 A=DIFFERS B: removed 0 needed 1 compiles 2
04:04:59   src/ov_SC03_109/ov_SC03_109_jr_80178D40.c:func_8017A3D8 A=DIFFERS B: removed 0 needed 1 compiles 2
04:04:59   src/ov_SC03_110/ov_SC03_110_jr_80178D40.c:func_8017A3D8 A=DIFFERS B: removed 0 needed 1 compiles 2
04:04:59   src/ov_SC03_111/ov_SC03_111_jr_80178D40.c:func_8017A3D8 A=DIFFERS B: removed 0 needed 1 compiles 2
04:04:59   src/ov_SC03_112/ov_SC03_112_jr_80178D40.c:func_8017A3D8 A=DIFFERS B: removed 0 needed 1 compiles 2
04:04:59   src/ov_SC03_114/ov_SC03_114_jr_80178D40.c:func_8017A3D8 A=DIFFERS B: removed 0 needed 1 compiles 2
04:04:59   src/ov_SC03_113/ov_SC03_113_jr_80178D40.c:func_8017A3D8 A=DIFFERS B: removed 0 needed 1 compiles 2
04:05:00   src/ov_SC03_115/ov_SC03_115_jr_80178D40.c:func_8017A3D8 A=DIFFERS B: removed 0 needed 1 compiles 2
04:05:00   src/ov_SC03_116/ov_SC03_116_jr_80178D40.c:func_8017A3D8 A=DIFFERS B: removed 0 needed 1 compiles 2
04:05:00   src/ov_SC03_124/ov_SC03_124_jr_80178D40.c:func_8017A3D8 A=DIFFERS B: removed 0 needed 1 compiles 2
04:05:00   src/ov_SC03_121/ov_SC03_121_jr_80178D40.c:func_8017A3D8 A=DIFFERS B: removed 0 needed 1 compiles 2
04:05:00   src/ov_SC04_000/ov_SC04_000_jr_80178D40.c:func_8017A3D8 A=DIFFERS B: removed 0 needed 1 compiles 2
04:05:00   src/ov_SC03_125/ov_SC03_125_jr_80178D40.c:func_8017A3D8 A=DIFFERS B: removed 0 needed 1 compiles 2
04:05:00   src/ov_SC04_002/ov_SC04_002_jr_80178D40.c:func_8017A3D8 A=DIFFERS B: removed 0 needed 1 compiles 2
04:05:00   src/ov_SC04_005/ov_SC04_005_jr_80178D40.c:func_8017A3D8 A=DIFFERS B: removed 0 needed 1 compiles 2
04:05:00   src/ov_SC03_118/ov_SC03_118_jr_80178D40.c:func_8017A3D8 A=DIFFERS B: removed 0 needed 1 compiles 2
04:05:00   src/ov_SC04_003/ov_SC04_003_jr_80178D40.c:func_8017A3D8 A=DIFFERS B: removed 0 needed 1 compiles 2
04:05:01   src/ov_SC04_004/ov_SC04_004_jr_80178D40.c:func_8017A3D8 A=DIFFERS B: removed 0 needed 1 compiles 2
04:05:01   src/ov_SC04_006/ov_SC04_006_jr_80178D40.c:func_8017A3D8 A=DIFFERS B: removed 0 needed 1 compiles 2
04:05:01   src/ov_SC04_008/ov_SC04_008_jr_80178D40.c:func_8017A3D8 A=DIFFERS B: removed 0 needed 1 compiles 2
04:05:01   src/ov_SC04_007/ov_SC04_007_jr_80178D40.c:func_8017A3D8 A=DIFFERS B: removed 0 needed 1 compiles 2
04:05:01   src/ov_SC04_009/ov_SC04_009_jr_80178D40.c:func_8017A3D8 A=DIFFERS B: removed 0 needed 1 compiles 2
04:05:01   src/ov_SC04_012/ov_SC04_012_jr_80178D40.c:func_8017A3D8 A=DIFFERS B: removed 0 needed 1 compiles 2
04:05:01   src/ov_SC04_010/ov_SC04_010_jr_80178D40.c:func_8017A3D8 A=DIFFERS B: removed 0 needed 1 compiles 2
04:05:01   src/ov_SC04_016/ov_SC04_016_jr_80178D40.c:func_8017A3D8 A=DIFFERS B: removed 0 needed 1 compiles 2
04:05:01   src/ov_SC04_015/ov_SC04_015_jr_80178D40.c:func_8017A3D8 A=DIFFERS B: removed 0 needed 1 compiles 2
04:05:01   src/ov_SC04_020/ov_SC04_020_jr_80178D40.c:func_8017A3D8 A=DIFFERS B: removed 0 needed 1 compiles 2
04:05:02   src/ov_SC05_000/ov_SC05_000_jr_80178D40.c:func_8017A3D8 A=DIFFERS B: removed 0 needed 1 compiles 2
04:05:02   src/ov_SC05_001/ov_SC05_001_jr_80178D40.c:func_8017A3D8 A=DIFFERS B: removed 0 needed 1 compiles 2
04:05:02   src/ov_SC05_002/ov_SC05_002_jr_80178D40.c:func_8017A3D8 A=DIFFERS B: removed 0 needed 1 compiles 2
04:05:02   src/ov_SC05_003/ov_SC05_003_jr_80178D40.c:func_8017A3D8 A=DIFFERS B: removed 0 needed 1 compiles 2
04:05:02   src/ov_SC05_004/ov_SC05_004_jr_80178D40.c:func_8017A3D8 A=DIFFERS B: removed 0 needed 1 compiles 2
04:05:02   src/ov_SC04_018/ov_SC04_018_jr_80178D40.c:func_8017A3D8 A=DIFFERS B: removed 0 needed 1 compiles 2
04:05:02   src/ov_SC05_005/ov_SC05_005_jr_80178D40.c:func_8017A3D8 A=DIFFERS B: removed 0 needed 1 compiles 2
04:05:02   src/ov_SC05_006/ov_SC05_006_jr_80178D40.c:func_8017A3D8 A=DIFFERS B: removed 0 needed 1 compiles 2
04:05:02   src/ov_SC05_007/ov_SC05_007_jr_80178D40.c:func_8017A3D8 A=DIFFERS B: removed 0 needed 1 compiles 2
04:05:02   src/ov_SC05_008/ov_SC05_008_jr_80178D40.c:func_8017A3D8 A=DIFFERS B: removed 0 needed 1 compiles 2
04:05:02   src/ov_SC05_009/ov_SC05_009_jr_80178D40.c:func_8017A3D8 A=DIFFERS B: removed 0 needed 1 compiles 2
04:05:03   src/ov_SC05_010/ov_SC05_010_jr_80178D40.c:func_8017A3D8 A=DIFFERS B: removed 0 needed 1 compiles 2
04:05:03   src/ov_SC05_011/ov_SC05_011_jr_80178D40.c:func_8017A3D8 A=DIFFERS B: removed 0 needed 1 compiles 2
04:05:03   src/ov_SC05_018/ov_SC05_018_jr_80178D40.c:func_8017A3D8 A=DIFFERS B: removed 0 needed 1 compiles 2
04:05:03   src/ov_SC06_000/ov_SC06_000_jr_80178D40.c:func_8017A3D8 A=DIFFERS B: removed 0 needed 1 compiles 2
04:05:03   src/ov_SC05_017/ov_SC05_017_jr_80178D40.c:func_8017A3D8 A=DIFFERS B: removed 0 needed 1 compiles 2
04:05:03   src/ov_SC06_008/ov_SC06_008_jr_80178D40.c:func_8017A3D8 A=DIFFERS B: removed 0 needed 1 compiles 2
04:05:03   src/ov_SC06_006/ov_SC06_006_jr_80178D40.c:func_8017A3D8 A=DIFFERS B: removed 0 needed 1 compiles 2
04:05:03   src/ov_SC06_010/ov_SC06_010_jr_80178D40.c:func_8017A3D8 A=DIFFERS B: removed 0 needed 1 compiles 2
04:05:03   src/ov_SC06_013/ov_SC06_013_jr_80178D40.c:func_8017A3D8 A=DIFFERS B: removed 0 needed 1 compiles 2
04:05:03   src/ov_SC06_011/ov_SC06_011_jr_80178D40.c:func_8017A3D8 A=DIFFERS B: removed 0 needed 1 compiles 2
04:05:04   src/ov_SC06_016/ov_SC06_016_jr_80178D40.c:func_8017A3D8 A=DIFFERS B: removed 0 needed 1 compiles 2
04:05:04   src/ov_SC06_015/ov_SC06_015_jr_80178D40.c:func_8017A3D8 A=DIFFERS B: removed 0 needed 1 compiles 2
04:05:04   src/ov_SC06_014/ov_SC06_014_jr_80178D40.c:func_8017A3D8 A=DIFFERS B: removed 0 needed 1 compiles 2
04:05:04   src/ov_SC06_018/ov_SC06_018_jr_80178D40.c:func_8017A3D8 A=DIFFERS B: removed 0 needed 1 compiles 2
04:05:04   src/ov_SC06_025/ov_SC06_025_jr_80178D40.c:func_8017A3D8 A=DIFFERS B: removed 0 needed 1 compiles 2
04:05:04   src/ov_SC06_024/ov_SC06_024_jr_80178D40.c:func_8017A3D8 A=DIFFERS B: removed 0 needed 1 compiles 2
04:05:04   src/ov_SC06_020/ov_SC06_020_jr_80178D40.c:func_8017A3D8 A=DIFFERS B: removed 0 needed 1 compiles 2
04:05:04   src/ov_SC06_022/ov_SC06_022_jr_80178D40.c:func_8017A3D8 A=DIFFERS B: removed 0 needed 1 compiles 2
04:05:04   src/ov_SC06_032/ov_SC06_032_jr_80178D40.c:func_8017A3D8 A=DIFFERS B: removed 0 needed 1 compiles 2
04:05:04   src/ov_SC06_027/ov_SC06_027_jr_80178D40.c:func_8017A3D8 A=DIFFERS B: removed 0 needed 1 compiles 2
04:05:04   src/ov_SC06_033/ov_SC06_033_jr_80178D40.c:func_8017A3D8 A=DIFFERS B: removed 0 needed 1 compiles 2
04:05:04   src/ov_SC07_008/ov_SC07_008_jr_80178D40.c:func_8017A3D8 A=DIFFERS B: removed 0 needed 1 compiles 2
04:05:05   src/ov_SC07_001/ov_SC07_001_jr_80178D40.c:func_8017A3D8 A=DIFFERS B: removed 0 needed 1 compiles 2
04:05:05   src/ov_SC07_002/ov_SC07_002_jr_80178D40.c:func_8017A3D8 A=DIFFERS B: removed 0 needed 1 compiles 2
04:05:05   src/ov_SC07_000/ov_SC07_000_jr_80178D40.c:func_8017A3D8 A=DIFFERS B: removed 0 needed 1 compiles 2
04:05:05   src/ov_SC07_009/ov_SC07_009_jr_80178D40.c:func_8017A3D8 A=DIFFERS B: removed 0 needed 1 compiles 2
04:05:10   src/ov_SC07_000/ov_SC07_000_jr_8017BEBC.c:func_8017BEBC A=DIFFERS B: removed 0 needed 1 compiles 2
04:05:11 delever: batch tus8 — 300 files (TUs; 683 drawable) · 602 bodies: 208 lever-free, 394 residue, 0 refused · sites removed 432 / needed 601 / refused 1 / deferred 0 · replays 206 (0 disagreed) · compiles 1458 in 48 s wall · final 300/300 identical · written 300 files
