delever --plan: 171 of 171 drawable files · 171 bodies (126 in multi-copy classes) · 531 removable sites · 1 deferred asm-bodies
04:46:25 apply headers2: 171 files, control src/shared/ov/func_801365B8__e5db37c5.h IDENTICAL (0.10 s), calibration 9184678f1, census e7766972514d7e87
04:46:26   src/shared/ov/func_80139BE0__561c5286.h:func_80139BE0 A=DIFFERS B: removed 0 needed 1 compiles 2
04:46:27   src/shared/ov/func_8013CF68__94315c4c.h:func_8013CF68 A=DIFFERS B: removed 0 needed 1 compiles 2
04:46:27   src/shared/ov/func_8013D178__421ba659.h:func_8013D178 A=DIFFERS B: removed 0 needed 1 compiles 2
04:46:28   src/shared/ov/func_8013D53C__93ed5239.h:func_8013D53C A=DIFFERS B: removed 0 needed 2 compiles 3
04:46:29   src/shared/ov/func_8013E5E8__ae7678cf.h:func_8013E5E8 A=DIFFERS B: removed 0 needed 1 compiles 2
04:46:30   src/shared/ov/func_8013EB7C__5c31e6e7.h:func_8013EB7C A=DIFFERS B: removed 0 needed 1 compiles 2
04:46:30   src/shared/ov/func_8013FAF8__d2e6da01.h:func_8013FAF8 A=DIFFERS B: removed 0 needed 1 compiles 2
04:46:32   src/shared/ov/func_80141874__1ec890ca.h:func_80141874 A=DIFFERS B: removed 0 needed 1 compiles 2
04:46:34   src/shared/ov/func_80142EC0__41e70b0a.h:func_80142EC0 A=DIFFERS B: removed 0 needed 2 compiles 3
04:46:34   src/shared/ov/func_8014305C__bee6858a.h:func_8014305C A=DIFFERS B: removed 0 needed 2 compiles 3
04:46:35   src/shared/ov/func_801431E8__46c92f8f.h:func_801431E8 A=DIFFERS B: removed 0 needed 1 compiles 2
04:46:38   src/shared/ov/func_80145934__2d4ffe49.h:func_80145934 A=DIFFERS B: removed 0 needed 1 compiles 2
04:46:39   src/shared/ov/func_80145A2C__77dd1dae.h:func_80145A2C A=DIFFERS B: removed 0 needed 1 compiles 2
04:46:43   src/shared/ov/func_80148E54__52af9a5c.h:func_80148E54 A=DIFFERS B: removed 0 needed 2 compiles 3
04:46:53   src/shared/ov/func_80156044__949f6c5e.h:func_80156044 A=DIFFERS B: removed 0 needed 2 compiles 3
04:46:54   src/shared/ov/func_80157D20__99380536.h:func_80157D20 A=DIFFERS B: removed 0 needed 2 compiles 3
04:46:58   src/shared/ov/func_8015D738__6e729a10.h:func_8015D738 A=DIFFERS B: removed 0 needed 1 compiles 2
04:46:59   src/shared/ov/func_8015FBE0__dd2ea6e8.h:func_8015FBE0 A=DIFFERS B: removed 0 needed 1 compiles 2
04:47:01   src/shared/ov/func_80161E08__c58c620a.h:func_80161E08 A=DIFFERS B: removed 0 needed 3 compiles 4
04:47:05   src/shared/ov/func_801627E8__a1273625.h:func_801627E8 A=DIFFERS B: removed 0 needed 2 compiles 3
04:47:06   src/shared/ov/func_80163EC8__070a59a1.h:func_80163EC8 A=DIFFERS B: removed 0 needed 1 compiles 2
04:47:12   src/shared/ov/func_80166F58__3728db8a.h:func_80166F58 A=DIFFERS B: removed 2 needed 2 compiles 5
04:47:17   src/shared/ov/func_80168828__46111998.h:func_80168828 A=DIFFERS B: removed 0 needed 2 compiles 3
04:47:22   src/shared/ov/func_8016C49C__0db10db0.h:func_8016C49C A=DIFFERS B: removed 0 needed 1 compiles 2
04:47:23   src/shared/ov/func_8016CBC0__96ab648e.h:func_8016CBC0 A=DIFFERS B: removed 0 needed 1 compiles 2
04:47:26   src/shared/ov/func_8016E9EC__286b6760.h:func_8016E9EC A=DIFFERS B: removed 0 needed 1 compiles 2
04:47:27   src/shared/ov/func_80175AB8__b505c89e.h:func_80175AB8 A=DIFFERS B: removed 0 needed 5 compiles 6
04:47:28   src/shared/ov/func_80175DA8__53d6c606.h:func_80175DA8 A=DIFFERS B: removed 0 needed 1 compiles 2
04:47:30   src/shared/ov/func_80178970__467e8747.h:func_80178970 A=DIFFERS B: removed 0 needed 1 compiles 2
04:47:30   src/shared/ov/func_8017A3D8__0aff4a64.h:func_8017A3D8 A=DIFFERS B: removed 0 needed 1 compiles 2
04:47:31   src/shared/ov/func_8017B238__de082e57.h:func_8017B238 A=DIFFERS B: removed 0 needed 2 compiles 3
04:47:31   src/shared/ov/func_8017B614__2d7795bc.h:func_8017B614 A=DIFFERS B: removed 0 needed 3 compiles 4
04:47:32   src/shared/ov/func_8017BEF8__5c7e6c6f.h:func_8017BEF8 A=DIFFERS B: removed 0 needed 2 compiles 3
04:47:33   src/shared/ov/func_8017D5C0__e98d5a37.h:func_8017D5C0 A=DIFFERS B: removed 0 needed 1 compiles 2
04:47:33   src/shared/ov/func_8017E98C__94ae7b9b.h:func_8017E98C A=DIFFERS B: removed 0 needed 1 compiles 2
04:47:38   src/shared/ov/func_80135EB0__t82164aab.h:func_80135EB0 A=DIFFERS B: removed 0 needed 6 compiles 7
04:47:40   src/shared/ov/func_80139BE0__429047be.h:func_80139BE0 A=DIFFERS B: removed 0 needed 1 compiles 2
04:47:41   src/shared/ov/func_8013E5E8__0b4494b1.h:func_8013E5E8 A=DIFFERS B: removed 0 needed 1 compiles 2
04:47:42   src/shared/ov/func_8013EB7C__c502c10e.h:func_8013EB7C A=DIFFERS B: removed 0 needed 1 compiles 2
04:47:42   src/shared/ov/func_8013FAF8__42ccc35f.h:func_8013FAF8 A=DIFFERS B: removed 0 needed 1 compiles 2
04:47:43   src/shared/ov/func_80141874__9e298500.h:func_80141874 A=DIFFERS B: removed 0 needed 1 compiles 2
04:47:45   src/shared/ov/func_80142EC0__dcd4ad7c.h:func_80142EC0 A=DIFFERS B: removed 0 needed 2 compiles 3
04:47:45   src/shared/ov/func_8014305C__8596e332.h:func_8014305C A=DIFFERS B: removed 0 needed 2 compiles 3
04:47:48   src/shared/ov/func_80145934__1b5f376e.h:func_80145934 A=DIFFERS B: removed 0 needed 1 compiles 2
04:47:49   src/shared/ov/func_80145A2C__530ca2ff.h:func_80145A2C A=DIFFERS B: removed 0 needed 1 compiles 2
04:47:54   src/shared/ov/func_80148E54__261f84a2.h:func_80148E54 A=DIFFERS B: removed 0 needed 2 compiles 3
04:48:01   src/shared/ov/func_80156044__8f5b4545.h:func_80156044 A=DIFFERS B: removed 0 needed 2 compiles 3
04:48:02   src/shared/ov/func_80157D20__d073e622.h:func_80157D20 A=DIFFERS B: removed 0 needed 2 compiles 3
04:48:06   src/shared/ov/func_8015D738__d338deef.h:func_8015D738 A=DIFFERS B: removed 0 needed 1 compiles 2
04:48:08   src/shared/ov/func_8015FBE0__7e0b6b06.h:func_8015FBE0 A=DIFFERS B: removed 0 needed 1 compiles 2
04:48:10   src/shared/ov/func_801627E8__9ab572d3.h:func_801627E8 A=DIFFERS B: removed 0 needed 2 compiles 3
04:48:15   src/shared/ov/func_80168828__2169cddc.h:func_80168828 A=DIFFERS B: removed 0 needed 2 compiles 3
04:48:19   src/shared/ov/func_8016E9EC__deecac80.h:func_8016E9EC A=DIFFERS B: removed 0 needed 1 compiles 2
04:48:20   src/shared/ov/func_80175AB8__be2b0245.h:func_80175AB8 A=DIFFERS B: removed 0 needed 5 compiles 6
04:48:21   src/shared/ov/func_80175DA8__3a39c5e4.h:func_80175DA8 A=DIFFERS B: removed 0 needed 1 compiles 2
04:48:25   src/shared/ov/func_8017C180__t67f11bf2.h:func_8017C180 A=DIFFERS B: removed 0 needed 1 compiles 2
04:48:27   src/shared/ov/func_8017C710__e2fbbbec.h:func_8017C710 A=DIFFERS B: removed 0 needed 4 compiles 5
04:48:28   src/shared/ov/func_8017C730__tc0f85567.h:func_8017C730 A=DIFFERS B: removed 0 needed 1 compiles 2
04:48:28   src/shared/ov/func_8017CDF0__922320b0.h:func_8017CDF0 A=DIFFERS B: removed 0 needed 1 compiles 2
04:48:29   src/shared/ov/func_8017CDF4__8ccdd4a3.h:func_8017CDF4 A=DIFFERS B: removed 0 needed 1 compiles 2
04:48:29   src/shared/ov/func_8017D110__8b1b28fc.h:func_8017D110 A=DIFFERS B: removed 0 needed 1 compiles 2
04:48:30   src/shared/ov/func_8017D5F4__014cbc20.h:func_8017D5F4 A=DIFFERS B: removed 0 needed 5 compiles 6
04:48:31   src/shared/ov/func_8017D6AC__703b5fd0.h:func_8017D6AC A=DIFFERS B: removed 0 needed 5 compiles 6
04:48:32   src/shared/ov/func_8017DD74__4e3c1f6c.h:func_8017DD74 A=DIFFERS B: removed 0 needed 1 compiles 2
04:48:34   src/shared/ov/func_8017ED5C__d800c6d0.h:func_8017ED5C A=DIFFERS B: removed 0 needed 2 compiles 3
04:48:35   src/shared/ov/func_80180D38__505c2aa4.h:func_80180D38 A=DIFFERS B: removed 0 needed 1 compiles 2
04:48:35   src/shared/ov/func_80181170__7a7ab4e9.h:func_80181170 A=DIFFERS B: removed 0 needed 1 compiles 2
04:48:36   src/shared/ov/func_80181538__27797037.h:func_80181538 A=DIFFERS B: removed 0 needed 2 compiles 3
04:48:38   src/shared/ov/func_801819F4__77651e74.h:func_801819F4 A=DIFFERS B: removed 1 needed 1 compiles 3
04:48:39   src/shared/ov/func_80181E58__beb530ef.h:func_80181E58 A=DIFFERS B: removed 1 needed 1 compiles 3
04:48:41   src/shared/ov/func_80183604__79e7b5c8.h:func_80183604 A=DIFFERS B: removed 0 needed 1 compiles 2
04:48:43   src/shared/ov/func_80184250__7fb030ab.h:func_80184250 A=DIFFERS B: removed 1 needed 1 compiles 3
04:48:46   src/shared/ov/func_801860E4__93576b99.h:func_801860E4 A=DIFFERS B: removed 0 needed 1 compiles 2
04:48:47   src/shared/ov/func_8018655C__5fb02634.h:func_8018655C A=DIFFERS B: removed 1 needed 2 compiles 4
04:48:48   src/shared/ov/func_80186CE8.h:func_80186CE8 A=DIFFERS B: removed 0 needed 1 compiles 2
04:48:48   src/shared/ov/func_80188028.h:func_80188028 A=DIFFERS B: removed 0 needed 1 compiles 2
04:48:49   src/shared/ov/func_80188134__7cb1faa0.h:func_80188134 A=DIFFERS B: removed 0 needed 1 compiles 2
04:48:50   src/shared/ov/func_80188790.h:func_80188790 A=DIFFERS B: removed 0 needed 2 compiles 3
04:48:51 delever: batch headers2 — 171 files (headers; 171 drawable) · 171 bodies: 37 lever-free, 133 residue, 0 refused · sites removed 199 / needed 332 / refused 0 / deferred 1 · replays 86 (0 disagreed) · compiles 967 in 146 s wall · final 171/171 identical · written 170 files
headers2 wall=148.71 s
exit=0
