delever --plan: 300 of 983 drawable files · 1407 bodies (1197 in multi-copy classes) · 3893 removable sites · 0 deferred asm-bodies
03:55:20 apply tus7: 300 files, control src/ov_SC05_010/ov_SC05_010_jr_8016AB6C.c IDENTICAL (0.25 s), calibration 3e60fdf41, census 22522952c40f4327
03:55:20 apply tus7: phase 1 (exemplar files) 36, phase 2 (copies replay) 264
03:55:21   src/ov_SC01_077/ov_SC01_077_jr_8017AE2C.c:func_8017B238 A=DIFFERS B: removed 0 needed 2 compiles 3
03:55:21   src/ov_SC03_124/ov_SC03_124_jr_8017AE2C.c:func_8017B238 A=DIFFERS B: removed 0 needed 2 compiles 3
03:55:21   src/ov_SC03_030/ov_SC03_030_jr_8017AE2C.c:func_8017B238 A=DIFFERS B: removed 0 needed 2 compiles 3
03:55:21   src/ov_SC04_015/ov_SC04_015_jr_8017AE2C.c:func_8017B238 A=DIFFERS B: removed 0 needed 2 compiles 3
03:55:22   src/ov_SC05_008/ov_SC05_008_jr_8017AE2C.c:func_8017B238 A=DIFFERS B: removed 0 needed 2 compiles 3
03:55:22   src/ov_SC01_080/ov_SC01_080_jr_8017AE2C.c:func_8017B238 A=DIFFERS B: removed 0 needed 2 compiles 3
03:55:22   src/ov_SC02_031/ov_SC02_031_jr_8017AE2C.c:func_8017B238 A=DIFFERS B: removed 0 needed 2 compiles 3
03:55:22   src/ov_SC04_004/ov_SC04_004_jr_8017AE2C.c:func_8017B238 A=DIFFERS B: removed 0 needed 2 compiles 3
03:55:22   src/ov_SC03_001/ov_SC03_001_jr_8017AE2C.c:func_8017B238 A=DIFFERS B: removed 0 needed 2 compiles 3
03:55:22   src/ov_SC06_010/ov_SC06_010_jr_8017A4AC.c:func_8017B238 A=DIFFERS B: removed 0 needed 2 compiles 3
03:55:22   src/ov_SC06_000/ov_SC06_000_jr_8017AE2C.c:func_8017B238 A=DIFFERS B: removed 0 needed 2 compiles 3
03:55:22   src/ov_SC01_077/ov_SC01_077_jr_8017AE2C.c:func_8017B614 A=DIFFERS B: removed 0 needed 3 compiles 4
03:55:22   src/ov_SC03_124/ov_SC03_124_jr_8017AE2C.c:func_8017B614 A=DIFFERS B: removed 0 needed 3 compiles 4
03:55:23   src/ov_SC03_030/ov_SC03_030_jr_8017AE2C.c:func_8017B614 A=DIFFERS B: removed 0 needed 3 compiles 4
03:55:23   src/ov_SC05_008/ov_SC05_008_jr_8017AE2C.c:func_8017B614 A=DIFFERS B: removed 0 needed 3 compiles 4
03:55:23   src/ov_SC04_015/ov_SC04_015_jr_8017AE2C.c:func_8017B614 A=DIFFERS B: removed 0 needed 3 compiles 4
03:55:23   src/ov_SC03_006/ov_SC03_006_jr_8017AE2C.c:func_8017B238 A=DIFFERS B: removed 0 needed 2 compiles 3
03:55:23   src/ov_SC01_080/ov_SC01_080_jr_8017AE2C.c:func_8017B614 A=DIFFERS B: removed 0 needed 3 compiles 4
03:55:23   src/ov_SC04_004/ov_SC04_004_jr_8017AE2C.c:func_8017B614 A=DIFFERS B: removed 0 needed 3 compiles 4
03:55:23   src/ov_SC02_031/ov_SC02_031_jr_8017AE2C.c:func_8017B614 A=DIFFERS B: removed 0 needed 3 compiles 4
03:55:23   src/ov_SC01_077/ov_SC01_077_jr_8017AE2C.c:func_8017E8A4 A=DIFFERS B: removed 0 needed 1 compiles 2
03:55:23   src/ov_SC03_001/ov_SC03_001_jr_8017AE2C.c:func_8017B614 A=DIFFERS B: removed 0 needed 3 compiles 4
03:55:24   src/ov_SC05_008/ov_SC05_008_jr_8017AE2C.c:func_8017D214 A=DIFFERS B: removed 0 needed 1 compiles 2
03:55:24   src/ov_SC06_010/ov_SC06_010_jr_8017A4AC.c:func_8017B614 A=DIFFERS B: removed 0 needed 3 compiles 4
03:55:24   src/ov_SC06_000/ov_SC06_000_jr_8017AE2C.c:func_8017B614 A=DIFFERS B: removed 0 needed 3 compiles 4
03:55:24   src/ov_SC03_124/ov_SC03_124_jr_8017AE2C.c:func_8017BF50 A=DIFFERS B: removed 3 needed 1 compiles 5
03:55:24   src/ov_SC03_030/ov_SC03_030_jr_8017AE2C.c:func_8017ECA8 A=DIFFERS B: removed 1 needed 1 compiles 3
03:55:24   src/ov_SC04_004/ov_SC04_004_jr_8017AE2C.c:func_8017BEBC A=DIFFERS B: removed 0 needed 1 compiles 2
03:55:24   src/ov_SC01_077/ov_SC01_077_jr_8017AE2C.c:func_8017EB2C A=DIFFERS B: removed 2 needed 1 compiles 4
03:55:24   src/ov_SC01_080/ov_SC01_080_jr_8017AE2C.c:func_8017D72C A=DIFFERS B: removed 0 needed 1 compiles 2
03:55:25   src/ov_SC04_015/ov_SC04_015_jr_8017AE2C.c:func_8017BF70 A=DIFFERS B: removed 3 needed 1 compiles 5
03:55:25   src/ov_SC03_030/ov_SC03_030_jr_8017AE2C.c:func_8017EDD4 A=DIFFERS B: removed 0 needed 1 compiles 2
03:55:25   src/ov_SC05_008/ov_SC05_008_jr_8017AE2C.c:func_8017D7B4 A=DIFFERS B: removed 0 needed 3 compiles 4
03:55:25   src/ov_SC02_031/ov_SC02_031_jr_8017AE2C.c:func_8017BF88 A=DIFFERS B: removed 0 needed 3 compiles 4
03:55:25   src/ov_SC03_124/ov_SC03_124_jr_8017AE2C.c:func_8017E5C4 A=DIFFERS B: removed 0 needed 1 compiles 2
03:55:25   src/ov_SC04_015/ov_SC04_015_jr_8017AE2C.c:func_8017C6CC A=DIFFERS B: removed 0 needed 1 compiles 2
03:55:25   src/ov_SC01_080/ov_SC01_080_jr_8017AE2C.c:func_8017DCF8 A=DIFFERS B: removed 1 needed 1 compiles 3
03:55:25   src/ov_SC06_010/ov_SC06_010_jr_8017A4AC.c:func_8017BEBC A=DIFFERS B: removed 0 needed 1 compiles 2
03:55:26   src/ov_SC03_006/ov_SC03_006_jr_8017AE2C.c:func_8017B614 A=DIFFERS B: removed 0 needed 3 compiles 4
03:55:26   src/ov_SC03_001/ov_SC03_001_jr_8017AE2C.c:func_8017BF50 A=DIFFERS B: removed 3 needed 1 compiles 5
03:55:26   src/ov_SC01_077/ov_SC01_077_jr_8017AE2C.c:func_8017EF50 A=DIFFERS B: removed 1 needed 3 compiles 5
03:55:26   src/ov_SC03_124/ov_SC03_124_jr_8017AE2C.c:func_8017EDE8 A=DIFFERS B: removed 0 needed 1 compiles 2
03:55:26   src/ov_SC02_031/ov_SC02_031_jr_8017AE2C.c:func_8017E1D4 A=DIFFERS B: removed 0 needed 1 compiles 2
03:55:26   src/ov_SC04_015/ov_SC04_015_jr_8017AE2C.c:func_8017C730 A=DIFFERS B: removed 0 needed 1 compiles 2
03:55:26   src/ov_SC04_004/ov_SC04_004_jr_8017AE2C.c:func_8017F07C A=DIFFERS B: removed 0 needed 1 compiles 2
03:55:26   src/ov_SC06_000/ov_SC06_000_jr_8017AE2C.c:func_8017D1E0 A=DIFFERS B: removed 0 needed 2 compiles 3
03:55:26   src/ov_SC06_010/ov_SC06_010_jr_8017A4AC.c:func_8017CAD4 A=DIFFERS B: removed 0 needed 1 compiles 2
03:55:27   src/ov_SC03_124/ov_SC03_124_jr_8017AE2C.c:func_8017F63C A=DIFFERS B: removed 0 needed 2 compiles 3
03:55:27   src/ov_SC01_080/ov_SC01_080_jr_8017AE2C.c:func_8017E724 A=DIFFERS B: removed 0 needed 2 compiles 3
03:55:27   src/ov_SC04_015/ov_SC04_015_jr_8017AE2C.c:func_8017DBAC A=DIFFERS B: removed 0 needed 1 compiles 2
03:55:27   src/ov_SC02_031/ov_SC02_031_jr_8017AE2C.c:func_8017E73C A=DIFFERS B: removed 0 needed 2 compiles 3
03:55:27   src/ov_SC03_124/ov_SC03_124_jr_8017AE2C.c:func_8018009C A=COMPILE-ERROR B: removed 0 needed 1 compiles 2
03:55:27   src/ov_SC01_080/ov_SC01_080_jr_8017AE2C.c:func_8017F53C A=DIFFERS B: removed 0 needed 1 compiles 2
03:55:27   src/ov_SC06_000/ov_SC06_000_jr_8017AE2C.c:func_8017D900 A=DIFFERS B: removed 0 needed 2 compiles 3
03:55:28   src/ov_SC03_030/ov_SC03_030_jr_8017AE2C.c:func_8017F5D8 A=DIFFERS B: removed 5 needed 3 compiles 9
03:55:28   src/ov_SC02_031/ov_SC02_031_jr_8017AE2C.c:func_8017ECEC A=DIFFERS B: removed 0 needed 1 compiles 2
03:55:28   src/ov_SC06_010/ov_SC06_010_jr_8017A4AC.c:func_8017DA20 A=DIFFERS B: removed 0 needed 2 compiles 3
03:55:28   src/ov_SC04_004/ov_SC04_004_jr_8017AE2C.c:func_8017FBFC A=DIFFERS B: removed 0 needed 2 compiles 3
03:55:28   src/ov_SC04_015/ov_SC04_015_jr_8017AE2C.c:func_8017E2CC A=DIFFERS B: removed 0 needed 2 compiles 3
03:55:28   src/ov_SC03_124/ov_SC03_124_jr_8017AE2C.c:func_80180D48 A=DIFFERS B: removed 0 needed 1 compiles 2
03:55:28   src/ov_SC01_077/ov_SC01_077_jr_8017AE2C.c:func_8017F114 A=DIFFERS B: removed 4 needed 4 compiles 9
03:55:28   src/ov_SC03_001/ov_SC03_001_jr_8017AE2C.c:func_8017DC50 A=DIFFERS B: removed 2 needed 3 compiles 6
03:55:28   src/ov_SC03_006/ov_SC03_006_jr_8017AE2C.c:func_8017E010 A=DIFFERS B: removed 0 needed 2 compiles 3
03:55:28   src/ov_SC02_031/ov_SC02_031_jr_8017AE2C.c:func_8017EE3C A=DIFFERS B: removed 0 needed 1 compiles 2
03:55:28   src/ov_SC06_000/ov_SC06_000_jr_8017AE2C.c:func_8017E2F8 A=DIFFERS B: removed 0 needed 1 compiles 2
03:55:29   src/ov_SC04_015/ov_SC04_015_jr_8017AE2C.c:func_8017E830 A=DIFFERS B: removed 0 needed 1 compiles 2
03:55:29   src/ov_SC05_008/ov_SC05_008_jr_8017AE2C.c:func_8017E464 A=DIFFERS B: removed 5 needed 6 compiles 12
03:55:29   src/ov_SC03_001/ov_SC03_001_jr_8017AE2C.c:func_8017DCE4 A=DIFFERS B: removed 0 needed 1 compiles 2
03:55:29   src/ov_SC03_124/ov_SC03_124_jr_8017AE2C.c:func_80180E40 A=DIFFERS B: removed 0 needed 2 compiles 3
03:55:29   src/ov_SC02_031/ov_SC02_031_jr_8017AE2C.c:func_8017F5B4 A=DIFFERS B: removed 0 needed 1 compiles 2
03:55:29   src/ov_SC04_015/ov_SC04_015_jr_8017AE2C.c:func_8017EB78 A=DIFFERS B: removed 0 needed 1 compiles 2
03:55:29   src/ov_SC06_010/ov_SC06_010_jr_8017A4AC.c:func_8017DBE4 A=DIFFERS B: removed 1 needed 1 compiles 3
03:55:29   src/ov_SC01_080/ov_SC01_080_jr_8017AE2C.c:func_8017FCFC A=DIFFERS B: removed 3 needed 1 compiles 5
03:55:29   src/ov_SC01_077/ov_SC01_077_jr_8017AE2C.c:func_8017F5BC A=DIFFERS B: removed 2 needed 1 compiles 4
03:55:29   src/ov_SC03_006/ov_SC03_006_jr_8017AE2C.c:func_8017E5C0 A=DIFFERS B: removed 0 needed 1 compiles 2
03:55:29   src/ov_SC04_004/ov_SC04_004_jr_8017AE2C.c:func_80180C74 A=DIFFERS B: removed 0 needed 1 compiles 2
03:55:29   src/ov_SC06_000/ov_SC06_000_jr_8017AE2C.c:func_8017E35C A=DIFFERS B: removed 0 needed 1 compiles 2
03:55:29   src/ov_SC05_008/ov_SC05_008_jr_8017AE2C.c:func_8017E6A4 A=DIFFERS B: removed 0 needed 1 compiles 2
03:55:30   src/ov_SC03_124/ov_SC03_124_jr_8017AE2C.c:func_8018107C A=DIFFERS B: removed 1 needed 1 compiles 3
03:55:30   src/ov_SC02_031/ov_SC02_031_jr_8017AE2C.c:func_801818A4 A=DIFFERS B: removed 0 needed 1 compiles 2
03:55:30   src/ov_SC03_001/ov_SC03_001_jr_8017AE2C.c:func_8017EDB8 A=DIFFERS B: removed 0 needed 1 compiles 2
03:55:30   src/ov_SC04_004/ov_SC04_004_jr_8017AE2C.c:func_80180F74 A=DIFFERS B: removed 0 needed 1 compiles 2
03:55:30   src/ov_SC05_008/ov_SC05_008_jr_8017AE2C.c:func_8017F554 A=DIFFERS B: removed 0 needed 1 compiles 2
03:55:30   src/ov_SC01_077/ov_SC01_077_jr_8017AE2C.c:func_8017FD14 A=DIFFERS B: removed 2 needed 1 compiles 4
03:55:31   src/ov_SC03_124/ov_SC03_124_jr_8017AE2C.c:func_8018130C A=DIFFERS B: removed 1 needed 1 compiles 3
03:55:31   src/ov_SC06_010/ov_SC06_010_jr_8017A4AC.c:func_8017E764 A=DIFFERS B: removed 0 needed 2 compiles 3
03:55:31   src/ov_SC03_006/ov_SC03_006_jr_8017AE2C.c:func_8017E710 A=DIFFERS B: removed 0 needed 1 compiles 2
03:55:31   src/ov_SC01_080/ov_SC01_080_jr_8017AE2C.c:func_8017FFB4 A=DIFFERS B: removed 1 needed 2 compiles 4
03:55:31   src/ov_SC06_000/ov_SC06_000_jr_8017AE2C.c:func_80181AB4 A=DIFFERS B: removed 0 needed 1 compiles 2
03:55:31   src/ov_SC05_008/ov_SC05_008_jr_8017AE2C.c:func_8017F724 A=DIFFERS B: removed 0 needed 1 compiles 2
03:55:31   src/ov_SC03_030/ov_SC03_030_jr_8017AE2C.c:func_8017FB04 A=DIFFERS B: removed 6 needed 4 compiles 11
03:55:31   src/ov_SC02_031/ov_SC02_031_jr_8017AE2C.c:func_80181EF0 A=DIFFERS B: removed 0 needed 2 compiles 3
03:55:31   src/ov_SC03_001/ov_SC03_001_jr_8017AE2C.c:func_8017F1F0 A=DIFFERS B: removed 0 needed 2 compiles 3
03:55:31   src/ov_SC01_077/ov_SC01_077_jr_8017AE2C.c:func_8018047C A=DIFFERS B: removed 1 needed 1 compiles 3
03:55:32   src/ov_SC04_015/ov_SC04_015_jr_8017AE2C.c:func_8017ED28 A=DIFFERS B: removed 3 needed 4 compiles 8
03:55:32   src/ov_SC05_008/ov_SC05_008_jr_8017AE2C.c:func_8017F8F4 A=DIFFERS B: removed 0 needed 1 compiles 2
03:55:32   src/ov_SC04_004/ov_SC04_004_jr_8017AE2C.c:func_80181744 A=DIFFERS B: removed 0 needed 3 compiles 4
03:55:32   src/ov_SC03_124/ov_SC03_124_jr_8017AE2C.c:func_801816C8 A=DIFFERS B: removed 1 needed 2 compiles 4
03:55:32   src/ov_SC03_006/ov_SC03_006_jr_8017AE2C.c:func_8017F2D0 A=DIFFERS B: removed 0 needed 1 compiles 2
03:55:32   src/ov_SC01_077/ov_SC01_077_jr_8017AE2C.c:func_80180590 A=DIFFERS B: removed 0 needed 2 compiles 3
03:55:32   src/ov_SC06_010/ov_SC06_010_jr_8017A4AC.c:func_8017F024 A=DIFFERS B: removed 0 needed 2 compiles 3
03:55:32   src/ov_SC01_080/ov_SC01_080_jr_8017AE2C.c:func_8018045C A=DIFFERS B: removed 0 needed 2 compiles 3
03:55:32   src/ov_SC03_001/ov_SC03_001_jr_8017AE2C.c:func_8017F368 A=DIFFERS B: removed 0 needed 2 compiles 3
03:55:32   src/ov_SC05_008/ov_SC05_008_jr_8017AE2C.c:func_8017FAC4 A=DIFFERS B: removed 0 needed 1 compiles 2
03:55:33   src/ov_SC02_031/ov_SC02_031_jr_8017AE2C.c:func_80182AB4 A=DIFFERS B: removed 1 needed 1 compiles 3
03:55:33   src/ov_SC05_008/ov_SC05_008_jr_8017AE2C.c:func_8017FC94 A=DIFFERS B: removed 0 needed 1 compiles 2
03:55:33   src/ov_SC06_010/ov_SC06_010_jr_8017A4AC.c:func_8017F10C A=DIFFERS B: removed 0 needed 1 compiles 2
03:55:33   src/ov_SC01_077/ov_SC01_077_jr_8017AE2C.c:<file-scope> A=DIFFERS B: removed 1 needed 1 compiles 3
03:55:33   src/ov_SC06_000/ov_SC06_000_jr_8017AE2C.c:func_801823BC A=DIFFERS B: removed 0 needed 2 compiles 3
03:55:33   src/ov_SC01_080/ov_SC01_080_jr_8017AE2C.c:func_80180598 A=DIFFERS B: removed 0 needed 2 compiles 3
03:55:33   src/ov_SC04_015/ov_SC04_015_jr_8017AE2C.c:func_8017EE80 A=DIFFERS B: removed 4 needed 1 compiles 6
03:55:34   src/ov_SC05_008/ov_SC05_008_jr_8017AE2C.c:func_8017FE64 A=DIFFERS B: removed 0 needed 1 compiles 2
03:55:34   src/ov_SC03_007/ov_SC03_007_jr_8017AE2C.c:func_8017B238 A=DIFFERS B: removed 0 needed 2 compiles 3
03:55:34   src/ov_SC02_031/ov_SC02_031_jr_8017AE2C.c:func_801831B4 A=DIFFERS B: removed 0 needed 2 compiles 3
03:55:34   src/ov_SC03_001/ov_SC03_001_jr_8017AE2C.c:func_8017FA18 A=DIFFERS B: removed 1 needed 2 compiles 4
03:55:34   src/ov_SC03_006/ov_SC03_006_jr_8017AE2C.c:func_8017F510 A=DIFFERS B: removed 0 needed 1 compiles 2
03:55:34   src/ov_SC04_015/ov_SC04_015_jr_8017AE2C.c:func_8017F0EC A=DIFFERS B: removed 0 needed 1 compiles 2
03:55:34   src/ov_SC05_008/ov_SC05_008_jr_8017AE2C.c:func_8018000C A=DIFFERS B: removed 0 needed 1 compiles 2
03:55:35   src/ov_SC02_031/ov_SC02_031_jr_8017AE2C.c:func_80183BB0 A=DIFFERS B: removed 0 needed 1 compiles 2
03:55:35   src/ov_SC04_015/ov_SC04_015_jr_8017AE2C.c:func_80180EDC A=DIFFERS B: removed 0 needed 1 compiles 2
03:55:35   src/ov_SC04_004/ov_SC04_004_jr_8017AE2C.c:func_80181D1C A=DIFFERS B: removed 0 needed 5 compiles 6
03:55:35   src/ov_SC06_000/ov_SC06_000_jr_8017AE2C.c:func_80182464 A=DIFFERS B: removed 0 needed 2 compiles 3
03:55:35   src/ov_SC05_008/ov_SC05_008_jr_8017AE2C.c:func_80180164 A=DIFFERS B: removed 0 needed 1 compiles 2
03:55:35   src/ov_SC01_077/ov_SC01_077_after.c:func_80145934 A=DIFFERS B: removed 0 needed 1 compiles 2
03:55:35   src/ov_SC03_030/ov_SC03_030_jr_8017AE2C.c:func_80180054 A=DIFFERS B: removed 2 needed 9 compiles 12
03:55:35   src/ov_SC03_007/ov_SC03_007_jr_8017AE2C.c:func_8017B614 A=DIFFERS B: removed 0 needed 3 compiles 4
03:55:35   src/ov_SC05_008/ov_SC05_008_jr_8017AE2C.c:func_801803B8 A=DIFFERS B: removed 0 needed 1 compiles 2
03:55:35   src/ov_SC02_031/ov_SC02_031_jr_8017AE2C.c:func_80184B94 A=DIFFERS B: removed 0 needed 1 compiles 2
03:55:36   src/ov_SC01_080/ov_SC01_080_jr_8017AE2C.c:func_80180728 A=DIFFERS B: removed 0 needed 5 compiles 6
03:55:36   src/ov_SC06_000/ov_SC06_000_jr_8017AE2C.c:func_80182560 A=DIFFERS B: removed 0 needed 1 compiles 2
03:55:36   src/ov_SC03_030/ov_SC03_030_jr_8017AE2C.c:func_801802BC A=DIFFERS B: removed 1 needed 1 compiles 3
03:55:36   src/ov_SC01_077/ov_SC01_077_after.c:func_80145A2C A=DIFFERS B: removed 0 needed 1 compiles 2
03:55:36   src/ov_SC04_004/ov_SC04_004_jr_8017AE2C.c:func_80181DAC A=DIFFERS B: removed 0 needed 2 compiles 3
03:55:36   src/ov_SC03_006/ov_SC03_006_jr_8017AE2C.c:func_80182080 A=DIFFERS B: removed 0 needed 1 compiles 2
03:55:36   src/ov_SC03_001/ov_SC03_001_jr_8017AE2C.c:func_80180224 A=DIFFERS B: removed 3 needed 1 compiles 5
03:55:36   src/ov_SC05_008/ov_SC05_008_jr_8017AE2C.c:func_80180510 A=DIFFERS B: removed 0 needed 1 compiles 2
03:55:36   src/ov_SC01_080/ov_SC01_080_jr_8017AE2C.c:func_801809E4 A=DIFFERS B: removed 0 needed 1 compiles 2
03:55:37   src/ov_SC02_011/ov_SC02_011_jr_8017AE2C.c:func_8017B238 A=DIFFERS B: removed 0 needed 2 compiles 3
03:55:37   src/ov_SC05_008/ov_SC05_008_jr_8017AE2C.c:func_80180764 A=DIFFERS B: removed 0 needed 1 compiles 2
03:55:37   src/ov_SC03_007/ov_SC03_007_jr_8017AE2C.c:func_8017E83C A=DIFFERS B: removed 0 needed 1 compiles 2
03:55:37   src/ov_SC05_008/ov_SC05_008_jr_8017AE2C.c:func_801808BC A=DIFFERS B: removed 0 needed 1 compiles 2
03:55:38   src/ov_SC04_004/ov_SC04_004_jr_8017AE2C.c:func_80182014 A=DIFFERS B: removed 1 needed 2 compiles 4
03:55:38   src/ov_SC06_010/ov_SC06_010_jr_8017A4AC.c:func_8017F278 A=DIFFERS B: removed 3 needed 5 compiles 9
03:55:38   src/ov_SC03_030/ov_SC03_030_jr_8017AE2C.c:func_801804F4 A=DIFFERS B: removed 3 needed 1 compiles 5
03:55:38   src/ov_SC01_080/ov_SC01_080_jr_8017AE2C.c:func_80180D54 A=DIFFERS B: removed 0 needed 3 compiles 4
03:55:38   src/ov_SC02_011/ov_SC02_011_jr_8017AE2C.c:func_8017B614 A=DIFFERS B: removed 0 needed 3 compiles 4
03:55:38   src/ov_SC06_000/ov_SC06_000_jr_8017AE2C.c:func_80182614 A=DIFFERS B: removed 1 needed 2 compiles 4
03:55:38   src/ov_SC03_118/ov_SC03_118_jr_8017AE2C.c:func_8017B238 A=DIFFERS B: removed 0 needed 2 compiles 3
03:55:38   src/ov_SC05_008/ov_SC05_008_jr_8017AE2C.c:func_80180A14 A=DIFFERS B: removed 0 needed 1 compiles 2
03:55:38   src/ov_SC03_007/ov_SC03_007_jr_8017AE2C.c:func_8017EC90 A=DIFFERS B: removed 0 needed 3 compiles 4
03:55:38   src/ov_SC03_001/ov_SC03_001_jr_8017AE2C.c:func_80182058 A=DIFFERS B: removed 0 needed 1 compiles 2
03:55:39   src/ov_SC05_008/ov_SC05_008_jr_8017AE2C.c:func_80180CDC A=DIFFERS B: removed 0 needed 1 compiles 2
03:55:39   src/ov_SC06_000/ov_SC06_000_jr_8017AE2C.c:func_8018270C A=DIFFERS B: removed 0 needed 1 compiles 2
03:55:39   src/ov_SC01_080/ov_SC01_080_jr_8017AE2C.c:func_801810E4 A=DIFFERS B: removed 0 needed 2 compiles 3
03:55:39   src/ov_SC03_007/ov_SC03_007_jr_8017AE2C.c:func_8017F37C A=DIFFERS B: removed 0 needed 2 compiles 3
03:55:39   src/ov_SC04_004/ov_SC04_004_jr_8017AE2C.c:func_80182B9C A=DIFFERS B: removed 0 needed 3 compiles 4
03:55:39   src/ov_SC05_008/ov_SC05_008_jr_8017AE2C.c:func_80180F84 A=DIFFERS B: removed 0 needed 1 compiles 2
03:55:39   src/ov_SC03_030/ov_SC03_030_jr_8017AE2C.c:func_80180960 A=DIFFERS B: removed 0 needed 3 compiles 4
03:55:39   src/ov_SC02_011/ov_SC02_011_jr_8017AE2C.c:func_8017C360 A=DIFFERS B: removed 0 needed 3 compiles 4
03:55:40   src/ov_SC03_118/ov_SC03_118_jr_8017AE2C.c:func_8017B614 A=DIFFERS B: removed 0 needed 3 compiles 4
03:55:40   src/ov_SC05_008/ov_SC05_008_jr_8017AE2C.c:func_8018122C A=DIFFERS B: removed 0 needed 1 compiles 2
03:55:40   src/ov_SC03_006/ov_SC03_006_jr_8017AE2C.c:func_80182F4C A=DIFFERS B: removed 3 needed 1 compiles 5
03:55:40   src/ov_SC01_077/ov_SC01_077_after.c:func_80148AFC A=DIFFERS B: removed 1 needed 6 compiles 8
03:55:40   src/ov_SC01_080/ov_SC01_080_jr_8017AE2C.c:func_801815D4 A=DIFFERS B: removed 0 needed 2 compiles 3
03:55:40   src/ov_SC06_010/ov_SC06_010_jr_8017A4AC.c:func_8017F438 A=DIFFERS B: removed 0 needed 4 compiles 5
03:55:40   src/ov_SC03_007/ov_SC03_007_jr_8017AE2C.c:func_8017F794 A=DIFFERS B: removed 1 needed 1 compiles 3
03:55:40   src/ov_SC03_001/ov_SC03_001_jr_8017AE2C.c:func_80182F3C A=DIFFERS B: removed 0 needed 4 compiles 5
03:55:40   src/ov_SC02_011/ov_SC02_011_jr_8017AE2C.c:func_8017D710 A=DIFFERS B: removed 0 needed 2 compiles 3
03:55:41   src/ov_SC05_008/ov_SC05_008_jr_8017AE2C.c:func_801814D4 A=DIFFERS B: removed 0 needed 1 compiles 2
03:55:41   src/ov_SC04_004/ov_SC04_004_jr_8017AE2C.c:func_80182ED4 A=DIFFERS B: removed 0 needed 3 compiles 4
03:55:41   src/ov_SC01_080/ov_SC01_080_jr_8017AE2C.c:func_80181854 A=DIFFERS B: removed 0 needed 1 compiles 2
03:55:41   src/ov_SC05_008/ov_SC05_008_jr_8017AE2C.c:func_8018177C A=DIFFERS B: removed 0 needed 1 compiles 2
03:55:41   src/ov_SC03_030/ov_SC03_030_jr_8017AE2C.c:func_80181A60 A=DIFFERS B: removed 0 needed 3 compiles 4
03:55:41   src/ov_SC03_001/ov_SC03_001_jr_8017AE2C.c:func_801834C0 A=DIFFERS B: removed 0 needed 1 compiles 2
03:55:41   src/ov_SC02_011/ov_SC02_011_jr_8017AE2C.c:func_8017DCC0 A=DIFFERS B: removed 0 needed 1 compiles 2
03:55:42   src/ov_SC01_080/ov_SC01_080_jr_8017AE2C.c:func_80181918 A=DIFFERS B: removed 0 needed 1 compiles 2
03:55:42   src/ov_SC03_118/ov_SC03_118_jr_8017AE2C.c:func_8017D1E0 A=DIFFERS B: removed 0 needed 2 compiles 3
03:55:42   src/ov_SC04_004/ov_SC04_004_jr_8017AE2C.c:func_80182FA8 A=DIFFERS B: removed 0 needed 1 compiles 2
03:55:42   src/ov_SC05_008/ov_SC05_008_jr_8017AE2C.c:func_801819D8 A=DIFFERS B: removed 0 needed 1 compiles 2
03:55:42   src/ov_SC03_007/ov_SC03_007_jr_8017AE2C.c:func_8017FD6C A=DIFFERS B: removed 1 needed 3 compiles 5
03:55:42   src/ov_SC02_011/ov_SC02_011_jr_8017AE2C.c:func_8017DE10 A=DIFFERS B: removed 0 needed 1 compiles 2
03:55:42   src/ov_SC03_001/ov_SC03_001_jr_8017AE2C.c:func_801843DC A=DIFFERS B: removed 0 needed 1 compiles 2
03:55:42   src/ov_SC03_006/ov_SC03_006_jr_8017AE2C.c:func_80183A70 A=DIFFERS B: removed 0 needed 1 compiles 2
03:55:43   src/ov_SC05_008/ov_SC05_008_jr_8017AE2C.c:func_80181C38 A=DIFFERS B: removed 0 needed 1 compiles 2
03:55:43   src/ov_SC03_007/ov_SC03_007_jr_8017AE2C.c:func_80180598 A=DIFFERS B: removed 0 needed 1 compiles 2
03:55:43   src/ov_SC03_092/ov_SC03_092_jr_8017AE2C.c:func_8017B238 A=DIFFERS B: removed 0 needed 2 compiles 3
03:55:43   src/ov_SC01_080/ov_SC01_080_jr_8017AE2C.c:func_80181D98 A=DIFFERS B: removed 1 needed 1 compiles 3
03:55:43   src/ov_SC06_010/ov_SC06_010_jr_8017A4AC.c:func_8017F600 A=DIFFERS B: removed 0 needed 4 compiles 5
03:55:43   src/ov_SC01_077/ov_SC01_077_after.c:func_80148D44 A=DIFFERS B: removed 2 needed 2 compiles 5
03:55:43   src/ov_SC03_118/ov_SC03_118_jr_8017AE2C.c:func_8017D900 A=DIFFERS B: removed 0 needed 2 compiles 3
03:55:43   src/ov_SC02_011/ov_SC02_011_jr_8017AE2C.c:func_8017F67C A=DIFFERS B: removed 0 needed 2 compiles 3
03:55:43   src/ov_SC05_008/ov_SC05_008_jr_8017AE2C.c:func_80181DBC A=DIFFERS B: removed 0 needed 1 compiles 2
03:55:43   src/ov_SC06_000/ov_SC06_000_jr_8017AE2C.c:func_801835B0 A=DIFFERS B: removed 0 needed 7 compiles 8
03:55:44   src/ov_SC03_092/ov_SC03_092_jr_8017AE2C.c:func_8017B614 A=DIFFERS B: removed 0 needed 3 compiles 4
03:55:44   src/ov_SC03_023/ov_SC03_023_jr_8017AE2C.c:func_8017B238 A=DIFFERS B: removed 0 needed 2 compiles 3
03:55:44   src/ov_SC05_008/ov_SC05_008_jr_8017AE2C.c:func_80181F40 A=DIFFERS B: removed 0 needed 1 compiles 2
03:55:44   src/ov_SC03_007/ov_SC03_007_jr_8017AE2C.c:func_801806B8 A=DIFFERS B: removed 0 needed 2 compiles 3
03:55:44   src/ov_SC01_080/ov_SC01_080_jr_8017AE2C.c:func_801820AC A=DIFFERS B: removed 0 needed 1 compiles 2
03:55:44   src/ov_SC02_011/ov_SC02_011_jr_8017AE2C.c:func_8017FD9C A=DIFFERS B: removed 0 needed 2 compiles 3
03:55:44   src/ov_SC06_000/ov_SC06_000_jr_8017AE2C.c:func_80183DAC A=DIFFERS B: removed 0 needed 1 compiles 2
03:55:44   src/ov_SC05_008/ov_SC05_008_jr_8017AE2C.c:func_801820C0 A=DIFFERS B: removed 0 needed 1 compiles 2
03:55:44   src/ov_SC01_077/ov_SC01_077_after.c:func_80148E54 A=DIFFERS B: removed 0 needed 2 compiles 3
03:55:45   src/ov_SC03_006/ov_SC03_006_jr_8017AE2C.c:func_80183D18 A=DIFFERS B: removed 1 needed 1 compiles 3
03:55:45   src/ov_SC03_118/ov_SC03_118_jr_8017AE2C.c:func_8017E324 A=DIFFERS B: removed 0 needed 2 compiles 3
03:55:45   src/ov_SC01_080/ov_SC01_080_jr_8017AE2C.c:func_8018230C A=DIFFERS B: removed 0 needed 1 compiles 2
03:55:45   src/ov_SC03_023/ov_SC03_023_jr_8017AE2C.c:func_8017B614 A=DIFFERS B: removed 0 needed 3 compiles 4
03:55:45   src/ov_SC03_007/ov_SC03_007_jr_8017AE2C.c:func_8018178C A=DIFFERS B: removed 1 needed 1 compiles 3
03:55:45   src/ov_SC02_011/ov_SC02_011_jr_8017AE2C.c:func_80180FE4 A=DIFFERS B: removed 0 needed 1 compiles 2
03:55:46   src/ov_SC03_023/ov_SC03_023_jr_8017AE2C.c:func_8017E230 A=DIFFERS B: removed 0 needed 1 compiles 2
03:55:46   src/ov_SC06_010/ov_SC06_010_jr_8017A4AC.c:func_8017FC80 A=DIFFERS B: removed 0 needed 4 compiles 5
03:55:46   src/ov_SC03_118/ov_SC03_118_jr_8017AE2C.c:func_8017E8D4 A=DIFFERS B: removed 0 needed 1 compiles 2
03:55:46   src/ov_SC04_004/ov_SC04_004_jr_8017AE2C.c:func_80183130 A=DIFFERS B: removed 6 needed 2 compiles 9
03:55:46   src/ov_SC03_023/ov_SC03_023_jr_8017AE2C.c:func_8017E614 A=DIFFERS B: removed 0 needed 1 compiles 2
03:55:46   src/ov_SC05_008/ov_SC05_008_jr_8017AE2C.c:func_80182334 A=DIFFERS B: removed 1 needed 3 compiles 5
03:55:46   src/ov_SC03_028/ov_SC03_028_jr_8017AE2C.c:func_8017B238 A=DIFFERS B: removed 0 needed 2 compiles 3
03:55:47   src/ov_SC03_111/ov_SC03_111_jr_8017AE2C.c:func_8017B238 A=DIFFERS B: removed 0 needed 2 compiles 3
03:55:47   src/ov_SC06_010/ov_SC06_010_jr_8017A4AC.c:func_8017FE3C A=DIFFERS B: removed 0 needed 1 compiles 2
03:55:47   src/ov_SC03_118/ov_SC03_118_jr_8017AE2C.c:func_8017EA24 A=DIFFERS B: removed 0 needed 1 compiles 2
03:55:47   src/ov_SC04_004/ov_SC04_004_jr_8017AE2C.c:func_801832A8 A=DIFFERS B: removed 0 needed 1 compiles 2
03:55:47   src/ov_SC03_023/ov_SC03_023_jr_8017AE2C.c:func_8017E834 A=DIFFERS B: removed 1 needed 1 compiles 3
03:55:47   src/ov_SC03_111/ov_SC03_111_jr_8017AE2C.c:func_8017B614 A=DIFFERS B: removed 0 needed 3 compiles 4
03:55:47   src/ov_SC03_028/ov_SC03_028_jr_8017AE2C.c:func_8017B614 A=DIFFERS B: removed 0 needed 3 compiles 4
03:55:48   src/ov_SC03_023/ov_SC03_023_jr_8017AE2C.c:<file-scope> A=DIFFERS B: removed 0 needed 1 compiles 2
03:55:48   src/ov_SC01_077/ov_SC01_077_after.c:func_8014D820 A=DIFFERS B: removed 1 needed 2 compiles 4
03:55:48   src/ov_SC03_092/ov_SC03_092_jr_8017AE2C.c:func_8017CE58 A=DIFFERS B: removed 0 needed 11 compiles 12
03:55:48   src/ov_SC03_118/ov_SC03_118_jr_8017AE2C.c:func_8017F2E0 A=DIFFERS B: removed 0 needed 1 compiles 2
03:55:48   src/ov_SC03_111/ov_SC03_111_jr_8017AE2C.c:func_8017C25C A=DIFFERS B: removed 0 needed 2 compiles 3
03:55:49   src/ov_SC06_000/ov_SC06_000_jr_8017AE2C.c:func_801842CC A=DIFFERS B: removed 1 needed 3 compiles 5
03:55:49   src/ov_SC03_028/ov_SC03_028_jr_8017AE2C.c:func_8017CC70 A=DIFFERS B: removed 0 needed 2 compiles 3
03:55:49   src/ov_SC03_092/ov_SC03_092_jr_8017AE2C.c:func_8017E044 A=DIFFERS B: removed 0 needed 1 compiles 2
03:55:49   src/ov_SC03_111/ov_SC03_111_jr_8017AE2C.c:func_8017C80C A=DIFFERS B: removed 0 needed 1 compiles 2
03:55:49   src/ov_SC03_118/ov_SC03_118_jr_8017AE2C.c:func_8017F9BC A=DIFFERS B: removed 0 needed 1 compiles 2
03:55:49   src/ov_SC03_028/ov_SC03_028_jr_8017AE2C.c:func_8017D220 A=DIFFERS B: removed 0 needed 1 compiles 2
03:55:49   src/ov_SC03_006/ov_SC03_006_jr_8017AE2C.c:func_801846D0 A=DIFFERS B: removed 0 needed 2 compiles 3
03:55:49   src/ov_SC04_012/ov_SC04_012_jr_8017AE2C.c:func_8017B238 A=DIFFERS B: removed 0 needed 2 compiles 3
03:55:49   src/ov_SC04_008/ov_SC04_008_jr_8017AE2C.c:func_8017B238 A=DIFFERS B: removed 0 needed 2 compiles 3
03:55:49   src/ov_SC03_111/ov_SC03_111_jr_8017AE2C.c:func_8017C95C A=DIFFERS B: removed 0 needed 1 compiles 2
03:55:49   src/ov_SC03_092/ov_SC03_092_jr_8017AE2C.c:func_8017E780 A=DIFFERS B: removed 0 needed 1 compiles 2
03:55:49   src/ov_SC04_018/ov_SC04_018_jr_8017AE2C.c:func_8017B238 A=DIFFERS B: removed 0 needed 2 compiles 3
03:55:49   src/ov_SC03_028/ov_SC03_028_jr_8017AE2C.c:func_8017D370 A=DIFFERS B: removed 0 needed 1 compiles 2
03:55:49   src/ov_SC05_008/ov_SC05_008_jr_8017AE2C.c:func_80182560 A=DIFFERS B: removed 5 needed 1 compiles 7
03:55:50   src/ov_SC06_010/ov_SC06_010_jr_8017A4AC.c:func_801805D0 A=DIFFERS B: removed 0 needed 4 compiles 5
03:55:50   src/ov_SC03_111/ov_SC03_111_jr_8017AE2C.c:func_8017D218 A=DIFFERS B: removed 0 needed 1 compiles 2
03:55:50   src/ov_SC03_092/ov_SC03_092_jr_8017AE2C.c:func_8017EE8C A=DIFFERS B: removed 0 needed 1 compiles 2
03:55:50   src/ov_SC04_012/ov_SC04_012_jr_8017AE2C.c:func_8017B614 A=DIFFERS B: removed 0 needed 3 compiles 4
03:55:50   src/ov_SC04_008/ov_SC04_008_jr_8017AE2C.c:func_8017B614 A=DIFFERS B: removed 0 needed 3 compiles 4
03:55:50   src/ov_SC06_000/ov_SC06_000_jr_8017AE2C.c:func_80184398 A=DIFFERS B: removed 1 needed 1 compiles 3
03:55:50   src/ov_SC03_028/ov_SC03_028_jr_8017AE2C.c:func_8017DD34 A=DIFFERS B: removed 0 needed 4 compiles 5
03:55:50   src/ov_SC03_006/ov_SC03_006_jr_8017AE2C.c:func_801849A0 A=DIFFERS B: removed 0 needed 1 compiles 2
03:55:51   src/ov_SC05_017/ov_SC05_017_jr_8017AE2C.c:func_8017B238 A=DIFFERS B: removed 0 needed 2 compiles 3
03:55:51   src/ov_SC06_010/ov_SC06_010_jr_8017A4AC.c:func_80180A88 A=DIFFERS B: removed 1 needed 1 compiles 3
03:55:51   src/ov_SC03_002/ov_SC03_002_jr_8017AE2C.c:func_8017B238 A=DIFFERS B: removed 0 needed 2 compiles 3
03:55:51   src/ov_SC02_015/ov_SC02_015_jr_8017AE2C.c:func_8017B238 A=DIFFERS B: removed 0 needed 2 compiles 3
03:55:51   src/ov_SC04_012/ov_SC04_012_jr_8017AE2C.c:func_8017E060 A=DIFFERS B: removed 1 needed 1 compiles 3
03:55:52   src/ov_SC03_024/ov_SC03_024_jr_8017AE2C.c:func_8017B238 A=DIFFERS B: removed 0 needed 2 compiles 3
03:55:52   src/ov_SC04_008/ov_SC04_008_jr_8017AE2C.c:func_8017DE40 A=DIFFERS B: removed 1 needed 1 compiles 3
03:55:52   src/ov_SC05_017/ov_SC05_017_jr_8017AE2C.c:func_8017B614 A=DIFFERS B: removed 0 needed 3 compiles 4
03:55:52   src/ov_SC06_000/ov_SC06_000_jr_8017AE2C.c:func_801848A4 A=DIFFERS B: removed 0 needed 1 compiles 2
03:55:52   src/ov_SC04_018/ov_SC04_018_jr_8017AE2C.c:func_8017B614 A=DIFFERS B: removed 0 needed 3 compiles 4
03:55:52   src/ov_SC03_002/ov_SC03_002_jr_8017AE2C.c:func_8017B614 A=DIFFERS B: removed 0 needed 3 compiles 4
03:55:53   src/ov_SC01_077/ov_SC01_077_jr_801734BC.c:func_80175AB8 A=DIFFERS B: removed 0 needed 5 compiles 6
03:55:53   src/ov_SC03_014/ov_SC03_014_jr_8017AE2C.c:func_8017B238 A=DIFFERS B: removed 0 needed 2 compiles 3
03:55:53   src/ov_SC03_006/ov_SC03_006_jr_8017AE2C.c:func_80184CE8 A=DIFFERS B: removed 1 needed 2 compiles 4
03:55:53   src/ov_SC02_015/ov_SC02_015_jr_8017AE2C.c:func_8017B614 A=DIFFERS B: removed 0 needed 3 compiles 4
03:55:53   src/ov_SC03_024/ov_SC03_024_jr_8017AE2C.c:func_8017B614 A=DIFFERS B: removed 0 needed 3 compiles 4
03:55:53   src/ov_SC01_077/ov_SC01_077_jr_801734BC.c:func_80175DA8 A=DIFFERS B: removed 0 needed 1 compiles 2
03:55:54   src/ov_SC03_002/ov_SC03_002_jr_8017AE2C.c:func_8017BF88 A=DIFFERS B: removed 0 needed 3 compiles 4
03:55:54   src/ov_SC02_015/ov_SC02_015_jr_8017AE2C.c:func_8017D9E4 A=DIFFERS B: removed 0 needed 1 compiles 2
03:55:54   src/ov_SC06_000/ov_SC06_000_jr_8017AE2C.c:func_80184A68 A=DIFFERS B: removed 1 needed 1 compiles 3
03:55:54   src/ov_SC05_017/ov_SC05_017_jr_8017AE2C.c:func_8017EE10 A=DIFFERS B: removed 0 needed 1 compiles 2
03:55:54   src/ov_SC03_024/ov_SC03_024_jr_8017AE2C.c:func_8017D1E0 A=DIFFERS B: removed 0 needed 2 compiles 3
03:55:55   src/ov_SC05_017/ov_SC05_017_jr_8017AE2C.c:func_8017FB10 A=DIFFERS B: removed 0 needed 1 compiles 2
03:55:55   src/ov_SC03_002/ov_SC03_002_jr_8017AE2C.c:func_8017C234 A=DIFFERS B: removed 3 needed 1 compiles 5
03:55:55   src/ov_SC06_010/ov_SC06_010_jr_8017A4AC.c:func_80181234 A=DIFFERS B: removed 0 needed 4 compiles 5
03:55:55   src/ov_SC02_015/ov_SC02_015_jr_8017AE2C.c:func_8017DB60 A=DIFFERS B: removed 0 needed 3 compiles 4
03:55:55   src/ov_SC03_024/ov_SC03_024_jr_8017AE2C.c:func_8017D900 A=DIFFERS B: removed 0 needed 2 compiles 3
03:55:55   src/ov_SC03_014/ov_SC03_014_jr_8017AE2C.c:func_8017B614 A=DIFFERS B: removed 0 needed 3 compiles 4
03:55:55   src/ov_SC03_116/ov_SC03_116_jr_8017AE2C.c:func_8017B238 A=DIFFERS B: removed 0 needed 2 compiles 3
03:55:55   src/ov_SC02_000/ov_SC02_000_jr_8017AE2C.c:func_8017B238 A=DIFFERS B: removed 0 needed 2 compiles 3
03:55:55   src/ov_SC02_015/ov_SC02_015_jr_8017AE2C.c:func_8017DF44 A=DIFFERS B: removed 0 needed 1 compiles 2
03:55:55   src/ov_SC03_002/ov_SC03_002_jr_8017AE2C.c:func_8017C9BC A=DIFFERS B: removed 0 needed 2 compiles 3
03:55:56   src/ov_SC02_026/ov_SC02_026_jr_8017AE2C.c:func_8017B238 A=DIFFERS B: removed 0 needed 2 compiles 3
03:55:56   src/ov_SC02_004/ov_SC02_004_jr_8017AE2C.c:func_8017B238 A=DIFFERS B: removed 0 needed 2 compiles 3
03:55:56   src/ov_SC04_018/ov_SC04_018_jr_8017AE2C.c:func_8017E230 A=DIFFERS B: removed 0 needed 1 compiles 2
03:55:56   src/ov_SC06_000/ov_SC06_000_jr_8017AE2C.c:func_80185354 A=DIFFERS B: removed 0 needed 1 compiles 2
03:55:56   src/ov_SC02_026/ov_SC02_026_jr_8017AE2C.c:func_8017B614 A=DIFFERS B: removed 0 needed 3 compiles 4
03:55:56   src/ov_SC03_003/ov_SC03_003_jr_8017AE2C.c:func_8017B238 A=DIFFERS B: removed 0 needed 2 compiles 3
03:55:56   src/ov_SC03_012/ov_SC03_012_jr_8017AE2C.c:func_8017B238 A=DIFFERS B: removed 0 needed 2 compiles 3
03:55:57   src/ov_SC03_014/ov_SC03_014_jr_8017AE2C.c:func_8017D1E0 A=DIFFERS B: removed 0 needed 2 compiles 3
03:55:57   src/ov_SC02_004/ov_SC02_004_jr_8017AE2C.c:func_8017B614 A=DIFFERS B: removed 0 needed 3 compiles 4
03:55:57   src/ov_SC02_026/ov_SC02_026_jr_8017AE2C.c:func_8017BF88 A=DIFFERS B: removed 0 needed 3 compiles 4
03:55:57   src/ov_SC02_000/ov_SC02_000_jr_8017AE2C.c:func_8017B614 A=DIFFERS B: removed 0 needed 3 compiles 4
03:55:57   src/ov_SC03_116/ov_SC03_116_jr_8017AE2C.c:func_8017B614 A=DIFFERS B: removed 0 needed 3 compiles 4
03:55:57   src/ov_SC03_003/ov_SC03_003_jr_8017AE2C.c:func_8017B614 A=DIFFERS B: removed 0 needed 3 compiles 4
03:55:57   src/ov_SC03_012/ov_SC03_012_jr_8017AE2C.c:func_8017B614 A=DIFFERS B: removed 0 needed 3 compiles 4
03:55:57   src/ov_SC06_032/ov_SC06_032_jr_8017AE2C.c:func_8017B238 A=DIFFERS B: removed 0 needed 2 compiles 3
03:55:58   src/ov_SC06_000/ov_SC06_000_jr_8017AE2C.c:func_80185520 A=DIFFERS B: removed 0 needed 1 compiles 2
03:55:58   src/ov_SC03_014/ov_SC03_014_jr_8017AE2C.c:func_8017D900 A=DIFFERS B: removed 0 needed 2 compiles 3
03:55:58   src/ov_SC06_032/ov_SC06_032_jr_8017AE2C.c:func_8017B614 A=DIFFERS B: removed 0 needed 3 compiles 4
03:55:58   src/ov_SC03_003/ov_SC03_003_jr_8017AE2C.c:func_8017BEF8 A=DIFFERS B: removed 0 needed 2 compiles 3
03:55:58   src/ov_SC02_004/ov_SC02_004_jr_8017AE2C.c:func_8017DA30 A=DIFFERS B: removed 2 needed 2 compiles 5
03:55:58   src/ov_SC06_010/ov_SC06_010_jr_8017A4AC.c:func_80181408 A=DIFFERS B: removed 3 needed 2 compiles 6
03:55:58   src/ov_SC03_012/ov_SC03_012_jr_8017AE2C.c:func_8017DCB4 A=DIFFERS B: removed 0 needed 2 compiles 3
03:55:58   src/ov_SC04_018/ov_SC04_018_jr_8017AE2C.c:func_801821D4 A=DIFFERS B: removed 0 needed 1 compiles 2
03:55:59   src/ov_SC03_014/ov_SC03_014_jr_8017AE2C.c:func_8017DF84 A=DIFFERS B: removed 0 needed 1 compiles 2
03:55:59   src/ov_SC03_006/ov_SC03_006_jr_8017AE2C.c:func_801856A0 A=DIFFERS B: removed 4 needed 1 compiles 6
03:56:00   src/ov_SC02_000/ov_SC02_000_jr_8017AE2C.c:func_8017D2D4 A=DIFFERS B: removed 0 needed 4 compiles 5
03:56:00   src/ov_SC06_010/ov_SC06_010_jr_8017A4AC.c:func_8018179C A=DIFFERS B: removed 1 needed 2 compiles 4
03:56:00   src/ov_SC03_116/ov_SC03_116_jr_8017AE2C.c:func_8017BF14 A=DIFFERS B: removed 0 needed 4 compiles 5
03:56:00   src/ov_SC01_077/ov_SC01_077_jr_801734BC.c:func_80177B5C A=DIFFERS B: removed 8 needed 15 compiles 24
03:56:00   src/ov_SC04_018/ov_SC04_018_jr_8017AE2C.c:func_801825BC A=DIFFERS B: removed 0 needed 1 compiles 2
03:56:00   src/ov_SC01_077/ov_SC01_077_jr_801734BC.c:func_80178840 A=DIFFERS B: removed 1 needed 1 compiles 3
03:56:01   src/ov_SC01_077/ov_SC01_077_jr_801734BC.c:func_80178970 A=DIFFERS B: removed 0 needed 1 compiles 2
03:56:01   src/ov_SC06_000/ov_SC06_000_jr_8017AE2C.c:func_80186B70 A=DIFFERS B: removed 1 needed 4 compiles 6
03:56:02   src/ov_SC06_010/ov_SC06_010_jr_8017A4AC.c:func_80181AD8 A=DIFFERS B: removed 2 needed 1 compiles 4
03:56:02   src/ov_SC03_006/ov_SC03_006_jr_8017AE2C.c:func_8018594C A=DIFFERS B: removed 1 needed 3 compiles 5
03:56:02   src/ov_SC06_010/ov_SC06_010_jr_8017A4AC.c:func_80181D80 A=DIFFERS B: removed 0 needed 1 compiles 2
03:56:03   src/ov_SC06_000/ov_SC06_000_jr_8017AE2C.c:func_80187314 A=DIFFERS B: removed 0 needed 3 compiles 4
03:56:03   src/ov_SC06_010/ov_SC06_010_jr_8017A4AC.c:func_80181FC4 A=DIFFERS B: removed 0 needed 1 compiles 2
03:56:04   src/ov_SC06_000/ov_SC06_000_jr_8017AE2C.c:func_80187AB8 A=DIFFERS B: removed 0 needed 1 compiles 2
03:56:05   src/ov_SC06_010/ov_SC06_010_jr_8017A4AC.c:func_80182A2C A=DIFFERS B: removed 0 needed 2 compiles 3
03:56:05   src/ov_SC06_000/ov_SC06_000_jr_8017AE2C.c:func_80187B34 A=DIFFERS B: removed 0 needed 2 compiles 3
03:56:06   src/ov_SC06_010/ov_SC06_010_jr_8017A4AC.c:func_80182C70 A=DIFFERS B: removed 1 needed 1 compiles 3
03:56:06   src/ov_SC03_006/ov_SC03_006_jr_8017AE2C.c:func_80185BD4 A=DIFFERS B: removed 3 needed 2 compiles 6
03:56:08   src/ov_SC06_010/ov_SC06_010_jr_8017A4AC.c:func_8018315C A=DIFFERS B: removed 2 needed 1 compiles 4
03:56:09   src/ov_SC06_010/ov_SC06_010_jr_8017A4AC.c:func_80183884 A=DIFFERS B: removed 0 needed 1 compiles 2
03:56:09   src/ov_SC03_006/ov_SC03_006_jr_8017AE2C.c:func_801869CC A=DIFFERS B: removed 0 needed 3 compiles 4
03:56:10   src/ov_SC06_010/ov_SC06_010_jr_8017A4AC.c:func_80183FD4 A=DIFFERS B: removed 1 needed 1 compiles 3
03:56:10   src/ov_SC03_006/ov_SC03_006_jr_8017AE2C.c:func_801877D8 A=DIFFERS B: removed 0 needed 1 compiles 2
03:56:11   src/ov_SC03_006/ov_SC03_006_jr_8017AE2C.c:func_801879C4 A=DIFFERS B: removed 0 needed 1 compiles 2
03:56:11   src/ov_SC06_010/ov_SC06_010_jr_8017A4AC.c:func_801841A4 A=DIFFERS B: removed 1 needed 1 compiles 3
03:56:13   src/ov_SC03_006/ov_SC03_006_jr_8017AE2C.c:func_801890C4 A=DIFFERS B: removed 0 needed 1 compiles 2
03:56:13   src/ov_SC06_010/ov_SC06_010_jr_8017A4AC.c:func_80184394 A=DIFFERS B: removed 2 needed 1 compiles 4
03:56:15   src/ov_SC06_010/ov_SC06_010_jr_8017A4AC.c:func_801848A4 A=DIFFERS B: removed 1 needed 1 compiles 3
03:56:16   src/ov_SC03_006/ov_SC03_006_jr_8017AE2C.c:func_801896EC A=DIFFERS B: removed 0 needed 3 compiles 4
03:56:16   src/ov_SC06_010/ov_SC06_010_jr_8017A4AC.c:func_80184EFC A=DIFFERS B: removed 2 needed 1 compiles 4
03:56:17   src/ov_SC06_010/ov_SC06_010_jr_8017A4AC.c:func_801858F4 A=DIFFERS B: removed 0 needed 1 compiles 2
03:56:18   src/ov_SC03_006/ov_SC03_006_jr_8017AE2C.c:func_80189A84 A=DIFFERS B: removed 0 needed 2 compiles 3
03:56:18   src/ov_SC06_010/ov_SC06_010_jr_8017A4AC.c:func_80185994 A=DIFFERS B: removed 0 needed 1 compiles 2
03:56:20   src/ov_SC06_010/ov_SC06_010_jr_8017A4AC.c:func_80185C04 A=DIFFERS B: removed 1 needed 2 compiles 4
03:56:21   src/ov_SC03_006/ov_SC03_006_jr_8017AE2C.c:func_8018A6F4 A=DIFFERS B: removed 0 needed 1 compiles 2
03:56:21   src/ov_SC06_010/ov_SC06_010_jr_8017A4AC.c:func_80185CD8 A=DIFFERS B: removed 0 needed 1 compiles 2
03:56:22   src/ov_SC06_010/ov_SC06_010_jr_8017A4AC.c:func_80185FC8 A=DIFFERS B: removed 0 needed 1 compiles 2
03:56:22   src/ov_SC03_006/ov_SC03_006_jr_8017AE2C.c:func_8018AF88 A=DIFFERS B: removed 0 needed 1 compiles 2
03:56:26   src/ov_SC05_017/ov_SC05_017_jr_8016AB6C.c:func_8016C49C A=DIFFERS B: removed 0 needed 1 compiles 2
03:56:26   src/ov_SC06_008/ov_SC06_008_jr_8016AB6C.c:func_8016C49C A=DIFFERS B: removed 0 needed 1 compiles 2
03:56:26   src/ov_SC06_014/ov_SC06_014_jr_8016AB6C.c:func_8016C49C A=DIFFERS B: removed 0 needed 1 compiles 2
03:56:26   src/ov_SC05_011/ov_SC05_011_jr_8016AB6C.c:func_8016C49C A=DIFFERS B: removed 0 needed 1 compiles 2
03:56:26   src/ov_SC06_000/ov_SC06_000_jr_8016AB6C.c:func_8016C49C A=DIFFERS B: removed 0 needed 1 compiles 2
03:56:26   src/ov_SC06_013/ov_SC06_013_jr_8016AB6C.c:func_8016C49C A=DIFFERS B: removed 0 needed 1 compiles 2
03:56:26   src/ov_SC06_015/ov_SC06_015_jr_8016AB6C.c:func_8016C49C A=DIFFERS B: removed 0 needed 1 compiles 2
03:56:26   src/ov_SC05_010/ov_SC05_010_jr_8016AB6C.c:func_8016C49C A=DIFFERS B: removed 0 needed 1 compiles 2
03:56:26   src/ov_SC06_010/ov_SC06_010_jr_8016AB6C.c:func_8016C49C A=DIFFERS B: removed 0 needed 1 compiles 2
03:56:26   src/ov_SC06_006/ov_SC06_006_jr_8016AB6C.c:func_8016C49C A=DIFFERS B: removed 0 needed 1 compiles 2
03:56:26   src/ov_SC05_018/ov_SC05_018_jr_8016AB6C.c:func_8016C49C A=DIFFERS B: removed 0 needed 1 compiles 2
03:56:27   src/ov_SC05_017/ov_SC05_017_jr_8016AB6C.c:func_8016CBC0 A=DIFFERS B: removed 0 needed 1 compiles 2
03:56:27   src/ov_SC06_011/ov_SC06_011_jr_8016AB6C.c:func_8016C49C A=DIFFERS B: removed 0 needed 1 compiles 2
03:56:27   src/ov_SC06_014/ov_SC06_014_jr_8016AB6C.c:func_8016CBC0 A=DIFFERS B: removed 0 needed 1 compiles 2
03:56:27   src/ov_SC06_008/ov_SC06_008_jr_8016AB6C.c:func_8016CBC0 A=DIFFERS B: removed 0 needed 1 compiles 2
03:56:27   src/ov_SC06_000/ov_SC06_000_jr_8016AB6C.c:func_8016CBC0 A=DIFFERS B: removed 0 needed 1 compiles 2
03:56:27   src/ov_SC05_011/ov_SC05_011_jr_8016AB6C.c:func_8016CBC0 A=DIFFERS B: removed 0 needed 1 compiles 2
03:56:27   src/ov_SC05_010/ov_SC05_010_jr_8016AB6C.c:func_8016CBC0 A=DIFFERS B: removed 0 needed 1 compiles 2
03:56:27   src/ov_SC06_015/ov_SC06_015_jr_8016AB6C.c:func_8016CBC0 A=DIFFERS B: removed 0 needed 1 compiles 2
03:56:27   src/ov_SC06_010/ov_SC06_010_jr_8016AB6C.c:func_8016CBC0 A=DIFFERS B: removed 0 needed 1 compiles 2
03:56:27   src/ov_SC06_006/ov_SC06_006_jr_8016AB6C.c:func_8016CBC0 A=DIFFERS B: removed 0 needed 1 compiles 2
03:56:27   src/ov_SC06_013/ov_SC06_013_jr_8016AB6C.c:func_8016CBC0 A=DIFFERS B: removed 0 needed 1 compiles 2
03:56:27   src/ov_SC05_018/ov_SC05_018_jr_8016AB6C.c:func_8016CBC0 A=DIFFERS B: removed 0 needed 1 compiles 2
03:56:28   src/ov_SC06_011/ov_SC06_011_jr_8016AB6C.c:func_8016CBC0 A=DIFFERS B: removed 0 needed 1 compiles 2
03:56:28   src/ov_SC06_008/ov_SC06_008_jr_8016AB6C.c:func_8016E9EC A=DIFFERS B: removed 0 needed 1 compiles 2
03:56:28   src/ov_SC05_017/ov_SC05_017_jr_8016AB6C.c:func_8016E9EC A=DIFFERS B: removed 0 needed 1 compiles 2
03:56:28   src/ov_SC06_000/ov_SC06_000_jr_8016AB6C.c:func_8016E9EC A=DIFFERS B: removed 0 needed 1 compiles 2
03:56:28   src/ov_SC05_011/ov_SC05_011_jr_8016AB6C.c:func_8016E9EC A=DIFFERS B: removed 0 needed 1 compiles 2
03:56:28   src/ov_SC06_014/ov_SC06_014_jr_8016AB6C.c:func_8016E9EC A=DIFFERS B: removed 0 needed 1 compiles 2
03:56:28   src/ov_SC06_015/ov_SC06_015_jr_8016AB6C.c:func_8016E9EC A=DIFFERS B: removed 0 needed 1 compiles 2
03:56:28   src/ov_SC06_010/ov_SC06_010_jr_8016AB6C.c:func_8016E9EC A=DIFFERS B: removed 0 needed 1 compiles 2
03:56:28   src/ov_SC05_010/ov_SC05_010_jr_8016AB6C.c:func_8016E9EC A=DIFFERS B: removed 0 needed 1 compiles 2
03:56:29   src/ov_SC06_006/ov_SC06_006_jr_8016AB6C.c:func_8016E9EC A=DIFFERS B: removed 0 needed 1 compiles 2
03:56:29   src/ov_SC05_018/ov_SC05_018_jr_8016AB6C.c:func_8016E9EC A=DIFFERS B: removed 0 needed 1 compiles 2
03:56:29   src/ov_SC06_013/ov_SC06_013_jr_8016AB6C.c:func_8016E9EC A=DIFFERS B: removed 0 needed 1 compiles 2
03:56:29   src/ov_SC06_011/ov_SC06_011_jr_8016AB6C.c:func_8016E9EC A=DIFFERS B: removed 0 needed 1 compiles 2
03:56:31   src/ov_SC06_016/ov_SC06_016_jr_8016AB6C.c:func_8016C49C A=DIFFERS B: removed 0 needed 1 compiles 2
03:56:31   src/ov_SC06_020/ov_SC06_020_jr_8016AB6C.c:func_8016C49C A=DIFFERS B: removed 0 needed 1 compiles 2
03:56:31   src/ov_SC06_025/ov_SC06_025_jr_8016AB6C.c:func_8016C49C A=DIFFERS B: removed 0 needed 1 compiles 2
03:56:31   src/ov_SC06_018/ov_SC06_018_jr_8016AB6C.c:func_8016C49C A=DIFFERS B: removed 0 needed 1 compiles 2
03:56:31   src/ov_SC06_024/ov_SC06_024_jr_8016AB6C.c:func_8016C49C A=DIFFERS B: removed 0 needed 1 compiles 2
03:56:31   src/ov_SC06_022/ov_SC06_022_jr_8016AB6C.c:func_8016C49C A=DIFFERS B: removed 0 needed 1 compiles 2
03:56:31   src/ov_SC06_029/ov_SC06_029_jr_8016AB6C.c:func_8016C49C A=DIFFERS B: removed 0 needed 1 compiles 2
03:56:31   src/ov_SC06_027/ov_SC06_027_jr_8016AB6C.c:func_8016C49C A=DIFFERS B: removed 0 needed 1 compiles 2
03:56:32   src/ov_SC06_030/ov_SC06_030_jr_8016AB6C.c:func_8016C49C A=DIFFERS B: removed 0 needed 1 compiles 2
03:56:32   src/ov_SC06_032/ov_SC06_032_jr_8016AB6C.c:func_8016C49C A=DIFFERS B: removed 0 needed 1 compiles 2
03:56:32   src/ov_SC06_033/ov_SC06_033_jr_8016AB6C.c:func_8016C49C A=DIFFERS B: removed 0 needed 1 compiles 2
03:56:32   src/ov_SC06_016/ov_SC06_016_jr_8016AB6C.c:func_8016CBC0 A=DIFFERS B: removed 0 needed 1 compiles 2
03:56:32   src/ov_SC06_020/ov_SC06_020_jr_8016AB6C.c:func_8016CBC0 A=DIFFERS B: removed 0 needed 1 compiles 2
03:56:32   src/ov_SC07_000/ov_SC07_000_jr_8016AB6C.c:func_8016C49C A=DIFFERS B: removed 0 needed 1 compiles 2
03:56:32   src/ov_SC06_025/ov_SC06_025_jr_8016AB6C.c:func_8016CBC0 A=DIFFERS B: removed 0 needed 1 compiles 2
03:56:32   src/ov_SC06_027/ov_SC06_027_jr_8016AB6C.c:func_8016CBC0 A=DIFFERS B: removed 0 needed 1 compiles 2
03:56:32   src/ov_SC06_024/ov_SC06_024_jr_8016AB6C.c:func_8016CBC0 A=DIFFERS B: removed 0 needed 1 compiles 2
03:56:32   src/ov_SC06_029/ov_SC06_029_jr_8016AB6C.c:func_8016CBC0 A=DIFFERS B: removed 0 needed 1 compiles 2
03:56:32   src/ov_SC06_018/ov_SC06_018_jr_8016AB6C.c:func_8016CBC0 A=DIFFERS B: removed 0 needed 1 compiles 2
03:56:32   src/ov_SC06_022/ov_SC06_022_jr_8016AB6C.c:func_8016CBC0 A=DIFFERS B: removed 0 needed 1 compiles 2
03:56:32   src/ov_SC06_032/ov_SC06_032_jr_8016AB6C.c:func_8016CBC0 A=DIFFERS B: removed 0 needed 1 compiles 2
03:56:32   src/ov_SC06_030/ov_SC06_030_jr_8016AB6C.c:func_8016CBC0 A=DIFFERS B: removed 0 needed 1 compiles 2
03:56:32   src/ov_SC06_033/ov_SC06_033_jr_8016AB6C.c:func_8016CBC0 A=DIFFERS B: removed 0 needed 1 compiles 2
03:56:33   src/ov_SC07_000/ov_SC07_000_jr_8016AB6C.c:func_8016CBC0 A=DIFFERS B: removed 0 needed 1 compiles 2
03:56:33   src/ov_SC06_020/ov_SC06_020_jr_8016AB6C.c:func_8016E9EC A=DIFFERS B: removed 0 needed 1 compiles 2
03:56:33   src/ov_SC06_016/ov_SC06_016_jr_8016AB6C.c:func_8016E9EC A=DIFFERS B: removed 0 needed 1 compiles 2
03:56:33   src/ov_SC06_024/ov_SC06_024_jr_8016AB6C.c:func_8016E9EC A=DIFFERS B: removed 0 needed 1 compiles 2
03:56:33   src/ov_SC06_027/ov_SC06_027_jr_8016AB6C.c:func_8016E9EC A=DIFFERS B: removed 0 needed 1 compiles 2
03:56:33   src/ov_SC06_025/ov_SC06_025_jr_8016AB6C.c:func_8016E9EC A=DIFFERS B: removed 0 needed 1 compiles 2
03:56:33   src/ov_SC06_029/ov_SC06_029_jr_8016AB6C.c:func_8016E9EC A=DIFFERS B: removed 0 needed 1 compiles 2
03:56:33   src/ov_SC06_018/ov_SC06_018_jr_8016AB6C.c:func_8016E9EC A=DIFFERS B: removed 0 needed 1 compiles 2
03:56:33   src/ov_SC06_022/ov_SC06_022_jr_8016AB6C.c:func_8016E9EC A=DIFFERS B: removed 0 needed 1 compiles 2
03:56:34   src/ov_SC06_032/ov_SC06_032_jr_8016AB6C.c:func_8016E9EC A=DIFFERS B: removed 0 needed 1 compiles 2
03:56:34   src/ov_SC06_033/ov_SC06_033_jr_8016AB6C.c:func_8016E9EC A=DIFFERS B: removed 0 needed 1 compiles 2
03:56:34   src/ov_SC06_030/ov_SC06_030_jr_8016AB6C.c:func_8016E9EC A=DIFFERS B: removed 0 needed 1 compiles 2
03:56:34   src/ov_SC07_000/ov_SC07_000_jr_8016AB6C.c:func_8016E9EC A=DIFFERS B: removed 0 needed 1 compiles 2
03:56:35   src/ov_SC03_125/ov_SC03_125_jr_8017AE2C.c:func_8017B238 A=DIFFERS B: removed 0 needed 2 compiles 3
03:56:35   src/ov_SC04_020/ov_SC04_020_jr_8017AE2C.c:func_8017B238 A=DIFFERS B: removed 0 needed 2 compiles 3
03:56:35   src/ov_SC05_018/ov_SC05_018_jr_8017AE2C.c:func_8017B238 A=DIFFERS B: removed 0 needed 2 compiles 3
03:56:35   src/ov_SC02_005/ov_SC02_005_jr_8017AE2C.c:func_8017B238 A=DIFFERS B: removed 0 needed 2 compiles 3
03:56:35   src/ov_SC03_109/ov_SC03_109_jr_8017AE2C.c:func_8017B238 A=DIFFERS B: removed 0 needed 2 compiles 3
03:56:35   src/ov_SC03_105/ov_SC03_105_jr_8017AE2C.c:func_8017B238 A=DIFFERS B: removed 0 needed 2 compiles 3
03:56:35   src/ov_SC02_017/ov_SC02_017_jr_8017AE2C.c:func_8017B238 A=DIFFERS B: removed 0 needed 2 compiles 3
03:56:35   src/ov_SC03_031/ov_SC03_031_jr_8017AE2C.c:func_8017B238 A=DIFFERS B: removed 0 needed 2 compiles 3
03:56:36   src/ov_SC03_125/ov_SC03_125_jr_8017AE2C.c:func_8017B614 A=DIFFERS B: removed 0 needed 3 compiles 4
03:56:36   src/ov_SC04_020/ov_SC04_020_jr_8017AE2C.c:func_8017B614 A=DIFFERS B: removed 0 needed 3 compiles 4
03:56:36   src/ov_SC05_018/ov_SC05_018_jr_8017AE2C.c:func_8017B614 A=DIFFERS B: removed 0 needed 3 compiles 4
03:56:36   src/ov_SC02_005/ov_SC02_005_jr_8017AE2C.c:func_8017B614 A=DIFFERS B: removed 0 needed 3 compiles 4
03:56:36   src/ov_SC03_109/ov_SC03_109_jr_8017AE2C.c:func_8017B614 A=DIFFERS B: removed 0 needed 3 compiles 4
03:56:36   src/ov_SC03_105/ov_SC03_105_jr_8017AE2C.c:func_8017B614 A=DIFFERS B: removed 0 needed 3 compiles 4
03:56:36   src/ov_SC02_017/ov_SC02_017_jr_8017AE2C.c:func_8017B614 A=DIFFERS B: removed 0 needed 3 compiles 4
03:56:36   src/ov_SC07_002/ov_SC07_002_jr_8016AB6C.c:func_8016C49C A=DIFFERS B: removed 0 needed 1 compiles 2
03:56:36   src/ov_SC03_031/ov_SC03_031_jr_8017AE2C.c:func_8017B614 A=DIFFERS B: removed 0 needed 3 compiles 4
03:56:36   src/ov_SC07_009/ov_SC07_009_jr_8016AB6C.c:func_8016C49C A=DIFFERS B: removed 0 needed 1 compiles 2
03:56:36   src/ov_SC03_109/ov_SC03_109_jr_8017AE2C.c:func_8017BF88 A=DIFFERS B: removed 0 needed 3 compiles 4
03:56:36   src/ov_SC04_020/ov_SC04_020_jr_8017AE2C.c:func_8017BF88 A=DIFFERS B: removed 0 needed 3 compiles 4
03:56:36   src/ov_SC03_125/ov_SC03_125_jr_8017AE2C.c:func_8017BF88 A=DIFFERS B: removed 0 needed 3 compiles 4
03:56:36   src/ov_SC07_001/ov_SC07_001_jr_8016AB6C.c:func_8016C49C A=DIFFERS B: removed 0 needed 1 compiles 2
03:56:36   src/ov_SC05_018/ov_SC05_018_jr_8017AE2C.c:func_8017BF88 A=DIFFERS B: removed 0 needed 3 compiles 4
03:56:36   src/ov_SC07_008/ov_SC07_008_jr_8016AB6C.c:func_8016C49C A=DIFFERS B: removed 0 needed 1 compiles 2
03:56:37   src/ov_SC02_005/ov_SC02_005_jr_8017AE2C.c:func_8017CD2C A=DIFFERS B: removed 0 needed 4 compiles 5
03:56:37   src/ov_SC07_002/ov_SC07_002_jr_8016AB6C.c:func_8016CBC0 A=DIFFERS B: removed 0 needed 1 compiles 2
03:56:37   src/ov_SC07_009/ov_SC07_009_jr_8016AB6C.c:func_8016CBC0 A=DIFFERS B: removed 0 needed 1 compiles 2
03:56:37   src/ov_SC04_020/ov_SC04_020_jr_8017AE2C.c:func_8017C9BC A=DIFFERS B: removed 0 needed 2 compiles 3
03:56:37   src/ov_SC05_010/ov_SC05_010_jr_8017AE2C.c:func_8017B238 A=DIFFERS B: removed 0 needed 2 compiles 3
03:56:37   src/ov_SC03_125/ov_SC03_125_jr_8017AE2C.c:func_8017C9BC A=DIFFERS B: removed 0 needed 2 compiles 3
03:56:37   src/ov_SC02_017/ov_SC02_017_jr_8017AE2C.c:func_8017DD3C A=DIFFERS B: removed 0 needed 3 compiles 4
03:56:37   src/ov_SC05_018/ov_SC05_018_jr_8017AE2C.c:func_8017C9BC A=DIFFERS B: removed 0 needed 2 compiles 3
03:56:37   src/ov_SC06_016/ov_SC06_016_jr_8017AE2C.c:func_8017B238 A=DIFFERS B: removed 0 needed 2 compiles 3
03:56:37   src/ov_SC07_001/ov_SC07_001_jr_8016AB6C.c:func_8016CBC0 A=DIFFERS B: removed 0 needed 1 compiles 2
03:56:37   src/ov_SC07_008/ov_SC07_008_jr_8016AB6C.c:func_8016CBC0 A=DIFFERS B: removed 0 needed 1 compiles 2
03:56:38   src/ov_SC03_031/ov_SC03_031_jr_8017AE2C.c:func_8017BF88 A=DIFFERS B: removed 0 needed 3 compiles 4
03:56:38   src/ov_SC05_010/ov_SC05_010_jr_8017AE2C.c:func_8017B614 A=DIFFERS B: removed 0 needed 3 compiles 4
03:56:38   src/ov_SC06_016/ov_SC06_016_jr_8017AE2C.c:func_8017B614 A=DIFFERS B: removed 0 needed 3 compiles 4
03:56:38   src/ov_SC06_029/ov_SC06_029_jr_8017AE2C.c:func_8017B238 A=DIFFERS B: removed 0 needed 2 compiles 3
03:56:38   src/ov_SC06_030/ov_SC06_030_jr_8017AE2C.c:func_8017B238 A=DIFFERS B: removed 0 needed 2 compiles 3
03:56:38   src/ov_SC01_001/ov_SC01_001_jr_8017AE2C.c:func_8017B238 A=DIFFERS B: removed 0 needed 2 compiles 3
03:56:38   src/ov_SC07_002/ov_SC07_002_jr_8017AE2C.c:func_8017B238 A=DIFFERS B: removed 0 needed 2 compiles 3
03:56:38   src/ov_SC01_000/ov_SC01_000_jr_8017AE2C.c:func_8017B238 A=DIFFERS B: removed 0 needed 2 compiles 3
03:56:38   src/ov_SC07_002/ov_SC07_002_jr_8016AB6C.c:func_8016E9EC A=DIFFERS B: removed 0 needed 1 compiles 2
03:56:38   src/ov_SC01_004/ov_SC01_004_jr_8017AE2C.c:func_8017B238 A=DIFFERS B: removed 0 needed 2 compiles 3
03:56:38   src/ov_SC07_009/ov_SC07_009_jr_8016AB6C.c:func_8016E9EC A=DIFFERS B: removed 0 needed 1 compiles 2
03:56:38   src/ov_SC06_029/ov_SC06_029_jr_8017AE2C.c:func_8017B614 A=DIFFERS B: removed 0 needed 3 compiles 4
03:56:39   src/ov_SC06_030/ov_SC06_030_jr_8017AE2C.c:func_8017B614 A=DIFFERS B: removed 0 needed 3 compiles 4
03:56:39   src/ov_SC07_001/ov_SC07_001_jr_8016AB6C.c:func_8016E9EC A=DIFFERS B: removed 0 needed 1 compiles 2
03:56:39   src/ov_SC01_000/ov_SC01_000_jr_8017AE2C.c:func_8017B614 A=DIFFERS B: removed 0 needed 3 compiles 4
03:56:39   src/ov_SC01_001/ov_SC01_001_jr_8017AE2C.c:func_8017B614 A=DIFFERS B: removed 0 needed 3 compiles 4
03:56:39   src/ov_SC07_008/ov_SC07_008_jr_8016AB6C.c:func_8016E9EC A=DIFFERS B: removed 0 needed 1 compiles 2
03:56:39   src/ov_SC07_002/ov_SC07_002_jr_8017AE2C.c:func_8017B614 A=DIFFERS B: removed 0 needed 3 compiles 4
03:56:39   src/ov_SC01_008/ov_SC01_008_jr_8017AE2C.c:func_8017B238 A=DIFFERS B: removed 0 needed 2 compiles 3
03:56:39   src/ov_SC01_004/ov_SC01_004_jr_8017AE2C.c:func_8017B614 A=DIFFERS B: removed 0 needed 3 compiles 4
03:56:40   src/ov_SC01_009/ov_SC01_009_jr_8017AE2C.c:func_8017B238 A=DIFFERS B: removed 0 needed 2 compiles 3
03:56:40   src/ov_SC01_005/ov_SC01_005_jr_8017AE2C.c:func_8017B238 A=DIFFERS B: removed 0 needed 2 compiles 3
03:56:40   src/ov_SC01_074/ov_SC01_074_jr_8017AE2C.c:func_8017B238 A=DIFFERS B: removed 0 needed 2 compiles 3
03:56:40   src/ov_SC01_084/ov_SC01_084_jr_8017AE2C.c:func_8017B238 A=DIFFERS B: removed 0 needed 2 compiles 3
03:56:40   src/ov_SC01_008/ov_SC01_008_jr_8017AE2C.c:func_8017B614 A=DIFFERS B: removed 0 needed 3 compiles 4
03:56:40   src/ov_SC02_021/ov_SC02_021_jr_8017AE2C.c:func_8017B238 A=DIFFERS B: removed 0 needed 2 compiles 3
03:56:40   src/ov_SC02_035/ov_SC02_035_jr_8017AE2C.c:func_8017B238 A=DIFFERS B: removed 0 needed 2 compiles 3
03:56:40   src/ov_SC01_009/ov_SC01_009_jr_8017AE2C.c:func_8017B614 A=DIFFERS B: removed 0 needed 3 compiles 4
03:56:40   src/ov_SC02_016/ov_SC02_016_jr_8017AE2C.c:func_8017B238 A=DIFFERS B: removed 0 needed 2 compiles 3
03:56:40   src/ov_SC02_027/ov_SC02_027_jr_8017AE2C.c:func_8017B238 A=DIFFERS B: removed 0 needed 2 compiles 3
03:56:40   src/ov_SC02_028/ov_SC02_028_jr_8017AE2C.c:func_8017B238 A=DIFFERS B: removed 0 needed 2 compiles 3
03:56:40   src/ov_SC02_039/ov_SC02_039_jr_8017AE2C.c:func_8017B238 A=DIFFERS B: removed 0 needed 2 compiles 3
03:56:40   src/ov_SC02_041/ov_SC02_041_jr_8017AE2C.c:func_8017B238 A=DIFFERS B: removed 0 needed 2 compiles 3
03:56:40   src/ov_SC01_074/ov_SC01_074_jr_8017AE2C.c:func_8017B614 A=DIFFERS B: removed 0 needed 3 compiles 4
03:56:40   src/ov_SC01_084/ov_SC01_084_jr_8017AE2C.c:func_8017B614 A=DIFFERS B: removed 0 needed 3 compiles 4
03:56:41   src/ov_SC02_021/ov_SC02_021_jr_8017AE2C.c:func_8017B614 A=DIFFERS B: removed 0 needed 3 compiles 4
03:56:41   src/ov_SC02_035/ov_SC02_035_jr_8017AE2C.c:func_8017B614 A=DIFFERS B: removed 0 needed 3 compiles 4
03:56:41   src/ov_SC02_028/ov_SC02_028_jr_8017AE2C.c:func_8017B614 A=DIFFERS B: removed 0 needed 3 compiles 4
03:56:41   src/ov_SC02_027/ov_SC02_027_jr_8017AE2C.c:func_8017B614 A=DIFFERS B: removed 0 needed 3 compiles 4
03:56:41   src/ov_SC01_005/ov_SC01_005_jr_8017AE2C.c:func_8017B614 A=DIFFERS B: removed 0 needed 3 compiles 4
03:56:41   src/ov_SC02_039/ov_SC02_039_jr_8017AE2C.c:func_8017B614 A=DIFFERS B: removed 0 needed 3 compiles 4
03:56:41   src/ov_SC02_016/ov_SC02_016_jr_8017AE2C.c:func_8017B614 A=DIFFERS B: removed 0 needed 3 compiles 4
03:56:41   src/ov_SC02_041/ov_SC02_041_jr_8017AE2C.c:func_8017B614 A=DIFFERS B: removed 0 needed 3 compiles 4
03:56:41   src/ov_SC03_010/ov_SC03_010_jr_8017AE2C.c:func_8017B238 A=DIFFERS B: removed 0 needed 2 compiles 3
03:56:41   src/ov_SC03_011/ov_SC03_011_jr_8017AE2C.c:func_8017B238 A=DIFFERS B: removed 0 needed 2 compiles 3
03:56:42   src/ov_SC03_013/ov_SC03_013_jr_8017AE2C.c:func_8017B238 A=DIFFERS B: removed 0 needed 2 compiles 3
03:56:42   src/ov_SC03_089/ov_SC03_089_jr_8017AE2C.c:func_8017B238 A=DIFFERS B: removed 0 needed 2 compiles 3
03:56:42   src/ov_SC03_029/ov_SC03_029_jr_8017AE2C.c:func_8017B238 A=DIFFERS B: removed 0 needed 2 compiles 3
03:56:42   src/ov_SC03_010/ov_SC03_010_jr_8017AE2C.c:func_8017B614 A=DIFFERS B: removed 0 needed 3 compiles 4
03:56:42   src/ov_SC03_011/ov_SC03_011_jr_8017AE2C.c:func_8017B614 A=DIFFERS B: removed 0 needed 3 compiles 4
03:56:42   src/ov_SC03_090/ov_SC03_090_jr_8017AE2C.c:func_8017B238 A=DIFFERS B: removed 0 needed 2 compiles 3
03:56:42   src/ov_SC03_094/ov_SC03_094_jr_8017AE2C.c:func_8017B238 A=DIFFERS B: removed 0 needed 2 compiles 3
03:56:42   src/ov_SC03_096/ov_SC03_096_jr_8017AE2C.c:func_8017B238 A=DIFFERS B: removed 0 needed 2 compiles 3
03:56:42   src/ov_SC03_095/ov_SC03_095_jr_8017AE2C.c:func_8017B238 A=DIFFERS B: removed 0 needed 2 compiles 3
03:56:42   src/ov_SC03_091/ov_SC03_091_jr_8017AE2C.c:func_8017B238 A=DIFFERS B: removed 0 needed 2 compiles 3
03:56:42   src/ov_SC03_013/ov_SC03_013_jr_8017AE2C.c:func_8017B614 A=DIFFERS B: removed 0 needed 3 compiles 4
03:56:42   src/ov_SC03_097/ov_SC03_097_jr_8017AE2C.c:func_8017B238 A=DIFFERS B: removed 0 needed 2 compiles 3
03:56:43   src/ov_SC03_089/ov_SC03_089_jr_8017AE2C.c:func_8017B614 A=DIFFERS B: removed 0 needed 3 compiles 4
03:56:43   src/ov_SC03_093/ov_SC03_093_jr_8017AE2C.c:func_8017B238 A=DIFFERS B: removed 0 needed 2 compiles 3
03:56:43   src/ov_SC03_090/ov_SC03_090_jr_8017AE2C.c:func_8017B614 A=DIFFERS B: removed 0 needed 3 compiles 4
03:56:43   src/ov_SC03_095/ov_SC03_095_jr_8017AE2C.c:func_8017B614 A=DIFFERS B: removed 0 needed 3 compiles 4
03:56:43   src/ov_SC03_029/ov_SC03_029_jr_8017AE2C.c:func_8017B614 A=DIFFERS B: removed 0 needed 3 compiles 4
03:56:43   src/ov_SC03_099/ov_SC03_099_jr_8017AE2C.c:func_8017B238 A=DIFFERS B: removed 0 needed 2 compiles 3
03:56:43   src/ov_SC03_094/ov_SC03_094_jr_8017AE2C.c:func_8017B614 A=DIFFERS B: removed 0 needed 3 compiles 4
03:56:43   src/ov_SC03_096/ov_SC03_096_jr_8017AE2C.c:func_8017B614 A=DIFFERS B: removed 0 needed 3 compiles 4
03:56:43   src/ov_SC03_091/ov_SC03_091_jr_8017AE2C.c:func_8017B614 A=DIFFERS B: removed 0 needed 3 compiles 4
03:56:43   src/ov_SC03_098/ov_SC03_098_jr_8017AE2C.c:func_8017B238 A=DIFFERS B: removed 0 needed 2 compiles 3
03:56:44   src/ov_SC03_097/ov_SC03_097_jr_8017AE2C.c:func_8017B614 A=DIFFERS B: removed 0 needed 3 compiles 4
03:56:44   src/ov_SC03_093/ov_SC03_093_jr_8017AE2C.c:func_8017B614 A=DIFFERS B: removed 0 needed 3 compiles 4
03:56:44   src/ov_SC03_099/ov_SC03_099_jr_8017AE2C.c:func_8017B614 A=DIFFERS B: removed 0 needed 3 compiles 4
03:56:44   src/ov_SC03_102/ov_SC03_102_jr_8017AE2C.c:func_8017B238 A=DIFFERS B: removed 0 needed 2 compiles 3
03:56:44   src/ov_SC03_100/ov_SC03_100_jr_8017AE2C.c:func_8017B238 A=DIFFERS B: removed 0 needed 2 compiles 3
03:56:44   src/ov_SC03_101/ov_SC03_101_jr_8017AE2C.c:func_8017B238 A=DIFFERS B: removed 0 needed 2 compiles 3
03:56:44   src/ov_SC03_108/ov_SC03_108_jr_8017AE2C.c:func_8017B238 A=DIFFERS B: removed 0 needed 2 compiles 3
03:56:44   src/ov_SC03_104/ov_SC03_104_jr_8017AE2C.c:func_8017B238 A=DIFFERS B: removed 0 needed 2 compiles 3
03:56:44   src/ov_SC03_103/ov_SC03_103_jr_8017AE2C.c:func_8017B238 A=DIFFERS B: removed 0 needed 2 compiles 3
03:56:44   src/ov_SC03_112/ov_SC03_112_jr_8017AE2C.c:func_8017B238 A=DIFFERS B: removed 0 needed 2 compiles 3
03:56:45   src/ov_SC03_102/ov_SC03_102_jr_8017AE2C.c:func_8017B614 A=DIFFERS B: removed 0 needed 3 compiles 4
03:56:45   src/ov_SC03_098/ov_SC03_098_jr_8017AE2C.c:func_8017B614 A=DIFFERS B: removed 0 needed 3 compiles 4
03:56:45   src/ov_SC03_101/ov_SC03_101_jr_8017AE2C.c:func_8017B614 A=DIFFERS B: removed 0 needed 3 compiles 4
03:56:45   src/ov_SC03_110/ov_SC03_110_jr_8017AE2C.c:func_8017B238 A=DIFFERS B: removed 0 needed 2 compiles 3
03:56:45   src/ov_SC03_100/ov_SC03_100_jr_8017AE2C.c:func_8017B614 A=DIFFERS B: removed 0 needed 3 compiles 4
03:56:45   src/ov_SC03_113/ov_SC03_113_jr_8017AE2C.c:func_8017B238 A=DIFFERS B: removed 0 needed 2 compiles 3
03:56:45   src/ov_SC03_108/ov_SC03_108_jr_8017AE2C.c:func_8017B614 A=DIFFERS B: removed 0 needed 3 compiles 4
03:56:45   src/ov_SC03_103/ov_SC03_103_jr_8017AE2C.c:func_8017B614 A=DIFFERS B: removed 0 needed 3 compiles 4
03:56:45   src/ov_SC03_104/ov_SC03_104_jr_8017AE2C.c:func_8017B614 A=DIFFERS B: removed 0 needed 3 compiles 4
03:56:45   src/ov_SC03_115/ov_SC03_115_jr_8017AE2C.c:func_8017B238 A=DIFFERS B: removed 0 needed 2 compiles 3
03:56:45   src/ov_SC03_114/ov_SC03_114_jr_8017AE2C.c:func_8017B238 A=DIFFERS B: removed 0 needed 2 compiles 3
03:56:45   src/ov_SC03_112/ov_SC03_112_jr_8017AE2C.c:func_8017B614 A=DIFFERS B: removed 0 needed 3 compiles 4
03:56:46   src/ov_SC03_113/ov_SC03_113_jr_8017AE2C.c:func_8017B614 A=DIFFERS B: removed 0 needed 3 compiles 4
03:56:46   src/ov_SC03_121/ov_SC03_121_jr_8017AE2C.c:func_8017B238 A=DIFFERS B: removed 0 needed 2 compiles 3
03:56:46   src/ov_SC03_110/ov_SC03_110_jr_8017AE2C.c:func_8017B614 A=DIFFERS B: removed 0 needed 3 compiles 4
03:56:46   src/ov_SC04_000/ov_SC04_000_jr_8017AE2C.c:func_8017B238 A=DIFFERS B: removed 0 needed 2 compiles 3
03:56:46   src/ov_SC03_115/ov_SC03_115_jr_8017AE2C.c:func_8017B614 A=DIFFERS B: removed 0 needed 3 compiles 4
03:56:46   src/ov_SC03_117/ov_SC03_117_jr_8017AE2C.c:func_8017B238 A=DIFFERS B: removed 0 needed 2 compiles 3
03:56:46   src/ov_SC03_114/ov_SC03_114_jr_8017AE2C.c:func_8017B614 A=DIFFERS B: removed 0 needed 3 compiles 4
03:56:46   src/ov_SC04_002/ov_SC04_002_jr_8017AE2C.c:func_8017B238 A=DIFFERS B: removed 0 needed 2 compiles 3
03:56:46   src/ov_SC04_006/ov_SC04_006_jr_8017AE2C.c:func_8017B238 A=DIFFERS B: removed 0 needed 2 compiles 3
03:56:46   src/ov_SC04_003/ov_SC04_003_jr_8017AE2C.c:func_8017B238 A=DIFFERS B: removed 0 needed 2 compiles 3
03:56:46   src/ov_SC04_005/ov_SC04_005_jr_8017AE2C.c:func_8017B238 A=DIFFERS B: removed 0 needed 2 compiles 3
03:56:46   src/ov_SC04_007/ov_SC04_007_jr_8017AE2C.c:func_8017B238 A=DIFFERS B: removed 0 needed 2 compiles 3
03:56:46   src/ov_SC03_121/ov_SC03_121_jr_8017AE2C.c:func_8017B614 A=DIFFERS B: removed 0 needed 3 compiles 4
03:56:46   src/ov_SC04_000/ov_SC04_000_jr_8017AE2C.c:func_8017B614 A=DIFFERS B: removed 0 needed 3 compiles 4
03:56:46   src/ov_SC03_117/ov_SC03_117_jr_8017AE2C.c:func_8017B614 A=DIFFERS B: removed 0 needed 3 compiles 4
03:56:47   src/ov_SC04_009/ov_SC04_009_jr_8017AE2C.c:func_8017B238 A=DIFFERS B: removed 0 needed 2 compiles 3
03:56:47   src/ov_SC04_002/ov_SC04_002_jr_8017AE2C.c:func_8017B614 A=DIFFERS B: removed 0 needed 3 compiles 4
03:56:47   src/ov_SC04_005/ov_SC04_005_jr_8017AE2C.c:func_8017B614 A=DIFFERS B: removed 0 needed 3 compiles 4
03:56:47   src/ov_SC04_010/ov_SC04_010_jr_8017AE2C.c:func_8017B238 A=DIFFERS B: removed 0 needed 2 compiles 3
03:56:47   src/ov_SC04_016/ov_SC04_016_jr_8017AE2C.c:func_8017B238 A=DIFFERS B: removed 0 needed 2 compiles 3
03:56:47   src/ov_SC04_006/ov_SC04_006_jr_8017AE2C.c:func_8017B614 A=DIFFERS B: removed 0 needed 3 compiles 4
03:56:47   src/ov_SC04_007/ov_SC04_007_jr_8017AE2C.c:func_8017B614 A=DIFFERS B: removed 0 needed 3 compiles 4
03:56:47   src/ov_SC05_000/ov_SC05_000_jr_8017AE2C.c:func_8017B238 A=DIFFERS B: removed 0 needed 2 compiles 3
03:56:47   src/ov_SC04_003/ov_SC04_003_jr_8017AE2C.c:func_8017B614 A=DIFFERS B: removed 0 needed 3 compiles 4
03:56:47   src/ov_SC05_002/ov_SC05_002_jr_8017AE2C.c:func_8017B238 A=DIFFERS B: removed 0 needed 2 compiles 3
03:56:47   src/ov_SC04_010/ov_SC04_010_jr_8017AE2C.c:func_8017B614 A=DIFFERS B: removed 0 needed 3 compiles 4
03:56:47   src/ov_SC05_001/ov_SC05_001_jr_8017AE2C.c:func_8017B238 A=DIFFERS B: removed 0 needed 2 compiles 3
03:56:47   src/ov_SC04_009/ov_SC04_009_jr_8017AE2C.c:func_8017B614 A=DIFFERS B: removed 0 needed 3 compiles 4
03:56:48   src/ov_SC04_016/ov_SC04_016_jr_8017AE2C.c:func_8017B614 A=DIFFERS B: removed 0 needed 3 compiles 4
03:56:48   src/ov_SC05_003/ov_SC05_003_jr_8017AE2C.c:func_8017B238 A=DIFFERS B: removed 0 needed 2 compiles 3
03:56:48   src/ov_SC05_002/ov_SC05_002_jr_8017AE2C.c:func_8017B614 A=DIFFERS B: removed 0 needed 3 compiles 4
03:56:48   src/ov_SC05_004/ov_SC05_004_jr_8017AE2C.c:func_8017B238 A=DIFFERS B: removed 0 needed 2 compiles 3
03:56:48   src/ov_SC05_000/ov_SC05_000_jr_8017AE2C.c:func_8017B614 A=DIFFERS B: removed 0 needed 3 compiles 4
03:56:48   src/ov_SC05_006/ov_SC05_006_jr_8017AE2C.c:func_8017B238 A=DIFFERS B: removed 0 needed 2 compiles 3
03:56:48   src/ov_SC05_007/ov_SC05_007_jr_8017AE2C.c:func_8017B238 A=DIFFERS B: removed 0 needed 2 compiles 3
03:56:48   src/ov_SC05_001/ov_SC05_001_jr_8017AE2C.c:func_8017B614 A=DIFFERS B: removed 0 needed 3 compiles 4
03:56:48   src/ov_SC05_009/ov_SC05_009_jr_8017AE2C.c:func_8017B238 A=DIFFERS B: removed 0 needed 2 compiles 3
03:56:48   src/ov_SC05_003/ov_SC05_003_jr_8017AE2C.c:func_8017B614 A=DIFFERS B: removed 0 needed 3 compiles 4
03:56:48   src/ov_SC05_005/ov_SC05_005_jr_8017AE2C.c:func_8017B238 A=DIFFERS B: removed 0 needed 2 compiles 3
03:56:48   src/ov_SC05_011/ov_SC05_011_jr_8017AE2C.c:func_8017B238 A=DIFFERS B: removed 0 needed 2 compiles 3
03:56:48   src/ov_SC06_006/ov_SC06_006_jr_8017AE2C.c:func_8017B238 A=DIFFERS B: removed 0 needed 2 compiles 3
03:56:49   src/ov_SC05_004/ov_SC05_004_jr_8017AE2C.c:func_8017B614 A=DIFFERS B: removed 0 needed 3 compiles 4
03:56:49   src/ov_SC05_007/ov_SC05_007_jr_8017AE2C.c:func_8017B614 A=DIFFERS B: removed 0 needed 3 compiles 4
03:56:49   src/ov_SC05_006/ov_SC05_006_jr_8017AE2C.c:func_8017B614 A=DIFFERS B: removed 0 needed 3 compiles 4
03:56:49   src/ov_SC06_008/ov_SC06_008_jr_8017AE2C.c:func_8017B238 A=DIFFERS B: removed 0 needed 2 compiles 3
03:56:49   src/ov_SC05_009/ov_SC05_009_jr_8017AE2C.c:func_8017B614 A=DIFFERS B: removed 0 needed 3 compiles 4
03:56:49   src/ov_SC06_013/ov_SC06_013_jr_8017AE2C.c:func_8017B238 A=DIFFERS B: removed 0 needed 2 compiles 3
03:56:49   src/ov_SC05_011/ov_SC05_011_jr_8017AE2C.c:func_8017B614 A=DIFFERS B: removed 0 needed 3 compiles 4
03:56:49   src/ov_SC06_011/ov_SC06_011_jr_8017AE2C.c:func_8017B238 A=DIFFERS B: removed 0 needed 2 compiles 3
03:56:49   src/ov_SC05_005/ov_SC05_005_jr_8017AE2C.c:func_8017B614 A=DIFFERS B: removed 0 needed 3 compiles 4
03:56:49   src/ov_SC06_006/ov_SC06_006_jr_8017AE2C.c:func_8017B614 A=DIFFERS B: removed 0 needed 3 compiles 4
03:56:49   src/ov_SC06_015/ov_SC06_015_jr_8017AE2C.c:func_8017B238 A=DIFFERS B: removed 0 needed 2 compiles 3
03:56:49   src/ov_SC06_014/ov_SC06_014_jr_8017AE2C.c:func_8017B238 A=DIFFERS B: removed 0 needed 2 compiles 3
03:56:49   src/ov_SC06_008/ov_SC06_008_jr_8017AE2C.c:func_8017B614 A=DIFFERS B: removed 0 needed 3 compiles 4
03:56:50   src/ov_SC06_013/ov_SC06_013_jr_8017AE2C.c:func_8017B614 A=DIFFERS B: removed 0 needed 3 compiles 4
03:56:50   src/ov_SC06_018/ov_SC06_018_jr_8017AE2C.c:func_8017B238 A=DIFFERS B: removed 0 needed 2 compiles 3
03:56:50   src/ov_SC06_011/ov_SC06_011_jr_8017AE2C.c:func_8017B614 A=DIFFERS B: removed 0 needed 3 compiles 4
03:56:50   src/ov_SC06_022/ov_SC06_022_jr_8017AE2C.c:func_8017B238 A=DIFFERS B: removed 0 needed 2 compiles 3
03:56:50   src/ov_SC06_020/ov_SC06_020_jr_8017AE2C.c:func_8017B238 A=DIFFERS B: removed 0 needed 2 compiles 3
03:56:50   src/ov_SC06_024/ov_SC06_024_jr_8017AE2C.c:func_8017B238 A=DIFFERS B: removed 0 needed 2 compiles 3
03:56:50   src/ov_SC06_025/ov_SC06_025_jr_8017AE2C.c:func_8017B238 A=DIFFERS B: removed 0 needed 2 compiles 3
03:56:50   src/ov_SC06_015/ov_SC06_015_jr_8017AE2C.c:func_8017B614 A=DIFFERS B: removed 0 needed 3 compiles 4
03:56:50   src/ov_SC06_014/ov_SC06_014_jr_8017AE2C.c:func_8017B614 A=DIFFERS B: removed 0 needed 3 compiles 4
03:56:50   src/ov_SC06_027/ov_SC06_027_jr_8017AE2C.c:func_8017B238 A=DIFFERS B: removed 0 needed 2 compiles 3
03:56:50   src/ov_SC06_022/ov_SC06_022_jr_8017AE2C.c:func_8017B614 A=DIFFERS B: removed 0 needed 3 compiles 4
03:56:50   src/ov_SC07_000/ov_SC07_000_jr_8017AE2C.c:func_8017B238 A=DIFFERS B: removed 0 needed 2 compiles 3
03:56:50   src/ov_SC06_018/ov_SC06_018_jr_8017AE2C.c:func_8017B614 A=DIFFERS B: removed 0 needed 3 compiles 4
03:56:51   src/ov_SC06_033/ov_SC06_033_jr_8017AE2C.c:func_8017B238 A=DIFFERS B: removed 0 needed 2 compiles 3
03:56:51   src/ov_SC07_001/ov_SC07_001_jr_8017AE2C.c:func_8017B238 A=DIFFERS B: removed 0 needed 2 compiles 3
03:56:51   src/ov_SC06_024/ov_SC06_024_jr_8017AE2C.c:func_8017B614 A=DIFFERS B: removed 0 needed 3 compiles 4
03:56:51   src/ov_SC06_025/ov_SC06_025_jr_8017AE2C.c:func_8017B614 A=DIFFERS B: removed 0 needed 3 compiles 4
03:56:51   src/ov_SC06_020/ov_SC06_020_jr_8017AE2C.c:func_8017B614 A=DIFFERS B: removed 0 needed 3 compiles 4
03:56:51   src/ov_SC06_027/ov_SC06_027_jr_8017AE2C.c:func_8017B614 A=DIFFERS B: removed 0 needed 3 compiles 4
03:56:51   src/ov_SC07_008/ov_SC07_008_jr_8017AE2C.c:func_8017B238 A=DIFFERS B: removed 0 needed 2 compiles 3
03:56:51   src/ov_SC01_000/ov_SC01_000.c:func_801287B8 A=DIFFERS B: removed 0 needed 1 compiles 2
03:56:51   src/ov_SC07_000/ov_SC07_000_jr_8017AE2C.c:func_8017B614 A=DIFFERS B: removed 0 needed 3 compiles 4
03:56:51   src/ov_SC06_033/ov_SC06_033_jr_8017AE2C.c:func_8017B614 A=DIFFERS B: removed 0 needed 3 compiles 4
03:56:51   src/ov_SC07_009/ov_SC07_009_jr_8017AE2C.c:func_8017B238 A=DIFFERS B: removed 0 needed 2 compiles 3
03:56:51   src/ov_SC01_001/ov_SC01_001.c:func_801287B8 A=DIFFERS B: removed 0 needed 1 compiles 2
03:56:51   src/ov_SC01_004/ov_SC01_004.c:func_801287B8 A=DIFFERS B: removed 0 needed 1 compiles 2
03:56:52   src/ov_SC07_001/ov_SC07_001_jr_8017AE2C.c:func_8017B614 A=DIFFERS B: removed 0 needed 3 compiles 4
03:56:52   src/ov_SC01_008/ov_SC01_008.c:func_801287B8 A=DIFFERS B: removed 0 needed 1 compiles 2
03:56:52   src/ov_SC01_009/ov_SC01_009.c:func_801287B8 A=DIFFERS B: removed 0 needed 1 compiles 2
03:56:52   src/ov_SC01_074/ov_SC01_074.c:func_801287B8 A=DIFFERS B: removed 0 needed 1 compiles 2
03:56:52   src/ov_SC07_008/ov_SC07_008_jr_8017AE2C.c:func_8017B614 A=DIFFERS B: removed 0 needed 3 compiles 4
03:56:52   src/ov_SC01_077/ov_SC01_077_a.c:func_801287B8 A=DIFFERS B: removed 0 needed 1 compiles 2
03:56:52   src/ov_SC01_005/ov_SC01_005.c:func_801287B8 A=DIFFERS B: removed 0 needed 1 compiles 2
03:56:52   src/ov_SC01_080/ov_SC01_080.c:func_801287B8 A=DIFFERS B: removed 0 needed 1 compiles 2
03:56:52   src/ov_SC01_084/ov_SC01_084.c:func_801287B8 A=DIFFERS B: removed 0 needed 1 compiles 2
03:56:52   src/ov_SC07_009/ov_SC07_009_jr_8017AE2C.c:func_8017B614 A=DIFFERS B: removed 0 needed 3 compiles 4
03:56:52   src/ov_SC02_005/ov_SC02_005.c:func_801287B8 A=DIFFERS B: removed 0 needed 1 compiles 2
03:56:52   src/ov_SC02_004/ov_SC02_004.c:func_801287B8 A=DIFFERS B: removed 0 needed 1 compiles 2
03:56:53   src/ov_SC02_015/ov_SC02_015.c:func_801287B8 A=DIFFERS B: removed 0 needed 1 compiles 2
03:56:53   src/ov_SC02_011/ov_SC02_011.c:func_801287B8 A=DIFFERS B: removed 0 needed 1 compiles 2
03:56:53   src/ov_SC02_021/ov_SC02_021.c:func_801287B8 A=DIFFERS B: removed 0 needed 1 compiles 2
03:56:53   src/ov_SC02_016/ov_SC02_016.c:func_801287B8 A=DIFFERS B: removed 0 needed 1 compiles 2
03:56:53   src/ov_SC02_000/ov_SC02_000.c:func_801287B8 A=DIFFERS B: removed 0 needed 1 compiles 2
03:56:53   src/ov_SC02_026/ov_SC02_026.c:func_801287B8 A=DIFFERS B: removed 0 needed 1 compiles 2
03:56:53   src/ov_SC02_017/ov_SC02_017.c:func_801287B8 A=DIFFERS B: removed 0 needed 1 compiles 2
03:56:53   src/ov_SC02_027/ov_SC02_027.c:func_801287B8 A=DIFFERS B: removed 0 needed 1 compiles 2
03:56:53   src/ov_SC02_031/ov_SC02_031.c:func_801287B8 A=DIFFERS B: removed 0 needed 1 compiles 2
03:56:53   src/ov_SC02_028/ov_SC02_028.c:func_801287B8 A=DIFFERS B: removed 0 needed 1 compiles 2
03:56:53   src/ov_SC02_035/ov_SC02_035.c:func_801287B8 A=DIFFERS B: removed 0 needed 1 compiles 2
03:56:53   src/ov_SC02_039/ov_SC02_039.c:func_801287B8 A=DIFFERS B: removed 0 needed 1 compiles 2
03:56:53   src/ov_SC02_041/ov_SC02_041.c:func_801287B8 A=DIFFERS B: removed 0 needed 1 compiles 2
03:56:53   src/ov_SC03_002/ov_SC03_002.c:func_801287B8 A=DIFFERS B: removed 0 needed 1 compiles 2
03:56:53   src/ov_SC03_001/ov_SC03_001.c:func_801287B8 A=DIFFERS B: removed 0 needed 1 compiles 2
03:56:53   src/ov_SC03_003/ov_SC03_003.c:func_801287B8 A=DIFFERS B: removed 0 needed 1 compiles 2
03:56:54   src/ov_SC03_006/ov_SC03_006.c:func_801287B8 A=DIFFERS B: removed 0 needed 1 compiles 2
03:56:54   src/ov_SC03_007/ov_SC03_007.c:func_801287B8 A=DIFFERS B: removed 0 needed 1 compiles 2
03:56:54   src/ov_SC03_010/ov_SC03_010.c:func_801287B8 A=DIFFERS B: removed 0 needed 1 compiles 2
03:56:54   src/ov_SC03_011/ov_SC03_011.c:func_801287B8 A=DIFFERS B: removed 0 needed 1 compiles 2
03:56:54   src/ov_SC03_012/ov_SC03_012.c:func_801287B8 A=DIFFERS B: removed 0 needed 1 compiles 2
03:56:54   src/ov_SC03_023/ov_SC03_023.c:func_801287B8 A=DIFFERS B: removed 0 needed 1 compiles 2
03:56:54   src/ov_SC03_013/ov_SC03_013.c:func_801287B8 A=DIFFERS B: removed 0 needed 1 compiles 2
03:56:54   src/ov_SC03_024/ov_SC03_024.c:func_801287B8 A=DIFFERS B: removed 0 needed 1 compiles 2
03:56:54   src/ov_SC03_028/ov_SC03_028.c:func_801287B8 A=DIFFERS B: removed 0 needed 1 compiles 2
03:56:54   src/ov_SC03_029/ov_SC03_029.c:func_801287B8 A=DIFFERS B: removed 0 needed 1 compiles 2
03:56:54   src/ov_SC03_030/ov_SC03_030.c:func_801287B8 A=DIFFERS B: removed 0 needed 1 compiles 2
03:56:54   src/ov_SC03_089/ov_SC03_089.c:func_801287B8 A=DIFFERS B: removed 0 needed 1 compiles 2
03:56:54   src/ov_SC03_031/ov_SC03_031.c:func_801287B8 A=DIFFERS B: removed 0 needed 1 compiles 2
03:56:54   src/ov_SC03_014/ov_SC03_014.c:func_801287B8 A=DIFFERS B: removed 0 needed 1 compiles 2
03:56:54   src/ov_SC03_090/ov_SC03_090.c:func_801287B8 A=DIFFERS B: removed 0 needed 1 compiles 2
03:56:55   src/ov_SC03_091/ov_SC03_091.c:func_801287B8 A=DIFFERS B: removed 0 needed 1 compiles 2
03:56:55   src/ov_SC03_094/ov_SC03_094.c:func_801287B8 A=DIFFERS B: removed 0 needed 1 compiles 2
03:56:55   src/ov_SC03_092/ov_SC03_092.c:func_801287B8 A=DIFFERS B: removed 0 needed 1 compiles 2
03:56:55   src/ov_SC03_093/ov_SC03_093.c:func_801287B8 A=DIFFERS B: removed 0 needed 1 compiles 2
03:56:55   src/ov_SC03_096/ov_SC03_096.c:func_801287B8 A=DIFFERS B: removed 0 needed 1 compiles 2
03:56:55   src/ov_SC03_097/ov_SC03_097.c:func_801287B8 A=DIFFERS B: removed 0 needed 1 compiles 2
03:56:55   src/ov_SC03_095/ov_SC03_095.c:func_801287B8 A=DIFFERS B: removed 0 needed 1 compiles 2
03:56:55   src/ov_SC03_098/ov_SC03_098.c:func_801287B8 A=DIFFERS B: removed 0 needed 1 compiles 2
03:56:55   src/ov_SC03_099/ov_SC03_099.c:func_801287B8 A=DIFFERS B: removed 0 needed 1 compiles 2
03:56:55   src/ov_SC03_100/ov_SC03_100.c:func_801287B8 A=DIFFERS B: removed 0 needed 1 compiles 2
03:56:55   src/ov_SC03_101/ov_SC03_101.c:func_801287B8 A=DIFFERS B: removed 0 needed 1 compiles 2
03:56:55   src/ov_SC03_102/ov_SC03_102.c:func_801287B8 A=DIFFERS B: removed 0 needed 1 compiles 2
03:56:55   src/ov_SC03_103/ov_SC03_103.c:func_801287B8 A=DIFFERS B: removed 0 needed 1 compiles 2
03:56:55   src/ov_SC03_104/ov_SC03_104.c:func_801287B8 A=DIFFERS B: removed 0 needed 1 compiles 2
03:56:55   src/ov_SC03_105/ov_SC03_105.c:func_801287B8 A=DIFFERS B: removed 0 needed 1 compiles 2
03:56:55   src/ov_SC03_108/ov_SC03_108.c:func_801287B8 A=DIFFERS B: removed 0 needed 1 compiles 2
03:56:55   src/ov_SC03_109/ov_SC03_109.c:func_801287B8 A=DIFFERS B: removed 0 needed 1 compiles 2
03:56:56   src/ov_SC03_110/ov_SC03_110.c:func_801287B8 A=DIFFERS B: removed 0 needed 1 compiles 2
03:56:56   src/ov_SC03_112/ov_SC03_112.c:func_801287B8 A=DIFFERS B: removed 0 needed 1 compiles 2
03:56:56   src/ov_SC03_111/ov_SC03_111.c:func_801287B8 A=DIFFERS B: removed 0 needed 1 compiles 2
03:56:56   src/ov_SC03_113/ov_SC03_113.c:func_801287B8 A=DIFFERS B: removed 0 needed 1 compiles 2
03:56:56   src/ov_SC03_114/ov_SC03_114.c:func_801287B8 A=DIFFERS B: removed 0 needed 1 compiles 2
03:56:56   src/ov_SC03_116/ov_SC03_116.c:func_801287B8 A=DIFFERS B: removed 0 needed 1 compiles 2
03:56:56   src/ov_SC03_115/ov_SC03_115.c:func_801287B8 A=DIFFERS B: removed 0 needed 1 compiles 2
03:56:56   src/ov_SC03_117/ov_SC03_117.c:func_801287B8 A=DIFFERS B: removed 0 needed 1 compiles 2
03:56:56   src/ov_SC03_121/ov_SC03_121.c:func_801287B8 A=DIFFERS B: removed 0 needed 1 compiles 2
03:56:56   src/ov_SC03_124/ov_SC03_124.c:func_801287B8 A=DIFFERS B: removed 0 needed 1 compiles 2
03:56:56   src/ov_SC03_125/ov_SC03_125.c:func_801287B8 A=DIFFERS B: removed 0 needed 1 compiles 2
03:56:56   src/ov_SC04_000/ov_SC04_000.c:func_801287B8 A=DIFFERS B: removed 0 needed 1 compiles 2
03:56:56   src/ov_SC04_002/ov_SC04_002.c:func_801287B8 A=DIFFERS B: removed 0 needed 1 compiles 2
03:56:56   src/ov_SC04_005/ov_SC04_005.c:func_801287B8 A=DIFFERS B: removed 0 needed 1 compiles 2
03:56:56   src/ov_SC04_003/ov_SC04_003.c:func_801287B8 A=DIFFERS B: removed 0 needed 1 compiles 2
03:56:56   src/ov_SC04_004/ov_SC04_004.c:func_801287B8 A=DIFFERS B: removed 0 needed 1 compiles 2
03:56:56   src/ov_SC03_118/ov_SC03_118.c:func_801287B8 A=DIFFERS B: removed 0 needed 1 compiles 2
03:56:57   src/ov_SC04_006/ov_SC04_006.c:func_801287B8 A=DIFFERS B: removed 0 needed 1 compiles 2
03:56:57   src/ov_SC04_008/ov_SC04_008.c:func_801287B8 A=DIFFERS B: removed 0 needed 1 compiles 2
03:56:57   src/ov_SC04_007/ov_SC04_007.c:func_801287B8 A=DIFFERS B: removed 0 needed 1 compiles 2
03:56:57   src/ov_SC04_009/ov_SC04_009.c:func_801287B8 A=DIFFERS B: removed 0 needed 1 compiles 2
03:56:57   src/ov_SC04_012/ov_SC04_012.c:func_801287B8 A=DIFFERS B: removed 0 needed 1 compiles 2
03:56:57   src/ov_SC04_010/ov_SC04_010.c:func_801287B8 A=DIFFERS B: removed 0 needed 1 compiles 2
03:56:57   src/ov_SC04_016/ov_SC04_016.c:func_801287B8 A=DIFFERS B: removed 0 needed 1 compiles 2
03:56:57   src/ov_SC04_015/ov_SC04_015.c:func_801287B8 A=DIFFERS B: removed 0 needed 1 compiles 2
03:56:57   src/ov_SC05_000/ov_SC05_000.c:func_801287B8 A=DIFFERS B: removed 0 needed 1 compiles 2
03:56:57   src/ov_SC04_020/ov_SC04_020.c:func_801287B8 A=DIFFERS B: removed 0 needed 1 compiles 2
03:56:57   src/ov_SC05_001/ov_SC05_001.c:func_801287B8 A=DIFFERS B: removed 0 needed 1 compiles 2
03:56:57   src/ov_SC04_018/ov_SC04_018.c:func_801287B8 A=DIFFERS B: removed 0 needed 1 compiles 2
03:56:57   src/ov_SC05_002/ov_SC05_002.c:func_801287B8 A=DIFFERS B: removed 0 needed 1 compiles 2
03:56:57   src/ov_SC05_003/ov_SC05_003.c:func_801287B8 A=DIFFERS B: removed 0 needed 1 compiles 2
03:56:57   src/ov_SC05_004/ov_SC05_004.c:func_801287B8 A=DIFFERS B: removed 0 needed 1 compiles 2
03:56:57   src/ov_SC05_005/ov_SC05_005.c:func_801287B8 A=DIFFERS B: removed 0 needed 1 compiles 2
03:56:58   src/ov_SC05_006/ov_SC05_006.c:func_801287B8 A=DIFFERS B: removed 0 needed 1 compiles 2
03:56:58   src/ov_SC05_009/ov_SC05_009.c:func_801287B8 A=DIFFERS B: removed 0 needed 1 compiles 2
03:56:58   src/ov_SC05_007/ov_SC05_007.c:func_801287B8 A=DIFFERS B: removed 0 needed 1 compiles 2
03:56:58   src/ov_SC05_008/ov_SC05_008.c:func_801287B8 A=DIFFERS B: removed 0 needed 1 compiles 2
03:56:58   src/ov_SC05_010/ov_SC05_010.c:func_801287B8 A=DIFFERS B: removed 0 needed 1 compiles 2
03:56:58   src/ov_SC05_011/ov_SC05_011.c:func_801287B8 A=DIFFERS B: removed 0 needed 1 compiles 2
03:56:58   src/ov_SC05_017/ov_SC05_017.c:func_801287B8 A=DIFFERS B: removed 0 needed 1 compiles 2
03:56:58   src/ov_SC06_000/ov_SC06_000.c:func_801287B8 A=DIFFERS B: removed 0 needed 1 compiles 2
03:56:58   src/ov_SC05_018/ov_SC05_018.c:func_801287B8 A=DIFFERS B: removed 0 needed 1 compiles 2
03:56:58   src/ov_SC06_006/ov_SC06_006.c:func_801287B8 A=DIFFERS B: removed 0 needed 1 compiles 2
03:56:58   src/ov_SC06_008/ov_SC06_008.c:func_801287B8 A=DIFFERS B: removed 0 needed 1 compiles 2
03:56:58   src/ov_SC06_011/ov_SC06_011.c:func_801287B8 A=DIFFERS B: removed 0 needed 1 compiles 2
03:56:58   src/ov_SC06_010/ov_SC06_010.c:func_801287B8 A=DIFFERS B: removed 0 needed 1 compiles 2
03:56:58   src/ov_SC06_014/ov_SC06_014.c:func_801287B8 A=DIFFERS B: removed 0 needed 1 compiles 2
03:56:58   src/ov_SC06_013/ov_SC06_013.c:func_801287B8 A=DIFFERS B: removed 0 needed 1 compiles 2
03:56:59   src/ov_SC06_018/ov_SC06_018.c:func_801287B8 A=DIFFERS B: removed 0 needed 1 compiles 2
03:56:59   src/ov_SC06_015/ov_SC06_015.c:func_801287B8 A=DIFFERS B: removed 0 needed 1 compiles 2
03:56:59   src/ov_SC06_016/ov_SC06_016.c:func_801287B8 A=DIFFERS B: removed 0 needed 1 compiles 2
03:56:59   src/ov_SC06_020/ov_SC06_020.c:func_801287B8 A=DIFFERS B: removed 0 needed 1 compiles 2
03:56:59   src/ov_SC06_022/ov_SC06_022.c:func_801287B8 A=DIFFERS B: removed 0 needed 1 compiles 2
03:56:59   src/ov_SC06_024/ov_SC06_024.c:func_801287B8 A=DIFFERS B: removed 0 needed 1 compiles 2
03:56:59   src/ov_SC06_025/ov_SC06_025.c:func_801287B8 A=DIFFERS B: removed 0 needed 1 compiles 2
03:56:59   src/ov_SC06_027/ov_SC06_027.c:func_801287B8 A=DIFFERS B: removed 0 needed 1 compiles 2
03:56:59   src/ov_SC06_029/ov_SC06_029.c:func_801287B8 A=DIFFERS B: removed 0 needed 1 compiles 2
03:56:59   src/ov_SC06_030/ov_SC06_030.c:func_801287B8 A=DIFFERS B: removed 0 needed 1 compiles 2
03:56:59   src/ov_SC06_032/ov_SC06_032.c:func_801287B8 A=DIFFERS B: removed 0 needed 1 compiles 2
03:56:59   src/ov_SC06_033/ov_SC06_033.c:func_801287B8 A=DIFFERS B: removed 0 needed 1 compiles 2
03:56:59   src/ov_SC07_000/ov_SC07_000.c:func_801287B8 A=DIFFERS B: removed 0 needed 1 compiles 2
03:56:59   src/ov_SC07_001/ov_SC07_001.c:func_801287B8 A=DIFFERS B: removed 0 needed 1 compiles 2
03:56:59   src/ov_SC07_008/ov_SC07_008.c:func_801287B8 A=DIFFERS B: removed 0 needed 1 compiles 2
03:56:59   src/ov_SC07_002/ov_SC07_002.c:func_801287B8 A=DIFFERS B: removed 0 needed 1 compiles 2
03:57:00   src/ov_SC07_009/ov_SC07_009.c:func_801287B8 A=DIFFERS B: removed 0 needed 1 compiles 2
03:57:00   src/ov_SC04_008/ov_SC04_008_jr_801734BC.c:func_80178970 A=DIFFERS B: removed 0 needed 1 compiles 2
03:57:00   src/ov_SC05_009/ov_SC05_009_jr_801734BC.c:func_80178970 A=DIFFERS B: removed 0 needed 1 compiles 2
03:57:01 delever: batch tus7 — 300 files (TUs; 983 drawable) · 1407 bodies: 432 lever-free, 973 residue, 2 refused · sites removed 1855 / needed 2032 / refused 6 / deferred 0 · replays 589 (0 disagreed) · compiles 3211 in 101 s wall · final 300/300 identical · written 300 files
tus7 wall=104.41 s
exit=0
