delever --plan: 300 of 1883 drawable files · 2224 bodies (2220 in multi-copy classes) · 6079 removable sites · 0 deferred asm-bodies
03:42:26 apply tus4: 300 files, control src/ov_SC06_022/ov_SC06_022_jr_80135A4C.c IDENTICAL (0.04 s), calibration ce8737066, census 024704a8132097af
03:42:26 apply tus4: phase 1 (exemplar files) 8, phase 2 (copies replay) 292
03:42:26   src/ov_SC07_007/ov_SC07_007_jr_8013C98C.c:func_8013CF68 A=DIFFERS B: removed 0 needed 1 compiles 2
03:42:26   src/ov_SC07_010/ov_SC07_010_o2b.c:func_8013CF68 A=DIFFERS B: removed 0 needed 1 compiles 2
03:42:26   src/ov_SC07_007/ov_SC07_007_jr_8013C98C.c:func_8013D178 A=DIFFERS B: removed 0 needed 1 compiles 2
03:42:26   src/ov_SC07_010/ov_SC07_010_o2b.c:func_8013D178 A=DIFFERS B: removed 0 needed 1 compiles 2
03:42:26   src/ov_MAIN_012/ov_MAIN_012_jr_801555F4.c:func_80156044 A=DIFFERS B: removed 0 needed 2 compiles 3
03:42:26   src/ov_SC07_010/ov_SC07_010_o2b.c:func_8013D53C A=DIFFERS B: removed 0 needed 2 compiles 3
03:42:26   src/ov_SC07_007/ov_SC07_007_jr_8013C98C.c:func_8013D53C A=DIFFERS B: removed 0 needed 2 compiles 3
03:42:27   src/ov_MAIN_012/ov_MAIN_012_jr_801458E0.c:func_80145934 A=DIFFERS B: removed 0 needed 1 compiles 2
03:42:27   src/ov_MAIN_012/ov_MAIN_012_jr_801555F4.c:func_80157D20 A=DIFFERS B: removed 0 needed 2 compiles 3
03:42:27   src/ov_MAIN_012/ov_MAIN_012_jr_8013F350.c:func_8013F350 A=DIFFERS B: removed 1 needed 3 compiles 5
03:42:27   src/ov_SC07_010/ov_SC07_010_o2b.c:func_8013D8FC A=DIFFERS B: removed 3 needed 1 compiles 5
03:42:27   src/ov_SC07_006/ov_SC07_006_jr_80131340.c:func_80133AB0 A=DIFFERS B: removed 0 needed 4 compiles 5
03:42:27   src/ov_MAIN_012/ov_MAIN_012_jr_8013F350.c:func_8013FAF8 A=DIFFERS B: removed 0 needed 1 compiles 2
03:42:27   src/ov_SC07_007/ov_SC07_007_jr_8013C98C.c:func_8013DD68 A=DIFFERS B: removed 1 needed 2 compiles 4
03:42:27   src/ov_SC07_006/ov_SC07_006_jr_80131340.c:func_80133CD4 A=DIFFERS B: removed 0 needed 1 compiles 2
03:42:27   src/ov_SC07_007/ov_SC07_007_jr_8013C98C.c:func_8013E5E8 A=DIFFERS B: removed 0 needed 1 compiles 2
03:42:27   src/ov_SC07_006/ov_SC07_006_jr_8015C32C.c:func_8015D738 A=DIFFERS B: removed 0 needed 1 compiles 2
03:42:27   src/ov_SC07_010/ov_SC07_010_jr_8015C32C.c:func_8015D738 A=DIFFERS B: removed 0 needed 1 compiles 2
03:42:27   src/ov_SC07_010/ov_SC07_010_o2b.c:func_8013DD68 A=DIFFERS B: removed 1 needed 2 compiles 4
03:42:28   src/ov_MAIN_012/ov_MAIN_012_jr_801458E0.c:func_80145A2C A=DIFFERS B: removed 0 needed 1 compiles 2
03:42:28   src/ov_SC07_010/ov_SC07_010_o2b.c:func_8013E5E8 A=DIFFERS B: removed 0 needed 1 compiles 2
03:42:28   src/ov_SC07_007/ov_SC07_007_jr_8013C98C.c:func_8013EB7C A=DIFFERS B: removed 0 needed 1 compiles 2
03:42:28   src/ov_SC07_010/ov_SC07_010_o2b.c:func_8013EB7C A=DIFFERS B: removed 0 needed 1 compiles 2
03:42:28   src/ov_SC07_006/ov_SC07_006_jr_80131340.c:func_801345F8 A=DIFFERS B: removed 0 needed 3 compiles 4
03:42:28   src/ov_SC07_006/ov_SC07_006_jr_8015C32C.c:func_8015FBE0 A=DIFFERS B: removed 0 needed 1 compiles 2
03:42:28   src/ov_SC07_010/ov_SC07_010_jr_8015C32C.c:func_8015FBE0 A=DIFFERS B: removed 0 needed 1 compiles 2
03:42:29   src/ov_SC07_006/ov_SC07_006_jr_80131340.c:func_80134C20 A=DIFFERS B: removed 0 needed 2 compiles 3
03:42:30   src/ov_MAIN_012/ov_MAIN_012_jr_8013F350.c:func_80140958 A=DIFFERS B: removed 7 needed 4 compiles 12
03:42:30   src/ov_MAIN_012/ov_MAIN_012_jr_801458E0.c:func_80148E54 A=DIFFERS B: removed 0 needed 2 compiles 3
03:42:30   src/ov_SC07_006/ov_SC07_006_jr_8015C32C.c:func_80161E08 A=DIFFERS B: removed 0 needed 3 compiles 4
03:42:30   src/ov_MAIN_012/ov_MAIN_012_jr_8013F350.c:func_80141874 A=DIFFERS B: removed 0 needed 1 compiles 2
03:42:30   src/ov_SC07_010/ov_SC07_010_jr_8015C32C.c:func_80161E08 A=DIFFERS B: removed 0 needed 3 compiles 4
03:42:30   src/ov_MAIN_012/ov_MAIN_012_jr_8013F350.c:func_801418F8 A=DIFFERS B: removed 0 needed 1 compiles 2
03:42:31   src/ov_SC07_006/ov_SC07_006_jr_80131340.c:func_80135004 A=DIFFERS B: removed 4 needed 4 compiles 9
03:42:31   src/ov_MAIN_012/ov_MAIN_012_jr_8013F350.c:func_80142EC0 A=DIFFERS B: removed 0 needed 2 compiles 3
03:42:32   src/ov_SC07_006/ov_SC07_006_jr_80131340.c:func_80135168 A=DIFFERS B: removed 0 needed 5 compiles 6
03:42:32   src/ov_MAIN_012/ov_MAIN_012_jr_801458E0.c:func_8014D820 A=DIFFERS B: removed 1 needed 2 compiles 4
03:42:32   src/ov_MAIN_012/ov_MAIN_012_jr_8013F350.c:func_8014305C A=DIFFERS B: removed 0 needed 2 compiles 3
03:42:32   src/ov_MAIN_012/ov_MAIN_012_jr_8013F350.c:func_801431E8 A=DIFFERS B: removed 0 needed 1 compiles 2
03:42:33   src/ov_SC07_006/ov_SC07_006_jr_8015C32C.c:func_80162438 A=DIFFERS B: removed 2 needed 3 compiles 6
03:42:34   src/ov_SC07_010/ov_SC07_010_jr_8015C32C.c:func_80162438 A=DIFFERS B: removed 2 needed 3 compiles 6
03:42:34   src/ov_SC07_006/ov_SC07_006_jr_8015C32C.c:func_801627E8 A=DIFFERS B: removed 0 needed 2 compiles 3
03:42:35   src/ov_SC07_010/ov_SC07_010_jr_8015C32C.c:func_801627E8 A=DIFFERS B: removed 0 needed 2 compiles 3
03:42:35   src/ov_SC07_006/ov_SC07_006_jr_8015C32C.c:func_80163EC8 A=DIFFERS B: removed 0 needed 1 compiles 2
03:42:36   src/ov_SC07_010/ov_SC07_010_jr_8015C32C.c:func_80163EC8 A=DIFFERS B: removed 0 needed 1 compiles 2
03:42:37   src/ov_SC07_006/ov_SC07_006_jr_8015C32C.c:func_80166690 A=DIFFERS B: removed 1 needed 1 compiles 3
03:42:38   src/ov_SC07_010/ov_SC07_010_jr_8015C32C.c:func_80166690 A=DIFFERS B: removed 1 needed 1 compiles 3
03:42:39   src/ov_SC07_006/ov_SC07_006_jr_8015C32C.c:func_80168828 A=DIFFERS B: removed 0 needed 2 compiles 3
03:42:41   src/ov_SC07_010/ov_SC07_010_jr_8015C32C.c:func_80168828 A=DIFFERS B: removed 0 needed 2 compiles 3
03:42:42   src/ov_SC07_010/ov_SC07_010_jr_8015C32C.c:func_8016A290 A=DIFFERS B: removed 1 needed 1 compiles 3
03:42:42   src/ov_SC07_006/ov_SC07_006_jr_8015C32C.c:func_8016A290 A=DIFFERS B: removed 1 needed 1 compiles 3
03:42:45   src/ov_SC07_007/ov_SC07_007_jr_8015C32C.c:func_8015D738 A=DIFFERS B: removed 0 needed 1 compiles 2
03:42:45   src/ov_SC07_011/ov_SC07_011_jr_8015C32C.c:func_8015D738 A=DIFFERS B: removed 0 needed 1 compiles 2
03:42:45   src/ov_SC07_000/ov_SC07_000_jr_8015C32C.c:func_8015D738 A=DIFFERS B: removed 0 needed 1 compiles 2
03:42:45   src/ov_SC06_022/ov_SC06_022_jr_8015C32C.c:func_8015D738 A=DIFFERS B: removed 0 needed 1 compiles 2
03:42:45   src/ov_SC06_032/ov_SC06_032_jr_8015C32C.c:func_8015D738 A=DIFFERS B: removed 0 needed 1 compiles 2
03:42:45   src/ov_SC06_025/ov_SC06_025_jr_8015C32C.c:func_8015D738 A=DIFFERS B: removed 0 needed 1 compiles 2
03:42:45   src/ov_SC06_027/ov_SC06_027_jr_8015C32C.c:func_8015D738 A=DIFFERS B: removed 0 needed 1 compiles 2
03:42:45   src/ov_SC06_029/ov_SC06_029_jr_8015C32C.c:func_8015D738 A=DIFFERS B: removed 0 needed 1 compiles 2
03:42:45   src/ov_SC06_033/ov_SC06_033_jr_8015C32C.c:func_8015D738 A=DIFFERS B: removed 0 needed 1 compiles 2
03:42:45   src/ov_SC07_001/ov_SC07_001_jr_8015C32C.c:func_8015D738 A=DIFFERS B: removed 0 needed 1 compiles 2
03:42:45   src/ov_SC06_024/ov_SC06_024_jr_8015C32C.c:func_8015D738 A=DIFFERS B: removed 0 needed 1 compiles 2
03:42:45   src/ov_SC06_030/ov_SC06_030_jr_8015C32C.c:func_8015D738 A=DIFFERS B: removed 0 needed 1 compiles 2
03:42:46   src/ov_SC07_000/ov_SC07_000_jr_8015C32C.c:func_8015FBE0 A=DIFFERS B: removed 0 needed 1 compiles 2
03:42:46   src/ov_SC06_022/ov_SC06_022_jr_8015C32C.c:func_8015FBE0 A=DIFFERS B: removed 0 needed 1 compiles 2
03:42:46   src/ov_SC07_007/ov_SC07_007_jr_8015C32C.c:func_8015FBE0 A=DIFFERS B: removed 0 needed 1 compiles 2
03:42:46   src/ov_SC06_032/ov_SC06_032_jr_8015C32C.c:func_8015FBE0 A=DIFFERS B: removed 0 needed 1 compiles 2
03:42:46   src/ov_SC06_029/ov_SC06_029_jr_8015C32C.c:func_8015FBE0 A=DIFFERS B: removed 0 needed 1 compiles 2
03:42:46   src/ov_SC06_033/ov_SC06_033_jr_8015C32C.c:func_8015FBE0 A=DIFFERS B: removed 0 needed 1 compiles 2
03:42:46   src/ov_SC06_027/ov_SC06_027_jr_8015C32C.c:func_8015FBE0 A=DIFFERS B: removed 0 needed 1 compiles 2
03:42:46   src/ov_SC06_025/ov_SC06_025_jr_8015C32C.c:func_8015FBE0 A=DIFFERS B: removed 0 needed 1 compiles 2
03:42:46   src/ov_SC07_011/ov_SC07_011_jr_8015C32C.c:func_8015FBE0 A=DIFFERS B: removed 0 needed 1 compiles 2
03:42:46   src/ov_SC06_030/ov_SC06_030_jr_8015C32C.c:func_8015FBE0 A=DIFFERS B: removed 0 needed 1 compiles 2
03:42:46   src/ov_SC06_024/ov_SC06_024_jr_8015C32C.c:func_8015FBE0 A=DIFFERS B: removed 0 needed 1 compiles 2
03:42:47   src/ov_SC07_001/ov_SC07_001_jr_8015C32C.c:func_8015FBE0 A=DIFFERS B: removed 0 needed 1 compiles 2
03:42:48   src/ov_SC07_000/ov_SC07_000_jr_8015C32C.c:func_80161E08 A=DIFFERS B: removed 0 needed 3 compiles 4
03:42:48   src/ov_SC06_029/ov_SC06_029_jr_8015C32C.c:func_80161E08 A=DIFFERS B: removed 0 needed 3 compiles 4
03:42:48   src/ov_SC06_032/ov_SC06_032_jr_8015C32C.c:func_80161E08 A=DIFFERS B: removed 0 needed 3 compiles 4
03:42:48   src/ov_SC07_007/ov_SC07_007_jr_8015C32C.c:func_80161E08 A=DIFFERS B: removed 0 needed 3 compiles 4
03:42:48   src/ov_SC06_022/ov_SC06_022_jr_8015C32C.c:func_80161E08 A=DIFFERS B: removed 0 needed 3 compiles 4
03:42:48   src/ov_SC06_027/ov_SC06_027_jr_8015C32C.c:func_80161E08 A=DIFFERS B: removed 0 needed 3 compiles 4
03:42:48   src/ov_SC07_011/ov_SC07_011_jr_8015C32C.c:func_80161E08 A=DIFFERS B: removed 0 needed 3 compiles 4
03:42:48   src/ov_SC06_024/ov_SC06_024_jr_8015C32C.c:func_80161E08 A=DIFFERS B: removed 0 needed 3 compiles 4
03:42:48   src/ov_SC06_030/ov_SC06_030_jr_8015C32C.c:func_80161E08 A=DIFFERS B: removed 0 needed 3 compiles 4
03:42:48   src/ov_SC06_033/ov_SC06_033_jr_8015C32C.c:func_80161E08 A=DIFFERS B: removed 0 needed 3 compiles 4
03:42:49   src/ov_SC06_025/ov_SC06_025_jr_8015C32C.c:func_80161E08 A=DIFFERS B: removed 0 needed 3 compiles 4
03:42:49   src/ov_SC07_001/ov_SC07_001_jr_8015C32C.c:func_80161E08 A=DIFFERS B: removed 0 needed 3 compiles 4
03:42:51   src/ov_SC07_000/ov_SC07_000_jr_8015C32C.c:func_801627E8 A=DIFFERS B: removed 0 needed 2 compiles 3
03:42:51   src/ov_SC06_024/ov_SC06_024_jr_8015C32C.c:func_801627E8 A=DIFFERS B: removed 0 needed 2 compiles 3
03:42:51   src/ov_SC07_007/ov_SC07_007_jr_8015C32C.c:func_801627E8 A=DIFFERS B: removed 0 needed 2 compiles 3
03:42:51   src/ov_SC06_032/ov_SC06_032_jr_8015C32C.c:func_801627E8 A=DIFFERS B: removed 0 needed 2 compiles 3
03:42:51   src/ov_SC06_029/ov_SC06_029_jr_8015C32C.c:func_801627E8 A=DIFFERS B: removed 0 needed 2 compiles 3
03:42:51   src/ov_SC06_022/ov_SC06_022_jr_8015C32C.c:func_801627E8 A=DIFFERS B: removed 0 needed 2 compiles 3
03:42:51   src/ov_SC07_011/ov_SC07_011_jr_8015C32C.c:func_801627E8 A=DIFFERS B: removed 0 needed 2 compiles 3
03:42:51   src/ov_SC06_027/ov_SC06_027_jr_8015C32C.c:func_801627E8 A=DIFFERS B: removed 0 needed 2 compiles 3
03:42:51   src/ov_SC06_030/ov_SC06_030_jr_8015C32C.c:func_801627E8 A=DIFFERS B: removed 0 needed 2 compiles 3
03:42:51   src/ov_SC06_033/ov_SC06_033_jr_8015C32C.c:func_801627E8 A=DIFFERS B: removed 0 needed 2 compiles 3
03:42:51   src/ov_SC06_025/ov_SC06_025_jr_8015C32C.c:func_801627E8 A=DIFFERS B: removed 0 needed 2 compiles 3
03:42:51   src/ov_SC07_001/ov_SC07_001_jr_8015C32C.c:func_801627E8 A=DIFFERS B: removed 0 needed 2 compiles 3
03:42:51   src/ov_SC07_000/ov_SC07_000_jr_8015C32C.c:func_80163EC8 A=DIFFERS B: removed 0 needed 1 compiles 2
03:42:52   src/ov_SC06_029/ov_SC06_029_jr_8015C32C.c:func_80163EC8 A=DIFFERS B: removed 0 needed 1 compiles 2
03:42:52   src/ov_SC07_007/ov_SC07_007_jr_8015C32C.c:func_80163EC8 A=DIFFERS B: removed 0 needed 1 compiles 2
03:42:52   src/ov_SC06_022/ov_SC06_022_jr_8015C32C.c:func_80163EC8 A=DIFFERS B: removed 0 needed 1 compiles 2
03:42:52   src/ov_SC06_027/ov_SC06_027_jr_8015C32C.c:func_80163EC8 A=DIFFERS B: removed 0 needed 1 compiles 2
03:42:52   src/ov_SC06_024/ov_SC06_024_jr_8015C32C.c:func_80163EC8 A=DIFFERS B: removed 0 needed 1 compiles 2
03:42:52   src/ov_SC07_011/ov_SC07_011_jr_8015C32C.c:func_80163EC8 A=DIFFERS B: removed 0 needed 1 compiles 2
03:42:52   src/ov_SC06_032/ov_SC06_032_jr_8015C32C.c:func_80163EC8 A=DIFFERS B: removed 0 needed 1 compiles 2
03:42:52   src/ov_SC06_030/ov_SC06_030_jr_8015C32C.c:func_80163EC8 A=DIFFERS B: removed 0 needed 1 compiles 2
03:42:52   src/ov_SC06_033/ov_SC06_033_jr_8015C32C.c:func_80163EC8 A=DIFFERS B: removed 0 needed 1 compiles 2
03:42:52   src/ov_SC06_025/ov_SC06_025_jr_8015C32C.c:func_80163EC8 A=DIFFERS B: removed 0 needed 1 compiles 2
03:42:52   src/ov_SC07_001/ov_SC07_001_jr_8015C32C.c:func_80163EC8 A=DIFFERS B: removed 0 needed 1 compiles 2
03:42:56   src/ov_SC07_000/ov_SC07_000_jr_8015C32C.c:func_80168828 A=DIFFERS B: removed 0 needed 2 compiles 3
03:42:56   src/ov_SC06_027/ov_SC06_027_jr_8015C32C.c:func_80168828 A=DIFFERS B: removed 0 needed 2 compiles 3
03:42:56   src/ov_SC06_024/ov_SC06_024_jr_8015C32C.c:func_80168828 A=DIFFERS B: removed 0 needed 2 compiles 3
03:42:56   src/ov_SC07_007/ov_SC07_007_jr_8015C32C.c:func_80168828 A=DIFFERS B: removed 0 needed 2 compiles 3
03:42:56   src/ov_SC06_030/ov_SC06_030_jr_8015C32C.c:func_80168828 A=DIFFERS B: removed 0 needed 2 compiles 3
03:42:56   src/ov_SC06_029/ov_SC06_029_jr_8015C32C.c:func_80168828 A=DIFFERS B: removed 0 needed 2 compiles 3
03:42:56   src/ov_SC06_032/ov_SC06_032_jr_8015C32C.c:func_80168828 A=DIFFERS B: removed 0 needed 2 compiles 3
03:42:56   src/ov_SC06_033/ov_SC06_033_jr_8015C32C.c:func_80168828 A=DIFFERS B: removed 0 needed 2 compiles 3
03:42:57   src/ov_SC06_025/ov_SC06_025_jr_8015C32C.c:func_80168828 A=DIFFERS B: removed 0 needed 2 compiles 3
03:42:57   src/ov_SC06_022/ov_SC06_022_jr_8015C32C.c:func_80168828 A=DIFFERS B: removed 0 needed 2 compiles 3
03:42:57   src/ov_SC07_011/ov_SC07_011_jr_8015C32C.c:func_80168828 A=DIFFERS B: removed 0 needed 2 compiles 3
03:42:57   src/ov_SC07_001/ov_SC07_001_jr_8015C32C.c:func_80168828 A=DIFFERS B: removed 0 needed 2 compiles 3
03:42:59   src/ov_SC07_002/ov_SC07_002_jr_8015C32C.c:func_8015D738 A=DIFFERS B: removed 0 needed 1 compiles 2
03:43:00   src/ov_SC07_008/ov_SC07_008_jr_8015C32C.c:func_8015D738 A=DIFFERS B: removed 0 needed 1 compiles 2
03:43:00   src/ov_SC07_009/ov_SC07_009_jr_8015C32C.c:func_8015D738 A=DIFFERS B: removed 0 needed 1 compiles 2
03:43:00   src/ov_SC07_002/ov_SC07_002_jr_8015C32C.c:func_8015FBE0 A=DIFFERS B: removed 0 needed 1 compiles 2
03:43:01   src/ov_SC07_008/ov_SC07_008_jr_8015C32C.c:func_8015FBE0 A=DIFFERS B: removed 0 needed 1 compiles 2
03:43:01   src/ov_SC07_009/ov_SC07_009_jr_8015C32C.c:func_8015FBE0 A=DIFFERS B: removed 0 needed 1 compiles 2
03:43:02   src/ov_SC06_027/ov_SC06_027_jr_8012ACE0.c:func_80133AB0 A=DIFFERS B: removed 0 needed 4 compiles 5
03:43:02   src/ov_SC06_025/ov_SC06_025_jr_8012ACE0.c:func_80133AB0 A=DIFFERS B: removed 0 needed 4 compiles 5
03:43:02   src/ov_SC06_024/ov_SC06_024_jr_8012ACE0.c:func_80133AB0 A=DIFFERS B: removed 0 needed 4 compiles 5
03:43:02   src/ov_SC06_030/ov_SC06_030_jr_8012ACE0.c:func_80133AB0 A=DIFFERS B: removed 0 needed 4 compiles 5
03:43:02   src/ov_SC06_033/ov_SC06_033_jr_8012ACE0.c:func_80133AB0 A=DIFFERS B: removed 0 needed 4 compiles 5
03:43:02   src/ov_SC07_002/ov_SC07_002_jr_8015C32C.c:func_80161E08 A=DIFFERS B: removed 0 needed 3 compiles 4
03:43:03   src/ov_SC06_029/ov_SC06_029_jr_8012ACE0.c:func_80133AB0 A=DIFFERS B: removed 0 needed 4 compiles 5
03:43:03   src/ov_SC07_008/ov_SC07_008_jr_8015C32C.c:func_80161E08 A=DIFFERS B: removed 0 needed 3 compiles 4
03:43:03   src/ov_SC06_032/ov_SC06_032_jr_8012ACE0.c:func_80133AB0 A=DIFFERS B: removed 0 needed 4 compiles 5
03:43:03   src/ov_SC07_009/ov_SC07_009_jr_8015C32C.c:func_80161E08 A=DIFFERS B: removed 0 needed 3 compiles 4
03:43:03   src/ov_SC06_025/ov_SC06_025_jr_8012ACE0.c:func_80133CD4 A=DIFFERS B: removed 0 needed 1 compiles 2
03:43:03   src/ov_SC06_027/ov_SC06_027_jr_8012ACE0.c:func_80133CD4 A=DIFFERS B: removed 0 needed 1 compiles 2
03:43:03   src/ov_SC06_024/ov_SC06_024_jr_8012ACE0.c:func_80133CD4 A=DIFFERS B: removed 0 needed 1 compiles 2
03:43:03   src/ov_SC06_030/ov_SC06_030_jr_8012ACE0.c:func_80133CD4 A=DIFFERS B: removed 0 needed 1 compiles 2
03:43:03   src/ov_SC06_033/ov_SC06_033_jr_8012ACE0.c:func_80133CD4 A=DIFFERS B: removed 0 needed 1 compiles 2
03:43:03   src/ov_SC06_032/ov_SC06_032_jr_8012ACE0.c:func_80133CD4 A=DIFFERS B: removed 0 needed 1 compiles 2
03:43:03   src/ov_SC06_029/ov_SC06_029_jr_8012ACE0.c:func_80133CD4 A=DIFFERS B: removed 0 needed 1 compiles 2
03:43:04   src/ov_SC07_000/ov_SC07_000_jr_8012ACE0.c:func_80133AB0 A=DIFFERS B: removed 0 needed 4 compiles 5
03:43:05   src/ov_SC07_002/ov_SC07_002_jr_8015C32C.c:func_801627E8 A=DIFFERS B: removed 0 needed 2 compiles 3
03:43:05   src/ov_SC07_000/ov_SC07_000_jr_8012ACE0.c:func_80133CD4 A=DIFFERS B: removed 0 needed 1 compiles 2
03:43:05   src/ov_SC06_025/ov_SC06_025_jr_8012ACE0.c:func_801345F8 A=DIFFERS B: removed 0 needed 3 compiles 4
03:43:05   src/ov_SC06_024/ov_SC06_024_jr_8012ACE0.c:func_801345F8 A=DIFFERS B: removed 0 needed 3 compiles 4
03:43:05   src/ov_SC06_027/ov_SC06_027_jr_8012ACE0.c:func_801345F8 A=DIFFERS B: removed 0 needed 3 compiles 4
03:43:05   src/ov_SC07_008/ov_SC07_008_jr_8015C32C.c:func_801627E8 A=DIFFERS B: removed 0 needed 2 compiles 3
03:43:05   src/ov_SC06_030/ov_SC06_030_jr_8012ACE0.c:func_801345F8 A=DIFFERS B: removed 0 needed 3 compiles 4
03:43:05   src/ov_SC07_009/ov_SC07_009_jr_8015C32C.c:func_801627E8 A=DIFFERS B: removed 0 needed 2 compiles 3
03:43:05   src/ov_SC06_029/ov_SC06_029_jr_8012ACE0.c:func_801345F8 A=DIFFERS B: removed 0 needed 3 compiles 4
03:43:05   src/ov_SC06_032/ov_SC06_032_jr_8012ACE0.c:func_801345F8 A=DIFFERS B: removed 0 needed 3 compiles 4
03:43:05   src/ov_SC06_033/ov_SC06_033_jr_8012ACE0.c:func_801345F8 A=DIFFERS B: removed 0 needed 3 compiles 4
03:43:06   src/ov_SC07_001/ov_SC07_001_jr_8012ACE0.c:func_80133AB0 A=DIFFERS B: removed 0 needed 4 compiles 5
03:43:06   src/ov_SC07_002/ov_SC07_002_jr_8015C32C.c:func_80163EC8 A=DIFFERS B: removed 0 needed 1 compiles 2
03:43:06   src/ov_SC07_008/ov_SC07_008_jr_8015C32C.c:func_80163EC8 A=DIFFERS B: removed 0 needed 1 compiles 2
03:43:06   src/ov_SC07_009/ov_SC07_009_jr_8015C32C.c:func_80163EC8 A=DIFFERS B: removed 0 needed 1 compiles 2
03:43:07   src/ov_SC07_001/ov_SC07_001_jr_8012ACE0.c:func_80133CD4 A=DIFFERS B: removed 0 needed 1 compiles 2
03:43:07   src/ov_SC07_000/ov_SC07_000_jr_8012ACE0.c:func_801345F8 A=DIFFERS B: removed 0 needed 3 compiles 4
03:43:07   src/ov_SC06_025/ov_SC06_025_jr_8012ACE0.c:func_80134C20 A=DIFFERS B: removed 0 needed 2 compiles 3
03:43:07   src/ov_SC06_024/ov_SC06_024_jr_8012ACE0.c:func_80134C20 A=DIFFERS B: removed 0 needed 2 compiles 3
03:43:07   src/ov_SC06_030/ov_SC06_030_jr_8012ACE0.c:func_80134C20 A=DIFFERS B: removed 0 needed 2 compiles 3
03:43:07   src/ov_SC06_027/ov_SC06_027_jr_8012ACE0.c:func_80134C20 A=DIFFERS B: removed 0 needed 2 compiles 3
03:43:07   src/ov_SC06_029/ov_SC06_029_jr_8012ACE0.c:func_80134C20 A=DIFFERS B: removed 0 needed 2 compiles 3
03:43:07   src/ov_SC06_033/ov_SC06_033_jr_8012ACE0.c:func_80134C20 A=DIFFERS B: removed 0 needed 2 compiles 3
03:43:08   src/ov_SC06_032/ov_SC06_032_jr_8012ACE0.c:func_80134C20 A=DIFFERS B: removed 0 needed 2 compiles 3
03:43:09   src/ov_SC07_001/ov_SC07_001_jr_8012ACE0.c:func_801345F8 A=DIFFERS B: removed 0 needed 3 compiles 4
03:43:09   src/ov_SC07_000/ov_SC07_000_jr_8012ACE0.c:func_80134C20 A=DIFFERS B: removed 0 needed 2 compiles 3
03:43:10   src/ov_SC06_025/ov_SC06_025_jr_8012ACE0.c:func_80135168 A=DIFFERS B: removed 0 needed 5 compiles 6
03:43:10   src/ov_SC06_030/ov_SC06_030_jr_8012ACE0.c:func_80135168 A=DIFFERS B: removed 0 needed 5 compiles 6
03:43:10   src/ov_SC06_033/ov_SC06_033_jr_8012ACE0.c:func_80135168 A=DIFFERS B: removed 0 needed 5 compiles 6
03:43:10   src/ov_SC06_029/ov_SC06_029_jr_8012ACE0.c:func_80135168 A=DIFFERS B: removed 0 needed 5 compiles 6
03:43:10   src/ov_SC06_024/ov_SC06_024_jr_8012ACE0.c:func_80135168 A=DIFFERS B: removed 0 needed 5 compiles 6
03:43:10   src/ov_SC06_027/ov_SC06_027_jr_8012ACE0.c:func_80135168 A=DIFFERS B: removed 0 needed 5 compiles 6
03:43:10   src/ov_SC07_002/ov_SC07_002_jr_8015C32C.c:func_80168828 A=DIFFERS B: removed 0 needed 2 compiles 3
03:43:10   src/ov_SC06_032/ov_SC06_032_jr_8012ACE0.c:func_80135168 A=DIFFERS B: removed 0 needed 5 compiles 6
03:43:11   src/ov_SC07_008/ov_SC07_008_jr_8015C32C.c:func_80168828 A=DIFFERS B: removed 0 needed 2 compiles 3
03:43:11   src/ov_SC07_001/ov_SC07_001_jr_8012ACE0.c:func_80134C20 A=DIFFERS B: removed 0 needed 2 compiles 3
03:43:11   src/ov_SC07_009/ov_SC07_009_jr_8015C32C.c:func_80168828 A=DIFFERS B: removed 0 needed 2 compiles 3
03:43:12   src/ov_SC02_037/ov_SC02_037_jr_8013F350.c:func_8013FAF8 A=DIFFERS B: removed 0 needed 1 compiles 2
03:43:12   src/ov_SC03_107/ov_SC03_107_jr_8013F350.c:func_8013FAF8 A=DIFFERS B: removed 0 needed 1 compiles 2
03:43:12   src/ov_SC07_000/ov_SC07_000_jr_8012ACE0.c:func_80135168 A=DIFFERS B: removed 0 needed 5 compiles 6
03:43:12   src/ov_SC02_037/ov_SC02_037_jr_8013F350.c:func_80141874 A=DIFFERS B: removed 0 needed 1 compiles 2
03:43:12   src/ov_SC03_107/ov_SC03_107_jr_8013F350.c:func_80141874 A=DIFFERS B: removed 0 needed 1 compiles 2
03:43:12   src/ov_SC07_007/ov_SC07_007_jr_80131340.c:func_80133AB0 A=DIFFERS B: removed 0 needed 4 compiles 5
03:43:13   src/ov_SC07_010/ov_SC07_010_jr_80131340.c:func_80133AB0 A=DIFFERS B: removed 0 needed 4 compiles 5
03:43:13   src/ov_SC07_007/ov_SC07_007_jr_80131340.c:func_80133CD4 A=DIFFERS B: removed 0 needed 1 compiles 2
03:43:13   src/ov_SC02_037/ov_SC02_037_jr_8013F350.c:func_801418F8 A=DIFFERS B: removed 0 needed 1 compiles 2
03:43:13   src/ov_SC03_107/ov_SC03_107_jr_8013F350.c:func_801418F8 A=DIFFERS B: removed 0 needed 1 compiles 2
03:43:13   src/ov_SC07_010/ov_SC07_010_jr_80131340.c:func_80133CD4 A=DIFFERS B: removed 0 needed 1 compiles 2
03:43:13   src/ov_SC07_011/ov_SC07_011_jr_80131340.c:func_80133AB0 A=DIFFERS B: removed 0 needed 4 compiles 5
03:43:13   src/ov_SC01_000/ov_SC01_000_after.c:func_80145934 A=DIFFERS B: removed 0 needed 1 compiles 2
03:43:14   src/ov_SC07_011/ov_SC07_011_jr_80131340.c:func_80133CD4 A=DIFFERS B: removed 0 needed 1 compiles 2
03:43:14   src/ov_SC01_001/ov_SC01_001_after.c:func_80145934 A=DIFFERS B: removed 0 needed 1 compiles 2
03:43:14   src/ov_SC07_007/ov_SC07_007_jr_80131340.c:func_801345F8 A=DIFFERS B: removed 0 needed 3 compiles 4
03:43:14   src/ov_SC01_004/ov_SC01_004_after.c:func_80145934 A=DIFFERS B: removed 0 needed 1 compiles 2
03:43:14   src/ov_SC07_001/ov_SC07_001_jr_8012ACE0.c:func_80135168 A=DIFFERS B: removed 0 needed 5 compiles 6
03:43:14   src/ov_SC07_010/ov_SC07_010_jr_80131340.c:func_801345F8 A=DIFFERS B: removed 0 needed 3 compiles 4
03:43:14   src/ov_SC02_037/ov_SC02_037_jr_8013F350.c:func_80142EC0 A=DIFFERS B: removed 0 needed 2 compiles 3
03:43:14   src/ov_SC03_107/ov_SC03_107_jr_8013F350.c:func_80142EC0 A=DIFFERS B: removed 0 needed 2 compiles 3
03:43:14   src/ov_SC01_000/ov_SC01_000_after.c:func_80145A2C A=DIFFERS B: removed 0 needed 1 compiles 2
03:43:15   src/ov_SC07_011/ov_SC07_011_jr_80131340.c:func_801345F8 A=DIFFERS B: removed 0 needed 3 compiles 4
03:43:15   src/ov_SC07_008/ov_SC07_008_jr_8012ACE0.c:func_80133AB0 A=DIFFERS B: removed 0 needed 4 compiles 5
03:43:15   src/ov_SC02_037/ov_SC02_037_jr_8013F350.c:func_8014305C A=DIFFERS B: removed 0 needed 2 compiles 3
03:43:15   src/ov_SC01_001/ov_SC01_001_after.c:func_80145A2C A=DIFFERS B: removed 0 needed 1 compiles 2
03:43:15   src/ov_SC07_002/ov_SC07_002_jr_8012ACE0.c:func_80133AB0 A=DIFFERS B: removed 0 needed 4 compiles 5
03:43:15   src/ov_SC01_004/ov_SC01_004_after.c:func_80145A2C A=DIFFERS B: removed 0 needed 1 compiles 2
03:43:15   src/ov_SC07_007/ov_SC07_007_jr_80131340.c:func_80134C20 A=DIFFERS B: removed 0 needed 2 compiles 3
03:43:15   src/ov_SC07_009/ov_SC07_009_jr_8012ACE0.c:func_80133AB0 A=DIFFERS B: removed 0 needed 4 compiles 5
03:43:15   src/ov_SC03_107/ov_SC03_107_jr_8013F350.c:func_8014305C A=DIFFERS B: removed 0 needed 2 compiles 3
03:43:15   src/ov_SC07_010/ov_SC07_010_jr_80131340.c:func_80134C20 A=DIFFERS B: removed 0 needed 2 compiles 3
03:43:15   src/ov_SC02_037/ov_SC02_037_jr_8013F350.c:func_801431E8 A=DIFFERS B: removed 0 needed 1 compiles 2
03:43:15   src/ov_SC07_008/ov_SC07_008_jr_8012ACE0.c:func_80133CD4 A=DIFFERS B: removed 0 needed 1 compiles 2
03:43:15   src/ov_SC03_107/ov_SC03_107_jr_8013F350.c:func_801431E8 A=DIFFERS B: removed 0 needed 1 compiles 2
03:43:16   src/ov_SC07_011/ov_SC07_011_jr_80131340.c:func_80134C20 A=DIFFERS B: removed 0 needed 2 compiles 3
03:43:16   src/ov_SC07_002/ov_SC07_002_jr_8012ACE0.c:func_80133CD4 A=DIFFERS B: removed 0 needed 1 compiles 2
03:43:16   src/ov_SC07_009/ov_SC07_009_jr_8012ACE0.c:func_80133CD4 A=DIFFERS B: removed 0 needed 1 compiles 2
03:43:16   src/ov_SC07_007/ov_SC07_007_jr_80131340.c:func_80135168 A=DIFFERS B: removed 0 needed 5 compiles 6
03:43:16   src/ov_SC07_010/ov_SC07_010_jr_80131340.c:func_80135168 A=DIFFERS B: removed 0 needed 5 compiles 6
03:43:17   src/ov_SC01_005/ov_SC01_005_after.c:func_80145934 A=DIFFERS B: removed 0 needed 1 compiles 2
03:43:17   src/ov_SC01_000/ov_SC01_000_after.c:func_80148E54 A=DIFFERS B: removed 0 needed 2 compiles 3
03:43:17   src/ov_SC07_011/ov_SC07_011_jr_80131340.c:func_80135168 A=DIFFERS B: removed 0 needed 5 compiles 6
03:43:17   src/ov_SC01_008/ov_SC01_008_after.c:func_80145934 A=DIFFERS B: removed 0 needed 1 compiles 2
03:43:17   src/ov_SC01_001/ov_SC01_001_after.c:func_80148E54 A=DIFFERS B: removed 0 needed 2 compiles 3
03:43:18   src/ov_SC01_004/ov_SC01_004_after.c:func_80148E54 A=DIFFERS B: removed 0 needed 2 compiles 3
03:43:18   src/ov_SC07_008/ov_SC07_008_jr_8012ACE0.c:func_801345F8 A=DIFFERS B: removed 0 needed 3 compiles 4
03:43:18   src/ov_SC07_002/ov_SC07_002_jr_8012ACE0.c:func_801345F8 A=DIFFERS B: removed 0 needed 3 compiles 4
03:43:18   src/ov_SC01_080/ov_SC01_080_after.c:func_80145934 A=DIFFERS B: removed 0 needed 1 compiles 2
03:43:18   src/ov_SC01_074/ov_SC01_074_after.c:func_80145934 A=DIFFERS B: removed 0 needed 1 compiles 2
03:43:18   src/ov_SC01_009/ov_SC01_009_after.c:func_80145934 A=DIFFERS B: removed 0 needed 1 compiles 2
03:43:18   src/ov_SC07_009/ov_SC07_009_jr_8012ACE0.c:func_801345F8 A=DIFFERS B: removed 0 needed 3 compiles 4
03:43:18   src/ov_SC01_084/ov_SC01_084_after.c:func_80145934 A=DIFFERS B: removed 0 needed 1 compiles 2
03:43:19   src/ov_SC01_008/ov_SC01_008_after.c:func_80145A2C A=DIFFERS B: removed 0 needed 1 compiles 2
03:43:19   src/ov_SC01_080/ov_SC01_080_after.c:func_80145A2C A=DIFFERS B: removed 0 needed 1 compiles 2
03:43:19   src/ov_SC01_074/ov_SC01_074_after.c:func_80145A2C A=DIFFERS B: removed 0 needed 1 compiles 2
03:43:19   src/ov_SC01_009/ov_SC01_009_after.c:func_80145A2C A=DIFFERS B: removed 0 needed 1 compiles 2
03:43:19   src/ov_SC01_005/ov_SC01_005_after.c:func_80145A2C A=DIFFERS B: removed 0 needed 1 compiles 2
03:43:20   src/ov_SC01_084/ov_SC01_084_after.c:func_80145A2C A=DIFFERS B: removed 0 needed 1 compiles 2
03:43:20   src/ov_SC07_008/ov_SC07_008_jr_8012ACE0.c:func_80134C20 A=DIFFERS B: removed 0 needed 2 compiles 3
03:43:20   src/ov_SC07_002/ov_SC07_002_jr_8012ACE0.c:func_80134C20 A=DIFFERS B: removed 0 needed 2 compiles 3
03:43:20   src/ov_SC07_009/ov_SC07_009_jr_8012ACE0.c:func_80134C20 A=DIFFERS B: removed 0 needed 2 compiles 3
03:43:21   src/ov_SC01_008/ov_SC01_008_after.c:func_80148E54 A=DIFFERS B: removed 0 needed 2 compiles 3
03:43:22   src/ov_SC01_080/ov_SC01_080_after.c:func_80148E54 A=DIFFERS B: removed 0 needed 2 compiles 3
03:43:22   src/ov_SC01_009/ov_SC01_009_after.c:func_80148E54 A=DIFFERS B: removed 0 needed 2 compiles 3
03:43:22   src/ov_SC01_074/ov_SC01_074_after.c:func_80148E54 A=DIFFERS B: removed 0 needed 2 compiles 3
03:43:22   src/ov_SC02_004/ov_SC02_004_after.c:func_80145934 A=DIFFERS B: removed 0 needed 1 compiles 2
03:43:23   src/ov_SC01_084/ov_SC01_084_after.c:func_80148E54 A=DIFFERS B: removed 0 needed 2 compiles 3
03:43:23   src/ov_SC07_008/ov_SC07_008_jr_8012ACE0.c:func_80135168 A=DIFFERS B: removed 0 needed 5 compiles 6
03:43:23   src/ov_SC02_005/ov_SC02_005_after.c:func_80145934 A=DIFFERS B: removed 0 needed 1 compiles 2
03:43:23   src/ov_SC07_009/ov_SC07_009_jr_8012ACE0.c:func_80135168 A=DIFFERS B: removed 0 needed 5 compiles 6
03:43:23   src/ov_SC07_002/ov_SC07_002_jr_8012ACE0.c:func_80135168 A=DIFFERS B: removed 0 needed 5 compiles 6
03:43:23   src/ov_SC02_000/ov_SC02_000_after.c:func_80145934 A=DIFFERS B: removed 0 needed 1 compiles 2
03:43:23   src/ov_SC02_004/ov_SC02_004_after.c:func_80145A2C A=DIFFERS B: removed 0 needed 1 compiles 2
03:43:24   src/ov_SC02_005/ov_SC02_005_after.c:func_80145A2C A=DIFFERS B: removed 0 needed 1 compiles 2
03:43:24   src/ov_SC02_011/ov_SC02_011_after.c:func_80145934 A=DIFFERS B: removed 0 needed 1 compiles 2
03:43:25   src/ov_SC02_015/ov_SC02_015_after.c:func_80145934 A=DIFFERS B: removed 0 needed 1 compiles 2
03:43:25   src/ov_SC02_016/ov_SC02_016_after.c:func_80145934 A=DIFFERS B: removed 0 needed 1 compiles 2
03:43:25   src/ov_SC02_011/ov_SC02_011_after.c:func_80145A2C A=DIFFERS B: removed 0 needed 1 compiles 2
03:43:25   src/ov_SC01_005/ov_SC01_005_after.c:func_80148E54 A=DIFFERS B: removed 0 needed 2 compiles 3
03:43:26   src/ov_SC02_015/ov_SC02_015_after.c:func_80145A2C A=DIFFERS B: removed 0 needed 1 compiles 2
03:43:26   src/ov_SC02_000/ov_SC02_000_after.c:func_80145A2C A=DIFFERS B: removed 0 needed 1 compiles 2
03:43:26   src/ov_SC02_016/ov_SC02_016_after.c:func_80145A2C A=DIFFERS B: removed 0 needed 1 compiles 2
03:43:27   src/ov_SC02_021/ov_SC02_021_after.c:func_80145934 A=DIFFERS B: removed 0 needed 1 compiles 2
03:43:27   src/ov_SC02_005/ov_SC02_005_after.c:func_80148E54 A=DIFFERS B: removed 0 needed 2 compiles 3
03:43:27   src/ov_SC02_017/ov_SC02_017_after.c:func_80145934 A=DIFFERS B: removed 0 needed 1 compiles 2
03:43:27   src/ov_SC02_026/ov_SC02_026_after.c:func_80145934 A=DIFFERS B: removed 0 needed 1 compiles 2
03:43:27   src/ov_SC02_004/ov_SC02_004_after.c:func_80148E54 A=DIFFERS B: removed 0 needed 2 compiles 3
03:43:27   src/ov_SC02_027/ov_SC02_027_after.c:func_80145934 A=DIFFERS B: removed 0 needed 1 compiles 2
03:43:28   src/ov_SC02_028/ov_SC02_028_after.c:func_80145934 A=DIFFERS B: removed 0 needed 1 compiles 2
03:43:28   src/ov_SC02_021/ov_SC02_021_after.c:func_80145A2C A=DIFFERS B: removed 0 needed 1 compiles 2
03:43:28   src/ov_SC02_017/ov_SC02_017_after.c:func_80145A2C A=DIFFERS B: removed 0 needed 1 compiles 2
03:43:28   src/ov_SC02_026/ov_SC02_026_after.c:func_80145A2C A=DIFFERS B: removed 0 needed 1 compiles 2
03:43:28   src/ov_SC02_011/ov_SC02_011_after.c:func_80148E54 A=DIFFERS B: removed 0 needed 2 compiles 3
03:43:28   src/ov_SC02_027/ov_SC02_027_after.c:func_80145A2C A=DIFFERS B: removed 0 needed 1 compiles 2
03:43:28   src/ov_SC02_015/ov_SC02_015_after.c:func_80148E54 A=DIFFERS B: removed 0 needed 2 compiles 3
03:43:28   src/ov_SC02_016/ov_SC02_016_after.c:func_80148E54 A=DIFFERS B: removed 0 needed 2 compiles 3
03:43:29   src/ov_SC02_028/ov_SC02_028_after.c:func_80145A2C A=DIFFERS B: removed 0 needed 1 compiles 2
03:43:30   src/ov_SC02_021/ov_SC02_021_after.c:func_80148E54 A=DIFFERS B: removed 0 needed 2 compiles 3
03:43:30   src/ov_SC02_017/ov_SC02_017_after.c:func_80148E54 A=DIFFERS B: removed 0 needed 2 compiles 3
03:43:30   src/ov_SC02_026/ov_SC02_026_after.c:func_80148E54 A=DIFFERS B: removed 0 needed 2 compiles 3
03:43:31   src/ov_SC02_027/ov_SC02_027_after.c:func_80148E54 A=DIFFERS B: removed 0 needed 2 compiles 3
03:43:31   src/ov_SC02_028/ov_SC02_028_after.c:func_80148E54 A=DIFFERS B: removed 0 needed 2 compiles 3
03:43:32   src/ov_SC02_000/ov_SC02_000_after.c:func_80148E54 A=DIFFERS B: removed 0 needed 2 compiles 3
03:43:32   src/ov_SC02_031/ov_SC02_031_after.c:func_80145934 A=DIFFERS B: removed 0 needed 1 compiles 2
03:43:33   src/ov_SC02_035/ov_SC02_035_after.c:func_80145934 A=DIFFERS B: removed 0 needed 1 compiles 2
03:43:33   src/ov_SC02_037/ov_SC02_037_jr_801458E0.c:func_80145934 A=DIFFERS B: removed 0 needed 1 compiles 2
03:43:33   src/ov_SC02_039/ov_SC02_039_after.c:func_80145934 A=DIFFERS B: removed 0 needed 1 compiles 2
03:43:33   src/ov_SC02_041/ov_SC02_041_after.c:func_80145934 A=DIFFERS B: removed 0 needed 1 compiles 2
03:43:33   src/ov_SC02_031/ov_SC02_031_after.c:func_80145A2C A=DIFFERS B: removed 0 needed 1 compiles 2
03:43:34   src/ov_SC02_035/ov_SC02_035_after.c:func_80145A2C A=DIFFERS B: removed 0 needed 1 compiles 2
03:43:34   src/ov_SC02_037/ov_SC02_037_jr_801458E0.c:func_80145A2C A=DIFFERS B: removed 0 needed 1 compiles 2
03:43:34   src/ov_SC02_039/ov_SC02_039_after.c:func_80145A2C A=DIFFERS B: removed 0 needed 1 compiles 2
03:43:34   src/ov_SC03_001/ov_SC03_001_after.c:func_80145934 A=DIFFERS B: removed 0 needed 1 compiles 2
03:43:34   src/ov_SC02_041/ov_SC02_041_after.c:func_80145A2C A=DIFFERS B: removed 0 needed 1 compiles 2
03:43:35   src/ov_SC03_001/ov_SC03_001_after.c:func_80145A2C A=DIFFERS B: removed 0 needed 1 compiles 2
03:43:35   src/ov_SC03_002/ov_SC03_002_after.c:func_80145934 A=DIFFERS B: removed 0 needed 1 compiles 2
03:43:36   src/ov_SC03_003/ov_SC03_003_after.c:func_80145934 A=DIFFERS B: removed 0 needed 1 compiles 2
03:43:36   src/ov_SC03_006/ov_SC03_006_after.c:func_80145934 A=DIFFERS B: removed 0 needed 1 compiles 2
03:43:36   src/ov_SC03_007/ov_SC03_007_after.c:func_80145934 A=DIFFERS B: removed 0 needed 1 compiles 2
03:43:36   src/ov_SC02_031/ov_SC02_031_after.c:func_80148E54 A=DIFFERS B: removed 0 needed 2 compiles 3
03:43:36   src/ov_SC03_010/ov_SC03_010_after.c:func_80145934 A=DIFFERS B: removed 0 needed 1 compiles 2
03:43:36   src/ov_SC03_002/ov_SC03_002_after.c:func_80145A2C A=DIFFERS B: removed 0 needed 1 compiles 2
03:43:37   src/ov_SC02_035/ov_SC02_035_after.c:func_80148E54 A=DIFFERS B: removed 0 needed 2 compiles 3
03:43:37   src/ov_SC02_037/ov_SC02_037_jr_801458E0.c:func_80148E54 A=DIFFERS B: removed 0 needed 2 compiles 3
03:43:37   src/ov_SC03_003/ov_SC03_003_after.c:func_80145A2C A=DIFFERS B: removed 0 needed 1 compiles 2
03:43:37   src/ov_SC03_006/ov_SC03_006_after.c:func_80145A2C A=DIFFERS B: removed 0 needed 1 compiles 2
03:43:37   src/ov_SC03_007/ov_SC03_007_after.c:func_80145A2C A=DIFFERS B: removed 0 needed 1 compiles 2
03:43:37   src/ov_SC02_041/ov_SC02_041_after.c:func_80148E54 A=DIFFERS B: removed 0 needed 2 compiles 3
03:43:37   src/ov_SC02_039/ov_SC02_039_after.c:func_80148E54 A=DIFFERS B: removed 0 needed 2 compiles 3
03:43:37   src/ov_SC03_010/ov_SC03_010_after.c:func_80145A2C A=DIFFERS B: removed 0 needed 1 compiles 2
03:43:38   src/ov_SC03_001/ov_SC03_001_after.c:func_80148E54 A=DIFFERS B: removed 0 needed 2 compiles 3
03:43:39   src/ov_SC03_002/ov_SC03_002_after.c:func_80148E54 A=DIFFERS B: removed 0 needed 2 compiles 3
03:43:40   src/ov_SC03_003/ov_SC03_003_after.c:func_80148E54 A=DIFFERS B: removed 0 needed 2 compiles 3
03:43:40   src/ov_SC03_007/ov_SC03_007_after.c:func_80148E54 A=DIFFERS B: removed 0 needed 2 compiles 3
03:43:40   src/ov_SC03_006/ov_SC03_006_after.c:func_80148E54 A=DIFFERS B: removed 0 needed 2 compiles 3
03:43:40   src/ov_SC03_010/ov_SC03_010_after.c:func_80148E54 A=DIFFERS B: removed 0 needed 2 compiles 3
03:43:41   src/ov_SC03_011/ov_SC03_011_after.c:func_80145934 A=DIFFERS B: removed 0 needed 1 compiles 2
03:43:42   src/ov_SC03_012/ov_SC03_012_after.c:func_80145934 A=DIFFERS B: removed 0 needed 1 compiles 2
03:43:42   src/ov_SC03_013/ov_SC03_013_after.c:func_80145934 A=DIFFERS B: removed 0 needed 1 compiles 2
03:43:42   src/ov_SC03_011/ov_SC03_011_after.c:func_80145A2C A=DIFFERS B: removed 0 needed 1 compiles 2
03:43:42   src/ov_SC03_024/ov_SC03_024_after.c:func_80145934 A=DIFFERS B: removed 0 needed 1 compiles 2
03:43:42   src/ov_SC03_023/ov_SC03_023_after.c:func_80145934 A=DIFFERS B: removed 0 needed 1 compiles 2
03:43:43   src/ov_SC03_012/ov_SC03_012_after.c:func_80145A2C A=DIFFERS B: removed 0 needed 1 compiles 2
03:43:43   src/ov_SC03_028/ov_SC03_028_after.c:func_80145934 A=DIFFERS B: removed 0 needed 1 compiles 2
03:43:43   src/ov_SC03_013/ov_SC03_013_after.c:func_80145A2C A=DIFFERS B: removed 0 needed 1 compiles 2
03:43:43   src/ov_SC03_014/ov_SC03_014_after.c:func_80145934 A=DIFFERS B: removed 0 needed 1 compiles 2
03:43:43   src/ov_SC03_024/ov_SC03_024_after.c:func_80145A2C A=DIFFERS B: removed 0 needed 1 compiles 2
03:43:44   src/ov_SC03_023/ov_SC03_023_after.c:func_80145A2C A=DIFFERS B: removed 0 needed 1 compiles 2
03:43:44   src/ov_SC03_028/ov_SC03_028_after.c:func_80145A2C A=DIFFERS B: removed 0 needed 1 compiles 2
03:43:45   src/ov_SC03_029/ov_SC03_029_after.c:func_80145934 A=DIFFERS B: removed 0 needed 1 compiles 2
03:43:45   src/ov_SC03_011/ov_SC03_011_after.c:func_80148E54 A=DIFFERS B: removed 0 needed 2 compiles 3
03:43:45   src/ov_SC03_089/ov_SC03_089_after.c:func_80145934 A=DIFFERS B: removed 0 needed 1 compiles 2
03:43:45   src/ov_SC03_031/ov_SC03_031_after.c:func_80145934 A=DIFFERS B: removed 0 needed 1 compiles 2
03:43:45   src/ov_SC03_030/ov_SC03_030_after.c:func_80145934 A=DIFFERS B: removed 0 needed 1 compiles 2
03:43:46   src/ov_SC03_014/ov_SC03_014_after.c:func_80145A2C A=DIFFERS B: removed 0 needed 1 compiles 2
03:43:46   src/ov_SC03_090/ov_SC03_090_after.c:func_80145934 A=DIFFERS B: removed 0 needed 1 compiles 2
03:43:46   src/ov_SC03_012/ov_SC03_012_after.c:func_80148E54 A=DIFFERS B: removed 0 needed 2 compiles 3
03:43:46   src/ov_SC03_089/ov_SC03_089_after.c:func_80145A2C A=DIFFERS B: removed 0 needed 1 compiles 2
03:43:46   src/ov_SC03_024/ov_SC03_024_after.c:func_80148E54 A=DIFFERS B: removed 0 needed 2 compiles 3
03:43:46   src/ov_SC03_031/ov_SC03_031_after.c:func_80145A2C A=DIFFERS B: removed 0 needed 1 compiles 2
03:43:46   src/ov_SC03_023/ov_SC03_023_after.c:func_80148E54 A=DIFFERS B: removed 0 needed 2 compiles 3
03:43:46   src/ov_SC03_029/ov_SC03_029_after.c:func_80145A2C A=DIFFERS B: removed 0 needed 1 compiles 2
03:43:46   src/ov_SC03_030/ov_SC03_030_after.c:func_80145A2C A=DIFFERS B: removed 0 needed 1 compiles 2
03:43:47   src/ov_SC03_013/ov_SC03_013_after.c:func_80148E54 A=DIFFERS B: removed 0 needed 2 compiles 3
03:43:47   src/ov_SC03_090/ov_SC03_090_after.c:func_80145A2C A=DIFFERS B: removed 0 needed 1 compiles 2
03:43:47   src/ov_SC03_028/ov_SC03_028_after.c:func_80148E54 A=DIFFERS B: removed 0 needed 2 compiles 3
03:43:49   src/ov_SC03_031/ov_SC03_031_after.c:func_80148E54 A=DIFFERS B: removed 0 needed 2 compiles 3
03:43:49   src/ov_SC03_029/ov_SC03_029_after.c:func_80148E54 A=DIFFERS B: removed 0 needed 2 compiles 3
03:43:49   src/ov_SC03_030/ov_SC03_030_after.c:func_80148E54 A=DIFFERS B: removed 0 needed 2 compiles 3
03:43:49   src/ov_SC03_089/ov_SC03_089_after.c:func_80148E54 A=DIFFERS B: removed 0 needed 2 compiles 3
03:43:49   src/ov_SC03_090/ov_SC03_090_after.c:func_80148E54 A=DIFFERS B: removed 0 needed 2 compiles 3
03:43:50   src/ov_SC03_091/ov_SC03_091_after.c:func_80145934 A=DIFFERS B: removed 0 needed 1 compiles 2
03:43:50   src/ov_SC03_092/ov_SC03_092_after.c:func_80145934 A=DIFFERS B: removed 0 needed 1 compiles 2
03:43:51   src/ov_SC03_014/ov_SC03_014_after.c:func_80148E54 A=DIFFERS B: removed 0 needed 2 compiles 3
03:43:51   src/ov_SC03_091/ov_SC03_091_after.c:func_80145A2C A=DIFFERS B: removed 0 needed 1 compiles 2
03:43:51   src/ov_SC03_093/ov_SC03_093_after.c:func_80145934 A=DIFFERS B: removed 0 needed 1 compiles 2
03:43:51   src/ov_SC03_094/ov_SC03_094_after.c:func_80145934 A=DIFFERS B: removed 0 needed 1 compiles 2
03:43:51   src/ov_SC03_095/ov_SC03_095_after.c:func_80145934 A=DIFFERS B: removed 0 needed 1 compiles 2
03:43:51   src/ov_SC03_092/ov_SC03_092_after.c:func_80145A2C A=DIFFERS B: removed 0 needed 1 compiles 2
03:43:51   src/ov_SC03_096/ov_SC03_096_after.c:func_80145934 A=DIFFERS B: removed 0 needed 1 compiles 2
03:43:52   src/ov_SC03_093/ov_SC03_093_after.c:func_80145A2C A=DIFFERS B: removed 0 needed 1 compiles 2
03:43:52   src/ov_SC03_094/ov_SC03_094_after.c:func_80145A2C A=DIFFERS B: removed 0 needed 1 compiles 2
03:43:52   src/ov_SC03_095/ov_SC03_095_after.c:func_80145A2C A=DIFFERS B: removed 0 needed 1 compiles 2
03:43:52   src/ov_SC03_096/ov_SC03_096_after.c:func_80145A2C A=DIFFERS B: removed 0 needed 1 compiles 2
03:43:53   src/ov_SC03_097/ov_SC03_097_after.c:func_80145934 A=DIFFERS B: removed 0 needed 1 compiles 2
03:43:54   src/ov_SC03_098/ov_SC03_098_after.c:func_80145934 A=DIFFERS B: removed 0 needed 1 compiles 2
03:43:54   src/ov_SC03_091/ov_SC03_091_after.c:func_80148E54 A=DIFFERS B: removed 0 needed 2 compiles 3
03:43:54   src/ov_SC03_099/ov_SC03_099_after.c:func_80145934 A=DIFFERS B: removed 0 needed 1 compiles 2
03:43:54   src/ov_SC03_100/ov_SC03_100_after.c:func_80145934 A=DIFFERS B: removed 0 needed 1 compiles 2
03:43:54   src/ov_SC03_092/ov_SC03_092_after.c:func_80148E54 A=DIFFERS B: removed 0 needed 2 compiles 3
03:43:54   src/ov_SC03_101/ov_SC03_101_after.c:func_80145934 A=DIFFERS B: removed 0 needed 1 compiles 2
03:43:54   src/ov_SC03_097/ov_SC03_097_after.c:func_80145A2C A=DIFFERS B: removed 0 needed 1 compiles 2
03:43:54   src/ov_SC03_098/ov_SC03_098_after.c:func_80145A2C A=DIFFERS B: removed 0 needed 1 compiles 2
03:43:55   src/ov_SC03_099/ov_SC03_099_after.c:func_80145A2C A=DIFFERS B: removed 0 needed 1 compiles 2
03:43:55   src/ov_SC03_095/ov_SC03_095_after.c:func_80148E54 A=DIFFERS B: removed 0 needed 2 compiles 3
03:43:55   src/ov_SC03_093/ov_SC03_093_after.c:func_80148E54 A=DIFFERS B: removed 0 needed 2 compiles 3
03:43:55   src/ov_SC03_094/ov_SC03_094_after.c:func_80148E54 A=DIFFERS B: removed 0 needed 2 compiles 3
03:43:55   src/ov_SC03_100/ov_SC03_100_after.c:func_80145A2C A=DIFFERS B: removed 0 needed 1 compiles 2
03:43:55   src/ov_SC03_096/ov_SC03_096_after.c:func_80148E54 A=DIFFERS B: removed 0 needed 2 compiles 3
03:43:55   src/ov_SC03_101/ov_SC03_101_after.c:func_80145A2C A=DIFFERS B: removed 0 needed 1 compiles 2
03:43:57   src/ov_SC03_097/ov_SC03_097_after.c:func_80148E54 A=DIFFERS B: removed 0 needed 2 compiles 3
03:43:57   src/ov_SC03_098/ov_SC03_098_after.c:func_80148E54 A=DIFFERS B: removed 0 needed 2 compiles 3
03:43:57   src/ov_SC03_099/ov_SC03_099_after.c:func_80148E54 A=DIFFERS B: removed 0 needed 2 compiles 3
03:43:58   src/ov_SC03_100/ov_SC03_100_after.c:func_80148E54 A=DIFFERS B: removed 0 needed 2 compiles 3
03:43:58   src/ov_SC03_101/ov_SC03_101_after.c:func_80148E54 A=DIFFERS B: removed 0 needed 2 compiles 3
03:43:59   src/ov_SC03_102/ov_SC03_102_after.c:func_80145934 A=DIFFERS B: removed 0 needed 1 compiles 2
03:43:59   src/ov_SC03_103/ov_SC03_103_after.c:func_80145934 A=DIFFERS B: removed 0 needed 1 compiles 2
03:43:59   src/ov_SC03_104/ov_SC03_104_after.c:func_80145934 A=DIFFERS B: removed 0 needed 1 compiles 2
03:44:00   src/ov_SC03_105/ov_SC03_105_after.c:func_80145934 A=DIFFERS B: removed 0 needed 1 compiles 2
03:44:00   src/ov_SC03_107/ov_SC03_107_jr_801458E0.c:func_80145934 A=DIFFERS B: removed 0 needed 1 compiles 2
03:44:00   src/ov_SC03_102/ov_SC03_102_after.c:func_80145A2C A=DIFFERS B: removed 0 needed 1 compiles 2
03:44:00   src/ov_SC03_103/ov_SC03_103_after.c:func_80145A2C A=DIFFERS B: removed 0 needed 1 compiles 2
03:44:00   src/ov_SC03_109/ov_SC03_109_after.c:func_80145934 A=DIFFERS B: removed 0 needed 1 compiles 2
03:44:00   src/ov_SC03_108/ov_SC03_108_after.c:func_80145934 A=DIFFERS B: removed 0 needed 1 compiles 2
03:44:00   src/ov_SC03_104/ov_SC03_104_after.c:func_80145A2C A=DIFFERS B: removed 0 needed 1 compiles 2
03:44:01   src/ov_SC03_105/ov_SC03_105_after.c:func_80145A2C A=DIFFERS B: removed 0 needed 1 compiles 2
03:44:01   src/ov_SC03_107/ov_SC03_107_jr_801458E0.c:func_80145A2C A=DIFFERS B: removed 0 needed 1 compiles 2
03:44:01   src/ov_SC03_108/ov_SC03_108_after.c:func_80145A2C A=DIFFERS B: removed 0 needed 1 compiles 2
03:44:01   src/ov_SC03_109/ov_SC03_109_after.c:func_80145A2C A=DIFFERS B: removed 0 needed 1 compiles 2
03:44:02   src/ov_SC03_110/ov_SC03_110_after.c:func_80145934 A=DIFFERS B: removed 0 needed 1 compiles 2
03:44:02   src/ov_SC03_111/ov_SC03_111_after.c:func_80145934 A=DIFFERS B: removed 0 needed 1 compiles 2
03:44:02   src/ov_SC03_112/ov_SC03_112_after.c:func_80145934 A=DIFFERS B: removed 0 needed 1 compiles 2
03:44:02   src/ov_SC03_102/ov_SC03_102_after.c:func_80148E54 A=DIFFERS B: removed 0 needed 2 compiles 3
03:44:03   src/ov_SC03_104/ov_SC03_104_after.c:func_80148E54 A=DIFFERS B: removed 0 needed 2 compiles 3
03:44:03   src/ov_SC03_103/ov_SC03_103_after.c:func_80148E54 A=DIFFERS B: removed 0 needed 2 compiles 3
03:44:03   src/ov_SC03_113/ov_SC03_113_after.c:func_80145934 A=DIFFERS B: removed 0 needed 1 compiles 2
03:44:03   src/ov_SC03_114/ov_SC03_114_after.c:func_80145934 A=DIFFERS B: removed 0 needed 1 compiles 2
03:44:03   src/ov_SC03_111/ov_SC03_111_after.c:func_80145A2C A=DIFFERS B: removed 0 needed 1 compiles 2
03:44:03   src/ov_SC03_110/ov_SC03_110_after.c:func_80145A2C A=DIFFERS B: removed 0 needed 1 compiles 2
03:44:03   src/ov_SC03_112/ov_SC03_112_after.c:func_80145A2C A=DIFFERS B: removed 0 needed 1 compiles 2
03:44:03   src/ov_SC03_105/ov_SC03_105_after.c:func_80148E54 A=DIFFERS B: removed 0 needed 2 compiles 3
03:44:03   src/ov_SC03_107/ov_SC03_107_jr_801458E0.c:func_80148E54 A=DIFFERS B: removed 0 needed 2 compiles 3
03:44:04   src/ov_SC03_108/ov_SC03_108_after.c:func_80148E54 A=DIFFERS B: removed 0 needed 2 compiles 3
03:44:04   src/ov_SC03_114/ov_SC03_114_after.c:func_80145A2C A=DIFFERS B: removed 0 needed 1 compiles 2
03:44:04   src/ov_SC03_113/ov_SC03_113_after.c:func_80145A2C A=DIFFERS B: removed 0 needed 1 compiles 2
03:44:04   src/ov_SC03_109/ov_SC03_109_after.c:func_80148E54 A=DIFFERS B: removed 0 needed 2 compiles 3
03:44:06   src/ov_SC03_111/ov_SC03_111_after.c:func_80148E54 A=DIFFERS B: removed 0 needed 2 compiles 3
03:44:06   src/ov_SC03_110/ov_SC03_110_after.c:func_80148E54 A=DIFFERS B: removed 0 needed 2 compiles 3
03:44:06   src/ov_SC03_112/ov_SC03_112_after.c:func_80148E54 A=DIFFERS B: removed 0 needed 2 compiles 3
03:44:06   src/ov_SC03_114/ov_SC03_114_after.c:func_80148E54 A=DIFFERS B: removed 0 needed 2 compiles 3
03:44:07   src/ov_SC03_113/ov_SC03_113_after.c:func_80148E54 A=DIFFERS B: removed 0 needed 2 compiles 3
03:44:07   src/ov_SC03_115/ov_SC03_115_after.c:func_80145934 A=DIFFERS B: removed 0 needed 1 compiles 2
03:44:08   src/ov_SC03_116/ov_SC03_116_after.c:func_80145934 A=DIFFERS B: removed 0 needed 1 compiles 2
03:44:08   src/ov_SC03_117/ov_SC03_117_after.c:func_80145934 A=DIFFERS B: removed 0 needed 1 compiles 2
03:44:08   src/ov_SC03_115/ov_SC03_115_after.c:func_80145A2C A=DIFFERS B: removed 0 needed 1 compiles 2
03:44:08   src/ov_SC03_121/ov_SC03_121_after.c:func_80145934 A=DIFFERS B: removed 0 needed 1 compiles 2
03:44:09   src/ov_SC03_116/ov_SC03_116_after.c:func_80145A2C A=DIFFERS B: removed 0 needed 1 compiles 2
03:44:09   src/ov_SC03_117/ov_SC03_117_after.c:func_80145A2C A=DIFFERS B: removed 0 needed 1 compiles 2
03:44:09   src/ov_SC03_124/ov_SC03_124_after.c:func_80145934 A=DIFFERS B: removed 0 needed 1 compiles 2
03:44:09   src/ov_SC03_125/ov_SC03_125_after.c:func_80145934 A=DIFFERS B: removed 0 needed 1 compiles 2
03:44:09   src/ov_SC03_118/ov_SC03_118_after.c:func_80145934 A=DIFFERS B: removed 0 needed 1 compiles 2
03:44:10   src/ov_SC03_121/ov_SC03_121_after.c:func_80145A2C A=DIFFERS B: removed 0 needed 1 compiles 2
03:44:10   src/ov_SC03_124/ov_SC03_124_after.c:func_80145A2C A=DIFFERS B: removed 0 needed 1 compiles 2
03:44:10   src/ov_SC03_125/ov_SC03_125_after.c:func_80145A2C A=DIFFERS B: removed 0 needed 1 compiles 2
03:44:11   src/ov_SC04_002/ov_SC04_002_after.c:func_80145934 A=DIFFERS B: removed 0 needed 1 compiles 2
03:44:11   src/ov_SC04_000/ov_SC04_000_after.c:func_80145934 A=DIFFERS B: removed 0 needed 1 compiles 2
03:44:11   src/ov_SC04_003/ov_SC04_003_after.c:func_80145934 A=DIFFERS B: removed 0 needed 1 compiles 2
03:44:11   src/ov_SC04_004/ov_SC04_004_after.c:func_80145934 A=DIFFERS B: removed 0 needed 1 compiles 2
03:44:11   src/ov_SC03_116/ov_SC03_116_after.c:func_80148E54 A=DIFFERS B: removed 0 needed 2 compiles 3
03:44:11   src/ov_SC03_115/ov_SC03_115_after.c:func_80148E54 A=DIFFERS B: removed 0 needed 2 compiles 3
03:44:11   src/ov_SC03_117/ov_SC03_117_after.c:func_80148E54 A=DIFFERS B: removed 0 needed 2 compiles 3
03:44:11   src/ov_SC04_005/ov_SC04_005_after.c:func_80145934 A=DIFFERS B: removed 0 needed 1 compiles 2
03:44:12   src/ov_SC04_002/ov_SC04_002_after.c:func_80145A2C A=DIFFERS B: removed 0 needed 1 compiles 2
03:44:12   src/ov_SC03_118/ov_SC03_118_after.c:func_80145A2C A=DIFFERS B: removed 0 needed 1 compiles 2
03:44:12   src/ov_SC04_003/ov_SC04_003_after.c:func_80145A2C A=DIFFERS B: removed 0 needed 1 compiles 2
03:44:12   src/ov_SC04_000/ov_SC04_000_after.c:func_80145A2C A=DIFFERS B: removed 0 needed 1 compiles 2
03:44:12   src/ov_SC04_004/ov_SC04_004_after.c:func_80145A2C A=DIFFERS B: removed 0 needed 1 compiles 2
03:44:12   src/ov_SC03_121/ov_SC03_121_after.c:func_80148E54 A=DIFFERS B: removed 0 needed 2 compiles 3
03:44:12   src/ov_SC04_005/ov_SC04_005_after.c:func_80145A2C A=DIFFERS B: removed 0 needed 1 compiles 2
03:44:12   src/ov_SC03_124/ov_SC03_124_after.c:func_80148E54 A=DIFFERS B: removed 0 needed 2 compiles 3
03:44:12   src/ov_SC03_125/ov_SC03_125_after.c:func_80148E54 A=DIFFERS B: removed 0 needed 2 compiles 3
03:44:14   src/ov_SC04_002/ov_SC04_002_after.c:func_80148E54 A=DIFFERS B: removed 0 needed 2 compiles 3
03:44:14   src/ov_SC04_003/ov_SC04_003_after.c:func_80148E54 A=DIFFERS B: removed 0 needed 2 compiles 3
03:44:14   src/ov_SC04_000/ov_SC04_000_after.c:func_80148E54 A=DIFFERS B: removed 0 needed 2 compiles 3
03:44:15   src/ov_SC04_004/ov_SC04_004_after.c:func_80148E54 A=DIFFERS B: removed 0 needed 2 compiles 3
03:44:15   src/ov_SC04_005/ov_SC04_005_after.c:func_80148E54 A=DIFFERS B: removed 0 needed 2 compiles 3
03:44:16   src/ov_SC04_006/ov_SC04_006_after.c:func_80145934 A=DIFFERS B: removed 0 needed 1 compiles 2
03:44:16   src/ov_SC04_007/ov_SC04_007_after.c:func_80145934 A=DIFFERS B: removed 0 needed 1 compiles 2
03:44:16   src/ov_SC04_009/ov_SC04_009_after.c:func_80145934 A=DIFFERS B: removed 0 needed 1 compiles 2
03:44:17   src/ov_SC04_010/ov_SC04_010_after.c:func_80145934 A=DIFFERS B: removed 0 needed 1 compiles 2
03:44:17   src/ov_SC03_118/ov_SC03_118_after.c:func_80148E54 A=DIFFERS B: removed 0 needed 2 compiles 3
03:44:17   src/ov_SC04_006/ov_SC04_006_after.c:func_80145A2C A=DIFFERS B: removed 0 needed 1 compiles 2
03:44:17   src/ov_SC04_012/ov_SC04_012_after.c:func_80145934 A=DIFFERS B: removed 0 needed 1 compiles 2
03:44:17   src/ov_SC04_007/ov_SC04_007_after.c:func_80145A2C A=DIFFERS B: removed 0 needed 1 compiles 2
03:44:18   src/ov_SC04_015/ov_SC04_015_after.c:func_80145934 A=DIFFERS B: removed 0 needed 1 compiles 2
03:44:18   src/ov_SC04_009/ov_SC04_009_after.c:func_80145A2C A=DIFFERS B: removed 0 needed 1 compiles 2
03:44:18   src/ov_SC04_010/ov_SC04_010_after.c:func_80145A2C A=DIFFERS B: removed 0 needed 1 compiles 2
03:44:18   src/ov_SC04_012/ov_SC04_012_after.c:func_80145A2C A=DIFFERS B: removed 0 needed 1 compiles 2
03:44:19   src/ov_SC04_015/ov_SC04_015_after.c:func_80145A2C A=DIFFERS B: removed 0 needed 1 compiles 2
03:44:19   src/ov_SC04_016/ov_SC04_016_after.c:func_80145934 A=DIFFERS B: removed 0 needed 1 compiles 2
03:44:19   src/ov_SC04_020/ov_SC04_020_after.c:func_80145934 A=DIFFERS B: removed 0 needed 1 compiles 2
03:44:20   src/ov_SC05_000/ov_SC05_000_after.c:func_80145934 A=DIFFERS B: removed 0 needed 1 compiles 2
03:44:20   src/ov_SC04_006/ov_SC04_006_after.c:func_80148E54 A=DIFFERS B: removed 0 needed 2 compiles 3
03:44:20   src/ov_SC04_016/ov_SC04_016_after.c:func_80145A2C A=DIFFERS B: removed 0 needed 1 compiles 2
03:44:20   src/ov_SC05_001/ov_SC05_001_after.c:func_80145934 A=DIFFERS B: removed 0 needed 1 compiles 2
03:44:20   src/ov_SC04_007/ov_SC04_007_after.c:func_80148E54 A=DIFFERS B: removed 0 needed 2 compiles 3
03:44:20   src/ov_SC04_018/ov_SC04_018_after.c:func_80145934 A=DIFFERS B: removed 0 needed 1 compiles 2
03:44:20   src/ov_SC04_009/ov_SC04_009_after.c:func_80148E54 A=DIFFERS B: removed 0 needed 2 compiles 3
03:44:21   src/ov_SC05_000/ov_SC05_000_after.c:func_80145A2C A=DIFFERS B: removed 0 needed 1 compiles 2
03:44:21   src/ov_SC04_020/ov_SC04_020_after.c:func_80145A2C A=DIFFERS B: removed 0 needed 1 compiles 2
03:44:21   src/ov_SC04_010/ov_SC04_010_after.c:func_80148E54 A=DIFFERS B: removed 0 needed 2 compiles 3
03:44:21   src/ov_SC04_012/ov_SC04_012_after.c:func_80148E54 A=DIFFERS B: removed 0 needed 2 compiles 3
03:44:21   src/ov_SC05_001/ov_SC05_001_after.c:func_80145A2C A=DIFFERS B: removed 0 needed 1 compiles 2
03:44:21   src/ov_SC04_015/ov_SC04_015_after.c:func_80148E54 A=DIFFERS B: removed 0 needed 2 compiles 3
03:44:22   src/ov_SC04_018/ov_SC04_018_after.c:func_80145A2C A=DIFFERS B: removed 0 needed 1 compiles 2
03:44:23   src/ov_SC04_016/ov_SC04_016_after.c:func_80148E54 A=DIFFERS B: removed 0 needed 2 compiles 3
03:44:23   src/ov_SC04_020/ov_SC04_020_after.c:func_80148E54 A=DIFFERS B: removed 0 needed 2 compiles 3
03:44:23   src/ov_SC05_000/ov_SC05_000_after.c:func_80148E54 A=DIFFERS B: removed 0 needed 2 compiles 3
03:44:24   src/ov_SC05_001/ov_SC05_001_after.c:func_80148E54 A=DIFFERS B: removed 0 needed 2 compiles 3
03:44:25   src/ov_SC05_002/ov_SC05_002_after.c:func_80145934 A=DIFFERS B: removed 0 needed 1 compiles 2
03:44:25   src/ov_SC05_003/ov_SC05_003_after.c:func_80145934 A=DIFFERS B: removed 0 needed 1 compiles 2
03:44:26   src/ov_SC05_004/ov_SC05_004_after.c:func_80145934 A=DIFFERS B: removed 0 needed 1 compiles 2
03:44:26   src/ov_SC05_006/ov_SC05_006_after.c:func_80145934 A=DIFFERS B: removed 0 needed 1 compiles 2
03:44:26   src/ov_SC05_002/ov_SC05_002_after.c:func_80145A2C A=DIFFERS B: removed 0 needed 1 compiles 2
03:44:26   src/ov_SC05_005/ov_SC05_005_after.c:func_80145934 A=DIFFERS B: removed 0 needed 1 compiles 2
03:44:26   src/ov_SC05_007/ov_SC05_007_after.c:func_80145934 A=DIFFERS B: removed 0 needed 1 compiles 2
03:44:26   src/ov_SC05_003/ov_SC05_003_after.c:func_80145A2C A=DIFFERS B: removed 0 needed 1 compiles 2
03:44:26   src/ov_SC05_008/ov_SC05_008_after.c:func_80145934 A=DIFFERS B: removed 0 needed 1 compiles 2
03:44:27   src/ov_SC05_004/ov_SC05_004_after.c:func_80145A2C A=DIFFERS B: removed 0 needed 1 compiles 2
03:44:27   src/ov_SC05_006/ov_SC05_006_after.c:func_80145A2C A=DIFFERS B: removed 0 needed 1 compiles 2
03:44:27   src/ov_SC05_007/ov_SC05_007_after.c:func_80145A2C A=DIFFERS B: removed 0 needed 1 compiles 2
03:44:27   src/ov_SC05_005/ov_SC05_005_after.c:func_80145A2C A=DIFFERS B: removed 0 needed 1 compiles 2
03:44:27   src/ov_SC05_008/ov_SC05_008_after.c:func_80145A2C A=DIFFERS B: removed 0 needed 1 compiles 2
03:44:27   src/ov_SC05_010/ov_SC05_010_after.c:func_80145934 A=DIFFERS B: removed 0 needed 1 compiles 2
03:44:28   src/ov_SC05_011/ov_SC05_011_after.c:func_80145934 A=DIFFERS B: removed 0 needed 1 compiles 2
03:44:28   src/ov_SC04_018/ov_SC04_018_after.c:func_80148E54 A=DIFFERS B: removed 0 needed 2 compiles 3
03:44:28   src/ov_SC05_002/ov_SC05_002_after.c:func_80148E54 A=DIFFERS B: removed 0 needed 2 compiles 3
03:44:29   src/ov_SC05_010/ov_SC05_010_after.c:func_80145A2C A=DIFFERS B: removed 0 needed 1 compiles 2
03:44:29   src/ov_SC05_017/ov_SC05_017_after.c:func_80145934 A=DIFFERS B: removed 0 needed 1 compiles 2
03:44:29   src/ov_SC05_003/ov_SC05_003_after.c:func_80148E54 A=DIFFERS B: removed 0 needed 2 compiles 3
03:44:29   src/ov_SC05_018/ov_SC05_018_after.c:func_80145934 A=DIFFERS B: removed 0 needed 1 compiles 2
03:44:29   src/ov_SC05_011/ov_SC05_011_after.c:func_80145A2C A=DIFFERS B: removed 0 needed 1 compiles 2
03:44:29   src/ov_SC05_006/ov_SC05_006_after.c:func_80148E54 A=DIFFERS B: removed 0 needed 2 compiles 3
03:44:29   src/ov_SC05_004/ov_SC05_004_after.c:func_80148E54 A=DIFFERS B: removed 0 needed 2 compiles 3
03:44:29   src/ov_SC05_007/ov_SC05_007_after.c:func_80148E54 A=DIFFERS B: removed 0 needed 2 compiles 3
03:44:30   src/ov_SC05_005/ov_SC05_005_after.c:func_80148E54 A=DIFFERS B: removed 0 needed 2 compiles 3
03:44:30   src/ov_SC05_017/ov_SC05_017_after.c:func_80145A2C A=DIFFERS B: removed 0 needed 1 compiles 2
03:44:30   src/ov_SC05_008/ov_SC05_008_after.c:func_80148E54 A=DIFFERS B: removed 0 needed 2 compiles 3
03:44:30   src/ov_SC05_018/ov_SC05_018_after.c:func_80145A2C A=DIFFERS B: removed 0 needed 1 compiles 2
03:44:31   src/ov_SC05_010/ov_SC05_010_after.c:func_80148E54 A=DIFFERS B: removed 0 needed 2 compiles 3
03:44:32   src/ov_SC05_011/ov_SC05_011_after.c:func_80148E54 A=DIFFERS B: removed 0 needed 2 compiles 3
03:44:33   src/ov_SC05_017/ov_SC05_017_after.c:func_80148E54 A=DIFFERS B: removed 0 needed 2 compiles 3
03:44:33   src/ov_SC05_018/ov_SC05_018_after.c:func_80148E54 A=DIFFERS B: removed 0 needed 2 compiles 3
03:44:33   src/ov_SC06_000/ov_SC06_000_after.c:func_80145934 A=DIFFERS B: removed 0 needed 1 compiles 2
03:44:34   src/ov_SC06_006/ov_SC06_006_after.c:func_80145934 A=DIFFERS B: removed 0 needed 1 compiles 2
03:44:34   src/ov_SC06_008/ov_SC06_008_after.c:func_80145934 A=DIFFERS B: removed 0 needed 1 compiles 2
03:44:34   src/ov_SC06_000/ov_SC06_000_after.c:func_80145A2C A=DIFFERS B: removed 0 needed 1 compiles 2
03:44:34   src/ov_SC06_011/ov_SC06_011_after.c:func_80145934 A=DIFFERS B: removed 0 needed 1 compiles 2
03:44:34   src/ov_SC06_010/ov_SC06_010_after.c:func_80145934 A=DIFFERS B: removed 0 needed 1 compiles 2
03:44:35   src/ov_SC06_006/ov_SC06_006_after.c:func_80145A2C A=DIFFERS B: removed 0 needed 1 compiles 2
03:44:35   src/ov_SC06_013/ov_SC06_013_after.c:func_80145934 A=DIFFERS B: removed 0 needed 1 compiles 2
03:44:35   src/ov_SC06_014/ov_SC06_014_after.c:func_80145934 A=DIFFERS B: removed 0 needed 1 compiles 2
03:44:35   src/ov_SC06_008/ov_SC06_008_after.c:func_80145A2C A=DIFFERS B: removed 0 needed 1 compiles 2
03:44:35   src/ov_SC06_010/ov_SC06_010_after.c:func_80145A2C A=DIFFERS B: removed 0 needed 1 compiles 2
03:44:35   src/ov_SC06_011/ov_SC06_011_after.c:func_80145A2C A=DIFFERS B: removed 0 needed 1 compiles 2
03:44:36   src/ov_SC06_013/ov_SC06_013_after.c:func_80145A2C A=DIFFERS B: removed 0 needed 1 compiles 2
03:44:36   src/ov_SC06_014/ov_SC06_014_after.c:func_80145A2C A=DIFFERS B: removed 0 needed 1 compiles 2
03:44:36   src/ov_SC06_015/ov_SC06_015_after.c:func_80145934 A=DIFFERS B: removed 0 needed 1 compiles 2
03:44:37   src/ov_SC06_016/ov_SC06_016_after.c:func_80145934 A=DIFFERS B: removed 0 needed 1 compiles 2
03:44:37   src/ov_SC06_018/ov_SC06_018_after.c:func_80145934 A=DIFFERS B: removed 0 needed 1 compiles 2
03:44:37   src/ov_SC06_000/ov_SC06_000_after.c:func_80148E54 A=DIFFERS B: removed 0 needed 2 compiles 3
03:44:37   src/ov_SC06_006/ov_SC06_006_after.c:func_80148E54 A=DIFFERS B: removed 0 needed 2 compiles 3
03:44:37   src/ov_SC06_015/ov_SC06_015_after.c:func_80145A2C A=DIFFERS B: removed 0 needed 1 compiles 2
03:44:38   src/ov_SC06_016/ov_SC06_016_after.c:func_80145A2C A=DIFFERS B: removed 0 needed 1 compiles 2
03:44:38   src/ov_SC06_020/ov_SC06_020_after.c:func_80145934 A=DIFFERS B: removed 0 needed 1 compiles 2
03:44:38   src/ov_SC06_010/ov_SC06_010_after.c:func_80148E54 A=DIFFERS B: removed 0 needed 2 compiles 3
03:44:38   src/ov_SC06_008/ov_SC06_008_after.c:func_80148E54 A=DIFFERS B: removed 0 needed 2 compiles 3
03:44:38   src/ov_SC06_018/ov_SC06_018_after.c:func_80145A2C A=DIFFERS B: removed 0 needed 1 compiles 2
03:44:38   src/ov_SC06_022/ov_SC06_022_after.c:func_80145934 A=DIFFERS B: removed 0 needed 1 compiles 2
03:44:38   src/ov_SC06_011/ov_SC06_011_after.c:func_80148E54 A=DIFFERS B: removed 0 needed 2 compiles 3
03:44:38   src/ov_SC06_013/ov_SC06_013_after.c:func_80148E54 A=DIFFERS B: removed 0 needed 2 compiles 3
03:44:38   src/ov_SC06_014/ov_SC06_014_after.c:func_80148E54 A=DIFFERS B: removed 0 needed 2 compiles 3
03:44:39   src/ov_SC06_020/ov_SC06_020_after.c:func_80145A2C A=DIFFERS B: removed 0 needed 1 compiles 2
03:44:39   src/ov_SC06_022/ov_SC06_022_after.c:func_80145A2C A=DIFFERS B: removed 0 needed 1 compiles 2
03:44:40   src/ov_SC06_015/ov_SC06_015_after.c:func_80148E54 A=DIFFERS B: removed 0 needed 2 compiles 3
03:44:40   src/ov_SC06_016/ov_SC06_016_after.c:func_80148E54 A=DIFFERS B: removed 0 needed 2 compiles 3
03:44:40   src/ov_SC06_018/ov_SC06_018_after.c:func_80148E54 A=DIFFERS B: removed 0 needed 2 compiles 3
03:44:41   src/ov_SC06_020/ov_SC06_020_after.c:func_80148E54 A=DIFFERS B: removed 0 needed 2 compiles 3
03:44:42   src/ov_SC06_024/ov_SC06_024_after.c:func_80145934 A=DIFFERS B: removed 0 needed 1 compiles 2
03:44:42   src/ov_SC06_022/ov_SC06_022_after.c:func_80148E54 A=DIFFERS B: removed 0 needed 2 compiles 3
03:44:42   src/ov_SC06_025/ov_SC06_025_after.c:func_80145934 A=DIFFERS B: removed 0 needed 1 compiles 2
03:44:42   src/ov_SC06_022/ov_SC06_022_jr_8013C98C.c:func_8013CF68 A=DIFFERS B: removed 0 needed 1 compiles 2
03:44:42   src/ov_SC06_024/ov_SC06_024_jr_8013C98C.c:func_8013CF68 A=DIFFERS B: removed 0 needed 1 compiles 2
03:44:42   src/ov_SC06_025/ov_SC06_025_jr_8013C98C.c:func_8013CF68 A=DIFFERS B: removed 0 needed 1 compiles 2
03:44:42   src/ov_SC06_027/ov_SC06_027_jr_8013C98C.c:func_8013CF68 A=DIFFERS B: removed 0 needed 1 compiles 2
03:44:42   src/ov_SC06_022/ov_SC06_022_jr_8013C98C.c:func_8013D178 A=DIFFERS B: removed 0 needed 1 compiles 2
03:44:43   src/ov_SC06_027/ov_SC06_027_jr_8013C98C.c:func_8013D178 A=DIFFERS B: removed 0 needed 1 compiles 2
03:44:43   src/ov_SC06_024/ov_SC06_024_jr_8013C98C.c:func_8013D178 A=DIFFERS B: removed 0 needed 1 compiles 2
03:44:43   src/ov_SC06_025/ov_SC06_025_jr_8013C98C.c:func_8013D178 A=DIFFERS B: removed 0 needed 1 compiles 2
03:44:43   src/ov_SC06_029/ov_SC06_029_jr_8013C98C.c:func_8013CF68 A=DIFFERS B: removed 0 needed 1 compiles 2
03:44:43   src/ov_SC06_022/ov_SC06_022_jr_8013C98C.c:func_8013D53C A=DIFFERS B: removed 0 needed 2 compiles 3
03:44:43   src/ov_SC06_024/ov_SC06_024_after.c:func_80145A2C A=DIFFERS B: removed 0 needed 1 compiles 2
03:44:43   src/ov_SC06_029/ov_SC06_029_jr_8013C98C.c:func_8013D178 A=DIFFERS B: removed 0 needed 1 compiles 2
03:44:43   src/ov_SC06_027/ov_SC06_027_jr_8013C98C.c:func_8013D53C A=DIFFERS B: removed 0 needed 2 compiles 3
03:44:43   src/ov_SC06_025/ov_SC06_025_jr_8013C98C.c:func_8013D53C A=DIFFERS B: removed 0 needed 2 compiles 3
03:44:43   src/ov_SC06_024/ov_SC06_024_jr_8013C98C.c:func_8013D53C A=DIFFERS B: removed 0 needed 2 compiles 3
03:44:43   src/ov_SC06_025/ov_SC06_025_after.c:func_80145A2C A=DIFFERS B: removed 0 needed 1 compiles 2
03:44:43   src/ov_SC06_029/ov_SC06_029_jr_8013C98C.c:func_8013D53C A=DIFFERS B: removed 0 needed 2 compiles 3
03:44:43   src/ov_SC06_022/ov_SC06_022_jr_8013C98C.c:func_8013E5E8 A=DIFFERS B: removed 0 needed 1 compiles 2
03:44:44   src/ov_SC06_027/ov_SC06_027_jr_8013C98C.c:func_8013E5E8 A=DIFFERS B: removed 0 needed 1 compiles 2
03:44:44   src/ov_SC06_025/ov_SC06_025_jr_8013C98C.c:func_8013E5E8 A=DIFFERS B: removed 0 needed 1 compiles 2
03:44:44   src/ov_SC06_024/ov_SC06_024_jr_8013C98C.c:func_8013E5E8 A=DIFFERS B: removed 0 needed 1 compiles 2
03:44:44   src/ov_SC06_029/ov_SC06_029_jr_8013C98C.c:func_8013E5E8 A=DIFFERS B: removed 0 needed 1 compiles 2
03:44:44   src/ov_SC06_022/ov_SC06_022_jr_8013C98C.c:func_8013EB7C A=DIFFERS B: removed 0 needed 1 compiles 2
03:44:44   src/ov_SC06_025/ov_SC06_025_jr_8013C98C.c:func_8013EB7C A=DIFFERS B: removed 0 needed 1 compiles 2
03:44:44   src/ov_SC06_030/ov_SC06_030_jr_8013C98C.c:func_8013CF68 A=DIFFERS B: removed 0 needed 1 compiles 2
03:44:44   src/ov_SC06_027/ov_SC06_027_jr_8013C98C.c:func_8013EB7C A=DIFFERS B: removed 0 needed 1 compiles 2
03:44:44   src/ov_SC06_024/ov_SC06_024_jr_8013C98C.c:func_8013EB7C A=DIFFERS B: removed 0 needed 1 compiles 2
03:44:44   src/ov_SC06_032/ov_SC06_032_jr_8013C98C.c:func_8013CF68 A=DIFFERS B: removed 0 needed 1 compiles 2
03:44:44   src/ov_SC06_033/ov_SC06_033_jr_8013C98C.c:func_8013CF68 A=DIFFERS B: removed 0 needed 1 compiles 2
03:44:44   src/ov_SC06_029/ov_SC06_029_jr_8013C98C.c:func_8013EB7C A=DIFFERS B: removed 0 needed 1 compiles 2
03:44:44   src/ov_SC06_030/ov_SC06_030_jr_8013C98C.c:func_8013D178 A=DIFFERS B: removed 0 needed 1 compiles 2
03:44:45   src/ov_SC06_033/ov_SC06_033_jr_8013C98C.c:func_8013D178 A=DIFFERS B: removed 0 needed 1 compiles 2
03:44:45   src/ov_SC07_001/ov_SC07_001_jr_8013C98C.c:func_8013CF68 A=DIFFERS B: removed 0 needed 1 compiles 2
03:44:45   src/ov_SC06_032/ov_SC06_032_jr_8013C98C.c:func_8013D178 A=DIFFERS B: removed 0 needed 1 compiles 2
03:44:45   src/ov_SC07_000/ov_SC07_000_jr_8013C98C.c:func_8013CF68 A=DIFFERS B: removed 0 needed 1 compiles 2
03:44:45   src/ov_SC06_030/ov_SC06_030_jr_8013C98C.c:func_8013D53C A=DIFFERS B: removed 0 needed 2 compiles 3
03:44:45   src/ov_SC07_002/ov_SC07_002_jr_8013C98C.c:func_8013CF68 A=DIFFERS B: removed 0 needed 1 compiles 2
03:44:45   src/ov_SC07_006/ov_SC07_006_jr_8013C98C.c:func_8013CF68 A=DIFFERS B: removed 0 needed 1 compiles 2
03:44:45   src/ov_SC07_008/ov_SC07_008_jr_8013C98C.c:func_8013CF68 A=DIFFERS B: removed 0 needed 1 compiles 2
03:44:45   src/ov_SC07_001/ov_SC07_001_jr_8013C98C.c:func_8013D178 A=DIFFERS B: removed 0 needed 1 compiles 2
03:44:45   src/ov_SC07_000/ov_SC07_000_jr_8013C98C.c:func_8013D178 A=DIFFERS B: removed 0 needed 1 compiles 2
03:44:45   src/ov_SC07_002/ov_SC07_002_jr_8013C98C.c:func_8013D178 A=DIFFERS B: removed 0 needed 1 compiles 2
03:44:45   src/ov_SC06_033/ov_SC06_033_jr_8013C98C.c:func_8013D53C A=DIFFERS B: removed 0 needed 2 compiles 3
03:44:45   src/ov_SC06_032/ov_SC06_032_jr_8013C98C.c:func_8013D53C A=DIFFERS B: removed 0 needed 2 compiles 3
03:44:45   src/ov_SC07_008/ov_SC07_008_jr_8013C98C.c:func_8013D178 A=DIFFERS B: removed 0 needed 1 compiles 2
03:44:45   src/ov_SC07_006/ov_SC07_006_jr_8013C98C.c:func_8013D178 A=DIFFERS B: removed 0 needed 1 compiles 2
03:44:45   src/ov_SC07_001/ov_SC07_001_jr_8013C98C.c:func_8013D53C A=DIFFERS B: removed 0 needed 2 compiles 3
03:44:45   src/ov_SC07_000/ov_SC07_000_jr_8013C98C.c:func_8013D53C A=DIFFERS B: removed 0 needed 2 compiles 3
03:44:45   src/ov_SC07_002/ov_SC07_002_jr_8013C98C.c:func_8013D53C A=DIFFERS B: removed 0 needed 2 compiles 3
03:44:45   src/ov_SC06_030/ov_SC06_030_jr_8013C98C.c:func_8013E5E8 A=DIFFERS B: removed 0 needed 1 compiles 2
03:44:45   src/ov_SC06_024/ov_SC06_024_after.c:func_80148E54 A=DIFFERS B: removed 0 needed 2 compiles 3
03:44:45   src/ov_SC07_008/ov_SC07_008_jr_8013C98C.c:func_8013D53C A=DIFFERS B: removed 0 needed 2 compiles 3
03:44:46   src/ov_SC07_006/ov_SC07_006_jr_8013C98C.c:func_8013D53C A=DIFFERS B: removed 0 needed 2 compiles 3
03:44:46   src/ov_SC06_032/ov_SC06_032_jr_8013C98C.c:func_8013E5E8 A=DIFFERS B: removed 0 needed 1 compiles 2
03:44:46   src/ov_SC06_033/ov_SC06_033_jr_8013C98C.c:func_8013E5E8 A=DIFFERS B: removed 0 needed 1 compiles 2
03:44:46   src/ov_SC06_025/ov_SC06_025_after.c:func_80148E54 A=DIFFERS B: removed 0 needed 2 compiles 3
03:44:46   src/ov_SC06_030/ov_SC06_030_jr_8013C98C.c:func_8013EB7C A=DIFFERS B: removed 0 needed 1 compiles 2
03:44:46   src/ov_SC07_009/ov_SC07_009_jr_8013C98C.c:func_8013CF68 A=DIFFERS B: removed 0 needed 1 compiles 2
03:44:46   src/ov_SC07_000/ov_SC07_000_jr_8013C98C.c:func_8013E5E8 A=DIFFERS B: removed 0 needed 1 compiles 2
03:44:46   src/ov_SC06_032/ov_SC06_032_jr_8013C98C.c:func_8013EB7C A=DIFFERS B: removed 0 needed 1 compiles 2
03:44:46   src/ov_SC07_001/ov_SC07_001_jr_8013C98C.c:func_8013E5E8 A=DIFFERS B: removed 0 needed 1 compiles 2
03:44:46   src/ov_SC06_033/ov_SC06_033_jr_8013C98C.c:func_8013EB7C A=DIFFERS B: removed 0 needed 1 compiles 2
03:44:46   src/ov_SC07_002/ov_SC07_002_jr_8013C98C.c:func_8013E5E8 A=DIFFERS B: removed 0 needed 1 compiles 2
03:44:46   src/ov_SC07_006/ov_SC07_006_jr_8013C98C.c:func_8013E5E8 A=DIFFERS B: removed 0 needed 1 compiles 2
03:44:46   src/ov_SC07_009/ov_SC07_009_jr_8013C98C.c:func_8013D178 A=DIFFERS B: removed 0 needed 1 compiles 2
03:44:46   src/ov_SC07_011/ov_SC07_011_jr_8013C98C.c:func_8013CF68 A=DIFFERS B: removed 0 needed 1 compiles 2
03:44:46   src/ov_SC07_008/ov_SC07_008_jr_8013C98C.c:func_8013E5E8 A=DIFFERS B: removed 0 needed 1 compiles 2
03:44:47   src/ov_SC07_000/ov_SC07_000_jr_8013C98C.c:func_8013EB7C A=DIFFERS B: removed 0 needed 1 compiles 2
03:44:47   src/ov_SC07_001/ov_SC07_001_jr_8013C98C.c:func_8013EB7C A=DIFFERS B: removed 0 needed 1 compiles 2
03:44:47   src/ov_SC07_002/ov_SC07_002_jr_8013C98C.c:func_8013EB7C A=DIFFERS B: removed 0 needed 1 compiles 2
03:44:47   src/ov_SC07_011/ov_SC07_011_jr_8013C98C.c:func_8013D178 A=DIFFERS B: removed 0 needed 1 compiles 2
03:44:47   src/ov_SC07_006/ov_SC07_006_jr_8013C98C.c:func_8013EB7C A=DIFFERS B: removed 0 needed 1 compiles 2
03:44:47   src/ov_SC02_037/ov_SC02_037_jr_801555F4.c:func_80156044 A=DIFFERS B: removed 0 needed 2 compiles 3
03:44:47   src/ov_SC07_009/ov_SC07_009_jr_8013C98C.c:func_8013D53C A=DIFFERS B: removed 0 needed 2 compiles 3
03:44:47   src/ov_SC07_008/ov_SC07_008_jr_8013C98C.c:func_8013EB7C A=DIFFERS B: removed 0 needed 1 compiles 2
03:44:47   src/ov_SC03_107/ov_SC03_107_jr_801555F4.c:func_80156044 A=DIFFERS B: removed 0 needed 2 compiles 3
03:44:47   src/ov_SC01_000/ov_SC01_000_jr_80154C24.c:func_80156044 A=DIFFERS B: removed 0 needed 2 compiles 3
03:44:47   src/ov_SC07_011/ov_SC07_011_jr_8013C98C.c:func_8013D53C A=DIFFERS B: removed 0 needed 2 compiles 3
03:44:47   src/ov_SC02_037/ov_SC02_037_jr_801555F4.c:func_80157D20 A=DIFFERS B: removed 0 needed 2 compiles 3
03:44:47   src/ov_SC01_004/ov_SC01_004_jr_80154C24.c:func_80156044 A=DIFFERS B: removed 0 needed 2 compiles 3
03:44:48   src/ov_SC01_001/ov_SC01_001_jr_80154C24.c:func_80156044 A=DIFFERS B: removed 0 needed 2 compiles 3
03:44:48   src/ov_SC07_009/ov_SC07_009_jr_8013C98C.c:func_8013E5E8 A=DIFFERS B: removed 0 needed 1 compiles 2
03:44:48   src/ov_SC01_000/ov_SC01_000_jr_80154C24.c:func_80157D20 A=DIFFERS B: removed 0 needed 2 compiles 3
03:44:48   src/ov_SC03_107/ov_SC03_107_jr_801555F4.c:func_80157D20 A=DIFFERS B: removed 0 needed 2 compiles 3
03:44:48   src/ov_SC01_008/ov_SC01_008_jr_80154C24.c:func_80156044 A=DIFFERS B: removed 0 needed 2 compiles 3
03:44:48   src/ov_SC01_009/ov_SC01_009_jr_80154C24.c:func_80156044 A=DIFFERS B: removed 0 needed 2 compiles 3
03:44:48   src/ov_SC01_004/ov_SC01_004_jr_80154C24.c:func_80157D20 A=DIFFERS B: removed 0 needed 2 compiles 3
03:44:48   src/ov_SC07_009/ov_SC07_009_jr_8013C98C.c:func_8013EB7C A=DIFFERS B: removed 0 needed 1 compiles 2
03:44:48   src/ov_SC07_011/ov_SC07_011_jr_8013C98C.c:func_8013E5E8 A=DIFFERS B: removed 0 needed 1 compiles 2
03:44:48   src/ov_SC01_001/ov_SC01_001_jr_80154C24.c:func_80157D20 A=DIFFERS B: removed 0 needed 2 compiles 3
03:44:48   src/ov_SC01_005/ov_SC01_005_jr_80154C24.c:func_80156044 A=DIFFERS B: removed 0 needed 2 compiles 3
03:44:48   src/ov_SC01_008/ov_SC01_008_jr_80154C24.c:func_80157D20 A=DIFFERS B: removed 0 needed 2 compiles 3
03:44:48   src/ov_SC01_009/ov_SC01_009_jr_80154C24.c:func_80157D20 A=DIFFERS B: removed 0 needed 2 compiles 3
03:44:49   src/ov_SC07_011/ov_SC07_011_jr_8013C98C.c:func_8013EB7C A=DIFFERS B: removed 0 needed 1 compiles 2
03:44:49   src/ov_SC01_080/ov_SC01_080_jr_80154C24.c:func_80156044 A=DIFFERS B: removed 0 needed 2 compiles 3
03:44:49   src/ov_SC01_074/ov_SC01_074_jr_80154C24.c:func_80156044 A=DIFFERS B: removed 0 needed 2 compiles 3
03:44:49   src/ov_SC01_084/ov_SC01_084_jr_80154C24.c:func_80156044 A=DIFFERS B: removed 0 needed 2 compiles 3
03:44:49   src/ov_SC02_004/ov_SC02_004_jr_80154C24.c:func_80156044 A=DIFFERS B: removed 0 needed 2 compiles 3
03:44:49   src/ov_SC02_005/ov_SC02_005_jr_80154C24.c:func_80156044 A=DIFFERS B: removed 0 needed 2 compiles 3
03:44:49   src/ov_SC01_080/ov_SC01_080_jr_80154C24.c:func_80157D20 A=DIFFERS B: removed 0 needed 2 compiles 3
03:44:49   src/ov_SC01_074/ov_SC01_074_jr_80154C24.c:func_80157D20 A=DIFFERS B: removed 0 needed 2 compiles 3
03:44:49   src/ov_SC02_015/ov_SC02_015_jr_80154C24.c:func_80156044 A=DIFFERS B: removed 0 needed 2 compiles 3
03:44:49   src/ov_SC02_011/ov_SC02_011_jr_80154C24.c:func_80156044 A=DIFFERS B: removed 0 needed 2 compiles 3
03:44:49   src/ov_SC01_084/ov_SC01_084_jr_80154C24.c:func_80157D20 A=DIFFERS B: removed 0 needed 2 compiles 3
03:44:49   src/ov_SC02_000/ov_SC02_000_jr_80154C24.c:func_80156044 A=DIFFERS B: removed 0 needed 2 compiles 3
03:44:49   src/ov_SC02_016/ov_SC02_016_jr_80154C24.c:func_80156044 A=DIFFERS B: removed 0 needed 2 compiles 3
03:44:49   src/ov_SC01_005/ov_SC01_005_jr_80154C24.c:func_80157D20 A=DIFFERS B: removed 0 needed 2 compiles 3
03:44:50   src/ov_SC02_004/ov_SC02_004_jr_80154C24.c:func_80157D20 A=DIFFERS B: removed 0 needed 2 compiles 3
03:44:50   src/ov_SC02_005/ov_SC02_005_jr_80154C24.c:func_80157D20 A=DIFFERS B: removed 0 needed 2 compiles 3
03:44:50   src/ov_SC02_011/ov_SC02_011_jr_80154C24.c:func_80157D20 A=DIFFERS B: removed 0 needed 2 compiles 3
03:44:50   src/ov_SC02_015/ov_SC02_015_jr_80154C24.c:func_80157D20 A=DIFFERS B: removed 0 needed 2 compiles 3
03:44:50   src/ov_SC02_017/ov_SC02_017_jr_80154C24.c:func_80156044 A=DIFFERS B: removed 0 needed 2 compiles 3
03:44:50   src/ov_SC02_016/ov_SC02_016_jr_80154C24.c:func_80157D20 A=DIFFERS B: removed 0 needed 2 compiles 3
03:44:50   src/ov_SC02_026/ov_SC02_026_jr_80154C24.c:func_80156044 A=DIFFERS B: removed 0 needed 2 compiles 3
03:44:50   src/ov_SC02_021/ov_SC02_021_jr_80154C24.c:func_80156044 A=DIFFERS B: removed 0 needed 2 compiles 3
03:44:50   src/ov_SC02_027/ov_SC02_027_jr_80154C24.c:func_80156044 A=DIFFERS B: removed 0 needed 2 compiles 3
03:44:50   src/ov_SC02_031/ov_SC02_031_jr_80154C24.c:func_80156044 A=DIFFERS B: removed 0 needed 2 compiles 3
03:44:51   src/ov_SC02_028/ov_SC02_028_jr_80154C24.c:func_80156044 A=DIFFERS B: removed 0 needed 2 compiles 3
03:44:51   src/ov_SC02_039/ov_SC02_039_jr_80154C24.c:func_80156044 A=DIFFERS B: removed 0 needed 2 compiles 3
03:44:51   src/ov_SC02_000/ov_SC02_000_jr_80154C24.c:func_80157D20 A=DIFFERS B: removed 0 needed 2 compiles 3
03:44:51   src/ov_SC02_035/ov_SC02_035_jr_80154C24.c:func_80156044 A=DIFFERS B: removed 0 needed 2 compiles 3
03:44:51   src/ov_SC02_017/ov_SC02_017_jr_80154C24.c:func_80157D20 A=DIFFERS B: removed 0 needed 2 compiles 3
03:44:51   src/ov_SC02_041/ov_SC02_041_jr_80154C24.c:func_80156044 A=DIFFERS B: removed 0 needed 2 compiles 3
03:44:51   src/ov_SC02_021/ov_SC02_021_jr_80154C24.c:func_80157D20 A=DIFFERS B: removed 0 needed 2 compiles 3
03:44:51   src/ov_SC02_026/ov_SC02_026_jr_80154C24.c:func_80157D20 A=DIFFERS B: removed 0 needed 2 compiles 3
03:44:51   src/ov_SC03_001/ov_SC03_001_jr_80154C24.c:func_80156044 A=DIFFERS B: removed 0 needed 2 compiles 3
03:44:51   src/ov_SC02_027/ov_SC02_027_jr_80154C24.c:func_80157D20 A=DIFFERS B: removed 0 needed 2 compiles 3
03:44:51   src/ov_SC02_028/ov_SC02_028_jr_80154C24.c:func_80157D20 A=DIFFERS B: removed 0 needed 2 compiles 3
03:44:51   src/ov_SC02_031/ov_SC02_031_jr_80154C24.c:func_80157D20 A=DIFFERS B: removed 0 needed 2 compiles 3
03:44:51   src/ov_SC03_002/ov_SC03_002_jr_80154C24.c:func_80156044 A=DIFFERS B: removed 0 needed 2 compiles 3
03:44:51   src/ov_SC02_039/ov_SC02_039_jr_80154C24.c:func_80157D20 A=DIFFERS B: removed 0 needed 2 compiles 3
03:44:51   src/ov_SC02_035/ov_SC02_035_jr_80154C24.c:func_80157D20 A=DIFFERS B: removed 0 needed 2 compiles 3
03:44:51   src/ov_SC02_041/ov_SC02_041_jr_80154C24.c:func_80157D20 A=DIFFERS B: removed 0 needed 2 compiles 3
03:44:51   src/ov_SC03_001/ov_SC03_001_jr_80154C24.c:func_80157D20 A=DIFFERS B: removed 0 needed 2 compiles 3
03:44:51   src/ov_SC03_003/ov_SC03_003_jr_80154C24.c:func_80156044 A=DIFFERS B: removed 0 needed 2 compiles 3
03:44:52   src/ov_SC03_006/ov_SC03_006_jr_80154C24.c:func_80156044 A=DIFFERS B: removed 0 needed 2 compiles 3
03:44:52   src/ov_SC03_007/ov_SC03_007_jr_80154C24.c:func_80156044 A=DIFFERS B: removed 0 needed 2 compiles 3
03:44:52   src/ov_SC03_010/ov_SC03_010_jr_80154C24.c:func_80156044 A=DIFFERS B: removed 0 needed 2 compiles 3
03:44:52   src/ov_SC03_011/ov_SC03_011_jr_80154C24.c:func_80156044 A=DIFFERS B: removed 0 needed 2 compiles 3
03:44:52   src/ov_SC03_002/ov_SC03_002_jr_80154C24.c:func_80157D20 A=DIFFERS B: removed 0 needed 2 compiles 3
03:44:52   src/ov_SC03_012/ov_SC03_012_jr_80154C24.c:func_80156044 A=DIFFERS B: removed 0 needed 2 compiles 3
03:44:52   src/ov_SC03_013/ov_SC03_013_jr_80154C24.c:func_80156044 A=DIFFERS B: removed 0 needed 2 compiles 3
03:44:52   src/ov_SC03_003/ov_SC03_003_jr_80154C24.c:func_80157D20 A=DIFFERS B: removed 0 needed 2 compiles 3
03:44:52   src/ov_SC03_023/ov_SC03_023_jr_80154C24.c:func_80156044 A=DIFFERS B: removed 0 needed 2 compiles 3
03:44:52   src/ov_SC03_006/ov_SC03_006_jr_80154C24.c:func_80157D20 A=DIFFERS B: removed 0 needed 2 compiles 3
03:44:52   src/ov_SC03_007/ov_SC03_007_jr_80154C24.c:func_80157D20 A=DIFFERS B: removed 0 needed 2 compiles 3
03:44:52   src/ov_SC03_024/ov_SC03_024_jr_80154C24.c:func_80156044 A=DIFFERS B: removed 0 needed 2 compiles 3
03:44:52   src/ov_SC03_028/ov_SC03_028_jr_80154C24.c:func_80156044 A=DIFFERS B: removed 0 needed 2 compiles 3
03:44:52   src/ov_SC03_010/ov_SC03_010_jr_80154C24.c:func_80157D20 A=DIFFERS B: removed 0 needed 2 compiles 3
03:44:52   src/ov_SC03_011/ov_SC03_011_jr_80154C24.c:func_80157D20 A=DIFFERS B: removed 0 needed 2 compiles 3
03:44:53   src/ov_SC03_012/ov_SC03_012_jr_80154C24.c:func_80157D20 A=DIFFERS B: removed 0 needed 2 compiles 3
03:44:53   src/ov_SC03_013/ov_SC03_013_jr_80154C24.c:func_80157D20 A=DIFFERS B: removed 0 needed 2 compiles 3
03:44:53   src/ov_SC03_014/ov_SC03_014_jr_80154C24.c:func_80156044 A=DIFFERS B: removed 0 needed 2 compiles 3
03:44:53   src/ov_SC03_029/ov_SC03_029_jr_80154C24.c:func_80156044 A=DIFFERS B: removed 0 needed 2 compiles 3
03:44:53   src/ov_SC03_023/ov_SC03_023_jr_80154C24.c:func_80157D20 A=DIFFERS B: removed 0 needed 2 compiles 3
03:44:53   src/ov_SC03_024/ov_SC03_024_jr_80154C24.c:func_80157D20 A=DIFFERS B: removed 0 needed 2 compiles 3
03:44:53   src/ov_SC03_030/ov_SC03_030_jr_80154C24.c:func_80156044 A=DIFFERS B: removed 0 needed 2 compiles 3
03:44:53   src/ov_SC03_028/ov_SC03_028_jr_80154C24.c:func_80157D20 A=DIFFERS B: removed 0 needed 2 compiles 3
03:44:53   src/ov_SC03_031/ov_SC03_031_jr_80154C24.c:func_80156044 A=DIFFERS B: removed 0 needed 2 compiles 3
03:44:53   src/ov_SC03_089/ov_SC03_089_jr_80154C24.c:func_80156044 A=DIFFERS B: removed 0 needed 2 compiles 3
03:44:53   src/ov_SC03_090/ov_SC03_090_jr_80154C24.c:func_80156044 A=DIFFERS B: removed 0 needed 2 compiles 3
03:44:53   src/ov_SC03_029/ov_SC03_029_jr_80154C24.c:func_80157D20 A=DIFFERS B: removed 0 needed 2 compiles 3
03:44:53   src/ov_SC03_091/ov_SC03_091_jr_80154C24.c:func_80156044 A=DIFFERS B: removed 0 needed 2 compiles 3
03:44:53   src/ov_SC03_092/ov_SC03_092_jr_80154C24.c:func_80156044 A=DIFFERS B: removed 0 needed 2 compiles 3
03:44:54   src/ov_SC03_094/ov_SC03_094_jr_80154C24.c:func_80156044 A=DIFFERS B: removed 0 needed 2 compiles 3
03:44:54   src/ov_SC03_093/ov_SC03_093_jr_80154C24.c:func_80156044 A=DIFFERS B: removed 0 needed 2 compiles 3
03:44:54   src/ov_SC03_095/ov_SC03_095_jr_80154C24.c:func_80156044 A=DIFFERS B: removed 0 needed 2 compiles 3
03:44:54   src/ov_SC03_030/ov_SC03_030_jr_80154C24.c:func_80157D20 A=DIFFERS B: removed 0 needed 2 compiles 3
03:44:54   src/ov_SC03_090/ov_SC03_090_jr_80154C24.c:func_80157D20 A=DIFFERS B: removed 0 needed 2 compiles 3
03:44:54   src/ov_SC03_031/ov_SC03_031_jr_80154C24.c:func_80157D20 A=DIFFERS B: removed 0 needed 2 compiles 3
03:44:54   src/ov_SC03_089/ov_SC03_089_jr_80154C24.c:func_80157D20 A=DIFFERS B: removed 0 needed 2 compiles 3
03:44:54   src/ov_SC03_092/ov_SC03_092_jr_80154C24.c:func_80157D20 A=DIFFERS B: removed 0 needed 2 compiles 3
03:44:54   src/ov_SC03_096/ov_SC03_096_jr_80154C24.c:func_80156044 A=DIFFERS B: removed 0 needed 2 compiles 3
03:44:54   src/ov_SC03_091/ov_SC03_091_jr_80154C24.c:func_80157D20 A=DIFFERS B: removed 0 needed 2 compiles 3
03:44:54   src/ov_SC03_014/ov_SC03_014_jr_80154C24.c:func_80157D20 A=DIFFERS B: removed 0 needed 2 compiles 3
03:44:54   src/ov_SC03_097/ov_SC03_097_jr_80154C24.c:func_80156044 A=DIFFERS B: removed 0 needed 2 compiles 3
03:44:54   src/ov_SC03_093/ov_SC03_093_jr_80154C24.c:func_80157D20 A=DIFFERS B: removed 0 needed 2 compiles 3
03:44:54   src/ov_SC03_094/ov_SC03_094_jr_80154C24.c:func_80157D20 A=DIFFERS B: removed 0 needed 2 compiles 3
03:44:54   src/ov_SC03_095/ov_SC03_095_jr_80154C24.c:func_80157D20 A=DIFFERS B: removed 0 needed 2 compiles 3
03:44:55   src/ov_SC03_096/ov_SC03_096_jr_80154C24.c:func_80157D20 A=DIFFERS B: removed 0 needed 2 compiles 3
03:44:55   src/ov_SC03_098/ov_SC03_098_jr_80154C24.c:func_80156044 A=DIFFERS B: removed 0 needed 2 compiles 3
03:44:55   src/ov_SC03_099/ov_SC03_099_jr_80154C24.c:func_80156044 A=DIFFERS B: removed 0 needed 2 compiles 3
03:44:55   src/ov_SC03_097/ov_SC03_097_jr_80154C24.c:func_80157D20 A=DIFFERS B: removed 0 needed 2 compiles 3
03:44:55   src/ov_SC03_101/ov_SC03_101_jr_80154C24.c:func_80156044 A=DIFFERS B: removed 0 needed 2 compiles 3
03:44:55   src/ov_SC03_100/ov_SC03_100_jr_80154C24.c:func_80156044 A=DIFFERS B: removed 0 needed 2 compiles 3
03:44:55   src/ov_SC03_102/ov_SC03_102_jr_80154C24.c:func_80156044 A=DIFFERS B: removed 0 needed 2 compiles 3
03:44:55   src/ov_SC03_103/ov_SC03_103_jr_80154C24.c:func_80156044 A=DIFFERS B: removed 0 needed 2 compiles 3
03:44:55   src/ov_SC03_105/ov_SC03_105_jr_80154C24.c:func_80156044 A=DIFFERS B: removed 0 needed 2 compiles 3
03:44:55   src/ov_SC03_104/ov_SC03_104_jr_80154C24.c:func_80156044 A=DIFFERS B: removed 0 needed 2 compiles 3
03:44:55   src/ov_SC03_108/ov_SC03_108_jr_80154C24.c:func_80156044 A=DIFFERS B: removed 0 needed 2 compiles 3
03:44:55   src/ov_SC03_098/ov_SC03_098_jr_80154C24.c:func_80157D20 A=DIFFERS B: removed 0 needed 2 compiles 3
03:44:55   src/ov_SC03_109/ov_SC03_109_jr_80154C24.c:func_80156044 A=DIFFERS B: removed 0 needed 2 compiles 3
03:44:55   src/ov_SC03_099/ov_SC03_099_jr_80154C24.c:func_80157D20 A=DIFFERS B: removed 0 needed 2 compiles 3
03:44:55   src/ov_SC03_101/ov_SC03_101_jr_80154C24.c:func_80157D20 A=DIFFERS B: removed 0 needed 2 compiles 3
03:44:55   src/ov_SC03_100/ov_SC03_100_jr_80154C24.c:func_80157D20 A=DIFFERS B: removed 0 needed 2 compiles 3
03:44:55   src/ov_SC03_110/ov_SC03_110_jr_80154C24.c:func_80156044 A=DIFFERS B: removed 0 needed 2 compiles 3
03:44:55   src/ov_SC03_103/ov_SC03_103_jr_80154C24.c:func_80157D20 A=DIFFERS B: removed 0 needed 2 compiles 3
03:44:56   src/ov_SC03_111/ov_SC03_111_jr_80154C24.c:func_80156044 A=DIFFERS B: removed 0 needed 2 compiles 3
03:44:56   src/ov_SC03_102/ov_SC03_102_jr_80154C24.c:func_80157D20 A=DIFFERS B: removed 0 needed 2 compiles 3
03:44:56   src/ov_SC03_105/ov_SC03_105_jr_80154C24.c:func_80157D20 A=DIFFERS B: removed 0 needed 2 compiles 3
03:44:56   src/ov_SC03_108/ov_SC03_108_jr_80154C24.c:func_80157D20 A=DIFFERS B: removed 0 needed 2 compiles 3
03:44:56   src/ov_SC03_104/ov_SC03_104_jr_80154C24.c:func_80157D20 A=DIFFERS B: removed 0 needed 2 compiles 3
03:44:56   src/ov_SC03_109/ov_SC03_109_jr_80154C24.c:func_80157D20 A=DIFFERS B: removed 0 needed 2 compiles 3
03:44:56   src/ov_SC03_112/ov_SC03_112_jr_80154C24.c:func_80156044 A=DIFFERS B: removed 0 needed 2 compiles 3
03:44:56   src/ov_SC03_113/ov_SC03_113_jr_80154C24.c:func_80156044 A=DIFFERS B: removed 0 needed 2 compiles 3
03:44:56   src/ov_SC03_111/ov_SC03_111_jr_80154C24.c:func_80157D20 A=DIFFERS B: removed 0 needed 2 compiles 3
03:44:56   src/ov_SC03_110/ov_SC03_110_jr_80154C24.c:func_80157D20 A=DIFFERS B: removed 0 needed 2 compiles 3
03:44:56   src/ov_SC03_115/ov_SC03_115_jr_80154C24.c:func_80156044 A=DIFFERS B: removed 0 needed 2 compiles 3
03:44:56   src/ov_SC03_114/ov_SC03_114_jr_80154C24.c:func_80156044 A=DIFFERS B: removed 0 needed 2 compiles 3
03:44:56   src/ov_SC03_116/ov_SC03_116_jr_80154C24.c:func_80156044 A=DIFFERS B: removed 0 needed 2 compiles 3
03:44:57   src/ov_SC03_117/ov_SC03_117_jr_80154C24.c:func_80156044 A=DIFFERS B: removed 0 needed 2 compiles 3
03:44:57   src/ov_SC03_121/ov_SC03_121_jr_80154C24.c:func_80156044 A=DIFFERS B: removed 0 needed 2 compiles 3
03:44:57   src/ov_SC03_124/ov_SC03_124_jr_80154C24.c:func_80156044 A=DIFFERS B: removed 0 needed 2 compiles 3
03:44:57   src/ov_SC03_112/ov_SC03_112_jr_80154C24.c:func_80157D20 A=DIFFERS B: removed 0 needed 2 compiles 3
03:44:57   src/ov_SC03_125/ov_SC03_125_jr_80154C24.c:func_80156044 A=DIFFERS B: removed 0 needed 2 compiles 3
03:44:57   src/ov_SC03_113/ov_SC03_113_jr_80154C24.c:func_80157D20 A=DIFFERS B: removed 0 needed 2 compiles 3
03:44:57   src/ov_SC03_115/ov_SC03_115_jr_80154C24.c:func_80157D20 A=DIFFERS B: removed 0 needed 2 compiles 3
03:44:57   src/ov_SC03_114/ov_SC03_114_jr_80154C24.c:func_80157D20 A=DIFFERS B: removed 0 needed 2 compiles 3
03:44:57   src/ov_SC04_000/ov_SC04_000_jr_80154C24.c:func_80156044 A=DIFFERS B: removed 0 needed 2 compiles 3
03:44:57   src/ov_SC04_002/ov_SC04_002_jr_80154C24.c:func_80156044 A=DIFFERS B: removed 0 needed 2 compiles 3
03:44:57   src/ov_SC03_116/ov_SC03_116_jr_80154C24.c:func_80157D20 A=DIFFERS B: removed 0 needed 2 compiles 3
03:44:57   src/ov_SC03_117/ov_SC03_117_jr_80154C24.c:func_80157D20 A=DIFFERS B: removed 0 needed 2 compiles 3
03:44:57   src/ov_SC03_121/ov_SC03_121_jr_80154C24.c:func_80157D20 A=DIFFERS B: removed 0 needed 2 compiles 3
03:44:57   src/ov_SC03_124/ov_SC03_124_jr_80154C24.c:func_80157D20 A=DIFFERS B: removed 0 needed 2 compiles 3
03:44:57   src/ov_SC03_118/ov_SC03_118_jr_80154C24.c:func_80156044 A=DIFFERS B: removed 0 needed 2 compiles 3
03:44:57   src/ov_SC03_125/ov_SC03_125_jr_80154C24.c:func_80157D20 A=DIFFERS B: removed 0 needed 2 compiles 3
03:44:58   src/ov_SC04_000/ov_SC04_000_jr_80154C24.c:func_80157D20 A=DIFFERS B: removed 0 needed 2 compiles 3
03:44:58   src/ov_SC04_002/ov_SC04_002_jr_80154C24.c:func_80157D20 A=DIFFERS B: removed 0 needed 2 compiles 3
03:44:58   src/ov_SC04_003/ov_SC04_003_jr_80154C24.c:func_80156044 A=DIFFERS B: removed 0 needed 2 compiles 3
03:44:58   src/ov_SC04_004/ov_SC04_004_jr_80154C24.c:func_80156044 A=DIFFERS B: removed 0 needed 2 compiles 3
03:44:58   src/ov_SC04_005/ov_SC04_005_jr_80154C24.c:func_80156044 A=DIFFERS B: removed 0 needed 2 compiles 3
03:44:58   src/ov_SC04_006/ov_SC04_006_jr_80154C24.c:func_80156044 A=DIFFERS B: removed 0 needed 2 compiles 3
03:44:58   src/ov_SC04_009/ov_SC04_009_jr_80154C24.c:func_80156044 A=DIFFERS B: removed 0 needed 2 compiles 3
03:44:58   src/ov_SC04_007/ov_SC04_007_jr_80154C24.c:func_80156044 A=DIFFERS B: removed 0 needed 2 compiles 3
03:44:58   src/ov_SC04_010/ov_SC04_010_jr_80154C24.c:func_80156044 A=DIFFERS B: removed 0 needed 2 compiles 3
03:44:58   src/ov_SC04_012/ov_SC04_012_jr_80154C24.c:func_80156044 A=DIFFERS B: removed 0 needed 2 compiles 3
03:44:58   src/ov_SC04_003/ov_SC04_003_jr_80154C24.c:func_80157D20 A=DIFFERS B: removed 0 needed 2 compiles 3
03:44:58   src/ov_SC04_005/ov_SC04_005_jr_80154C24.c:func_80157D20 A=DIFFERS B: removed 0 needed 2 compiles 3
03:44:58   src/ov_SC04_004/ov_SC04_004_jr_80154C24.c:func_80157D20 A=DIFFERS B: removed 0 needed 2 compiles 3
03:44:58   src/ov_SC04_015/ov_SC04_015_jr_80154C24.c:func_80156044 A=DIFFERS B: removed 0 needed 2 compiles 3
03:44:58   src/ov_SC04_016/ov_SC04_016_jr_80154C24.c:func_80156044 A=DIFFERS B: removed 0 needed 2 compiles 3
03:44:58   src/ov_SC04_006/ov_SC04_006_jr_80154C24.c:func_80157D20 A=DIFFERS B: removed 0 needed 2 compiles 3
03:44:59   src/ov_SC03_118/ov_SC03_118_jr_80154C24.c:func_80157D20 A=DIFFERS B: removed 0 needed 2 compiles 3
03:44:59   src/ov_SC04_007/ov_SC04_007_jr_80154C24.c:func_80157D20 A=DIFFERS B: removed 0 needed 2 compiles 3
03:44:59   src/ov_SC04_009/ov_SC04_009_jr_80154C24.c:func_80157D20 A=DIFFERS B: removed 0 needed 2 compiles 3
03:44:59   src/ov_SC04_010/ov_SC04_010_jr_80154C24.c:func_80157D20 A=DIFFERS B: removed 0 needed 2 compiles 3
03:44:59   src/ov_SC04_012/ov_SC04_012_jr_80154C24.c:func_80157D20 A=DIFFERS B: removed 0 needed 2 compiles 3
03:44:59   src/ov_SC04_015/ov_SC04_015_jr_80154C24.c:func_80157D20 A=DIFFERS B: removed 0 needed 2 compiles 3
03:44:59   src/ov_SC04_018/ov_SC04_018_jr_80154C24.c:func_80156044 A=DIFFERS B: removed 0 needed 2 compiles 3
03:44:59   src/ov_SC04_016/ov_SC04_016_jr_80154C24.c:func_80157D20 A=DIFFERS B: removed 0 needed 2 compiles 3
03:44:59   src/ov_SC04_020/ov_SC04_020_jr_80154C24.c:func_80156044 A=DIFFERS B: removed 0 needed 2 compiles 3
03:44:59   src/ov_SC05_001/ov_SC05_001_jr_80154C24.c:func_80156044 A=DIFFERS B: removed 0 needed 2 compiles 3
03:44:59   src/ov_SC05_000/ov_SC05_000_jr_80154C24.c:func_80156044 A=DIFFERS B: removed 0 needed 2 compiles 3
03:44:59   src/ov_SC05_003/ov_SC05_003_jr_80154C24.c:func_80156044 A=DIFFERS B: removed 0 needed 2 compiles 3
03:44:59   src/ov_SC05_002/ov_SC05_002_jr_80154C24.c:func_80156044 A=DIFFERS B: removed 0 needed 2 compiles 3
03:45:00   src/ov_SC05_004/ov_SC05_004_jr_80154C24.c:func_80156044 A=DIFFERS B: removed 0 needed 2 compiles 3
03:45:00   src/ov_SC05_006/ov_SC05_006_jr_80154C24.c:func_80156044 A=DIFFERS B: removed 0 needed 2 compiles 3
03:45:00   src/ov_SC05_005/ov_SC05_005_jr_80154C24.c:func_80156044 A=DIFFERS B: removed 0 needed 2 compiles 3
03:45:00   src/ov_SC05_007/ov_SC05_007_jr_80154C24.c:func_80156044 A=DIFFERS B: removed 0 needed 2 compiles 3
03:45:00   src/ov_SC04_020/ov_SC04_020_jr_80154C24.c:func_80157D20 A=DIFFERS B: removed 0 needed 2 compiles 3
03:45:00   src/ov_SC05_001/ov_SC05_001_jr_80154C24.c:func_80157D20 A=DIFFERS B: removed 0 needed 2 compiles 3
03:45:00   src/ov_SC05_000/ov_SC05_000_jr_80154C24.c:func_80157D20 A=DIFFERS B: removed 0 needed 2 compiles 3
03:45:00   src/ov_SC05_008/ov_SC05_008_jr_80154C24.c:func_80156044 A=DIFFERS B: removed 0 needed 2 compiles 3
03:45:00   src/ov_SC05_002/ov_SC05_002_jr_80154C24.c:func_80157D20 A=DIFFERS B: removed 0 needed 2 compiles 3
03:45:00   src/ov_SC05_003/ov_SC05_003_jr_80154C24.c:func_80157D20 A=DIFFERS B: removed 0 needed 2 compiles 3
03:45:00   src/ov_SC05_010/ov_SC05_010_jr_80154C24.c:func_80156044 A=DIFFERS B: removed 0 needed 2 compiles 3
03:45:00   src/ov_SC05_004/ov_SC05_004_jr_80154C24.c:func_80157D20 A=DIFFERS B: removed 0 needed 2 compiles 3
03:45:00   src/ov_SC05_006/ov_SC05_006_jr_80154C24.c:func_80157D20 A=DIFFERS B: removed 0 needed 2 compiles 3
03:45:00   src/ov_SC05_007/ov_SC05_007_jr_80154C24.c:func_80157D20 A=DIFFERS B: removed 0 needed 2 compiles 3
03:45:00   src/ov_SC05_005/ov_SC05_005_jr_80154C24.c:func_80157D20 A=DIFFERS B: removed 0 needed 2 compiles 3
03:45:00   src/ov_SC04_018/ov_SC04_018_jr_80154C24.c:func_80157D20 A=DIFFERS B: removed 0 needed 2 compiles 3
03:45:01   src/ov_SC05_011/ov_SC05_011_jr_80154C24.c:func_80156044 A=DIFFERS B: removed 0 needed 2 compiles 3
03:45:01   src/ov_SC05_008/ov_SC05_008_jr_80154C24.c:func_80157D20 A=DIFFERS B: removed 0 needed 2 compiles 3
03:45:01   src/ov_SC05_017/ov_SC05_017_jr_80154C24.c:func_80156044 A=DIFFERS B: removed 0 needed 2 compiles 3
03:45:01   src/ov_SC05_010/ov_SC05_010_jr_80154C24.c:func_80157D20 A=DIFFERS B: removed 0 needed 2 compiles 3
03:45:01   src/ov_SC05_018/ov_SC05_018_jr_80154C24.c:func_80156044 A=DIFFERS B: removed 0 needed 2 compiles 3
03:45:01   src/ov_SC06_000/ov_SC06_000_jr_80154C24.c:func_80156044 A=DIFFERS B: removed 0 needed 2 compiles 3
03:45:01   src/ov_SC06_006/ov_SC06_006_jr_80154C24.c:func_80156044 A=DIFFERS B: removed 0 needed 2 compiles 3
03:45:01   src/ov_SC06_008/ov_SC06_008_jr_80154C24.c:func_80156044 A=DIFFERS B: removed 0 needed 2 compiles 3
03:45:01   src/ov_SC06_010/ov_SC06_010_jr_80154C24.c:func_80156044 A=DIFFERS B: removed 0 needed 2 compiles 3
03:45:01   src/ov_SC06_011/ov_SC06_011_jr_80154C24.c:func_80156044 A=DIFFERS B: removed 0 needed 2 compiles 3
03:45:01   src/ov_SC06_013/ov_SC06_013_jr_80154C24.c:func_80156044 A=DIFFERS B: removed 0 needed 2 compiles 3
03:45:01   src/ov_SC05_017/ov_SC05_017_jr_80154C24.c:func_80157D20 A=DIFFERS B: removed 0 needed 2 compiles 3
03:45:01   src/ov_SC05_011/ov_SC05_011_jr_80154C24.c:func_80157D20 A=DIFFERS B: removed 0 needed 2 compiles 3
03:45:01   src/ov_SC05_018/ov_SC05_018_jr_80154C24.c:func_80157D20 A=DIFFERS B: removed 0 needed 2 compiles 3
03:45:01   src/ov_SC06_014/ov_SC06_014_jr_80154C24.c:func_80156044 A=DIFFERS B: removed 0 needed 2 compiles 3
03:45:01   src/ov_SC06_000/ov_SC06_000_jr_80154C24.c:func_80157D20 A=DIFFERS B: removed 0 needed 2 compiles 3
03:45:01   src/ov_SC06_006/ov_SC06_006_jr_80154C24.c:func_80157D20 A=DIFFERS B: removed 0 needed 2 compiles 3
03:45:01   src/ov_SC06_016/ov_SC06_016_jr_80154C24.c:func_80156044 A=DIFFERS B: removed 0 needed 2 compiles 3
03:45:02   src/ov_SC06_008/ov_SC06_008_jr_80154C24.c:func_80157D20 A=DIFFERS B: removed 0 needed 2 compiles 3
03:45:02   src/ov_SC06_015/ov_SC06_015_jr_80154C24.c:func_80156044 A=DIFFERS B: removed 0 needed 2 compiles 3
03:45:02   src/ov_SC06_011/ov_SC06_011_jr_80154C24.c:func_80157D20 A=DIFFERS B: removed 0 needed 2 compiles 3
03:45:02   src/ov_SC06_010/ov_SC06_010_jr_80154C24.c:func_80157D20 A=DIFFERS B: removed 0 needed 2 compiles 3
03:45:02   src/ov_SC06_013/ov_SC06_013_jr_80154C24.c:func_80157D20 A=DIFFERS B: removed 0 needed 2 compiles 3
03:45:02   src/ov_SC06_014/ov_SC06_014_jr_80154C24.c:func_80157D20 A=DIFFERS B: removed 0 needed 2 compiles 3
03:45:02   src/ov_SC06_018/ov_SC06_018_jr_80154C24.c:func_80156044 A=DIFFERS B: removed 0 needed 2 compiles 3
03:45:02   src/ov_SC06_016/ov_SC06_016_jr_80154C24.c:func_80157D20 A=DIFFERS B: removed 0 needed 2 compiles 3
03:45:02   src/ov_SC06_020/ov_SC06_020_jr_80154C24.c:func_80156044 A=DIFFERS B: removed 0 needed 2 compiles 3
03:45:02   src/ov_SC06_022/ov_SC06_022_jr_80135A4C.c:func_80135A4C A=DIFFERS B: removed 0 needed 3 compiles 4
03:45:02   src/ov_SC06_024/ov_SC06_024_jr_80135A4C.c:func_80135A4C A=DIFFERS B: removed 0 needed 3 compiles 4
03:45:02   src/ov_SC06_015/ov_SC06_015_jr_80154C24.c:func_80157D20 A=DIFFERS B: removed 0 needed 2 compiles 3
03:45:02   src/ov_SC06_025/ov_SC06_025_jr_80135A4C.c:func_80135A4C A=DIFFERS B: removed 0 needed 3 compiles 4
03:45:02   src/ov_SC06_027/ov_SC06_027_jr_80135A4C.c:func_80135A4C A=DIFFERS B: removed 0 needed 3 compiles 4
03:45:02   src/ov_SC06_022/ov_SC06_022_jr_80154C24.c:func_80156044 A=DIFFERS B: removed 0 needed 2 compiles 3
03:45:02   src/ov_SC06_024/ov_SC06_024_jr_80154C24.c:func_80156044 A=DIFFERS B: removed 0 needed 2 compiles 3
03:45:03   src/ov_SC06_030/ov_SC06_030_jr_80135A4C.c:func_80135A4C A=DIFFERS B: removed 0 needed 3 compiles 4
03:45:03   src/ov_SC06_025/ov_SC06_025_jr_80154C24.c:func_80156044 A=DIFFERS B: removed 0 needed 2 compiles 3
03:45:03   src/ov_SC06_033/ov_SC06_033_jr_80135A4C.c:func_80135A4C A=DIFFERS B: removed 0 needed 3 compiles 4
03:45:03   src/ov_SC06_032/ov_SC06_032_jr_80135A4C.c:func_80135A4C A=DIFFERS B: removed 0 needed 3 compiles 4
03:45:03   src/ov_SC06_029/ov_SC06_029_jr_80135A4C.c:func_80135A4C A=DIFFERS B: removed 0 needed 3 compiles 4
03:45:03   src/ov_SC07_000/ov_SC07_000_jr_80135A4C.c:func_80135A4C A=DIFFERS B: removed 0 needed 3 compiles 4
03:45:03   src/ov_SC06_018/ov_SC06_018_jr_80154C24.c:func_80157D20 A=DIFFERS B: removed 0 needed 2 compiles 3
03:45:03   src/ov_SC06_020/ov_SC06_020_jr_80154C24.c:func_80157D20 A=DIFFERS B: removed 0 needed 2 compiles 3
03:45:03   src/ov_SC07_001/ov_SC07_001_jr_80135A4C.c:func_80135A4C A=DIFFERS B: removed 0 needed 3 compiles 4
03:45:03   src/ov_SC07_002/ov_SC07_002_jr_80135A4C.c:func_80135A4C A=DIFFERS B: removed 0 needed 3 compiles 4
03:45:03   src/ov_SC07_006/ov_SC07_006_jr_80135A4C.c:func_80135A4C A=DIFFERS B: removed 0 needed 3 compiles 4
03:45:03   src/ov_SC06_024/ov_SC06_024_jr_80154C24.c:func_80157D20 A=DIFFERS B: removed 0 needed 2 compiles 3
03:45:03   src/ov_SC06_022/ov_SC06_022_jr_80154C24.c:func_80157D20 A=DIFFERS B: removed 0 needed 2 compiles 3
03:45:03   src/ov_SC07_008/ov_SC07_008_jr_80135A4C.c:func_80135A4C A=DIFFERS B: removed 0 needed 3 compiles 4
03:45:03   src/ov_SC07_009/ov_SC07_009_jr_80135A4C.c:func_80135A4C A=DIFFERS B: removed 0 needed 3 compiles 4
03:45:03   src/ov_SC07_007/ov_SC07_007_jr_80135A4C.c:func_80135A4C A=DIFFERS B: removed 0 needed 3 compiles 4
03:45:03   src/ov_SC07_010/ov_SC07_010_jr_80135A4C.c:func_80135A4C A=DIFFERS B: removed 0 needed 3 compiles 4
03:45:03   src/ov_SC06_025/ov_SC06_025_jr_80154C24.c:func_80157D20 A=DIFFERS B: removed 0 needed 2 compiles 3
03:45:03   src/ov_SC07_011/ov_SC07_011_jr_80135A4C.c:func_80135A4C A=DIFFERS B: removed 0 needed 3 compiles 4
03:45:04 delever: batch tus4 — 300 files (TUs; 1883 drawable) · 2224 bodies: 673 lever-free, 1551 residue, 0 refused · sites removed 2143 / needed 3936 / refused 0 / deferred 0 · replays 1328 (0 disagreed) · compiles 4095 in 158 s wall · final 300/300 identical · written 300 files
tus4 wall=161.54 s
exit=0
