delever --plan: 300 of 1283 drawable files · 1409 bodies (1405 in multi-copy classes) · 4044 removable sites · 0 deferred asm-bodies
03:51:38 apply tus6: 300 files, control src/ov_SC04_000/ov_SC04_000_jr_80135D20.c IDENTICAL (0.10 s), calibration ca761c4f6, census 651da378d5a7ef03
03:51:38 apply tus6: phase 1 (exemplar files) 4, phase 2 (copies replay) 296
03:51:38   src/ov_SC07_006/ov_SC07_006_jr_801380E0.c:func_801397B0 A=DIFFERS B: removed 1 needed 1 compiles 3
03:51:39   src/ov_SC07_006/ov_SC07_006_jr_801380E0.c:func_80139BE0 A=DIFFERS B: removed 0 needed 1 compiles 2
03:51:39   src/ov_SC02_037/ov_SC02_037_jr_8016AE5C.c:func_8016C188 A=DIFFERS B: removed 2 needed 1 compiles 4
03:51:39   src/ov_MAIN_012/ov_MAIN_012_jr_8016AE5C.c:func_8016C188 A=DIFFERS B: removed 2 needed 1 compiles 4
03:51:39   src/ov_SC01_077/ov_SC01_077_jr_8016AB6C.c:func_8016B234 A=DIFFERS B: removed 3 needed 2 compiles 6
03:51:40   src/ov_MAIN_012/ov_MAIN_012_jr_8016AE5C.c:func_8016C49C A=DIFFERS B: removed 0 needed 1 compiles 2
03:51:40   src/ov_SC02_037/ov_SC02_037_jr_8016AE5C.c:func_8016C49C A=DIFFERS B: removed 0 needed 1 compiles 2
03:51:40   src/ov_SC07_006/ov_SC07_006_jr_801380E0.c:func_8013B274 A=DIFFERS B: removed 4 needed 8 compiles 13
03:51:41   src/ov_MAIN_012/ov_MAIN_012_jr_8016AE5C.c:func_8016CBC0 A=DIFFERS B: removed 0 needed 1 compiles 2
03:51:41   src/ov_SC01_077/ov_SC01_077_jr_8016AB6C.c:func_8016C49C A=DIFFERS B: removed 0 needed 1 compiles 2
03:51:41   src/ov_SC02_037/ov_SC02_037_jr_8016AE5C.c:func_8016CBC0 A=DIFFERS B: removed 0 needed 1 compiles 2
03:51:41   src/ov_SC01_077/ov_SC01_077_jr_8016AB6C.c:func_8016CBC0 A=DIFFERS B: removed 0 needed 1 compiles 2
03:51:41   src/ov_SC02_037/ov_SC02_037_jr_8016AE5C.c:func_8016DF5C A=DIFFERS B: removed 1 needed 2 compiles 4
03:51:41   src/ov_MAIN_012/ov_MAIN_012_jr_8016AE5C.c:func_8016DF5C A=DIFFERS B: removed 1 needed 2 compiles 4
03:51:42   src/ov_SC01_077/ov_SC01_077_jr_8016AB6C.c:func_8016E9EC A=DIFFERS B: removed 0 needed 1 compiles 2
03:51:42   src/ov_SC02_037/ov_SC02_037_jr_8016AE5C.c:func_8016E9EC A=DIFFERS B: removed 0 needed 1 compiles 2
03:51:42   src/ov_MAIN_012/ov_MAIN_012_jr_8016AE5C.c:func_8016E9EC A=DIFFERS B: removed 0 needed 1 compiles 2
03:51:45   src/ov_SC03_107/ov_SC03_107_jr_8016AE5C.c:func_8016C49C A=DIFFERS B: removed 0 needed 1 compiles 2
03:51:45   src/ov_SC02_004/ov_SC02_004_jr_8016AB6C.c:func_8016C49C A=DIFFERS B: removed 0 needed 1 compiles 2
03:51:45   src/ov_SC01_004/ov_SC01_004_jr_8016AB6C.c:func_8016C49C A=DIFFERS B: removed 0 needed 1 compiles 2
03:51:45   src/ov_SC01_001/ov_SC01_001_jr_8016AB6C.c:func_8016C49C A=DIFFERS B: removed 0 needed 1 compiles 2
03:51:45   src/ov_SC01_000/ov_SC01_000_jr_8016AB6C.c:func_8016C49C A=DIFFERS B: removed 0 needed 1 compiles 2
03:51:45   src/ov_SC01_008/ov_SC01_008_jr_8016AB6C.c:func_8016C49C A=DIFFERS B: removed 0 needed 1 compiles 2
03:51:45   src/ov_SC01_074/ov_SC01_074_jr_8016AB6C.c:func_8016C49C A=DIFFERS B: removed 0 needed 1 compiles 2
03:51:45   src/ov_SC01_009/ov_SC01_009_jr_8016AB6C.c:func_8016C49C A=DIFFERS B: removed 0 needed 1 compiles 2
03:51:45   src/ov_SC01_084/ov_SC01_084_jr_8016AB6C.c:func_8016C49C A=DIFFERS B: removed 0 needed 1 compiles 2
03:51:45   src/ov_SC01_080/ov_SC01_080_jr_8016AB6C.c:func_8016C49C A=DIFFERS B: removed 0 needed 1 compiles 2
03:51:45   src/ov_SC01_004/ov_SC01_004_jr_8016AB6C.c:func_8016CBC0 A=DIFFERS B: removed 0 needed 1 compiles 2
03:51:45   src/ov_SC03_107/ov_SC03_107_jr_8016AE5C.c:func_8016CBC0 A=DIFFERS B: removed 0 needed 1 compiles 2
03:51:45   src/ov_SC02_004/ov_SC02_004_jr_8016AB6C.c:func_8016CBC0 A=DIFFERS B: removed 0 needed 1 compiles 2
03:51:45   src/ov_SC01_001/ov_SC01_001_jr_8016AB6C.c:func_8016CBC0 A=DIFFERS B: removed 0 needed 1 compiles 2
03:51:45   src/ov_SC01_000/ov_SC01_000_jr_8016AB6C.c:func_8016CBC0 A=DIFFERS B: removed 0 needed 1 compiles 2
03:51:45   src/ov_SC01_080/ov_SC01_080_jr_8016AB6C.c:func_8016CBC0 A=DIFFERS B: removed 0 needed 1 compiles 2
03:51:45   src/ov_SC01_009/ov_SC01_009_jr_8016AB6C.c:func_8016CBC0 A=DIFFERS B: removed 0 needed 1 compiles 2
03:51:45   src/ov_SC01_074/ov_SC01_074_jr_8016AB6C.c:func_8016CBC0 A=DIFFERS B: removed 0 needed 1 compiles 2
03:51:45   src/ov_SC01_008/ov_SC01_008_jr_8016AB6C.c:func_8016CBC0 A=DIFFERS B: removed 0 needed 1 compiles 2
03:51:45   src/ov_SC01_084/ov_SC01_084_jr_8016AB6C.c:func_8016CBC0 A=DIFFERS B: removed 0 needed 1 compiles 2
03:51:46   src/ov_SC03_107/ov_SC03_107_jr_8016AE5C.c:func_8016E9EC A=DIFFERS B: removed 0 needed 1 compiles 2
03:51:46   src/ov_SC01_004/ov_SC01_004_jr_8016AB6C.c:func_8016E9EC A=DIFFERS B: removed 0 needed 1 compiles 2
03:51:46   src/ov_SC02_004/ov_SC02_004_jr_8016AB6C.c:func_8016E9EC A=DIFFERS B: removed 0 needed 1 compiles 2
03:51:46   src/ov_SC01_001/ov_SC01_001_jr_8016AB6C.c:func_8016E9EC A=DIFFERS B: removed 0 needed 1 compiles 2
03:51:47   src/ov_SC01_080/ov_SC01_080_jr_8016AB6C.c:func_8016E9EC A=DIFFERS B: removed 0 needed 1 compiles 2
03:51:47   src/ov_SC01_000/ov_SC01_000_jr_8016AB6C.c:func_8016E9EC A=DIFFERS B: removed 0 needed 1 compiles 2
03:51:47   src/ov_SC01_005/ov_SC01_005_jr_8016AB6C.c:func_8016C49C A=DIFFERS B: removed 0 needed 1 compiles 2
03:51:47   src/ov_SC01_074/ov_SC01_074_jr_8016AB6C.c:func_8016E9EC A=DIFFERS B: removed 0 needed 1 compiles 2
03:51:47   src/ov_SC01_008/ov_SC01_008_jr_8016AB6C.c:func_8016E9EC A=DIFFERS B: removed 0 needed 1 compiles 2
03:51:47   src/ov_SC01_084/ov_SC01_084_jr_8016AB6C.c:func_8016E9EC A=DIFFERS B: removed 0 needed 1 compiles 2
03:51:47   src/ov_SC01_009/ov_SC01_009_jr_8016AB6C.c:func_8016E9EC A=DIFFERS B: removed 0 needed 1 compiles 2
03:51:47   src/ov_SC02_000/ov_SC02_000_jr_8016AB6C.c:func_8016C49C A=DIFFERS B: removed 0 needed 1 compiles 2
03:51:48   src/ov_SC01_005/ov_SC01_005_jr_8016AB6C.c:func_8016CBC0 A=DIFFERS B: removed 0 needed 1 compiles 2
03:51:48   src/ov_SC02_000/ov_SC02_000_jr_8016AB6C.c:func_8016CBC0 A=DIFFERS B: removed 0 needed 1 compiles 2
03:51:49   src/ov_SC02_005/ov_SC02_005_jr_8016AB6C.c:func_8016C49C A=DIFFERS B: removed 0 needed 1 compiles 2
03:51:49   src/ov_SC02_011/ov_SC02_011_jr_8016AB6C.c:func_8016C49C A=DIFFERS B: removed 0 needed 1 compiles 2
03:51:49   src/ov_SC02_016/ov_SC02_016_jr_8016AB6C.c:func_8016C49C A=DIFFERS B: removed 0 needed 1 compiles 2
03:51:49   src/ov_SC02_031/ov_SC02_031_jr_8016AB6C.c:func_8016C49C A=DIFFERS B: removed 0 needed 1 compiles 2
03:51:49   src/ov_SC02_021/ov_SC02_021_jr_8016AB6C.c:func_8016C49C A=DIFFERS B: removed 0 needed 1 compiles 2
03:51:49   src/ov_SC02_027/ov_SC02_027_jr_8016AB6C.c:func_8016C49C A=DIFFERS B: removed 0 needed 1 compiles 2
03:51:49   src/ov_SC02_026/ov_SC02_026_jr_8016AB6C.c:func_8016C49C A=DIFFERS B: removed 0 needed 1 compiles 2
03:51:49   src/ov_SC02_015/ov_SC02_015_jr_8016AB6C.c:func_8016C49C A=DIFFERS B: removed 0 needed 1 compiles 2
03:51:49   src/ov_SC02_028/ov_SC02_028_jr_8016AB6C.c:func_8016C49C A=DIFFERS B: removed 0 needed 1 compiles 2
03:51:50   src/ov_SC02_017/ov_SC02_017_jr_8016AB6C.c:func_8016C49C A=DIFFERS B: removed 0 needed 1 compiles 2
03:51:50   src/ov_SC02_005/ov_SC02_005_jr_8016AB6C.c:func_8016CBC0 A=DIFFERS B: removed 0 needed 1 compiles 2
03:51:50   src/ov_SC02_011/ov_SC02_011_jr_8016AB6C.c:func_8016CBC0 A=DIFFERS B: removed 0 needed 1 compiles 2
03:51:50   src/ov_SC02_016/ov_SC02_016_jr_8016AB6C.c:func_8016CBC0 A=DIFFERS B: removed 0 needed 1 compiles 2
03:51:50   src/ov_SC02_031/ov_SC02_031_jr_8016AB6C.c:func_8016CBC0 A=DIFFERS B: removed 0 needed 1 compiles 2
03:51:50   src/ov_SC02_021/ov_SC02_021_jr_8016AB6C.c:func_8016CBC0 A=DIFFERS B: removed 0 needed 1 compiles 2
03:51:50   src/ov_SC02_015/ov_SC02_015_jr_8016AB6C.c:func_8016CBC0 A=DIFFERS B: removed 0 needed 1 compiles 2
03:51:50   src/ov_SC02_027/ov_SC02_027_jr_8016AB6C.c:func_8016CBC0 A=DIFFERS B: removed 0 needed 1 compiles 2
03:51:50   src/ov_SC02_026/ov_SC02_026_jr_8016AB6C.c:func_8016CBC0 A=DIFFERS B: removed 0 needed 1 compiles 2
03:51:50   src/ov_SC02_028/ov_SC02_028_jr_8016AB6C.c:func_8016CBC0 A=DIFFERS B: removed 0 needed 1 compiles 2
03:51:50   src/ov_SC02_017/ov_SC02_017_jr_8016AB6C.c:func_8016CBC0 A=DIFFERS B: removed 0 needed 1 compiles 2
03:51:51   src/ov_SC01_005/ov_SC01_005_jr_8016AB6C.c:func_8016E9EC A=DIFFERS B: removed 0 needed 1 compiles 2
03:51:51   src/ov_SC02_000/ov_SC02_000_jr_8016AB6C.c:func_8016E9EC A=DIFFERS B: removed 0 needed 1 compiles 2
03:51:51   src/ov_SC02_005/ov_SC02_005_jr_8016AB6C.c:func_8016E9EC A=DIFFERS B: removed 0 needed 1 compiles 2
03:51:51   src/ov_SC02_011/ov_SC02_011_jr_8016AB6C.c:func_8016E9EC A=DIFFERS B: removed 0 needed 1 compiles 2
03:51:51   src/ov_SC02_016/ov_SC02_016_jr_8016AB6C.c:func_8016E9EC A=DIFFERS B: removed 0 needed 1 compiles 2
03:51:51   src/ov_SC02_021/ov_SC02_021_jr_8016AB6C.c:func_8016E9EC A=DIFFERS B: removed 0 needed 1 compiles 2
03:51:51   src/ov_SC02_027/ov_SC02_027_jr_8016AB6C.c:func_8016E9EC A=DIFFERS B: removed 0 needed 1 compiles 2
03:51:51   src/ov_SC02_031/ov_SC02_031_jr_8016AB6C.c:func_8016E9EC A=DIFFERS B: removed 0 needed 1 compiles 2
03:51:51   src/ov_SC02_015/ov_SC02_015_jr_8016AB6C.c:func_8016E9EC A=DIFFERS B: removed 0 needed 1 compiles 2
03:51:51   src/ov_SC02_026/ov_SC02_026_jr_8016AB6C.c:func_8016E9EC A=DIFFERS B: removed 0 needed 1 compiles 2
03:51:51   src/ov_SC02_028/ov_SC02_028_jr_8016AB6C.c:func_8016E9EC A=DIFFERS B: removed 0 needed 1 compiles 2
03:51:52   src/ov_SC02_017/ov_SC02_017_jr_8016AB6C.c:func_8016E9EC A=DIFFERS B: removed 0 needed 1 compiles 2
03:51:54   src/ov_SC02_035/ov_SC02_035_jr_8016AB6C.c:func_8016C49C A=DIFFERS B: removed 0 needed 1 compiles 2
03:51:54   src/ov_SC02_041/ov_SC02_041_jr_8016AB6C.c:func_8016C49C A=DIFFERS B: removed 0 needed 1 compiles 2
03:51:54   src/ov_SC02_039/ov_SC02_039_jr_8016AB6C.c:func_8016C49C A=DIFFERS B: removed 0 needed 1 compiles 2
03:51:54   src/ov_SC03_003/ov_SC03_003_jr_8016AB6C.c:func_8016C49C A=DIFFERS B: removed 0 needed 1 compiles 2
03:51:54   src/ov_SC03_006/ov_SC03_006_jr_8016AB6C.c:func_8016C49C A=DIFFERS B: removed 0 needed 1 compiles 2
03:51:54   src/ov_SC03_007/ov_SC03_007_jr_8016AB6C.c:func_8016C49C A=DIFFERS B: removed 0 needed 1 compiles 2
03:51:54   src/ov_SC03_012/ov_SC03_012_jr_8016AB6C.c:func_8016C49C A=DIFFERS B: removed 0 needed 1 compiles 2
03:51:54   src/ov_SC03_001/ov_SC03_001_jr_8016AB6C.c:func_8016C49C A=DIFFERS B: removed 0 needed 1 compiles 2
03:51:54   src/ov_SC03_011/ov_SC03_011_jr_8016AB6C.c:func_8016C49C A=DIFFERS B: removed 0 needed 1 compiles 2
03:51:54   src/ov_SC03_010/ov_SC03_010_jr_8016AB6C.c:func_8016C49C A=DIFFERS B: removed 0 needed 1 compiles 2
03:51:54   src/ov_SC03_013/ov_SC03_013_jr_8016AB6C.c:func_8016C49C A=DIFFERS B: removed 0 needed 1 compiles 2
03:51:54   src/ov_SC02_035/ov_SC02_035_jr_8016AB6C.c:func_8016CBC0 A=DIFFERS B: removed 0 needed 1 compiles 2
03:51:54   src/ov_SC03_002/ov_SC03_002_jr_8016AB6C.c:func_8016C49C A=DIFFERS B: removed 0 needed 1 compiles 2
03:51:55   src/ov_SC02_041/ov_SC02_041_jr_8016AB6C.c:func_8016CBC0 A=DIFFERS B: removed 0 needed 1 compiles 2
03:51:55   src/ov_SC02_039/ov_SC02_039_jr_8016AB6C.c:func_8016CBC0 A=DIFFERS B: removed 0 needed 1 compiles 2
03:51:55   src/ov_SC03_003/ov_SC03_003_jr_8016AB6C.c:func_8016CBC0 A=DIFFERS B: removed 0 needed 1 compiles 2
03:51:55   src/ov_SC03_006/ov_SC03_006_jr_8016AB6C.c:func_8016CBC0 A=DIFFERS B: removed 0 needed 1 compiles 2
03:51:55   src/ov_SC03_007/ov_SC03_007_jr_8016AB6C.c:func_8016CBC0 A=DIFFERS B: removed 0 needed 1 compiles 2
03:51:55   src/ov_SC03_012/ov_SC03_012_jr_8016AB6C.c:func_8016CBC0 A=DIFFERS B: removed 0 needed 1 compiles 2
03:51:55   src/ov_SC03_001/ov_SC03_001_jr_8016AB6C.c:func_8016CBC0 A=DIFFERS B: removed 0 needed 1 compiles 2
03:51:55   src/ov_SC03_010/ov_SC03_010_jr_8016AB6C.c:func_8016CBC0 A=DIFFERS B: removed 0 needed 1 compiles 2
03:51:55   src/ov_SC03_013/ov_SC03_013_jr_8016AB6C.c:func_8016CBC0 A=DIFFERS B: removed 0 needed 1 compiles 2
03:51:55   src/ov_SC03_002/ov_SC03_002_jr_8016AB6C.c:func_8016CBC0 A=DIFFERS B: removed 0 needed 1 compiles 2
03:51:55   src/ov_SC03_011/ov_SC03_011_jr_8016AB6C.c:func_8016CBC0 A=DIFFERS B: removed 0 needed 1 compiles 2
03:51:56   src/ov_SC02_035/ov_SC02_035_jr_8016AB6C.c:func_8016E9EC A=DIFFERS B: removed 0 needed 1 compiles 2
03:51:56   src/ov_SC02_041/ov_SC02_041_jr_8016AB6C.c:func_8016E9EC A=DIFFERS B: removed 0 needed 1 compiles 2
03:51:56   src/ov_SC02_039/ov_SC02_039_jr_8016AB6C.c:func_8016E9EC A=DIFFERS B: removed 0 needed 1 compiles 2
03:51:56   src/ov_SC03_006/ov_SC03_006_jr_8016AB6C.c:func_8016E9EC A=DIFFERS B: removed 0 needed 1 compiles 2
03:51:56   src/ov_SC03_007/ov_SC03_007_jr_8016AB6C.c:func_8016E9EC A=DIFFERS B: removed 0 needed 1 compiles 2
03:51:56   src/ov_SC03_012/ov_SC03_012_jr_8016AB6C.c:func_8016E9EC A=DIFFERS B: removed 0 needed 1 compiles 2
03:51:56   src/ov_SC03_003/ov_SC03_003_jr_8016AB6C.c:func_8016E9EC A=DIFFERS B: removed 0 needed 1 compiles 2
03:51:56   src/ov_SC03_010/ov_SC03_010_jr_8016AB6C.c:func_8016E9EC A=DIFFERS B: removed 0 needed 1 compiles 2
03:51:56   src/ov_SC03_002/ov_SC03_002_jr_8016AB6C.c:func_8016E9EC A=DIFFERS B: removed 0 needed 1 compiles 2
03:51:56   src/ov_SC03_001/ov_SC03_001_jr_8016AB6C.c:func_8016E9EC A=DIFFERS B: removed 0 needed 1 compiles 2
03:51:56   src/ov_SC03_013/ov_SC03_013_jr_8016AB6C.c:func_8016E9EC A=DIFFERS B: removed 0 needed 1 compiles 2
03:51:56   src/ov_SC03_011/ov_SC03_011_jr_8016AB6C.c:func_8016E9EC A=DIFFERS B: removed 0 needed 1 compiles 2
03:51:59   src/ov_SC03_024/ov_SC03_024_jr_8016AB6C.c:func_8016C49C A=DIFFERS B: removed 0 needed 1 compiles 2
03:51:59   src/ov_SC03_023/ov_SC03_023_jr_8016AB6C.c:func_8016C49C A=DIFFERS B: removed 0 needed 1 compiles 2
03:51:59   src/ov_SC03_028/ov_SC03_028_jr_8016AB6C.c:func_8016C49C A=DIFFERS B: removed 0 needed 1 compiles 2
03:51:59   src/ov_SC03_029/ov_SC03_029_jr_8016AB6C.c:func_8016C49C A=DIFFERS B: removed 0 needed 1 compiles 2
03:51:59   src/ov_SC03_093/ov_SC03_093_jr_8016AB6C.c:func_8016C49C A=DIFFERS B: removed 0 needed 1 compiles 2
03:51:59   src/ov_SC03_090/ov_SC03_090_jr_8016AB6C.c:func_8016C49C A=DIFFERS B: removed 0 needed 1 compiles 2
03:51:59   src/ov_SC03_091/ov_SC03_091_jr_8016AB6C.c:func_8016C49C A=DIFFERS B: removed 0 needed 1 compiles 2
03:51:59   src/ov_SC03_030/ov_SC03_030_jr_8016AB6C.c:func_8016C49C A=DIFFERS B: removed 0 needed 1 compiles 2
03:51:59   src/ov_SC03_031/ov_SC03_031_jr_8016AB6C.c:func_8016C49C A=DIFFERS B: removed 0 needed 1 compiles 2
03:51:59   src/ov_SC03_089/ov_SC03_089_jr_8016AB6C.c:func_8016C49C A=DIFFERS B: removed 0 needed 1 compiles 2
03:51:59   src/ov_SC03_092/ov_SC03_092_jr_8016AB6C.c:func_8016C49C A=DIFFERS B: removed 0 needed 1 compiles 2
03:51:59   src/ov_SC03_024/ov_SC03_024_jr_8016AB6C.c:func_8016CBC0 A=DIFFERS B: removed 0 needed 1 compiles 2
03:51:59   src/ov_SC03_028/ov_SC03_028_jr_8016AB6C.c:func_8016CBC0 A=DIFFERS B: removed 0 needed 1 compiles 2
03:51:59   src/ov_SC03_023/ov_SC03_023_jr_8016AB6C.c:func_8016CBC0 A=DIFFERS B: removed 0 needed 1 compiles 2
03:51:59   src/ov_SC03_029/ov_SC03_029_jr_8016AB6C.c:func_8016CBC0 A=DIFFERS B: removed 0 needed 1 compiles 2
03:52:00   src/ov_SC03_093/ov_SC03_093_jr_8016AB6C.c:func_8016CBC0 A=DIFFERS B: removed 0 needed 1 compiles 2
03:52:00   src/ov_SC03_090/ov_SC03_090_jr_8016AB6C.c:func_8016CBC0 A=DIFFERS B: removed 0 needed 1 compiles 2
03:52:00   src/ov_SC03_091/ov_SC03_091_jr_8016AB6C.c:func_8016CBC0 A=DIFFERS B: removed 0 needed 1 compiles 2
03:52:00   src/ov_SC03_031/ov_SC03_031_jr_8016AB6C.c:func_8016CBC0 A=DIFFERS B: removed 0 needed 1 compiles 2
03:52:00   src/ov_SC03_092/ov_SC03_092_jr_8016AB6C.c:func_8016CBC0 A=DIFFERS B: removed 0 needed 1 compiles 2
03:52:00   src/ov_SC03_089/ov_SC03_089_jr_8016AB6C.c:func_8016CBC0 A=DIFFERS B: removed 0 needed 1 compiles 2
03:52:00   src/ov_SC03_030/ov_SC03_030_jr_8016AB6C.c:func_8016CBC0 A=DIFFERS B: removed 0 needed 1 compiles 2
03:52:00   src/ov_SC03_014/ov_SC03_014_jr_8016AB6C.c:func_8016C49C A=DIFFERS B: removed 0 needed 1 compiles 2
03:52:00   src/ov_SC03_023/ov_SC03_023_jr_8016AB6C.c:func_8016E9EC A=DIFFERS B: removed 0 needed 1 compiles 2
03:52:00   src/ov_SC03_024/ov_SC03_024_jr_8016AB6C.c:func_8016E9EC A=DIFFERS B: removed 0 needed 1 compiles 2
03:52:01   src/ov_SC03_028/ov_SC03_028_jr_8016AB6C.c:func_8016E9EC A=DIFFERS B: removed 0 needed 1 compiles 2
03:52:01   src/ov_SC03_090/ov_SC03_090_jr_8016AB6C.c:func_8016E9EC A=DIFFERS B: removed 0 needed 1 compiles 2
03:52:01   src/ov_SC03_029/ov_SC03_029_jr_8016AB6C.c:func_8016E9EC A=DIFFERS B: removed 0 needed 1 compiles 2
03:52:01   src/ov_SC03_091/ov_SC03_091_jr_8016AB6C.c:func_8016E9EC A=DIFFERS B: removed 0 needed 1 compiles 2
03:52:01   src/ov_SC03_092/ov_SC03_092_jr_8016AB6C.c:func_8016E9EC A=DIFFERS B: removed 0 needed 1 compiles 2
03:52:01   src/ov_SC03_031/ov_SC03_031_jr_8016AB6C.c:func_8016E9EC A=DIFFERS B: removed 0 needed 1 compiles 2
03:52:01   src/ov_SC03_089/ov_SC03_089_jr_8016AB6C.c:func_8016E9EC A=DIFFERS B: removed 0 needed 1 compiles 2
03:52:01   src/ov_SC03_093/ov_SC03_093_jr_8016AB6C.c:func_8016E9EC A=DIFFERS B: removed 0 needed 1 compiles 2
03:52:01   src/ov_SC03_030/ov_SC03_030_jr_8016AB6C.c:func_8016E9EC A=DIFFERS B: removed 0 needed 1 compiles 2
03:52:02   src/ov_SC03_014/ov_SC03_014_jr_8016AB6C.c:func_8016CBC0 A=DIFFERS B: removed 0 needed 1 compiles 2
03:52:03   src/ov_SC03_094/ov_SC03_094_jr_8016AB6C.c:func_8016C49C A=DIFFERS B: removed 0 needed 1 compiles 2
03:52:03   src/ov_SC03_096/ov_SC03_096_jr_8016AB6C.c:func_8016C49C A=DIFFERS B: removed 0 needed 1 compiles 2
03:52:03   src/ov_SC03_095/ov_SC03_095_jr_8016AB6C.c:func_8016C49C A=DIFFERS B: removed 0 needed 1 compiles 2
03:52:03   src/ov_SC03_097/ov_SC03_097_jr_8016AB6C.c:func_8016C49C A=DIFFERS B: removed 0 needed 1 compiles 2
03:52:04   src/ov_SC03_098/ov_SC03_098_jr_8016AB6C.c:func_8016C49C A=DIFFERS B: removed 0 needed 1 compiles 2
03:52:04   src/ov_SC03_099/ov_SC03_099_jr_8016AB6C.c:func_8016C49C A=DIFFERS B: removed 0 needed 1 compiles 2
03:52:04   src/ov_SC03_100/ov_SC03_100_jr_8016AB6C.c:func_8016C49C A=DIFFERS B: removed 0 needed 1 compiles 2
03:52:04   src/ov_SC03_094/ov_SC03_094_jr_8016AB6C.c:func_8016CBC0 A=DIFFERS B: removed 0 needed 1 compiles 2
03:52:04   src/ov_SC03_103/ov_SC03_103_jr_8016AB6C.c:func_8016C49C A=DIFFERS B: removed 0 needed 1 compiles 2
03:52:04   src/ov_SC03_096/ov_SC03_096_jr_8016AB6C.c:func_8016CBC0 A=DIFFERS B: removed 0 needed 1 compiles 2
03:52:04   src/ov_SC03_101/ov_SC03_101_jr_8016AB6C.c:func_8016C49C A=DIFFERS B: removed 0 needed 1 compiles 2
03:52:04   src/ov_SC03_102/ov_SC03_102_jr_8016AB6C.c:func_8016C49C A=DIFFERS B: removed 0 needed 1 compiles 2
03:52:04   src/ov_SC03_104/ov_SC03_104_jr_8016AB6C.c:func_8016C49C A=DIFFERS B: removed 0 needed 1 compiles 2
03:52:04   src/ov_SC03_095/ov_SC03_095_jr_8016AB6C.c:func_8016CBC0 A=DIFFERS B: removed 0 needed 1 compiles 2
03:52:04   src/ov_SC03_097/ov_SC03_097_jr_8016AB6C.c:func_8016CBC0 A=DIFFERS B: removed 0 needed 1 compiles 2
03:52:04   src/ov_SC03_098/ov_SC03_098_jr_8016AB6C.c:func_8016CBC0 A=DIFFERS B: removed 0 needed 1 compiles 2
03:52:04   src/ov_SC03_100/ov_SC03_100_jr_8016AB6C.c:func_8016CBC0 A=DIFFERS B: removed 0 needed 1 compiles 2
03:52:04   src/ov_SC03_099/ov_SC03_099_jr_8016AB6C.c:func_8016CBC0 A=DIFFERS B: removed 0 needed 1 compiles 2
03:52:04   src/ov_SC03_101/ov_SC03_101_jr_8016AB6C.c:func_8016CBC0 A=DIFFERS B: removed 0 needed 1 compiles 2
03:52:04   src/ov_SC03_103/ov_SC03_103_jr_8016AB6C.c:func_8016CBC0 A=DIFFERS B: removed 0 needed 1 compiles 2
03:52:04   src/ov_SC03_102/ov_SC03_102_jr_8016AB6C.c:func_8016CBC0 A=DIFFERS B: removed 0 needed 1 compiles 2
03:52:04   src/ov_SC03_104/ov_SC03_104_jr_8016AB6C.c:func_8016CBC0 A=DIFFERS B: removed 0 needed 1 compiles 2
03:52:05   src/ov_SC03_014/ov_SC03_014_jr_8016AB6C.c:func_8016E9EC A=DIFFERS B: removed 0 needed 1 compiles 2
03:52:05   src/ov_SC03_094/ov_SC03_094_jr_8016AB6C.c:func_8016E9EC A=DIFFERS B: removed 0 needed 1 compiles 2
03:52:05   src/ov_SC03_096/ov_SC03_096_jr_8016AB6C.c:func_8016E9EC A=DIFFERS B: removed 0 needed 1 compiles 2
03:52:05   src/ov_SC03_095/ov_SC03_095_jr_8016AB6C.c:func_8016E9EC A=DIFFERS B: removed 0 needed 1 compiles 2
03:52:05   src/ov_SC03_097/ov_SC03_097_jr_8016AB6C.c:func_8016E9EC A=DIFFERS B: removed 0 needed 1 compiles 2
03:52:06   src/ov_SC03_103/ov_SC03_103_jr_8016AB6C.c:func_8016E9EC A=DIFFERS B: removed 0 needed 1 compiles 2
03:52:06   src/ov_SC03_098/ov_SC03_098_jr_8016AB6C.c:func_8016E9EC A=DIFFERS B: removed 0 needed 1 compiles 2
03:52:06   src/ov_SC03_100/ov_SC03_100_jr_8016AB6C.c:func_8016E9EC A=DIFFERS B: removed 0 needed 1 compiles 2
03:52:06   src/ov_SC03_099/ov_SC03_099_jr_8016AB6C.c:func_8016E9EC A=DIFFERS B: removed 0 needed 1 compiles 2
03:52:06   src/ov_SC03_102/ov_SC03_102_jr_8016AB6C.c:func_8016E9EC A=DIFFERS B: removed 0 needed 1 compiles 2
03:52:06   src/ov_SC03_101/ov_SC03_101_jr_8016AB6C.c:func_8016E9EC A=DIFFERS B: removed 0 needed 1 compiles 2
03:52:06   src/ov_SC03_104/ov_SC03_104_jr_8016AB6C.c:func_8016E9EC A=DIFFERS B: removed 0 needed 1 compiles 2
03:52:08   src/ov_SC03_105/ov_SC03_105_jr_8016AB6C.c:func_8016C49C A=DIFFERS B: removed 0 needed 1 compiles 2
03:52:08   src/ov_SC03_108/ov_SC03_108_jr_8016AB6C.c:func_8016C49C A=DIFFERS B: removed 0 needed 1 compiles 2
03:52:08   src/ov_SC03_109/ov_SC03_109_jr_8016AB6C.c:func_8016C49C A=DIFFERS B: removed 0 needed 1 compiles 2
03:52:08   src/ov_SC03_110/ov_SC03_110_jr_8016AB6C.c:func_8016C49C A=DIFFERS B: removed 0 needed 1 compiles 2
03:52:08   src/ov_SC03_112/ov_SC03_112_jr_8016AB6C.c:func_8016C49C A=DIFFERS B: removed 0 needed 1 compiles 2
03:52:08   src/ov_SC03_111/ov_SC03_111_jr_8016AB6C.c:func_8016C49C A=DIFFERS B: removed 0 needed 1 compiles 2
03:52:08   src/ov_SC03_105/ov_SC03_105_jr_8016AB6C.c:func_8016CBC0 A=DIFFERS B: removed 0 needed 1 compiles 2
03:52:08   src/ov_SC03_108/ov_SC03_108_jr_8016AB6C.c:func_8016CBC0 A=DIFFERS B: removed 0 needed 1 compiles 2
03:52:08   src/ov_SC03_113/ov_SC03_113_jr_8016AB6C.c:func_8016C49C A=DIFFERS B: removed 0 needed 1 compiles 2
03:52:08   src/ov_SC03_116/ov_SC03_116_jr_8016AB6C.c:func_8016C49C A=DIFFERS B: removed 0 needed 1 compiles 2
03:52:08   src/ov_SC03_115/ov_SC03_115_jr_8016AB6C.c:func_8016C49C A=DIFFERS B: removed 0 needed 1 compiles 2
03:52:08   src/ov_SC03_114/ov_SC03_114_jr_8016AB6C.c:func_8016C49C A=DIFFERS B: removed 0 needed 1 compiles 2
03:52:09   src/ov_SC03_109/ov_SC03_109_jr_8016AB6C.c:func_8016CBC0 A=DIFFERS B: removed 0 needed 1 compiles 2
03:52:09   src/ov_SC03_110/ov_SC03_110_jr_8016AB6C.c:func_8016CBC0 A=DIFFERS B: removed 0 needed 1 compiles 2
03:52:09   src/ov_SC03_112/ov_SC03_112_jr_8016AB6C.c:func_8016CBC0 A=DIFFERS B: removed 0 needed 1 compiles 2
03:52:09   src/ov_SC03_117/ov_SC03_117_jr_8016AB6C.c:func_8016C49C A=DIFFERS B: removed 0 needed 1 compiles 2
03:52:09   src/ov_SC03_111/ov_SC03_111_jr_8016AB6C.c:func_8016CBC0 A=DIFFERS B: removed 0 needed 1 compiles 2
03:52:09   src/ov_SC03_113/ov_SC03_113_jr_8016AB6C.c:func_8016CBC0 A=DIFFERS B: removed 0 needed 1 compiles 2
03:52:09   src/ov_SC03_116/ov_SC03_116_jr_8016AB6C.c:func_8016CBC0 A=DIFFERS B: removed 0 needed 1 compiles 2
03:52:09   src/ov_SC03_115/ov_SC03_115_jr_8016AB6C.c:func_8016CBC0 A=DIFFERS B: removed 0 needed 1 compiles 2
03:52:09   src/ov_SC03_114/ov_SC03_114_jr_8016AB6C.c:func_8016CBC0 A=DIFFERS B: removed 0 needed 1 compiles 2
03:52:09   src/ov_SC03_117/ov_SC03_117_jr_8016AB6C.c:func_8016CBC0 A=DIFFERS B: removed 0 needed 1 compiles 2
03:52:09   src/ov_SC03_108/ov_SC03_108_jr_8016AB6C.c:func_8016E9EC A=DIFFERS B: removed 0 needed 1 compiles 2
03:52:09   src/ov_SC03_105/ov_SC03_105_jr_8016AB6C.c:func_8016E9EC A=DIFFERS B: removed 0 needed 1 compiles 2
03:52:10   src/ov_SC03_109/ov_SC03_109_jr_8016AB6C.c:func_8016E9EC A=DIFFERS B: removed 0 needed 1 compiles 2
03:52:10   src/ov_SC03_110/ov_SC03_110_jr_8016AB6C.c:func_8016E9EC A=DIFFERS B: removed 0 needed 1 compiles 2
03:52:10   src/ov_SC03_112/ov_SC03_112_jr_8016AB6C.c:func_8016E9EC A=DIFFERS B: removed 0 needed 1 compiles 2
03:52:10   src/ov_SC03_111/ov_SC03_111_jr_8016AB6C.c:func_8016E9EC A=DIFFERS B: removed 0 needed 1 compiles 2
03:52:10   src/ov_SC03_118/ov_SC03_118_jr_8016AB6C.c:func_8016C49C A=DIFFERS B: removed 0 needed 1 compiles 2
03:52:11   src/ov_SC03_116/ov_SC03_116_jr_8016AB6C.c:func_8016E9EC A=DIFFERS B: removed 0 needed 1 compiles 2
03:52:11   src/ov_SC03_113/ov_SC03_113_jr_8016AB6C.c:func_8016E9EC A=DIFFERS B: removed 0 needed 1 compiles 2
03:52:11   src/ov_SC03_114/ov_SC03_114_jr_8016AB6C.c:func_8016E9EC A=DIFFERS B: removed 0 needed 1 compiles 2
03:52:11   src/ov_SC03_117/ov_SC03_117_jr_8016AB6C.c:func_8016E9EC A=DIFFERS B: removed 0 needed 1 compiles 2
03:52:11   src/ov_SC03_115/ov_SC03_115_jr_8016AB6C.c:func_8016E9EC A=DIFFERS B: removed 0 needed 1 compiles 2
03:52:12   src/ov_SC03_121/ov_SC03_121_jr_8016AB6C.c:func_8016C49C A=DIFFERS B: removed 0 needed 1 compiles 2
03:52:12   src/ov_SC03_118/ov_SC03_118_jr_8016AB6C.c:func_8016CBC0 A=DIFFERS B: removed 0 needed 1 compiles 2
03:52:12   src/ov_SC03_124/ov_SC03_124_jr_8016AB6C.c:func_8016C49C A=DIFFERS B: removed 0 needed 1 compiles 2
03:52:13   src/ov_SC04_000/ov_SC04_000_jr_8016AB6C.c:func_8016C49C A=DIFFERS B: removed 0 needed 1 compiles 2
03:52:13   src/ov_SC03_125/ov_SC03_125_jr_8016AB6C.c:func_8016C49C A=DIFFERS B: removed 0 needed 1 compiles 2
03:52:13   src/ov_SC03_121/ov_SC03_121_jr_8016AB6C.c:func_8016CBC0 A=DIFFERS B: removed 0 needed 1 compiles 2
03:52:13   src/ov_SC03_124/ov_SC03_124_jr_8016AB6C.c:func_8016CBC0 A=DIFFERS B: removed 0 needed 1 compiles 2
03:52:13   src/ov_SC04_004/ov_SC04_004_jr_8016AB6C.c:func_8016C49C A=DIFFERS B: removed 0 needed 1 compiles 2
03:52:13   src/ov_SC04_002/ov_SC04_002_jr_8016AB6C.c:func_8016C49C A=DIFFERS B: removed 0 needed 1 compiles 2
03:52:13   src/ov_SC04_003/ov_SC04_003_jr_8016AB6C.c:func_8016C49C A=DIFFERS B: removed 0 needed 1 compiles 2
03:52:13   src/ov_SC04_005/ov_SC04_005_jr_8016AB6C.c:func_8016C49C A=DIFFERS B: removed 0 needed 1 compiles 2
03:52:13   src/ov_SC04_000/ov_SC04_000_jr_8016AB6C.c:func_8016CBC0 A=DIFFERS B: removed 0 needed 1 compiles 2
03:52:13   src/ov_SC04_009/ov_SC04_009_jr_8016AB6C.c:func_8016C49C A=DIFFERS B: removed 0 needed 1 compiles 2
03:52:13   src/ov_SC04_007/ov_SC04_007_jr_8016AB6C.c:func_8016C49C A=DIFFERS B: removed 0 needed 1 compiles 2
03:52:13   src/ov_SC04_006/ov_SC04_006_jr_8016AB6C.c:func_8016C49C A=DIFFERS B: removed 0 needed 1 compiles 2
03:52:13   src/ov_SC03_125/ov_SC03_125_jr_8016AB6C.c:func_8016CBC0 A=DIFFERS B: removed 0 needed 1 compiles 2
03:52:13   src/ov_SC04_004/ov_SC04_004_jr_8016AB6C.c:func_8016CBC0 A=DIFFERS B: removed 0 needed 1 compiles 2
03:52:13   src/ov_SC04_002/ov_SC04_002_jr_8016AB6C.c:func_8016CBC0 A=DIFFERS B: removed 0 needed 1 compiles 2
03:52:14   src/ov_SC04_003/ov_SC04_003_jr_8016AB6C.c:func_8016CBC0 A=DIFFERS B: removed 0 needed 1 compiles 2
03:52:14   src/ov_SC04_005/ov_SC04_005_jr_8016AB6C.c:func_8016CBC0 A=DIFFERS B: removed 0 needed 1 compiles 2
03:52:14   src/ov_SC04_007/ov_SC04_007_jr_8016AB6C.c:func_8016CBC0 A=DIFFERS B: removed 0 needed 1 compiles 2
03:52:14   src/ov_SC04_006/ov_SC04_006_jr_8016AB6C.c:func_8016CBC0 A=DIFFERS B: removed 0 needed 1 compiles 2
03:52:14   src/ov_SC04_009/ov_SC04_009_jr_8016AB6C.c:func_8016CBC0 A=DIFFERS B: removed 0 needed 1 compiles 2
03:52:14   src/ov_SC03_124/ov_SC03_124_jr_8016AB6C.c:func_8016E9EC A=DIFFERS B: removed 0 needed 1 compiles 2
03:52:14   src/ov_SC03_121/ov_SC03_121_jr_8016AB6C.c:func_8016E9EC A=DIFFERS B: removed 0 needed 1 compiles 2
03:52:14   src/ov_SC03_118/ov_SC03_118_jr_8016AB6C.c:func_8016E9EC A=DIFFERS B: removed 0 needed 1 compiles 2
03:52:14   src/ov_SC04_000/ov_SC04_000_jr_8016AB6C.c:func_8016E9EC A=DIFFERS B: removed 0 needed 1 compiles 2
03:52:15   src/ov_SC03_125/ov_SC03_125_jr_8016AB6C.c:func_8016E9EC A=DIFFERS B: removed 0 needed 1 compiles 2
03:52:15   src/ov_SC04_004/ov_SC04_004_jr_8016AB6C.c:func_8016E9EC A=DIFFERS B: removed 0 needed 1 compiles 2
03:52:15   src/ov_SC04_002/ov_SC04_002_jr_8016AB6C.c:func_8016E9EC A=DIFFERS B: removed 0 needed 1 compiles 2
03:52:15   src/ov_SC04_003/ov_SC04_003_jr_8016AB6C.c:func_8016E9EC A=DIFFERS B: removed 0 needed 1 compiles 2
03:52:15   src/ov_SC04_005/ov_SC04_005_jr_8016AB6C.c:func_8016E9EC A=DIFFERS B: removed 0 needed 1 compiles 2
03:52:15   src/ov_SC04_007/ov_SC04_007_jr_8016AB6C.c:func_8016E9EC A=DIFFERS B: removed 0 needed 1 compiles 2
03:52:15   src/ov_SC04_009/ov_SC04_009_jr_8016AB6C.c:func_8016E9EC A=DIFFERS B: removed 0 needed 1 compiles 2
03:52:15   src/ov_SC04_006/ov_SC04_006_jr_8016AB6C.c:func_8016E9EC A=DIFFERS B: removed 0 needed 1 compiles 2
03:52:17   src/ov_SC04_010/ov_SC04_010_jr_8016AB6C.c:func_8016C49C A=DIFFERS B: removed 0 needed 1 compiles 2
03:52:17   src/ov_SC04_012/ov_SC04_012_jr_8016AB6C.c:func_8016C49C A=DIFFERS B: removed 0 needed 1 compiles 2
03:52:17   src/ov_SC04_015/ov_SC04_015_jr_8016AB6C.c:func_8016C49C A=DIFFERS B: removed 0 needed 1 compiles 2
03:52:17   src/ov_SC04_010/ov_SC04_010_jr_8016AB6C.c:func_8016CBC0 A=DIFFERS B: removed 0 needed 1 compiles 2
03:52:17   src/ov_SC04_016/ov_SC04_016_jr_8016AB6C.c:func_8016C49C A=DIFFERS B: removed 0 needed 1 compiles 2
03:52:17   src/ov_SC04_020/ov_SC04_020_jr_8016AB6C.c:func_8016C49C A=DIFFERS B: removed 0 needed 1 compiles 2
03:52:17   src/ov_SC05_000/ov_SC05_000_jr_8016AB6C.c:func_8016C49C A=DIFFERS B: removed 0 needed 1 compiles 2
03:52:17   src/ov_SC04_012/ov_SC04_012_jr_8016AB6C.c:func_8016CBC0 A=DIFFERS B: removed 0 needed 1 compiles 2
03:52:17   src/ov_SC05_001/ov_SC05_001_jr_8016AB6C.c:func_8016C49C A=DIFFERS B: removed 0 needed 1 compiles 2
03:52:18   src/ov_SC05_002/ov_SC05_002_jr_8016AB6C.c:func_8016C49C A=DIFFERS B: removed 0 needed 1 compiles 2
03:52:18   src/ov_SC05_003/ov_SC05_003_jr_8016AB6C.c:func_8016C49C A=DIFFERS B: removed 0 needed 1 compiles 2
03:52:18   src/ov_SC04_015/ov_SC04_015_jr_8016AB6C.c:func_8016CBC0 A=DIFFERS B: removed 0 needed 1 compiles 2
03:52:18   src/ov_SC04_016/ov_SC04_016_jr_8016AB6C.c:func_8016CBC0 A=DIFFERS B: removed 0 needed 1 compiles 2
03:52:18   src/ov_SC04_020/ov_SC04_020_jr_8016AB6C.c:func_8016CBC0 A=DIFFERS B: removed 0 needed 1 compiles 2
03:52:18   src/ov_SC05_005/ov_SC05_005_jr_8016AB6C.c:func_8016C49C A=DIFFERS B: removed 0 needed 1 compiles 2
03:52:18   src/ov_SC05_000/ov_SC05_000_jr_8016AB6C.c:func_8016CBC0 A=DIFFERS B: removed 0 needed 1 compiles 2
03:52:18   src/ov_SC05_001/ov_SC05_001_jr_8016AB6C.c:func_8016CBC0 A=DIFFERS B: removed 0 needed 1 compiles 2
03:52:18   src/ov_SC05_004/ov_SC05_004_jr_8016AB6C.c:func_8016C49C A=DIFFERS B: removed 0 needed 1 compiles 2
03:52:18   src/ov_SC05_002/ov_SC05_002_jr_8016AB6C.c:func_8016CBC0 A=DIFFERS B: removed 0 needed 1 compiles 2
03:52:18   src/ov_SC05_003/ov_SC05_003_jr_8016AB6C.c:func_8016CBC0 A=DIFFERS B: removed 0 needed 1 compiles 2
03:52:18   src/ov_SC04_010/ov_SC04_010_jr_8016AB6C.c:func_8016E9EC A=DIFFERS B: removed 0 needed 1 compiles 2
03:52:19   src/ov_SC05_005/ov_SC05_005_jr_8016AB6C.c:func_8016CBC0 A=DIFFERS B: removed 0 needed 1 compiles 2
03:52:19   src/ov_SC05_004/ov_SC05_004_jr_8016AB6C.c:func_8016CBC0 A=DIFFERS B: removed 0 needed 1 compiles 2
03:52:19   src/ov_SC04_012/ov_SC04_012_jr_8016AB6C.c:func_8016E9EC A=DIFFERS B: removed 0 needed 1 compiles 2
03:52:19   src/ov_SC04_015/ov_SC04_015_jr_8016AB6C.c:func_8016E9EC A=DIFFERS B: removed 0 needed 1 compiles 2
03:52:19   src/ov_SC04_018/ov_SC04_018_jr_8016AB6C.c:func_8016C49C A=DIFFERS B: removed 0 needed 1 compiles 2
03:52:19   src/ov_SC04_016/ov_SC04_016_jr_8016AB6C.c:func_8016E9EC A=DIFFERS B: removed 0 needed 1 compiles 2
03:52:19   src/ov_SC04_020/ov_SC04_020_jr_8016AB6C.c:func_8016E9EC A=DIFFERS B: removed 0 needed 1 compiles 2
03:52:19   src/ov_SC05_000/ov_SC05_000_jr_8016AB6C.c:func_8016E9EC A=DIFFERS B: removed 0 needed 1 compiles 2
03:52:19   src/ov_SC05_001/ov_SC05_001_jr_8016AB6C.c:func_8016E9EC A=DIFFERS B: removed 0 needed 1 compiles 2
03:52:20   src/ov_SC05_003/ov_SC05_003_jr_8016AB6C.c:func_8016E9EC A=DIFFERS B: removed 0 needed 1 compiles 2
03:52:20   src/ov_SC05_002/ov_SC05_002_jr_8016AB6C.c:func_8016E9EC A=DIFFERS B: removed 0 needed 1 compiles 2
03:52:20   src/ov_SC05_005/ov_SC05_005_jr_8016AB6C.c:func_8016E9EC A=DIFFERS B: removed 0 needed 1 compiles 2
03:52:20   src/ov_SC05_004/ov_SC05_004_jr_8016AB6C.c:func_8016E9EC A=DIFFERS B: removed 0 needed 1 compiles 2
03:52:21   src/ov_SC04_018/ov_SC04_018_jr_8016AB6C.c:func_8016CBC0 A=DIFFERS B: removed 0 needed 1 compiles 2
03:52:21   src/ov_SC05_006/ov_SC05_006_jr_8016AB6C.c:func_8016C49C A=DIFFERS B: removed 0 needed 1 compiles 2
03:52:21   src/ov_SC04_008/ov_SC04_008_jr_8016AB6C.c:func_8016C49C A=DIFFERS B: removed 0 needed 1 compiles 2
03:52:21   src/ov_SC05_011/ov_SC05_011_jr_80135D20.c:func_80135EB0 A=DIFFERS B: removed 0 needed 6 compiles 7
03:52:21   src/ov_SC05_017/ov_SC05_017_jr_80135D20.c:func_80135EB0 A=DIFFERS B: removed 0 needed 6 compiles 7
03:52:22   src/ov_SC05_007/ov_SC05_007_jr_8016AB6C.c:func_8016C49C A=DIFFERS B: removed 0 needed 1 compiles 2
03:52:22   src/ov_SC05_018/ov_SC05_018_jr_80135D20.c:func_80135EB0 A=DIFFERS B: removed 0 needed 6 compiles 7
03:52:22   src/ov_SC06_000/ov_SC06_000_jr_80135D20.c:func_80135EB0 A=DIFFERS B: removed 0 needed 6 compiles 7
03:52:22   src/ov_SC05_008/ov_SC05_008_jr_8016AB6C.c:func_8016C49C A=DIFFERS B: removed 0 needed 1 compiles 2
03:52:22   src/ov_SC05_009/ov_SC05_009_jr_8016AB6C.c:func_8016C49C A=DIFFERS B: removed 0 needed 1 compiles 2
03:52:22   src/ov_SC06_006/ov_SC06_006_jr_80135D20.c:func_80135EB0 A=DIFFERS B: removed 0 needed 6 compiles 7
03:52:22   src/ov_SC05_006/ov_SC05_006_jr_8016AB6C.c:func_8016CBC0 A=DIFFERS B: removed 0 needed 1 compiles 2
03:52:22   src/ov_SC04_008/ov_SC04_008_jr_8016AB6C.c:func_8016CBC0 A=DIFFERS B: removed 0 needed 1 compiles 2
03:52:22   src/ov_SC05_007/ov_SC05_007_jr_8016AB6C.c:func_8016CBC0 A=DIFFERS B: removed 0 needed 1 compiles 2
03:52:22   src/ov_SC06_008/ov_SC06_008_jr_80135D20.c:func_80135EB0 A=DIFFERS B: removed 0 needed 6 compiles 7
03:52:22   src/ov_SC05_009/ov_SC05_009_jr_8016AB6C.c:func_8016CBC0 A=DIFFERS B: removed 0 needed 1 compiles 2
03:52:22   src/ov_SC05_008/ov_SC05_008_jr_8016AB6C.c:func_8016CBC0 A=DIFFERS B: removed 0 needed 1 compiles 2
03:52:23   src/ov_SC05_006/ov_SC05_006_jr_8016AB6C.c:func_8016E9EC A=DIFFERS B: removed 0 needed 1 compiles 2
03:52:23   src/ov_SC06_010/ov_SC06_010_jr_80135D20.c:func_80135EB0 A=DIFFERS B: removed 0 needed 6 compiles 7
03:52:23   src/ov_SC06_011/ov_SC06_011_jr_80135D20.c:func_80135EB0 A=DIFFERS B: removed 0 needed 6 compiles 7
03:52:23   src/ov_SC04_018/ov_SC04_018_jr_8016AB6C.c:func_8016E9EC A=DIFFERS B: removed 0 needed 1 compiles 2
03:52:24   src/ov_SC05_007/ov_SC05_007_jr_8016AB6C.c:func_8016E9EC A=DIFFERS B: removed 0 needed 1 compiles 2
03:52:24   src/ov_SC06_013/ov_SC06_013_jr_80135D20.c:func_80135EB0 A=DIFFERS B: removed 0 needed 6 compiles 7
03:52:24   src/ov_SC05_008/ov_SC05_008_jr_8016AB6C.c:func_8016E9EC A=DIFFERS B: removed 0 needed 1 compiles 2
03:52:24   src/ov_SC06_014/ov_SC06_014_jr_80135D20.c:func_80135EB0 A=DIFFERS B: removed 0 needed 6 compiles 7
03:52:24   src/ov_SC06_015/ov_SC06_015_jr_80135D20.c:func_80135EB0 A=DIFFERS B: removed 0 needed 6 compiles 7
03:52:24   src/ov_SC06_016/ov_SC06_016_jr_80135D20.c:func_80135EB0 A=DIFFERS B: removed 0 needed 6 compiles 7
03:52:25   src/ov_SC06_018/ov_SC06_018_jr_80135D20.c:func_80135EB0 A=DIFFERS B: removed 0 needed 6 compiles 7
03:52:25   src/ov_SC06_020/ov_SC06_020_jr_80135D20.c:func_80135EB0 A=DIFFERS B: removed 0 needed 6 compiles 7
03:52:25   src/ov_SC06_022/ov_SC06_022_jr_80135D20.c:func_80135EB0 A=DIFFERS B: removed 0 needed 6 compiles 7
03:52:26   src/ov_SC06_027/ov_SC06_027_jr_80135D20.c:func_80135EB0 A=DIFFERS B: removed 0 needed 6 compiles 7
03:52:26   src/ov_SC06_024/ov_SC06_024_jr_80135D20.c:func_80135EB0 A=DIFFERS B: removed 0 needed 6 compiles 7
03:52:26   src/ov_SC06_030/ov_SC06_030_jr_80135D20.c:func_80135EB0 A=DIFFERS B: removed 0 needed 6 compiles 7
03:52:26   src/ov_SC06_025/ov_SC06_025_jr_80135D20.c:func_80135EB0 A=DIFFERS B: removed 0 needed 6 compiles 7
03:52:26   src/ov_SC06_029/ov_SC06_029_jr_80135D20.c:func_80135EB0 A=DIFFERS B: removed 0 needed 6 compiles 7
03:52:26   src/ov_SC06_032/ov_SC06_032_jr_80135D20.c:func_80135EB0 A=DIFFERS B: removed 0 needed 6 compiles 7
03:52:26   src/ov_SC06_033/ov_SC06_033_jr_80135D20.c:func_80135EB0 A=DIFFERS B: removed 0 needed 6 compiles 7
03:52:27   src/ov_SC07_001/ov_SC07_001_jr_80135D20.c:func_80135EB0 A=DIFFERS B: removed 0 needed 6 compiles 7
03:52:27   src/ov_SC07_000/ov_SC07_000_jr_80135D20.c:func_80135EB0 A=DIFFERS B: removed 0 needed 6 compiles 7
03:52:27   src/ov_SC07_002/ov_SC07_002_jr_80135D20.c:func_80135EB0 A=DIFFERS B: removed 0 needed 6 compiles 7
03:52:27   src/ov_SC04_000/ov_SC04_000_jr_801380E0.c:func_80139BE0 A=DIFFERS B: removed 0 needed 1 compiles 2
03:52:27   src/ov_SC04_003/ov_SC04_003_jr_801380E0.c:func_80139BE0 A=DIFFERS B: removed 0 needed 1 compiles 2
03:52:27   src/ov_SC07_008/ov_SC07_008_jr_80135D20.c:func_80135EB0 A=DIFFERS B: removed 0 needed 6 compiles 7
03:52:27   src/ov_SC04_004/ov_SC04_004_jr_801380E0.c:func_80139BE0 A=DIFFERS B: removed 0 needed 1 compiles 2
03:52:27   src/ov_SC04_002/ov_SC04_002_jr_801380E0.c:func_80139BE0 A=DIFFERS B: removed 0 needed 1 compiles 2
03:52:27   src/ov_SC04_005/ov_SC04_005_jr_801380E0.c:func_80139BE0 A=DIFFERS B: removed 0 needed 1 compiles 2
03:52:27   src/ov_SC04_006/ov_SC04_006_jr_801380E0.c:func_80139BE0 A=DIFFERS B: removed 0 needed 1 compiles 2
03:52:27   src/ov_SC04_007/ov_SC04_007_jr_801380E0.c:func_80139BE0 A=DIFFERS B: removed 0 needed 1 compiles 2
03:52:28   src/ov_SC04_009/ov_SC04_009_jr_801380E0.c:func_80139BE0 A=DIFFERS B: removed 0 needed 1 compiles 2
03:52:28   src/ov_SC07_009/ov_SC07_009_jr_80135D20.c:func_80135EB0 A=DIFFERS B: removed 0 needed 6 compiles 7
03:52:28   src/ov_SC04_010/ov_SC04_010_jr_801380E0.c:func_80139BE0 A=DIFFERS B: removed 0 needed 1 compiles 2
03:52:28   src/ov_SC04_012/ov_SC04_012_jr_801380E0.c:func_80139BE0 A=DIFFERS B: removed 0 needed 1 compiles 2
03:52:28   src/ov_SC04_020/ov_SC04_020_jr_801380E0.c:func_80139BE0 A=DIFFERS B: removed 0 needed 1 compiles 2
03:52:28   src/ov_SC04_016/ov_SC04_016_jr_801380E0.c:func_80139BE0 A=DIFFERS B: removed 0 needed 1 compiles 2
03:52:28   src/ov_SC04_015/ov_SC04_015_jr_801380E0.c:func_80139BE0 A=DIFFERS B: removed 0 needed 1 compiles 2
03:52:28   src/ov_SC05_000/ov_SC05_000_jr_801380E0.c:func_80139BE0 A=DIFFERS B: removed 0 needed 1 compiles 2
03:52:28   src/ov_SC05_003/ov_SC05_003_jr_801380E0.c:func_80139BE0 A=DIFFERS B: removed 0 needed 1 compiles 2
03:52:28   src/ov_SC05_001/ov_SC05_001_jr_801380E0.c:func_80139BE0 A=DIFFERS B: removed 0 needed 1 compiles 2
03:52:29   src/ov_SC05_002/ov_SC05_002_jr_801380E0.c:func_80139BE0 A=DIFFERS B: removed 0 needed 1 compiles 2
03:52:29   src/ov_SC04_018/ov_SC04_018_jr_801380E0.c:func_80139BE0 A=DIFFERS B: removed 0 needed 1 compiles 2
03:52:29   src/ov_SC05_004/ov_SC05_004_jr_801380E0.c:func_80139BE0 A=DIFFERS B: removed 0 needed 1 compiles 2
03:52:29   src/ov_SC05_006/ov_SC05_006_jr_801380E0.c:func_80139BE0 A=DIFFERS B: removed 0 needed 1 compiles 2
03:52:29   src/ov_SC05_005/ov_SC05_005_jr_801380E0.c:func_80139BE0 A=DIFFERS B: removed 0 needed 1 compiles 2
03:52:29   src/ov_SC05_011/ov_SC05_011_jr_801380E0.c:func_80139BE0 A=DIFFERS B: removed 0 needed 1 compiles 2
03:52:29   src/ov_SC05_008/ov_SC05_008_jr_801380E0.c:func_80139BE0 A=DIFFERS B: removed 0 needed 1 compiles 2
03:52:29   src/ov_SC05_007/ov_SC05_007_jr_801380E0.c:func_80139BE0 A=DIFFERS B: removed 0 needed 1 compiles 2
03:52:29   src/ov_SC05_010/ov_SC05_010_jr_801380E0.c:func_80139BE0 A=DIFFERS B: removed 0 needed 1 compiles 2
03:52:29   src/ov_SC05_017/ov_SC05_017_jr_801380E0.c:func_80139BE0 A=DIFFERS B: removed 0 needed 1 compiles 2
03:52:29   src/ov_SC05_018/ov_SC05_018_jr_801380E0.c:func_80139BE0 A=DIFFERS B: removed 0 needed 1 compiles 2
03:52:30   src/ov_SC06_006/ov_SC06_006_jr_801380E0.c:func_80139BE0 A=DIFFERS B: removed 0 needed 1 compiles 2
03:52:30   src/ov_SC06_000/ov_SC06_000_jr_801380E0.c:func_80139BE0 A=DIFFERS B: removed 0 needed 1 compiles 2
03:52:30   src/ov_SC06_008/ov_SC06_008_jr_801380E0.c:func_80139BE0 A=DIFFERS B: removed 0 needed 1 compiles 2
03:52:30   src/ov_SC06_010/ov_SC06_010_jr_801380E0.c:func_80139BE0 A=DIFFERS B: removed 0 needed 1 compiles 2
03:52:30   src/ov_SC06_011/ov_SC06_011_jr_801380E0.c:func_80139BE0 A=DIFFERS B: removed 0 needed 1 compiles 2
03:52:30   src/ov_SC06_013/ov_SC06_013_jr_801380E0.c:func_80139BE0 A=DIFFERS B: removed 0 needed 1 compiles 2
03:52:30   src/ov_SC06_015/ov_SC06_015_jr_801380E0.c:func_80139BE0 A=DIFFERS B: removed 0 needed 1 compiles 2
03:52:30   src/ov_SC06_018/ov_SC06_018_jr_801380E0.c:func_80139BE0 A=DIFFERS B: removed 0 needed 1 compiles 2
03:52:30   src/ov_SC06_014/ov_SC06_014_jr_801380E0.c:func_80139BE0 A=DIFFERS B: removed 0 needed 1 compiles 2
03:52:30   src/ov_SC06_016/ov_SC06_016_jr_801380E0.c:func_80139BE0 A=DIFFERS B: removed 0 needed 1 compiles 2
03:52:30   src/ov_SC06_020/ov_SC06_020_jr_801380E0.c:func_80139BE0 A=DIFFERS B: removed 0 needed 1 compiles 2
03:52:30   src/ov_SC06_022/ov_SC06_022_jr_801380E0.c:func_80139BE0 A=DIFFERS B: removed 0 needed 1 compiles 2
03:52:30   src/ov_SC06_024/ov_SC06_024_jr_801380E0.c:func_80139BE0 A=DIFFERS B: removed 0 needed 1 compiles 2
03:52:31   src/ov_SC06_025/ov_SC06_025_jr_801380E0.c:func_80139BE0 A=DIFFERS B: removed 0 needed 1 compiles 2
03:52:31   src/ov_SC06_027/ov_SC06_027_jr_801380E0.c:func_80139BE0 A=DIFFERS B: removed 0 needed 1 compiles 2
03:52:31   src/ov_SC06_029/ov_SC06_029_jr_801380E0.c:func_80139BE0 A=DIFFERS B: removed 0 needed 1 compiles 2
03:52:31   src/ov_SC06_030/ov_SC06_030_jr_801380E0.c:func_80139BE0 A=DIFFERS B: removed 0 needed 1 compiles 2
03:52:31   src/ov_SC06_032/ov_SC06_032_jr_801380E0.c:func_80139BE0 A=DIFFERS B: removed 0 needed 1 compiles 2
03:52:31   src/ov_SC07_000/ov_SC07_000_jr_801380E0.c:func_80139BE0 A=DIFFERS B: removed 0 needed 1 compiles 2
03:52:31   src/ov_SC06_033/ov_SC06_033_jr_801380E0.c:func_80139BE0 A=DIFFERS B: removed 0 needed 1 compiles 2
03:52:31   src/ov_SC07_002/ov_SC07_002_jr_801380E0.c:func_80139BE0 A=DIFFERS B: removed 0 needed 1 compiles 2
03:52:31   src/ov_SC07_008/ov_SC07_008_jr_801380E0.c:func_80139BE0 A=DIFFERS B: removed 0 needed 1 compiles 2
03:52:31   src/ov_SC07_001/ov_SC07_001_jr_801380E0.c:func_80139BE0 A=DIFFERS B: removed 0 needed 1 compiles 2
03:52:31   src/ov_SC07_007/ov_SC07_007_jr_801380E0.c:func_80139BE0 A=DIFFERS B: removed 0 needed 1 compiles 2
03:52:32   src/ov_SC07_010/ov_SC07_010_jr_801380E0.c:func_80139BE0 A=DIFFERS B: removed 0 needed 1 compiles 2
03:52:32   src/ov_SC07_011/ov_SC07_011_jr_801380E0.c:func_80139BE0 A=DIFFERS B: removed 0 needed 1 compiles 2
03:52:32   src/ov_SC07_009/ov_SC07_009_jr_801380E0.c:func_80139BE0 A=DIFFERS B: removed 0 needed 1 compiles 2
03:52:32   src/ov_SC01_000/ov_SC01_000_jr_8013F350.c:func_8013FAF8 A=DIFFERS B: removed 0 needed 1 compiles 2
03:52:32   src/ov_SC01_001/ov_SC01_001_jr_8013F350.c:func_8013FAF8 A=DIFFERS B: removed 0 needed 1 compiles 2
03:52:32   src/ov_SC01_004/ov_SC01_004_jr_8013F350.c:func_8013FAF8 A=DIFFERS B: removed 0 needed 1 compiles 2
03:52:32   src/ov_SC01_008/ov_SC01_008_jr_8013F350.c:func_8013FAF8 A=DIFFERS B: removed 0 needed 1 compiles 2
03:52:32   src/ov_SC01_009/ov_SC01_009_jr_8013F350.c:func_8013FAF8 A=DIFFERS B: removed 0 needed 1 compiles 2
03:52:32   src/ov_SC01_074/ov_SC01_074_jr_8013F350.c:func_8013FAF8 A=DIFFERS B: removed 0 needed 1 compiles 2
03:52:32   src/ov_SC01_080/ov_SC01_080_jr_8013F350.c:func_8013FAF8 A=DIFFERS B: removed 0 needed 1 compiles 2
03:52:32   src/ov_SC01_084/ov_SC01_084_jr_8013F350.c:func_8013FAF8 A=DIFFERS B: removed 0 needed 1 compiles 2
03:52:32   src/ov_SC01_005/ov_SC01_005_jr_8013F350.c:func_8013FAF8 A=DIFFERS B: removed 0 needed 1 compiles 2
03:52:32   src/ov_SC02_005/ov_SC02_005_jr_8013F350.c:func_8013FAF8 A=DIFFERS B: removed 0 needed 1 compiles 2
03:52:32   src/ov_SC02_004/ov_SC02_004_jr_8013F350.c:func_8013FAF8 A=DIFFERS B: removed 0 needed 1 compiles 2
03:52:33   src/ov_SC02_011/ov_SC02_011_jr_8013F350.c:func_8013FAF8 A=DIFFERS B: removed 0 needed 1 compiles 2
03:52:33   src/ov_SC02_016/ov_SC02_016_jr_8013F350.c:func_8013FAF8 A=DIFFERS B: removed 0 needed 1 compiles 2
03:52:33   src/ov_SC02_015/ov_SC02_015_jr_8013F350.c:func_8013FAF8 A=DIFFERS B: removed 0 needed 1 compiles 2
03:52:33   src/ov_SC02_017/ov_SC02_017_jr_8013F350.c:func_8013FAF8 A=DIFFERS B: removed 0 needed 1 compiles 2
03:52:33   src/ov_SC02_021/ov_SC02_021_jr_8013F350.c:func_8013FAF8 A=DIFFERS B: removed 0 needed 1 compiles 2
03:52:33   src/ov_SC02_026/ov_SC02_026_jr_8013F350.c:func_8013FAF8 A=DIFFERS B: removed 0 needed 1 compiles 2
03:52:33   src/ov_SC02_000/ov_SC02_000_jr_8013F350.c:func_8013FAF8 A=DIFFERS B: removed 0 needed 1 compiles 2
03:52:33   src/ov_SC02_027/ov_SC02_027_jr_8013F350.c:func_8013FAF8 A=DIFFERS B: removed 0 needed 1 compiles 2
03:52:33   src/ov_SC02_028/ov_SC02_028_jr_8013F350.c:func_8013FAF8 A=DIFFERS B: removed 0 needed 1 compiles 2
03:52:33   src/ov_SC02_031/ov_SC02_031_jr_8013F350.c:func_8013FAF8 A=DIFFERS B: removed 0 needed 1 compiles 2
03:52:33   src/ov_SC02_039/ov_SC02_039_jr_8013F350.c:func_8013FAF8 A=DIFFERS B: removed 0 needed 1 compiles 2
03:52:33   src/ov_SC03_002/ov_SC03_002_jr_8013F350.c:func_8013FAF8 A=DIFFERS B: removed 0 needed 1 compiles 2
03:52:33   src/ov_SC02_035/ov_SC02_035_jr_8013F350.c:func_8013FAF8 A=DIFFERS B: removed 0 needed 1 compiles 2
03:52:33   src/ov_SC03_001/ov_SC03_001_jr_8013F350.c:func_8013FAF8 A=DIFFERS B: removed 0 needed 1 compiles 2
03:52:33   src/ov_SC02_041/ov_SC02_041_jr_8013F350.c:func_8013FAF8 A=DIFFERS B: removed 0 needed 1 compiles 2
03:52:33   src/ov_SC03_006/ov_SC03_006_jr_8013F350.c:func_8013FAF8 A=DIFFERS B: removed 0 needed 1 compiles 2
03:52:33   src/ov_SC03_003/ov_SC03_003_jr_8013F350.c:func_8013FAF8 A=DIFFERS B: removed 0 needed 1 compiles 2
03:52:34   src/ov_SC03_007/ov_SC03_007_jr_8013F350.c:func_8013FAF8 A=DIFFERS B: removed 0 needed 1 compiles 2
03:52:34   src/ov_SC03_010/ov_SC03_010_jr_8013F350.c:func_8013FAF8 A=DIFFERS B: removed 0 needed 1 compiles 2
03:52:34   src/ov_SC03_011/ov_SC03_011_jr_8013F350.c:func_8013FAF8 A=DIFFERS B: removed 0 needed 1 compiles 2
03:52:34   src/ov_SC03_012/ov_SC03_012_jr_8013F350.c:func_8013FAF8 A=DIFFERS B: removed 0 needed 1 compiles 2
03:52:34   src/ov_SC03_013/ov_SC03_013_jr_8013F350.c:func_8013FAF8 A=DIFFERS B: removed 0 needed 1 compiles 2
03:52:34   src/ov_SC03_023/ov_SC03_023_jr_8013F350.c:func_8013FAF8 A=DIFFERS B: removed 0 needed 1 compiles 2
03:52:34   src/ov_SC03_024/ov_SC03_024_jr_8013F350.c:func_8013FAF8 A=DIFFERS B: removed 0 needed 1 compiles 2
03:52:34   src/ov_SC03_029/ov_SC03_029_jr_8013F350.c:func_8013FAF8 A=DIFFERS B: removed 0 needed 1 compiles 2
03:52:34   src/ov_SC03_028/ov_SC03_028_jr_8013F350.c:func_8013FAF8 A=DIFFERS B: removed 0 needed 1 compiles 2
03:52:34   src/ov_SC03_031/ov_SC03_031_jr_8013F350.c:func_8013FAF8 A=DIFFERS B: removed 0 needed 1 compiles 2
03:52:34   src/ov_SC03_014/ov_SC03_014_jr_8013F350.c:func_8013FAF8 A=DIFFERS B: removed 0 needed 1 compiles 2
03:52:34   src/ov_SC03_030/ov_SC03_030_jr_8013F350.c:func_8013FAF8 A=DIFFERS B: removed 0 needed 1 compiles 2
03:52:34   src/ov_SC03_089/ov_SC03_089_jr_8013F350.c:func_8013FAF8 A=DIFFERS B: removed 0 needed 1 compiles 2
03:52:34   src/ov_SC03_090/ov_SC03_090_jr_8013F350.c:func_8013FAF8 A=DIFFERS B: removed 0 needed 1 compiles 2
03:52:34   src/ov_SC03_092/ov_SC03_092_jr_8013F350.c:func_8013FAF8 A=DIFFERS B: removed 0 needed 1 compiles 2
03:52:34   src/ov_SC03_091/ov_SC03_091_jr_8013F350.c:func_8013FAF8 A=DIFFERS B: removed 0 needed 1 compiles 2
03:52:35   src/ov_SC03_093/ov_SC03_093_jr_8013F350.c:func_8013FAF8 A=DIFFERS B: removed 0 needed 1 compiles 2
03:52:35   src/ov_SC03_095/ov_SC03_095_jr_8013F350.c:func_8013FAF8 A=DIFFERS B: removed 0 needed 1 compiles 2
03:52:35   src/ov_SC03_094/ov_SC03_094_jr_8013F350.c:func_8013FAF8 A=DIFFERS B: removed 0 needed 1 compiles 2
03:52:35   src/ov_SC03_096/ov_SC03_096_jr_8013F350.c:func_8013FAF8 A=DIFFERS B: removed 0 needed 1 compiles 2
03:52:35   src/ov_SC03_097/ov_SC03_097_jr_8013F350.c:func_8013FAF8 A=DIFFERS B: removed 0 needed 1 compiles 2
03:52:35   src/ov_SC03_098/ov_SC03_098_jr_8013F350.c:func_8013FAF8 A=DIFFERS B: removed 0 needed 1 compiles 2
03:52:35   src/ov_SC03_099/ov_SC03_099_jr_8013F350.c:func_8013FAF8 A=DIFFERS B: removed 0 needed 1 compiles 2
03:52:35   src/ov_SC03_101/ov_SC03_101_jr_8013F350.c:func_8013FAF8 A=DIFFERS B: removed 0 needed 1 compiles 2
03:52:35   src/ov_SC03_100/ov_SC03_100_jr_8013F350.c:func_8013FAF8 A=DIFFERS B: removed 0 needed 1 compiles 2
03:52:35   src/ov_SC03_104/ov_SC03_104_jr_8013F350.c:func_8013FAF8 A=DIFFERS B: removed 0 needed 1 compiles 2
03:52:35   src/ov_SC03_103/ov_SC03_103_jr_8013F350.c:func_8013FAF8 A=DIFFERS B: removed 0 needed 1 compiles 2
03:52:35   src/ov_SC03_102/ov_SC03_102_jr_8013F350.c:func_8013FAF8 A=DIFFERS B: removed 0 needed 1 compiles 2
03:52:35   src/ov_SC03_105/ov_SC03_105_jr_8013F350.c:func_8013FAF8 A=DIFFERS B: removed 0 needed 1 compiles 2
03:52:35   src/ov_SC03_110/ov_SC03_110_jr_8013F350.c:func_8013FAF8 A=DIFFERS B: removed 0 needed 1 compiles 2
03:52:35   src/ov_SC03_109/ov_SC03_109_jr_8013F350.c:func_8013FAF8 A=DIFFERS B: removed 0 needed 1 compiles 2
03:52:35   src/ov_SC03_111/ov_SC03_111_jr_8013F350.c:func_8013FAF8 A=DIFFERS B: removed 0 needed 1 compiles 2
03:52:36   src/ov_SC03_108/ov_SC03_108_jr_8013F350.c:func_8013FAF8 A=DIFFERS B: removed 0 needed 1 compiles 2
03:52:36   src/ov_SC03_112/ov_SC03_112_jr_8013F350.c:func_8013FAF8 A=DIFFERS B: removed 0 needed 1 compiles 2
03:52:36   src/ov_SC03_113/ov_SC03_113_jr_8013F350.c:func_8013FAF8 A=DIFFERS B: removed 0 needed 1 compiles 2
03:52:36   src/ov_SC03_114/ov_SC03_114_jr_8013F350.c:func_8013FAF8 A=DIFFERS B: removed 0 needed 1 compiles 2
03:52:36   src/ov_SC03_115/ov_SC03_115_jr_8013F350.c:func_8013FAF8 A=DIFFERS B: removed 0 needed 1 compiles 2
03:52:36   src/ov_SC03_116/ov_SC03_116_jr_8013F350.c:func_8013FAF8 A=DIFFERS B: removed 0 needed 1 compiles 2
03:52:36   src/ov_SC03_117/ov_SC03_117_jr_8013F350.c:func_8013FAF8 A=DIFFERS B: removed 0 needed 1 compiles 2
03:52:36   src/ov_SC03_121/ov_SC03_121_jr_8013F350.c:func_8013FAF8 A=DIFFERS B: removed 0 needed 1 compiles 2
03:52:36   src/ov_SC03_124/ov_SC03_124_jr_8013F350.c:func_8013FAF8 A=DIFFERS B: removed 0 needed 1 compiles 2
03:52:36   src/ov_SC03_125/ov_SC03_125_jr_8013F350.c:func_8013FAF8 A=DIFFERS B: removed 0 needed 1 compiles 2
03:52:36   src/ov_SC04_003/ov_SC04_003_jr_8013F350.c:func_8013FAF8 A=DIFFERS B: removed 0 needed 1 compiles 2
03:52:36   src/ov_SC04_002/ov_SC04_002_jr_8013F350.c:func_8013FAF8 A=DIFFERS B: removed 0 needed 1 compiles 2
03:52:36   src/ov_SC04_000/ov_SC04_000_jr_8013F350.c:func_8013FAF8 A=DIFFERS B: removed 0 needed 1 compiles 2
03:52:36   src/ov_SC04_004/ov_SC04_004_jr_8013F350.c:func_8013FAF8 A=DIFFERS B: removed 0 needed 1 compiles 2
03:52:36   src/ov_SC03_118/ov_SC03_118_jr_8013F350.c:func_8013FAF8 A=DIFFERS B: removed 0 needed 1 compiles 2
03:52:36   src/ov_SC04_005/ov_SC04_005_jr_8013F350.c:func_8013FAF8 A=DIFFERS B: removed 0 needed 1 compiles 2
03:52:37   src/ov_SC04_009/ov_SC04_009_jr_8013F350.c:func_8013FAF8 A=DIFFERS B: removed 0 needed 1 compiles 2
03:52:37   src/ov_SC04_007/ov_SC04_007_jr_8013F350.c:func_8013FAF8 A=DIFFERS B: removed 0 needed 1 compiles 2
03:52:37   src/ov_SC04_006/ov_SC04_006_jr_8013F350.c:func_8013FAF8 A=DIFFERS B: removed 0 needed 1 compiles 2
03:52:37   src/ov_SC04_010/ov_SC04_010_jr_8013F350.c:func_8013FAF8 A=DIFFERS B: removed 0 needed 1 compiles 2
03:52:37   src/ov_SC04_012/ov_SC04_012_jr_8013F350.c:func_8013FAF8 A=DIFFERS B: removed 0 needed 1 compiles 2
03:52:37   src/ov_SC04_015/ov_SC04_015_jr_8013F350.c:func_8013FAF8 A=DIFFERS B: removed 0 needed 1 compiles 2
03:52:37   src/ov_SC04_016/ov_SC04_016_jr_8013F350.c:func_8013FAF8 A=DIFFERS B: removed 0 needed 1 compiles 2
03:52:37   src/ov_SC04_020/ov_SC04_020_jr_8013F350.c:func_8013FAF8 A=DIFFERS B: removed 0 needed 1 compiles 2
03:52:37   src/ov_SC05_000/ov_SC05_000_jr_8013F350.c:func_8013FAF8 A=DIFFERS B: removed 0 needed 1 compiles 2
03:52:37   src/ov_SC04_018/ov_SC04_018_jr_8013F350.c:func_8013FAF8 A=DIFFERS B: removed 0 needed 1 compiles 2
03:52:37   src/ov_SC05_002/ov_SC05_002_jr_8013F350.c:func_8013FAF8 A=DIFFERS B: removed 0 needed 1 compiles 2
03:52:37   src/ov_SC05_003/ov_SC05_003_jr_8013F350.c:func_8013FAF8 A=DIFFERS B: removed 0 needed 1 compiles 2
03:52:37   src/ov_SC05_001/ov_SC05_001_jr_8013F350.c:func_8013FAF8 A=DIFFERS B: removed 0 needed 1 compiles 2
03:52:37   src/ov_SC05_004/ov_SC05_004_jr_8013F350.c:func_8013FAF8 A=DIFFERS B: removed 0 needed 1 compiles 2
03:52:37   src/ov_SC05_005/ov_SC05_005_jr_8013F350.c:func_8013FAF8 A=DIFFERS B: removed 0 needed 1 compiles 2
03:52:37   src/ov_SC05_006/ov_SC05_006_jr_8013F350.c:func_8013FAF8 A=DIFFERS B: removed 0 needed 1 compiles 2
03:52:37   src/ov_SC05_008/ov_SC05_008_jr_8013F350.c:func_8013FAF8 A=DIFFERS B: removed 0 needed 1 compiles 2
03:52:37   src/ov_SC05_007/ov_SC05_007_jr_8013F350.c:func_8013FAF8 A=DIFFERS B: removed 0 needed 1 compiles 2
03:52:38   src/ov_SC04_000/ov_SC04_000_jr_80135D20.c:func_80135EB0 A=DIFFERS B: removed 0 needed 6 compiles 7
03:52:38   src/ov_SC04_002/ov_SC04_002_jr_80135D20.c:func_80135EB0 A=DIFFERS B: removed 0 needed 6 compiles 7
03:52:38   src/ov_SC04_004/ov_SC04_004_jr_80135D20.c:func_80135EB0 A=DIFFERS B: removed 0 needed 6 compiles 7
03:52:39   src/ov_SC04_005/ov_SC04_005_jr_80135D20.c:func_80135EB0 A=DIFFERS B: removed 0 needed 6 compiles 7
03:52:39   src/ov_SC04_006/ov_SC04_006_jr_80135D20.c:func_80135EB0 A=DIFFERS B: removed 0 needed 6 compiles 7
03:52:39   src/ov_SC04_003/ov_SC04_003_jr_80135D20.c:func_80135EB0 A=DIFFERS B: removed 0 needed 6 compiles 7
03:52:39   src/ov_SC04_012/ov_SC04_012_jr_80135D20.c:func_80135EB0 A=DIFFERS B: removed 0 needed 6 compiles 7
03:52:39   src/ov_SC04_009/ov_SC04_009_jr_80135D20.c:func_80135EB0 A=DIFFERS B: removed 0 needed 6 compiles 7
03:52:39   src/ov_SC04_010/ov_SC04_010_jr_80135D20.c:func_80135EB0 A=DIFFERS B: removed 0 needed 6 compiles 7
03:52:39   src/ov_SC04_016/ov_SC04_016_jr_80135D20.c:func_80135EB0 A=DIFFERS B: removed 0 needed 6 compiles 7
03:52:39   src/ov_SC04_007/ov_SC04_007_jr_80135D20.c:func_80135EB0 A=DIFFERS B: removed 0 needed 6 compiles 7
03:52:39   src/ov_SC04_015/ov_SC04_015_jr_80135D20.c:func_80135EB0 A=DIFFERS B: removed 0 needed 6 compiles 7
03:52:40   src/ov_SC04_020/ov_SC04_020_jr_80135D20.c:func_80135EB0 A=DIFFERS B: removed 0 needed 6 compiles 7
03:52:40   src/ov_SC05_001/ov_SC05_001_jr_80135D20.c:func_80135EB0 A=DIFFERS B: removed 0 needed 6 compiles 7
03:52:40   src/ov_SC05_000/ov_SC05_000_jr_80135D20.c:func_80135EB0 A=DIFFERS B: removed 0 needed 6 compiles 7
03:52:40   src/ov_SC05_002/ov_SC05_002_jr_80135D20.c:func_80135EB0 A=DIFFERS B: removed 0 needed 6 compiles 7
03:52:40   src/ov_SC05_004/ov_SC05_004_jr_80135D20.c:func_80135EB0 A=DIFFERS B: removed 0 needed 6 compiles 7
03:52:40   src/ov_SC05_005/ov_SC05_005_jr_80135D20.c:func_80135EB0 A=DIFFERS B: removed 0 needed 6 compiles 7
03:52:40   src/ov_SC05_003/ov_SC05_003_jr_80135D20.c:func_80135EB0 A=DIFFERS B: removed 0 needed 6 compiles 7
03:52:40   src/ov_SC05_006/ov_SC05_006_jr_80135D20.c:func_80135EB0 A=DIFFERS B: removed 0 needed 6 compiles 7
03:52:40   src/ov_SC05_010/ov_SC05_010_jr_80135D20.c:func_80135EB0 A=DIFFERS B: removed 0 needed 6 compiles 7
03:52:40   src/ov_SC05_008/ov_SC05_008_jr_80135D20.c:func_80135EB0 A=DIFFERS B: removed 0 needed 6 compiles 7
03:52:40   src/ov_SC05_007/ov_SC05_007_jr_80135D20.c:func_80135EB0 A=DIFFERS B: removed 0 needed 6 compiles 7
03:52:41   src/ov_SC04_018/ov_SC04_018_jr_80135D20.c:func_80135EB0 A=DIFFERS B: removed 0 needed 6 compiles 7
03:52:41 delever: batch tus6 — 300 files (TUs; 1283 drawable) · 1409 bodies: 301 lever-free, 1108 residue, 0 refused · sites removed 1667 / needed 2377 / refused 0 / deferred 0 · replays 897 (0 disagreed) · compiles 2505 in 63 s wall · final 300/300 identical · written 300 files
tus6 wall=66.65 s
exit=0
