delever --plan: 18 of 18 drawable files · 176 bodies (109 in multi-copy classes) · 540 removable sites · 0 deferred asm-bodies
02:46:26 apply t3_tus1: 18 files, control src/ov_SC04_011/ov_SC04_011_jr_80140608.c IDENTICAL (0.13 s), calibration 39e3e1851, census 8be8c2a58e0ebac7
02:46:26 apply t3_tus1: phase 1 (exemplar files) 18, phase 2 (copies replay) 0
02:46:27   src/ov_SC04_011/ov_SC04_011_jr_80135A4C.c:func_80135A4C A=DIFFERS B: removed 0 needed 3 compiles 4
02:46:27   src/ov_SC04_011/ov_SC04_011_jr_8013C98C.c:func_8013CF68 A=DIFFERS B: removed 0 needed 1 compiles 2
02:46:27   src/ov_SC04_011/ov_SC04_011_jr_80135D20.c:func_80135D20 A=DIFFERS B: removed 1 needed 1 compiles 3
02:46:27   src/ov_SC04_011/ov_SC04_011_jr_8013F350.c:func_8013F350 A=DIFFERS B: removed 1 needed 3 compiles 5
02:46:27   src/ov_SC04_011/ov_SC04_011_jr_80135888.c:func_80135888 A=DIFFERS B: removed 2 needed 5 compiles 8
02:46:27   src/ov_SC04_011/ov_SC04_011_jr_8013C98C.c:func_8013D178 A=DIFFERS B: removed 0 needed 1 compiles 2
02:46:27   src/ov_SC04_011/ov_SC04_011_jr_801380E0.c:func_801397B0 A=DIFFERS B: removed 1 needed 1 compiles 3
02:46:27   src/ov_SC04_011/ov_SC04_011_jr_80154C24.c:func_80156044 A=DIFFERS B: removed 0 needed 2 compiles 3
02:46:27   src/ov_SC04_011/ov_SC04_011_jr_8013F350.c:func_8013FAF8 A=DIFFERS B: removed 0 needed 1 compiles 2
02:46:27   src/ov_SC04_011/ov_SC04_011.c:func_801287B8 A=DIFFERS B: removed 0 needed 1 compiles 2
02:46:27   src/ov_SC04_011/ov_SC04_011_jr_801380E0.c:func_80139BE0 A=DIFFERS B: removed 0 needed 1 compiles 2
02:46:27   src/ov_SC04_011/ov_SC04_011_jr_8013C98C.c:func_8013D53C A=DIFFERS B: removed 0 needed 2 compiles 3
02:46:28   src/ov_SC04_011/ov_SC04_011_after.c:func_80145934 A=DIFFERS B: removed 0 needed 1 compiles 2
02:46:28   src/ov_SC04_011/ov_SC04_011_jr_80154C24.c:func_80157D20 A=DIFFERS B: removed 0 needed 2 compiles 3
02:46:28   src/ov_SC04_011/ov_SC04_011_jr_8017AE2C.c:func_8017B238 A=DIFFERS B: removed 0 needed 2 compiles 3
02:46:28   src/ov_SC04_011/ov_SC04_011_jr_80135D20.c:func_80135EB0 A=DIFFERS B: removed 0 needed 6 compiles 7
02:46:28   src/ov_SC04_011/ov_SC04_011_jr_801734BC.c:func_80175AB8 A=DIFFERS B: removed 0 needed 5 compiles 6
02:46:28   src/ov_SC04_011/ov_SC04_011_jr_8013C98C.c:func_8013D8FC A=DIFFERS B: removed 3 needed 1 compiles 5
02:46:28   src/ov_SC04_011/ov_SC04_011_jr_8015C32C.c:func_8015D01C A=DIFFERS B: removed 1 needed 1 compiles 3
02:46:28   src/ov_SC04_011/ov_SC04_011_jr_8012ACE0.c:func_8012C890 A=DIFFERS B: removed 2 needed 1 compiles 4
02:46:28   src/ov_SC04_011/ov_SC04_011_jr_8017AE2C.c:func_8017B614 A=DIFFERS B: removed 0 needed 3 compiles 4
02:46:28   src/ov_SC04_011/ov_SC04_011_jr_801734BC.c:func_80175DA8 A=DIFFERS B: removed 0 needed 1 compiles 2
02:46:28   src/ov_SC04_011/ov_SC04_011_jr_80178D40.c:func_8017A3D8 A=DIFFERS B: removed 0 needed 1 compiles 2
02:46:29   src/ov_SC04_011/ov_SC04_011_jr_8016AB6C.c:func_8016B234 A=DIFFERS B: removed 3 needed 2 compiles 6
02:46:29   src/ov_SC04_011/ov_SC04_011_after.c:func_80145A2C A=DIFFERS B: removed 0 needed 1 compiles 2
02:46:29   src/ov_SC04_011/ov_SC04_011_jr_80140608.c:func_80140958 A=DIFFERS B: removed 7 needed 4 compiles 12
02:46:29   src/ov_SC04_011/ov_SC04_011.c:func_8012956C A=DIFFERS B: removed 6 needed 4 compiles 11
02:46:29   src/ov_SC04_011/ov_SC04_011_jr_80135D20.c:func_80136334 A=DIFFERS B: removed 4 needed 4 compiles 9
02:46:29   src/ov_SC04_011/ov_SC04_011_jr_80140608.c:func_80141874 A=DIFFERS B: removed 0 needed 1 compiles 2
02:46:29   src/ov_SC04_011/ov_SC04_011_jr_8017AE2C.c:func_8017D000 A=DIFFERS B: removed 2 needed 3 compiles 6
02:46:29   src/ov_SC04_011/ov_SC04_011_jr_8015C32C.c:func_8015D738 A=DIFFERS B: removed 0 needed 1 compiles 2
02:46:30   src/ov_SC04_011/ov_SC04_011_jr_801380E0.c:func_8013B274 A=DIFFERS B: removed 4 needed 8 compiles 13
02:46:30   src/ov_SC04_011/ov_SC04_011_jr_80135D20.c:func_801365B8 A=DIFFERS B: removed 2 needed 2 compiles 5
02:46:30   src/ov_SC04_011/ov_SC04_011_jr_8017D494.c:func_8017D494 A=DIFFERS B: removed 0 needed 1 compiles 2
02:46:30   src/ov_SC04_011/ov_SC04_011_jr_8016AB6C.c:func_8016C188 A=DIFFERS B: removed 2 needed 1 compiles 4
02:46:30   src/ov_SC04_011/ov_SC04_011_jr_80140608.c:func_801424E4 A=DIFFERS B: removed 2 needed 2 compiles 5
02:46:30   src/ov_SC04_011/ov_SC04_011_jr_8012ACE0.c:func_8012E364 A=DIFFERS B: removed 1 needed 3 compiles 5
02:46:30   src/ov_SC04_011/ov_SC04_011_jr_8015C32C.c:func_8015FBE0 A=DIFFERS B: removed 0 needed 1 compiles 2
02:46:31   src/ov_SC04_011/ov_SC04_011_jr_8016AB6C.c:func_8016C49C A=DIFFERS B: removed 0 needed 1 compiles 2
02:46:31   src/ov_SC04_011/ov_SC04_011_jr_80140608.c:func_80142EC0 A=DIFFERS B: removed 0 needed 2 compiles 3
02:46:31   src/ov_SC04_011/ov_SC04_011_jr_80135D20.c:func_80136824 A=DIFFERS B: removed 4 needed 6 compiles 11
02:46:31   src/ov_SC04_011/ov_SC04_011_jr_801734BC.c:func_80176734 A=DIFFERS B: removed 1 needed 11 compiles 13
02:46:31   src/ov_SC04_011/ov_SC04_011_jr_80140608.c:func_8014305C A=DIFFERS B: removed 0 needed 2 compiles 3
02:46:31   src/ov_SC04_011/ov_SC04_011_jr_8016AB6C.c:func_8016CBC0 A=DIFFERS B: removed 0 needed 1 compiles 2
02:46:31   src/ov_SC04_011/ov_SC04_011_jr_80140608.c:func_801431E8 A=DIFFERS B: removed 0 needed 1 compiles 2
02:46:32   src/ov_SC04_011/ov_SC04_011_jr_8017D494.c:func_8017E558 A=DIFFERS B: removed 0 needed 2 compiles 3
02:46:32   src/ov_SC04_011/ov_SC04_011_jr_8013C98C.c:func_8013D9B0 A=DIFFERS B: removed 9 needed 25 compiles 35
02:46:32   src/ov_SC04_011/ov_SC04_011_jr_80140608.c:func_80143D28 A=DIFFERS B: removed 1 needed 1 compiles 3
02:46:32   src/ov_SC04_011/ov_SC04_011_jr_8015C32C.c:func_80161E08 A=DIFFERS B: removed 0 needed 3 compiles 4
02:46:32   src/ov_SC04_011/ov_SC04_011_jr_8016AB6C.c:func_8016DF5C A=DIFFERS B: removed 1 needed 2 compiles 4
02:46:32   src/ov_SC04_011/ov_SC04_011_jr_8013C98C.c:func_8013DD68 A=DIFFERS B: removed 1 needed 2 compiles 4
02:46:32   src/ov_SC04_011/ov_SC04_011_after.c:func_80148AFC A=DIFFERS B: removed 1 needed 6 compiles 8
02:46:32   src/ov_SC04_011/ov_SC04_011_jr_8013C98C.c:func_8013E5E8 A=DIFFERS B: removed 0 needed 1 compiles 2
02:46:33   src/ov_SC04_011/ov_SC04_011_jr_80140608.c:<file-scope> A=DIFFERS B: removed 0 needed 1 compiles 2
02:46:33   src/ov_SC04_011/ov_SC04_011_jr_8013C98C.c:func_8013EB7C A=DIFFERS B: removed 0 needed 1 compiles 2
02:46:33   src/ov_SC04_011/ov_SC04_011_jr_8016AB6C.c:func_8016E9EC A=DIFFERS B: removed 0 needed 1 compiles 2
02:46:33   src/ov_SC04_011/ov_SC04_011_jr_8012ACE0.c:func_80130D48 A=DIFFERS B: removed 5 needed 4 compiles 10
02:46:34   src/ov_SC04_011/ov_SC04_011_jr_8015C32C.c:func_801621CC A=DIFFERS B: removed 2 needed 1 compiles 4
02:46:34   src/ov_SC04_011/ov_SC04_011_after.c:func_80148D44 A=DIFFERS B: removed 2 needed 2 compiles 5
02:46:35   src/ov_SC04_011/ov_SC04_011_jr_8017D494.c:func_8017F8E0 A=DIFFERS B: removed 0 needed 2 compiles 3
02:46:35   src/ov_SC04_011/ov_SC04_011_jr_801734BC.c:func_80177B5C A=DIFFERS B: removed 8 needed 15 compiles 24
02:46:36   src/ov_SC04_011/ov_SC04_011_jr_801734BC.c:func_80178840 A=DIFFERS B: removed 1 needed 1 compiles 3
02:46:36   src/ov_SC04_011/ov_SC04_011_after.c:func_80148E54 A=DIFFERS B: removed 0 needed 2 compiles 3
02:46:36   src/ov_SC04_011/ov_SC04_011_jr_801734BC.c:func_80178970 A=DIFFERS B: removed 0 needed 1 compiles 2
02:46:36   src/ov_SC04_011/ov_SC04_011_jr_8015C32C.c:func_80162438 A=DIFFERS B: removed 2 needed 3 compiles 6
02:46:37   src/ov_SC04_011/ov_SC04_011_jr_8015C32C.c:func_801627E8 A=DIFFERS B: removed 0 needed 2 compiles 3
02:46:37   src/ov_SC04_011/ov_SC04_011_jr_8012ACE0.c:func_80133784 A=DIFFERS B: removed 3 needed 7 compiles 11
02:46:37   src/ov_SC04_011/ov_SC04_011_jr_8017D494.c:func_80180B24 A=DIFFERS B: removed 0 needed 3 compiles 4
02:46:38   src/ov_SC04_011/ov_SC04_011_after.c:func_8014D820 A=DIFFERS B: removed 1 needed 2 compiles 4
02:46:38   src/ov_SC04_011/ov_SC04_011_jr_8015C32C.c:func_80163EC8 A=DIFFERS B: removed 0 needed 1 compiles 2
02:46:39   src/ov_SC04_011/ov_SC04_011_jr_8012ACE0.c:func_80133AB0 A=DIFFERS B: removed 0 needed 4 compiles 5
02:46:39   src/ov_SC04_011/ov_SC04_011_jr_8012ACE0.c:func_80133CD4 A=DIFFERS B: removed 0 needed 1 compiles 2
02:46:39   src/ov_SC04_011/ov_SC04_011_jr_8015C32C.c:func_80164BDC A=DIFFERS B: removed 2 needed 1 compiles 4
02:46:40   src/ov_SC04_011/ov_SC04_011_jr_8017D494.c:func_8018214C A=DIFFERS B: removed 2 needed 2 compiles 5
02:46:41   src/ov_SC04_011/ov_SC04_011_jr_8012ACE0.c:func_801345F8 A=DIFFERS B: removed 0 needed 3 compiles 4
02:46:41   src/ov_SC04_011/ov_SC04_011_jr_8015C32C.c:func_801651B8 A=DIFFERS B: removed 2 needed 2 compiles 5
02:46:42   src/ov_SC04_011/ov_SC04_011_jr_8015C32C.c:func_80166690 A=DIFFERS B: removed 1 needed 1 compiles 3
02:46:42   src/ov_SC04_011/ov_SC04_011_jr_8017D494.c:func_80182BBC A=DIFFERS B: removed 0 needed 2 compiles 3
02:46:44   src/ov_SC04_011/ov_SC04_011_jr_8012ACE0.c:func_80134A74 A=DIFFERS B: removed 3 needed 5 compiles 9
02:46:45   src/ov_SC04_011/ov_SC04_011_jr_8012ACE0.c:func_80134C20 A=DIFFERS B: removed 0 needed 2 compiles 3
02:46:45   src/ov_SC04_011/ov_SC04_011_jr_8015C32C.c:func_80166F58 A=DIFFERS B: removed 2 needed 5 compiles 8
02:46:46   src/ov_SC04_011/ov_SC04_011_jr_8017D494.c:func_80183058 A=DIFFERS B: removed 2 needed 4 compiles 7
02:46:47   src/ov_SC04_011/ov_SC04_011_jr_8012ACE0.c:func_80135004 A=DIFFERS B: removed 4 needed 4 compiles 9
02:46:48   src/ov_SC04_011/ov_SC04_011_jr_8017D494.c:func_8018315C A=DIFFERS B: removed 0 needed 2 compiles 3
02:46:49   src/ov_SC04_011/ov_SC04_011_jr_8017D494.c:func_801833D4 A=DIFFERS B: removed 0 needed 1 compiles 2
02:46:49   src/ov_SC04_011/ov_SC04_011_jr_8012ACE0.c:func_80135168 A=DIFFERS B: removed 0 needed 5 compiles 6
02:46:49   src/ov_SC04_011/ov_SC04_011_jr_8015C32C.c:func_801670E4 A=DIFFERS B: removed 3 needed 7 compiles 11
02:46:50   src/ov_SC04_011/ov_SC04_011_jr_8015C32C.c:func_80167AE0 A=DIFFERS B: removed 1 needed 1 compiles 3
02:46:50   src/ov_SC04_011/ov_SC04_011_jr_8017D494.c:func_801835B0 A=DIFFERS B: removed 0 needed 3 compiles 4
02:46:51   src/ov_SC04_011/ov_SC04_011_jr_8015C32C.c:func_80168828 A=DIFFERS B: removed 0 needed 2 compiles 3
02:46:52   src/ov_SC04_011/ov_SC04_011_jr_8015C32C.c:func_8016A290 A=DIFFERS B: removed 1 needed 1 compiles 3
02:46:53   src/ov_SC04_011/ov_SC04_011_jr_8017D494.c:func_801836D4 A=DIFFERS B: removed 2 needed 2 compiles 5
02:46:54   src/ov_SC04_011/ov_SC04_011_jr_8017D494.c:func_80183E20 A=DIFFERS B: removed 0 needed 1 compiles 2
02:46:58   src/ov_SC04_011/ov_SC04_011_jr_8017D494.c:func_80183F10 A=DIFFERS B: removed 6 needed 1 compiles 8
02:47:01   src/ov_SC04_011/ov_SC04_011_jr_8017D494.c:func_8018489C A=DIFFERS B: removed 1 needed 2 compiles 4
02:47:04   src/ov_SC04_011/ov_SC04_011_jr_8017D494.c:func_80184978 A=DIFFERS B: removed 0 needed 6 compiles 7
02:47:06   src/ov_SC04_011/ov_SC04_011_jr_8017D494.c:func_80184BAC A=DIFFERS B: removed 1 needed 1 compiles 3
02:47:08   src/ov_SC04_011/ov_SC04_011_jr_8017D494.c:func_80184DB8 A=DIFFERS B: removed 0 needed 1 compiles 2
02:47:10   src/ov_SC04_011/ov_SC04_011_jr_8017D494.c:func_80185214 A=DIFFERS B: removed 2 needed 1 compiles 4
02:47:15   src/ov_SC04_011/ov_SC04_011_jr_8017D494.c:func_80185648 A=DIFFERS B: removed 7 needed 2 compiles 10
02:47:16   src/ov_SC04_011/ov_SC04_011_jr_8017D494.c:func_80185960 A=DIFFERS B: removed 0 needed 1 compiles 2
02:47:17   src/ov_SC04_011/ov_SC04_011_jr_8017D494.c:func_80186020 A=DIFFERS B: removed 0 needed 1 compiles 2
02:47:18   src/ov_SC04_011/ov_SC04_011_jr_8017D494.c:func_80186300 A=DIFFERS B: removed 0 needed 1 compiles 2
02:47:19   src/ov_SC04_011/ov_SC04_011_jr_8017D494.c:func_801863D4 A=DIFFERS B: removed 0 needed 1 compiles 2
02:47:22   src/ov_SC04_011/ov_SC04_011_jr_8017D494.c:func_80186F44 A=DIFFERS B: removed 1 needed 2 compiles 4
02:47:24   src/ov_SC04_011/ov_SC04_011_jr_8017D494.c:func_801873F8 A=DIFFERS B: removed 0 needed 1 compiles 2
02:47:25   src/ov_SC04_011/ov_SC04_011_jr_8017D494.c:func_80187B40 A=DIFFERS B: removed 0 needed 1 compiles 2
02:47:26   src/ov_SC04_011/ov_SC04_011_jr_8017D494.c:func_80188A30 A=DIFFERS B: removed 0 needed 1 compiles 2
02:47:27   src/ov_SC04_011/ov_SC04_011_jr_8017D494.c:func_80189D38 A=DIFFERS B: removed 0 needed 1 compiles 2
02:47:28   src/ov_SC04_011/ov_SC04_011_jr_8017D494.c:func_8018A8EC A=DIFFERS B: removed 0 needed 1 compiles 2
02:47:30   src/ov_SC04_011/ov_SC04_011_jr_8017D494.c:func_8018B2F8 A=DIFFERS B: removed 1 needed 1 compiles 3
02:47:31   src/ov_SC04_011/ov_SC04_011_jr_8017D494.c:func_8018B744 A=DIFFERS B: removed 0 needed 1 compiles 2
02:47:35   src/ov_SC04_011/ov_SC04_011_jr_8017D494.c:func_8018BAC4 A=DIFFERS B: removed 5 needed 2 compiles 8
02:47:37   src/ov_SC04_011/ov_SC04_011_jr_8017D494.c:func_8018C440 A=DIFFERS B: removed 0 needed 1 compiles 2
02:47:39   src/ov_SC04_011/ov_SC04_011_jr_8017D494.c:func_8018C94C A=DIFFERS B: removed 2 needed 1 compiles 4
02:47:41   src/ov_SC04_011/ov_SC04_011_jr_8017D494.c:func_8018CA04 A=DIFFERS B: removed 0 needed 2 compiles 3
02:47:42   src/ov_SC04_011/ov_SC04_011_jr_8017D494.c:func_8018CAF0 A=DIFFERS B: removed 1 needed 1 compiles 3
02:47:44   src/ov_SC04_011/ov_SC04_011_jr_8017D494.c:func_8018CB68 A=DIFFERS B: removed 0 needed 2 compiles 3
02:47:45   src/ov_SC04_011/ov_SC04_011_jr_8017D494.c:func_8018CC24 A=DIFFERS B: removed 1 needed 1 compiles 3
02:47:47   src/ov_SC04_011/ov_SC04_011_jr_8017D494.c:func_8018CCB8 A=DIFFERS B: removed 1 needed 1 compiles 3
02:47:48   src/ov_SC04_011/ov_SC04_011_jr_8017D494.c:func_8018D3FC A=DIFFERS B: removed 1 needed 1 compiles 3
02:47:53   src/ov_SC04_011/ov_SC04_011_jr_8017D494.c:func_8018DBF0 A=DIFFERS B: removed 2 needed 6 compiles 9
02:47:54   src/ov_SC04_011/ov_SC04_011_jr_8017D494.c:func_8018DE0C A=DIFFERS B: removed 0 needed 2 compiles 3
02:47:58   src/ov_SC04_011/ov_SC04_011_jr_8017D494.c:func_8018E428 A=DIFFERS B: removed 1 needed 4 compiles 6
02:48:00   src/ov_SC04_011/ov_SC04_011_jr_8017D494.c:func_8018EBCC A=DIFFERS B: removed 0 needed 3 compiles 4
02:48:01   src/ov_SC04_011/ov_SC04_011_jr_8017D494.c:func_8018EFB0 A=DIFFERS B: removed 0 needed 1 compiles 2
02:48:02   src/ov_SC04_011/ov_SC04_011_jr_8017D494.c:func_8018F02C A=DIFFERS B: removed 0 needed 2 compiles 3
02:48:03   src/ov_SC04_011/ov_SC04_011_jr_8017D494.c:func_8018F734 A=DIFFERS B: removed 0 needed 1 compiles 2
02:48:05   src/ov_SC04_011/ov_SC04_011_jr_8017D494.c:func_8018F9C0 A=DIFFERS B: removed 1 needed 1 compiles 3
02:48:06   src/ov_SC04_011/ov_SC04_011_jr_8017D494.c:func_8018FD38 A=DIFFERS B: removed 0 needed 1 compiles 2
02:48:07 delever: batch t3_tus1 — 18 files (TUs; 18 drawable) · 176 bodies: 44 lever-free, 130 residue, 2 refused · sites removed 215 / needed 320 / refused 5 / deferred 0 · replays 0 (0 disagreed) · compiles 657 in 101 s wall · final 18/18 identical · written 18 files
t3_tus1 wall=113.84 s
exit=0
