delever --plan: 200 of 371 drawable files · 200 bodies (32 in multi-copy classes) · 643 removable sites · 0 deferred asm-bodies
04:19:34 apply headers1: 200 files, control src/shared/ov/func_80128564.h IDENTICAL (0.28 s), calibration cb2fb5e6d, census 1b9097d39edf7684
04:19:41   src/shared/ov/func_80128ED8.h:func_80128ED8 A=DIFFERS B: removed 1 needed 7 compiles 9
04:19:47   src/shared/ov/func_8012944C.h:func_8012944C A=DIFFERS B: removed 3 needed 1 compiles 5
04:19:53   src/shared/ov/func_801298F4.h:func_801298F4 A=DIFFERS B: removed 2 needed 4 compiles 7
04:19:59   src/shared/ov/func_8012A1BC.h:func_8012A1BC A=DIFFERS B: removed 3 needed 2 compiles 6
04:20:04   src/shared/ov/func_8012A860.h:func_8012A860 A=DIFFERS B: removed 0 needed 1 compiles 2
04:20:07   src/shared/ov/func_8012B0B4.h:func_8012B0B4 A=DIFFERS B: removed 3 needed 2 compiles 6
04:20:19   src/shared/ov/func_8012B4B8.h:func_8012B4B8 A=DIFFERS B: removed 1 needed 3 compiles 5
04:20:30   src/shared/ov/func_8012B8E4.h:func_8012B8E4 A=DIFFERS B: removed 1 needed 2 compiles 4
04:20:41   src/shared/ov/func_8012BA10.h:func_8012BA10 A=DIFFERS B: removed 1 needed 2 compiles 4
04:20:53   src/shared/ov/func_8012BB3C.h:func_8012BB3C A=DIFFERS B: removed 3 needed 2 compiles 6
04:21:15   src/shared/ov/func_8012C2D0.h:func_8012C2D0 A=DIFFERS B: removed 0 needed 2 compiles 3
04:21:20   src/shared/ov/func_8012C750.h:func_8012C750 A=DIFFERS B: removed 0 needed 2 compiles 3
04:21:26   src/shared/ov/func_8012CB64.h:func_8012CB64 A=DIFFERS B: removed 1 needed 1 compiles 3
04:21:40   src/shared/ov/func_8012DBD0.h:func_8012DBD0 A=DIFFERS B: removed 8 needed 4 compiles 13
04:22:11   src/shared/ov/func_8012EF34.h:func_8012EF34 A=DIFFERS B: removed 0 needed 2 compiles 3
04:22:17   src/shared/ov/func_8012EF70.h:func_8012EF70 A=DIFFERS B: removed 0 needed 2 compiles 3
04:22:23   src/shared/ov/func_8012F568.h:func_8012F568 A=DIFFERS B: removed 0 needed 1 compiles 2
04:22:28   src/shared/ov/func_80130514.h:func_80130514 A=DIFFERS B: removed 0 needed 1 compiles 2
04:22:34   src/shared/ov/func_80131CF4.h:func_80131CF4 A=DIFFERS B: removed 0 needed 1 compiles 2
04:22:40   src/shared/ov/func_80132288.h:func_80132288 A=DIFFERS B: removed 0 needed 3 compiles 4
04:22:46   src/shared/ov/func_801325B8.h:func_801325B8 A=DIFFERS B: removed 2 needed 2 compiles 5
04:22:57   src/shared/ov/func_80132F40.h:func_80132F40 A=DIFFERS B: removed 0 needed 5 compiles 6
04:23:02   src/shared/ov/func_80136F3C.h:func_80136F3C A=DIFFERS B: removed 1 needed 4 compiles 6
04:23:12   src/shared/ov/func_801372B0.h:func_801372B0 A=DIFFERS B: removed 15 needed 6 compiles 22
04:23:15   src/shared/ov/func_80137614.h:func_80137614 A=DIFFERS B: removed 0 needed 1 compiles 2
04:23:17   src/shared/ov/func_80137DD4.h:func_80137DD4 A=DIFFERS B: removed 0 needed 4 compiles 5
04:23:20   src/shared/ov/func_80137FD8.h:func_80137FD8 A=DIFFERS B: removed 1 needed 1 compiles 3
04:23:24   src/shared/ov/func_80138ED0.h:func_80138ED0 A=DIFFERS B: removed 0 needed 6 compiles 7
04:23:26   src/shared/ov/func_801392FC.h:func_801392FC A=DIFFERS B: removed 1 needed 2 compiles 4
04:23:32   src/shared/ov/func_80139D04.h:func_80139D04 A=DIFFERS B: removed 7 needed 5 compiles 13
04:23:36   src/shared/ov/func_8013A2BC.h:func_8013A2BC A=DIFFERS B: removed 0 needed 1 compiles 2
04:23:39   src/shared/ov/func_8013A530.h:func_8013A530 A=DIFFERS B: removed 1 needed 6 compiles 8
04:24:05   src/shared/ov/func_8013E448.h:func_8013E448 A=DIFFERS B: removed 0 needed 1 compiles 2
04:24:07   src/shared/ov/func_8013F1BC.h:func_8013F1BC A=DIFFERS B: removed 0 needed 1 compiles 2
04:24:09   src/shared/ov/func_801415C0.h:func_801415C0 A=DIFFERS B: removed 3 needed 2 compiles 6
04:24:15   src/shared/ov/func_801416D4.h:func_801416D4 A=DIFFERS B: removed 1 needed 1 compiles 3
04:24:20   src/shared/ov/func_80141B90.h:func_80141B90 A=DIFFERS B: removed 0 needed 1 compiles 2
04:24:25   src/shared/ov/func_801446A4.h:func_801446A4 A=DIFFERS B: removed 1 needed 1 compiles 3
04:24:30   src/shared/ov/func_80144B9C.h:func_80144B9C A=DIFFERS B: removed 0 needed 1 compiles 2
04:24:44   src/shared/ov/func_80145C54.h:func_80145C54 A=DIFFERS B: removed 1 needed 1 compiles 3
04:25:12   src/shared/ov/func_80146750.h:func_80146750 A=DIFFERS B: removed 2 needed 1 compiles 4
04:25:26   src/shared/ov/func_8014680C.h:func_8014680C A=DIFFERS B: removed 1 needed 1 compiles 3
04:25:40   src/shared/ov/func_801468C8.h:func_801468C8 A=DIFFERS B: removed 1 needed 1 compiles 3
04:25:53   src/shared/ov/func_80146AFC.h:func_80146AFC A=DIFFERS B: removed 1 needed 1 compiles 3
04:26:07   src/shared/ov/func_80146B9C.h:func_80146B9C A=DIFFERS B: removed 1 needed 1 compiles 3
04:26:33   src/shared/ov/func_80147F78.h:<file-scope> replay of src/ov_SC05_009/ov_SC05_009_jr_80154C24.c:<file-scope> DISAGREED (DIFFERS) — full ladder
04:26:34   src/shared/ov/func_80147F78.h:<file-scope> A=DIFFERS B: removed 0 needed 3 compiles 5
04:26:35   src/shared/ov/func_80148094.h:func_80148094 A=DIFFERS B: removed 0 needed 1 compiles 2
04:26:45   src/shared/ov/func_80148824.h:func_80148824 A=DIFFERS B: removed 4 needed 2 compiles 7
04:27:00   src/shared/ov/func_80149290.h:func_80149290 A=DIFFERS B: removed 0 needed 3 compiles 4
04:27:01   src/shared/ov/func_80149374.h:func_80149374 A=DIFFERS B: removed 0 needed 1 compiles 2
04:27:09   src/shared/ov/func_801495C4.h:func_801495C4 A=DIFFERS B: removed 2 needed 2 compiles 5
04:27:25   src/shared/ov/func_8014964C.h:func_8014964C A=DIFFERS B: removed 3 needed 2 compiles 6
04:27:38   src/shared/ov/func_801497A8.h:func_801497A8 A=DIFFERS B: removed 0 needed 1 compiles 2
04:27:59   src/shared/ov/func_8014A2E4.h:func_8014A2E4 A=DIFFERS B: removed 2 needed 1 compiles 4
04:28:13   src/shared/ov/func_8014A59C.h:func_8014A59C A=DIFFERS B: removed 0 needed 1 compiles 2
04:28:59   src/shared/ov/func_8014B944.h:func_8014B944 A=DIFFERS B: removed 0 needed 3 compiles 4
04:29:06   src/shared/ov/func_8014C308.h:func_8014C308 A=DIFFERS B: removed 1 needed 1 compiles 3
04:29:20   src/shared/ov/func_8014C6F4.h:func_8014C6F4 A=DIFFERS B: removed 1 needed 1 compiles 3
04:29:33   src/shared/ov/func_8014CD80.h:func_8014CD80 A=DIFFERS B: removed 0 needed 1 compiles 2
04:29:41   src/shared/ov/func_8014DCE0.h:func_8014DCE0 A=DIFFERS B: removed 1 needed 1 compiles 3
04:29:56   src/shared/ov/func_8014DD8C.h:func_8014DD8C A=DIFFERS B: removed 0 needed 2 compiles 3
04:30:05   src/shared/ov/func_8014DF94.h:func_8014DF94 A=DIFFERS B: removed 2 needed 3 compiles 6
04:30:20   src/shared/ov/func_8014E048.h:func_8014E048 A=DIFFERS B: removed 0 needed 4 compiles 5
04:30:28   src/shared/ov/func_8014E5B4.h:func_8014E5B4 A=DIFFERS B: removed 1 needed 1 compiles 3
04:30:42   src/shared/ov/func_8014E83C.h:func_8014E83C A=DIFFERS B: removed 1 needed 1 compiles 3
04:31:00   src/shared/ov/func_8014EE14.h:func_8014EE14 A=DIFFERS B: removed 6 needed 3 compiles 10
04:31:14   src/shared/ov/func_8014F74C.h:func_8014F74C A=DIFFERS B: removed 0 needed 1 compiles 2
04:31:21   src/shared/ov/func_8014FD54.h:func_8014FD54 A=DIFFERS B: removed 0 needed 1 compiles 2
04:31:30   src/shared/ov/func_8014FE60.h:func_8014FE60 A=DIFFERS B: removed 2 needed 2 compiles 5
04:31:45   src/shared/ov/func_80150170.h:func_80150170 A=DIFFERS B: removed 2 needed 2 compiles 5
04:32:00   src/shared/ov/func_8015126C.h:func_8015126C A=DIFFERS B: removed 2 needed 2 compiles 5
04:32:15   src/shared/ov/func_80151664.h:func_80151664 A=DIFFERS B: removed 0 needed 1 compiles 2
04:32:22   src/shared/ov/func_80151780.h:func_80151780 A=DIFFERS B: removed 0 needed 1 compiles 2
04:32:30   src/shared/ov/func_80151DB0.h:func_80151DB0 A=DIFFERS B: removed 0 needed 1 compiles 2
04:33:44   src/shared/ov/func_801535F4.h:func_801535F4 A=DIFFERS B: removed 1 needed 2 compiles 4
04:33:58   src/shared/ov/func_801536DC.h:func_801536DC A=DIFFERS B: removed 2 needed 1 compiles 4
04:34:11   src/shared/ov/func_80153800.h:func_80153800 A=DIFFERS B: removed 0 needed 1 compiles 2
04:34:19   src/shared/ov/func_80153E00.h:func_80153E00 A=DIFFERS B: removed 3 needed 1 compiles 5
04:34:42   src/shared/ov/func_801564B0.h:func_801564B0 A=DIFFERS B: removed 0 needed 1 compiles 2
04:34:55   src/shared/ov/func_80157BC8.h:func_80157BC8 A=DIFFERS B: removed 2 needed 2 compiles 5
04:35:00   src/shared/ov/func_801580B4.h:func_801580B4 A=DIFFERS B: removed 1 needed 1 compiles 3
04:35:05   src/shared/ov/func_801581AC.h:func_801581AC A=DIFFERS B: removed 1 needed 1 compiles 3
04:35:18   src/shared/ov/func_8015B6F4.h:func_8015B6F4 A=DIFFERS B: removed 1 needed 3 compiles 5
04:35:22   src/shared/ov/func_80160410.h:func_80160410 A=DIFFERS B: removed 0 needed 1 compiles 2
04:35:29   src/shared/ov/func_80160C28.h:func_80160C28 A=DIFFERS B: removed 0 needed 2 compiles 3
04:35:37   src/shared/ov/func_801612B8.h:func_801612B8 A=DIFFERS B: removed 2 needed 1 compiles 4
04:36:16   src/shared/ov/func_8016432C.h:func_8016432C A=DIFFERS B: removed 0 needed 1 compiles 2
04:36:36   src/shared/ov/func_80164D4C.h:func_80164D4C A=DIFFERS B: removed 1 needed 1 compiles 3
04:37:02   src/shared/ov/func_80165CA0.h:func_80165CA0 A=DIFFERS B: removed 2 needed 1 compiles 4
04:37:20   src/shared/ov/func_80166054.h:func_80166054 A=DIFFERS B: removed 5 needed 5 compiles 11
04:37:33   src/shared/ov/func_80166438.h:func_80166438 A=DIFFERS B: removed 1 needed 1 compiles 3
04:37:47   src/shared/ov/func_80169228.h:func_80169228 A=DIFFERS B: removed 1 needed 1 compiles 3
04:38:02   src/shared/ov/func_80169584.h:func_80169584 A=DIFFERS B: removed 1 needed 1 compiles 3
04:38:17   src/shared/ov/func_80169A4C.h:func_80169A4C A=DIFFERS B: removed 3 needed 2 compiles 6
04:38:31   src/shared/ov/func_8016A08C.h:func_8016A08C A=DIFFERS B: removed 1 needed 1 compiles 3
04:38:43   src/shared/ov/func_8016A1CC.h:func_8016A1CC A=DIFFERS B: removed 0 needed 1 compiles 2
04:38:51   src/shared/ov/func_8016AA50.h:func_8016AA50 A=DIFFERS B: removed 4 needed 1 compiles 6
04:39:11   src/shared/ov/func_8016C74C.h:func_8016C74C A=DIFFERS B: removed 2 needed 2 compiles 5
04:39:30   src/shared/ov/func_8017209C.h:func_8017209C A=DIFFERS B: removed 2 needed 1 compiles 4
04:39:34   src/shared/ov/func_80173CB4.h:func_80173CB4 A=DIFFERS B: removed 0 needed 1 compiles 2
04:39:43   src/shared/ov/func_80175590.h:func_80175590 A=DIFFERS B: removed 0 needed 2 compiles 3
04:39:47   src/shared/ov/func_801756E4.h:func_801756E4 A=DIFFERS B: removed 2 needed 1 compiles 4
04:39:53   src/shared/ov/func_80175820.h:func_80175820 A=DIFFERS B: removed 1 needed 1 compiles 3
04:39:59   src/shared/ov/func_801758FC.h:func_801758FC A=DIFFERS B: removed 1 needed 1 compiles 3
04:40:05   src/shared/ov/func_80176144.h:func_80176144 A=DIFFERS B: removed 0 needed 1 compiles 2
04:40:09   src/shared/ov/func_80176D94.h:func_80176D94 A=DIFFERS B: removed 3 needed 1 compiles 5
04:40:16   src/shared/ov/func_801770E0.h:func_801770E0 A=DIFFERS B: removed 3 needed 1 compiles 5
04:40:28   src/shared/ov/func_801777BC.h:func_801777BC A=DIFFERS B: removed 0 needed 2 compiles 3
04:40:32   src/shared/ov/func_801778A8.h:func_801778A8 A=DIFFERS B: removed 3 needed 2 compiles 6
04:40:39   src/shared/ov/func_80177940.h:func_80177940 A=DIFFERS B: removed 0 needed 7 compiles 8
04:40:43   src/shared/ov/func_80177AD4.h:func_80177AD4 A=DIFFERS B: removed 1 needed 1 compiles 3
04:40:53   src/shared/ov/func_80177EA4.h:func_80177EA4 A=DIFFERS B: removed 10 needed 11 compiles 22
04:41:01   src/shared/ov/func_80177F84.h:func_80177F84 A=DIFFERS B: removed 4 needed 6 compiles 11
04:41:13   src/shared/ov/func_80178004.h:func_80178004 A=DIFFERS B: removed 19 needed 10 compiles 30
04:41:19   src/shared/ov/func_8017849C.h:func_8017849C A=DIFFERS B: removed 2 needed 3 compiles 6
04:41:25   src/shared/ov/func_8017AD0C.h:func_8017AD0C A=DIFFERS B: removed 0 needed 1 compiles 2
04:41:27   src/shared/ov/func_8012E5CC.h:func_8012E5CC A=DIFFERS B: removed 0 needed 1 compiles 2
04:41:42   src/shared/ov/func_8012F40C.h:func_8012F40C A=DIFFERS B: removed 1 needed 1 compiles 3
04:41:53   src/shared/ov/func_8012F49C.h:func_8012F49C A=DIFFERS B: removed 1 needed 1 compiles 3
04:42:03   src/shared/ov/func_80140D68.h:func_80140D68 A=DIFFERS B: removed 1 needed 2 compiles 4
04:42:08   src/shared/ov/func_801759D8.h:func_801759D8 A=DIFFERS B: removed 1 needed 1 compiles 3
04:42:14   src/shared/ov/func_80140608__t42e81990.h:func_80140608 A=DIFFERS B: removed 1 needed 1 compiles 3
04:42:27   src/shared/ov/func_80168BDC.h:func_80168BDC A=DIFFERS B: removed 2 needed 1 compiles 4
04:42:41   src/shared/ov/func_80168D94.h:func_80168D94 A=DIFFERS B: removed 2 needed 5 compiles 8
04:42:56   src/shared/ov/func_80169058.h:func_80169058 A=DIFFERS B: removed 1 needed 3 compiles 5
04:43:09   src/shared/ov/func_80169408.h:func_80169408 A=DIFFERS B: removed 1 needed 1 compiles 3
04:43:21   src/shared/ov/func_8017BEBC__t67f11bf2.h:func_8017BEBC A=DIFFERS B: removed 0 needed 1 compiles 2
04:43:22   src/shared/ov/func_8017C230.h:func_8017C230 A=DIFFERS B: removed 0 needed 1 compiles 2
04:43:23   src/shared/ov/func_8017D898__t67f11bf2.h:func_8017D898 A=DIFFERS B: removed 0 needed 1 compiles 2
04:43:24   src/shared/ov/func_8017C294__t67f11bf2.h:func_8017C294 A=DIFFERS B: removed 0 needed 1 compiles 2
04:43:26   src/shared/ov/func_8017C338__ec532abc.h:func_8017C338 A=DIFFERS B: removed 0 needed 4 compiles 5
04:43:26   src/shared/ov/func_8017C8D0__t67f11bf2.h:func_8017C8D0 A=DIFFERS B: removed 0 needed 1 compiles 2
04:43:27   src/shared/ov/func_8017CA80__t67f11bf2.h:func_8017CA80 A=DIFFERS B: removed 0 needed 1 compiles 2
04:43:28   src/shared/ov/func_8017C24C__t67f11bf2.h:func_8017C24C A=DIFFERS B: removed 0 needed 1 compiles 2
04:43:29   src/shared/ov/func_8017C490__3d4ccee9.h:func_8017C490 A=DIFFERS B: removed 0 needed 4 compiles 5
04:43:30   src/shared/ov/func_8017C6AC.h:func_8017C6AC A=DIFFERS B: removed 0 needed 1 compiles 2
04:43:31   src/shared/ov/func_8017C710__t3f3d6beb.h:func_8017C710 A=DIFFERS B: removed 0 needed 1 compiles 2
04:43:31   src/shared/ov/func_8017CF6C__4771362e.h:func_8017CF6C A=DIFFERS B: removed 0 needed 1 compiles 2
04:43:32   src/shared/ov/func_8017D0BC__4f23330c.h:func_8017D0BC A=DIFFERS B: removed 0 needed 1 compiles 2
04:43:32   src/shared/ov/func_801287B8__96084aee.h:func_801287B8 A=DIFFERS B: removed 0 needed 1 compiles 2
04:43:40   src/shared/ov/func_80133AB0__49df14d8.h:func_80133AB0 A=DIFFERS B: removed 0 needed 4 compiles 5
04:43:41   src/shared/ov/func_80133CD4__de6ea26c.h:func_80133CD4 A=DIFFERS B: removed 0 needed 1 compiles 2
04:43:44   src/shared/ov/func_801345F8__93b40c3b.h:func_801345F8 A=DIFFERS B: removed 0 needed 3 compiles 4
04:43:47   src/shared/ov/func_80134C20__b2c5a2f9.h:func_80134C20 A=DIFFERS B: removed 0 needed 2 compiles 3
04:43:51   src/shared/ov/func_80135168__bad0a585.h:func_80135168 A=DIFFERS B: removed 0 needed 5 compiles 6
04:43:52   src/shared/ov/func_80135A4C__e0129286.h:func_80135A4C A=DIFFERS B: removed 0 needed 3 compiles 4
04:43:53   src/shared/ov/func_80135EB0__c9438c12.h:func_80135EB0 A=DIFFERS B: removed 0 needed 6 compiles 7
04:43:54 delever: batch headers1 — 200 files (headers; 371 drawable) · 200 bodies: 42 lever-free, 158 residue, 0 refused · sites removed 302 / needed 340 / refused 1 / deferred 0 · replays 18 (1 disagreed) · compiles 40597 in 1460 s wall · final 200/200 identical · written 196 files
headers1 wall=1463.09 s
exit=0
