note 2 | DELETED
insn 4 | (insn 4 2 6 (set (reg/v:SI 72) (reg:SI 4 a0)) 159 {movsi_internal2} (nil) (expr_list:REG_DEAD (reg:SI 4 a0) (nil))) 
note 6 | DELETED
note 8 | DELETED
note 9 | FUNCTION_BEG
note 10 | DELETED
note 12 | BLOCK_BEG
note 20 | DELETED
note 216 | DELETED
note 221 | DELETED
note 222 | DELETED
note 246 | DELETED
note 260 | DELETED
note 268 | DELETED
insn 15 | (insn 15 268 18 (set (reg/v:SI 18 s2) (reg/v:SI 72)) 159 {movsi_internal2} (insn_list 4 (nil)) (nil)) 
insn 18 | (insn 18 15 402 (set (reg/v:SI 17 s1) (reg:SI 5 a1)) 159 {movsi_internal2} (nil) (expr_list:REG_DEAD (reg:SI 5 a1) (nil))) 
insn 402 | (insn 402 18 403 (set (reg:SI 87) (const_int 16711680)) 159 {movsi_internal2} (nil) (nil)) 
insn 403 | (insn 403 402 404 (set (reg:SI 87) (ior:SI (reg:SI 87) (const_int 65535))) 96 {iorsi3} (insn_list 402 (nil)) (expr_list:REG_EQUAL (const_int 16777215)
insn 404 | (insn 404 403 405 (set (reg:SI 90) (const_int 1954545664)) 159 {movsi_internal2} (nil) (nil)) 
insn 405 | (insn 405 404 406 (set (reg:SI 90) (ior:SI (reg:SI 90) (const_int 32896))) 96 {iorsi3} (insn_list 404 (nil)) (expr_list:REG_EQUAL (const_int 195457856
insn 406 | (insn 406 405 407 (set (reg:SI 93) (const_int 1830158336)) 159 {movsi_internal2} (nil) (nil)) 
insn 407 | (insn 407 406 25 (set (reg:SI 93) (ior:SI (reg:SI 93) (const_int 22568))) 96 {iorsi3} (insn_list 406 (nil)) (expr_list:REG_EQUAL (const_int 1830180904
insn 25 | (insn 25 407 28 (set (reg:SI 85) (plus:SI (reg/v:SI 18 s2) (const_int -20))) 3 {addsi3_internal} (insn_list 15 (nil)) (nil)) 
insn 28 | (insn 28 25 30 (set (reg:SI 86) (and:SI (reg:SI 85) (reg:SI 87))) 92 {andsi3} (insn_list 403 (insn_list 25 (nil))) (expr_list:REG_DEAD (reg:SI 85) (ni
insn 30 | (insn 30 28 31 (set (reg:SI 89) (const_int 50331648)) 159 {movsi_internal2} (nil) (expr_list:REG_EQUAL (const_int 50331648) (nil))) 
insn 31 | (insn 31 30 33 (set (reg:SI 88) (ior:SI (reg:SI 86) (reg:SI 89))) 96 {iorsi3} (insn_list 28 (insn_list 30 (nil))) (expr_list:REG_DEAD (reg:SI 86) (nil
insn 33 | (insn 33 31 38 (set (mem:SI (reg/v:SI 72)) (reg:SI 88)) 159 {movsi_internal2} (insn_list 31 (nil)) (expr_list:REG_DEAD (reg/v:SI 72) (expr_list:REG_DE
insn 38 | (insn 38 33 22 (set (mem/s:SI (plus:SI (reg/v:SI 18 s2) (const_int 4))) (reg:SI 90)) 159 {movsi_internal2} (insn_list 405 (insn_list 15 (insn_list:REG
insn 22 | (insn 22 38 40 (set (reg/v:SI 16 s0) (ashift:SI (reg:SI 6 a2) (const_int 16))) 181 {ashlsi3} (nil) (expr_list:REG_DEAD (reg:SI 6 a2) (nil))) 
insn 40 | (insn 40 22 41 (set (reg:SI 91) (and:SI (reg/v:SI 17 s1) (const_int 65535))) 92 {andsi3} (insn_list 18 (nil)) (nil)) 
insn 41 | (insn 41 40 43 (set (reg:SI 92) (ior:SI (reg/v:SI 16 s0) (reg:SI 91))) 96 {iorsi3} (insn_list 22 (insn_list 40 (nil))) (expr_list:REG_DEAD (reg:SI 91)
insn 43 | (insn 43 41 48 (set (mem/s:SI (plus:SI (reg/v:SI 18 s2) (const_int 8))) (reg:SI 92)) 159 {movsi_internal2} (insn_list 15 (insn_list:REG_DEP_OUTPUT 33 
insn 48 | (insn 48 43 51 (set (mem/s:SI (plus:SI (reg/v:SI 18 s2) (const_int 12))) (reg:SI 93)) 159 {movsi_internal2} (insn_list 407 (insn_list 15 (insn_list:RE
insn 51 | (insn 51 48 53 (set (reg:SI 94) (plus:SI (reg/v:SI 18 s2) (const_int 20))) 3 {addsi3_internal} (insn_list 15 (nil)) (expr_list:REG_DEAD (reg/v:SI 18 s
insn 53 | (insn 53 51 408 (set (reg/v:SI 18 s2) (reg:SI 94)) 159 {movsi_internal2} (insn_list:REG_DEP_OUTPUT 15 (insn_list:REG_DEP_ANTI 25 (insn_list:REG_DEP_AN
insn 408 | (insn 408 53 409 (set (reg:SI 104) (const_int 1830158336)) 159 {movsi_internal2} (nil) (nil)) 
insn 409 | (insn 409 408 56 (set (reg:SI 104) (ior:SI (reg:SI 104) (const_int 72))) 96 {iorsi3} (insn_list 408 (nil)) (expr_list:REG_EQUAL (const_int 1830158408)
insn 56 | (insn 56 409 59 (set (reg:SI 95) (plus:SI (reg/v:SI 18 s2) (const_int -20))) 3 {addsi3_internal} (insn_list 53 (nil)) (nil)) 
insn 59 | (insn 59 56 62 (set (reg:SI 96) (and:SI (reg:SI 95) (reg:SI 87))) 92 {andsi3} (insn_list 403 (insn_list 56 (nil))) (expr_list:REG_DEAD (reg:SI 95) (ni
insn 62 | (insn 62 59 64 (set (reg:SI 98) (ior:SI (reg:SI 96) (reg:SI 89))) 96 {iorsi3} (insn_list 30 (insn_list 59 (nil))) (expr_list:REG_DEAD (reg:SI 96) (nil
insn 64 | (insn 64 62 69 (set (mem:SI (reg:SI 94)) (reg:SI 98)) 159 {movsi_internal2} (insn_list 51 (insn_list:REG_DEP_OUTPUT 33 (insn_list:REG_DEP_OUTPUT 38 (i
insn 69 | (insn 69 64 72 (set (mem/s:SI (plus:SI (reg/v:SI 18 s2) (const_int 4))) (reg:SI 90)) 159 {movsi_internal2} (insn_list 405 (insn_list 53 (insn_list:REG
insn 72 | (insn 72 69 73 (set (reg:SI 101) (plus:SI (reg/v:SI 17 s1) (const_int 7))) 3 {addsi3_internal} (insn_list 18 (nil)) (nil)) 
insn 73 | (insn 73 72 74 (set (reg:SI 102) (and:SI (reg:SI 101) (const_int 65535))) 92 {andsi3} (insn_list 72 (nil)) (expr_list:REG_DEAD (reg:SI 101) (nil))) 
insn 74 | (insn 74 73 76 (set (reg:SI 103) (ior:SI (reg/v:SI 16 s0) (reg:SI 102))) 96 {iorsi3} (insn_list 22 (insn_list 73 (nil))) (expr_list:REG_DEAD (reg:SI 1
insn 76 | (insn 76 74 81 (set (mem/s:SI (plus:SI (reg/v:SI 18 s2) (const_int 8))) (reg:SI 103)) 159 {movsi_internal2} (insn_list 53 (insn_list:REG_DEP_OUTPUT 33
insn 81 | (insn 81 76 84 (set (mem/s:SI (plus:SI (reg/v:SI 18 s2) (const_int 12))) (reg:SI 104)) 159 {movsi_internal2} (insn_list 409 (insn_list 53 (insn_list:R
insn 84 | (insn 84 81 86 (set (reg:SI 105) (plus:SI (reg/v:SI 18 s2) (const_int 20))) 3 {addsi3_internal} (insn_list 53 (nil)) (expr_list:REG_DEAD (reg/v:SI 18 
insn 86 | (insn 86 84 410 (set (reg/v:SI 18 s2) (reg:SI 105)) 159 {movsi_internal2} (insn_list:REG_DEP_OUTPUT 53 (insn_list:REG_DEP_ANTI 56 (insn_list:REG_DEP_A
insn 410 | (insn 410 86 411 (set (reg:SI 115) (const_int 1830158336)) 159 {movsi_internal2} (nil) (nil)) 
insn 411 | (insn 411 410 89 (set (reg:SI 115) (ior:SI (reg:SI 115) (const_int 2072))) 96 {iorsi3} (insn_list 410 (nil)) (expr_list:REG_EQUAL (const_int 183016040
insn 89 | (insn 89 411 92 (set (reg:SI 106) (plus:SI (reg/v:SI 18 s2) (const_int -20))) 3 {addsi3_internal} (insn_list 86 (nil)) (nil)) 
insn 92 | (insn 92 89 95 (set (reg:SI 107) (and:SI (reg:SI 106) (reg:SI 87))) 92 {andsi3} (insn_list 403 (insn_list 89 (nil))) (expr_list:REG_DEAD (reg:SI 106) 
insn 95 | (insn 95 92 97 (set (reg:SI 109) (ior:SI (reg:SI 107) (reg:SI 89))) 96 {iorsi3} (insn_list 30 (insn_list 92 (nil))) (expr_list:REG_DEAD (reg:SI 107) (
insn 97 | (insn 97 95 102 (set (mem:SI (reg:SI 105)) (reg:SI 109)) 159 {movsi_internal2} (insn_list 84 (insn_list:REG_DEP_OUTPUT 33 (insn_list:REG_DEP_OUTPUT 38
insn 102 | (insn 102 97 105 (set (mem/s:SI (plus:SI (reg/v:SI 18 s2) (const_int 4))) (reg:SI 90)) 159 {movsi_internal2} (insn_list 405 (insn_list 86 (insn_list:R
insn 105 | (insn 105 102 106 (set (reg:SI 112) (plus:SI (reg/v:SI 17 s1) (const_int 13))) 3 {addsi3_internal} (insn_list 18 (nil)) (nil)) 
insn 106 | (insn 106 105 107 (set (reg:SI 113) (and:SI (reg:SI 112) (const_int 65535))) 92 {andsi3} (insn_list 105 (nil)) (expr_list:REG_DEAD (reg:SI 112) (nil))
insn 107 | (insn 107 106 109 (set (reg:SI 114) (ior:SI (reg/v:SI 16 s0) (reg:SI 113))) 96 {iorsi3} (insn_list 22 (insn_list 106 (nil))) (expr_list:REG_DEAD (reg:
insn 109 | (insn 109 107 114 (set (mem/s:SI (plus:SI (reg/v:SI 18 s2) (const_int 8))) (reg:SI 114)) 159 {movsi_internal2} (insn_list 86 (insn_list:REG_DEP_OUTPUT
insn 114 | (insn 114 109 117 (set (mem/s:SI (plus:SI (reg/v:SI 18 s2) (const_int 12))) (reg:SI 115)) 159 {movsi_internal2} (insn_list 411 (insn_list 86 (insn_lis
insn 117 | (insn 117 114 119 (set (reg:SI 116) (plus:SI (reg/v:SI 18 s2) (const_int 20))) 3 {addsi3_internal} (insn_list 86 (nil)) (expr_list:REG_DEAD (reg/v:SI 
insn 119 | (insn 119 117 412 (set (reg/v:SI 18 s2) (reg:SI 116)) 159 {movsi_internal2} (insn_list:REG_DEP_OUTPUT 86 (insn_list:REG_DEP_ANTI 89 (insn_list:REG_DEP
insn 412 | (insn 412 119 413 (set (reg:SI 126) (const_int 1830158336)) 159 {movsi_internal2} (nil) (nil)) 
insn 413 | (insn 413 412 122 (set (reg:SI 126) (ior:SI (reg:SI 126) (const_int 40))) 96 {iorsi3} (insn_list 412 (nil)) (expr_list:REG_EQUAL (const_int 1830158376
insn 122 | (insn 122 413 125 (set (reg:SI 117) (plus:SI (reg/v:SI 18 s2) (const_int -20))) 3 {addsi3_internal} (insn_list 119 (nil)) (nil)) 
insn 125 | (insn 125 122 128 (set (reg:SI 118) (and:SI (reg:SI 117) (reg:SI 87))) 92 {andsi3} (insn_list 403 (insn_list 122 (nil))) (expr_list:REG_DEAD (reg:SI 1
insn 128 | (insn 128 125 130 (set (reg:SI 120) (ior:SI (reg:SI 118) (reg:SI 89))) 96 {iorsi3} (insn_list 30 (insn_list 125 (nil))) (expr_list:REG_DEAD (reg:SI 11
insn 130 | (insn 130 128 135 (set (mem:SI (reg:SI 116)) (reg:SI 120)) 159 {movsi_internal2} (insn_list 117 (insn_list:REG_DEP_OUTPUT 33 (insn_list:REG_DEP_OUTPUT
insn 135 | (insn 135 130 138 (set (mem/s:SI (plus:SI (reg/v:SI 18 s2) (const_int 4))) (reg:SI 90)) 159 {movsi_internal2} (insn_list 405 (insn_list 119 (insn_list
insn 138 | (insn 138 135 139 (set (reg:SI 123) (plus:SI (reg/v:SI 17 s1) (const_int 19))) 3 {addsi3_internal} (insn_list 18 (nil)) (nil)) 
insn 139 | (insn 139 138 140 (set (reg:SI 124) (and:SI (reg:SI 123) (const_int 65535))) 92 {andsi3} (insn_list 138 (nil)) (expr_list:REG_DEAD (reg:SI 123) (nil))
insn 140 | (insn 140 139 142 (set (reg:SI 125) (ior:SI (reg/v:SI 16 s0) (reg:SI 124))) 96 {iorsi3} (insn_list 22 (insn_list 139 (nil))) (expr_list:REG_DEAD (reg:
insn 142 | (insn 142 140 147 (set (mem/s:SI (plus:SI (reg/v:SI 18 s2) (const_int 8))) (reg:SI 125)) 159 {movsi_internal2} (insn_list 119 (insn_list:REG_DEP_OUTPU
insn 147 | (insn 147 142 150 (set (mem/s:SI (plus:SI (reg/v:SI 18 s2) (const_int 12))) (reg:SI 126)) 159 {movsi_internal2} (insn_list 413 (insn_list 119 (insn_li
insn 150 | (insn 150 147 152 (set (reg:SI 127) (plus:SI (reg/v:SI 18 s2) (const_int 20))) 3 {addsi3_internal} (insn_list 119 (nil)) (expr_list:REG_DEAD (reg/v:SI
insn 152 | (insn 152 150 414 (set (reg/v:SI 18 s2) (reg:SI 127)) 159 {movsi_internal2} (insn_list:REG_DEP_OUTPUT 119 (insn_list:REG_DEP_ANTI 122 (insn_list:REG_D
insn 414 | (insn 414 152 415 (set (reg:SI 137) (const_int 1830158336)) 159 {movsi_internal2} (nil) (nil)) 
insn 415 | (insn 415 414 155 (set (reg:SI 137) (ior:SI (reg:SI 137) (const_int 32))) 96 {iorsi3} (insn_list 414 (nil)) (expr_list:REG_EQUAL (const_int 1830158368
insn 155 | (insn 155 415 158 (set (reg:SI 128) (plus:SI (reg/v:SI 18 s2) (const_int -20))) 3 {addsi3_internal} (insn_list 152 (nil)) (nil)) 
insn 158 | (insn 158 155 161 (set (reg:SI 129) (and:SI (reg:SI 128) (reg:SI 87))) 92 {andsi3} (insn_list 403 (insn_list 155 (nil))) (expr_list:REG_DEAD (reg:SI 1
insn 161 | (insn 161 158 163 (set (reg:SI 131) (ior:SI (reg:SI 129) (reg:SI 89))) 96 {iorsi3} (insn_list 30 (insn_list 158 (nil))) (expr_list:REG_DEAD (reg:SI 12
insn 163 | (insn 163 161 168 (set (mem:SI (reg:SI 127)) (reg:SI 131)) 159 {movsi_internal2} (insn_list 150 (insn_list:REG_DEP_OUTPUT 33 (insn_list:REG_DEP_OUTPUT
insn 168 | (insn 168 163 171 (set (mem/s:SI (plus:SI (reg/v:SI 18 s2) (const_int 4))) (reg:SI 90)) 159 {movsi_internal2} (insn_list 405 (insn_list 152 (insn_list
insn 171 | (insn 171 168 172 (set (reg:SI 134) (plus:SI (reg/v:SI 17 s1) (const_int 25))) 3 {addsi3_internal} (insn_list 18 (nil)) (nil)) 
insn 172 | (insn 172 171 173 (set (reg:SI 135) (and:SI (reg:SI 134) (const_int 65535))) 92 {andsi3} (insn_list 171 (nil)) (expr_list:REG_DEAD (reg:SI 134) (nil))
insn 173 | (insn 173 172 175 (set (reg:SI 136) (ior:SI (reg/v:SI 16 s0) (reg:SI 135))) 96 {iorsi3} (insn_list 22 (insn_list 172 (nil))) (expr_list:REG_DEAD (reg:
insn 175 | (insn 175 173 180 (set (mem/s:SI (plus:SI (reg/v:SI 18 s2) (const_int 8))) (reg:SI 136)) 159 {movsi_internal2} (insn_list 152 (insn_list:REG_DEP_OUTPU
insn 180 | (insn 180 175 183 (set (mem/s:SI (plus:SI (reg/v:SI 18 s2) (const_int 12))) (reg:SI 137)) 159 {movsi_internal2} (insn_list 415 (insn_list 152 (insn_li
insn 183 | (insn 183 180 185 (set (reg:SI 138) (plus:SI (reg/v:SI 18 s2) (const_int 20))) 3 {addsi3_internal} (insn_list 152 (nil)) (expr_list:REG_DEAD (reg/v:SI
insn 185 | (insn 185 183 416 (set (reg/v:SI 18 s2) (reg:SI 138)) 159 {movsi_internal2} (insn_list:REG_DEP_OUTPUT 152 (insn_list:REG_DEP_ANTI 155 (insn_list:REG_D
insn 416 | (insn 416 185 417 (set (reg:SI 148) (const_int 1830158336)) 159 {movsi_internal2} (nil) (nil)) 
insn 417 | (insn 417 416 188 (set (reg:SI 148) (ior:SI (reg:SI 148) (const_int 16472))) 96 {iorsi3} (insn_list 416 (nil)) (expr_list:REG_EQUAL (const_int 1830174
insn 188 | (insn 188 417 191 (set (reg:SI 139) (plus:SI (reg/v:SI 18 s2) (const_int -20))) 3 {addsi3_internal} (insn_list 185 (nil)) (nil)) 
insn 191 | (insn 191 188 194 (set (reg:SI 140) (and:SI (reg:SI 139) (reg:SI 87))) 92 {andsi3} (insn_list 403 (insn_list 188 (nil))) (expr_list:REG_DEAD (reg:SI 1
insn 194 | (insn 194 191 196 (set (reg:SI 142) (ior:SI (reg:SI 140) (reg:SI 89))) 96 {iorsi3} (insn_list 30 (insn_list 191 (nil))) (expr_list:REG_DEAD (reg:SI 14
insn 196 | (insn 196 194 201 (set (mem:SI (reg:SI 138)) (reg:SI 142)) 159 {movsi_internal2} (insn_list 183 (insn_list:REG_DEP_OUTPUT 33 (insn_list:REG_DEP_OUTPUT
insn 201 | (insn 201 196 204 (set (mem/s:SI (plus:SI (reg/v:SI 18 s2) (const_int 4))) (reg:SI 90)) 159 {movsi_internal2} (insn_list 405 (insn_list 185 (insn_list
insn 204 | (insn 204 201 205 (set (reg:SI 145) (plus:SI (reg/v:SI 17 s1) (const_int 58))) 3 {addsi3_internal} (insn_list 18 (nil)) (nil)) 
insn 205 | (insn 205 204 206 (set (reg:SI 146) (and:SI (reg:SI 145) (const_int 65535))) 92 {andsi3} (insn_list 204 (nil)) (expr_list:REG_DEAD (reg:SI 145) (nil))
insn 206 | (insn 206 205 208 (set (reg:SI 147) (ior:SI (reg/v:SI 16 s0) (reg:SI 146))) 96 {iorsi3} (insn_list 22 (insn_list 205 (nil))) (expr_list:REG_DEAD (reg:
insn 208 | (insn 208 206 213 (set (mem/s:SI (plus:SI (reg/v:SI 18 s2) (const_int 8))) (reg:SI 147)) 159 {movsi_internal2} (insn_list 185 (insn_list:REG_DEP_OUTPU
insn 213 | (insn 213 208 223 (set (mem/s:SI (plus:SI (reg/v:SI 18 s2) (const_int 12))) (reg:SI 148)) 159 {movsi_internal2} (insn_list 417 (insn_list 185 (insn_li
insn 223 | (insn 223 213 218 (set (reg:SI 151) (sign_extend:SI (mem:HI (symbol_ref:SI ("D_8011F81E"))))) 125 {extendhisi2_internal} (insn_list 33 (insn_list 64 (
insn 218 | (insn 218 223 226 (set (reg/v:SI 18 s2) (plus:SI (reg/v:SI 18 s2) (const_int 20))) 3 {addsi3_internal} (insn_list 185 (insn_list:REG_DEP_ANTI 188 (ins
insn 226 | (insn 226 218 228 (set (reg:SI 154) (ashift:SI (reg:SI 151) (const_int 2))) 181 {ashlsi3} (insn_list 223 (nil)) (expr_list:REG_EQUAL (mult:SI (reg:SI 
insn 228 | (insn 228 226 229 (set (reg:SI 155) (plus:SI (reg:SI 154) (reg:SI 151))) 3 {addsi3_internal} (insn_list 223 (insn_list 226 (nil))) (expr_list:REG_DEAD
insn 229 | (insn 229 228 231 (set (reg:SI 156) (ashift:SI (reg:SI 155) (const_int 4))) 181 {ashlsi3} (insn_list 228 (nil)) (expr_list:REG_DEAD (reg:SI 155) (expr
insn 231 | (insn 231 229 232 (set (reg:SI 157) (plus:SI (reg:SI 156) (reg:SI 151))) 3 {addsi3_internal} (insn_list 223 (insn_list 229 (nil))) (expr_list:REG_DEAD
insn 232 | (insn 232 231 234 (set (reg:SI 158) (ashift:SI (reg:SI 157) (const_int 2))) 181 {ashlsi3} (insn_list 231 (nil)) (expr_list:REG_DEAD (reg:SI 157) (expr
insn 234 | (insn 234 232 235 (set (reg:SI 159) (minus:SI (reg:SI 158) (reg:SI 151))) 16 {subsi3_internal} (insn_list 223 (insn_list 232 (nil))) (expr_list:REG_DE
insn 235 | (insn 235 234 237 (set (reg:SI 160) (ashift:SI (reg:SI 159) (const_int 2))) 181 {ashlsi3} (insn_list 234 (nil)) (expr_list:REG_DEAD (reg:SI 159) (expr
insn 237 | (insn 237 235 238 (set (reg:SI 161) (plus:SI (reg:SI 160) (reg:SI 151))) 3 {addsi3_internal} (insn_list 223 (insn_list 235 (nil))) (expr_list:REG_DEAD
insn 238 | (insn 238 237 240 (set (reg:SI 162) (ashift:SI (reg:SI 161) (const_int 2))) 181 {ashlsi3} (insn_list 237 (nil)) (expr_list:REG_DEAD (reg:SI 161) (expr
insn 240 | (insn 240 238 241 (set (reg:SI 163) (minus:SI (reg:SI 162) (reg:SI 151))) 16 {subsi3_internal} (insn_list 223 (insn_list 238 (nil))) (expr_list:REG_DE
insn 241 | (insn 241 240 242 (set (reg:SI 164) (ashift:SI (reg:SI 163) (const_int 3))) 181 {ashlsi3} (insn_list 240 (nil)) (expr_list:REG_DEAD (reg:SI 163) (expr
insn 242 | (insn 242 241 244 (set (reg:SI 165) (ashiftrt:SI (reg:SI 164) (const_int 16))) 191 {ashrsi3} (insn_list 241 (nil)) (expr_list:REG_DEAD (reg:SI 164) (n
insn 244 | (insn 244 242 248 (set (reg:SI 167) (const_int 100)) 159 {movsi_internal2} (nil) (expr_list:REG_EQUAL (const_int 100) (nil))) 
insn 248 | (insn 248 244 250 (set (reg:SI 4 a0) (minus:SI (reg:SI 167) (reg:SI 165))) 16 {subsi3_internal} (insn_list 244 (insn_list 242 (nil))) (expr_list:REG_D
insn 250 | (insn 250 248 252 (set (reg:SI 5 a1) (const_int 4)) 159 {movsi_internal2} (insn_list:REG_DEP_ANTI 18 (nil)) (expr_list:REG_EQUAL (const_int 4) (nil)))
call 252 | (call_insn 252 250 254 (parallel[ (set (reg:SI 2 v0) (call (mem:SI (symbol_ref:SI ("func_801783D0"))) (const_int 16))) (clobber (reg:SI 31 ra)) ] ) 31
insn 254 | (insn 254 252 257 (set (reg/v:SI 80) (reg:SI 2 v0)) 159 {movsi_internal2} (insn_list 252 (nil)) (expr_list:REG_DEAD (reg:SI 2 v0) (nil))) 
insn 257 | (insn 257 254 262 (set (reg/v:SI 78) (reg/v:SI 18 s2)) 159 {movsi_internal2} (insn_list:REG_DEP_ANTI 252 (insn_list 218 (nil))) (expr_list:REG_DEAD (r
insn 262 | (insn 262 257 265 (set (reg/v:SI 17 s1) (plus:SI (reg/v:SI 17 s1) (const_int 34))) 3 {addsi3_internal} (insn_list:REG_DEP_ANTI 252 (insn_list 18 (insn
insn 265 | (insn 265 262 271 (set (reg/v:SI 82) (const_int 16777216)) 159 {movsi_internal2} (insn_list:REG_DEP_ANTI 252 (nil)) (expr_list:REG_EQUAL (const_int 16
insn 271 | (insn 271 265 377 (set (reg/v:SI 79) (plus:SI (reg/v:SI 78) (const_int 12))) 3 {addsi3_internal} (insn_list:REG_DEP_ANTI 252 (insn_list 257 (nil))) (n
insn 377 | (insn 377 271 379 (set (reg:SI 172) (const_int 2)) 159 {movsi_internal2} (insn_list:REG_DEP_ANTI 252 (nil)) (expr_list:REG_EQUAL (const_int 2) (nil)))
insn 379 | (insn 379 377 418 (set (reg:SI 175) (const_int 255)) 159 {movsi_internal2} (insn_list:REG_DEP_ANTI 252 (nil)) (expr_list:REG_EQUAL (const_int 255) (ni
insn 418 | (insn 418 379 419 (set (reg:SI 178) (const_int 16711680)) 159 {movsi_internal2} (insn_list:REG_DEP_ANTI 252 (nil)) (nil)) 
insn 419 | (insn 419 418 383 (set (reg:SI 178) (ior:SI (reg:SI 178) (const_int 65535))) 96 {iorsi3} (insn_list:REG_DEP_ANTI 252 (insn_list 418 (nil))) (expr_list
insn 383 | (insn 383 419 420 (set (reg:SI 180) (const_int 50331648)) 159 {movsi_internal2} (insn_list:REG_DEP_ANTI 252 (nil)) (expr_list:REG_EQUAL (const_int 503
insn 420 | (insn 420 383 421 (set (reg:SI 184) (const_int 1954545664)) 159 {movsi_internal2} (insn_list:REG_DEP_ANTI 252 (nil)) (nil)) 
insn 421 | (insn 421 420 422 (set (reg:SI 184) (ior:SI (reg:SI 184) (const_int 32896))) 96 {iorsi3} (insn_list:REG_DEP_ANTI 252 (insn_list 420 (nil))) (expr_list
insn 422 | (insn 422 421 423 (set (reg:SI 189) (const_int 1830158336)) 159 {movsi_internal2} (insn_list:REG_DEP_ANTI 252 (nil)) (nil)) 
insn 423 | (insn 423 422 394 (set (reg:SI 189) (ior:SI (reg:SI 189) (const_int 16384))) 96 {iorsi3} (insn_list:REG_DEP_ANTI 252 (insn_list 422 (nil))) (expr_list
insn 394 | (insn 394 423 400 (set (reg:SI 195) (const_int 0)) 159 {movsi_internal2} (insn_list:REG_DEP_ANTI 252 (nil)) (expr_list:REG_EQUAL (const_int 0) (nil)))
insn 400 | (insn 400 394 273 (set (reg:SI 197) (plus:SI (reg/v:SI 78) (const_int 4))) 3 {addsi3_internal} (insn_list 257 (insn_list:REG_DEP_ANTI 252 (nil))) (nil
note 273 | LOOP_BEG
labe 274 | 
note 276 | DELETED
insn 277 | (insn 277 276 278 (set (reg:SI 169) (and:SI (reg/v:SI 80) (const_int 65535))) 92 {andsi3} (nil) (nil)) 
insn 278 | (insn 278 277 281 (set (reg/v:SI 81) (lshiftrt:SI (reg:SI 169) (const_int 12))) 201 {lshrsi3} (insn_list 277 (nil)) (expr_list:REG_DEAD (reg:SI 169) (
jump 281 | (jump_insn 281 278 283 (set (pc) (if_then_else (ne:SI (reg/v:SI 81) (const_int 0)) (label_ref 294) (pc))) 221 {branch_zero} (insn_list 278 (nil)) (nil
insn 283 | (insn 283 281 286 (set (reg:SI 170) (ashiftrt:SI (reg:SI 195) (const_int 16))) 191 {ashrsi3} (nil) (expr_list:REG_EQUAL (sign_extend:SI (subreg:HI (re
jump 286 | (jump_insn 286 283 291 (set (pc) (if_then_else (eq:SI (reg:SI 170) (reg:SI 172)) (label_ref 294) (pc))) 223 {branch_equality} (insn_list 283 (nil)) (n
jump 291 | (jump_insn 291 286 294 (set (pc) (if_then_else (ne:SI (reg:SI 170) (reg:SI 175)) (label_ref 300) (pc))) 223 {branch_equality} (nil) (expr_list:REG_DEA
labe 294 | 
note 296 | DELETED
insn 298 | (insn 298 296 300 (set (reg/v:SI 82) (const_int 0)) 159 {movsi_internal2} (nil) (expr_list:REG_EQUAL (const_int 0) (nil))) 
labe 300 | 
note 342 | DELETED
note 347 | DELETED
note 351 | LOOP_CONT
insn 303 | (insn 303 351 306 (set (reg:SI 176) (plus:SI (reg/v:SI 78) (const_int -20))) 3 {addsi3_internal} (nil) (nil)) 
insn 306 | (insn 306 303 309 (set (reg:SI 177) (and:SI (reg:SI 176) (reg:SI 178))) 92 {andsi3} (insn_list 303 (nil)) (expr_list:REG_DEAD (reg:SI 176) (nil))) 
insn 309 | (insn 309 306 311 (set (reg:SI 179) (ior:SI (reg:SI 177) (reg:SI 180))) 96 {iorsi3} (insn_list 306 (nil)) (expr_list:REG_DEAD (reg:SI 177) (nil))) 
insn 311 | (insn 311 309 313 (set (mem:SI (reg/v:SI 78)) (reg:SI 179)) 159 {movsi_internal2} (insn_list 309 (nil)) (expr_list:REG_DEAD (reg:SI 179) (nil))) 
insn 313 | (insn 313 311 314 (set (reg:SI 181) (and:SI (reg/v:SI 17 s1) (const_int 65535))) 92 {andsi3} (nil) (nil)) 
insn 314 | (insn 314 313 315 (set (reg:SI 182) (ior:SI (reg/v:SI 16 s0) (reg:SI 181))) 96 {iorsi3} (insn_list 313 (nil)) (expr_list:REG_DEAD (reg:SI 181) (nil)))
insn 315 | (insn 315 314 317 (set (reg:SI 183) (ior:SI (reg:SI 182) (reg/v:SI 82))) 96 {iorsi3} (insn_list 314 (nil)) (expr_list:REG_DEAD (reg:SI 182) (nil))) 
insn 317 | (insn 317 315 322 (set (mem/s:SI (plus:SI (reg:SI 197) (const_int 4))) (reg:SI 183)) 159 {movsi_internal2} (insn_list:REG_DEP_OUTPUT 311 (insn_list 31
insn 322 | (insn 322 317 397 (set (mem/s:SI (reg:SI 197)) (reg:SI 184)) 159 {movsi_internal2} (insn_list:REG_DEP_OUTPUT 311 (nil)) (nil)) 
insn 397 | (insn 397 322 326 (set (reg:SI 197) (plus:SI (reg:SI 197) (const_int 20))) 3 {addsi3_internal} (insn_list:REG_DEP_ANTI 317 (insn_list:REG_DEP_ANTI 322
insn 326 | (insn 326 397 328 (set (reg:SI 186) (ashift:SI (reg/v:SI 81) (const_int 3))) 181 {ashlsi3} (nil) (expr_list:REG_DEAD (reg/v:SI 81) (expr_list:REG_EQUA
insn 328 | (insn 328 326 331 (set (reg:SI 187) (plus:SI (reg:SI 186) (const_int 8))) 3 {addsi3_internal} (insn_list 326 (nil)) (expr_list:REG_DEAD (reg:SI 186) (
insn 331 | (insn 331 328 333 (set (reg:SI 188) (ior:SI (reg:SI 187) (reg:SI 189))) 96 {iorsi3} (insn_list 328 (nil)) (expr_list:REG_DEAD (reg:SI 187) (nil))) 
insn 333 | (insn 333 331 336 (set (mem:SI (reg/v:SI 79)) (reg:SI 188)) 159 {movsi_internal2} (insn_list:REG_DEP_OUTPUT 311 (insn_list:REG_DEP_OUTPUT 317 (insn_li
insn 336 | (insn 336 333 339 (set (reg/v:SI 79) (plus:SI (reg/v:SI 79) (const_int 20))) 3 {addsi3_internal} (insn_list:REG_DEP_ANTI 333 (nil)) (nil)) 
insn 339 | (insn 339 336 344 (set (reg/v:SI 78) (plus:SI (reg/v:SI 78) (const_int 20))) 3 {addsi3_internal} (insn_list:REG_DEP_ANTI 303 (insn_list:REG_DEP_ANTI 3
insn 344 | (insn 344 339 389 (set (reg/v:SI 17 s1) (plus:SI (reg/v:SI 17 s1) (const_int 8))) 3 {addsi3_internal} (insn_list:REG_DEP_ANTI 313 (nil)) (nil)) 
insn 389 | (insn 389 344 391 (set (reg:SI 196) (const_int 65536)) 159 {movsi_internal2} (nil) (expr_list:REG_EQUAL (const_int 65536) (nil))) 
insn 391 | (insn 391 389 349 (set (reg:SI 195) (plus:SI (reg:SI 195) (reg:SI 196))) 3 {addsi3_internal} (insn_list 389 (nil)) (expr_list:REG_DEAD (reg:SI 196) (n
insn 349 | (insn 349 391 354 (set (reg/v:SI 80) (ashift:SI (reg/v:SI 80) (const_int 4))) 181 {ashlsi3} (nil) (nil)) 
insn 354 | (insn 354 349 356 (set (reg:SI 191) (ashiftrt:SI (reg:SI 195) (const_int 16))) 191 {ashrsi3} (insn_list 391 (nil)) (expr_list:REG_EQUAL (sign_extend:S
insn 356 | (insn 356 354 357 (set (reg:SI 193) (lt:SI (reg:SI 191) (const_int 3))) 258 {slt_si} (insn_list 354 (nil)) (expr_list:REG_DEAD (reg:SI 191) (nil))) 
jump 357 | (jump_insn 357 356 363 (set (pc) (if_then_else (ne:SI (reg:SI 193) (const_int 0)) (label_ref 274) (pc))) 221 {branch_zero} (insn_list:REG_DEP_ANTI 397
note 363 | LOOP_END
insn 367 | (insn 367 363 368 (set (reg/i:SI 2 v0) (reg/v:SI 78)) 159 {movsi_internal2} (nil) (expr_list:REG_DEAD (reg/v:SI 78) (nil))) 
insn 368 | (insn 368 367 401 (use (reg/i:SI 2 v0)) -1 (insn_list 367 (nil)) (expr_list:REG_DEAD (reg/i:SI 2 v0) (nil))) 
note 401 | DELETED
note 372 | BLOCK_END
