note 2 | DELETED
insn 4 | (insn 4 2 6 (set (reg/v:SI 72) (reg:SI 4 a0)) 159 {movsi_internal2} (nil) (expr_list:REG_DEAD (reg:SI 4 a0) (nil))) 
note 6 | DELETED
note 8 | DELETED
note 9 | FUNCTION_BEG
note 10 | DELETED
note 12 | BLOCK_BEG
note 15 | DELETED
insn 18 | (insn 18 15 20 (set (reg/v:SI 76) (reg:SI 5 a1)) 159 {movsi_internal2} (nil) (expr_list:REG_DEAD (reg:SI 5 a1) (nil))) 
insn 20 | (insn 20 18 23 (set (reg/v:SI 77) (ashift:SI (reg:SI 6 a2) (const_int 16))) 181 {ashlsi3} (nil) (expr_list:REG_DEAD (reg:SI 6 a2) (nil))) 
insn 23 | (insn 23 20 25 (set (reg:SI 84) (plus:SI (reg/v:SI 72) (const_int -20))) 3 {addsi3_internal} (insn_list 4 (nil)) (nil)) 
insn 25 | (insn 25 23 26 (set (reg:SI 86) (const_int 16777215)) 159 {movsi_internal2} (nil) (expr_list:REG_EQUAL (const_int 16777215) (nil))) 
insn 26 | (insn 26 25 28 (set (reg:SI 85) (and:SI (reg:SI 84) (reg:SI 86))) 92 {andsi3} (insn_list 23 (insn_list 25 (nil))) (expr_list:REG_DEAD (reg:SI 84) (nil
insn 28 | (insn 28 26 29 (set (reg:SI 88) (const_int 50331648)) 159 {movsi_internal2} (nil) (expr_list:REG_EQUAL (const_int 50331648) (nil))) 
insn 29 | (insn 29 28 31 (set (reg:SI 87) (ior:SI (reg:SI 85) (reg:SI 88))) 96 {iorsi3} (insn_list 26 (insn_list 28 (nil))) (expr_list:REG_DEAD (reg:SI 85) (nil
insn 31 | (insn 31 29 34 (set (mem:SI (reg/v:SI 72)) (reg:SI 87)) 159 {movsi_internal2} (insn_list 29 (nil)) (expr_list:REG_DEAD (reg:SI 87) (nil))) 
insn 34 | (insn 34 31 36 (set (reg:SI 89) (const_int 1954578560)) 159 {movsi_internal2} (nil) (expr_list:REG_EQUAL (const_int 1954578560) (nil))) 
insn 36 | (insn 36 34 38 (set (mem/s:SI (plus:SI (reg/v:SI 72) (const_int 4))) (reg:SI 89)) 159 {movsi_internal2} (insn_list 34 (nil)) (nil)) 
insn 38 | (insn 38 36 39 (set (reg:SI 90) (and:SI (reg/v:SI 76) (const_int 65535))) 92 {andsi3} (insn_list 18 (nil)) (nil)) 
insn 39 | (insn 39 38 41 (set (reg:SI 91) (ior:SI (reg/v:SI 77) (reg:SI 90))) 96 {iorsi3} (insn_list 20 (insn_list 38 (nil))) (expr_list:REG_DEAD (reg:SI 90) (n
insn 41 | (insn 41 39 44 (set (mem/s:SI (plus:SI (reg/v:SI 72) (const_int 8))) (reg:SI 91)) 159 {movsi_internal2} (insn_list 39 (nil)) (expr_list:REG_DEAD (reg:
insn 44 | (insn 44 41 46 (set (reg:SI 92) (const_int 1830180904)) 159 {movsi_internal2} (nil) (expr_list:REG_EQUAL (const_int 1830180904) (nil))) 
insn 46 | (insn 46 44 49 (set (mem/s:SI (plus:SI (reg/v:SI 72) (const_int 12))) (reg:SI 92)) 159 {movsi_internal2} (insn_list 44 (nil)) (expr_list:REG_DEAD (reg
note 49 | DELETED
insn 55 | (insn 55 49 58 (set (reg:SI 94) (and:SI (reg/v:SI 72) (reg:SI 86))) 92 {andsi3} (nil) (nil)) 
insn 58 | (insn 58 55 60 (set (reg:SI 96) (ior:SI (reg:SI 94) (reg:SI 88))) 96 {iorsi3} (insn_list 55 (nil)) (expr_list:REG_DEAD (reg:SI 94) (nil))) 
insn 60 | (insn 60 58 65 (set (mem:SI (plus:SI (reg/v:SI 72) (const_int 20))) (reg:SI 96)) 159 {movsi_internal2} (insn_list 58 (nil)) (expr_list:REG_DEAD (reg:S
insn 65 | (insn 65 60 68 (set (mem/s:SI (plus:SI (reg/v:SI 72) (const_int 24))) (reg:SI 89)) 159 {movsi_internal2} (nil) (nil)) 
insn 68 | (insn 68 65 69 (set (reg:SI 99) (plus:SI (reg/v:SI 76) (const_int 7))) 3 {addsi3_internal} (nil) (nil)) 
insn 69 | (insn 69 68 70 (set (reg:SI 100) (and:SI (reg:SI 99) (const_int 65535))) 92 {andsi3} (insn_list 68 (nil)) (expr_list:REG_DEAD (reg:SI 99) (nil))) 
insn 70 | (insn 70 69 72 (set (reg:SI 101) (ior:SI (reg/v:SI 77) (reg:SI 100))) 96 {iorsi3} (insn_list 69 (nil)) (expr_list:REG_DEAD (reg:SI 100) (nil))) 
insn 72 | (insn 72 70 75 (set (mem/s:SI (plus:SI (reg/v:SI 72) (const_int 28))) (reg:SI 101)) 159 {movsi_internal2} (insn_list 70 (nil)) (expr_list:REG_DEAD (re
insn 75 | (insn 75 72 77 (set (reg:SI 102) (const_int 1830158408)) 159 {movsi_internal2} (nil) (expr_list:REG_EQUAL (const_int 1830158408) (nil))) 
insn 77 | (insn 77 75 80 (set (mem/s:SI (plus:SI (reg/v:SI 72) (const_int 32))) (reg:SI 102)) 159 {movsi_internal2} (insn_list 75 (nil)) (expr_list:REG_DEAD (re
note 80 | DELETED
insn 83 | (insn 83 80 86 (set (reg:SI 103) (plus:SI (reg/v:SI 72) (const_int 20))) 3 {addsi3_internal} (nil) (nil)) 
insn 86 | (insn 86 83 89 (set (reg:SI 104) (and:SI (reg:SI 103) (reg:SI 86))) 92 {andsi3} (insn_list 83 (nil)) (expr_list:REG_DEAD (reg:SI 103) (nil))) 
insn 89 | (insn 89 86 91 (set (reg:SI 106) (ior:SI (reg:SI 104) (reg:SI 88))) 96 {iorsi3} (insn_list 86 (nil)) (expr_list:REG_DEAD (reg:SI 104) (nil))) 
insn 91 | (insn 91 89 96 (set (mem:SI (plus:SI (reg/v:SI 72) (const_int 40))) (reg:SI 106)) 159 {movsi_internal2} (insn_list 89 (nil)) (expr_list:REG_DEAD (reg:
insn 96 | (insn 96 91 99 (set (mem/s:SI (plus:SI (reg/v:SI 72) (const_int 44))) (reg:SI 89)) 159 {movsi_internal2} (nil) (nil)) 
insn 99 | (insn 99 96 100 (set (reg:SI 109) (plus:SI (reg/v:SI 76) (const_int 13))) 3 {addsi3_internal} (nil) (nil)) 
insn 100 | (insn 100 99 101 (set (reg:SI 110) (and:SI (reg:SI 109) (const_int 65535))) 92 {andsi3} (insn_list 99 (nil)) (expr_list:REG_DEAD (reg:SI 109) (nil))) 
insn 101 | (insn 101 100 103 (set (reg:SI 111) (ior:SI (reg/v:SI 77) (reg:SI 110))) 96 {iorsi3} (insn_list 100 (nil)) (expr_list:REG_DEAD (reg:SI 110) (nil))) 
insn 103 | (insn 103 101 106 (set (mem/s:SI (plus:SI (reg/v:SI 72) (const_int 48))) (reg:SI 111)) 159 {movsi_internal2} (insn_list 101 (nil)) (expr_list:REG_DEAD
insn 106 | (insn 106 103 108 (set (reg:SI 112) (const_int 1830160408)) 159 {movsi_internal2} (nil) (expr_list:REG_EQUAL (const_int 1830160408) (nil))) 
insn 108 | (insn 108 106 111 (set (mem/s:SI (plus:SI (reg/v:SI 72) (const_int 52))) (reg:SI 112)) 159 {movsi_internal2} (insn_list 106 (nil)) (expr_list:REG_DEAD
note 111 | DELETED
insn 114 | (insn 114 111 117 (set (reg:SI 113) (plus:SI (reg/v:SI 72) (const_int 40))) 3 {addsi3_internal} (nil) (nil)) 
insn 117 | (insn 117 114 120 (set (reg:SI 114) (and:SI (reg:SI 113) (reg:SI 86))) 92 {andsi3} (insn_list 114 (nil)) (expr_list:REG_DEAD (reg:SI 113) (nil))) 
insn 120 | (insn 120 117 122 (set (reg:SI 116) (ior:SI (reg:SI 114) (reg:SI 88))) 96 {iorsi3} (insn_list 117 (nil)) (expr_list:REG_DEAD (reg:SI 114) (nil))) 
insn 122 | (insn 122 120 127 (set (mem:SI (plus:SI (reg/v:SI 72) (const_int 60))) (reg:SI 116)) 159 {movsi_internal2} (insn_list 120 (nil)) (expr_list:REG_DEAD (
insn 127 | (insn 127 122 130 (set (mem/s:SI (plus:SI (reg/v:SI 72) (const_int 64))) (reg:SI 89)) 159 {movsi_internal2} (nil) (nil)) 
insn 130 | (insn 130 127 131 (set (reg:SI 119) (plus:SI (reg/v:SI 76) (const_int 19))) 3 {addsi3_internal} (nil) (nil)) 
insn 131 | (insn 131 130 132 (set (reg:SI 120) (and:SI (reg:SI 119) (const_int 65535))) 92 {andsi3} (insn_list 130 (nil)) (expr_list:REG_DEAD (reg:SI 119) (nil))
insn 132 | (insn 132 131 134 (set (reg:SI 121) (ior:SI (reg/v:SI 77) (reg:SI 120))) 96 {iorsi3} (insn_list 131 (nil)) (expr_list:REG_DEAD (reg:SI 120) (nil))) 
insn 134 | (insn 134 132 137 (set (mem/s:SI (plus:SI (reg/v:SI 72) (const_int 68))) (reg:SI 121)) 159 {movsi_internal2} (insn_list 132 (nil)) (expr_list:REG_DEAD
insn 137 | (insn 137 134 139 (set (reg:SI 122) (const_int 1830158376)) 159 {movsi_internal2} (nil) (expr_list:REG_EQUAL (const_int 1830158376) (nil))) 
insn 139 | (insn 139 137 142 (set (mem/s:SI (plus:SI (reg/v:SI 72) (const_int 72))) (reg:SI 122)) 159 {movsi_internal2} (insn_list 137 (nil)) (expr_list:REG_DEAD
note 142 | DELETED
insn 145 | (insn 145 142 148 (set (reg:SI 123) (plus:SI (reg/v:SI 72) (const_int 60))) 3 {addsi3_internal} (nil) (nil)) 
insn 148 | (insn 148 145 151 (set (reg:SI 124) (and:SI (reg:SI 123) (reg:SI 86))) 92 {andsi3} (insn_list 145 (nil)) (expr_list:REG_DEAD (reg:SI 123) (nil))) 
insn 151 | (insn 151 148 153 (set (reg:SI 126) (ior:SI (reg:SI 124) (reg:SI 88))) 96 {iorsi3} (insn_list 148 (nil)) (expr_list:REG_DEAD (reg:SI 124) (nil))) 
insn 153 | (insn 153 151 158 (set (mem:SI (plus:SI (reg/v:SI 72) (const_int 80))) (reg:SI 126)) 159 {movsi_internal2} (insn_list 151 (nil)) (expr_list:REG_DEAD (
insn 158 | (insn 158 153 161 (set (mem/s:SI (plus:SI (reg/v:SI 72) (const_int 84))) (reg:SI 89)) 159 {movsi_internal2} (nil) (nil)) 
insn 161 | (insn 161 158 162 (set (reg:SI 129) (plus:SI (reg/v:SI 76) (const_int 25))) 3 {addsi3_internal} (nil) (nil)) 
insn 162 | (insn 162 161 163 (set (reg:SI 130) (and:SI (reg:SI 129) (const_int 65535))) 92 {andsi3} (insn_list 161 (nil)) (expr_list:REG_DEAD (reg:SI 129) (nil))
insn 163 | (insn 163 162 165 (set (reg:SI 131) (ior:SI (reg/v:SI 77) (reg:SI 130))) 96 {iorsi3} (insn_list 162 (nil)) (expr_list:REG_DEAD (reg:SI 130) (nil))) 
insn 165 | (insn 165 163 168 (set (mem/s:SI (plus:SI (reg/v:SI 72) (const_int 88))) (reg:SI 131)) 159 {movsi_internal2} (insn_list 163 (nil)) (expr_list:REG_DEAD
insn 168 | (insn 168 165 170 (set (reg:SI 132) (const_int 1830158368)) 159 {movsi_internal2} (nil) (expr_list:REG_EQUAL (const_int 1830158368) (nil))) 
insn 170 | (insn 170 168 173 (set (mem/s:SI (plus:SI (reg/v:SI 72) (const_int 92))) (reg:SI 132)) 159 {movsi_internal2} (insn_list 168 (nil)) (expr_list:REG_DEAD
note 173 | DELETED
insn 176 | (insn 176 173 179 (set (reg:SI 133) (plus:SI (reg/v:SI 72) (const_int 80))) 3 {addsi3_internal} (nil) (nil)) 
insn 179 | (insn 179 176 182 (set (reg:SI 134) (and:SI (reg:SI 133) (reg:SI 86))) 92 {andsi3} (insn_list 176 (nil)) (expr_list:REG_DEAD (reg:SI 133) (expr_list:R
insn 182 | (insn 182 179 184 (set (reg:SI 136) (ior:SI (reg:SI 134) (reg:SI 88))) 96 {iorsi3} (insn_list 179 (nil)) (expr_list:REG_DEAD (reg:SI 134) (expr_list:R
insn 184 | (insn 184 182 189 (set (mem:SI (plus:SI (reg/v:SI 72) (const_int 100))) (reg:SI 136)) 159 {movsi_internal2} (insn_list 182 (nil)) (expr_list:REG_DEAD 
insn 189 | (insn 189 184 192 (set (mem/s:SI (plus:SI (reg/v:SI 72) (const_int 104))) (reg:SI 89)) 159 {movsi_internal2} (nil) (expr_list:REG_DEAD (reg:SI 89) (ni
insn 192 | (insn 192 189 193 (set (reg:SI 139) (plus:SI (reg/v:SI 76) (const_int 58))) 3 {addsi3_internal} (nil) (nil)) 
insn 193 | (insn 193 192 194 (set (reg:SI 140) (and:SI (reg:SI 139) (const_int 65535))) 92 {andsi3} (insn_list 192 (nil)) (expr_list:REG_DEAD (reg:SI 139) (nil))
insn 194 | (insn 194 193 196 (set (reg:SI 141) (ior:SI (reg/v:SI 77) (reg:SI 140))) 96 {iorsi3} (insn_list 193 (nil)) (expr_list:REG_DEAD (reg:SI 140) (nil))) 
insn 196 | (insn 196 194 199 (set (mem/s:SI (plus:SI (reg/v:SI 72) (const_int 108))) (reg:SI 141)) 159 {movsi_internal2} (insn_list 194 (nil)) (expr_list:REG_DEA
insn 199 | (insn 199 196 201 (set (reg:SI 142) (const_int 1830174808)) 159 {movsi_internal2} (nil) (expr_list:REG_EQUAL (const_int 1830174808) (nil))) 
insn 201 | (insn 201 199 204 (set (mem/s:SI (plus:SI (reg/v:SI 72) (const_int 112))) (reg:SI 142)) 159 {movsi_internal2} (insn_list 199 (nil)) (expr_list:REG_DEA
insn 204 | (insn 204 201 207 (set (reg/v:SI 75) (plus:SI (reg/v:SI 72) (const_int 120))) 3 {addsi3_internal} (nil) (nil)) 
note 207 | DELETED
note 208 | DELETED
insn 209 | (insn 209 208 212 (set (reg:SI 144) (sign_extend:SI (mem:HI (symbol_ref:SI ("D_8011F81E"))))) 125 {extendhisi2_internal} (nil) (nil)) 
insn 212 | (insn 212 209 214 (set (reg:SI 147) (ashift:SI (reg:SI 144) (const_int 2))) 181 {ashlsi3} (insn_list 209 (nil)) (expr_list:REG_EQUAL (mult:SI (reg:SI 
insn 214 | (insn 214 212 215 (set (reg:SI 148) (plus:SI (reg:SI 147) (reg:SI 144))) 3 {addsi3_internal} (insn_list 212 (nil)) (expr_list:REG_DEAD (reg:SI 147) (e
insn 215 | (insn 215 214 217 (set (reg:SI 149) (ashift:SI (reg:SI 148) (const_int 4))) 181 {ashlsi3} (insn_list 214 (nil)) (expr_list:REG_DEAD (reg:SI 148) (expr
insn 217 | (insn 217 215 218 (set (reg:SI 150) (plus:SI (reg:SI 149) (reg:SI 144))) 3 {addsi3_internal} (insn_list 215 (nil)) (expr_list:REG_DEAD (reg:SI 149) (e
insn 218 | (insn 218 217 220 (set (reg:SI 151) (ashift:SI (reg:SI 150) (const_int 2))) 181 {ashlsi3} (insn_list 217 (nil)) (expr_list:REG_DEAD (reg:SI 150) (expr
insn 220 | (insn 220 218 221 (set (reg:SI 152) (minus:SI (reg:SI 151) (reg:SI 144))) 16 {subsi3_internal} (insn_list 218 (nil)) (expr_list:REG_DEAD (reg:SI 151) 
insn 221 | (insn 221 220 223 (set (reg:SI 153) (ashift:SI (reg:SI 152) (const_int 2))) 181 {ashlsi3} (insn_list 220 (nil)) (expr_list:REG_DEAD (reg:SI 152) (expr
insn 223 | (insn 223 221 224 (set (reg:SI 154) (plus:SI (reg:SI 153) (reg:SI 144))) 3 {addsi3_internal} (insn_list 221 (nil)) (expr_list:REG_DEAD (reg:SI 153) (e
insn 224 | (insn 224 223 226 (set (reg:SI 155) (ashift:SI (reg:SI 154) (const_int 2))) 181 {ashlsi3} (insn_list 223 (nil)) (expr_list:REG_DEAD (reg:SI 154) (expr
insn 226 | (insn 226 224 227 (set (reg:SI 156) (minus:SI (reg:SI 155) (reg:SI 144))) 16 {subsi3_internal} (insn_list 224 (nil)) (expr_list:REG_DEAD (reg:SI 155) 
insn 227 | (insn 227 226 228 (set (reg:SI 157) (ashift:SI (reg:SI 156) (const_int 3))) 181 {ashlsi3} (insn_list 226 (nil)) (expr_list:REG_DEAD (reg:SI 156) (expr
insn 228 | (insn 228 227 230 (set (reg:SI 158) (ashiftrt:SI (reg:SI 157) (const_int 16))) 191 {ashrsi3} (insn_list 227 (nil)) (expr_list:REG_DEAD (reg:SI 157) (n
insn 230 | (insn 230 228 232 (set (reg:SI 160) (const_int 100)) 159 {movsi_internal2} (nil) (expr_list:REG_EQUAL (const_int 100) (nil))) 
note 232 | DELETED
insn 234 | (insn 234 232 236 (set (reg:SI 4 a0) (minus:SI (reg:SI 160) (reg:SI 158))) 16 {subsi3_internal} (insn_list 230 (insn_list 228 (nil))) (expr_list:REG_D
insn 236 | (insn 236 234 238 (set (reg:SI 5 a1) (const_int 4)) 159 {movsi_internal2} (nil) (expr_list:REG_EQUAL (const_int 4) (nil))) 
call 238 | (call_insn 238 236 240 (parallel[ (set (reg:SI 2 v0) (call (mem:SI (symbol_ref:SI ("func_801783D0"))) (const_int 16))) (clobber (reg:SI 31 ra)) ] ) -1
insn 240 | (insn 240 238 243 (set (reg/v:SI 80) (reg:SI 2 v0)) 159 {movsi_internal2} (insn_list 238 (nil)) (expr_list:REG_DEAD (reg:SI 2 v0) (nil))) 
insn 243 | (insn 243 240 246 (set (reg/v:SI 78) (reg/v:SI 75)) 159 {movsi_internal2} (insn_list 204 (nil)) (expr_list:REG_DEAD (reg/v:SI 75) (nil))) 
insn 246 | (insn 246 243 249 (set (reg/v:SI 76) (plus:SI (reg/v:SI 76) (const_int 34))) 3 {addsi3_internal} (nil) (nil)) 
insn 249 | (insn 249 246 252 (set (reg/v:SI 82) (const_int 16777216)) 159 {movsi_internal2} (nil) (expr_list:REG_EQUAL (const_int 16777216) (nil))) 
note 252 | DELETED
insn 255 | (insn 255 252 359 (set (reg/v:SI 79) (plus:SI (reg/v:SI 72) (const_int 132))) 3 {addsi3_internal} (nil) (nil)) 
insn 359 | (insn 359 255 361 (set (reg:SI 164) (const_int 2)) 159 {movsi_internal2} (nil) (expr_list:REG_EQUAL (const_int 2) (nil))) 
insn 361 | (insn 361 359 363 (set (reg:SI 167) (const_int 255)) 159 {movsi_internal2} (nil) (expr_list:REG_EQUAL (const_int 255) (nil))) 
insn 363 | (insn 363 361 365 (set (reg:SI 170) (const_int 16777215)) 159 {movsi_internal2} (nil) (expr_list:REG_EQUAL (const_int 16777215) (nil))) 
insn 365 | (insn 365 363 367 (set (reg:SI 172) (const_int 50331648)) 159 {movsi_internal2} (nil) (expr_list:REG_EQUAL (const_int 50331648) (nil))) 
insn 367 | (insn 367 365 369 (set (reg:SI 176) (const_int 1954578560)) 159 {movsi_internal2} (nil) (expr_list:REG_EQUAL (const_int 1954578560) (nil))) 
insn 369 | (insn 369 367 376 (set (reg:SI 181) (const_int 1830174720)) 159 {movsi_internal2} (nil) (expr_list:REG_EQUAL (const_int 1830174720) (nil))) 
insn 376 | (insn 376 369 382 (set (reg:SI 186) (const_int 0)) 159 {movsi_internal2} (nil) (expr_list:REG_EQUAL (const_int 0) (nil))) 
insn 382 | (insn 382 376 257 (set (reg:SI 188) (plus:SI (reg/v:SI 72) (const_int 124))) 3 {addsi3_internal} (nil) (expr_list:REG_DEAD (reg/v:SI 72) (nil))) 
note 257 | LOOP_BEG
labe 258 | 
note 260 | DELETED
insn 261 | (insn 261 260 262 (set (reg:SI 161) (and:SI (reg/v:SI 80) (const_int 65535))) 92 {andsi3} (nil) (nil)) 
insn 262 | (insn 262 261 265 (set (reg/v:SI 81) (lshiftrt:SI (reg:SI 161) (const_int 12))) 201 {lshrsi3} (insn_list 261 (nil)) (expr_list:REG_DEAD (reg:SI 161) (
jump 265 | (jump_insn 265 262 267 (set (pc) (if_then_else (ne:SI (reg/v:SI 81) (const_int 0)) (label_ref 278) (pc))) 221 {branch_zero} (insn_list 262 (nil)) (nil
insn 267 | (insn 267 265 270 (set (reg:SI 162) (ashiftrt:SI (reg:SI 186) (const_int 16))) 191 {ashrsi3} (nil) (expr_list:REG_EQUAL (sign_extend:SI (subreg:HI (re
jump 270 | (jump_insn 270 267 275 (set (pc) (if_then_else (eq:SI (reg:SI 162) (reg:SI 164)) (label_ref 278) (pc))) 223 {branch_equality} (insn_list 267 (nil)) (n
jump 275 | (jump_insn 275 270 278 (set (pc) (if_then_else (ne:SI (reg:SI 162) (reg:SI 167)) (label_ref 284) (pc))) 223 {branch_equality} (nil) (expr_list:REG_DEA
labe 278 | 
note 280 | DELETED
insn 282 | (insn 282 280 284 (set (reg/v:SI 82) (const_int 0)) 159 {movsi_internal2} (nil) (expr_list:REG_EQUAL (const_int 0) (nil))) 
labe 284 | 
insn 287 | (insn 287 284 290 (set (reg:SI 168) (plus:SI (reg/v:SI 78) (const_int -20))) 3 {addsi3_internal} (nil) (nil)) 
insn 290 | (insn 290 287 293 (set (reg:SI 169) (and:SI (reg:SI 168) (reg:SI 170))) 92 {andsi3} (insn_list 287 (nil)) (expr_list:REG_DEAD (reg:SI 168) (nil))) 
insn 293 | (insn 293 290 295 (set (reg:SI 171) (ior:SI (reg:SI 169) (reg:SI 172))) 96 {iorsi3} (insn_list 290 (nil)) (expr_list:REG_DEAD (reg:SI 169) (nil))) 
insn 295 | (insn 295 293 297 (set (mem:SI (reg/v:SI 78)) (reg:SI 171)) 159 {movsi_internal2} (insn_list 293 (nil)) (expr_list:REG_DEAD (reg:SI 171) (nil))) 
insn 297 | (insn 297 295 298 (set (reg:SI 173) (and:SI (reg/v:SI 76) (const_int 65535))) 92 {andsi3} (nil) (nil)) 
insn 298 | (insn 298 297 299 (set (reg:SI 174) (ior:SI (reg/v:SI 77) (reg:SI 173))) 96 {iorsi3} (insn_list 297 (nil)) (expr_list:REG_DEAD (reg:SI 173) (nil))) 
insn 299 | (insn 299 298 301 (set (reg:SI 175) (ior:SI (reg:SI 174) (reg/v:SI 82))) 96 {iorsi3} (insn_list 298 (nil)) (expr_list:REG_DEAD (reg:SI 174) (nil))) 
insn 301 | (insn 301 299 306 (set (mem/s:SI (plus:SI (reg:SI 188) (const_int 4))) (reg:SI 175)) 159 {movsi_internal2} (insn_list 299 (nil)) (expr_list:REG_DEAD (
insn 306 | (insn 306 301 310 (set (mem/s:SI (reg:SI 188)) (reg:SI 176)) 159 {movsi_internal2} (nil) (nil)) 
insn 310 | (insn 310 306 312 (set (reg:SI 178) (ashift:SI (reg/v:SI 81) (const_int 3))) 181 {ashlsi3} (nil) (expr_list:REG_DEAD (reg/v:SI 81) (expr_list:REG_EQUA
insn 312 | (insn 312 310 315 (set (reg:SI 179) (plus:SI (reg:SI 178) (const_int 8))) 3 {addsi3_internal} (insn_list 310 (nil)) (expr_list:REG_DEAD (reg:SI 178) (
insn 315 | (insn 315 312 317 (set (reg:SI 180) (ior:SI (reg:SI 179) (reg:SI 181))) 96 {iorsi3} (insn_list 312 (nil)) (expr_list:REG_DEAD (reg:SI 179) (nil))) 
insn 317 | (insn 317 315 379 (set (mem:SI (reg/v:SI 79)) (reg:SI 180)) 159 {movsi_internal2} (insn_list 315 (nil)) (expr_list:REG_DEAD (reg:SI 180) (nil))) 
insn 379 | (insn 379 317 320 (set (reg:SI 188) (plus:SI (reg:SI 188) (const_int 20))) 3 {addsi3_internal} (nil) (nil)) 
insn 320 | (insn 320 379 323 (set (reg/v:SI 79) (plus:SI (reg/v:SI 79) (const_int 20))) 3 {addsi3_internal} (nil) (nil)) 
insn 323 | (insn 323 320 326 (set (reg/v:SI 78) (plus:SI (reg/v:SI 78) (const_int 20))) 3 {addsi3_internal} (nil) (nil)) 
insn 326 | (insn 326 323 371 (set (reg/v:SI 76) (plus:SI (reg/v:SI 76) (const_int 8))) 3 {addsi3_internal} (nil) (nil)) 
insn 371 | (insn 371 326 373 (set (reg:SI 187) (const_int 65536)) 159 {movsi_internal2} (nil) (expr_list:REG_EQUAL (const_int 65536) (nil))) 
insn 373 | (insn 373 371 329 (set (reg:SI 186) (plus:SI (reg:SI 186) (reg:SI 187))) 3 {addsi3_internal} (insn_list 371 (nil)) (expr_list:REG_DEAD (reg:SI 187) (n
note 329 | DELETED
insn 331 | (insn 331 329 333 (set (reg/v:SI 80) (ashift:SI (reg/v:SI 80) (const_int 4))) 181 {ashlsi3} (nil) (nil)) 
note 333 | LOOP_CONT
insn 336 | (insn 336 333 338 (set (reg:SI 182) (ashiftrt:SI (reg:SI 186) (const_int 16))) 191 {ashrsi3} (insn_list 373 (nil)) (expr_list:REG_EQUAL (sign_extend:S
insn 338 | (insn 338 336 339 (set (reg:SI 184) (lt:SI (reg:SI 182) (const_int 3))) 258 {slt_si} (insn_list 336 (nil)) (expr_list:REG_DEAD (reg:SI 182) (nil))) 
jump 339 | (jump_insn 339 338 345 (set (pc) (if_then_else (ne:SI (reg:SI 184) (const_int 0)) (label_ref 258) (pc))) 221 {branch_zero} (insn_list 338 (nil)) (expr
note 345 | LOOP_END
insn 349 | (insn 349 345 350 (set (reg/i:SI 2 v0) (reg/v:SI 78)) 159 {movsi_internal2} (nil) (expr_list:REG_DEAD (reg/v:SI 78) (nil))) 
insn 350 | (insn 350 349 354 (use (reg/i:SI 2 v0)) -1 (insn_list 349 (nil)) (expr_list:REG_DEAD (reg/i:SI 2 v0) (nil))) 
note 354 | BLOCK_END
