note 2 | DELETED
insn 4 | (insn 4 2 6 (set (reg/v:SI 72) (reg:SI 4 a0)) 159 {movsi_internal2} (nil) (expr_list:REG_DEAD (reg:SI 4 a0) (nil))) 
note 6 | DELETED
note 8 | DELETED
note 9 | FUNCTION_BEG
note 10 | DELETED
note 12 | BLOCK_BEG
note 15 | DELETED
note 49 | DELETED
note 80 | DELETED
note 111 | DELETED
note 142 | DELETED
note 173 | DELETED
note 207 | DELETED
note 208 | DELETED
note 232 | DELETED
note 252 | DELETED
insn 18 | (insn 18 252 384 (set (reg/v:SI 76) (reg:SI 5 a1)) 159 {movsi_internal2} (nil) (expr_list:REG_DEAD (reg:SI 5 a1) (nil))) 
insn 384 | (insn 384 18 385 (set (reg:SI 86) (const_int 16711680)) 159 {movsi_internal2} (nil) (nil)) 
insn 385 | (insn 385 384 386 (set (reg:SI 86) (ior:SI (reg:SI 86) (const_int 65535))) 96 {iorsi3} (insn_list 384 (nil)) (expr_list:REG_EQUAL (const_int 16777215)
insn 386 | (insn 386 385 387 (set (reg:SI 89) (const_int 1954545664)) 159 {movsi_internal2} (nil) (nil)) 
insn 387 | (insn 387 386 388 (set (reg:SI 89) (ior:SI (reg:SI 89) (const_int 32896))) 96 {iorsi3} (insn_list 386 (nil)) (expr_list:REG_EQUAL (const_int 195457856
insn 388 | (insn 388 387 389 (set (reg:SI 92) (const_int 1830158336)) 159 {movsi_internal2} (nil) (nil)) 
insn 389 | (insn 389 388 390 (set (reg:SI 92) (ior:SI (reg:SI 92) (const_int 22568))) 96 {iorsi3} (insn_list 388 (nil)) (expr_list:REG_EQUAL (const_int 183018090
insn 390 | (insn 390 389 391 (set (reg:SI 102) (const_int 1830158336)) 159 {movsi_internal2} (nil) (nil)) 
insn 391 | (insn 391 390 392 (set (reg:SI 102) (ior:SI (reg:SI 102) (const_int 72))) 96 {iorsi3} (insn_list 390 (nil)) (expr_list:REG_EQUAL (const_int 1830158408
insn 392 | (insn 392 391 393 (set (reg:SI 112) (const_int 1830158336)) 159 {movsi_internal2} (nil) (nil)) 
insn 393 | (insn 393 392 394 (set (reg:SI 112) (ior:SI (reg:SI 112) (const_int 2072))) 96 {iorsi3} (insn_list 392 (nil)) (expr_list:REG_EQUAL (const_int 18301604
insn 394 | (insn 394 393 395 (set (reg:SI 122) (const_int 1830158336)) 159 {movsi_internal2} (nil) (nil)) 
insn 395 | (insn 395 394 396 (set (reg:SI 122) (ior:SI (reg:SI 122) (const_int 40))) 96 {iorsi3} (insn_list 394 (nil)) (expr_list:REG_EQUAL (const_int 1830158376
insn 396 | (insn 396 395 397 (set (reg:SI 132) (const_int 1830158336)) 159 {movsi_internal2} (nil) (nil)) 
insn 397 | (insn 397 396 398 (set (reg:SI 132) (ior:SI (reg:SI 132) (const_int 32))) 96 {iorsi3} (insn_list 396 (nil)) (expr_list:REG_EQUAL (const_int 1830158368
insn 398 | (insn 398 397 399 (set (reg:SI 142) (const_int 1830158336)) 159 {movsi_internal2} (nil) (nil)) 
insn 399 | (insn 399 398 38 (set (reg:SI 142) (ior:SI (reg:SI 142) (const_int 16472))) 96 {iorsi3} (insn_list 398 (nil)) (expr_list:REG_EQUAL (const_int 18301748
insn 38 | (insn 38 399 68 (set (reg:SI 90) (and:SI (reg/v:SI 76) (const_int 65535))) 92 {andsi3} (insn_list 18 (nil)) (nil)) 
insn 68 | (insn 68 38 99 (set (reg:SI 99) (plus:SI (reg/v:SI 76) (const_int 7))) 3 {addsi3_internal} (insn_list 18 (nil)) (nil)) 
insn 99 | (insn 99 68 130 (set (reg:SI 109) (plus:SI (reg/v:SI 76) (const_int 13))) 3 {addsi3_internal} (insn_list 18 (nil)) (nil)) 
insn 130 | (insn 130 99 161 (set (reg:SI 119) (plus:SI (reg/v:SI 76) (const_int 19))) 3 {addsi3_internal} (insn_list 18 (nil)) (nil)) 
insn 161 | (insn 161 130 192 (set (reg:SI 129) (plus:SI (reg/v:SI 76) (const_int 25))) 3 {addsi3_internal} (insn_list 18 (nil)) (nil)) 
insn 192 | (insn 192 161 246 (set (reg:SI 139) (plus:SI (reg/v:SI 76) (const_int 58))) 3 {addsi3_internal} (insn_list 18 (nil)) (nil)) 
insn 246 | (insn 246 192 23 (set (reg/v:SI 76) (plus:SI (reg/v:SI 76) (const_int 34))) 3 {addsi3_internal} (insn_list 18 (insn_list:REG_DEP_ANTI 38 (insn_list:RE
insn 23 | (insn 23 246 26 (set (reg:SI 84) (plus:SI (reg/v:SI 72) (const_int -20))) 3 {addsi3_internal} (insn_list 4 (nil)) (nil)) 
insn 26 | (insn 26 23 28 (set (reg:SI 85) (and:SI (reg:SI 84) (reg:SI 86))) 92 {andsi3} (insn_list 385 (insn_list 23 (nil))) (expr_list:REG_DEAD (reg:SI 84) (ni
insn 28 | (insn 28 26 29 (set (reg:SI 88) (const_int 50331648)) 159 {movsi_internal2} (nil) (expr_list:REG_EQUAL (const_int 50331648) (nil))) 
insn 29 | (insn 29 28 31 (set (reg:SI 87) (ior:SI (reg:SI 85) (reg:SI 88))) 96 {iorsi3} (insn_list 26 (insn_list 28 (nil))) (expr_list:REG_DEAD (reg:SI 85) (nil
insn 31 | (insn 31 29 36 (set (mem:SI (reg/v:SI 72)) (reg:SI 87)) 159 {movsi_internal2} (insn_list 29 (nil)) (expr_list:REG_DEAD (reg:SI 87) (nil))) 
insn 36 | (insn 36 31 20 (set (mem/s:SI (plus:SI (reg/v:SI 72) (const_int 4))) (reg:SI 89)) 159 {movsi_internal2} (insn_list 387 (nil)) (nil)) 
insn 20 | (insn 20 36 39 (set (reg/v:SI 77) (ashift:SI (reg:SI 6 a2) (const_int 16))) 181 {ashlsi3} (nil) (expr_list:REG_DEAD (reg:SI 6 a2) (nil))) 
insn 39 | (insn 39 20 41 (set (reg:SI 91) (ior:SI (reg/v:SI 77) (reg:SI 90))) 96 {iorsi3} (insn_list 20 (insn_list 38 (nil))) (expr_list:REG_DEAD (reg:SI 90) (n
insn 41 | (insn 41 39 46 (set (mem/s:SI (plus:SI (reg/v:SI 72) (const_int 8))) (reg:SI 91)) 159 {movsi_internal2} (insn_list 39 (nil)) (expr_list:REG_DEAD (reg:
insn 46 | (insn 46 41 55 (set (mem/s:SI (plus:SI (reg/v:SI 72) (const_int 12))) (reg:SI 92)) 159 {movsi_internal2} (insn_list 389 (nil)) (expr_list:REG_DEAD (re
insn 55 | (insn 55 46 58 (set (reg:SI 94) (and:SI (reg/v:SI 72) (reg:SI 86))) 92 {andsi3} (insn_list 385 (nil)) (nil)) 
insn 58 | (insn 58 55 60 (set (reg:SI 96) (ior:SI (reg:SI 94) (reg:SI 88))) 96 {iorsi3} (insn_list 28 (insn_list 55 (nil))) (expr_list:REG_DEAD (reg:SI 94) (nil
insn 60 | (insn 60 58 65 (set (mem:SI (plus:SI (reg/v:SI 72) (const_int 20))) (reg:SI 96)) 159 {movsi_internal2} (insn_list 58 (nil)) (expr_list:REG_DEAD (reg:S
insn 65 | (insn 65 60 69 (set (mem/s:SI (plus:SI (reg/v:SI 72) (const_int 24))) (reg:SI 89)) 159 {movsi_internal2} (insn_list 387 (nil)) (nil)) 
insn 69 | (insn 69 65 70 (set (reg:SI 100) (and:SI (reg:SI 99) (const_int 65535))) 92 {andsi3} (insn_list 68 (nil)) (expr_list:REG_DEAD (reg:SI 99) (nil))) 
insn 70 | (insn 70 69 72 (set (reg:SI 101) (ior:SI (reg/v:SI 77) (reg:SI 100))) 96 {iorsi3} (insn_list 20 (insn_list 69 (nil))) (expr_list:REG_DEAD (reg:SI 100)
insn 72 | (insn 72 70 77 (set (mem/s:SI (plus:SI (reg/v:SI 72) (const_int 28))) (reg:SI 101)) 159 {movsi_internal2} (insn_list 70 (nil)) (expr_list:REG_DEAD (re
insn 77 | (insn 77 72 83 (set (mem/s:SI (plus:SI (reg/v:SI 72) (const_int 32))) (reg:SI 102)) 159 {movsi_internal2} (insn_list 391 (nil)) (expr_list:REG_DEAD (r
insn 83 | (insn 83 77 86 (set (reg:SI 103) (plus:SI (reg/v:SI 72) (const_int 20))) 3 {addsi3_internal} (nil) (nil)) 
insn 86 | (insn 86 83 89 (set (reg:SI 104) (and:SI (reg:SI 103) (reg:SI 86))) 92 {andsi3} (insn_list 385 (insn_list 83 (nil))) (expr_list:REG_DEAD (reg:SI 103) 
insn 89 | (insn 89 86 91 (set (reg:SI 106) (ior:SI (reg:SI 104) (reg:SI 88))) 96 {iorsi3} (insn_list 28 (insn_list 86 (nil))) (expr_list:REG_DEAD (reg:SI 104) (
insn 91 | (insn 91 89 96 (set (mem:SI (plus:SI (reg/v:SI 72) (const_int 40))) (reg:SI 106)) 159 {movsi_internal2} (insn_list 89 (nil)) (expr_list:REG_DEAD (reg:
insn 96 | (insn 96 91 100 (set (mem/s:SI (plus:SI (reg/v:SI 72) (const_int 44))) (reg:SI 89)) 159 {movsi_internal2} (insn_list 387 (nil)) (nil)) 
insn 100 | (insn 100 96 101 (set (reg:SI 110) (and:SI (reg:SI 109) (const_int 65535))) 92 {andsi3} (insn_list 99 (nil)) (expr_list:REG_DEAD (reg:SI 109) (nil))) 
insn 101 | (insn 101 100 103 (set (reg:SI 111) (ior:SI (reg/v:SI 77) (reg:SI 110))) 96 {iorsi3} (insn_list 20 (insn_list 100 (nil))) (expr_list:REG_DEAD (reg:SI 
insn 103 | (insn 103 101 108 (set (mem/s:SI (plus:SI (reg/v:SI 72) (const_int 48))) (reg:SI 111)) 159 {movsi_internal2} (insn_list 101 (nil)) (expr_list:REG_DEAD
insn 108 | (insn 108 103 114 (set (mem/s:SI (plus:SI (reg/v:SI 72) (const_int 52))) (reg:SI 112)) 159 {movsi_internal2} (insn_list 393 (nil)) (expr_list:REG_DEAD
insn 114 | (insn 114 108 117 (set (reg:SI 113) (plus:SI (reg/v:SI 72) (const_int 40))) 3 {addsi3_internal} (nil) (nil)) 
insn 117 | (insn 117 114 120 (set (reg:SI 114) (and:SI (reg:SI 113) (reg:SI 86))) 92 {andsi3} (insn_list 385 (insn_list 114 (nil))) (expr_list:REG_DEAD (reg:SI 1
insn 120 | (insn 120 117 122 (set (reg:SI 116) (ior:SI (reg:SI 114) (reg:SI 88))) 96 {iorsi3} (insn_list 28 (insn_list 117 (nil))) (expr_list:REG_DEAD (reg:SI 11
insn 122 | (insn 122 120 127 (set (mem:SI (plus:SI (reg/v:SI 72) (const_int 60))) (reg:SI 116)) 159 {movsi_internal2} (insn_list 120 (nil)) (expr_list:REG_DEAD (
insn 127 | (insn 127 122 131 (set (mem/s:SI (plus:SI (reg/v:SI 72) (const_int 64))) (reg:SI 89)) 159 {movsi_internal2} (insn_list 387 (nil)) (nil)) 
insn 131 | (insn 131 127 132 (set (reg:SI 120) (and:SI (reg:SI 119) (const_int 65535))) 92 {andsi3} (insn_list 130 (nil)) (expr_list:REG_DEAD (reg:SI 119) (nil))
insn 132 | (insn 132 131 134 (set (reg:SI 121) (ior:SI (reg/v:SI 77) (reg:SI 120))) 96 {iorsi3} (insn_list 20 (insn_list 131 (nil))) (expr_list:REG_DEAD (reg:SI 
insn 134 | (insn 134 132 139 (set (mem/s:SI (plus:SI (reg/v:SI 72) (const_int 68))) (reg:SI 121)) 159 {movsi_internal2} (insn_list 132 (nil)) (expr_list:REG_DEAD
insn 139 | (insn 139 134 145 (set (mem/s:SI (plus:SI (reg/v:SI 72) (const_int 72))) (reg:SI 122)) 159 {movsi_internal2} (insn_list 395 (nil)) (expr_list:REG_DEAD
insn 145 | (insn 145 139 148 (set (reg:SI 123) (plus:SI (reg/v:SI 72) (const_int 60))) 3 {addsi3_internal} (nil) (nil)) 
insn 148 | (insn 148 145 151 (set (reg:SI 124) (and:SI (reg:SI 123) (reg:SI 86))) 92 {andsi3} (insn_list 385 (insn_list 145 (nil))) (expr_list:REG_DEAD (reg:SI 1
insn 151 | (insn 151 148 153 (set (reg:SI 126) (ior:SI (reg:SI 124) (reg:SI 88))) 96 {iorsi3} (insn_list 28 (insn_list 148 (nil))) (expr_list:REG_DEAD (reg:SI 12
insn 153 | (insn 153 151 158 (set (mem:SI (plus:SI (reg/v:SI 72) (const_int 80))) (reg:SI 126)) 159 {movsi_internal2} (insn_list 151 (nil)) (expr_list:REG_DEAD (
insn 158 | (insn 158 153 162 (set (mem/s:SI (plus:SI (reg/v:SI 72) (const_int 84))) (reg:SI 89)) 159 {movsi_internal2} (insn_list 387 (nil)) (nil)) 
insn 162 | (insn 162 158 163 (set (reg:SI 130) (and:SI (reg:SI 129) (const_int 65535))) 92 {andsi3} (insn_list 161 (nil)) (expr_list:REG_DEAD (reg:SI 129) (nil))
insn 163 | (insn 163 162 165 (set (reg:SI 131) (ior:SI (reg/v:SI 77) (reg:SI 130))) 96 {iorsi3} (insn_list 20 (insn_list 162 (nil))) (expr_list:REG_DEAD (reg:SI 
insn 165 | (insn 165 163 170 (set (mem/s:SI (plus:SI (reg/v:SI 72) (const_int 88))) (reg:SI 131)) 159 {movsi_internal2} (insn_list 163 (nil)) (expr_list:REG_DEAD
insn 170 | (insn 170 165 176 (set (mem/s:SI (plus:SI (reg/v:SI 72) (const_int 92))) (reg:SI 132)) 159 {movsi_internal2} (insn_list 397 (nil)) (expr_list:REG_DEAD
insn 176 | (insn 176 170 179 (set (reg:SI 133) (plus:SI (reg/v:SI 72) (const_int 80))) 3 {addsi3_internal} (nil) (nil)) 
insn 179 | (insn 179 176 182 (set (reg:SI 134) (and:SI (reg:SI 133) (reg:SI 86))) 92 {andsi3} (insn_list 385 (insn_list 176 (nil))) (expr_list:REG_DEAD (reg:SI 1
insn 182 | (insn 182 179 184 (set (reg:SI 136) (ior:SI (reg:SI 134) (reg:SI 88))) 96 {iorsi3} (insn_list 28 (insn_list 179 (nil))) (expr_list:REG_DEAD (reg:SI 13
insn 184 | (insn 184 182 189 (set (mem:SI (plus:SI (reg/v:SI 72) (const_int 100))) (reg:SI 136)) 159 {movsi_internal2} (insn_list 182 (nil)) (expr_list:REG_DEAD 
insn 189 | (insn 189 184 193 (set (mem/s:SI (plus:SI (reg/v:SI 72) (const_int 104))) (reg:SI 89)) 159 {movsi_internal2} (insn_list 387 (nil)) (expr_list:REG_DEAD
insn 193 | (insn 193 189 209 (set (reg:SI 140) (and:SI (reg:SI 139) (const_int 65535))) 92 {andsi3} (insn_list 192 (nil)) (expr_list:REG_DEAD (reg:SI 139) (nil))
insn 209 | (insn 209 193 194 (set (reg:SI 144) (sign_extend:SI (mem:HI (symbol_ref:SI ("D_8011F81E"))))) 125 {extendhisi2_internal} (insn_list 31 (insn_list 60 (
insn 194 | (insn 194 209 196 (set (reg:SI 141) (ior:SI (reg/v:SI 77) (reg:SI 140))) 96 {iorsi3} (insn_list 20 (insn_list 193 (nil))) (expr_list:REG_DEAD (reg:SI 
insn 196 | (insn 196 194 201 (set (mem/s:SI (plus:SI (reg/v:SI 72) (const_int 108))) (reg:SI 141)) 159 {movsi_internal2} (insn_list 194 (nil)) (expr_list:REG_DEA
insn 201 | (insn 201 196 212 (set (mem/s:SI (plus:SI (reg/v:SI 72) (const_int 112))) (reg:SI 142)) 159 {movsi_internal2} (insn_list 399 (nil)) (expr_list:REG_DEA
insn 212 | (insn 212 201 214 (set (reg:SI 147) (ashift:SI (reg:SI 144) (const_int 2))) 181 {ashlsi3} (insn_list 209 (nil)) (expr_list:REG_EQUAL (mult:SI (reg:SI 
insn 214 | (insn 214 212 215 (set (reg:SI 148) (plus:SI (reg:SI 147) (reg:SI 144))) 3 {addsi3_internal} (insn_list 209 (insn_list 212 (nil))) (expr_list:REG_DEAD
insn 215 | (insn 215 214 217 (set (reg:SI 149) (ashift:SI (reg:SI 148) (const_int 4))) 181 {ashlsi3} (insn_list 214 (nil)) (expr_list:REG_DEAD (reg:SI 148) (expr
insn 217 | (insn 217 215 218 (set (reg:SI 150) (plus:SI (reg:SI 149) (reg:SI 144))) 3 {addsi3_internal} (insn_list 209 (insn_list 215 (nil))) (expr_list:REG_DEAD
insn 218 | (insn 218 217 220 (set (reg:SI 151) (ashift:SI (reg:SI 150) (const_int 2))) 181 {ashlsi3} (insn_list 217 (nil)) (expr_list:REG_DEAD (reg:SI 150) (expr
insn 220 | (insn 220 218 221 (set (reg:SI 152) (minus:SI (reg:SI 151) (reg:SI 144))) 16 {subsi3_internal} (insn_list 209 (insn_list 218 (nil))) (expr_list:REG_DE
insn 221 | (insn 221 220 223 (set (reg:SI 153) (ashift:SI (reg:SI 152) (const_int 2))) 181 {ashlsi3} (insn_list 220 (nil)) (expr_list:REG_DEAD (reg:SI 152) (expr
insn 223 | (insn 223 221 224 (set (reg:SI 154) (plus:SI (reg:SI 153) (reg:SI 144))) 3 {addsi3_internal} (insn_list 209 (insn_list 221 (nil))) (expr_list:REG_DEAD
insn 224 | (insn 224 223 226 (set (reg:SI 155) (ashift:SI (reg:SI 154) (const_int 2))) 181 {ashlsi3} (insn_list 223 (nil)) (expr_list:REG_DEAD (reg:SI 154) (expr
insn 226 | (insn 226 224 227 (set (reg:SI 156) (minus:SI (reg:SI 155) (reg:SI 144))) 16 {subsi3_internal} (insn_list 209 (insn_list 224 (nil))) (expr_list:REG_DE
insn 227 | (insn 227 226 228 (set (reg:SI 157) (ashift:SI (reg:SI 156) (const_int 3))) 181 {ashlsi3} (insn_list 226 (nil)) (expr_list:REG_DEAD (reg:SI 156) (expr
insn 228 | (insn 228 227 230 (set (reg:SI 158) (ashiftrt:SI (reg:SI 157) (const_int 16))) 191 {ashrsi3} (insn_list 227 (nil)) (expr_list:REG_DEAD (reg:SI 157) (n
insn 230 | (insn 230 228 234 (set (reg:SI 160) (const_int 100)) 159 {movsi_internal2} (nil) (expr_list:REG_EQUAL (const_int 100) (nil))) 
insn 234 | (insn 234 230 236 (set (reg:SI 4 a0) (minus:SI (reg:SI 160) (reg:SI 158))) 16 {subsi3_internal} (insn_list 230 (insn_list 228 (nil))) (expr_list:REG_D
insn 236 | (insn 236 234 238 (set (reg:SI 5 a1) (const_int 4)) 159 {movsi_internal2} (insn_list:REG_DEP_ANTI 18 (nil)) (expr_list:REG_EQUAL (const_int 4) (nil)))
call 238 | (call_insn 238 236 240 (parallel[ (set (reg:SI 2 v0) (call (mem:SI (symbol_ref:SI ("func_801783D0"))) (const_int 16))) (clobber (reg:SI 31 ra)) ] ) 31
insn 240 | (insn 240 238 204 (set (reg/v:SI 80) (reg:SI 2 v0)) 159 {movsi_internal2} (insn_list 238 (nil)) (expr_list:REG_DEAD (reg:SI 2 v0) (nil))) 
insn 204 | (insn 204 240 243 (set (reg/v:SI 75) (plus:SI (reg/v:SI 72) (const_int 120))) 3 {addsi3_internal} (nil) (nil)) 
insn 243 | (insn 243 204 249 (set (reg/v:SI 78) (reg/v:SI 75)) 159 {movsi_internal2} (insn_list:REG_DEP_ANTI 238 (insn_list 204 (nil))) (expr_list:REG_DEAD (reg/
insn 249 | (insn 249 243 255 (set (reg/v:SI 82) (const_int 16777216)) 159 {movsi_internal2} (insn_list:REG_DEP_ANTI 238 (nil)) (expr_list:REG_EQUAL (const_int 16
insn 255 | (insn 255 249 359 (set (reg/v:SI 79) (plus:SI (reg/v:SI 72) (const_int 132))) 3 {addsi3_internal} (insn_list:REG_DEP_ANTI 238 (nil)) (nil)) 
insn 359 | (insn 359 255 361 (set (reg:SI 164) (const_int 2)) 159 {movsi_internal2} (insn_list:REG_DEP_ANTI 238 (nil)) (expr_list:REG_EQUAL (const_int 2) (nil)))
insn 361 | (insn 361 359 400 (set (reg:SI 167) (const_int 255)) 159 {movsi_internal2} (insn_list:REG_DEP_ANTI 238 (nil)) (expr_list:REG_EQUAL (const_int 255) (ni
insn 400 | (insn 400 361 401 (set (reg:SI 170) (const_int 16711680)) 159 {movsi_internal2} (insn_list:REG_DEP_ANTI 238 (nil)) (nil)) 
insn 401 | (insn 401 400 365 (set (reg:SI 170) (ior:SI (reg:SI 170) (const_int 65535))) 96 {iorsi3} (insn_list:REG_DEP_ANTI 238 (insn_list 400 (nil))) (expr_list
insn 365 | (insn 365 401 402 (set (reg:SI 172) (const_int 50331648)) 159 {movsi_internal2} (insn_list:REG_DEP_ANTI 238 (nil)) (expr_list:REG_EQUAL (const_int 503
insn 402 | (insn 402 365 403 (set (reg:SI 176) (const_int 1954545664)) 159 {movsi_internal2} (insn_list:REG_DEP_ANTI 238 (nil)) (nil)) 
insn 403 | (insn 403 402 404 (set (reg:SI 176) (ior:SI (reg:SI 176) (const_int 32896))) 96 {iorsi3} (insn_list:REG_DEP_ANTI 238 (insn_list 402 (nil))) (expr_list
insn 404 | (insn 404 403 405 (set (reg:SI 181) (const_int 1830158336)) 159 {movsi_internal2} (insn_list:REG_DEP_ANTI 238 (nil)) (nil)) 
insn 405 | (insn 405 404 376 (set (reg:SI 181) (ior:SI (reg:SI 181) (const_int 16384))) 96 {iorsi3} (insn_list:REG_DEP_ANTI 238 (insn_list 404 (nil))) (expr_list
insn 376 | (insn 376 405 382 (set (reg:SI 186) (const_int 0)) 159 {movsi_internal2} (insn_list:REG_DEP_ANTI 238 (nil)) (expr_list:REG_EQUAL (const_int 0) (nil)))
insn 382 | (insn 382 376 257 (set (reg:SI 188) (plus:SI (reg/v:SI 72) (const_int 124))) 3 {addsi3_internal} (insn_list:REG_DEP_ANTI 238 (nil)) (expr_list:REG_DEA
note 257 | LOOP_BEG
labe 258 | 
note 260 | DELETED
insn 261 | (insn 261 260 262 (set (reg:SI 161) (and:SI (reg/v:SI 80) (const_int 65535))) 92 {andsi3} (nil) (nil)) 
insn 262 | (insn 262 261 265 (set (reg/v:SI 81) (lshiftrt:SI (reg:SI 161) (const_int 12))) 201 {lshrsi3} (insn_list 261 (nil)) (expr_list:REG_DEAD (reg:SI 161) (
jump 265 | (jump_insn 265 262 267 (set (pc) (if_then_else (ne:SI (reg/v:SI 81) (const_int 0)) (label_ref 278) (pc))) 221 {branch_zero} (insn_list 262 (nil)) (nil
insn 267 | (insn 267 265 270 (set (reg:SI 162) (ashiftrt:SI (reg:SI 186) (const_int 16))) 191 {ashrsi3} (nil) (expr_list:REG_EQUAL (sign_extend:SI (subreg:HI (re
jump 270 | (jump_insn 270 267 275 (set (pc) (if_then_else (eq:SI (reg:SI 162) (reg:SI 164)) (label_ref 278) (pc))) 223 {branch_equality} (insn_list 267 (nil)) (n
jump 275 | (jump_insn 275 270 278 (set (pc) (if_then_else (ne:SI (reg:SI 162) (reg:SI 167)) (label_ref 284) (pc))) 223 {branch_equality} (nil) (expr_list:REG_DEA
labe 278 | 
note 280 | DELETED
insn 282 | (insn 282 280 284 (set (reg/v:SI 82) (const_int 0)) 159 {movsi_internal2} (nil) (expr_list:REG_EQUAL (const_int 0) (nil))) 
labe 284 | 
note 329 | DELETED
note 333 | LOOP_CONT
insn 287 | (insn 287 333 290 (set (reg:SI 168) (plus:SI (reg/v:SI 78) (const_int -20))) 3 {addsi3_internal} (nil) (nil)) 
insn 290 | (insn 290 287 293 (set (reg:SI 169) (and:SI (reg:SI 168) (reg:SI 170))) 92 {andsi3} (insn_list 287 (nil)) (expr_list:REG_DEAD (reg:SI 168) (nil))) 
insn 293 | (insn 293 290 295 (set (reg:SI 171) (ior:SI (reg:SI 169) (reg:SI 172))) 96 {iorsi3} (insn_list 290 (nil)) (expr_list:REG_DEAD (reg:SI 169) (nil))) 
insn 295 | (insn 295 293 297 (set (mem:SI (reg/v:SI 78)) (reg:SI 171)) 159 {movsi_internal2} (insn_list 293 (nil)) (expr_list:REG_DEAD (reg:SI 171) (nil))) 
insn 297 | (insn 297 295 298 (set (reg:SI 173) (and:SI (reg/v:SI 76) (const_int 65535))) 92 {andsi3} (nil) (nil)) 
insn 298 | (insn 298 297 299 (set (reg:SI 174) (ior:SI (reg/v:SI 77) (reg:SI 173))) 96 {iorsi3} (insn_list 297 (nil)) (expr_list:REG_DEAD (reg:SI 173) (nil))) 
insn 299 | (insn 299 298 301 (set (reg:SI 175) (ior:SI (reg:SI 174) (reg/v:SI 82))) 96 {iorsi3} (insn_list 298 (nil)) (expr_list:REG_DEAD (reg:SI 174) (nil))) 
insn 301 | (insn 301 299 306 (set (mem/s:SI (plus:SI (reg:SI 188) (const_int 4))) (reg:SI 175)) 159 {movsi_internal2} (insn_list:REG_DEP_OUTPUT 295 (insn_list 29
insn 306 | (insn 306 301 379 (set (mem/s:SI (reg:SI 188)) (reg:SI 176)) 159 {movsi_internal2} (insn_list:REG_DEP_OUTPUT 295 (nil)) (nil)) 
insn 379 | (insn 379 306 310 (set (reg:SI 188) (plus:SI (reg:SI 188) (const_int 20))) 3 {addsi3_internal} (insn_list:REG_DEP_ANTI 301 (insn_list:REG_DEP_ANTI 306
insn 310 | (insn 310 379 312 (set (reg:SI 178) (ashift:SI (reg/v:SI 81) (const_int 3))) 181 {ashlsi3} (nil) (expr_list:REG_DEAD (reg/v:SI 81) (expr_list:REG_EQUA
insn 312 | (insn 312 310 315 (set (reg:SI 179) (plus:SI (reg:SI 178) (const_int 8))) 3 {addsi3_internal} (insn_list 310 (nil)) (expr_list:REG_DEAD (reg:SI 178) (
insn 315 | (insn 315 312 317 (set (reg:SI 180) (ior:SI (reg:SI 179) (reg:SI 181))) 96 {iorsi3} (insn_list 312 (nil)) (expr_list:REG_DEAD (reg:SI 179) (nil))) 
insn 317 | (insn 317 315 320 (set (mem:SI (reg/v:SI 79)) (reg:SI 180)) 159 {movsi_internal2} (insn_list:REG_DEP_OUTPUT 295 (insn_list:REG_DEP_OUTPUT 301 (insn_li
insn 320 | (insn 320 317 323 (set (reg/v:SI 79) (plus:SI (reg/v:SI 79) (const_int 20))) 3 {addsi3_internal} (insn_list:REG_DEP_ANTI 317 (nil)) (nil)) 
insn 323 | (insn 323 320 326 (set (reg/v:SI 78) (plus:SI (reg/v:SI 78) (const_int 20))) 3 {addsi3_internal} (insn_list:REG_DEP_ANTI 287 (insn_list:REG_DEP_ANTI 2
insn 326 | (insn 326 323 371 (set (reg/v:SI 76) (plus:SI (reg/v:SI 76) (const_int 8))) 3 {addsi3_internal} (insn_list:REG_DEP_ANTI 297 (nil)) (nil)) 
insn 371 | (insn 371 326 373 (set (reg:SI 187) (const_int 65536)) 159 {movsi_internal2} (nil) (expr_list:REG_EQUAL (const_int 65536) (nil))) 
insn 373 | (insn 373 371 331 (set (reg:SI 186) (plus:SI (reg:SI 186) (reg:SI 187))) 3 {addsi3_internal} (insn_list 371 (nil)) (expr_list:REG_DEAD (reg:SI 187) (n
insn 331 | (insn 331 373 336 (set (reg/v:SI 80) (ashift:SI (reg/v:SI 80) (const_int 4))) 181 {ashlsi3} (nil) (nil)) 
insn 336 | (insn 336 331 338 (set (reg:SI 182) (ashiftrt:SI (reg:SI 186) (const_int 16))) 191 {ashrsi3} (insn_list 373 (nil)) (expr_list:REG_EQUAL (sign_extend:S
insn 338 | (insn 338 336 339 (set (reg:SI 184) (lt:SI (reg:SI 182) (const_int 3))) 258 {slt_si} (insn_list 336 (nil)) (expr_list:REG_DEAD (reg:SI 182) (nil))) 
jump 339 | (jump_insn 339 338 345 (set (pc) (if_then_else (ne:SI (reg:SI 184) (const_int 0)) (label_ref 258) (pc))) 221 {branch_zero} (insn_list:REG_DEP_ANTI 379
note 345 | LOOP_END
insn 349 | (insn 349 345 350 (set (reg/i:SI 2 v0) (reg/v:SI 78)) 159 {movsi_internal2} (nil) (expr_list:REG_DEAD (reg/v:SI 78) (nil))) 
insn 350 | (insn 350 349 383 (use (reg/i:SI 2 v0)) -1 (insn_list 349 (nil)) (expr_list:REG_DEAD (reg/i:SI 2 v0) (nil))) 
note 383 | DELETED
note 354 | BLOCK_END
