main BYTE-IDENTICAL obj A/B: 85/85
md_MAIN_001 BYTE-IDENTICAL obj A/B: 1/1
md_MAIN_003 BYTE-IDENTICAL obj A/B: 5/5
md_MAIN_007 BYTE-IDENTICAL obj A/B: 1/1
md_MAIN_008 BYTE-IDENTICAL obj A/B: 1/1
md_MAIN_009 BYTE-IDENTICAL obj A/B: 1/1
md_MAIN_011 BYTE-IDENTICAL obj A/B: 1/1
md_MAIN_013 BYTE-IDENTICAL obj A/B: 1/1
md_MAIN_014 BYTE-IDENTICAL obj A/B: 1/1
md_MAIN_015 BYTE-IDENTICAL obj A/B: 1/1
md_MAIN_016 BYTE-IDENTICAL obj A/B: 1/1
md_MAIN_017 BYTE-IDENTICAL obj A/B: 1/1
md_MAIN_018 BYTE-IDENTICAL obj A/B: 1/1
md_MAIN_019 BYTE-IDENTICAL obj A/B: 1/1
md_MAIN_020 BYTE-IDENTICAL obj A/B: 1/1
md_MAIN_021 BYTE-IDENTICAL obj A/B: 1/1
md_MAIN_022 BYTE-IDENTICAL obj A/B: 1/1
md_MAIN_023 BYTE-IDENTICAL obj A/B: 1/1
md_MAIN_024 BYTE-IDENTICAL obj A/B: 1/1
md_MAIN_025 BYTE-IDENTICAL obj A/B: 1/1
md_MAIN_026 BYTE-IDENTICAL obj A/B: 1/1
md_MAIN_027 BYTE-IDENTICAL obj A/B: 1/1
md_MAIN_028 BYTE-IDENTICAL obj A/B: 1/1
md_MAIN_029 BYTE-IDENTICAL obj A/B: 1/1
md_MAIN_030 BYTE-IDENTICAL obj A/B: 1/1
md_MAIN_031 BYTE-IDENTICAL obj A/B: 1/1
md_MAIN_032 BYTE-IDENTICAL obj A/B: 1/1
md_MAIN_033 BYTE-IDENTICAL obj A/B: 1/1
md_MAIN_034 BYTE-IDENTICAL obj A/B: 1/1
md_MAIN_035 BYTE-IDENTICAL obj A/B: 1/1
md_MAIN_036 BYTE-IDENTICAL obj A/B: 1/1
md_MAIN_037 BYTE-IDENTICAL obj A/B: 1/1
md_MAIN_038 BYTE-IDENTICAL obj A/B: 1/1
md_MAIN_039 BYTE-IDENTICAL obj A/B: 1/1
md_MAIN_040 BYTE-IDENTICAL obj A/B: 1/1
md_MAIN_041 BYTE-IDENTICAL obj A/B: 1/1
md_MAIN_042 BYTE-IDENTICAL obj A/B: 1/1
md_MAIN_043 BYTE-IDENTICAL obj A/B: 1/1
md_MAIN_044 BYTE-IDENTICAL obj A/B: 1/1
md_MAIN_045 BYTE-IDENTICAL obj A/B: 1/1
md_MAIN_046 BYTE-IDENTICAL obj A/B: 1/1
md_MAIN_047 BYTE-IDENTICAL obj A/B: 1/1
md_SC02_009 BYTE-IDENTICAL obj A/B: 1/1
md_SC03_053 BYTE-IDENTICAL obj A/B: 1/1
md_SC03_054 BYTE-IDENTICAL obj A/B: 1/1
md_SC03_056 BYTE-IDENTICAL obj A/B: 1/1
md_SC03_073 BYTE-IDENTICAL obj A/B: 1/1
md_SC03_074 BYTE-IDENTICAL obj A/B: 1/1
md_SC03_075 BYTE-IDENTICAL obj A/B: 1/1
md_SC03_076 BYTE-IDENTICAL obj A/B: 2/2
md_SC03_077 BYTE-IDENTICAL obj A/B: 2/2
md_SC03_078 BYTE-IDENTICAL obj A/B: 1/1
md_SC03_079 BYTE-IDENTICAL obj A/B: 1/1
md_SC03_132 BYTE-IDENTICAL obj A/B: 1/1
md_SC03_133 BYTE-IDENTICAL obj A/B: 1/1
md_SC03_134 BYTE-IDENTICAL obj A/B: 1/1
md_SC03_135 BYTE-IDENTICAL obj A/B: 2/2
md_SC03_136 BYTE-IDENTICAL obj A/B: 2/2
md_SC03_137 BYTE-IDENTICAL obj A/B: 1/1
md_SC03_138 BYTE-IDENTICAL obj A/B: 1/1
md_SC04_024 BYTE-IDENTICAL obj A/B: 1/1
md_SC04_025 BYTE-IDENTICAL obj A/B: 1/1
md_SC04_026 BYTE-IDENTICAL obj A/B: 1/1
md_SC04_027 BYTE-IDENTICAL obj A/B: 2/2
md_SC04_028 BYTE-IDENTICAL obj A/B: 2/2
md_SC04_029 BYTE-IDENTICAL obj A/B: 1/1
md_SC04_030 BYTE-IDENTICAL obj A/B: 1/1
md_SC05_023 BYTE-IDENTICAL obj A/B: 1/1
md_SC05_024 BYTE-IDENTICAL obj A/B: 1/1
md_SC05_025 BYTE-IDENTICAL obj A/B: 1/1
md_SC05_026 BYTE-IDENTICAL obj A/B: 2/2
md_SC05_027 BYTE-IDENTICAL obj A/B: 2/2
md_SC05_028 BYTE-IDENTICAL obj A/B: 1/1
md_SC05_029 BYTE-IDENTICAL obj A/B: 1/1
md_SC07_003 BYTE-IDENTICAL obj A/B: 1/1
md_SC07_004 BYTE-IDENTICAL obj A/B: 1/1
ov_MAIN_012 BYTE-IDENTICAL obj A/B: 23/23
ov_SC01_000 BYTE-IDENTICAL obj A/B: 28/28
ov_SC01_001 BYTE-IDENTICAL obj A/B: 29/29
ov_SC01_004 BYTE-IDENTICAL obj A/B: 30/30
ov_SC01_005 BYTE-IDENTICAL obj A/B: 30/30
ov_SC01_008 BYTE-IDENTICAL obj A/B: 30/30
ov_SC01_009 BYTE-IDENTICAL obj A/B: 31/31
ov_SC01_074 BYTE-IDENTICAL obj A/B: 28/28
ov_SC01_077 BYTE-IDENTICAL obj A/B: 35/35
ov_SC01_080 BYTE-IDENTICAL obj A/B: 27/27
ov_SC01_084 BYTE-IDENTICAL obj A/B: 30/30
ov_SC02_000 BYTE-IDENTICAL obj A/B: 37/37
ov_SC02_004 BYTE-IDENTICAL obj A/B: 27/27
ov_SC02_005 BYTE-IDENTICAL obj A/B: 33/33
ov_SC02_011 BYTE-IDENTICAL obj A/B: 29/29
ov_SC02_015 BYTE-IDENTICAL obj A/B: 27/27
ov_SC02_016 BYTE-IDENTICAL obj A/B: 29/29
ov_SC02_017 BYTE-IDENTICAL obj A/B: 29/29
ov_SC02_021 BYTE-IDENTICAL obj A/B: 30/30
ov_SC02_026 BYTE-IDENTICAL obj A/B: 29/29
ov_SC02_027 BYTE-IDENTICAL obj A/B: 29/29
ov_SC02_028 BYTE-IDENTICAL obj A/B: 30/30
ov_SC02_031 BYTE-IDENTICAL obj A/B: 27/27
ov_SC02_035 BYTE-IDENTICAL obj A/B: 29/29
ov_SC02_037 BYTE-IDENTICAL obj A/B: 21/21
ov_SC02_039 BYTE-IDENTICAL obj A/B: 28/28
ov_SC02_041 BYTE-IDENTICAL obj A/B: 28/28
ov_SC03_001 BYTE-IDENTICAL obj A/B: 35/35
ov_SC03_002 BYTE-IDENTICAL obj A/B: 32/32
ov_SC03_003 BYTE-IDENTICAL obj A/B: 28/28
ov_SC03_006 BYTE-IDENTICAL obj A/B: 27/27
ov_SC03_007 BYTE-IDENTICAL obj A/B: 29/29
ov_SC03_010 BYTE-IDENTICAL obj A/B: 29/29
ov_SC03_011 BYTE-IDENTICAL obj A/B: 29/29
ov_SC03_012 BYTE-IDENTICAL obj A/B: 27/27
ov_SC03_013 BYTE-IDENTICAL obj A/B: 30/30
ov_SC03_014 BYTE-IDENTICAL obj A/B: 32/32
ov_SC03_023 BYTE-IDENTICAL obj A/B: 27/27
ov_SC03_024 BYTE-IDENTICAL obj A/B: 30/30
ov_SC03_028 BYTE-IDENTICAL obj A/B: 34/34
ov_SC03_029 BYTE-IDENTICAL obj A/B: 30/30
ov_SC03_030 BYTE-IDENTICAL obj A/B: 27/27
ov_SC03_031 BYTE-IDENTICAL obj A/B: 28/28
ov_SC03_089 BYTE-IDENTICAL obj A/B: 30/30
ov_SC03_090 BYTE-IDENTICAL obj A/B: 30/30
ov_SC03_091 BYTE-IDENTICAL obj A/B: 32/32
ov_SC03_092 BYTE-IDENTICAL obj A/B: 29/29
ov_SC03_093 BYTE-IDENTICAL obj A/B: 30/30
ov_SC03_094 BYTE-IDENTICAL obj A/B: 30/30
ov_SC03_095 BYTE-IDENTICAL obj A/B: 29/29
ov_SC03_096 BYTE-IDENTICAL obj A/B: 29/29
ov_SC03_097 BYTE-IDENTICAL obj A/B: 30/30
ov_SC03_098 BYTE-IDENTICAL obj A/B: 29/29
ov_SC03_099 BYTE-IDENTICAL obj A/B: 29/29
ov_SC03_100 BYTE-IDENTICAL obj A/B: 29/29
ov_SC03_101 BYTE-IDENTICAL obj A/B: 29/29
ov_SC03_102 BYTE-IDENTICAL obj A/B: 29/29
ov_SC03_103 BYTE-IDENTICAL obj A/B: 29/29
ov_SC03_104 BYTE-IDENTICAL obj A/B: 31/31
ov_SC03_105 BYTE-IDENTICAL obj A/B: 34/34
ov_SC03_107 BYTE-IDENTICAL obj A/B: 20/20
ov_SC03_108 BYTE-IDENTICAL obj A/B: 29/29
ov_SC03_109 BYTE-IDENTICAL obj A/B: 28/28
ov_SC03_110 BYTE-IDENTICAL obj A/B: 29/29
ov_SC03_111 BYTE-IDENTICAL obj A/B: 28/28
ov_SC03_112 BYTE-IDENTICAL obj A/B: 32/32
ov_SC03_113 BYTE-IDENTICAL obj A/B: 28/28
ov_SC03_114 BYTE-IDENTICAL obj A/B: 28/28
ov_SC03_115 BYTE-IDENTICAL obj A/B: 28/28
ov_SC03_116 BYTE-IDENTICAL obj A/B: 27/27
ov_SC03_117 BYTE-IDENTICAL obj A/B: 30/30
ov_SC03_118 BYTE-IDENTICAL obj A/B: 31/31
ov_SC03_121 BYTE-IDENTICAL obj A/B: 30/30
ov_SC03_124 BYTE-IDENTICAL obj A/B: 32/32
ov_SC03_125 BYTE-IDENTICAL obj A/B: 29/29
ov_SC03_126 BYTE-IDENTICAL obj A/B: 28/28
ov_SC04_000 BYTE-IDENTICAL obj A/B: 29/29
ov_SC04_002 BYTE-IDENTICAL obj A/B: 28/28
ov_SC04_003 BYTE-IDENTICAL obj A/B: 28/28
ov_SC04_004 BYTE-IDENTICAL obj A/B: 27/27
ov_SC04_005 BYTE-IDENTICAL obj A/B: 28/28
ov_SC04_006 BYTE-IDENTICAL obj A/B: 28/28
ov_SC04_007 BYTE-IDENTICAL obj A/B: 28/28
ov_SC04_008 BYTE-IDENTICAL obj A/B: 26/26
ov_SC04_009 BYTE-IDENTICAL obj A/B: 28/28
ov_SC04_010 BYTE-IDENTICAL obj A/B: 28/28
ov_SC04_011 BYTE-IDENTICAL obj A/B: 28/28
ov_SC04_012 BYTE-IDENTICAL obj A/B: 27/27
ov_SC04_015 BYTE-IDENTICAL obj A/B: 28/28
ov_SC04_016 BYTE-IDENTICAL obj A/B: 29/29
ov_SC04_018 BYTE-IDENTICAL obj A/B: 33/33
ov_SC04_020 BYTE-IDENTICAL obj A/B: 29/29
ov_SC04_021 BYTE-IDENTICAL obj A/B: 28/28
ov_SC05_000 BYTE-IDENTICAL obj A/B: 28/28
ov_SC05_001 BYTE-IDENTICAL obj A/B: 29/29
ov_SC05_002 BYTE-IDENTICAL obj A/B: 28/28
ov_SC05_003 BYTE-IDENTICAL obj A/B: 28/28
ov_SC05_004 BYTE-IDENTICAL obj A/B: 29/29
ov_SC05_005 BYTE-IDENTICAL obj A/B: 28/28
ov_SC05_006 BYTE-IDENTICAL obj A/B: 28/28
ov_SC05_007 BYTE-IDENTICAL obj A/B: 28/28
ov_SC05_008 BYTE-IDENTICAL obj A/B: 27/27
ov_SC05_009 BYTE-IDENTICAL obj A/B: 27/27
ov_SC05_010 BYTE-IDENTICAL obj A/B: 31/31
ov_SC05_011 BYTE-IDENTICAL obj A/B: 28/28
ov_SC05_017 BYTE-IDENTICAL obj A/B: 35/35
ov_SC05_018 BYTE-IDENTICAL obj A/B: 29/29
ov_SC05_019 BYTE-IDENTICAL obj A/B: 28/28
ov_SC06_000 BYTE-IDENTICAL obj A/B: 27/27
ov_SC06_006 BYTE-IDENTICAL obj A/B: 29/29
ov_SC06_008 BYTE-IDENTICAL obj A/B: 28/28
ov_SC06_010 BYTE-IDENTICAL obj A/B: 26/26
ov_SC06_011 BYTE-IDENTICAL obj A/B: 29/29
ov_SC06_013 BYTE-IDENTICAL obj A/B: 28/28
ov_SC06_014 BYTE-IDENTICAL obj A/B: 28/28
ov_SC06_015 BYTE-IDENTICAL obj A/B: 28/28
ov_SC06_016 BYTE-IDENTICAL obj A/B: 30/30
ov_SC06_018 BYTE-IDENTICAL obj A/B: 33/33
ov_SC06_020 BYTE-IDENTICAL obj A/B: 30/30
ov_SC06_022 BYTE-IDENTICAL obj A/B: 32/32
ov_SC06_024 BYTE-IDENTICAL obj A/B: 33/33
ov_SC06_025 BYTE-IDENTICAL obj A/B: 29/29
ov_SC06_027 BYTE-IDENTICAL obj A/B: 28/28
ov_SC06_029 BYTE-IDENTICAL obj A/B: 30/30
ov_SC06_030 BYTE-IDENTICAL obj A/B: 29/29
ov_SC06_032 BYTE-IDENTICAL obj A/B: 33/33
ov_SC06_033 BYTE-IDENTICAL obj A/B: 34/34
ov_SC07_000 BYTE-IDENTICAL obj A/B: 30/30
ov_SC07_001 BYTE-IDENTICAL obj A/B: 28/28
ov_SC07_002 BYTE-IDENTICAL obj A/B: 28/28
ov_SC07_006 BYTE-IDENTICAL obj A/B: 28/28
ov_SC07_007 BYTE-IDENTICAL obj A/B: 27/27
ov_SC07_008 BYTE-IDENTICAL obj A/B: 28/28
ov_SC07_009 BYTE-IDENTICAL obj A/B: 27/27
ov_SC07_010 BYTE-IDENTICAL obj A/B: 26/26
ov_SC07_011 BYTE-IDENTICAL obj A/B: 27/27
resident BYTE-IDENTICAL obj A/B: 3/3
batch done: 213 binaries; apply ledger: {"sites":246347,"tus":3818,"headers_written":2215,"dead":1300}
batch-all wall=223.67 s
exit=0
