  CC      build/src/ov_SC02_037/ov_SC02_037_jr_8013F350.o
  CC      build/src/ov_SC02_037/ov_SC02_037_jr_8016AB6C.o
  CC      build/src/ov_SC02_037/ov_SC02_037_jr_80131340.o
  CC      build/src/ov_SC02_037/ov_SC02_037_jr_8015A3C8.o
  CC      build/src/ov_SC02_037/ov_SC02_037_o0c.o
  CC      build/src/ov_SC02_037/ov_SC02_037_jr_8013C98C.o
  CC      build/src/ov_SC02_037/ov_SC02_037.o
  CC      build/src/ov_SC02_037/ov_SC02_037_jr_801380E0.o
  CC      build/src/ov_SC02_037/ov_SC02_037_jr_801458E0.o
  CC      build/src/ov_SC02_037/ov_SC02_037_jr_8016AE5C.o
  CC      build/src/ov_SC02_037/ov_SC02_037_jr_80135EB0.o
  CC      build/src/ov_SC02_037/ov_SC02_037_jr_80135A4C.o
  CC      build/src/ov_SC02_037/ov_SC02_037_jr_801549F8.o
  CC      build/src/ov_SC02_037/ov_SC02_037_jr_8015444C.o
  CC      build/src/ov_SC02_037/ov_SC02_037_jr_8017AE2C.o
  CC      build/src/ov_SC02_037/ov_SC02_037_jr_801555F4.o
src/ov_SC02_037/ov_SC02_037_jr_8013C98C.c: In function `func_8013C9C4':
src/ov_SC02_037/ov_SC02_037_jr_8013C98C.c:780: warning: assignment makes integer from pointer without a cast
src/ov_SC02_037/ov_SC02_037_o0c.c:850: warning: type mismatch with previous external decl
src/ov_SC02_037/ov_SC02_037_o0c.c:842: warning: previous external decl of `func_8013B83C'
src/ov_SC02_037/ov_SC02_037_o0c.c:850: warning: type mismatch with previous implicit declaration
src/ov_SC02_037/ov_SC02_037_o0c.c:842: warning: previous implicit declaration of `func_8013B83C'
src/ov_SC02_037/ov_SC02_037_o0c.c:850: warning: `func_8013B83C' was previously implicitly declared to return `int'
src/ov_SC02_037/ov_SC02_037_o0c.c:985: warning: type mismatch with previous external decl
src/ov_SC02_037/ov_SC02_037_o0c.c:892: warning: previous external decl of `func_8013BD74'
src/ov_SC02_037/ov_SC02_037_o0c.c:985: warning: type mismatch with previous implicit declaration
src/ov_SC02_037/ov_SC02_037_o0c.c:975: warning: previous implicit declaration of `func_8013BD74'
src/ov_SC02_037/ov_SC02_037_o0c.c:985: warning: `func_8013BD74' was previously implicitly declared to return `int'
src/ov_SC02_037/../shared/ov/func_8015ADB0.h: In function `func_8015ADB0':
In file included from src/ov_SC02_037/ov_SC02_037_jr_8015A3C8.c:2498:
src/ov_SC02_037/../shared/ov/func_8015ADB0.h:12: warning: passing arg 1 of `func_80161124' makes pointer from integer without a cast
src/ov_SC02_037/ov_SC02_037_jr_8015444C.c:1974:1: warning: "/*" within comment [-Wcomment]
 1974 | /* ==== end §8b carried decl layer ==== */
      |  
src/ov_SC02_037/../shared/ov/func_80145B24.h: In function `func_80145B24':
In file included from src/ov_SC02_037/ov_SC02_037_jr_801458E0.c:1212:
src/ov_SC02_037/../shared/ov/func_80145B24.h:18: warning: assignment from incompatible pointer type
src/ov_SC02_037/ov_SC02_037_jr_801458E0.c: At top level:
src/ov_SC02_037/ov_SC02_037_jr_801458E0.c:1332: warning: type mismatch with previous external decl
src/ov_SC02_037/ov_SC02_037_jr_801458E0.c:1237: warning: previous external decl of `func_80145EE8'
src/ov_SC02_037/../shared/ov/func_80131A34.h: In function `func_80131A34':
In file included from src/ov_SC02_037/ov_SC02_037_jr_80131340.c:872:
src/ov_SC02_037/../shared/ov/func_80131A34.h:6: warning: type mismatch with previous external decl
src/ov_SC02_037/ov_SC02_037_jr_80131340.c:625: warning: previous external decl of `func_80131CF4'
src/ov_SC02_037/../shared/ov/func_80131AC8.h: At top level:
In file included from src/ov_SC02_037/ov_SC02_037_jr_80131340.c:875:
src/ov_SC02_037/../shared/ov/func_80131AC8.h:3: warning: type mismatch with previous external decl
src/ov_SC02_037/ov_SC02_037_jr_80131340.c:625: warning: previous external decl of `func_80131CF4'
src/ov_SC02_037/ov_SC02_037_jr_801458E0.c:1430: warning: type mismatch with previous external decl
src/ov_SC02_037/ov_SC02_037_jr_801458E0.c:1228: warning: previous external decl of `func_80147098'
src/ov_SC02_037/ov_SC02_037_jr_801458E0.c: In function `func_80146128':
src/ov_SC02_037/ov_SC02_037_jr_801458E0.c:1463: warning: type mismatch with previous external decl
src/ov_SC02_037/ov_SC02_037_jr_801458E0.c:1247: warning: previous external decl of `D_80126B78'
src/ov_SC02_037/../shared/ov/func_8012A418.h: In function `func_8012A418':
In file included from src/ov_SC02_037/ov_SC02_037.c:800:
src/ov_SC02_037/../shared/ov/func_8012A418.h:10: warning: assignment from incompatible pointer type
src/ov_SC02_037/../shared/ov/func_801387B8.h: In function `func_801387B8':
In file included from src/ov_SC02_037/ov_SC02_037_jr_801380E0.c:1035:
src/ov_SC02_037/../shared/ov/func_801387B8.h:5: warning: type mismatch with previous external decl
src/ov_SC02_037/ov_SC02_037_jr_801380E0.c:735: warning: previous external decl of `func_80139220'
src/ov_SC02_037/../shared/ov/func_801387B8.h:29: warning: passing arg 1 of `func_80138DE0' makes pointer from integer without a cast
src/ov_SC02_037/../shared/ov/func_801463A0.h: In function `func_801463A0':
In file included from src/ov_SC02_037/ov_SC02_037_jr_801458E0.c:1552:
src/ov_SC02_037/../shared/ov/func_801463A0.h:15: warning: type mismatch with previous external decl
src/ov_SC02_037/ov_SC02_037_jr_801458E0.c:1247: warning: previous external decl of `D_80126B78'
src/ov_SC02_037/../shared/ov/func_8015BF48.h: In function `func_8015BF48':
In file included from src/ov_SC02_037/ov_SC02_037_jr_8015A3C8.c:3128:
src/ov_SC02_037/../shared/ov/func_8015BF48.h:7: warning: passing arg 1 of `func_8015C0C4' makes integer from pointer without a cast
src/ov_SC02_037/../shared/ov/func_8013E4B4.h: In function `func_8013E4B4':
In file included from src/ov_SC02_037/ov_SC02_037_jr_8013C98C.c:1781:
src/ov_SC02_037/../shared/ov/func_8013E4B4.h:14: warning: passing arg 1 of `func_8012C750' makes integer from pointer without a cast
src/ov_SC02_037/ov_SC02_037_jr_8015A3C8.c: In function `func_8015C128':
src/ov_SC02_037/ov_SC02_037_jr_8015A3C8.c:3218: warning: passing arg 1 makes pointer from integer without a cast
src/ov_SC02_037/ov_SC02_037_jr_8015A3C8.c:3235: warning: passing arg 1 makes pointer from integer without a cast
src/ov_SC02_037/../shared/ov/func_80138AB4.h: At top level:
In file included from src/ov_SC02_037/ov_SC02_037_jr_801380E0.c:1044:
src/ov_SC02_037/../shared/ov/func_80138AB4.h:7: warning: type mismatch with previous external decl
src/ov_SC02_037/ov_SC02_037_jr_801380E0.c:730: warning: previous external decl of `func_80138AB4'
src/ov_SC02_037/../shared/ov/func_80138AB4.h: In function `func_80138AB4':
src/ov_SC02_037/../shared/ov/func_80138AB4.h:18: warning: passing arg 1 of `func_80138DE0' makes pointer from integer without a cast
src/ov_SC02_037/../shared/ov/func_801468C8.h: At top level:
In file included from src/ov_SC02_037/ov_SC02_037_jr_801458E0.c:1588:
src/ov_SC02_037/../shared/ov/func_801468C8.h:5: warning: type mismatch with previous external decl
src/ov_SC02_037/ov_SC02_037_jr_801458E0.c:1236: warning: previous external decl of `func_801468C8'
src/ov_SC02_037/../shared/ov/func_8013EA54.h: At top level:
In file included from src/ov_SC02_037/ov_SC02_037_jr_8013C98C.c:1996:
src/ov_SC02_037/../shared/ov/func_8013EA54.h:7: warning: prototype for `func_8013E958' follows
src/ov_SC02_037/ov_SC02_037_jr_8013C98C.c:1954: warning: non-prototype definition here
src/ov_SC02_037/../shared/ov/func_8013EA54.h:15: warning: type mismatch with previous external decl
src/ov_SC02_037/ov_SC02_037_jr_8013C98C.c:1897: warning: previous external decl of `D_80115130'
src/ov_SC02_037/../shared/ov/func_80138D58.h: At top level:
In file included from src/ov_SC02_037/ov_SC02_037_jr_801380E0.c:1120:
src/ov_SC02_037/../shared/ov/func_80138D58.h:4: warning: type mismatch with previous external decl
src/ov_SC02_037/ov_SC02_037_jr_801380E0.c:732: warning: previous external decl of `func_80138D58'
src/ov_SC02_037/ov_SC02_037_jr_8013C98C.c: In function `func_8013EB7C':
src/ov_SC02_037/ov_SC02_037_jr_8013C98C.c:2024: warning: type mismatch with previous external decl
src/ov_SC02_037/ov_SC02_037_jr_8013C98C.c:1895: warning: previous external decl of `D_80115128'
src/ov_SC02_037/../shared/ov/func_8015C6AC.h: In function `func_8015C6AC':
In file included from src/ov_SC02_037/ov_SC02_037_jr_8015A3C8.c:3366:
src/ov_SC02_037/../shared/ov/func_8015C6AC.h:7: warning: passing arg 1 of `func_8015C788' makes integer from pointer without a cast
src/ov_SC02_037/../shared/ov/func_801325B8.h: In function `func_801325B8':
In file included from src/ov_SC02_037/ov_SC02_037_jr_80131340.c:1236:
src/ov_SC02_037/../shared/ov/func_801325B8.h:34: warning: passing arg 1 of `memcpy' makes pointer from integer without a cast
src/ov_SC02_037/../shared/ov/func_801325B8.h:34: warning: passing arg 2 of `memcpy' makes pointer from integer without a cast
src/ov_SC02_037/../shared/ov/func_801325B8.h:57: warning: passing arg 1 of `memcpy' makes pointer from integer without a cast
src/ov_SC02_037/../shared/ov/func_801325B8.h:57: warning: passing arg 2 of `memcpy' makes pointer from integer without a cast
src/ov_SC02_037/ov_SC02_037_jr_8013F350.c: In function `func_8013FAF8':
src/ov_SC02_037/ov_SC02_037_jr_8013F350.c:1224: warning: passing arg 1 of `func_80024054' makes pointer from integer without a cast
src/ov_SC02_037/ov_SC02_037_jr_8013F350.c:1240: warning: passing arg 1 of `func_80024054' makes pointer from integer without a cast
src/ov_SC02_037/ov_SC02_037_jr_8013F350.c:1265: warning: passing arg 1 of `func_80137D08' makes integer from pointer without a cast
src/ov_SC02_037/ov_SC02_037_jr_8013F350.c:1265: warning: passing arg 2 of `func_80137D08' makes integer from pointer without a cast
src/ov_SC02_037/ov_SC02_037_jr_8013F350.c:1265: warning: assignment makes pointer from integer without a cast
src/ov_SC02_037/ov_SC02_037_jr_8013F350.c:1268: warning: passing arg 1 of `func_8013AB54' makes integer from pointer without a cast
src/ov_SC02_037/ov_SC02_037_jr_8013F350.c:1268: warning: passing arg 2 of `func_8013AB54' makes integer from pointer without a cast
src/ov_SC02_037/ov_SC02_037_jr_8013F350.c:1268: warning: assignment makes pointer from integer without a cast
  CC      build/src/ov_SC02_037/ov_SC02_037_jr_801594E8.o
src/ov_SC02_037/ov_SC02_037_jr_8015A3C8.c: In function `func_8015C944':
src/ov_SC02_037/ov_SC02_037_jr_8015A3C8.c:3476: warning: passing arg 1 makes pointer from integer without a cast
In file included from src/ov_SC02_037/ov_SC02_037_jr_801380E0.c:1134:
src/ov_SC02_037/../shared/ov/func_8013914C.h:3: warning: type mismatch with previous external decl
src/ov_SC02_037/ov_SC02_037_jr_801380E0.c:735: warning: previous external decl of `func_80139220'
src/ov_SC02_037/../shared/ov/func_8012A6D0.h: In function `func_8012A6D0':
In file included from src/ov_SC02_037/ov_SC02_037.c:828:
src/ov_SC02_037/../shared/ov/func_8012A6D0.h:7: warning: initialization makes integer from pointer without a cast
src/ov_SC02_037/../shared/ov/func_8012A6D0.h:8: warning: initialization makes integer from pointer without a cast
src/ov_SC02_037/../shared/ov/func_80146D90.h: In function `func_80146D90':
In file included from src/ov_SC02_037/ov_SC02_037_jr_801458E0.c:1730:
src/ov_SC02_037/../shared/ov/func_80146D90.h:6: warning: passing arg 1 of `func_80146DE8' makes pointer from integer without a cast
src/ov_SC02_037/ov_SC02_037_jr_8017AE2C.c: In function `func_8017B368':
src/ov_SC02_037/ov_SC02_037_jr_8017AE2C.c:3893: warning: type mismatch with previous external decl
src/ov_SC02_037/ov_SC02_037_jr_8017AE2C.c:3842: warning: previous external decl of `D_8018754C'
In file included from src/ov_SC02_037/ov_SC02_037_jr_801380E0.c:1137:
src/ov_SC02_037/../shared/ov/func_801391F0.h:5: warning: type mismatch with previous external decl
src/ov_SC02_037/ov_SC02_037_jr_801380E0.c:734: warning: previous external decl of `func_801391F0'
src/ov_SC02_037/ov_SC02_037_jr_8013C98C.c: In function `func_8013EF88':
src/ov_SC02_037/ov_SC02_037_jr_8013C98C.c:2154: warning: type mismatch with previous external decl
src/ov_SC02_037/ov_SC02_037_jr_8013C98C.c:1894: warning: previous external decl of `D_80115118'
src/ov_SC02_037/ov_SC02_037_jr_8013C98C.c:2155: warning: type mismatch with previous external decl
src/ov_SC02_037/ov_SC02_037_jr_801549F8.c:2071: src/ov_SC02_037/ov_SC02_037_jr_8013C98C.c:2085: warning: warning: type mismatch with previous external declprevious external decl of `
D_80115168src/ov_SC02_037/../shared/ov/func_80154BE4.h:8: 'warning: 
previous external decl of `func_80154C24'
src/ov_SC02_037/ov_SC02_037_jr_801549F8.c:2071: warning: type mismatch with previous implicit declaration
src/ov_SC02_037/../shared/ov/func_80154BE4.h:8: warning: previous implicit declaration of `func_80154C24'
src/ov_SC02_037/ov_SC02_037_jr_801549F8.c:2071: warning: `func_80154C24' was previously implicitly declared to return `int'
src/ov_SC02_037/ov_SC02_037_jr_8017AE2C.c: In function `func_8017B490':
src/ov_SC02_037/ov_SC02_037_jr_8017AE2C.c:3928: warning: type mismatch with previous external decl
src/ov_SC02_037/ov_SC02_037_jr_8017AE2C.c:3842: warning: previous external decl of `D_8018754C'
src/ov_SC02_037/../shared/ov/func_8012A828.h: In function `func_8012A828':
In file included from src/ov_SC02_037/ov_SC02_037.c:840:
src/ov_SC02_037/../shared/ov/func_8012A828.h:6: warning: assignment makes integer from pointer without a cast
src/ov_SC02_037/../shared/ov/func_80147060.h: In function `func_80147060':
In file included from src/ov_SC02_037/ov_SC02_037_jr_801458E0.c:1789:
src/ov_SC02_037/../shared/ov/func_80147060.h:7: warning: `return' with a value, in function returning void
src/ov_SC02_037/../shared/ov/func_80147084.h: At top level:
In file included from src/ov_SC02_037/ov_SC02_037_jr_801458E0.c:1798:
src/ov_SC02_037/../shared/ov/func_80147084.h:3: warning: type mismatch with previous external decl
src/ov_SC02_037/ov_SC02_037_jr_801458E0.c:1227: warning: previous external decl of `func_80147084'
In file included from src/ov_SC02_037/ov_SC02_037_jr_801549F8.c:2169:
src/ov_SC02_037/../shared/ov/func_80154F9C.h:10: warning: type mismatch with previous external decl
src/ov_SC02_037/../shared/ov/func_80154BE4.h:9: warning: previous external decl of `func_80154F9C'
src/ov_SC02_037/../shared/ov/func_80154F9C.h:10: warning: type mismatch with previous implicit declaration
src/ov_SC02_037/../shared/ov/func_80154BE4.h:9: warning: previous implicit declaration of `func_80154F9C'
src/ov_SC02_037/../shared/ov/func_80154F9C.h:10: warning: `func_80154F9C' was previously implicitly declared to return `int'
In file included from src/ov_SC02_037/ov_SC02_037_jr_801458E0.c:1810:
src/ov_SC02_037/../shared/ov/func_801470AC.h:3: warning: type mismatch with previous external decl
src/ov_SC02_037/ov_SC02_037_jr_801458E0.c:1229: warning: previous external decl of `func_801470AC'
src/ov_SC02_037/../shared/ov/func_80132EF4.h: In function `func_80132EF4':
In file included from src/ov_SC02_037/ov_SC02_037_jr_80131340.c:1259:
src/ov_SC02_037/../shared/ov/func_80132EF4.h:6: warning: initialization makes integer from pointer without a cast
src/ov_SC02_037/../shared/ov/func_80156600.h: In function `func_80156600':
In file included from src/ov_SC02_037/ov_SC02_037_jr_801555F4.c:2212:
src/ov_SC02_037/../shared/ov/func_80156600.h:11: warning: return makes integer from pointer without a cast
src/ov_SC02_037/../shared/ov/func_80156600.h:16: warning: return makes integer from pointer without a cast
src/ov_SC02_037/../shared/ov/func_80139680.h: In function `func_80139680':
In file included from src/ov_SC02_037/ov_SC02_037_jr_801380E0.c:1155:
src/ov_SC02_037/../shared/ov/func_80139680.h:39: warning: passing arg 2 of `func_80052460' makes integer from pointer without a cast
src/ov_SC02_037/../shared/ov/func_80132F40.h: In function `func_80132F40':
In file included from src/ov_SC02_037/ov_SC02_037_jr_80131340.c:1342:
src/ov_SC02_037/../shared/ov/func_80132F40.h:34: warning: passing arg 2 of `func_8012F038' from incompatible pointer type
src/ov_SC02_037/../shared/ov/func_80132F40.h:34: warning: passing arg 3 of `func_8012F038' from incompatible pointer type
src/ov_SC02_037/../shared/ov/func_80132F40.h:36: warning: passing arg 2 of `func_8012F14C' makes integer from pointer without a cast
src/ov_SC02_037/../shared/ov/func_80132F40.h:36: warning: passing arg 3 of `func_8012F14C' makes integer from pointer without a cast
src/ov_SC02_037/ov_SC02_037_jr_8013F350.c: In function `func_8014032C':
src/ov_SC02_037/ov_SC02_037_jr_8013F350.c:1446: warning: type mismatch with previous external decl
src/ov_SC02_037/ov_SC02_037_jr_8013F350.c:1301: warning: previous external decl of `D_801C84F4'
src/ov_SC02_037/ov_SC02_037_jr_8013F350.c:1528: warning: return makes integer from pointer without a cast
src/ov_SC02_037/ov_SC02_037_jr_8017AE2C.c: In function `func_8017BA3C':
src/ov_SC02_037/ov_SC02_037_jr_8017AE2C.c:4217: warning: type mismatch with previous external decl
src/ov_SC02_037/ov_SC02_037_jr_8017AE2C.c:3889: warning: previous external decl of `D_801C9664'
src/ov_SC02_037/ov_SC02_037_jr_8017AE2C.c:4218: warning: type mismatch with previous external decl
src/ov_SC02_037/ov_SC02_037_jr_8017AE2C.c:3890: warning: previous external decl of `D_801C966C'
src/ov_SC02_037/../shared/ov/func_80139788.h: At top level:
In file included from src/ov_SC02_037/ov_SC02_037_jr_801380E0.c:1158:
src/ov_SC02_037/../shared/ov/func_80139788.h:3: warning: type mismatch with previous external decl
src/ov_SC02_037/ov_SC02_037_jr_801380E0.c:725: warning: previous external decl of `func_8001931C'
src/ov_SC02_037/../shared/ov/func_80139788.h:5: warning: type mismatch with previous external decl
src/ov_SC02_037/ov_SC02_037_jr_801380E0.c:736: warning: previous external decl of `func_80139788'
src/ov_SC02_037/ov_SC02_037_jr_8017AE2C.c: In function `func_8017BB34':
src/ov_SC02_037/ov_SC02_037_jr_8017AE2C.c:4259: warning: type mismatch with previous external decl
src/ov_SC02_037/ov_SC02_037_jr_8017AE2C.c:3889: warning: previous external decl of `D_801C9664'
src/ov_SC02_037/ov_SC02_037_jr_8017AE2C.c:4260: warning: type mismatch with previous external decl
src/ov_SC02_037/ov_SC02_037_jr_8017AE2C.c:3890: warning: previous external decl of `D_801C966C'
src/ov_SC02_037/ov_SC02_037_jr_8017AE2C.c:4285: warning: passing arg 1 of `RotTransSV' makes integer from pointer without a cast
src/ov_SC02_037/ov_SC02_037_jr_8017AE2C.c:4285: warning: passing arg 2 of `RotTransSV' makes integer from pointer without a cast
src/ov_SC02_037/../shared/ov/func_80139914.h: In function `func_80139914':
In file included from src/ov_SC02_037/ov_SC02_037_jr_801380E0.c:1231:
src/ov_SC02_037/../shared/ov/func_80139914.h:12: warning: passing arg 1 of `func_8013A8B0' makes pointer from integer without a cast
src/ov_SC02_037/ov_SC02_037_jr_8015A3C8.c: In function `func_8015D1B8':
src/ov_SC02_037/ov_SC02_037_jr_8015A3C8.c:3856: warning: passing arg 1 of `func_801725F4' from incompatible pointer type
src/ov_SC02_037/ov_SC02_037_jr_8017AE2C.c: At top level:
src/ov_SC02_037/ov_SC02_037_jr_8017AE2C.c:4402: warning: type mismatch with previous external decl
src/ov_SC02_037/ov_SC02_037_jr_8017AE2C.c:3841: warning: previous external decl of `func_8017BE60'
In file included from src/ov_SC02_037/ov_SC02_037_jr_801458E0.c:1834:
src/ov_SC02_037/../shared/ov/func_801472DC.h:3: warning: type mismatch with previous external decl
src/ov_SC02_037/ov_SC02_037_jr_801458E0.c:1264: warning: previous external decl of `D_8012707C'
src/ov_SC02_037/../shared/ov/func_80147324.h: In function `func_80147324':
In file included from src/ov_SC02_037/ov_SC02_037_jr_801458E0.c:1843:
src/ov_SC02_037/../shared/ov/func_80147324.h:8: warning: comparison between pointer and integer
src/ov_SC02_037/../shared/ov/func_8016B448.h: In function `func_8016B448':
In file included from src/ov_SC02_037/ov_SC02_037_jr_8016AE5C.c:2988:
src/ov_SC02_037/../shared/ov/func_8016B448.h:10: warning: passing arg 1 of `func_8014C050' makes integer from pointer without a cast
src/ov_SC02_037/../shared/ov/func_8016B448.h:12: warning: passing arg 1 of `func_8016B984' makes pointer from integer without a cast
src/ov_SC02_037/../shared/ov/func_8016B448.h:14: warning: passing arg 2 of `func_80146A6C' makes pointer from integer without a cast
src/ov_SC02_037/../shared/ov/func_8015D480.h: In function `func_8015D480':
In file included from src/ov_SC02_037/ov_SC02_037_jr_8015A3C8.c:3913:
src/ov_SC02_037/../shared/ov/func_8015D480.h:7: warning: passing arg 1 of `func_8015D57C' makes integer from pointer without a cast
src/ov_SC02_037/ov_SC02_037_jr_80131340.c: At top level:
src/ov_SC02_037/ov_SC02_037_jr_80131340.c:1498: warning: type mismatch with previous external decl
src/ov_SC02_037/ov_SC02_037_jr_80131340.c:1487: warning: previous external decl of `D_801C841C'
src/ov_SC02_037/../shared/ov/func_8015D57C.h: In function `func_8015D57C':
In file included from src/ov_SC02_037/ov_SC02_037_jr_8015A3C8.c:3933:
src/ov_SC02_037/../shared/ov/func_8015D57C.h:12: warning: passing arg 1 of `func_801553A8' makes pointer from integer without a cast
src/ov_SC02_037/../shared/ov/func_8015D57C.h:13: warning: passing arg 1 of `func_80155440' makes pointer from integer without a cast
src/ov_SC02_037/../shared/ov/func_8015D57C.h:14: warning: passing arg 1 of `func_80146CA0' makes pointer from integer without a cast
  CC      build/src/ov_SC02_037/ov_SC02_037_jr_80159C84.o
src/ov_SC02_037/../shared/ov/func_80156ECC.h: At top level:
In file included from src/ov_SC02_037/ov_SC02_037_jr_801555F4.c:2254:
src/ov_SC02_037/../shared/ov/func_80156ECC.h:3: warning: type mismatch with previous external decl
src/ov_SC02_037/../shared/ov/func_80156B74.h:11: warning: previous external decl of `func_80156ECC'
src/ov_SC02_037/../shared/ov/func_80156ECC.h: In function `func_80156ECC':
src/ov_SC02_037/../shared/ov/func_80156ECC.h:8: warning: passing arg 1 of `func_80156FA8' makes pointer from integer without a cast
src/ov_SC02_037/../shared/ov/func_80156ECC.h:8: warning: passing arg 2 of `func_80156FA8' makes pointer from integer without a cast
src/ov_SC02_037/../shared/ov/func_80156ECC.h:8: warning: passing arg 3 of `func_80156FA8' makes pointer from integer without a cast
src/ov_SC02_037/ov_SC02_037_jr_8013F350.c: In function `func_80140D68':
src/ov_SC02_037/ov_SC02_037_jr_8013F350.c:1882: warning: type mismatch with previous external decl
src/ov_SC02_037/ov_SC02_037_jr_8013F350.c:1742: warning: previous external decl of `D_800AE7BC'
src/ov_SC02_037/ov_SC02_037_jr_8015A3C8.c:5543: warning: "SHB" redefined
 5543 | #define SHB(x) __asm__("" : "=r"(x) : "0"(x))
      | 
src/ov_SC02_037/ov_SC02_037_jr_8015A3C8.c:5542: note: this is the location of the previous definition
 5542 | #define SHB(x) __asm__ __volatile__("" : "=r"(x) : "0"(x))
      | 
src/ov_SC02_037/ov_SC02_037_jr_80131340.c: In function `func_80133AB0':
src/ov_SC02_037/ov_SC02_037_jr_80131340.c:1638: warning: type mismatch with previous external decl
src/ov_SC02_037/ov_SC02_037_jr_80131340.c:1528: warning: previous external decl of `D_801841A0'
src/ov_SC02_037/ov_SC02_037_jr_80131340.c:1639: warning: type mismatch with previous external decl
src/ov_SC02_037/ov_SC02_037_jr_80131340.c:1527: warning: previous external decl of `D_8018419C'
src/ov_SC02_037/ov_SC02_037_jr_80135EB0.c: In function `func_80136A94':
src/ov_SC02_037/ov_SC02_037_jr_80135EB0.c:1098: warning: type mismatch with previous external decl
src/ov_SC02_037/ov_SC02_037_jr_80135EB0.c:650: warning: previous external decl of `D_80126722'
src/ov_SC02_037/../shared/ov/func_80139FE8.h: At top level:
In file included from src/ov_SC02_037/ov_SC02_037_jr_801380E0.c:1315:
src/ov_SC02_037/../shared/ov/func_80139FE8.h:3: warning: type mismatch with previous external decl
src/ov_SC02_037/ov_SC02_037_jr_801380E0.c:727: warning: previous external decl of `func_8001B22C'
src/ov_SC02_037/../shared/ov/func_8015DA90.h: In function `func_8015DA90':
In file included from src/ov_SC02_037/ov_SC02_037_jr_8015A3C8.c:4094:
src/ov_SC02_037/../shared/ov/func_8015DA90.h:7: warning: passing arg 1 of `func_8015DB6C' makes integer from pointer without a cast
src/ov_SC02_037/../shared/ov/func_801571C4.h: At top level:
In file included from src/ov_SC02_037/ov_SC02_037_jr_801555F4.c:2263:
src/ov_SC02_037/../shared/ov/func_801571C4.h:11: warning: type mismatch with previous external decl
src/ov_SC02_037/../shared/ov/func_80157158.h:6: warning: previous external decl of `func_801571C4'
src/ov_SC02_037/../shared/ov/func_801571C4.h:11: warning: type mismatch with previous implicit declaration
src/ov_SC02_037/../shared/ov/func_80157158.h:6: warning: previous implicit declaration of `func_801571C4'
src/ov_SC02_037/../shared/ov/func_801571C4.h:11: warning: `func_801571C4' was previously implicitly declared to return `int'
src/ov_SC02_037/../shared/ov/func_801571C4.h: In function `func_801571C4':
src/ov_SC02_037/../shared/ov/func_801571C4.h:42: warning: passing arg 3 of `func_80135260' makes pointer from integer without a cast
src/ov_SC02_037/../shared/ov/func_801571C4.h:42: warning: passing arg 4 of `func_80135260' makes pointer from integer without a cast
src/ov_SC02_037/../shared/ov/func_80147AD4.h: In function `func_80147AD4':
In file included from src/ov_SC02_037/ov_SC02_037_jr_801458E0.c:1921:
src/ov_SC02_037/../shared/ov/func_80147AD4.h:8: warning: passing arg 2 of `func_80147B5C' makes pointer from integer without a cast
src/ov_SC02_037/ov_SC02_037_jr_8017AE2C.c: In function `func_8017C738':
src/ov_SC02_037/ov_SC02_037_jr_8017AE2C.c:4886: warning: type mismatch with previous external decl
src/ov_SC02_037/ov_SC02_037_jr_8017AE2C.c:4604: warning: previous external decl of `D_801C38F8'
src/ov_SC02_037/../shared/ov/func_8015DDF0.h: In function `func_8015DDF0':
In file included from src/ov_SC02_037/ov_SC02_037_jr_8015A3C8.c:4180:
src/ov_SC02_037/../shared/ov/func_8015DDF0.h:7: warning: passing arg 1 of `func_8015DECC' makes integer from pointer without a cast
src/ov_SC02_037/../shared/ov/func_8016BA68.h: In function `func_8016BA68':
In file included from src/ov_SC02_037/ov_SC02_037_jr_8016AE5C.c:3262:
src/ov_SC02_037/../shared/ov/func_8016BA68.h:9: warning: passing arg 1 of `func_8014C050' makes integer from pointer without a cast
src/ov_SC02_037/../shared/ov/func_8016BA68.h:11: warning: passing arg 1 makes pointer from integer without a cast
src/ov_SC02_037/../shared/ov/func_8016BA68.h:13: warning: passing arg 2 of `func_80146A6C' makes pointer from integer without a cast
src/ov_SC02_037/ov_SC02_037_jr_80131340.c: In function `func_80133CD4':
src/ov_SC02_037/ov_SC02_037_jr_80131340.c:1722: warning: type mismatch with previous external decl
src/ov_SC02_037/ov_SC02_037_jr_80131340.c:1528: warning: previous external decl of `D_801841A0'
src/ov_SC02_037/ov_SC02_037_jr_80131340.c:1723: warning: type mismatch with previous external decl
src/ov_SC02_037/ov_SC02_037_jr_80131340.c:1527: warning: previous external decl of `D_8018419C'
src/ov_SC02_037/ov_SC02_037_jr_80131340.c:1724: warning: type mismatch with previous external decl
src/ov_SC02_037/ov_SC02_037_jr_80131340.c:1640: warning: previous external decl of `D_801841A8'
src/ov_SC02_037/../shared/ov/func_801412A8.h: In function `aF801412A8':
In file included from src/ov_SC02_037/ov_SC02_037_jr_8013F350.c:2068:
src/ov_SC02_037/../shared/ov/func_801412A8.h:5: warning: type mismatch with previous external decl
src/ov_SC02_037/ov_SC02_037_jr_8013F350.c:1742: warning: previous external decl of `D_800AE7BC'
  CC      build/src/ov_SC02_037/ov_SC02_037_jr_80171B4C.o
src/ov_SC02_037/ov_SC02_037_jr_8016AE5C.c: At top level:
src/ov_SC02_037/ov_SC02_037_jr_8016AE5C.c:3328: warning: type mismatch with previous external decl
src/ov_SC02_037/ov_SC02_037_jr_8016AE5C.c:3288: warning: previous external decl of `func_8016BF50'
src/ov_SC02_037/ov_SC02_037_jr_8016AE5C.c: In function `func_8016BCC0':
src/ov_SC02_037/ov_SC02_037_jr_8016AE5C.c:3346: warning: passing arg 1 of `func_8016BFA8' makes integer from pointer without a cast
src/ov_SC02_037/ov_SC02_037_jr_8016AE5C.c:3346: warning: passing arg 2 of `func_8016BFA8' makes integer from pointer without a cast
src/ov_SC02_037/ov_SC02_037_jr_8016AE5C.c:3346: warning: passing arg 3 of `func_8016BFA8' makes integer from pointer without a cast
src/ov_SC02_037/ov_SC02_037_jr_8016AE5C.c:3346: warning: passing arg 4 of `func_8016BFA8' makes integer from pointer without a cast
src/ov_SC02_037/../shared/ov/func_8015773C.h: In function `func_8015773C':
In file included from src/ov_SC02_037/ov_SC02_037_jr_801555F4.c:2293:
src/ov_SC02_037/../shared/ov/func_8015773C.h:11: warning: passing arg 1 of `func_801553A8' from incompatible pointer type
src/ov_SC02_037/../shared/ov/func_80147D38.h: In function `func_80147D38':
In file included from src/ov_SC02_037/ov_SC02_037_jr_801458E0.c:1936:
src/ov_SC02_037/../shared/ov/func_80147D38.h:12: warning: passing arg 2 of `func_80147DC0' makes integer from pointer without a cast
src/ov_SC02_037/../shared/ov/func_8015E150.h: In function `func_8015E150':
In file included from src/ov_SC02_037/ov_SC02_037_jr_8015A3C8.c:4266:
src/ov_SC02_037/../shared/ov/func_8015E150.h:7: warning: passing arg 1 of `func_8015E22C' makes integer from pointer without a cast
src/ov_SC02_037/ov_SC02_037_jr_80131340.c: In function `func_801343C4':
src/ov_SC02_037/ov_SC02_037_jr_80131340.c:1899: warning: type mismatch with previous external decl
src/ov_SC02_037/ov_SC02_037_jr_80131340.c:1527: warning: previous external decl of `D_8018419C'
src/ov_SC02_037/ov_SC02_037_jr_80131340.c:1900: warning: type mismatch with previous external decl
src/ov_SC02_037/ov_SC02_037_jr_80131340.c:1528: warning: previous external decl of `D_801841A0'
src/ov_SC02_037/ov_SC02_037_jr_80131340.c:1902: warning: type mismatch with previous external decl
src/ov_SC02_037/ov_SC02_037_jr_80131340.c:1529: warning: previous external decl of `D_801C8424'
src/ov_SC02_037/../shared/ov/func_8015E84C.h: In function `func_8015E84C':
In file included from src/ov_SC02_037/ov_SC02_037_jr_8015A3C8.c:4398:
src/ov_SC02_037/../shared/ov/func_8015E84C.h:7: warning: passing arg 1 of `func_8015E95C' makes integer from pointer without a cast
src/ov_SC02_037/ov_SC02_037_jr_80131340.c: In function `func_80134510':
src/ov_SC02_037/ov_SC02_037_jr_80131340.c:1956: warning: type mismatch with previous external decl
src/ov_SC02_037/ov_SC02_037_jr_80131340.c:1527: warning: previous external decl of `D_8018419C'
src/ov_SC02_037/ov_SC02_037_jr_80131340.c:1957: warning: type mismatch with previous external decl
src/ov_SC02_037/ov_SC02_037_jr_80131340.c:1528: warning: previous external decl of `D_801841A0'
src/ov_SC02_037/ov_SC02_037_jr_80131340.c:1958: warning: type mismatch with previous external decl
src/ov_SC02_037/ov_SC02_037_jr_80131340.c:1725: warning: previous external decl of `D_801841A4'
src/ov_SC02_037/ov_SC02_037_jr_8016AE5C.c: In function `func_8016C2C4':
src/ov_SC02_037/ov_SC02_037_jr_8016AE5C.c:3606: warning: type mismatch with previous external decl
src/ov_SC02_037/ov_SC02_037_jr_8016AE5C.c:3543: warning: previous external decl of `D_801C8AF4'
src/ov_SC02_037/ov_SC02_037_jr_8016AE5C.c:3607: warning: type mismatch with previous external decl
src/ov_SC02_037/ov_SC02_037_jr_8016AE5C.c:3546: warning: previous external decl of `D_801C8AFC'
src/ov_SC02_037/ov_SC02_037_jr_80131340.c: In function `func_801345F8':
src/ov_SC02_037/ov_SC02_037_jr_80131340.c:2005: warning: type mismatch with previous external decl
src/ov_SC02_037/ov_SC02_037_jr_80131340.c:1527: warning: previous external decl of `D_8018419C'
src/ov_SC02_037/../shared/ov/func_8015E95C.h: In function `func_8015E95C':
In file included from src/ov_SC02_037/ov_SC02_037_jr_8015A3C8.c:4423:
src/ov_SC02_037/../shared/ov/func_8015E95C.h:10: warning: passing arg 1 of `func_8015E9B8' makes pointer from integer without a cast
src/ov_SC02_037/ov_SC02_037_jr_801555F4.c: In function `func_80158038':
src/ov_SC02_037/ov_SC02_037_jr_801555F4.c:2561: warning: passing arg 1 of `func_80154A74' makes integer from pointer without a cast
src/ov_SC02_037/ov_SC02_037_jr_801555F4.c:2564: warning: passing arg 2 of `func_80146994' makes integer from pointer without a cast
src/ov_SC02_037/ov_SC02_037_jr_80131340.c: At top level:
src/ov_SC02_037/ov_SC02_037_jr_80131340.c:2060: warning: type mismatch with previous external decl
src/ov_SC02_037/ov_SC02_037_jr_80131340.c:2004: warning: previous external decl of `func_801347A0'
src/ov_SC02_037/ov_SC02_037_jr_80131340.c: In function `func_801347A0':
src/ov_SC02_037/ov_SC02_037_jr_80131340.c:2064: warning: type mismatch with previous external decl
src/ov_SC02_037/ov_SC02_037_jr_80131340.c:1528: warning: previous external decl of `D_801841A0'
src/ov_SC02_037/ov_SC02_037_jr_80131340.c:2065: warning: type mismatch with previous external decl
src/ov_SC02_037/ov_SC02_037_jr_80131340.c:1527: warning: previous external decl of `D_8018419C'
src/ov_SC02_037/ov_SC02_037_jr_80131340.c:2066: warning: type mismatch with previous external decl
src/ov_SC02_037/ov_SC02_037_jr_80131340.c:1725: warning: previous external decl of `D_801841A4'
  CC      build/src/ov_SC02_037/ov_SC02_037_jr_801789AC.o
src/ov_SC02_037/ov_SC02_037_jr_8015A3C8.c: In function `func_8015EA3C':
src/ov_SC02_037/ov_SC02_037_jr_8015A3C8.c:4534: warning: passing arg 1 makes integer from pointer without a cast
src/ov_SC02_037/../shared/ov/func_8015EDA0.h: In function `func_8015EDA0':
In file included from src/ov_SC02_037/ov_SC02_037_jr_8015A3C8.c:4543:
src/ov_SC02_037/../shared/ov/func_8015EDA0.h:7: warning: passing arg 1 of `func_8015EE7C' makes integer from pointer without a cast
src/ov_SC02_037/../shared/ov/func_801484B0.h: At top level:
In file included from src/ov_SC02_037/ov_SC02_037_jr_801458E0.c:1960:
src/ov_SC02_037/../shared/ov/func_801484B0.h:4: warning: type mismatch with previous external decl
src/ov_SC02_037/ov_SC02_037_jr_801458E0.c:1247: warning: previous external decl of `D_80126B78'
src/ov_SC02_037/ov_SC02_037_jr_8016AE5C.c: src/ov_SC02_037/../shared/ov/func_8015EFA4.h: In function `func_8016C998':
In function `func_8015EFA4':
src/ov_SC02_037/ov_SC02_037_jr_8016AE5C.c:3754: In file includedwarning:  from src/ov_SC02_037/ov_SC02_037_jr_8015A3C8.c:4620type mismatch with previous external decl:

src/ov_SC02_037/../shared/ov/func_8015EFA4.h:7: src/ov_SC02_037/ov_SC02_037_jr_8016AE5C.c:3659: warning: warning: passing arg 1 of `func_8015F080' makes integer from pointer without a castprevious external decl of `
D_801C8BC8'
src/ov_SC02_037/../shared/ov/func_8013B204.h: In function `func_8013B204':
In file included from src/ov_SC02_037/ov_SC02_037_jr_801380E0.c:1507:
src/ov_SC02_037/../shared/ov/func_8013B204.h:10: warning: assignment makes pointer from integer without a cast
src/ov_SC02_037/ov_SC02_037_jr_80131340.c: In function `func_80134C20':
src/ov_SC02_037/ov_SC02_037_jr_80131340.c:2190: warning: type mismatch with previous external decl
src/ov_SC02_037/ov_SC02_037_jr_80131340.c:1527: warning: previous external decl of `D_8018419C'
src/ov_SC02_037/ov_SC02_037_jr_80131340.c:2191: warning: type mismatch with previous external decl
src/ov_SC02_037/ov_SC02_037_jr_80131340.c:1528: warning: previous external decl of `D_801841A0'
src/ov_SC02_037/ov_SC02_037_jr_80131340.c:2192: warning: type mismatch with previous external decl
src/ov_SC02_037/ov_SC02_037_jr_80131340.c:1725: warning: previous external decl of `D_801841A4'
src/ov_SC02_037/ov_SC02_037_jr_80131340.c:2193: warning: type mismatch with previous external decl
src/ov_SC02_037/ov_SC02_037_jr_80131340.c:1640: warning: previous external decl of `D_801841A8'
src/ov_SC02_037/ov_SC02_037_jr_8016AE5C.c: In function `func_8016CBC0':
src/ov_SC02_037/ov_SC02_037_jr_8016AE5C.c:3820: warning: type mismatch with previous external decl
src/ov_SC02_037/ov_SC02_037_jr_8016AE5C.c:3659: warning: previous external decl of `D_801C8BC8'
src/ov_SC02_037/../shared/ov/func_80158AE4.h: In function `func_80158AE4':
In file included from src/ov_SC02_037/ov_SC02_037_jr_801555F4.c:2865:
src/ov_SC02_037/../shared/ov/func_80158AE4.h:20: warning: passing arg 1 makes integer from pointer without a cast
src/ov_SC02_037/../shared/ov/func_80158AE4.h:21: warning: passing arg 1 makes integer from pointer without a cast
src/ov_SC02_037/../shared/ov/func_80158AE4.h:22: warning: passing arg 1 of `func_80165A20' makes integer from pointer without a cast
src/ov_SC02_037/../shared/ov/func_80158AE4.h:23: warning: passing arg 1 of `func_80165A78' makes integer from pointer without a cast
src/ov_SC02_037/../shared/ov/func_80158AE4.h:26: warning: passing arg 1 of `func_8014B160' makes integer from pointer without a cast
src/ov_SC02_037/../shared/ov/func_80159B08.h: In function `func_80159B08':
In file included from src/ov_SC02_037/ov_SC02_037_jr_801594E8.c:2425:
src/ov_SC02_037/../shared/ov/func_80159B08.h:7: warning: passing arg 1 of `func_80159BE4' makes integer from pointer without a cast
src/ov_SC02_037/ov_SC02_037_jr_801555F4.c: In function `func_80158BB0':
src/ov_SC02_037/ov_SC02_037_jr_801555F4.c:2885: warning: passing arg 2 of `func_80154274' makes integer from pointer without a cast
src/ov_SC02_037/ov_SC02_037_jr_801555F4.c:2886: warning: passing arg 1 of `func_80154A74' makes integer from pointer without a cast
src/ov_SC02_037/ov_SC02_037_jr_8016AE5C.c: In function `func_8016CF04':
src/ov_SC02_037/ov_SC02_037_jr_8016AE5C.c:3970: warning: type mismatch with previous external decl
src/ov_SC02_037/ov_SC02_037_jr_8016AE5C.c:3659: warning: previous external decl of `D_801C8BC8'
src/ov_SC02_037/ov_SC02_037_jr_8016AE5C.c:4010: warning: passing arg 2 of `ApplyMatrixSV' from incompatible pointer type
src/ov_SC02_037/ov_SC02_037_jr_8016AE5C.c:4010: warning: passing arg 3 of `ApplyMatrixSV' from incompatible pointer type
src/ov_SC02_037/ov_SC02_037_jr_8016AE5C.c:4016: warning: passing arg 2 of `ApplyMatrixSV' from incompatible pointer type
src/ov_SC02_037/ov_SC02_037_jr_8016AE5C.c:4016: warning: passing arg 3 of `ApplyMatrixSV' from incompatible pointer type
src/ov_SC02_037/../shared/ov/func_8012D098.h: In function `func_8012D098':
In file included from src/ov_SC02_037/ov_SC02_037.c:1326:
src/ov_SC02_037/../shared/ov/func_8012D098.h:26: warning: passing arg 1 of `func_8012F214' makes integer from pointer without a cast
src/ov_SC02_037/../shared/ov/func_8012D098.h:26: warning: passing arg 2 of `func_8012F214' makes integer from pointer without a cast
src/ov_SC02_037/../shared/ov/func_8012D098.h:26: warning: passing arg 3 of `func_8012F214' makes integer from pointer without a cast
src/ov_SC02_037/../shared/ov/func_8012D098.h:30: warning: passing arg 1 of `func_8012F214' makes integer from pointer without a cast
src/ov_SC02_037/../shared/ov/func_8012D098.h:30: warning: passing arg 2 of `func_8012F214' makes integer from pointer without a cast
src/ov_SC02_037/../shared/ov/func_8012D098.h:30: warning: passing arg 3 of `func_8012F214' makes integer from pointer without a cast
src/ov_SC02_037/../shared/ov/func_8012D098.h:34: warning: passing arg 1 of `func_8012F214' makes integer from pointer without a cast
src/ov_SC02_037/../shared/ov/func_8012D098.h:34: warning: passing arg 2 of `func_8012F214' makes integer from pointer without a cast
src/ov_SC02_037/../shared/ov/func_8012D098.h:34: warning: passing arg 3 of `func_8012F214' makes integer from pointer without a cast
src/ov_SC02_037/../shared/ov/func_8012D098.h:38: warning: passing arg 1 of `func_8012F214' makes integer from pointer without a cast
src/ov_SC02_037/../shared/ov/func_8012D098.h:38: warning: passing arg 2 of `func_8012F214' makes integer from pointer without a cast
src/ov_SC02_037/../shared/ov/func_8012D098.h:38: warning: passing arg 3 of `func_8012F214' makes integer from pointer without a cast
src/ov_SC02_037/ov_SC02_037_jr_80131340.c: In function `func_80135168':
src/ov_SC02_037/ov_SC02_037_jr_80131340.c:2358: warning: type mismatch with previous external decl
src/ov_SC02_037/ov_SC02_037_jr_80131340.c:1528: warning: previous external decl of `D_801841A0'src/ov_SC02_037/../shared/ov/func_8012D098.h:42: 
warning: passing arg 1 of `func_8012F214' makes integer from pointer without a castsrc/ov_SC02_037/ov_SC02_037_jr_80131340.c:2359: 
warning: src/ov_SC02_037/../shared/ov/func_8012D098.h:42: type mismatch with previous external declwarning: 
passing arg 2 of `func_8012F214' makes integer from pointer without a castsrc/ov_SC02_037/ov_SC02_037_jr_80131340.c:1527: 
warning: src/ov_SC02_037/../shared/ov/func_8012D098.h:42: previous external decl of `warning: D_8018419Cpassing arg 3 of `func_8012F214' makes integer from pointer without a cast'

src/ov_SC02_037/../shared/ov/func_8012D098.h:46: warning: passing arg 1 of `func_8012F214' makes integer from pointer without a cast
src/ov_SC02_037/../shared/ov/func_8012D098.h:46: warning: passing arg 2 of `func_8012F214' makes integer from pointer without a cast
src/ov_SC02_037/../shared/ov/func_8012D098.h:46: warning: passing arg 3 of `func_8012F214' makes integer from pointer without a cast
src/ov_SC02_037/../shared/ov/func_8012D098.h:50: warning: passing arg 1 of `func_8012F214' makes integer from pointer without a cast
src/ov_SC02_037/../shared/ov/func_8012D098.h:50: warning: passing arg 2 of `func_8012F214' makes integer from pointer without a cast
src/ov_SC02_037/../shared/ov/func_8012D098.h:50: warning: passing arg 3 of `func_8012F214' makes integer from pointer without a cast
src/ov_SC02_037/../shared/ov/func_8012D098.h:54: warning: passing arg 1 of `func_8012F214' makes integer from pointer without a cast
src/ov_SC02_037/../shared/ov/func_8012D098.h:54: warning: passing arg 2 of `func_8012F214' makes integer from pointer without a cast
src/ov_SC02_037/../shared/ov/func_8012D098.h:54: warning: passing arg 3 of `func_8012F214' makes integer from pointer without a cast
src/ov_SC02_037/../shared/ov/func_8012D098.h:55: warning: passing arg 1 of `func_8012D3B4' makes integer from pointer without a cast
src/ov_SC02_037/../shared/ov/func_8012D098.h:55: warning: passing arg 2 of `func_8012D3B4' makes integer from pointer without a cast
src/ov_SC02_037/../shared/ov/func_8012D098.h:56: warning: passing arg 1 of `func_8012D3B4' makes integer from pointer without a cast
src/ov_SC02_037/../shared/ov/func_8012D098.h:56: warning: passing arg 2 of `func_8012D3B4' makes integer from pointer without a cast
src/ov_SC02_037/../shared/ov/func_8012D098.h:57: warning: passing arg 1 of `func_8012D3B4' makes integer from pointer without a cast
src/ov_SC02_037/../shared/ov/func_8012D098.h:57: warning: passing arg 2 of `func_8012D3B4' makes integer from pointer without a cast
src/ov_SC02_037/../shared/ov/func_8012D098.h:58: warning: passing arg 1 of `func_8012D3B4' makes integer from pointer without a cast
src/ov_SC02_037/../shared/ov/func_8012D098.h:58: warning: passing arg 2 of `func_8012D3B4' makes integer from pointer without a cast
src/ov_SC02_037/../shared/ov/func_8012D098.h:59: warning: passing arg 1 of `func_8012D3B4' makes integer from pointer without a cast
src/ov_SC02_037/../shared/ov/func_8012D098.h:59: warning: passing arg 2 of `func_8012D3B4' makes integer from pointer without a cast
src/ov_SC02_037/../shared/ov/func_8012D098.h:60: warning: passing arg 1 of `func_8012D3B4' makes integer from pointer without a cast
src/ov_SC02_037/../shared/ov/func_8012D098.h:60: warning: passing arg 2 of `func_8012D3B4' makes integer from pointer without a cast
src/ov_SC02_037/../shared/ov/func_8012D098.h:61: warning: passing arg 1 of `func_8012D3B4' makes integer from pointer without a cast
src/ov_SC02_037/../shared/ov/func_8012D098.h:61: warning: passing arg 2 of `func_8012D3B4' makes integer from pointer without a cast
src/ov_SC02_037/../shared/ov/func_8012D098.h:62: warning: passing arg 1 of `func_8012D3B4' makes integer from pointer without a cast
src/ov_SC02_037/../shared/ov/func_8012D098.h:62: warning: passing arg 2 of `func_8012D3B4' makes integer from pointer without a cast
src/ov_SC02_037/../shared/ov/func_8012D098.h:63: warning: passing arg 1 of `func_8012D3B4' makes integer from pointer without a cast
src/ov_SC02_037/../shared/ov/func_8012D098.h:63: warning: passing arg 2 of `func_8012D3B4' makes integer from pointer without a cast
src/ov_SC02_037/../shared/ov/func_8012D098.h:64: warning: passing arg 1 of `func_8012D3B4' makes integer from pointer without a cast
src/ov_SC02_037/../shared/ov/func_8012D098.h:64: warning: passing arg 2 of `func_8012D3B4' makes integer from pointer without a cast
src/ov_SC02_037/../shared/ov/func_8012D098.h:65: warning: passing arg 1 of `func_8012D3B4' makes integer from pointer without a cast
src/ov_SC02_037/../shared/ov/func_8012D098.h:65: warning: passing arg 2 of `func_8012D3B4' makes integer from pointer without a cast
src/ov_SC02_037/../shared/ov/func_8012D098.h:66: warning: passing arg 1 of `func_8012D3B4' makes integer from pointer without a cast
src/ov_SC02_037/../shared/ov/func_8012D098.h:66: warning: passing arg 2 of `func_8012D3B4' makes integer from pointer without a cast
src/ov_SC02_037/ov_SC02_037_jr_8015A3C8.c: In function `func_8015F89C':
src/ov_SC02_037/ov_SC02_037_jr_8015A3C8.c:4853: warning: passing arg 2 of `func_801466F0' makes integer from pointer without a cast
src/ov_SC02_037/../shared/ov/func_8015A1FC.h: In function `func_8015A1FC':
In file included from src/ov_SC02_037/ov_SC02_037_jr_80159C84.c:2413:
src/ov_SC02_037/../shared/ov/func_8015A1FC.h:7: warning: passing arg 1 of `func_8015A2D8' makes integer from pointer without a cast
src/ov_SC02_037/ov_SC02_037_jr_80131340.c: In function `func_80135260':
src/ov_SC02_037/ov_SC02_037_jr_80131340.c:2430: warning: type mismatch with previous external decl
src/ov_SC02_037/ov_SC02_037_jr_80131340.c:1527: warning: previous external decl of `D_8018419C'
src/ov_SC02_037/ov_SC02_037_jr_80131340.c:2431: warning: type mismatch with previous external decl
src/ov_SC02_037/ov_SC02_037_jr_80131340.c:1528: warning: previous external decl of `D_801841A0'
src/ov_SC02_037/ov_SC02_037_jr_80131340.c:2432: warning: type mismatch with previous external decl
src/ov_SC02_037/ov_SC02_037_jr_80131340.c:1640: warning: previous external decl of `D_801841A8'
src/ov_SC02_037/../shared/ov/func_8012D38C.h: In function `func_8012D38C':
In file included from src/ov_SC02_037/ov_SC02_037.c:1329:
src/ov_SC02_037/../shared/ov/func_8012D38C.h:5: warning: passing arg 1 of `func_8012D098' makes pointer from integer without a cast
src/ov_SC02_037/../shared/ov/func_80142838.h: In function `func_80142838':
In file included from src/ov_SC02_037/ov_SC02_037_jr_8013F350.c:2412:
src/ov_SC02_037/../shared/ov/func_80142838.h:15: warning: passing arg 1 of `func_8012C0EC' makes integer from pointer without a cast
src/ov_SC02_037/../shared/ov/func_8012D3B4.h: At top level:
In file included from src/ov_SC02_037/ov_SC02_037.c:1335:
src/ov_SC02_037/../shared/ov/func_8012D3B4.h:4: warning: type mismatch with previous external decl
src/ov_SC02_037/../shared/ov/func_8012CFA8.h:6: warning: previous external decl of `RotTransPers'
src/ov_SC02_037/../shared/ov/func_8012D3B4.h: In function `func_8012D3B4':
src/ov_SC02_037/../shared/ov/func_8012D3B4.h:22: warning: passing arg 2 of `RotTransPers' makes integer from pointer without a cast
src/ov_SC02_037/../shared/ov/func_8012D3B4.h:23: warning: passing arg 2 of `RotTransPers' makes integer from pointer without a cast
src/ov_SC02_037/ov_SC02_037_jr_80131340.c: In function `func_80135480':
src/ov_SC02_037/ov_SC02_037_jr_80131340.c:2556: warning: type mismatch with previous external decl
src/ov_SC02_037/ov_SC02_037_jr_80131340.c:1528: warning: previous external decl of `D_801841A0'
src/ov_SC02_037/ov_SC02_037_jr_80131340.c:2557: warning: type mismatch with previous external decl
src/ov_SC02_037/ov_SC02_037_jr_80131340.c:1527: warning: previous external decl of `D_8018419C'
src/ov_SC02_037/../shared/ov/func_8012D4B4.h: In function `func_8012D4B4':
In file included from src/ov_SC02_037/ov_SC02_037.c:1338:
src/ov_SC02_037/../shared/ov/func_8012D4B4.h:27: warning: passing arg 2 of `RotTransPers' makes integer from pointer without a cast
src/ov_SC02_037/../shared/ov/func_8012D4B4.h:29: warning: passing arg 2 of `RotTransPers' makes integer from pointer without a cast
src/ov_SC02_037/ov_SC02_037.c: In function `func_8012D664':
src/ov_SC02_037/ov_SC02_037.c:1371: warning: passing arg 6 of `func_8012F568' makes integer from pointer without a cast
src/ov_SC02_037/ov_SC02_037_jr_8016AE5C.c: In function `func_8016D848':
src/ov_SC02_037/ov_SC02_037_jr_8016AE5C.c:4231: warning: passing arg 1 of `func_800D20C0' makes pointer from integer without a cast
src/ov_SC02_037/ov_SC02_037_jr_8016AE5C.c:4231: warning: passing arg 2 of `func_800D20C0' makes pointer from integer without a cast
src/ov_SC02_037/ov_SC02_037_jr_80131340.c: At top level:
src/ov_SC02_037/ov_SC02_037_jr_80131340.c:2684: warning: type mismatch with previous external decl
src/ov_SC02_037/ov_SC02_037_jr_80131340.c:1527: warning: previous external decl of `D_8018419C'
src/ov_SC02_037/ov_SC02_037_jr_80131340.c:2685: warning: type mismatch with previous external decl
src/ov_SC02_037/ov_SC02_037_jr_80131340.c:1528: warning: previous external decl of `D_801841A0'
src/ov_SC02_037/ov_SC02_037_jr_80131340.c: In function `func_80135888':
src/ov_SC02_037/ov_SC02_037_jr_80131340.c:2732: warning: passing arg 1 of `func_80135EB0' makes pointer from integer without a cast
src/ov_SC02_037/ov_SC02_037_jr_80131340.c:2739: warning: passing arg 1 of `func_80135EB0' makes pointer from integer without a cast
src/ov_SC02_037/../shared/ov/func_80142F68.h: In function `func_80142F68':
In file included from src/ov_SC02_037/ov_SC02_037_jr_8013F350.c:2663:
src/ov_SC02_037/../shared/ov/func_80142F68.h:15: warning: passing arg 1 of `func_8012C0EC' makes integer from pointer without a cast
src/ov_SC02_037/ov_SC02_037.c: In function `func_8012DB84':
src/ov_SC02_037/ov_SC02_037.c:1392: warning: passing arg 5 of `func_8012F568' makes integer from pointer without a cast
src/ov_SC02_037/ov_SC02_037.c:1392: warning: passing arg 6 of `func_8012F568' makes integer from pointer without a cast
In file included from src/ov_SC02_037/ov_SC02_037_jr_801458E0.c:2275:
src/ov_SC02_037/../shared/ov/func_80149210.h:3: warning: type mismatch with previous external decl
src/ov_SC02_037/ov_SC02_037_jr_801458E0.c:1230: warning: previous external decl of `func_80149210'
src/ov_SC02_037/ov_SC02_037_jr_8016AE5C.c: In function `func_8016DC20':
src/ov_SC02_037/ov_SC02_037_jr_8016AE5C.c:4423: warning: passing arg 1 makes pointer from integer without a cast
src/ov_SC02_037/ov_SC02_037_jr_8016AE5C.c:4423: warning: passing arg 2 makes pointer from integer without a cast
src/ov_SC02_037/../shared/ov/func_801430F4.h: In function `func_801430F4':
In file included from src/ov_SC02_037/ov_SC02_037_jr_8013F350.c:2709:
src/ov_SC02_037/../shared/ov/func_801430F4.h:15: warning: passing arg 1 of `func_8012C0EC' makes integer from pointer without a cast
src/ov_SC02_037/../shared/ov/func_80171CC4.h: In function `func_80171CC4':
In file included from src/ov_SC02_037/ov_SC02_037_jr_80171B4C.c:3290:
src/ov_SC02_037/../shared/ov/func_80171CC4.h:9: warning: passing arg 1 of `func_80171D78' makes integer from pointer without a cast
src/ov_SC02_037/../shared/ov/func_80171CC4.h:9: warning: passing arg 2 of `func_80171D78' makes integer from pointer without a cast
src/ov_SC02_037/../shared/ov/func_801432FC.h: In function `func_801432FC':
In file included from src/ov_SC02_037/ov_SC02_037_jr_8013F350.c:2766:
src/ov_SC02_037/../shared/ov/func_801432FC.h:15: warning: passing arg 1 of `func_8012C044' makes integer from pointer without a cast
src/ov_SC02_037/ov_SC02_037.c: In function `func_8012DDA4':
src/ov_SC02_037/ov_SC02_037.c:1421: warning: return makes integer from pointer without a cast
src/ov_SC02_037/ov_SC02_037_jr_8016AE5C.c: In function `func_8016DF5C':
src/ov_SC02_037/ov_SC02_037_jr_8016AE5C.c:4536: warning: passing arg 2 of `ApplyMatrixSV' from incompatible pointer type
src/ov_SC02_037/ov_SC02_037_jr_8016AE5C.c:4536: warning: passing arg 3 of `ApplyMatrixSV' from incompatible pointer type
src/ov_SC02_037/ov_SC02_037.c: src/ov_SC02_037/ov_SC02_037_jr_801458E0.c: In function `func_8012DE2C':
In function `func_80149544':
src/ov_SC02_037/ov_SC02_037.c:1439: src/ov_SC02_037/ov_SC02_037_jr_801458E0.c:2344: warning: warning: passing arg 3 of `func_8012F14C' makes integer from pointer without a casttype mismatch with previous external decl

src/ov_SC02_037/ov_SC02_037.c:1411: warning: previous external decl of `D_801C83CC'
src/ov_SC02_037/ov_SC02_037.c:1440: warning: src/ov_SC02_037/ov_SC02_037_jr_801458E0.c:2345: type mismatch with previous external declwarning: 
passing arg 1 of `func_8012EF70' makes integer from pointer without a castsrc/ov_SC02_037/ov_SC02_037.c:1412: 
warning: previous external decl of `D_801C83C8'
src/ov_SC02_037/ov_SC02_037.c:1455: warning: return makes integer from pointer without a cast
src/ov_SC02_037/ov_SC02_037_jr_8017AE2C.c: In function `func_8017ED90':
src/ov_SC02_037/ov_SC02_037_jr_8017AE2C.c:6128: warning: passing arg 1 of `func_8017EEC4' makes integer from pointer without a cast
src/ov_SC02_037/../shared/ov/func_801433F0.h: In function `func_801433F0':
In file included from src/ov_SC02_037/ov_SC02_037_jr_8013F350.c:2772:
src/ov_SC02_037/../shared/ov/func_801433F0.h:12: warning: passing arg 1 of `func_80128ED8' makes integer from pointer without a cast
src/ov_SC02_037/../shared/ov/func_801433F0.h:12: warning: passing arg 2 of `func_80128ED8' from incompatible pointer type
src/ov_SC02_037/../shared/ov/func_8014350C.h: In function `func_8014350C':
In file included from src/ov_SC02_037/ov_SC02_037_jr_8013F350.c:2813:
src/ov_SC02_037/../shared/ov/func_8014350C.h:13: warning: passing arg 1 of `func_80128ED8' makes integer from pointer without a cast
src/ov_SC02_037/../shared/ov/func_80160B70.h: In function `func_80160B70':
In file included from src/ov_SC02_037/ov_SC02_037_jr_8015A3C8.c:5371:
src/ov_SC02_037/../shared/ov/func_80160B70.h:7: warning: passing arg 1 of `func_80160BB4' makes pointer from integer without a cast
src/ov_SC02_037/../shared/ov/func_8012E138.h: In function `func_8012E138':
In file included from src/ov_SC02_037/ov_SC02_037.c:1482:
src/ov_SC02_037/../shared/ov/func_8012E138.h:19: warning: passing arg 2 of `func_8012F038' from incompatible pointer type
src/ov_SC02_037/../shared/ov/func_8012E138.h:19: warning: passing arg 3 of `func_8012F038' from incompatible pointer type
src/ov_SC02_037/../shared/ov/func_8012E138.h:36: warning: passing arg 2 of `func_8012F14C' makes integer from pointer without a cast
src/ov_SC02_037/../shared/ov/func_8012E138.h:36: warning: passing arg 3 of `func_8012F14C' makes integer from pointer without a cast
src/ov_SC02_037/../shared/ov/func_8012E138.h:37: warning: passing arg 3 of `func_80135888' makes integer from pointer without a cast
src/ov_SC02_037/../shared/ov/func_8012E138.h:37: warning: passing arg 4 of `func_80135888' makes integer from pointer without a cast
src/ov_SC02_037/../shared/ov/func_80160F70.h: In function `func_80160F70':
In file included from src/ov_SC02_037/ov_SC02_037_jr_8015A3C8.c:5443:
src/ov_SC02_037/../shared/ov/func_80160F70.h:15: warning: passing arg 1 of `func_8013767C' makes integer from pointer without a cast
src/ov_SC02_037/ov_SC02_037_jr_801789AC.c: In function `func_80178B70':
src/ov_SC02_037/ov_SC02_037_jr_801789AC.c:3730: warning: type mismatch with previous external decl
src/ov_SC02_037/ov_SC02_037_jr_801789AC.c:3710: warning: previous external decl of `D_80187548'
src/ov_SC02_037/ov_SC02_037_jr_801789AC.c:3735: warning: passing arg 2 of `func_80178CBC' makes integer from pointer without a castsrc/ov_SC02_037/../shared/ov/func_8017248C.h: 
In function `func_8017248C':
In file included from src/ov_SC02_037/ov_SC02_037_jr_80171B4C.c:3332:
src/ov_SC02_037/../shared/ov/func_8017248C.h:6: warning: passing arg 1 makes pointer from integer without a cast
src/ov_SC02_037/../shared/ov/func_8017248C.h:6: warning: passing arg 2 makes pointer from integer without a cast
src/ov_SC02_037/../shared/ov/func_80178BB8.h: In function `func_80178BB8':
In file included from src/ov_SC02_037/ov_SC02_037_jr_801789AC.c:3739:
src/ov_SC02_037/../shared/ov/func_80178BB8.h:4: warning: type mismatch with previous external decl
src/ov_SC02_037/ov_SC02_037_jr_801789AC.c:3708: warning: previous external decl of `func_80178BF8'
src/ov_SC02_037/ov_SC02_037_jr_801789AC.c: At top level:
src/ov_SC02_037/ov_SC02_037_jr_801789AC.c:3750: warning: type mismatch with previous external decl
src/ov_SC02_037/ov_SC02_037_jr_801789AC.c:3708: warning: previous external decl of `func_80178BF8'
src/ov_SC02_037/ov_SC02_037_jr_801789AC.c:3750: warning: type mismatch with previous implicit declaration
src/ov_SC02_037/../shared/ov/func_80178BB8.h:4: warning: previous implicit declaration of `func_80178BF8'
src/ov_SC02_037/ov_SC02_037_jr_801789AC.c:3750: warning: `func_80178BF8' was previously implicitly declared to return `int'
src/ov_SC02_037/ov_SC02_037_jr_8015A3C8.c: In function `aF80161208':
src/ov_SC02_037/ov_SC02_037_jr_8015A3C8.c:5527: warning: passing arg 1 makes integer from pointer without a cast
src/ov_SC02_037/../shared/ov/func_8017250C.h: In function `func_8017250C':
In file included from src/ov_SC02_037/ov_SC02_037_jr_80171B4C.c:3338:
src/ov_SC02_037/../shared/ov/func_8017250C.h:5: warning: passing arg 1 of `func_80172560' from incompatible pointer type
src/ov_SC02_037/../shared/ov/func_8017250C.h:5: warning: passing arg 2 of `func_80172560' from incompatible pointer type
src/ov_SC02_037/../shared/ov/func_80161278.h: In function `func_80161278':
In file included from src/ov_SC02_037/ov_SC02_037_jr_8015A3C8.c:5534:
src/ov_SC02_037/../shared/ov/func_80161278.h:10: warning: passing arg 1 of `func_80161374' makes integer from pointer without a cast
src/ov_SC02_037/../shared/ov/func_801612B8.h: In function `func_801612B8':
In file included from src/ov_SC02_037/ov_SC02_037_jr_8015A3C8.c:5537:
src/ov_SC02_037/../shared/ov/func_801612B8.h:11: warning: assignment makes integer from pointer without a cast
src/ov_SC02_037/ov_SC02_037_jr_801789AC.c: In function `func_80178D40':
src/ov_SC02_037/ov_SC02_037_jr_801789AC.c:3987: warning: type mismatch with previous external decl
src/ov_SC02_037/ov_SC02_037_jr_801789AC.c:3763: warning: previous external decl of `D_801C9A40'
src/ov_SC02_037/ov_SC02_037_jr_801789AC.c:4011: warning: passing arg 1 makes integer from pointer without a cast
src/ov_SC02_037/../shared/ov/func_80161418.h: In function `func_80161418':
In file included from src/ov_SC02_037/ov_SC02_037_jr_8015A3C8.c:5603:
src/ov_SC02_037/../shared/ov/func_80161418.h:6: warning: passing arg 1 of `func_8016163C' makes integer from pointer without a cast
src/ov_SC02_037/../shared/ov/func_80161450.h: In function `func_80161450':
In file included from src/ov_SC02_037/ov_SC02_037_jr_8015A3C8.c:5606:
src/ov_SC02_037/../shared/ov/func_80161450.h:6: warning: passing arg 1 of `func_80161774' makes integer from pointer without a cast
src/ov_SC02_037/../shared/ov/func_80161488.h: In function `func_80161488':
In file included from src/ov_SC02_037/ov_SC02_037_jr_8015A3C8.c:5609:
src/ov_SC02_037/../shared/ov/func_80161488.h:9: warning: passing arg 1 of `func_80161774' makes integer from pointer without a cast
src/ov_SC02_037/../shared/ov/func_801614E4.h: In function `func_801614E4':
In file included from src/ov_SC02_037/ov_SC02_037_jr_8015A3C8.c:5612:
src/ov_SC02_037/../shared/ov/func_801614E4.h:6: warning: passing arg 1 of `func_80161888' makes integer from pointer without a cast
src/ov_SC02_037/../shared/ov/func_801726D0.h: In function `func_801726D0':
In file included from src/ov_SC02_037/ov_SC02_037_jr_80171B4C.c:3407:
src/ov_SC02_037/../shared/ov/func_801726D0.h:10: warning: assignment from incompatible pointer type
src/ov_SC02_037/../shared/ov/func_80161554.h: In function `func_80161554':
In file included from src/ov_SC02_037/ov_SC02_037_jr_8015A3C8.c:5618:
src/ov_SC02_037/../shared/ov/func_80161554.h:6: warning: passing arg 1 of `func_8016163C' makes integer from pointer without a cast
src/ov_SC02_037/../shared/ov/func_8016158C.h: In function `func_8016158C':
In file included from src/ov_SC02_037/ov_SC02_037_jr_8015A3C8.c:5621:
src/ov_SC02_037/../shared/ov/func_8016158C.h:6: warning: passing arg 1 of `func_80161774' makes integer from pointer without a cast
src/ov_SC02_037/../shared/ov/func_801615C4.h: In function `func_801615C4':
In file included from src/ov_SC02_037/ov_SC02_037_jr_8015A3C8.c:5624:
src/ov_SC02_037/../shared/ov/func_801615C4.h:12: warning: passing arg 1 of `func_80146D90' makes integer from pointer without a cast
src/ov_SC02_037/../shared/ov/func_801615C4.h:15: warning: passing arg 1 makes integer from pointer without a cast
src/ov_SC02_037/../shared/ov/func_801615C4.h:17: warning: passing arg 1 makes integer from pointer without a cast
src/ov_SC02_037/ov_SC02_037_jr_801458E0.c: In function `func_80149F2C':
src/ov_SC02_037/ov_SC02_037_jr_801458E0.c:2501: warning: initialization makes pointer from integer without a cast
src/ov_SC02_037/../shared/ov/func_8016163C.h: In function `func_8016163C':
In file included from src/ov_SC02_037/ov_SC02_037_jr_8015A3C8.c:5627:
src/ov_SC02_037/../shared/ov/func_8016163C.h:17: warning: passing arg 1 of `func_801599A4' makes pointer from integer without a cast
src/ov_SC02_037/../shared/ov/func_8016163C.h:18: warning: passing arg 1 of `func_80159B3C' makes pointer from integer without a cast
src/ov_SC02_037/../shared/ov/func_8016163C.h:24: warning: passing arg 1 of `func_801599A4' makes pointer from integer without a cast
src/ov_SC02_037/../shared/ov/func_8016163C.h:31: warning: passing arg 1 of `func_801599A4' makes pointer from integer without a cast
src/ov_SC02_037/../shared/ov/func_8016163C.h:32: warning: passing arg 1 of `func_80159B3C' makes pointer from integer without a cast
src/ov_SC02_037/../shared/ov/func_8016163C.h:44: warning: passing arg 1 of `func_801599A4' makes pointer from integer without a cast
src/ov_SC02_037/../shared/ov/func_8016163C.h:45: warning: passing arg 1 of `func_8015F2F0' makes pointer from integer without a cast
src/ov_SC02_037/ov_SC02_037_jr_801789AC.c:4418: warning: passing arg 1 makes integer from pointer without a cast
src/ov_SC02_037/../shared/ov/func_80161774.h: In function `func_80161774':
In file included from src/ov_SC02_037/ov_SC02_037_jr_8015A3C8.c:5630:
src/ov_SC02_037/../shared/ov/func_80161774.h:22: warning: passing arg 1 of `func_801599A4' makes pointer from integer without a cast
src/ov_SC02_037/../shared/ov/func_80161774.h:44: warning: passing arg 1 of `func_801599A4' makes pointer from integer without a cast
src/ov_SC02_037/../shared/ov/func_8016EDEC.h: In function `func_8016EDEC':
In file included from src/ov_SC02_037/ov_SC02_037_jr_8016AE5C.c:4916:
src/ov_SC02_037/../shared/ov/func_8016EDEC.h:13: warning: assignment from incompatible pointer type
src/ov_SC02_037/../shared/ov/func_8016EDEC.h:16: warning: passing arg 1 from incompatible pointer type
src/ov_SC02_037/../shared/ov/func_8016EDEC.h:17: warning: passing arg 1 from incompatible pointer type
src/ov_SC02_037/../shared/ov/func_8016EE40.h: In function `func_8016EE40':
In file included from src/ov_SC02_037/ov_SC02_037_jr_8016AE5C.c:4919:
src/ov_SC02_037/../shared/ov/func_8016EE40.h:17: warning: passing arg 1 from incompatible pointer type
src/ov_SC02_037/../shared/ov/func_8016EE40.h:19: warning: passing arg 1 from incompatible pointer type
src/ov_SC02_037/ov_SC02_037_jr_8013F350.c: In function `func_801442F8':
src/ov_SC02_037/ov_SC02_037_jr_8013F350.c:3082: warning: passing arg 1 of `func_8012C218' makes pointer from integer without a cast
src/ov_SC02_037/ov_SC02_037_jr_8013F350.c: In function `func_80144458':
src/ov_SC02_037/ov_SC02_037_jr_8013F350.c:3148: warning: passing arg 1 of `func_8012AD80' makes integer from pointer without a cast
src/ov_SC02_037/ov_SC02_037_jr_8013F350.c:3154: warning: passing arg 1 of `func_80128ED8' makes integer from pointer without a cast
src/ov_SC02_037/../shared/ov/func_80172D14.h: In function `func_80172D14':
In file included from src/ov_SC02_037/ov_SC02_037_jr_80171B4C.c:3517:
src/ov_SC02_037/../shared/ov/func_80172D14.h:9: warning: passing arg 1 of `func_80171AB0' makes integer from pointer without a cast
src/ov_SC02_037/../shared/ov/func_80172D14.h:11: warning: passing arg 1 of `func_80174650' makes integer from pointer without a cast
src/ov_SC02_037/../shared/ov/func_8014462C.h: In function `func_8014462C':
In file included from src/ov_SC02_037/ov_SC02_037_jr_8013F350.c:3164:
src/ov_SC02_037/../shared/ov/func_8014462C.h:13: warning: passing arg 1 of `func_80128ED8' makes integer from pointer without a cast
src/ov_SC02_037/../shared/ov/func_8014462C.h:13: warning: passing arg 2 of `func_80128ED8' from incompatible pointer type
src/ov_SC02_037/../shared/ov/func_80172E20.h: In function `func_80172E20':
In file included from src/ov_SC02_037/ov_SC02_037_jr_80171B4C.c:3536:
src/ov_SC02_037/../shared/ov/func_80172E20.h:14: warning: passing arg 1 of `func_80171AB0' makes integer from pointer without a cast
src/ov_SC02_037/../shared/ov/func_80172E20.h:16: warning: passing arg 1 of `func_80174650' makes integer from pointer without a cast
src/ov_SC02_037/../shared/ov/func_8017303C.h: In function `func_8017303C':
In file included from src/ov_SC02_037/ov_SC02_037_jr_80171B4C.c:3563:
src/ov_SC02_037/../shared/ov/func_8017303C.h:9: warning: assignment makes integer from pointer without a cast
src/ov_SC02_037/../shared/ov/func_801730FC.h: In function `func_801730FC':
In file included from src/ov_SC02_037/ov_SC02_037_jr_80171B4C.c:3576:
src/ov_SC02_037/../shared/ov/func_801730FC.h:12: warning: passing arg 1 of `func_80147060' from incompatible pointer type
src/ov_SC02_037/../shared/ov/func_801730FC.h:13: warning: passing arg 1 of `func_80154150' makes integer from pointer without a cast
src/ov_SC02_037/../shared/ov/func_8016F4FC.h: In function `func_8016F4FC':
In file included from src/ov_SC02_037/ov_SC02_037_jr_8016AE5C.c:5074:
src/ov_SC02_037/../shared/ov/func_8016F4FC.h:9: warning: passing arg 1 of `func_800D1724' makes integer from pointer without a cast
src/ov_SC02_037/ov_SC02_037_jr_80171B4C.c: In function `func_80173220':
src/ov_SC02_037/ov_SC02_037_jr_80171B4C.c:3612: warning: passing arg 1 of `func_80174650' makes integer from pointer without a cast
src/ov_SC02_037/../shared/ov/func_8016F71C.h: In function `func_8016F71C':
In file included from src/ov_SC02_037/ov_SC02_037_jr_8016AE5C.c:5110:
src/ov_SC02_037/../shared/ov/func_8016F71C.h:11: warning: passing arg 1 of `func_8016F764' makes pointer from integer without a cast
src/ov_SC02_037/../shared/ov/func_8012F568.h: In function `func_8012F568':
In file included from src/ov_SC02_037/ov_SC02_037.c:2032:
src/ov_SC02_037/../shared/ov/func_8012F568.h:12: warning: passing arg 2 of `memcpy' makes pointer from integer without a cast
src/ov_SC02_037/../shared/ov/func_8012F568.h:13: warning: passing arg 2 of `memcpy' makes pointer from integer without a cast
src/ov_SC02_037/ov_SC02_037_jr_80171B4C.c: At top level:
src/ov_SC02_037/ov_SC02_037_jr_80171B4C.c:3683: warning: type mismatch with previous external decl
src/ov_SC02_037/ov_SC02_037_jr_80171B4C.c:3662: warning: previous external decl of `func_80173544'
src/ov_SC02_037/ov_SC02_037_jr_8015A3C8.c: In function `func_8016216C':
src/ov_SC02_037/ov_SC02_037_jr_8015A3C8.c:5924: warning: type mismatch with previous external decl
src/ov_SC02_037/ov_SC02_037_jr_8015A3C8.c:5849: warning: previous external decl of `D_801C8598'
src/ov_SC02_037/ov_SC02_037_jr_8015A3C8.c: In function `func_801621CC':
src/ov_SC02_037/ov_SC02_037_jr_8015A3C8.c:5946: warning: type mismatch with previous external decl
src/ov_SC02_037/ov_SC02_037_jr_8015A3C8.c:5834: warning: previous external decl of `D_80078EB0'
src/ov_SC02_037/ov_SC02_037_jr_8015A3C8.c: In function `func_801622C4':
src/ov_SC02_037/ov_SC02_037_jr_8015A3C8.c:6006: warning: type mismatch with previous external decl
src/ov_SC02_037/ov_SC02_037_jr_8015A3C8.c:5849: warning: previous external decl of `D_801C8598'
src/ov_SC02_037/ov_SC02_037_jr_8015A3C8.c:6013: warning: assignment from incompatible pointer type
src/ov_SC02_037/ov_SC02_037_jr_8015A3C8.c: In function `func_80162438':
src/ov_SC02_037/ov_SC02_037_jr_8015A3C8.c:6051: warning: type mismatch with previous external decl
src/ov_SC02_037/ov_SC02_037_jr_8015A3C8.c:5834: warning: previous external decl of `D_80078EB0'
src/ov_SC02_037/../shared/ov/func_80173A60.h: In function `func_80173A60':
In file included from src/ov_SC02_037/ov_SC02_037_jr_80171B4C.c:3771:
src/ov_SC02_037/../shared/ov/func_80173A60.h:24: warning: passing arg 2 of `__builtin_memcpy' makes pointer from integer without a cast
src/ov_SC02_037/../shared/ov/func_80173BC0.h: In function `func_80173BC0':
In file included from src/ov_SC02_037/ov_SC02_037_jr_80171B4C.c:3786:
src/ov_SC02_037/../shared/ov/func_80173BC0.h:20: warning: passing arg 1 of `func_80171A34' from incompatible pointer type
src/ov_SC02_037/../shared/ov/func_8016FE2C.h: In function `func_8016FE2C':
In file included from src/ov_SC02_037/ov_SC02_037_jr_8016AE5C.c:5242:
src/ov_SC02_037/../shared/ov/func_8016FE2C.h:7: warning: passing arg 1 of `func_80172658' from incompatible pointer type
src/ov_SC02_037/../shared/ov/func_8014B034.h: At top level:
In file included from src/ov_SC02_037/ov_SC02_037_jr_801458E0.c:2746:
src/ov_SC02_037/../shared/ov/func_8014B034.h:4: warning: type mismatch with previous external decl
src/ov_SC02_037/../shared/ov/func_8014ADE0.h:22: warning: previous external decl of `D_80078E90'
src/ov_SC02_037/../shared/ov/func_80170374.h: In function `func_80170374':
In file included from src/ov_SC02_037/ov_SC02_037_jr_8016AE5C.c:5329:
src/ov_SC02_037/../shared/ov/func_80170374.h:11: warning: passing arg 1 of `func_8014C168' from incompatible pointer type
src/ov_SC02_037/../shared/ov/func_8017044C.h: In function `func_8017044C':
In file included from src/ov_SC02_037/ov_SC02_037_jr_8016AE5C.c:5344:
src/ov_SC02_037/../shared/ov/func_8017044C.h:14: warning: passing arg 1 of `func_80171AB0' makes integer from pointer without a cast
src/ov_SC02_037/../shared/ov/func_801743F0.h: In function `func_801743F0':
In file included from src/ov_SC02_037/ov_SC02_037_jr_80171B4C.c:3850:
src/ov_SC02_037/../shared/ov/func_801743F0.h:8: warning: passing arg 1 of `func_80172658' from incompatible pointer type
src/ov_SC02_037/../shared/ov/func_801705C0.h: In function `func_801705C0':
In file included from src/ov_SC02_037/ov_SC02_037_jr_8016AE5C.c:5374:
src/ov_SC02_037/../shared/ov/func_801705C0.h:8: warning: passing arg 1 makes integer from pointer without a cast
src/ov_SC02_037/ov_SC02_037_jr_8015A3C8.c:7567: warning: "SHB" redefined
 7567 | #define SHB(x) __asm__ __volatile__("" : "=r"(x) : "0"(x))
      | 
src/ov_SC02_037/ov_SC02_037_jr_8015A3C8.c:5543: note: this is the location of the previous definition
 5543 | #define SHB(x) __asm__("" : "=r"(x) : "0"(x))
      | 
src/ov_SC02_037/ov_SC02_037_jr_8015A3C8.c:7568: warning: "SHB" redefined
 7568 | #define SHB(x) __asm__("" : "=r"(x) : "0"(x))
      | 
src/ov_SC02_037/ov_SC02_037_jr_8015A3C8.c:7567: note: this is the location of the previous definition
 7567 | #define SHB(x) __asm__ __volatile__("" : "=r"(x) : "0"(x))
      | 
src/ov_SC02_037/../shared/ov/func_80170B48.h: In function `func_80170B48':
In file included from src/ov_SC02_037/ov_SC02_037_jr_8016AE5C.c:5468:
src/ov_SC02_037/../shared/ov/func_80170B48.h:9: warning: passing arg 1 of `func_8014706C' makes pointer from integer without a cast
src/ov_SC02_037/../shared/ov/func_80170B90.h: At top level:
In file included from src/ov_SC02_037/ov_SC02_037_jr_8016AE5C.c:5471:
src/ov_SC02_037/../shared/ov/func_80170B90.h:5: warning: type mismatch with previous external decl
src/ov_SC02_037/../shared/ov/func_80170B48.h:12: warning: previous external decl of `func_80170B90'
src/ov_SC02_037/../shared/ov/func_80170B90.h:5: warning: type mismatch with previous implicit declaration
src/ov_SC02_037/../shared/ov/func_80170B48.h:12: warning: previous implicit declaration of `func_80170B90'
src/ov_SC02_037/../shared/ov/func_80170B90.h:5: warning: `func_80170B90' was previously implicitly declared to return `int'
src/ov_SC02_037/../shared/ov/func_8016345C.h: At top level:
In file included from src/ov_SC02_037/ov_SC02_037_jr_8015A3C8.c:6351:
src/ov_SC02_037/../shared/ov/func_8016345C.h:5: warning: type mismatch with previous external decl
src/ov_SC02_037/ov_SC02_037_jr_8015A3C8.c:6342: warning: previous external decl of `func_8016345C'
src/ov_SC02_037/../shared/ov/func_8016345C.h: In function `func_8016345C':
src/ov_SC02_037/../shared/ov/func_8016345C.h:8: warning: passing arg 6 of `func_80163534' makes pointer from integer without a cast
src/ov_SC02_037/../shared/ov/func_80170CF0.h: In function `func_80170CF0':
In file included from src/ov_SC02_037/ov_SC02_037_jr_8016AE5C.c:5502:
src/ov_SC02_037/../shared/ov/func_80170CF0.h:11: warning: passing arg 1 makes integer from pointer without a cast
In file included from src/ov_SC02_037/ov_SC02_037_jr_801458E0.c:2863:
src/ov_SC02_037/../shared/ov/func_8014BE9C.h:4: warning: type mismatch with previous external decl
src/ov_SC02_037/ov_SC02_037_jr_801458E0.c:1231: warning: previous external decl of `func_8014BE9C'
src/ov_SC02_037/../shared/ov/func_80170DE0.h: In function `func_80170DE0':
In file included from src/ov_SC02_037/ov_SC02_037_jr_8016AE5C.c:5517:
src/ov_SC02_037/../shared/ov/func_80170DE0.h:11: warning: passing arg 1 makes integer from pointer without a cast
src/ov_SC02_037/../shared/ov/func_80170EAC.h: In function `func_80170EAC':
In file included from src/ov_SC02_037/ov_SC02_037_jr_8016AE5C.c:5532:
src/ov_SC02_037/../shared/ov/func_80170EAC.h:11: warning: passing arg 1 makes integer from pointer without a cast
src/ov_SC02_037/../shared/ov/func_801710DC.h: In function `func_801710DC':
In file included from src/ov_SC02_037/ov_SC02_037_jr_8016AE5C.c:5577:
src/ov_SC02_037/../shared/ov/func_801710DC.h:9: warning: passing arg 1 makes integer from pointer without a cast
src/ov_SC02_037/../shared/ov/func_801710DC.h:10: warning: passing arg 1 makes integer from pointer without a cast
src/ov_SC02_037/../shared/ov/func_8014C168.h: In function `func_8014C168':
In file included from src/ov_SC02_037/ov_SC02_037_jr_801458E0.c:2908:
src/ov_SC02_037/../shared/ov/func_8014C168.h:12: warning: return makes integer from pointer without a cast
src/ov_SC02_037/../shared/ov/func_8014C168.h:16: warning: return makes integer from pointer without a cast
src/ov_SC02_037/ov_SC02_037_jr_80171B4C.c: In function `func_80175218':
src/ov_SC02_037/ov_SC02_037_jr_80171B4C.c:4091: warning: passing arg 1 makes integer from pointer without a cast
src/ov_SC02_037/ov_SC02_037_jr_80171B4C.c:4092: warning: passing arg 1 makes integer from pointer without a cast
src/ov_SC02_037/../shared/ov/func_8014C3D0.h: In function `func_8014C3D0':
In file included from src/ov_SC02_037/ov_SC02_037_jr_801458E0.c:2934:
src/ov_SC02_037/../shared/ov/func_8014C3D0.h:6: warning: passing arg 2 of `func_8014C59C' makes pointer from integer without a cast
src/ov_SC02_037/ov_SC02_037.c: In function `func_80130D48':
src/ov_SC02_037/ov_SC02_037.c:2417: warning: assignment makes pointer from integer without a cast
src/ov_SC02_037/../shared/ov/func_8014C43C.h: In function `func_8014C43C':
In file included from src/ov_SC02_037/ov_SC02_037_jr_801458E0.c:2937:
src/ov_SC02_037/../shared/ov/func_8014C43C.h:9: warning: passing arg 4 of `func_8014C4AC' makes pointer from integer without a cast
src/ov_SC02_037/../shared/ov/func_8014C6D0.h: At top level:
In file included from src/ov_SC02_037/ov_SC02_037_jr_801458E0.c:2974:
src/ov_SC02_037/../shared/ov/func_8014C6D0.h:4: warning: type mismatch with previous external decl
src/ov_SC02_037/ov_SC02_037_jr_801458E0.c:1239: warning: previous external decl of `func_8014C6D0'
src/ov_SC02_037/../shared/ov/func_801758FC.h: In function `func_801758FC':
In file included from src/ov_SC02_037/ov_SC02_037_jr_80171B4C.c:4204:
src/ov_SC02_037/../shared/ov/func_801758FC.h:6: warning: type mismatch with previous external decl
src/ov_SC02_037/../shared/ov/func_80175820.h:6: warning: previous external decl of `D_800AE7BC'
src/ov_SC02_037/../shared/ov/func_801758FC.h:7: warning: type mismatch with previous external decl
src/ov_SC02_037/../shared/ov/func_80175820.h:7: warning: previous external decl of `D_800AF634'
In file included from src/ov_SC02_037/ov_SC02_037_jr_801458E0.c:3022:
src/ov_SC02_037/../shared/ov/func_8014C968.h:4: warning: type mismatch with previous external decl
src/ov_SC02_037/ov_SC02_037_jr_801458E0.c:1238: warning: previous external decl of `func_8014C968'
src/ov_SC02_037/../shared/ov/func_801759D8.h: In function `func_801759D8':
In file included from src/ov_SC02_037/ov_SC02_037_jr_80171B4C.c:4213:
src/ov_SC02_037/../shared/ov/func_801759D8.h:7: warning: type mismatch with previous external decl
src/ov_SC02_037/../shared/ov/func_80175820.h:6: warning: previous external decl of `D_800AE7BC'
src/ov_SC02_037/../shared/ov/func_801759D8.h:8: warning: type mismatch with previous external decl
src/ov_SC02_037/../shared/ov/func_80175820.h:7: warning: previous external decl of `D_800AF634'
src/ov_SC02_037/ov_SC02_037_jr_80171B4C.c: In function `func_80175AB8':
src/ov_SC02_037/ov_SC02_037_jr_80171B4C.c:4221: warning: type mismatch with previous external decl
src/ov_SC02_037/../shared/ov/func_80175820.h:7: warning: previous external decl of `D_800AF634'
src/ov_SC02_037/../shared/ov/func_8014CD0C.h: In function `func_8014CD0C':
In file included from src/ov_SC02_037/ov_SC02_037_jr_801458E0.c:3123:
src/ov_SC02_037/../shared/ov/func_8014CD0C.h:21: warning: passing arg 2 of `func_8014CF04' makes integer from pointer without a cast
src/ov_SC02_037/ov_SC02_037_jr_80171B4C.c: In function `func_80175DA8':
src/ov_SC02_037/ov_SC02_037_jr_80171B4C.c:4325: warning: type mismatch with previous external decl
src/ov_SC02_037/../shared/ov/func_80175820.h:7: warning: previous external decl of `D_800AF634'
src/ov_SC02_037/../shared/ov/func_8014CD80.h: In function `func_8014CD80':
In file included from src/ov_SC02_037/ov_SC02_037_jr_801458E0.c:3126:
src/ov_SC02_037/../shared/ov/func_8014CD80.h:43: warning: passing arg 3 of `func_80135888' makes integer from pointer without a cast
src/ov_SC02_037/../shared/ov/func_8014CD80.h:43: warning: passing arg 4 of `func_80135888' makes integer from pointer without a cast
src/ov_SC02_037/ov_SC02_037_jr_8017AE2C.c: In function `func_801827A8':
src/ov_SC02_037/ov_SC02_037_jr_8017AE2C.c:8959: warning: passing arg 1 of `RotTransSV' makes integer from pointer without a cast
src/ov_SC02_037/ov_SC02_037_jr_8017AE2C.c:8959: warning: passing arg 2 of `RotTransSV' makes integer from pointer without a cast
src/ov_SC02_037/ov_SC02_037_jr_80171B4C.c: In function `func_80176218':
src/ov_SC02_037/ov_SC02_037_jr_80171B4C.c:4633: warning: passing arg 1 of `func_80177DA8' makes pointer from integer without a cast
src/ov_SC02_037/../shared/ov/func_8014D438.h: In function `func_8014D438':
In file included from src/ov_SC02_037/ov_SC02_037_jr_801458E0.c:3204:
src/ov_SC02_037/../shared/ov/func_8014D438.h:15: warning: passing arg 2 of `func_8014D610' makes integer from pointer without a cast
src/ov_SC02_037/ov_SC02_037_jr_8015A3C8.c: In function `func_801651B8':
src/ov_SC02_037/ov_SC02_037_jr_8015A3C8.c:6904: warning: type mismatch with previous external decl
src/ov_SC02_037/ov_SC02_037_jr_8015A3C8.c:6878: warning: previous external decl of `D_801C8690'
src/ov_SC02_037/ov_SC02_037_jr_8015A3C8.c:6909: warning: assignment makes integer from pointer without a cast
src/ov_SC02_037/ov_SC02_037_jr_8017AE2C.c: In function `func_80182E18':
src/ov_SC02_037/ov_SC02_037_jr_8017AE2C.c:9127: warning: passing arg 1 of `func_8012B2CC' makes integer from pointer without a cast
src/ov_SC02_037/../shared/ov/func_80165CA0.h: In function `func_80165CA0':
In file included from src/ov_SC02_037/ov_SC02_037_jr_8015A3C8.c:7209:
src/ov_SC02_037/../shared/ov/func_80165CA0.h:13: warning: assignment from incompatible pointer type
src/ov_SC02_037/ov_SC02_037_jr_8015A3C8.c: In function `func_80165FA4':
src/ov_SC02_037/ov_SC02_037_jr_8015A3C8.c:7232: warning: passing arg 2 makes pointer from integer without a cast
src/ov_SC02_037/ov_SC02_037_jr_8015A3C8.c:7232: warning: passing arg 3 makes pointer from integer without a cast
src/ov_SC02_037/ov_SC02_037_jr_8015A3C8.c:7233: warning: passing arg 2 makes pointer from integer without a cast
src/ov_SC02_037/ov_SC02_037_jr_8015A3C8.c:7233: warning: passing arg 3 makes pointer from integer without a cast
src/ov_SC02_037/ov_SC02_037_jr_8017AE2C.c: In function `func_80183A64':
src/ov_SC02_037/ov_SC02_037_jr_8017AE2C.c:9639: warning: type mismatch with previous external decl
src/ov_SC02_037/ov_SC02_037_jr_8017AE2C.c:9537: warning: previous external decl of `D_801C6C44'
src/ov_SC02_037/../shared/ov/func_8014E48C.h: src/ov_SC02_037/ov_SC02_037_jr_8017AE2C.c: In function `func_8014E48C':
In function `func_80183B1C':
In file includedsrc/ov_SC02_037/ov_SC02_037_jr_8017AE2C.c:9667:  from src/ov_SC02_037/ov_SC02_037_jr_801458E0.c:3667:
warning: src/ov_SC02_037/../shared/ov/func_8014E48C.h:17: warning: type mismatch with previous external declpassing arg 1 of `func_8014E514' makes pointer from integer without a cast

src/ov_SC02_037/ov_SC02_037_jr_8017AE2C.c:9540: src/ov_SC02_037/../shared/ov/func_8014E48C.h:17: warning: warning: previous external decl of `passing arg 2 of `func_8014E514' makes integer from pointer without a castD_801C6C7C
'src/ov_SC02_037/../shared/ov/func_8014E48C.h:17: 
warning: passing arg 3 of `func_8014E514' makes integer from pointer without a cast
src/ov_SC02_037/../shared/ov/func_80166438.h: In function `func_80166438':
In file included from src/ov_SC02_037/ov_SC02_037_jr_8015A3C8.c:7292:
src/ov_SC02_037/../shared/ov/func_80166438.h:60: warning: passing arg 1 of `func_80146C3C' makes pointer from integer without a cast
src/ov_SC02_037/../shared/ov/func_8014E790.h: In function `func_8014E790':
In file included from src/ov_SC02_037/ov_SC02_037_jr_801458E0.c:3776:
src/ov_SC02_037/../shared/ov/func_8014E790.h:8: warning: passing arg 3 of `func_80135888' makes integer from pointer without a cast
src/ov_SC02_037/../shared/ov/func_8014E790.h:8: warning: passing arg 4 of `func_80135888' makes integer from pointer without a cast
src/ov_SC02_037/../shared/ov/func_8014E83C.h: In function `func_8014E83C':
In file included from src/ov_SC02_037/ov_SC02_037_jr_801458E0.c:3779:
src/ov_SC02_037/../shared/ov/func_8014E83C.h:18: warning: passing arg 3 of `func_80135888' makes integer from pointer without a cast
src/ov_SC02_037/../shared/ov/func_8014E83C.h:18: warning: passing arg 4 of `func_80135888' makes integer from pointer without a cast
src/ov_SC02_037/../shared/ov/func_801665B4.h: In function `func_801665B4':
In file included from src/ov_SC02_037/ov_SC02_037_jr_8015A3C8.c:7295:
src/ov_SC02_037/../shared/ov/func_801665B4.h:8: warning: passing arg 1 of `func_80128ED8' makes integer from pointer without a cast
src/ov_SC02_037/../shared/ov/func_801665B4.h:9: warning: passing arg 1 of `func_80146C3C' makes pointer from integer without a cast
src/ov_SC02_037/../shared/ov/func_8014EE14.h: In function `func_8014EE14':
In file included from src/ov_SC02_037/ov_SC02_037_jr_801458E0.c:3850:
src/ov_SC02_037/../shared/ov/func_8014EE14.h:22: warning: assignment makes integer from pointer without a cast
src/ov_SC02_037/../shared/ov/func_80178004.h: In function `func_80178004':
In file included from src/ov_SC02_037/ov_SC02_037_jr_80171B4C.c:5253:
src/ov_SC02_037/../shared/ov/func_80178004.h:133: warning: return makes integer from pointer without a cast
{standard input}: Assembler messages:
{standard input}:567: Warning: used $at without ".set noat"
{standard input}:568: Warning: used $at without ".set noat"
{standard input}:676: Warning: used $at without ".set noat"
{standard input}:677: Warning: used $at without ".set noat"
src/ov_SC02_037/ov_SC02_037_jr_8015A3C8.c: In function `func_8016829C':
src/ov_SC02_037/ov_SC02_037_jr_8015A3C8.c:8139: warning: prototype for `func_80166994' follows
src/ov_SC02_037/ov_SC02_037_jr_8015A3C8.c:7458: warning: non-prototype definition here
src/ov_SC02_037/../shared/ov/func_80168A14.h: In function `func_80168A14':
In file included from src/ov_SC02_037/ov_SC02_037_jr_8015A3C8.c:8328:
src/ov_SC02_037/../shared/ov/func_80168A14.h:11: warning: passing arg 2 of `func_80146A6C' makes pointer from integer without a cast
src/ov_SC02_037/../shared/ov/func_80151204.h: In function `func_80151204':
In file included from src/ov_SC02_037/ov_SC02_037_jr_801458E0.c:4454:
src/ov_SC02_037/../shared/ov/func_80151204.h:7: warning: passing arg 1 of `func_8014ACE8' makes pointer from integer without a cast
src/ov_SC02_037/../shared/ov/func_8015126C.h: In function `func_8015126C':
In file included from src/ov_SC02_037/ov_SC02_037_jr_801458E0.c:4460:
src/ov_SC02_037/../shared/ov/func_8015126C.h:132: warning: passing arg 1 of `func_8015173C' from incompatible pointer type
src/ov_SC02_037/../shared/ov/func_80151AE4.h: In function `func_80151AE4':
In file included from src/ov_SC02_037/ov_SC02_037_jr_801458E0.c:4543:
src/ov_SC02_037/../shared/ov/func_80151AE4.h:16: warning: passing arg 1 of `func_80149020' makes pointer from integer without a cast
src/ov_SC02_037/../shared/ov/func_80151AE4.h:19: warning: passing arg 1 of `func_80159B3C' makes pointer from integer without a cast
src/ov_SC02_037/../shared/ov/func_80151AE4.h:32: warning: passing arg 1 of `func_8015BDD0' makes pointer from integer without a cast
src/ov_SC02_037/ov_SC02_037_jr_801458E0.c: In function `func_801520DC':
src/ov_SC02_037/ov_SC02_037_jr_801458E0.c:4611: warning: passing arg 1 of `func_80149020' makes pointer from integer without a cast
src/ov_SC02_037/ov_SC02_037_jr_801458E0.c:4612: warning: passing arg 1 of `func_801472C8' makes pointer from integer without a cast
src/ov_SC02_037/ov_SC02_037_jr_801458E0.c:4614: warning: passing arg 1 of `func_80146DB8' makes pointer from integer without a cast
src/ov_SC02_037/ov_SC02_037_jr_801458E0.c:4615: warning: passing arg 1 of `func_801477E8' makes pointer from integer without a cast
src/ov_SC02_037/ov_SC02_037_jr_801458E0.c:4616: warning: passing arg 1 of `func_8014CBF8' makes pointer from integer without a cast
src/ov_SC02_037/ov_SC02_037_jr_801458E0.c:4617: warning: passing arg 1 of `func_801474EC' makes pointer from integer without a cast
src/ov_SC02_037/ov_SC02_037_jr_801458E0.c:4618: warning: passing arg 2 of `func_80146A6C' makes pointer from integer without a cast
src/ov_SC02_037/ov_SC02_037_jr_801458E0.c:4620: warning: passing arg 1 of `func_80146CA0' makes pointer from integer without a cast
src/ov_SC02_037/../shared/ov/func_80169E44.h: In function `func_80169E44':
In file included from src/ov_SC02_037/ov_SC02_037_jr_8015A3C8.c:8812:
src/ov_SC02_037/../shared/ov/func_80169E44.h:9: warning: passing arg 1 of `func_80128ED8' makes integer from pointer without a cast
src/ov_SC02_037/../shared/ov/func_80152254.h: In function `func_80152254':
In file included from src/ov_SC02_037/ov_SC02_037_jr_801458E0.c:4630:
src/ov_SC02_037/../shared/ov/func_80152254.h:22: warning: passing arg 1 of `func_80159B3C' makes pointer from integer without a cast
src/ov_SC02_037/ov_SC02_037_jr_801458E0.c: In function `func_801528B0':
src/ov_SC02_037/ov_SC02_037_jr_801458E0.c:4756: warning: passing arg 1 of `func_80149020' makes pointer from integer without a cast
src/ov_SC02_037/ov_SC02_037_jr_801458E0.c:4757: warning: passing arg 1 of `func_80154274' makes pointer from integer without a cast
src/ov_SC02_037/ov_SC02_037_jr_801458E0.c:4757: warning: passing arg 2 of `func_80154274' makes integer from pointer without a cast
src/ov_SC02_037/ov_SC02_037_jr_801458E0.c:4760: warning: passing arg 1 of `func_80146DB8' makes pointer from integer without a cast
src/ov_SC02_037/ov_SC02_037_jr_801458E0.c:4761: warning: passing arg 1 of `func_801477E8' makes pointer from integer without a cast
src/ov_SC02_037/ov_SC02_037_jr_801458E0.c:4762: warning: passing arg 1 of `func_8014CBF8' makes pointer from integer without a cast
src/ov_SC02_037/ov_SC02_037_jr_801458E0.c:4763: warning: passing arg 1 of `func_801474EC' makes pointer from integer without a cast
src/ov_SC02_037/ov_SC02_037_jr_801458E0.c:4764: warning: passing arg 1 of `func_80146CA0' makes pointer from integer without a cast
src/ov_SC02_037/../shared/ov/func_8015294C.h: In function `func_8015294C':
In file included from src/ov_SC02_037/ov_SC02_037_jr_801458E0.c:4768:
src/ov_SC02_037/../shared/ov/func_8015294C.h:31: warning: passing arg 1 of `func_801472C8' from incompatible pointer type
src/ov_SC02_037/../shared/ov/func_80152A50.h: In function `func_80152A50':
In file included from src/ov_SC02_037/ov_SC02_037_jr_801458E0.c:4774:
src/ov_SC02_037/../shared/ov/func_80152A50.h:22: warning: passing arg 1 of `func_80159B3C' makes pointer from integer without a cast
src/ov_SC02_037/../shared/ov/func_80152BF0.h: In function `func_80152BF0':
In file included from src/ov_SC02_037/ov_SC02_037_jr_801458E0.c:4792:
src/ov_SC02_037/../shared/ov/func_80152BF0.h:13: warning: passing arg 1 of `func_80146CA0' makes pointer from integer without a cast
src/ov_SC02_037/../shared/ov/func_80152C80.h: In function `func_80152C80':
In file included from src/ov_SC02_037/ov_SC02_037_jr_801458E0.c:4798:
src/ov_SC02_037/../shared/ov/func_80152C80.h:12: warning: initialization makes integer from pointer without a cast
src/ov_SC02_037/ov_SC02_037_jr_801458E0.c: In function `func_80152DA8':
src/ov_SC02_037/ov_SC02_037_jr_801458E0.c:4833: warning: passing arg 1 of `func_80149020' makes pointer from integer without a cast
src/ov_SC02_037/ov_SC02_037_jr_801458E0.c:4834: warning: passing arg 1 of `func_80154274' makes pointer from integer without a cast
src/ov_SC02_037/ov_SC02_037_jr_801458E0.c:4834: warning: passing arg 2 of `func_80154274' makes integer from pointer without a cast
src/ov_SC02_037/ov_SC02_037_jr_801458E0.c:4838: warning: passing arg 1 of `func_80146DB8' makes pointer from integer without a cast
src/ov_SC02_037/ov_SC02_037_jr_801458E0.c:4839: warning: passing arg 1 of `func_801477E8' makes pointer from integer without a cast
src/ov_SC02_037/ov_SC02_037_jr_801458E0.c:4840: warning: passing arg 1 of `func_8014CBF8' makes pointer from integer without a cast
src/ov_SC02_037/ov_SC02_037_jr_801458E0.c:4841: warning: passing arg 1 of `func_801474EC' makes pointer from integer without a cast
src/ov_SC02_037/ov_SC02_037_jr_801458E0.c:4842: warning: passing arg 1 of `func_80146CA0' makes pointer from integer without a cast
src/ov_SC02_037/../shared/ov/func_80152E4C.h: In function `func_80152E4C':
In file included from src/ov_SC02_037/ov_SC02_037_jr_801458E0.c:4846:
src/ov_SC02_037/../shared/ov/func_80152E4C.h:34: warning: passing arg 1 of `func_801472C8' makes pointer from integer without a cast
src/ov_SC02_037/../shared/ov/func_80152F44.h: In function `func_80152F44':
In file included from src/ov_SC02_037/ov_SC02_037_jr_801458E0.c:4852:
src/ov_SC02_037/../shared/ov/func_80152F44.h:22: warning: passing arg 1 of `func_80159B3C' makes pointer from integer without a cast
src/ov_SC02_037/../shared/ov/func_801530E4.h: In function `func_801530E4':
In file included from src/ov_SC02_037/ov_SC02_037_jr_801458E0.c:4870:
src/ov_SC02_037/../shared/ov/func_801530E4.h:14: warning: passing arg 1 of `func_80149020' makes pointer from integer without a cast
src/ov_SC02_037/../shared/ov/func_801530E4.h:15: warning: passing arg 1 of `func_801472C8' makes pointer from integer without a cast
src/ov_SC02_037/../shared/ov/func_801530E4.h:17: warning: passing arg 1 of `func_8014CBF8' makes pointer from integer without a cast
src/ov_SC02_037/../shared/ov/func_801530E4.h:18: warning: passing arg 1 of `func_801474EC' makes pointer from integer without a cast
src/ov_SC02_037/../shared/ov/func_801530E4.h:19: warning: passing arg 1 of `func_80155440' makes pointer from integer without a cast
src/ov_SC02_037/../shared/ov/func_801530E4.h:20: warning: passing arg 1 of `func_80146CA0' makes pointer from integer without a cast
src/ov_SC02_037/../shared/ov/func_80153204.h: In function `func_80153204':
In file included from src/ov_SC02_037/ov_SC02_037_jr_801458E0.c:4879:
src/ov_SC02_037/../shared/ov/func_80153204.h:22: warning: passing arg 1 of `func_80159B3C' makes pointer from integer without a cast
src/ov_SC02_037/../shared/ov/func_801533A4.h: In function `func_801533A4':
In file included from src/ov_SC02_037/ov_SC02_037_jr_801458E0.c:4897:
src/ov_SC02_037/../shared/ov/func_801533A4.h:12: warning: passing arg 1 of `func_80149020' makes pointer from integer without a cast
src/ov_SC02_037/../shared/ov/func_801533A4.h:15: warning: passing arg 1 of `func_8014CBF8' makes pointer from integer without a cast
src/ov_SC02_037/../shared/ov/func_801533A4.h:16: warning: passing arg 1 of `func_801474EC' makes pointer from integer without a cast
src/ov_SC02_037/../shared/ov/func_801533A4.h:17: warning: passing arg 1 of `func_80155440' makes pointer from integer without a cast
src/ov_SC02_037/../shared/ov/func_801533A4.h:18: warning: passing arg 1 of `func_80146CA0' makes pointer from integer without a cast
src/ov_SC02_037/../shared/ov/func_801534D8.h: In function `func_801534D8':
In file included from src/ov_SC02_037/ov_SC02_037_jr_801458E0.c:4906:
src/ov_SC02_037/../shared/ov/func_801534D8.h:22: warning: passing arg 1 of `func_80159B3C' makes pointer from integer without a cast
src/ov_SC02_037/../shared/ov/func_80153C8C.h: At top level:
In file included from src/ov_SC02_037/ov_SC02_037_jr_801458E0.c:5037:
src/ov_SC02_037/../shared/ov/func_80153C8C.h:4: warning: type mismatch with previous external decl
src/ov_SC02_037/ov_SC02_037_jr_801458E0.c:1241: warning: previous external decl of `func_80153C8C'
src/ov_SC02_037/../shared/ov/func_80154150.h: In function `func_80154150':
In file included from src/ov_SC02_037/ov_SC02_037_jr_801458E0.c:5104:
src/ov_SC02_037/../shared/ov/func_80154150.h:7: warning: passing arg 1 of `func_80154190' makes pointer from integer without a cast
{standard input}: Assembler messages:
{standard input}:681: Warning: used $at without ".set noat"
{standard input}:682: Warning: used $at without ".set noat"
{standard input}:12670: Warning: used $at without ".set noat"
{standard input}:12671: Warning: used $at without ".set noat"
{standard input}:12999: Warning: used $at without ".set noat"
{standard input}:13000: Warning: used $at without ".set noat"
{standard input}:13321: Warning: used $at without ".set noat"
{standard input}:13322: Warning: used $at without ".set noat"
{standard input}:13626: Warning: used $at without ".set noat"
{standard input}:13627: Warning: used $at without ".set noat"
{standard input}:14331: Warning: used $at without ".set noat"
{standard input}:14332: Warning: used $at without ".set noat"
{standard input}:14774: Warning: used $at without ".set noat"
{standard input}:14775: Warning: used $at without ".set noat"
{standard input}:15010: Warning: used $at without ".set noat"
{standard input}:15011: Warning: used $at without ".set noat"
{standard input}:15256: Warning: used $at without ".set noat"
{standard input}:15257: Warning: used $at without ".set noat"
{standard input}:15606: Warning: used $at without ".set noat"
{standard input}:15607: Warning: used $at without ".set noat"
{standard input}:16012: Warning: used $at without ".set noat"
{standard input}:16013: Warning: used $at without ".set noat"
{standard input}:16248: Warning: used $at without ".set noat"
{standard input}:16249: Warning: used $at without ".set noat"
{standard input}:16466: Warning: used $at without ".set noat"
{standard input}:16467: Warning: used $at without ".set noat"
{standard input}:16735: Warning: used $at without ".set noat"
{standard input}:16736: Warning: used $at without ".set noat"
{standard input}:16887: Warning: used $at without ".set noat"
{standard input}:16888: Warning: used $at without ".set noat"
{standard input}:17004: Warning: used $at without ".set noat"
{standard input}:17005: Warning: used $at without ".set noat"
{standard input}:17714: Warning: used $at without ".set noat"
{standard input}:17715: Warning: used $at without ".set noat"
{standard input}:18363: Warning: used $at without ".set noat"
{standard input}:18364: Warning: used $at without ".set noat"
  LD      build/ov_SC02_037/ov_SC02_037.elf
  OBJCOPY build/ov_SC02_037/ov_SC02_037
  TRIM    build/ov_SC02_037/ov_SC02_037 (-1 B linker end-align pad)
[ OK ] build/ov_SC02_037/ov_SC02_037
       sha1 b0c5394ae23cd5f0cbb32687f61bca669151bf5f == config/check.ov_SC02_037.sha  (BYTE-IDENTICAL)
