  CC      build/src/ov_SC03_107/ov_SC03_107_o0d.o
  CC      build/src/ov_SC03_107/ov_SC03_107_jr_801458E0.o
  CC      build/src/ov_SC03_107/ov_SC03_107_jr_8016AB6C.o
  CC      build/src/ov_SC03_107/ov_SC03_107_jr_801549F8.o
  CC      build/src/ov_SC03_107/ov_SC03_107_jr_801594E8.o
  CC      build/src/ov_SC03_107/ov_SC03_107_jr_801555F4.o
  CC      build/src/ov_SC03_107/ov_SC03_107_jr_80131340.o
  CC      build/src/ov_SC03_107/ov_SC03_107_jr_801380E0.o
  CC      build/src/ov_SC03_107/ov_SC03_107_jr_80135A4C.o
  INCBIN  build/assets/ov_SC03_107/trailing.o
src/ov_SC03_107/../shared/ov/func_80145B24.h: In function `func_80145B24':
In file included from src/ov_SC03_107/ov_SC03_107_jr_801458E0.c:1211:
src/ov_SC03_107/../shared/ov/func_80145B24.h:18: warning: assignment from incompatible pointer type
src/ov_SC03_107/ov_SC03_107_jr_801549F8.c:2056: warning: type mismatch with previous external decl
src/ov_SC03_107/../shared/ov/func_80154BE4.h:8: warning: previous external decl of `func_80154C24'
src/ov_SC03_107/ov_SC03_107_jr_801549F8.c:2056: warning: type mismatch with previous implicit declaration
src/ov_SC03_107/../shared/ov/func_80154BE4.h:8: warning: previous implicit declaration of `func_80154C24'
src/ov_SC03_107/ov_SC03_107_jr_801549F8.c:2056: warning: `func_80154C24' was previously implicitly declared to return `int'
src/ov_SC03_107/ov_SC03_107_jr_801458E0.c: At top level:
src/ov_SC03_107/ov_SC03_107_jr_801458E0.c:1331: warning: type mismatch with previous external decl
src/ov_SC03_107/ov_SC03_107_jr_801458E0.c:1236: warning: previous external decl of `func_80145EE8'
src/ov_SC03_107/../shared/ov/func_80159B08.h: In function `func_80159B08':
In file included from src/ov_SC03_107/ov_SC03_107_jr_801594E8.c:2408:
src/ov_SC03_107/../shared/ov/func_80159B08.h:7: warning: passing arg 1 of `func_80159BE4' makes integer from pointer without a cast
In file included from src/ov_SC03_107/ov_SC03_107_jr_801549F8.c:2154:
src/ov_SC03_107/../shared/ov/func_80154F9C.h:10: warning: type mismatch with previous external decl
src/ov_SC03_107/../shared/ov/func_80154BE4.h:9: warning: previous external decl of `func_80154F9C'
src/ov_SC03_107/../shared/ov/func_80154F9C.h:10: warning: type mismatch with previous implicit declaration
src/ov_SC03_107/../shared/ov/func_80154BE4.h:9: warning: previous implicit declaration of `func_80154F9C'
src/ov_SC03_107/../shared/ov/func_80154F9C.h:10: warning: `func_80154F9C' was previously implicitly declared to return `int'
src/ov_SC03_107/ov_SC03_107_jr_801458E0.c:1429: warning: type mismatch with previous external decl
src/ov_SC03_107/ov_SC03_107_jr_801458E0.c:1227: warning: previous external decl of `func_80147098'
src/ov_SC03_107/ov_SC03_107_jr_801458E0.c: In function `func_80146128':
src/ov_SC03_107/ov_SC03_107_jr_801458E0.c:1462: warning: type mismatch with previous external decl
src/ov_SC03_107/ov_SC03_107_jr_801458E0.c:1246: warning: previous external decl of `D_80126B78'
src/ov_SC03_107/../shared/ov/func_801387B8.h: In function `func_801387B8':
In file included from src/ov_SC03_107/ov_SC03_107_jr_801380E0.c:1036:
src/ov_SC03_107/../shared/ov/func_801387B8.h:5: warning: type mismatch with previous external decl
src/ov_SC03_107/ov_SC03_107_jr_801380E0.c:736: warning: previous external decl of `func_80139220'
src/ov_SC03_107/../shared/ov/func_801387B8.h:29: warning: passing arg 1 of `func_80138DE0' makes pointer from integer without a cast
src/ov_SC03_107/../shared/ov/func_801463A0.h: In function `func_801463A0':
In file included from src/ov_SC03_107/ov_SC03_107_jr_801458E0.c:1547:
src/ov_SC03_107/../shared/ov/func_801463A0.h:15: warning: type mismatch with previous external decl
src/ov_SC03_107/ov_SC03_107_jr_801458E0.c:1246: warning: previous external decl of `D_80126B78'
src/ov_SC03_107/../shared/ov/func_80138AB4.h: At top level:
In file included from src/ov_SC03_107/ov_SC03_107_jr_801380E0.c:1045:
src/ov_SC03_107/../shared/ov/func_80138AB4.h:7: warning: type mismatch with previous external decl
src/ov_SC03_107/ov_SC03_107_jr_801380E0.c:731: warning: previous external decl of `func_80138AB4'
src/ov_SC03_107/../shared/ov/func_80138AB4.h: In function `func_80138AB4':
src/ov_SC03_107/../shared/ov/func_80138AB4.h:18: warning: passing arg 1 of `func_80138DE0' makes pointer from integer without a cast
src/ov_SC03_107/../shared/ov/func_80138D58.h: At top level:
In file included from src/ov_SC03_107/ov_SC03_107_jr_801380E0.c:1121:
src/ov_SC03_107/../shared/ov/func_80138D58.h:4: warning: type mismatch with previous external decl
src/ov_SC03_107/ov_SC03_107_jr_801380E0.c:733: warning: previous external decl of `func_80138D58'
src/ov_SC03_107/../shared/ov/func_801468C8.h: At top level:
In file included from src/ov_SC03_107/ov_SC03_107_jr_801458E0.c:1582:
src/ov_SC03_107/../shared/ov/func_801468C8.h:5: warning: type mismatch with previous external decl
src/ov_SC03_107/ov_SC03_107_jr_801458E0.c:1235: warning: previous external decl of `func_801468C8'
In file included from src/ov_SC03_107/ov_SC03_107_jr_801380E0.c:1135:
src/ov_SC03_107/../shared/ov/func_8013914C.h:3: warning: type mismatch with previous external decl
src/ov_SC03_107/ov_SC03_107_jr_801380E0.c:736: warning: previous external decl of `func_80139220'
src/ov_SC03_107/../shared/ov/func_80131A34.h: In function `func_80131A34':
In file included from src/ov_SC03_107/ov_SC03_107_jr_80131340.c:873:
src/ov_SC03_107/../shared/ov/func_80131A34.h:6: warning: type mismatch with previous external decl
src/ov_SC03_107/ov_SC03_107_jr_80131340.c:626: warning: previous external decl of `func_80131CF4'
In file included from src/ov_SC03_107/ov_SC03_107_jr_801380E0.c:1138:
src/ov_SC03_107/../shared/ov/func_801391F0.h:5: warning: type mismatch with previous external decl
src/ov_SC03_107/ov_SC03_107_jr_801380E0.c:735: warning: previous external decl of `func_801391F0'
src/ov_SC03_107/../shared/ov/func_80131AC8.h: At top level:
In file included from src/ov_SC03_107/ov_SC03_107_jr_80131340.c:876:
src/ov_SC03_107/../shared/ov/func_80131AC8.h:3: warning: type mismatch with previous external decl
src/ov_SC03_107/ov_SC03_107_jr_80131340.c:626: warning: previous external decl of `func_80131CF4'
src/ov_SC03_107/../shared/ov/func_80146D90.h: In function `func_80146D90':
In file included from src/ov_SC03_107/ov_SC03_107_jr_801458E0.c:1724:
src/ov_SC03_107/../shared/ov/func_80146D90.h:6: warning: passing arg 1 of `func_80146DE8' makes pointer from integer without a cast
src/ov_SC03_107/../shared/ov/func_80139680.h: In function `func_80139680':
In file included from src/ov_SC03_107/ov_SC03_107_jr_801380E0.c:1156:
src/ov_SC03_107/../shared/ov/func_80139680.h:39: warning: passing arg 2 of `func_80052460' makes integer from pointer without a cast
src/ov_SC03_107/../shared/ov/func_80139788.h: At top level:
In file included from src/ov_SC03_107/ov_SC03_107_jr_801380E0.c:1159:
src/ov_SC03_107/../shared/ov/func_80139788.h:3: warning: type mismatch with previous external decl
src/ov_SC03_107/ov_SC03_107_jr_801380E0.c:726: warning: previous external decl of `func_8001931C'
src/ov_SC03_107/../shared/ov/func_80139788.h:5: warning: type mismatch with previous external decl
src/ov_SC03_107/ov_SC03_107_jr_801380E0.c:737: warning: previous external decl of `func_80139788'
src/ov_SC03_107/../shared/ov/func_80147060.h: In function `func_80147060':
In file included from src/ov_SC03_107/ov_SC03_107_jr_801458E0.c:1783:
src/ov_SC03_107/../shared/ov/func_80147060.h:7: warning: `return' with a value, in function returning void
src/ov_SC03_107/../shared/ov/func_80147084.h: At top level:
In file included from src/ov_SC03_107/ov_SC03_107_jr_801458E0.c:1792:
src/ov_SC03_107/../shared/ov/func_80147084.h:3: warning: type mismatch with previous external decl
src/ov_SC03_107/ov_SC03_107_jr_801458E0.c:1226: warning: previous external decl of `func_80147084'
src/ov_SC03_107/../shared/ov/func_80139914.h: In function `func_80139914':
In file included from src/ov_SC03_107/ov_SC03_107_jr_801380E0.c:1232:
src/ov_SC03_107/../shared/ov/func_80139914.h:12: warning: passing arg 1 of `func_8013A8B0' makes pointer from integer without a cast
In file included from src/ov_SC03_107/ov_SC03_107_jr_801458E0.c:1804:
src/ov_SC03_107/../shared/ov/func_801470AC.h:3: warning: type mismatch with previous external decl
src/ov_SC03_107/ov_SC03_107_jr_801458E0.c:1228: warning: previous external decl of `func_801470AC'
src/ov_SC03_107/../shared/ov/func_80156600.h: In function `func_80156600':
In file included from src/ov_SC03_107/ov_SC03_107_jr_801555F4.c:2197:
src/ov_SC03_107/../shared/ov/func_80156600.h:11: warning: return makes integer from pointer without a cast
src/ov_SC03_107/../shared/ov/func_80156600.h:16: warning: return makes integer from pointer without a cast
src/ov_SC03_107/../shared/ov/func_801325B8.h: In function `func_801325B8':
In file included from src/ov_SC03_107/ov_SC03_107_jr_80131340.c:1237:
src/ov_SC03_107/../shared/ov/func_801325B8.h:34: warning: passing arg 1 of `memcpy' makes pointer from integer without a cast
src/ov_SC03_107/../shared/ov/func_801325B8.h:34: warning: passing arg 2 of `memcpy' makes pointer from integer without a cast
src/ov_SC03_107/../shared/ov/func_801325B8.h:57: warning: passing arg 1 of `memcpy' makes pointer from integer without a cast
src/ov_SC03_107/../shared/ov/func_801325B8.h:57: warning: passing arg 2 of `memcpy' makes pointer from integer without a cast
In file included from src/ov_SC03_107/ov_SC03_107_jr_801458E0.c:1828:
src/ov_SC03_107/../shared/ov/func_801472DC.h:3: warning: type mismatch with previous external decl
src/ov_SC03_107/ov_SC03_107_jr_801458E0.c:1263: warning: previous external decl of `D_8012707C'
src/ov_SC03_107/../shared/ov/func_80156ECC.h: At top level:
In file included from src/ov_SC03_107/ov_SC03_107_jr_801555F4.c:2238:
src/ov_SC03_107/../shared/ov/func_80156ECC.h:3: warning: type mismatch with previous external decl
src/ov_SC03_107/../shared/ov/func_80156B74.h:11: warning: previous external decl of `func_80156ECC'
src/ov_SC03_107/../shared/ov/func_80147324.h: In function `func_80147324':
In file included from src/ov_SC03_107/ov_SC03_107_jr_801458E0.c:1837:
src/ov_SC03_107/../shared/ov/func_80147324.h:8: warning: comparison between pointer and integer
src/ov_SC03_107/../shared/ov/func_80156ECC.h: In function `func_80156ECC':
src/ov_SC03_107/../shared/ov/func_80156ECC.h:8: warning: passing arg 1 of `func_80156FA8' makes pointer from integer without a cast
src/ov_SC03_107/../shared/ov/func_80156ECC.h:8: warning: passing arg 2 of `func_80156FA8' makes pointer from integer without a cast
src/ov_SC03_107/../shared/ov/func_80156ECC.h:8: warning: passing arg 3 of `func_80156FA8' makes pointer from integer without a cast
src/ov_SC03_107/../shared/ov/func_80139FE8.h: At top level:
In file included from src/ov_SC03_107/ov_SC03_107_jr_801380E0.c:1315:
src/ov_SC03_107/../shared/ov/func_80139FE8.h:3: warning: type mismatch with previous external decl
src/ov_SC03_107/ov_SC03_107_jr_801380E0.c:728: warning: previous external decl of `func_8001B22C'
src/ov_SC03_107/../shared/ov/func_80132EF4.h: In function `func_80132EF4':
In file included from src/ov_SC03_107/ov_SC03_107_jr_80131340.c:1260:
src/ov_SC03_107/../shared/ov/func_80132EF4.h:6: warning: initialization makes integer from pointer without a cast
src/ov_SC03_107/../shared/ov/func_80132F40.h: In function `func_80132F40':
In file included from src/ov_SC03_107/ov_SC03_107_jr_80131340.c:1343:
src/ov_SC03_107/../shared/ov/func_80132F40.h:34: warning: passing arg 2 of `func_8012F038' from incompatible pointer type
src/ov_SC03_107/../shared/ov/func_80132F40.h:34: warning: passing arg 3 of `func_8012F038' from incompatible pointer type
src/ov_SC03_107/../shared/ov/func_80132F40.h:36: warning: passing arg 2 of `func_8012F14C' makes integer from pointer without a cast
src/ov_SC03_107/../shared/ov/func_80132F40.h:36: warning: passing arg 3 of `func_8012F14C' makes integer from pointer without a cast
src/ov_SC03_107/../shared/ov/func_801571C4.h: At top level:
In file included from src/ov_SC03_107/ov_SC03_107_jr_801555F4.c:2247:
src/ov_SC03_107/../shared/ov/func_801571C4.h:11: warning: type mismatch with previous external decl
src/ov_SC03_107/../shared/ov/func_80157158.h:6: warning: previous external decl of `func_801571C4'
src/ov_SC03_107/../shared/ov/func_801571C4.h:11: warning: type mismatch with previous implicit declaration
src/ov_SC03_107/../shared/ov/func_80157158.h:6: warning: previous implicit declaration of `func_801571C4'
src/ov_SC03_107/../shared/ov/func_801571C4.h:11: warning: `func_801571C4' was previously implicitly declared to return `int'
src/ov_SC03_107/../shared/ov/func_801571C4.h: In function `func_801571C4':
src/ov_SC03_107/../shared/ov/func_801571C4.h:42: warning: passing arg 3 of `func_80135260' makes pointer from integer without a cast
src/ov_SC03_107/../shared/ov/func_801571C4.h:42: warning: passing arg 4 of `func_80135260' makes pointer from integer without a cast
src/ov_SC03_107/../shared/ov/func_80147AD4.h: In function `func_80147AD4':
In file included from src/ov_SC03_107/ov_SC03_107_jr_801458E0.c:1915:
src/ov_SC03_107/../shared/ov/func_80147AD4.h:8: warning: passing arg 2 of `func_80147B5C' makes pointer from integer without a cast
src/ov_SC03_107/../shared/ov/func_8015773C.h: In function `func_8015773C':
In file included from src/ov_SC03_107/ov_SC03_107_jr_801555F4.c:2277:
src/ov_SC03_107/../shared/ov/func_8015773C.h:11: warning: passing arg 1 of `func_801553A8' from incompatible pointer type
src/ov_SC03_107/../shared/ov/func_80147D38.h: In function `func_80147D38':
In file included from src/ov_SC03_107/ov_SC03_107_jr_801458E0.c:1930:
src/ov_SC03_107/../shared/ov/func_80147D38.h:12: warning: passing arg 2 of `func_80147DC0' makes integer from pointer without a cast
src/ov_SC03_107/ov_SC03_107_jr_80131340.c: In function `func_80133AB0':
src/ov_SC03_107/ov_SC03_107_jr_80131340.c:1639: warning: type mismatch with previous external decl
src/ov_SC03_107/ov_SC03_107_jr_80131340.c:1529: warning: previous external decl of `D_80182A3C'
src/ov_SC03_107/ov_SC03_107_jr_80131340.c:1640: warning: type mismatch with previous external decl
src/ov_SC03_107/ov_SC03_107_jr_80131340.c:1528: warning: previous external decl of `D_80182A38'
src/ov_SC03_107/ov_SC03_107_jr_80131340.c: In function `func_80133CD4':
src/ov_SC03_107/ov_SC03_107_jr_80131340.c:1723: warning: type mismatch with previous external decl
src/ov_SC03_107/ov_SC03_107_jr_80131340.c:1529: warning: previous external decl of `D_80182A3C'
src/ov_SC03_107/ov_SC03_107_jr_80131340.c:1724: warning: type mismatch with previous external decl
src/ov_SC03_107/ov_SC03_107_jr_80131340.c:1528: warning: previous external decl of `D_80182A38'
src/ov_SC03_107/ov_SC03_107_jr_80131340.c:1725: warning: type mismatch with previous external decl
src/ov_SC03_107/ov_SC03_107_jr_80131340.c:1641: warning: previous external decl of `D_80182A44'
src/ov_SC03_107/../shared/ov/func_8013B204.h: In function `func_8013B204':
In file included from src/ov_SC03_107/ov_SC03_107_jr_801380E0.c:1507:
src/ov_SC03_107/../shared/ov/func_8013B204.h:10: warning: assignment makes pointer from integer without a cast
src/ov_SC03_107/ov_SC03_107_jr_801555F4.c: In function `func_80158038':
src/ov_SC03_107/ov_SC03_107_jr_801555F4.c:2547: warning: passing arg 1 of `func_80154A74' makes integer from pointer without a cast
src/ov_SC03_107/ov_SC03_107_jr_801555F4.c:2550: warning: passing arg 2 of `func_80146994' makes integer from pointer without a cast
src/ov_SC03_107/ov_SC03_107_jr_80131340.c: In function `func_801343C4':
src/ov_SC03_107/ov_SC03_107_jr_80131340.c:1900: warning: type mismatch with previous external decl
src/ov_SC03_107/ov_SC03_107_jr_80131340.c:1528: warning: previous external decl of `D_80182A38'
src/ov_SC03_107/ov_SC03_107_jr_80131340.c:1901: warning: type mismatch with previous external decl
src/ov_SC03_107/ov_SC03_107_jr_80131340.c:1529: warning: previous external decl of `D_80182A3C'
src/ov_SC03_107/ov_SC03_107_jr_80131340.c:1903: warning: type mismatch with previous external decl
src/ov_SC03_107/ov_SC03_107_jr_80131340.c:1530: warning: previous external decl of `D_8019A784'
src/ov_SC03_107/ov_SC03_107_jr_80131340.c: In function `func_80134510':
src/ov_SC03_107/ov_SC03_107_jr_80131340.c:1957: warning: type mismatch with previous external decl
src/ov_SC03_107/ov_SC03_107_jr_80131340.c:1528: warning: previous external decl of `D_80182A38'
src/ov_SC03_107/ov_SC03_107_jr_80131340.c:1958: warning: type mismatch with previous external decl
src/ov_SC03_107/ov_SC03_107_jr_80131340.c:1529: warning: previous external decl of `D_80182A3C'
src/ov_SC03_107/ov_SC03_107_jr_80131340.c:1959: warning: type mismatch with previous external decl
src/ov_SC03_107/ov_SC03_107_jr_80131340.c:1726: warning: previous external decl of `D_80182A40'
src/ov_SC03_107/../shared/ov/func_801484B0.h: At top level:
In file included from src/ov_SC03_107/ov_SC03_107_jr_801458E0.c:1954:
src/ov_SC03_107/../shared/ov/func_801484B0.h:4: warning: type mismatch with previous external decl
src/ov_SC03_107/ov_SC03_107_jr_801458E0.c:1246: warning: previous external decl of `D_80126B78'
src/ov_SC03_107/ov_SC03_107_jr_80131340.c: In function `func_801345F8':
src/ov_SC03_107/ov_SC03_107_jr_80131340.c:2006: warning: type mismatch with previous external decl
src/ov_SC03_107/ov_SC03_107_jr_80131340.c:1528: warning: previous external decl of `D_80182A38'
src/ov_SC03_107/ov_SC03_107_jr_80131340.c: At top level:
src/ov_SC03_107/ov_SC03_107_jr_80131340.c:2061: warning: type mismatch with previous external decl
src/ov_SC03_107/ov_SC03_107_jr_80131340.c:2005: warning: previous external decl of `func_801347A0'
src/ov_SC03_107/../shared/ov/func_80158AE4.h: In function `func_80158AE4':
In file included from src/ov_SC03_107/ov_SC03_107_jr_801555F4.c:2833:
src/ov_SC03_107/../shared/ov/func_80158AE4.h:20: warning: passing arg 1 makes integer from pointer without a cast
src/ov_SC03_107/../shared/ov/func_80158AE4.h:21: warning: src/ov_SC03_107/ov_SC03_107_jr_80131340.c: passing arg 1 makes integer from pointer without a castIn function `func_801347A0':

src/ov_SC03_107/ov_SC03_107_jr_80131340.c:2065: warning: type mismatch with previous external decl
src/ov_SC03_107/../shared/ov/func_80158AE4.h:22: src/ov_SC03_107/ov_SC03_107_jr_80131340.c:1529: warning: warning: passing arg 1 of `func_80165A20' makes integer from pointer without a castprevious external decl of `
D_80182A3C'
src/ov_SC03_107/ov_SC03_107_jr_80131340.c:2066: warning: type mismatch with previous external decl
src/ov_SC03_107/ov_SC03_107_jr_80131340.c:1528: warning: previous external decl of `D_80182A38'
src/ov_SC03_107/ov_SC03_107_jr_80131340.c:2067: warning: type mismatch with previous external decl
src/ov_SC03_107/ov_SC03_107_jr_80131340.c:1726: warning: previous external decl of `D_80182A40'
src/ov_SC03_107/../shared/ov/func_80158AE4.h:23: warning: passing arg 1 of `func_80165A78' makes integer from pointer without a cast
src/ov_SC03_107/../shared/ov/func_80158AE4.h:26: warning: passing arg 1 of `func_8014B160' makes integer from pointer without a cast
src/ov_SC03_107/ov_SC03_107_jr_801555F4.c: In function `func_80158BB0':
src/ov_SC03_107/ov_SC03_107_jr_801555F4.c:2853: warning: passing arg 2 of `func_80154274' makes integer from pointer without a cast
src/ov_SC03_107/ov_SC03_107_jr_801555F4.c:2854: warning: passing arg 1 of `func_80154A74' makes integer from pointer without a cast
src/ov_SC03_107/ov_SC03_107_jr_80131340.c: In function `func_80134C20':
src/ov_SC03_107/ov_SC03_107_jr_80131340.c:2191: warning: type mismatch with previous external decl
src/ov_SC03_107/ov_SC03_107_jr_80131340.c:1528: warning: previous external decl of `D_80182A38'
src/ov_SC03_107/ov_SC03_107_jr_80131340.c:2192: warning: type mismatch with previous external decl
src/ov_SC03_107/ov_SC03_107_jr_80131340.c:1529: warning: previous external decl of `D_80182A3C'
src/ov_SC03_107/ov_SC03_107_jr_80131340.c:2193: warning: type mismatch with previous external decl
src/ov_SC03_107/ov_SC03_107_jr_80131340.c:1726: warning: previous external decl of `D_80182A40'
src/ov_SC03_107/ov_SC03_107_jr_80131340.c:2194: warning: type mismatch with previous external decl
src/ov_SC03_107/ov_SC03_107_jr_80131340.c:1641: warning: previous external decl of `D_80182A44'
src/ov_SC03_107/ov_SC03_107_jr_80131340.c: In function `func_80135168':
src/ov_SC03_107/ov_SC03_107_jr_80131340.c:2359: warning: type mismatch with previous external decl
src/ov_SC03_107/ov_SC03_107_jr_80131340.c:1529: warning: previous external decl of `D_80182A3C'
src/ov_SC03_107/ov_SC03_107_jr_80131340.c:2360: warning: type mismatch with previous external decl
src/ov_SC03_107/ov_SC03_107_jr_80131340.c:1528: warning: previous external decl of `D_80182A38'
src/ov_SC03_107/ov_SC03_107_jr_80131340.c: In function `func_80135260':
src/ov_SC03_107/ov_SC03_107_jr_80131340.c:2431: warning: type mismatch with previous external decl
src/ov_SC03_107/ov_SC03_107_jr_80131340.c:1528: warning: previous external decl of `D_80182A38'
src/ov_SC03_107/ov_SC03_107_jr_80131340.c:2432: warning: type mismatch with previous external decl
src/ov_SC03_107/ov_SC03_107_jr_80131340.c:1529: warning: previous external decl of `D_80182A3C'
src/ov_SC03_107/ov_SC03_107_jr_80131340.c:2433: warning: type mismatch with previous external decl
src/ov_SC03_107/ov_SC03_107_jr_80131340.c:1641: warning: previous external decl of `D_80182A44'
In file included from src/ov_SC03_107/ov_SC03_107_jr_801458E0.c:2269:
src/ov_SC03_107/../shared/ov/func_80149210.h:3: warning: type mismatch with previous external decl
src/ov_SC03_107/ov_SC03_107_jr_801458E0.c:1229: warning: previous external decl of `func_80149210'
src/ov_SC03_107/ov_SC03_107_jr_80131340.c: In function `func_80135480':
src/ov_SC03_107/ov_SC03_107_jr_80131340.c:2557: warning: type mismatch with previous external decl
src/ov_SC03_107/ov_SC03_107_jr_80131340.c:1529: warning: previous external decl of `D_80182A3C'
src/ov_SC03_107/ov_SC03_107_jr_80131340.c:2558: warning: type mismatch with previous external decl
src/ov_SC03_107/ov_SC03_107_jr_80131340.c:1528: warning: previous external decl of `D_80182A38'
src/ov_SC03_107/ov_SC03_107_jr_80131340.c: At top level:
src/ov_SC03_107/ov_SC03_107_jr_80131340.c:2685: warning: type mismatch with previous external decl
src/ov_SC03_107/ov_SC03_107_jr_80131340.c:1528: warning: previous external decl of `D_80182A38'
src/ov_SC03_107/ov_SC03_107_jr_80131340.c:2686: warning: type mismatch with previous external decl
src/ov_SC03_107/ov_SC03_107_jr_80131340.c:1529: warning: previous external decl of `D_80182A3C'
src/ov_SC03_107/ov_SC03_107_jr_80131340.c: In function `func_80135888':
src/ov_SC03_107/ov_SC03_107_jr_80131340.c:2733: warning: passing arg 1 of `func_80135EB0' makes pointer from integer without a cast
src/ov_SC03_107/ov_SC03_107_jr_80131340.c:2740: warning: passing arg 1 of `func_80135EB0' makes pointer from integer without a cast
src/ov_SC03_107/ov_SC03_107_jr_801458E0.c: In function `func_80149F2C':
src/ov_SC03_107/ov_SC03_107_jr_801458E0.c:2412: warning: initialization makes pointer from integer without a cast
src/ov_SC03_107/../shared/ov/func_8014B034.h: At top level:
In file included from src/ov_SC03_107/ov_SC03_107_jr_801458E0.c:2592:
src/ov_SC03_107/../shared/ov/func_8014B034.h:4: warning: type mismatch with previous external decl
src/ov_SC03_107/../shared/ov/func_8014ADE0.h:22: warning: previous external decl of `D_80078E90'
In file included from src/ov_SC03_107/ov_SC03_107_jr_801458E0.c:2709:
src/ov_SC03_107/../shared/ov/func_8014BE9C.h:4: warning: type mismatch with previous external decl
src/ov_SC03_107/ov_SC03_107_jr_801458E0.c:1230: warning: previous external decl of `func_8014BE9C'
src/ov_SC03_107/../shared/ov/func_8014C168.h: In function `func_8014C168':
In file included from src/ov_SC03_107/ov_SC03_107_jr_801458E0.c:2754:
src/ov_SC03_107/../shared/ov/func_8014C168.h:12: warning: return makes integer from pointer without a cast
src/ov_SC03_107/../shared/ov/func_8014C168.h:16: warning: return makes integer from pointer without a cast
src/ov_SC03_107/../shared/ov/func_8014C3D0.h: In function `func_8014C3D0':
In file included from src/ov_SC03_107/ov_SC03_107_jr_801458E0.c:2780:
src/ov_SC03_107/../shared/ov/func_8014C3D0.h:6: warning: passing arg 2 of `func_8014C59C' makes pointer from integer without a cast
src/ov_SC03_107/../shared/ov/func_8014C43C.h: In function `func_8014C43C':
In file included from src/ov_SC03_107/ov_SC03_107_jr_801458E0.c:2783:
src/ov_SC03_107/../shared/ov/func_8014C43C.h:9: warning: passing arg 4 of `func_8014C4AC' makes pointer from integer without a cast
src/ov_SC03_107/../shared/ov/func_8014C6D0.h: At top level:
In file included from src/ov_SC03_107/ov_SC03_107_jr_801458E0.c:2820:
src/ov_SC03_107/../shared/ov/func_8014C6D0.h:4: warning: type mismatch with previous external decl
src/ov_SC03_107/ov_SC03_107_jr_801458E0.c:1238: warning: previous external decl of `func_8014C6D0'
In file included from src/ov_SC03_107/ov_SC03_107_jr_801458E0.c:2868:
src/ov_SC03_107/../shared/ov/func_8014C968.h:4: warning: type mismatch with previous external decl
src/ov_SC03_107/ov_SC03_107_jr_801458E0.c:1237: warning: previous external decl of `func_8014C968'
src/ov_SC03_107/../shared/ov/func_8014CD0C.h: In function `func_8014CD0C':
In file included from src/ov_SC03_107/ov_SC03_107_jr_801458E0.c:2970:
src/ov_SC03_107/../shared/ov/func_8014CD0C.h:21: warning: passing arg 2 of `func_8014CF04' makes integer from pointer without a cast
src/ov_SC03_107/../shared/ov/func_8014CD80.h: In function `func_8014CD80':
In file included from src/ov_SC03_107/ov_SC03_107_jr_801458E0.c:2973:
src/ov_SC03_107/../shared/ov/func_8014CD80.h:43: warning: passing arg 3 of `func_80135888' makes integer from pointer without a cast
src/ov_SC03_107/../shared/ov/func_8014CD80.h:43: warning: passing arg 4 of `func_80135888' makes integer from pointer without a cast
src/ov_SC03_107/../shared/ov/func_8014D438.h: In function `func_8014D438':
In file included from src/ov_SC03_107/ov_SC03_107_jr_801458E0.c:3051:
src/ov_SC03_107/../shared/ov/func_8014D438.h:15: warning: passing arg 2 of `func_8014D610' makes integer from pointer without a cast
src/ov_SC03_107/../shared/ov/func_8014E48C.h: In function `func_8014E48C':
In file included from src/ov_SC03_107/ov_SC03_107_jr_801458E0.c:3510:
src/ov_SC03_107/../shared/ov/func_8014E48C.h:17: warning: passing arg 1 of `func_8014E514' makes pointer from integer without a cast
src/ov_SC03_107/../shared/ov/func_8014E48C.h:17: warning: passing arg 2 of `func_8014E514' makes integer from pointer without a cast
src/ov_SC03_107/../shared/ov/func_8014E48C.h:17: warning: passing arg 3 of `func_8014E514' makes integer from pointer without a cast
src/ov_SC03_107/../shared/ov/func_8014E790.h: In function `func_8014E790':
In file included from src/ov_SC03_107/ov_SC03_107_jr_801458E0.c:3619:
src/ov_SC03_107/../shared/ov/func_8014E790.h:8: warning: passing arg 3 of `func_80135888' makes integer from pointer without a cast
src/ov_SC03_107/../shared/ov/func_8014E790.h:8: warning: passing arg 4 of `func_80135888' makes integer from pointer without a cast
src/ov_SC03_107/../shared/ov/func_8014E83C.h: In function `func_8014E83C':
In file included from src/ov_SC03_107/ov_SC03_107_jr_801458E0.c:3622:
src/ov_SC03_107/../shared/ov/func_8014E83C.h:18: warning: passing arg 3 of `func_80135888' makes integer from pointer without a cast
src/ov_SC03_107/../shared/ov/func_8014E83C.h:18: warning: passing arg 4 of `func_80135888' makes integer from pointer without a cast
src/ov_SC03_107/../shared/ov/func_8014EE14.h: In function `func_8014EE14':
In file included from src/ov_SC03_107/ov_SC03_107_jr_801458E0.c:3693:
src/ov_SC03_107/../shared/ov/func_8014EE14.h:22: warning: assignment makes integer from pointer without a cast
src/ov_SC03_107/../shared/ov/func_80151204.h: In function `func_80151204':
In file included from src/ov_SC03_107/ov_SC03_107_jr_801458E0.c:4297:
src/ov_SC03_107/../shared/ov/func_80151204.h:7: warning: passing arg 1 of `func_8014ACE8' makes pointer from integer without a cast
src/ov_SC03_107/../shared/ov/func_8015126C.h: In function `func_8015126C':
In file included from src/ov_SC03_107/ov_SC03_107_jr_801458E0.c:4303:
src/ov_SC03_107/../shared/ov/func_8015126C.h:132: warning: passing arg 1 of `func_8015173C' from incompatible pointer type
src/ov_SC03_107/../shared/ov/func_80151AE4.h: In function `func_80151AE4':
In file included from src/ov_SC03_107/ov_SC03_107_jr_801458E0.c:4386:
src/ov_SC03_107/../shared/ov/func_80151AE4.h:16: warning: passing arg 1 of `func_80149020' makes pointer from integer without a cast
src/ov_SC03_107/../shared/ov/func_80151AE4.h:19: warning: passing arg 1 of `func_80159B3C' makes pointer from integer without a cast
src/ov_SC03_107/../shared/ov/func_80151AE4.h:32: warning: passing arg 1 of `func_8015BDD0' makes pointer from integer without a cast
src/ov_SC03_107/ov_SC03_107_jr_801458E0.c: In function `func_801520DC':
src/ov_SC03_107/ov_SC03_107_jr_801458E0.c:4454: warning: passing arg 1 of `func_80149020' makes pointer from integer without a cast
src/ov_SC03_107/ov_SC03_107_jr_801458E0.c:4455: warning: passing arg 1 of `func_801472C8' makes pointer from integer without a cast
src/ov_SC03_107/ov_SC03_107_jr_801458E0.c:4457: warning: passing arg 1 of `func_80146DB8' makes pointer from integer without a cast
src/ov_SC03_107/ov_SC03_107_jr_801458E0.c:4458: warning: passing arg 1 of `func_801477E8' makes pointer from integer without a cast
src/ov_SC03_107/ov_SC03_107_jr_801458E0.c:4459: warning: passing arg 1 of `func_8014CBF8' makes pointer from integer without a cast
src/ov_SC03_107/ov_SC03_107_jr_801458E0.c:4460: warning: passing arg 1 of `func_801474EC' makes pointer from integer without a cast
src/ov_SC03_107/ov_SC03_107_jr_801458E0.c:4461: warning: passing arg 2 of `func_80146A6C' makes pointer from integer without a cast
src/ov_SC03_107/ov_SC03_107_jr_801458E0.c:4463: warning: passing arg 1 of `func_80146CA0' makes pointer from integer without a cast
src/ov_SC03_107/../shared/ov/func_80152254.h: In function `func_80152254':
In file included from src/ov_SC03_107/ov_SC03_107_jr_801458E0.c:4473:
src/ov_SC03_107/../shared/ov/func_80152254.h:22: warning: passing arg 1 of `func_80159B3C' makes pointer from integer without a cast
src/ov_SC03_107/ov_SC03_107_jr_801458E0.c: In function `func_801528B0':
src/ov_SC03_107/ov_SC03_107_jr_801458E0.c:4599: warning: passing arg 1 of `func_80149020' makes pointer from integer without a cast
src/ov_SC03_107/ov_SC03_107_jr_801458E0.c:4600: warning: passing arg 1 of `func_80154274' makes pointer from integer without a cast
src/ov_SC03_107/ov_SC03_107_jr_801458E0.c:4600: warning: passing arg 2 of `func_80154274' makes integer from pointer without a cast
src/ov_SC03_107/ov_SC03_107_jr_801458E0.c:4603: warning: passing arg 1 of `func_80146DB8' makes pointer from integer without a cast
src/ov_SC03_107/ov_SC03_107_jr_801458E0.c:4604: warning: passing arg 1 of `func_801477E8' makes pointer from integer without a cast
src/ov_SC03_107/ov_SC03_107_jr_801458E0.c:4605: warning: passing arg 1 of `func_8014CBF8' makes pointer from integer without a cast
src/ov_SC03_107/ov_SC03_107_jr_801458E0.c:4606: warning: passing arg 1 of `func_801474EC' makes pointer from integer without a cast
src/ov_SC03_107/ov_SC03_107_jr_801458E0.c:4607: warning: passing arg 1 of `func_80146CA0' makes pointer from integer without a cast
src/ov_SC03_107/../shared/ov/func_8015294C.h: In function `func_8015294C':
In file included from src/ov_SC03_107/ov_SC03_107_jr_801458E0.c:4611:
src/ov_SC03_107/../shared/ov/func_8015294C.h:31: warning: passing arg 1 of `func_801472C8' from incompatible pointer type
src/ov_SC03_107/../shared/ov/func_80152A50.h: In function `func_80152A50':
In file included from src/ov_SC03_107/ov_SC03_107_jr_801458E0.c:4617:
src/ov_SC03_107/../shared/ov/func_80152A50.h:22: warning: passing arg 1 of `func_80159B3C' makes pointer from integer without a cast
src/ov_SC03_107/../shared/ov/func_80152BF0.h: In function `func_80152BF0':
In file included from src/ov_SC03_107/ov_SC03_107_jr_801458E0.c:4635:
src/ov_SC03_107/../shared/ov/func_80152BF0.h:13: warning: passing arg 1 of `func_80146CA0' makes pointer from integer without a cast
src/ov_SC03_107/../shared/ov/func_80152C80.h: In function `func_80152C80':
In file included from src/ov_SC03_107/ov_SC03_107_jr_801458E0.c:4641:
src/ov_SC03_107/../shared/ov/func_80152C80.h:12: warning: initialization makes integer from pointer without a cast
src/ov_SC03_107/ov_SC03_107_jr_801458E0.c: In function `func_80152DA8':
src/ov_SC03_107/ov_SC03_107_jr_801458E0.c:4676: warning: passing arg 1 of `func_80149020' makes pointer from integer without a cast
src/ov_SC03_107/ov_SC03_107_jr_801458E0.c:4677: warning: passing arg 1 of `func_80154274' makes pointer from integer without a cast
src/ov_SC03_107/ov_SC03_107_jr_801458E0.c:4677: warning: passing arg 2 of `func_80154274' makes integer from pointer without a cast
src/ov_SC03_107/ov_SC03_107_jr_801458E0.c:4681: warning: passing arg 1 of `func_80146DB8' makes pointer from integer without a cast
src/ov_SC03_107/ov_SC03_107_jr_801458E0.c:4682: warning: passing arg 1 of `func_801477E8' makes pointer from integer without a cast
src/ov_SC03_107/ov_SC03_107_jr_801458E0.c:4683: warning: passing arg 1 of `func_8014CBF8' makes pointer from integer without a cast
src/ov_SC03_107/ov_SC03_107_jr_801458E0.c:4684: warning: passing arg 1 of `func_801474EC' makes pointer from integer without a cast
src/ov_SC03_107/ov_SC03_107_jr_801458E0.c:4685: warning: passing arg 1 of `func_80146CA0' makes pointer from integer without a cast
src/ov_SC03_107/../shared/ov/func_80152E4C.h: In function `func_80152E4C':
In file included from src/ov_SC03_107/ov_SC03_107_jr_801458E0.c:4689:
src/ov_SC03_107/../shared/ov/func_80152E4C.h:34: warning: passing arg 1 of `func_801472C8' makes pointer from integer without a cast
src/ov_SC03_107/../shared/ov/func_80152F44.h: In function `func_80152F44':
In file included from src/ov_SC03_107/ov_SC03_107_jr_801458E0.c:4695:
src/ov_SC03_107/../shared/ov/func_80152F44.h:22: warning: passing arg 1 of `func_80159B3C' makes pointer from integer without a cast
src/ov_SC03_107/../shared/ov/func_801530E4.h: In function `func_801530E4':
In file included from src/ov_SC03_107/ov_SC03_107_jr_801458E0.c:4713:
src/ov_SC03_107/../shared/ov/func_801530E4.h:14: warning: passing arg 1 of `func_80149020' makes pointer from integer without a cast
src/ov_SC03_107/../shared/ov/func_801530E4.h:15: warning: passing arg 1 of `func_801472C8' makes pointer from integer without a cast
src/ov_SC03_107/../shared/ov/func_801530E4.h:17: warning: passing arg 1 of `func_8014CBF8' makes pointer from integer without a cast
src/ov_SC03_107/../shared/ov/func_801530E4.h:18: warning: passing arg 1 of `func_801474EC' makes pointer from integer without a cast
src/ov_SC03_107/../shared/ov/func_801530E4.h:19: warning: passing arg 1 of `func_80155440' makes pointer from integer without a cast
src/ov_SC03_107/../shared/ov/func_801530E4.h:20: warning: passing arg 1 of `func_80146CA0' makes pointer from integer without a cast
src/ov_SC03_107/../shared/ov/func_80153204.h: In function `func_80153204':
In file included from src/ov_SC03_107/ov_SC03_107_jr_801458E0.c:4722:
src/ov_SC03_107/../shared/ov/func_80153204.h:22: warning: passing arg 1 of `func_80159B3C' makes pointer from integer without a cast
src/ov_SC03_107/../shared/ov/func_801533A4.h: In function `func_801533A4':
In file included from src/ov_SC03_107/ov_SC03_107_jr_801458E0.c:4740:
src/ov_SC03_107/../shared/ov/func_801533A4.h:12: warning: passing arg 1 of `func_80149020' makes pointer from integer without a cast
src/ov_SC03_107/../shared/ov/func_801533A4.h:15: warning: passing arg 1 of `func_8014CBF8' makes pointer from integer without a cast
src/ov_SC03_107/../shared/ov/func_801533A4.h:16: warning: passing arg 1 of `func_801474EC' makes pointer from integer without a cast
src/ov_SC03_107/../shared/ov/func_801533A4.h:17: warning: passing arg 1 of `func_80155440' makes pointer from integer without a cast
src/ov_SC03_107/../shared/ov/func_801533A4.h:18: warning: passing arg 1 of `func_80146CA0' makes pointer from integer without a cast
src/ov_SC03_107/../shared/ov/func_801534D8.h: In function `func_801534D8':
In file included from src/ov_SC03_107/ov_SC03_107_jr_801458E0.c:4749:
src/ov_SC03_107/../shared/ov/func_801534D8.h:22: warning: passing arg 1 of `func_80159B3C' makes pointer from integer without a cast
src/ov_SC03_107/ov_SC03_107_jr_801458E0.c: In function `func_801539F8':
src/ov_SC03_107/ov_SC03_107_jr_801458E0.c:4830: warning: passing arg 3 of `func_80133784' makes integer from pointer without a cast
src/ov_SC03_107/ov_SC03_107_jr_801458E0.c:4836: warning: passing arg 3 of `func_80133784' makes integer from pointer without a cast
src/ov_SC03_107/ov_SC03_107_jr_801458E0.c:4840: warning: passing arg 3 of `func_80133784' makes integer from pointer without a cast
src/ov_SC03_107/../shared/ov/func_80153C8C.h: At top level:
In file included from src/ov_SC03_107/ov_SC03_107_jr_801458E0.c:4873:
src/ov_SC03_107/../shared/ov/func_80153C8C.h:4: warning: type mismatch with previous external decl
src/ov_SC03_107/ov_SC03_107_jr_801458E0.c:1240: warning: previous external decl of `func_80153C8C'
src/ov_SC03_107/../shared/ov/func_80154150.h: In function `func_80154150':
In file included from src/ov_SC03_107/ov_SC03_107_jr_801458E0.c:4940:
src/ov_SC03_107/../shared/ov/func_80154150.h:7: warning: passing arg 1 of `func_80154190' makes pointer from integer without a cast
{standard input}: Assembler messages:
{standard input}:681: Warning: used $at without ".set noat"
{standard input}:682: Warning: used $at without ".set noat"
{standard input}:12673: Warning: used $at without ".set noat"
{standard input}:12674: Warning: used $at without ".set noat"
{standard input}:13002: Warning: used $at without ".set noat"
{standard input}:13003: Warning: used $at without ".set noat"
{standard input}:13324: Warning: used $at without ".set noat"
{standard input}:13325: Warning: used $at without ".set noat"
{standard input}:13629: Warning: used $at without ".set noat"
{standard input}:13630: Warning: used $at without ".set noat"
{standard input}:14334: Warning: used $at without ".set noat"
{standard input}:14335: Warning: used $at without ".set noat"
{standard input}:14777: Warning: used $at without ".set noat"
{standard input}:14778: Warning: used $at without ".set noat"
{standard input}:15013: Warning: used $at without ".set noat"
{standard input}:15014: Warning: used $at without ".set noat"
{standard input}:15259: Warning: used $at without ".set noat"
{standard input}:15260: Warning: used $at without ".set noat"
{standard input}:15609: Warning: used $at without ".set noat"
{standard input}:15610: Warning: used $at without ".set noat"
{standard input}:16015: Warning: used $at without ".set noat"
{standard input}:16016: Warning: used $at without ".set noat"
{standard input}:16251: Warning: used $at without ".set noat"
{standard input}:16252: Warning: used $at without ".set noat"
{standard input}:16469: Warning: used $at without ".set noat"
{standard input}:16470: Warning: used $at without ".set noat"
{standard input}:16738: Warning: used $at without ".set noat"
{standard input}:16739: Warning: used $at without ".set noat"
{standard input}:16890: Warning: used $at without ".set noat"
{standard input}:16891: Warning: used $at without ".set noat"
{standard input}:17007: Warning: used $at without ".set noat"
{standard input}:17008: Warning: used $at without ".set noat"
{standard input}:17717: Warning: used $at without ".set noat"
{standard input}:17718: Warning: used $at without ".set noat"
{standard input}:18366: Warning: used $at without ".set noat"
{standard input}:18367: Warning: used $at without ".set noat"
  LD      build/ov_SC03_107/ov_SC03_107.elf
  OBJCOPY build/ov_SC03_107/ov_SC03_107
  TRIM    build/ov_SC03_107/ov_SC03_107 (-1 B linker end-align pad)
[ OK ] build/ov_SC03_107/ov_SC03_107
       sha1 87d02b578a27a947f1da381255a1faa3f05cedfd == config/check.ov_SC03_107.sha  (BYTE-IDENTICAL)
