delever_search --run: 700 exemplars (6,598 bodies behind them), 16 worker(s), beam 3 × depth 2 × cap 64, budget 300 compiles per body, label s9
    depth 1: 14 kept of the scored, best 3 (R6 inline r @3895) · 18 compiles
    depth 1: 16 kept of the scored, best 4 (R12 width a1v s32->u16 @1365) · 24 compiles
    depth 1: 23 kept of the scored, best 4 (R12 width v int->u16 @916) · 33 compiles
    depth 1: 26 kept of the scored, best 20 (R10 param-alias p1->arg1 @647) · 65 compiles
    depth 1: 23 kept of the scored, best 33 (R8 cse tmp0 @678) · 65 compiles
    depth 1: 8 kept of the scored, best 6 (R12 width tmp s32->u16 @767) · 20 compiles
    depth 1: 24 kept of the scored, best 70 (R3 init-split pd) · 65 compiles
    depth 1: 39 kept of the scored, best 60 (R9 swap-stmts @819) · 65 compiles
    depth 1: 38 kept of the scored, best 17 (R7 do-while @4000) · 65 compiles
    depth 1: 29 kept of the scored, best 14 (R6 inline uVar2 @1731) · 65 compiles
    depth 1: 28 kept of the scored, best 11 (R6 inline arg0 @555) · 65 compiles
    depth 1: 50 kept of the scored, best 11 (R15 sink @1172 (var_v0_3)) · 65 compiles
    depth 1: 27 kept of the scored, best 39 (R5 swap | @1141) · 65 compiles
    depth 2: 34 kept of the scored, best 3 (R6 inline r @3895 + R12 width v int->u16 @3890) · 56 compiles
  ov_SC04_011__func_80178970: NO-MATCH start=6 best=3 compiles=56 (287.4s, 127 copies, 1 needed, R6 inline r @3895)
    depth 2: 33 kept of the scored, best 4 (R12 width a1v s32->u16 @1365 + R12 width param_2 s32->u8 @1367) · 81 compiles
  ov_SC04_011__func_80157D20: NO-MATCH start=9 best=4 compiles=81 (291.2s, 132 copies, 2 needed, R12 width a1v s32->u16 @1365)
  ov_SC04_011__func_8018F734: UNSCORED start=None best=None compiles=1 (1.5s, 1 copies, 1 needed)
    depth 1: 24 kept of the scored, best 30 (R6 inline uc @2979) · 65 compiles
    depth 1: 30 kept of the scored, best 16 (R18 bystander @3014->3020) · 65 compiles
    depth 2: 58 kept of the scored, best 4 (R12 width v int->u16 @916 + R12 width v u16->s32 @916) · 119 compiles
  ov_SC04_011__func_80139BE0: NO-MATCH start=4 best=4 compiles=119 (303.8s, 129 copies, 1 needed)
    depth 2: 12 kept of the scored, best 6 (R12 width tmp s32->u16 @767 + R6 inline ang @770) · 63 compiles
  ov_SC04_011__func_80148E54: NO-MATCH start=6 best=6 compiles=63 (306.6s, 132 copies, 2 needed)
    depth 1: 22 kept of the scored, best 44 (R7 do-while @5231) · 65 compiles
    depth 1: 48 kept of the scored, best 128 (R7 do-while @3672) · 65 compiles
    depth 2: 66 kept of the scored, best 24 (R8 cse tmp0 @678 + R8 cse tmp1 @655) · 252 compiles
  ov_SC04_011__func_80135A4C: NO-MATCH start=40 best=24 compiles=252 (315.7s, 134 copies, 3 needed, R8 cse tmp0 @678 + R8 cse tmp1 @655)
    depth 2: 76 kept of the scored, best 16 (R10 param-alias p1->arg1 @647 + R6 inline m @654) · 254 compiles
  ov_SC04_011__func_80135888: NO-MATCH start=29 best=16 compiles=254 (316.4s, 134 copies, 5 needed, R10 param-alias p1->arg1 @647 + R6 inline m @654)
    depth 1: score 0 by R19 argrestore func_8001AAA0 +a @3525
  ov_SC07_006__func_8017A3D8: BANK-REFUSED start=3 best=0 compiles=2 (2.1s, 16 copies, 1 needed, R19 argrestore func_8001AAA0 +a @3525)
    depth 2: 69 kept of the scored, best 70 (R3 init-split pd + R18 bystander @1001->998) · 252 compiles
  ov_SC04_011__func_8013F350: NO-MATCH start=70 best=70 compiles=252 (322.5s, 130 copies, 3 needed)
    depth 1: 44 kept of the scored, best 2 (R18 bystander @835->838) · 65 compiles
    depth 2: 90 kept of the scored, best 55 (R18 bystander @818->821 + R7 do-while @817) · 241 compiles
  ov_SC04_011__func_80135EB0: NO-MATCH start=64 best=55 compiles=241 (330.8s, 129 copies, 6 needed, R18 bystander @818->821 + R7 do-while @817)
    depth 2: 60 kept of the scored, best 11 (R6 inline arg0 @555 + R7 do-while @554) · 241 compiles
  ov_SC04_011__func_8012956C: NO-MATCH start=11 best=11 compiles=241 (331.8s, 127 copies, 4 needed)
    depth 2: 79 kept of the scored, best 14 (R6 inline uVar2 @1731 + R9 swap-stmts @1729) · 252 compiles
  ov_SC04_011__func_8013DD68: NO-MATCH start=17 best=14 compiles=252 (336.7s, 129 copies, 2 needed, R6 inline uVar2 @1731)
    depth 1: 24 kept of the scored, best 6 (R12 width a s32->u16 @720) · 44 compiles
    depth 2: 135 kept of the scored, best 2 (R15 sink @1172 (var_v0_3) + R12 width pos s32->u16 @1110) · 252 compiles
  ov_SC01_000__func_80136824: NO-MATCH start=21 best=2 compiles=252 (341.7s, 125 copies, 6 needed, R15 sink @1172 (var_v0_3) + R12 width pos s32->u16 @1110)
    depth 2: 97 kept of the scored, best 15 (R7 do-while @4000 + R8 base tmp0 @4046) · 257 compiles
  ov_SC04_011__func_8017D000: NO-MATCH start=33 best=15 compiles=257 (342.0s, 10 copies, 3 needed, R7 do-while @4000 + R8 base tmp0 @4046)
    depth 1: 8 kept of the scored, best 6 (R12 width iVar1 s32->u16 @8680) · 21 compiles
    depth 1: 26 kept of the scored, best 24 (R6 inline tv2 @16132) · 65 compiles
    depth 2: 78 kept of the scored, best 34 (R9 swap-stmts @1102 + R7 do-while @1101) · 250 compiles
  ov_SC04_011__func_80140958: NO-MATCH start=43 best=34 compiles=250 (358.2s, 119 copies, 4 needed, R9 swap-stmts @1102 + R7 do-while @1101)
    depth 1: 33 kept of the scored, best 25 (R6 inline v0 @9713) · 65 compiles
    depth 1: 28 kept of the scored, best 29 (R14 param-width a0 s32->u16 @6226) · 65 compiles
    depth 1: 35 kept of the scored, best 84 (R12 width uVar3 u32->u8 @1472) · 65 compiles
    depth 1: 25 kept of the scored, best 1 (R6 inline rv @5072) · 65 compiles
    depth 1: 19 kept of the scored, best 13 (R7 do-while @2938) · 65 compiles
    depth 1: 30 kept of the scored, best 22 (R7 do-while @2966) · 65 compiles
    depth 1: 27 kept of the scored, best 39 (R5 swap | @1175) · 65 compiles
    depth 1: 23 kept of the scored, best 9 (R7 do-while @3248) · 45 compiles
    depth 2: 19 kept of the scored, best 6 (R12 width iVar1 s32->u16 @8680 + R7 block @8689) · 70 compiles
  ov_SC02_031__func_80184B94: NO-MATCH start=6 best=6 compiles=70 (66.1s, 3 copies, 1 needed)
    depth 2: 63 kept of the scored, best 18 (R9 swap-stmts @2921 + R12 width iVar3 int->u16 @2868) · 255 compiles
  ov_SC04_011__func_8016CBC0: NO-MATCH start=55 best=18 compiles=255 (407.3s, 128 copies, 1 needed, R9 swap-stmts @2921 + R12 width iVar3 int->u16 @2868)
    depth 2: 139 kept of the scored, best 119 (R6 inline yt @3670 + R16 const-holder cc1=0x74808080 x2) · 253 compiles
  ov_SC04_011__func_80177B5C: NO-MATCH start=135 best=119 compiles=253 (126.0s, 132 copies, 15 needed, R6 inline yt @3670 + R16 const-holder cc1=0x74808080 x2)
    depth 2: 100 kept of the scored, best 2 (R18 bystander @835->838 + R9 swap-stmts @830) · 242 compiles
  ov_SC04_011__func_801397B0: NO-MATCH start=12 best=2 compiles=242 (109.7s, 126 copies, 1 needed, R18 bystander @835->838)
    depth 2: 70 kept of the scored, best 16 (R7 do-while @3021 + R7 do-while @3014) · 244 compiles
  ov_SC04_011__func_80135168: NO-MATCH start=25 best=16 compiles=244 (433.1s, 126 copies, 5 needed, R18 bystander @3014->3020)
    depth 2: 69 kept of the scored, best 9 (R7 do-while @3248 + R12 width tag u16->s32 @3234) · 167 compiles
  ov_SC03_002__func_80184854: NO-MATCH start=11 best=9 compiles=167 (76.7s, 8 copies, 1 needed, R7 do-while @3248)
    depth 1: 25 kept of the scored, best 12 (R9 swap-stmts @7976) · 65 compiles
    depth 2: 60 kept of the scored, best 6 (R12 width a s32->u16 @720 + R6 inline ang @729) · 154 compiles
  ov_SC04_011__func_80148D44: NO-MATCH start=6 best=6 compiles=154 (135.0s, 132 copies, 2 needed)
    depth 1: 32 kept of the scored, best 7 (R7 do-while @4623) · 65 compiles
    depth 1: 33 kept of the scored, best 3 (R8 cse tmp0 @6860) · 51 compiles
    depth 1: 26 kept of the scored, best 76 (R7 do-while @3328) · 65 compiles
    depth 2: 99 kept of the scored, best 74 (R12 width uVar3 u32->u8 @1472 + R7 do-while @1489) · 253 compiles
  ov_SC04_011__func_8013D9B0: NO-MATCH start=96 best=74 compiles=253 (114.7s, 125 copies, 25 needed, R12 width uVar3 u32->u8 @1472 + R7 do-while @1489)
    depth 2: 49 kept of the scored, best 13 (R7 do-while @2938 + R9 swap-stmts @2948) · 252 compiles
  ov_SC04_011__func_8017B614: NO-MATCH start=13 best=13 compiles=252 (112.4s, 126 copies, 3 needed)
    depth 2: 65 kept of the scored, best 43 (R7 do-while @5231 + R6 inline gA @5255) · 253 compiles
  ov_SC04_011__func_801670E4: NO-MATCH start=45 best=43 compiles=253 (459.6s, 133 copies, 7 needed, R7 do-while @5231 + R6 inline gA @5255)
    depth 2: 79 kept of the scored, best 1 (R6 inline rv @5072 + R12 width rv s32->u16 @5056) · 254 compiles
  ov_SC03_115__func_8017FC5C: NO-MATCH start=1 best=1 compiles=254 (134.8s, 9 copies, 2 needed)
    depth 2: 77 kept of the scored, best 39 (R5 swap | @1175 + R9 swap-stmts @1137) · 250 compiles
  ov_SC03_011__func_80140958: NO-MATCH start=43 best=39 compiles=250 (125.1s, 9 copies, 4 needed, R5 swap | @1175)
    depth 1: 40 kept of the scored, best 22 (R9 swap-stmts @1433) · 65 compiles
    depth 1: 31 kept of the scored, best 23 (R7 do-while @2952) · 65 compiles
    depth 1: 36 kept of the scored, best 20 (R9 swap-stmts @663) · 48 compiles
    depth 1: 15 kept of the scored, best 3 (R6 inline r @5221) · 19 compiles
    depth 1: 16 kept of the scored, best 3 (R12 width t s32->u16 @6263) · 65 compiles
    depth 1: 16 kept of the scored, best 4 (R7 block @5130) · 41 compiles
    depth 2: 77 kept of the scored, best 29 (R14 param-width a0 s32->u16 @6226 + R7 block @6275) · 246 compiles
  ov_SC03_102__func_80183E3C: NO-MATCH start=38 best=29 compiles=246 (181.1s, 10 copies, 1 needed, R14 param-width a0 s32->u16 @6226)
    depth 1: 42 kept of the scored, best 2 (R18 bystander @1105->1108) · 65 compiles
    depth 2: 37 kept of the scored, best 3 (R6 inline r @5221 + R12 width v int->u16 @5216) · 62 compiles
  ov_MAIN_012__func_80178970: NO-MATCH start=6 best=3 compiles=62 (61.3s, 7 copies, 1 needed, R6 inline r @5221)
    depth 1: 15 kept of the scored, best 3 (R12 width t s32->u16 @8755) · 65 compiles
    depth 2: 109 kept of the scored, best 16 (R6 inline v0 @9722 + R6 inline v0 @9714) · 254 compiles
  ov_SC06_010__func_80185C04: NO-MATCH start=27 best=16 compiles=254 (221.5s, 7 copies, 2 needed, R6 inline v0 @9722 + R6 inline v0 @9714)
    depth 2: 79 kept of the scored, best 22 (R7 do-while @2966 + R9 swap-stmts @2974) · 225 compiles
  ov_SC07_006__func_8014CF04: NO-MATCH start=34 best=22 compiles=225 (216.2s, 1 copies, 1 needed, R7 do-while @2966)
    depth 2: 85 kept of the scored, best 7 (R7 do-while @4623 + R8 temp tmp0 @4617) · 248 compiles
  ov_SC03_104__func_801846F0: NO-MATCH start=8 best=7 compiles=248 (135.8s, 1 copies, 1 needed, R7 do-while @4623)
    depth 2: 58 kept of the scored, best 65 (R12 width amp s32->s16 @3318 + R7 do-while @3328) · 251 compiles
  ov_SC04_011__func_80176734: NO-MATCH start=90 best=65 compiles=251 (138.4s, 129 copies, 11 needed, R12 width amp s32->s16 @3318 + R7 do-while @3328)
    depth 2: 111 kept of the scored, best 2 (R8 cse tmp0 @6860 + R6 inline v1 @6862) · 217 compiles
  ov_SC04_015__func_80180EDC: NO-MATCH start=3 best=2 compiles=217 (140.9s, 8 copies, 1 needed, R8 cse tmp0 @6860 + R6 inline v1 @6862)
    depth 2: 69 kept of the scored, best 24 (R6 inline tv2 @16132 + R8 hoist tmp0 @16108) · 253 compiles
  ov_SC04_011__func_8018F02C: NO-MATCH start=24 best=24 compiles=253 (262.6s, 6 copies, 2 needed)
    depth 2: 97 kept of the scored, best 20 (R9 swap-stmts @1433 + R9 swap-stmts @1427) · 240 compiles
  ov_SC04_011__func_8013D8FC: NO-MATCH start=25 best=20 compiles=240 (104.3s, 131 copies, 1 needed, R9 swap-stmts @1433 + R9 swap-stmts @1427)
    depth 1: 30 kept of the scored, best 39 (R8 cse tmp0 @4150) · 65 compiles
    depth 1: 33 kept of the scored, best 25 (R6 inline x @6122) · 65 compiles
    depth 2: 69 kept of the scored, best 12 (R9 swap-stmts @7976 + R9 swap-stmts @7986) · 248 compiles
  ov_SC02_031__func_80183BB0: NO-MATCH start=12 best=12 compiles=248 (169.9s, 1 copies, 1 needed)
    depth 1: 26 kept of the scored, best 4 (R18 bystander @4489->4492) · 65 compiles
    depth 1: 18 kept of the scored, best 72 (R7 block @1161) · 37 compiles
    depth 1: 24 kept of the scored, best 11 (R7 block @1064) · 39 compiles
    depth 1: 30 kept of the scored, best 39 (R8 cse tmp0 @2833) · 65 compiles
    depth 1: 25 kept of the scored, best 3 (R6 inline t @9583) · 65 compiles
    depth 2: 39 kept of the scored, best 4 (R7 block @5130 + R18 bystander @5131->5134) · 143 compiles
  ov_SC04_011__func_80166F58: NO-MATCH start=4 best=4 compiles=143 (125.5s, 125 copies, 5 needed)
    depth 2: 100 kept of the scored, best 2 (R18 bystander @1105->1108 + R9 swap-stmts @1100) · 242 compiles
  ov_SC07_006__func_801397B0: NO-MATCH start=12 best=2 compiles=242 (119.8s, 7 copies, 1 needed, R18 bystander @1105->1108)
    depth 1: 20 kept of the scored, best 56 (R12 width p s32->u16 @5336) · 65 compiles
    depth 2: 91 kept of the scored, best 18 (R9 swap-stmts @663 + R12 width tmp s32->u8 @642) · 178 compiles
  ov_SC04_011__func_80148AFC: NO-MATCH start=23 best=18 compiles=178 (157.1s, 132 copies, 6 needed, R9 swap-stmts @663 + R12 width tmp s32->u8 @642)
    depth 2: 33 kept of the scored, best 72 (R7 block @1161 + R4 decl-move p 9->0) · 122 compiles
  ov_SC04_011__func_8013D178: NO-MATCH start=72 best=72 compiles=122 (44.3s, 130 copies, 1 needed)
    depth 1: 39 kept of the scored, best 1 (R6 inline ret @6515) · 65 compiles
    depth 2: 94 kept of the scored, best 23 (R7 do-while @2952 + R18 bystander @2954->2956) · 248 compiles
  ov_SC04_011__func_80135004: NO-MATCH start=26 best=23 compiles=248 (178.9s, 127 copies, 4 needed, R7 do-while @2952)
    depth 1: 31 kept of the scored, best 2 (R7 do-while @1845) · 65 compiles
    depth 1: 46 kept of the scored, best 2 (R12 width v0 s32->s16 @14002) · 65 compiles
    depth 1: 32 kept of the scored, best 35 (R8 temp tmp0 @1068) · 65 compiles
    depth 1: 24 kept of the scored, best 11 (R7 block @82) · 39 compiles
    depth 1: 30 kept of the scored, best 34 (R7 do-while @4928) · 65 compiles
    depth 2: 46 kept of the scored, best 3 (R12 width t s32->u16 @6263 + R7 block @6352) · 252 compiles
  ov_SC01_077__func_8016A290: NO-MATCH start=3 best=3 compiles=252 (199.8s, 2 copies, 1 needed)
    depth 2: 64 kept of the scored, best 11 (R7 block @1064 + R7 block @1060) · 142 compiles
  ov_SC07_006__func_80145934: NO-MATCH start=11 best=11 compiles=142 (108.6s, 14 copies, 1 needed)
    depth 2: 71 kept of the scored, best 4 (R18 bystander @4489->4492 + R7 block @4470) · 253 compiles
  ov_SC03_104__func_8018431C: NO-MATCH start=4 best=4 compiles=253 (108.0s, 8 copies, 1 needed)
    depth 2: 84 kept of the scored, best 39 (R8 cse tmp0 @4150 + R9 swap-stmts @4149) · 252 compiles
  ov_MAIN_012__func_80175AB8: NO-MATCH start=41 best=39 compiles=252 (125.5s, 4 copies, 5 needed, R8 cse tmp0 @4150)
    depth 1: 35 kept of the scored, best 26 (R9 swap-stmts @2810) · 65 compiles
    depth 2: 84 kept of the scored, best 39 (R8 cse tmp0 @2833 + R9 swap-stmts @2832) · 252 compiles
  ov_SC04_011__func_80175AB8: NO-MATCH start=41 best=39 compiles=252 (108.6s, 125 copies, 5 needed, R8 cse tmp0 @2833)
    depth 2: 43 kept of the scored, best 3 (R12 width t s32->u16 @8755 + R7 block @8860) · 252 compiles
  ov_MAIN_012__func_8016A290: NO-MATCH start=3 best=3 compiles=252 (218.6s, 3 copies, 1 needed)
    depth 1: 37 kept of the scored, best 14 (R6 inline t0 @3939) · 65 compiles
    depth 1: 29 kept of the scored, best 16 (R8 temp tmp0 @5071) · 65 compiles
    depth 2: 82 kept of the scored, best 25 (R6 inline x @6122 + R7 block @6125) · 253 compiles
  ov_SC03_102__func_80183A2C: NO-MATCH start=30 best=25 compiles=253 (177.7s, 15 copies, 3 needed, R6 inline x @6122)
    depth 1: 35 kept of the scored, best 25 (R9 swap-stmts @5939) · 65 compiles
    depth 2: 91 kept of the scored, best 34 (R8 temp tmp0 @1068 + R7 do-while @1063) · 252 compiles
  ov_SC04_011__func_8013CF68: NO-MATCH start=38 best=34 compiles=252 (80.7s, 134 copies, 1 needed, R8 temp tmp0 @1068 + R7 do-while @1063)
    depth 2: 51 kept of the scored, best 56 (R12 width p s32->u16 @5336 + R8 hoist tmp0 @5356) · 248 compiles
  ov_SC04_015__func_8017F0EC: NO-MATCH start=56 best=56 compiles=248 (127.0s, 1 copies, 1 needed)
    depth 1: 30 kept of the scored, best 16 (R18 bystander @2245->2251) · 65 compiles
    depth 2: 79 kept of the scored, best 2 (R12 width s0_param int->u16 @1839 + R9 swap-stmts @1845) · 249 compiles
  ov_SC07_006__func_8014305C: NO-MATCH start=12 best=2 compiles=249 (103.9s, 7 copies, 2 needed, R7 do-while @1845)
    depth 1: 28 kept of the scored, best 7 (R7 do-while @1853) · 65 compiles
    depth 2: 64 kept of the scored, best 11 (R7 block @82 + R7 block @84) · 143 compiles
  ov_SC04_011__func_80145A2C: NO-MATCH start=11 best=11 compiles=143 (125.0s, 126 copies, 1 needed)
    depth 2: 73 kept of the scored, best 3 (R6 inline t @9583 + R8 temp tmp0 @9573) · 253 compiles
  ov_SC06_010__func_80185994: NO-MATCH start=3 best=3 compiles=253 (189.3s, 18 copies, 1 needed)
    depth 1: 13 kept of the scored, best 6 (R6 inline fp @1246) · 59 compiles
    depth 1: 35 kept of the scored, best 5 (R9 swap-stmts @7918) · 54 compiles
    depth 1: 36 kept of the scored, best 23 (R9 swap-stmts @5220) · 65 compiles
    depth 2: 68 kept of the scored, best 1 (R6 inline ret @6515 + R3 init-split s0) · 256 compiles
  ov_SC02_031__func_801818A4: NO-MATCH start=17 best=1 compiles=256 (172.0s, 2 copies, 1 needed, R6 inline ret @6515)
    depth 1: 23 kept of the scored, best 7 (R8 temp tmp0 @4333) · 65 compiles
    depth 1: 34 kept of the scored, best 5 (R12 width v0 s32->u16 @8393) · 65 compiles
    depth 1: 24 kept of the scored, best 11 (R7 block @32) · 39 compiles
    depth 1: 18 kept of the scored, best 11 (R8 temp tmp0 @9261) · 65 compiles
    depth 2: 104 kept of the scored, best 12 (R6 inline t0 @3939 + R6 inline t0 @3937) · 247 compiles
  ov_SC03_104__func_8018383C: NO-MATCH start=16 best=12 compiles=247 (131.7s, 1 copies, 1 needed, R6 inline t0 @3939 + R6 inline t0 @3937)
    depth 1: 12 kept of the scored, best 47 (R7 block @5803) · 65 compiles
    depth 2: 32 kept of the scored, best 6 (R6 inline fp @1246 + R7 block @1243) · 174 compiles
  ov_SC07_006__func_80141874: NO-MATCH start=6 best=6 compiles=174 (99.0s, 7 copies, 1 needed)
    depth 2: 90 kept of the scored, best 24 (R7 do-while @4928 + R12 width iVar3 int->s16 @4879) · 251 compiles
  ov_SC04_011__func_80166690: NO-MATCH start=41 best=24 compiles=251 (206.9s, 126 copies, 1 needed, R7 do-while @4928 + R12 width iVar3 int->s16 @4879)
    depth 2: 69 kept of the scored, best 16 (R7 do-while @2252 + R7 do-while @2245) · 245 compiles
  ov_MAIN_012__func_80135168: NO-MATCH start=25 best=16 compiles=245 (132.1s, 3 copies, 5 needed, R18 bystander @2245->2251)
    depth 2: 84 kept of the scored, best 12 (R8 base tmp0 @5071 + R8 temp tmp1 @5072) · 251 compiles
  ov_SC03_111__func_80182F8C: NO-MATCH start=18 best=12 compiles=251 (147.2s, 7 copies, 2 needed, R8 base tmp0 @5071 + R8 temp tmp1 @5072)
    depth 2: 110 kept of the scored, best 2 (R12 width v0 s32->s16 @14002 + R6 inline v1_sign @14031) · 245 compiles
  ov_SC04_011__func_8018CCB8: NO-MATCH start=17 best=2 compiles=245 (240.9s, 1 copies, 1 needed, R12 width v0 s32->s16 @14002)
    depth 2: 93 kept of the scored, best 25 (R9 swap-stmts @2810 + R9 swap-stmts @2795) · 250 compiles
  ov_SC04_011__func_80134A74: NO-MATCH start=30 best=25 compiles=250 (184.7s, 134 copies, 5 needed, R9 swap-stmts @2810 + R9 swap-stmts @2795)
    depth 1: 41 kept of the scored, best 10 (R7 do-while @3541) · 65 compiles
    depth 1: 33 kept of the scored, best 85 (R12 width uVar1 u32->u8 @1434) · 65 compiles
    depth 2: 73 kept of the scored, best 7 (R7 do-while @1853 + R12 width m s32->u16 @1841) · 246 compiles
    depth 1: 29 kept of the scored, best 18 (R7 do-while @1703) · 65 compiles
  ov_SC07_006__func_8012F49C: NO-MATCH start=10 best=7 compiles=246 (164.1s, 1 copies, 1 needed, R7 do-while @1853)
    depth 1: 26 kept of the scored, best 13 (R6 inline iVar2 @4547) · 40 compiles
    depth 1: 20 kept of the scored, best 25 (R8 temp tmp0 @4944) · 65 compiles
    depth 1: 12 kept of the scored, best 16 (R10 param-copy param_1 @1816) · 23 compiles
    depth 2: 105 kept of the scored, best 5 (R9 swap-stmts @7918 + R8 temp tmp0 @7914) · 213 compiles
  ov_SC04_007__func_80184238: NO-MATCH start=5 best=5 compiles=213 (154.3s, 2 copies, 1 needed)
    depth 1: 29 kept of the scored, best 18 (R7 do-while @2481) · 65 compiles
    depth 2: 64 kept of the scored, best 11 (R7 block @32 + R7 block @34) · 143 compiles
  ov_SC04_011__func_80145934: NO-MATCH start=11 best=11 compiles=143 (113.5s, 126 copies, 1 needed)
    depth 2: 94 kept of the scored, best 18 (R9 swap-stmts @5939 + R12 width a0v s32->u16 @5916) · 250 compiles
  ov_SC01_077__func_80168828: NO-MATCH start=35 best=18 compiles=250 (202.5s, 8 copies, 2 needed, R9 swap-stmts @5939 + R12 width a0v s32->u16 @5916)
    depth 2: 105 kept of the scored, best 23 (R9 swap-stmts @5220 + R6 inline v0 @5272) · 253 compiles
  ov_SC04_015__func_8017EE80: NO-MATCH start=23 best=23 compiles=253 (160.4s, 1 copies, 1 needed)
    depth 1: 47 kept of the scored, best 2 (R12 width v0 s32->s16 @13953) · 65 compiles
    depth 2: 62 kept of the scored, best 7 (R8 temp tmp0 @4333 + R8 temp tmp1 @4338) · 253 compiles
  ov_SC03_102__func_8018110C: NO-MATCH start=7 best=7 compiles=253 (206.7s, 1 copies, 1 needed)
    depth 2: 43 kept of the scored, best 16 (R10 param-copy param_2 @1816 + R10 param-copy param_1 @1817) · 98 compiles
    depth 1: 38 kept of the scored, best 5 (R9 swap-stmts @6636) · 65 compiles
  ov_SC07_006__func_8012F40C: NO-MATCH start=16 best=16 compiles=98 (83.5s, 1 copies, 1 needed)
    depth 1: 36 kept of the scored, best 6 (R7 do-while @4933) · 65 compiles
    depth 1: 32 kept of the scored, best 7 (R8 temp tmp0 @8739) · 65 compiles
    depth 2: 106 kept of the scored, best 75 (R12 width uVar1 u32->u8 @1434 + R7 do-while @1453) · 255 compiles
  ov_MAIN_012__func_8013D9B0: NO-MATCH start=96 best=75 compiles=255 (115.7s, 7 copies, 25 needed, R12 width uVar1 u32->u8 @1434 + R7 do-while @1453)
    depth 2: 100 kept of the scored, best 9 (R7 do-while @3541 + R7 do-while @3539) · 227 compiles
  ov_SC03_104__func_8018304C: NO-MATCH start=11 best=9 compiles=227 (126.4s, 1 copies, 1 needed, R7 do-while @3541 + R7 do-while @3539)
    depth 1: 31 kept of the scored, best 4 (R7 block @5365) · 65 compiles
    depth 1: 10 kept of the scored, best 72 (R7 block @1124) · 29 compiles
    depth 2: 68 kept of the scored, best 8 (R6 inline iVar2 @4547 + R7 do-while @4551) · 141 compiles
  ov_SC04_011__func_801651B8: NO-MATCH start=29 best=8 compiles=141 (128.2s, 127 copies, 2 needed, R6 inline iVar2 @4547 + R7 do-while @4551)
    depth 2: 65 kept of the scored, best 1 (R12 width v0 s32->u16 @8393 + R7 do-while @8414) · 249 compiles
  ov_MAIN_012__func_80169058: NO-MATCH start=18 best=1 compiles=249 (249.8s, 6 copies, 3 needed, R12 width v0 s32->u16 @8393 + R7 do-while @8414)
    depth 2: 76 kept of the scored, best 16 (R7 do-while @1693 + R7 do-while @1703) · 253 compiles
  ov_MAIN_012__func_80133CD4: NO-MATCH start=28 best=16 compiles=253 (134.2s, 3 copies, 1 needed, R7 do-while @1693 + R7 do-while @1703)
    depth 2: 37 kept of the scored, best 47 (R7 block @5803 + R10 param-copy arg0 @5730) · 255 compiles
  ov_SC02_031__func_8017F5B4: NO-MATCH start=47 best=47 compiles=255 (188.5s, 2 copies, 1 needed)
    depth 1: 22 kept of the scored, best 6 (R6 inline d @4054) · 65 compiles
    depth 2: 50 kept of the scored, best 11 (R8 temp tmp0 @9261 + R8 temp tmp1 @9265) · 253 compiles
  ov_SC06_010__func_80184EFC: NO-MATCH start=11 best=11 compiles=253 (208.1s, 5 copies, 1 needed)
    depth 2: 24 kept of the scored, best 72 (R7 block @1124 + R4 decl-move p 1->0) · 102 compiles
  ov_MAIN_012__func_8013D178: NO-MATCH start=72 best=72 compiles=102 (33.1s, 3 copies, 1 needed)
    depth 1: 33 kept of the scored, best 12 (R9 swap-stmts @1668) · 65 compiles
    depth 2: 55 kept of the scored, best 21 (R8 base tmp0 @4944 + R12 width tmp0 s32->s16 @4847) · 253 compiles
  ov_SC03_111__func_80182BCC: NO-MATCH start=25 best=21 compiles=253 (148.7s, 2 copies, 3 needed, R8 base tmp0 @4944 + R12 width tmp0 s32->s16 @4847)
    depth 1: 35 kept of the scored, best 8 (R5 swap | @3761) · 65 compiles
    depth 1: 27 kept of the scored, best 21 (R12 width s3 s16->s32 @1418) · 65 compiles
    depth 1: 21 kept of the scored, best 10 (R12 width uVar2 u32->u16 @3831) · 65 compiles
    depth 1: 27 kept of the scored, best 7 (R6 inline ang @5319) · 65 compiles
    depth 1: 37 kept of the scored, best 11 (R12 width v0 int->u16 @8270) · 65 compiles
    depth 1: 22 kept of the scored, best 18 (R8 hoist tmp0 @4644) · 65 compiles
    depth 1: 28 kept of the scored, best 29 (R14 param-width a0 s32->u16 @6002) · 65 compiles
    depth 1: 25 kept of the scored, best 11 (R12 width sxy s32->u16 @9025) · 65 compiles
    depth 2: 76 kept of the scored, best 16 (R7 do-while @2471 + R7 do-while @2481) · 253 compiles
  ov_SC04_011__func_80133CD4: NO-MATCH start=28 best=16 compiles=253 (189.0s, 131 copies, 1 needed, R7 do-while @2471 + R7 do-while @2481)
    depth 2: 93 kept of the scored, best 5 (R9 swap-stmts @4936 + R9 swap-stmts @4935) · 251 compiles
  ov_SC04_015__func_8017E830: NO-MATCH start=18 best=5 compiles=251 (165.5s, 1 copies, 1 needed, R9 swap-stmts @4936 + R9 swap-stmts @4935)
    depth 2: 89 kept of the scored, best 5 (R9 swap-stmts @6636 + R9 swap-stmts @6635) · 240 compiles
  ov_SC04_007__func_80182358: NO-MATCH start=10 best=5 compiles=240 (177.6s, 4 copies, 1 needed, R9 swap-stmts @6636)
    depth 2: 91 kept of the scored, best 7 (R8 temp tmp0 @8739 + R8 temp tmp1 @8740) · 252 compiles
  ov_SC06_018__func_80185DD8: NO-MATCH start=7 best=7 compiles=252 (189.6s, 6 copies, 1 needed)
    depth 1: 32 kept of the scored, best 20 (R12 width harg int->u16 @2317) · 65 compiles
    depth 2: 71 kept of the scored, best 21 (R12 width s3 s16->s32 @1418 + R18 bystander @1425->1428) · 249 compiles
  ov_MAIN_012__func_80133784: NO-MATCH start=21 best=21 compiles=249 (109.7s, 7 copies, 7 needed)
    depth 2: 108 kept of the scored, best 2 (R12 width v0 s32->s16 @13953 + R6 inline v1_sign @13979) · 244 compiles
  ov_SC04_011__func_8018CC24: NO-MATCH start=17 best=2 compiles=244 (245.2s, 1 copies, 1 needed, R12 width v0 s32->s16 @13953)
    depth 2: 82 kept of the scored, best 4 (R7 block @5365 + R18 bystander @5366->5369) · 240 compiles
  ov_SC01_077__func_80166F58: NO-MATCH start=4 best=4 compiles=240 (209.3s, 2 copies, 5 needed)
    depth 1: 16 kept of the scored, best 4 (R12 width lim s32->u16 @3735) · 65 compiles
    depth 2: 103 kept of the scored, best 4 (R9 swap-stmts @1668 + R14 param-width param_1 s32->u16 @1658) · 253 compiles
  ov_SC07_006__func_8012E688: NO-MATCH start=15 best=4 compiles=253 (156.8s, 2 copies, 2 needed, R9 swap-stmts @1668 + R14 param-width param_1 s32->u16 @1658)
    depth 1: 22 kept of the scored, best 43 (R8 hoist tmp0 @5279) · 65 compiles
    depth 2: 66 kept of the scored, best 6 (R6 inline d @4054 + R8 temp tmp0 @4050) · 252 compiles
  ov_SC03_102__func_80180A38: NO-MATCH start=6 best=6 compiles=252 (178.4s, 1 copies, 1 needed)
    depth 1: 22 kept of the scored, best 10 (R8 temp tmp0 @7351) · 34 compiles
    depth 2: 100 kept of the scored, best 2 (R5 swap | @3761 + R6 inline a0 @3758) · 251 compiles
  ov_SC06_022__func_80185E64: NO-MATCH start=10 best=2 compiles=251 (162.3s, 1 copies, 1 needed, R5 swap | @3761 + R6 inline a0 @3758)
    depth 1: 19 kept of the scored, best 45 (R7 block @5666) · 65 compiles
    depth 1: 26 kept of the scored, best 2 (R9 swap-stmts @1642) · 29 compiles
    depth 2: 59 kept of the scored, best 18 (R8 hoist tmp0 @4644 + R6 inline tmp0 @4645) · 254 compiles
  ov_SC03_111__func_80182490: NO-MATCH start=18 best=18 compiles=254 (160.2s, 7 copies, 2 needed)
    depth 1: 24 kept of the scored, best 1 (R3 init-split mode) · 42 compiles
    depth 2: 77 kept of the scored, best 7 (R6 inline ang @5319 + R8 temp tmp0 @5304) · 249 compiles
  ov_SC02_031__func_8017EE3C: NO-MATCH start=9 best=7 compiles=249 (188.7s, 1 copies, 1 needed, R6 inline ang @5319)
    depth 2: 77 kept of the scored, best 29 (R14 param-width a0 s32->u16 @6002 + R7 block @6051) · 246 compiles
  ov_SC02_035__func_80181B00: NO-MATCH start=38 best=29 compiles=246 (177.5s, 5 copies, 1 needed, R14 param-width a0 s32->u16 @6002)
    depth 1: 27 kept of the scored, best 34 (R7 do-while @5174) · 65 compiles
    depth 1: 37 kept of the scored, best 11 (R12 width y s32->u16 @3299) · 65 compiles
    depth 1: 18 kept of the scored, best 50 (R18 bystander @3284->3287) · 65 compiles
    depth 2: 60 kept of the scored, best 10 (R12 width uVar2 u32->u16 @3831 + R12 width uVar2 u16->s32 @3831) · 252 compiles
  ov_SC04_011__func_80162438: NO-MATCH start=10 best=10 compiles=252 (227.7s, 127 copies, 3 needed)
    depth 2: 69 kept of the scored, best 11 (R12 width sxy s32->u16 @9025 + R8 hoist tmp0 @9094) · 247 compiles
  ov_SC06_010__func_801848A4: NO-MATCH start=11 best=11 compiles=247 (213.7s, 5 copies, 1 needed)
    depth 1: 18 kept of the scored, best 4 (R12 width lim s32->u16 @3111) · 65 compiles
    depth 2: 38 kept of the scored, best 2 (R9 swap-stmts @1642 + R7 block @1642) · 99 compiles
  ov_SC07_006__func_8012E5CC: NO-MATCH start=28 best=2 compiles=99 (95.1s, 2 copies, 1 needed, R9 swap-stmts @1642)
    depth 1: 28 kept of the scored, best 2 (R12 width hi s32->s16 @5214) · 46 compiles
    depth 2: 67 kept of the scored, best 10 (R8 temp tmp0 @7351 + R6 inline tmp0 @7352) · 136 compiles
  ov_SC03_001__func_80182058: NO-MATCH start=10 best=10 compiles=136 (128.4s, 5 copies, 1 needed)
    depth 2: 68 kept of the scored, best 5 (R12 width v0 int->u16 @8270 + R6 inline c @8297) · 250 compiles
  ov_MAIN_012__func_80168D94: NO-MATCH start=24 best=5 compiles=250 (243.6s, 6 copies, 5 needed, R12 width v0 int->u16 @8270 + R6 inline c @8297)
    depth 1: 31 kept of the scored, best 16 (R12 width sub s32->s16 @4429) · 65 compiles
    depth 2: 93 kept of the scored, best 20 (R12 width harg int->u16 @2317 + R8 hoist tmp0 @2325) · 249 compiles
  ov_SC04_011__func_80133AB0: NO-MATCH start=24 best=20 compiles=249 (208.0s, 134 copies, 4 needed, R12 width harg int->u16 @2317)
    depth 2: 47 kept of the scored, best 4 (R12 width lim s32->u16 @3735 + R7 block @3768) · 247 compiles
  ov_SC04_015__func_8017C730: NO-MATCH start=10 best=4 compiles=247 (200.3s, 2 copies, 1 needed, R12 width lim s32->u16 @3735)
    depth 1: 27 kept of the scored, best 11 (R6 inline arg0 @625) · 65 compiles
    depth 1: 20 kept of the scored, best 11 (R8 temp tmp0 @8881) · 65 compiles
    depth 1: 21 kept of the scored, best 14 (R9 swap-stmts @3638) · 65 compiles
    depth 1: 36 kept of the scored, best 25 (R7 do-while @5424) · 65 compiles
    depth 2: 66 kept of the scored, best 43 (R8 hoist tmp0 @5279 + R6 inline tmp0 @5280) · 252 compiles
  ov_SC04_007__func_80180324: NO-MATCH start=43 best=43 compiles=252 (241.8s, 7 copies, 8 needed)
    depth 1: 31 kept of the scored, best 4 (R7 block @7472) · 65 compiles
    depth 2: 58 kept of the scored, best 2 (R12 width hi s32->s16 @5214 + R8 temp tmp0 @5220) · 149 compiles
  ov_SC02_031__func_8017ECEC: NO-MATCH start=8 best=2 compiles=149 (148.8s, 11 copies, 1 needed, R12 width hi s32->s16 @5214)
    depth 2: 71 kept of the scored, best 1 (R3 init-split mode + R7 block @11674) · 167 compiles
  ov_SC04_011__func_80189D38: NO-MATCH start=1 best=1 compiles=167 (225.7s, 1 copies, 1 needed)
    depth 1: 42 kept of the scored, best 27 (R7 do-while @3390) · 65 compiles
    depth 2: 58 kept of the scored, best 45 (R7 block @5666 + R7 block @5652) · 252 compiles
  ov_SC06_018__func_801811DC: NO-MATCH start=45 best=45 compiles=252 (245.8s, 3 copies, 1 needed)
    depth 1: 21 kept of the scored, best 21 (R18 bystander @2202->2205) · 65 compiles
    depth 2: 57 kept of the scored, best 4 (R7 block @3252 + R12 width lim s32->u16 @3111) · 249 compiles
  ov_SC03_111__func_8017FB38: NO-MATCH start=42 best=4 compiles=249 (196.3s, 1 copies, 1 needed, R12 width lim s32->u16 @3111)
    depth 1: 29 kept of the scored, best 4 (R7 do-while @4833) · 65 compiles
    depth 2: 96 kept of the scored, best 11 (R12 width y s32->u16 @3299 + R12 width flags s32->u16 @3302) · 250 compiles
  ov_SC06_022__func_80185578: NO-MATCH start=25 best=11 compiles=250 (239.0s, 6 copies, 2 needed, R12 width y s32->u16 @3299)
    depth 1: 16 kept of the scored, best 2 (R7 block @10868) · 43 compiles
    depth 1: 25 kept of the scored, best 14 (R7 block @5016) · 65 compiles
    depth 1: 8 kept of the scored, best 1 (R4 decl-move r 3->0) · 17 compiles
    depth 2: 85 kept of the scored, best 24 (R7 do-while @5174 + R12 width iVar3 int->s16 @5121) · 257 compiles
  ov_SC01_077__func_80166690: NO-MATCH start=41 best=24 compiles=257 (282.3s, 1 copies, 1 needed, R7 do-while @5174 + R12 width iVar3 int->s16 @5121)
    depth 2: 53 kept of the scored, best 50 (R18 bystander @3284->3287 + R7 block @3303) · 249 compiles
  ov_SC03_102__func_8017CD9C: NO-MATCH start=50 best=50 compiles=249 (266.5s, 5 copies, 1 needed)
    depth 1: 24 kept of the scored, best 10 (R8 temp tmp0 @4361) · 65 compiles
    depth 2: 83 kept of the scored, best 5 (R8 base-shared tmp0 @4455 + R7 do-while @4436) · 255 compiles
  ov_SC02_035__func_8017F96C: NO-MATCH start=43 best=5 compiles=255 (222.6s, 2 copies, 3 needed, R8 base-shared tmp0 @4455 + R7 do-while @4436)
    depth 1: 34 kept of the scored, best 6 (R8 temp tmp0 @6778) · 65 compiles
    depth 1: 20 kept of the scored, best 13 (R7 do-while @3579) · 65 compiles
    depth 2: 14 kept of the scored, best 1 (R4 decl-move r 3->0 + R7 block @3138) · 55 compiles
  ov_SC06_022__func_801852E4: NO-MATCH start=1 best=1 compiles=55 (42.6s, 5 copies, 1 needed)
    depth 2: 58 kept of the scored, best 11 (R6 inline arg0 @625 + R7 do-while @624) · 241 compiles
  ov_SC07_006__func_8012956C: NO-MATCH start=11 best=11 compiles=241 (203.7s, 7 copies, 4 needed)
    depth 1: score 0 by R19 argrestore func_8013BC7C +p @253
  ov_SC07_006__func_801287B8: BANK-REFUSED start=3 best=0 compiles=2 (2.0s, 4 copies, 1 needed, R19 argrestore func_8013BC7C +p @253)
    depth 1: 15 kept of the scored, best 5 (R12 width t s32->u16 @262) · 23 compiles
    depth 1: 23 kept of the scored, best 21 (R8 hoist tmp0 @6923) · 65 compiles
    depth 1: 23 kept of the scored, best 3 (R7 block @2949) · 65 compiles
    depth 2: 35 kept of the scored, best 5 (R12 width t s32->u16 @262 + R7 block @266) · 78 compiles
  md_SC03_076__func_801F2458: NO-MATCH start=5 best=5 compiles=78 (23.0s, 1 copies, 1 needed)
    depth 2: 102 kept of the scored, best 20 (R7 do-while @5424 + R12 width iVar3 s32->u16 @5393) · 251 compiles
  ov_SC03_001__func_8017FA18: NO-MATCH start=63 best=20 compiles=251 (220.4s, 5 copies, 2 needed, R7 do-while @5424 + R12 width iVar3 s32->u16 @5393)
    depth 2: 105 kept of the scored, best 22 (R7 do-while @3390 + R8 hoist tmp0 @3415) · 254 compiles
  ov_SC04_015__func_8017BF70: NO-MATCH start=34 best=22 compiles=254 (180.4s, 1 copies, 1 needed, R7 do-while @3390 + R8 hoist tmp0 @3415)
    depth 2: 58 kept of the scored, best 11 (R8 temp tmp0 @8881 + R6 inline tmp0 @8882) · 253 compiles
  ov_SC06_010__func_80184394: NO-MATCH start=11 best=11 compiles=253 (241.2s, 5 copies, 1 needed)
    depth 2: 60 kept of the scored, best 14 (R9 swap-stmts @3638 + R6 inline p @3639) · 251 compiles
  ov_SC04_011__func_80161E08: NO-MATCH start=15 best=14 compiles=251 (246.2s, 127 copies, 3 needed, R9 swap-stmts @3638)
    depth 1: 28 kept of the scored, best 29 (R14 param-width a0 s32->u16 @7497) · 65 compiles
    depth 1: 23 kept of the scored, best 6 (R12 width t s32->u16 @185) · 46 compiles
    depth 2: 61 kept of the scored, best 21 (R18 bystander @2202->2205 + R7 block @2230) · 253 compiles
  ov_SC04_011__func_80133784: NO-MATCH start=21 best=21 compiles=253 (218.3s, 127 copies, 7 needed)
    depth 2: 52 kept of the scored, best 13 (R7 do-while @3579 + R9 swap-stmts @3589) · 251 compiles
  ov_SC07_006__func_8017B614: NO-MATCH start=13 best=13 compiles=251 (91.4s, 2 copies, 3 needed)
    depth 1: 19 kept of the scored, best 9 (R8 hoist tmp0 @921) · 65 compiles
    depth 2: 81 kept of the scored, best 4 (R7 block @7472 + R18 bystander @7473->7476) · 239 compiles
  ov_MAIN_012__func_80166F58: NO-MATCH start=4 best=4 compiles=239 (257.1s, 6 copies, 5 needed)
    depth 1: 43 kept of the scored, best 41 (R8 cse tmp0 @5212) · 65 compiles
    depth 2: 82 kept of the scored, best 4 (R7 do-while @4833 + R18 bystander @4871->4873) · 251 compiles
  ov_SC04_007__func_8017F86C: NO-MATCH start=4 best=4 compiles=251 (179.9s, 1 copies, 1 needed)
    depth 2: 49 kept of the scored, best 2 (R7 block @10868 + R9 swap-stmts @10869) · 159 compiles
  ov_SC04_011__func_80188A30: NO-MATCH start=2 best=2 compiles=159 (167.5s, 1 copies, 1 needed)
    depth 1: 29 kept of the scored, best 32 (R14 param-width a0 s32->u16 @8729) · 65 compiles
    depth 1: 19 kept of the scored, best 7 (R7 block @3410) · 65 compiles
    depth 2: 66 kept of the scored, best 14 (R7 block @5016 + R6 inline fire @5083) · 252 compiles
  ov_SC02_031__func_8017E73C: NO-MATCH start=14 best=14 compiles=252 (181.3s, 11 copies, 2 needed)
    depth 2: 59 kept of the scored, best 6 (R12 width t s32->u16 @185 + R7 block @195) · 171 compiles
  md_SC03_076__func_801F2348: NO-MATCH start=6 best=6 compiles=171 (63.2s, 4 copies, 1 needed)
