delever_search --run: 55 exemplars (730 bodies behind them), 16 worker(s), beam 3 × depth 2 × cap 64, budget 400 compiles per body, label s8
    depth 1: score 0 by R19 argrestore func_8018096C +param_1 @4248
  ov_SC02_017__func_801807DC: MATCH start=1 best=0 compiles=2 (282.2s, 1 copies, 1 needed, R19 argrestore func_8018096C +param_1 @4248)
    depth 1: 8 kept of the scored, best 6 (R12 width tmp s32->u16 @767) · 20 compiles
    depth 1: 28 kept of the scored, best 11 (R6 inline arg0 @555) · 65 compiles
    depth 1: 35 kept of the scored, best 17 (R12 width a1 s32->u16 @3629) · 52 compiles
    depth 1: 20 kept of the scored, best 2 (R7 block @3364) · 65 compiles
    depth 1: 17 kept of the scored, best 3 (R12 width c1 u16->u8 @3581) · 65 compiles
    depth 1: 35 kept of the scored, best 2 (R12 width t s32->u16 @6445) · 65 compiles
    depth 1: 22 kept of the scored, best 4 (R9 swap-stmts @7375) · 65 compiles
    depth 1: 28 kept of the scored, best 7 (R7 do-while @1853) · 65 compiles
    depth 1: 18 kept of the scored, best 11 (R8 temp tmp0 @6514) · 65 compiles
    depth 1: 18 kept of the scored, best 11 (R8 temp tmp0 @6780) · 65 compiles
    depth 1: 32 kept of the scored, best 20 (R12 width harg int->u16 @2317) · 65 compiles
    depth 1: 18 kept of the scored, best 11 (R8 temp tmp0 @9261) · 65 compiles
    depth 1: 23 kept of the scored, best 4 (R9 swap-stmts @10251) · 65 compiles
    depth 2: 12 kept of the scored, best 6 (R12 width tmp s32->u16 @767 + R6 inline ang @770) · 63 compiles
  ov_SC04_011__func_80148E54: NO-MATCH start=6 best=6 compiles=63 (324.2s, 132 copies, 2 needed)
  ov_SC07_002__func_80185434: UNSCORED start=None best=None compiles=1 (1.4s, 1 copies, 1 needed)
    depth 1: 22 kept of the scored, best 44 (R7 do-while @5231) · 65 compiles
    depth 1: 32 kept of the scored, best 44 (R5 swap | @7702) · 65 compiles
    depth 1: 37 kept of the scored, best 11 (R12 width v0 int->u16 @8270) · 65 compiles
    depth 1: 14 kept of the scored, best 2 (R7 do-while @5007) · 33 compiles
    depth 2: 82 kept of the scored, best 12 (R12 width a1 s32->u16 @3629 + R7 do-while @3642) · 196 compiles
  ov_SC07_000__func_80180ED0: NO-MATCH start=26 best=12 compiles=196 (96.1s, 1 copies, 1 needed, R12 width a1 s32->u16 @3629 + R7 do-while @3642)
    depth 2: 60 kept of the scored, best 11 (R6 inline arg0 @555 + R7 do-while @554) · 241 compiles
  ov_SC04_011__func_8012956C: NO-MATCH start=11 best=11 compiles=241 (387.6s, 127 copies, 4 needed)
    depth 1: 27 kept of the scored, best 7 (R12 width res s32->u16 @6677) · 29 compiles
    depth 2: 67 kept of the scored, best 2 (R7 block @3364 + R7 block @3365) · 245 compiles
  ov_SC02_005__func_80182998: NO-MATCH start=2 best=2 compiles=245 (405.9s, 1 copies, 1 needed)
    depth 2: 48 kept of the scored, best 3 (R12 width c1 u16->u8 @3581 + R4 decl-move c1 3->0) · 237 compiles
  ov_SC03_105__func_80183174: NO-MATCH start=3 best=3 compiles=237 (410.2s, 1 copies, 1 needed)
    depth 1: 27 kept of the scored, best 6 (R19 argrestore func_8017E3A0 +ot @4217) · 65 compiles
    depth 1: 8 kept of the scored, best 6 (R12 width ang s32->u16 @884) · 20 compiles
    depth 2: 34 kept of the scored, best 2 (R7 do-while @5007 + R4 decl-move a0v 1->0) · 111 compiles
  ov_SC07_002__func_80180BEC: NO-MATCH start=6 best=2 compiles=111 (100.8s, 1 copies, 1 needed, R7 do-while @5007)
    depth 2: 97 kept of the scored, best 2 (R12 width t s32->u16 @6445 + R16 const-holder zv=0 x1) · 248 compiles
  ov_SC03_124__func_8018107C: NO-MATCH start=3 best=2 compiles=248 (444.7s, 1 copies, 1 needed, R12 width t s32->u16 @6445)
    depth 1: 49 kept of the scored, best 36 (R6 inline v0 @5636) · 65 compiles
    depth 2: 51 kept of the scored, best 7 (R12 width res s32->u16 @6677 + R12 width s1 s32->u16 @6675) · 101 compiles
  ov_SC07_007__func_8018107C: NO-MATCH start=7 best=7 compiles=101 (72.9s, 1 copies, 1 needed)
    depth 1: score 0 by R19 argrestore func_801805D8 +a0 @9647
  ov_SC04_011__func_80186F44: MATCH start=19 best=0 compiles=2 (9.7s, 1 copies, 2 needed, R19 argrestore func_801805D8 +a0 @9647)
    depth 2: 73 kept of the scored, best 7 (R7 do-while @1853 + R12 width m s32->u16 @1841) · 246 compiles
  ov_SC07_006__func_8012F49C: NO-MATCH start=10 best=7 compiles=246 (468.3s, 1 copies, 1 needed, R7 do-while @1853)
    depth 2: 12 kept of the scored, best 6 (R12 width ang s32->u16 @884 + R7 block @885) · 63 compiles
  ov_SC01_077__func_80148E54: NO-MATCH start=6 best=6 compiles=63 (66.3s, 1 copies, 2 needed)
    depth 2: 68 kept of the scored, best 3 (R9 swap-stmts @7375 + R6 inline t @7376) · 254 compiles
  ov_SC06_018__func_8018D870: NO-MATCH start=5 best=3 compiles=254 (474.9s, 1 copies, 1 needed, R9 swap-stmts @7375 + R6 inline t @7376)
    depth 2: 49 kept of the scored, best 11 (R8 temp tmp0 @6514 + R6 inline tmp0 @6515) · 253 compiles
    depth 1: 26 kept of the scored, best 3 (R6 inline r @5461) · 65 compiles
  ov_SC06_008__func_80182A48: NO-MATCH start=11 best=11 compiles=253 (479.6s, 1 copies, 1 needed)
    depth 2: 50 kept of the scored, best 11 (R8 temp tmp0 @6780 + R8 temp tmp1 @6784) · 253 compiles
  ov_SC06_024__func_8018CBDC: NO-MATCH start=11 best=11 compiles=253 (480.1s, 1 copies, 1 needed)
    depth 2: 93 kept of the scored, best 20 (R12 width harg int->u16 @2317 + R8 hoist tmp0 @2325) · 249 compiles
  ov_SC04_011__func_80133AB0: NO-MATCH start=24 best=20 compiles=249 (486.0s, 134 copies, 4 needed, R12 width harg int->u16 @2317)
    depth 1: 37 kept of the scored, best 34 (R6 inline sym @2830) · 65 compiles
    depth 2: 50 kept of the scored, best 11 (R8 temp tmp0 @9261 + R8 temp tmp1 @9265) · 253 compiles
  ov_SC06_010__func_80184EFC: NO-MATCH start=11 best=11 compiles=253 (499.4s, 5 copies, 1 needed)
    depth 1: 37 kept of the scored, best 34 (R6 inline sym @3205) · 65 compiles
    depth 1: 33 kept of the scored, best 11 (R10 param-copy a0 @3789) · 65 compiles
    depth 1: 27 kept of the scored, best 11 (R6 inline arg0 @625) · 65 compiles
    depth 2: 86 kept of the scored, best 1 (R19 argrestore func_8017E3A0 +ot @4217 + R12 width flag2 s32->s16 @4198) · 249 compiles
  ov_SC01_004__func_8017E1D4: NO-MATCH start=29 best=1 compiles=249 (142.8s, 1 copies, 2 needed, R19 argrestore func_8017E3A0 +ot @4217 + R12 width flag2 s32->s16 @4198)
    depth 2: 65 kept of the scored, best 43 (R7 do-while @5231 + R6 inline gA @5255) · 253 compiles
  ov_SC04_011__func_801670E4: NO-MATCH start=45 best=43 compiles=253 (531.2s, 133 copies, 7 needed, R7 do-while @5231 + R6 inline gA @5255)
    depth 2: 70 kept of the scored, best 3 (R9 swap-stmts @10251 + R6 inline t @10252) · 255 compiles
  ov_SC06_032__func_8018D5C0: NO-MATCH start=5 best=3 compiles=255 (532.4s, 2 copies, 1 needed, R9 swap-stmts @10251 + R6 inline t @10252)
    depth 1: score 0 by R19 argrestore func_8012C588 +param_1 @5908
  ov_SC03_030__func_80180960: MATCH start=7 best=0 compiles=2 (3.3s, 1 copies, 3 needed, R19 argrestore func_8012C588 +param_1 @5908)
    depth 1: 50 kept of the scored, best 16 (R10 param-alias s0->a0 @7848) · 65 compiles
    depth 2: 89 kept of the scored, best 44 (R5 swap | @7702 + R5 swap | @7708) · 251 compiles
  md_SC07_004__func_801AB21C: NO-MATCH start=44 best=44 compiles=251 (538.2s, 1 copies, 4 needed)
    depth 1: 49 kept of the scored, best 13 (R5 swap + @943) · 65 compiles
    depth 2: 68 kept of the scored, best 5 (R12 width v0 int->u16 @8270 + R6 inline c @8297) · 250 compiles
  ov_MAIN_012__func_80168D94: NO-MATCH start=24 best=5 compiles=250 (544.0s, 6 copies, 5 needed, R12 width v0 int->u16 @8270 + R6 inline c @8297)
    depth 1: 40 kept of the scored, best 14 (R6 inline base @7924) · 65 compiles
    depth 1: 52 kept of the scored, best 13 (R5 swap + @786) · 65 compiles
    depth 1: 41 kept of the scored, best 10 (R7 do-while @921) · 65 compiles
    depth 1: 17 kept of the scored, best 20 (R5 swap + @3543) · 65 compiles
    depth 1: 37 kept of the scored, best 7 (R8 temp tmp0 @3522) · 65 compiles
    depth 2: 114 kept of the scored, best 29 (R6 inline v0 @5645 + R6 inline v1 @5639) · 254 compiles
  ov_SC02_005__func_801816FC: NO-MATCH start=54 best=29 compiles=254 (161.7s, 1 copies, 2 needed, R6 inline v0 @5645 + R6 inline v1 @5639)
    depth 1: 28 kept of the scored, best 31 (R14 param-width a0 s32->u16 @8623) · 65 compiles
    depth 1: 41 kept of the scored, best 21 (R9 swap-stmts @7503) · 65 compiles
    depth 2: 71 kept of the scored, best 3 (R6 inline r @5461 + R6 inline r @5470) · 248 compiles
  ov_SC03_028__func_80182B3C: NO-MATCH start=3 best=3 compiles=248 (170.7s, 1 copies, 2 needed)
    depth 1: 28 kept of the scored, best 36 (R5 swap | @3378) · 65 compiles
    depth 2: 98 kept of the scored, best 34 (R6 inline sym @2830 + R5 swap + @2849) · 252 compiles
  ov_SC03_105__func_8017D994: NO-MATCH start=53 best=34 compiles=252 (162.4s, 1 copies, 2 needed, R6 inline sym @2830)
    depth 2: 88 kept of the scored, best 11 (R10 param-alias s0->a0 @3790 + R7 do-while @3800) · 255 compiles
  ov_SC03_028__func_8018966C: NO-MATCH start=23 best=11 compiles=255 (134.8s, 1 copies, 3 needed, R10 param-copy a0 @3789)
    depth 1: 58 kept of the scored, best 35 (R6 inline v0 @15350) · 65 compiles
    depth 2: 98 kept of the scored, best 34 (R6 inline sym @3205 + R5 swap + @3224) · 252 compiles
  ov_SC05_010__func_8017E1D4: NO-MATCH start=53 best=34 compiles=252 (150.7s, 1 copies, 2 needed, R6 inline sym @3205)
    depth 2: 98 kept of the scored, best 4 (R18 bystander @912->909 + R12 width b u32->u16 @903) · 250 compiles
  resident__func_800D0E30: NO-MATCH start=15 best=4 compiles=250 (103.8s, 1 copies, 3 needed, R18 bystander @912->909 + R12 width b u32->u16 @903)
    depth 1: 37 kept of the scored, best 34 (R6 inline sym @3324) · 65 compiles
    depth 1: 28 kept of the scored, best 36 (R5 swap | @3283) · 65 compiles
    depth 1: 58 kept of the scored, best 13 (R7 do-while @3593) · 65 compiles
    depth 2: 58 kept of the scored, best 11 (R6 inline arg0 @625 + R7 do-while @624) · 241 compiles
  ov_SC07_006__func_8012956C: NO-MATCH start=11 best=11 compiles=241 (183.3s, 7 copies, 4 needed)
    depth 2: 45 kept of the scored, best 20 (R5 swap + @3543 + R5 swap + @3545) · 251 compiles
  ov_SC01_084__func_8017EA98: NO-MATCH start=20 best=20 compiles=251 (124.3s, 1 copies, 4 needed)
    depth 1: 37 kept of the scored, best 68 (R9 swap-stmts @328) · 65 compiles
    depth 2: 108 kept of the scored, best 7 (R8 temp tmp0 @3522 + R6 inline tmp0 @3523) · 253 compiles
  ov_SC05_010__func_8018340C: NO-MATCH start=7 best=7 compiles=253 (124.8s, 1 copies, 4 needed)
    depth 1: 34 kept of the scored, best 56 (R6 inline q @4236) · 65 compiles
    depth 2: 110 kept of the scored, best 11 (R10 param-alias s0->a0 @7848 + R6 inline tmp @7864) · 255 compiles
  ov_SC06_029__func_80184EFC: NO-MATCH start=35 best=11 compiles=255 (198.4s, 1 copies, 2 needed, R10 param-alias s0->a0 @7848 + R6 inline tmp @7864)
    depth 2: 116 kept of the scored, best 11 (R5 swap + @943 + R9 swap-stmts @950) · 252 compiles
  ov_SC01_077__func_8012E364: NO-MATCH start=25 best=11 compiles=252 (199.8s, 1 copies, 3 needed, R5 swap + @943 + R9 swap-stmts @950)
    depth 2: 117 kept of the scored, best 7 (R5 swap + @786 + R7 do-while @790) · 251 compiles
  ov_SC04_011__func_8012E364: NO-MATCH start=25 best=7 compiles=251 (212.2s, 133 copies, 3 needed, R5 swap + @786 + R7 do-while @790)
    depth 2: 81 kept of the scored, best 34 (R5 swap | @3378 + R15 sink @3366 (y)) · 253 compiles
  ov_SC04_018__func_80189214: NO-MATCH start=39 best=34 compiles=253 (141.2s, 1 copies, 5 needed, R5 swap | @3378 + R15 sink @3366 (y))
    depth 2: 85 kept of the scored, best 54 (R9 swap-stmts @328 + R6 inline obj @325) · 242 compiles
  md_MAIN_013__func_800CB56C: NO-MATCH start=80 best=54 compiles=242 (81.9s, 1 copies, 14 needed, R9 swap-stmts @328 + R6 inline obj @325)
    depth 2: 135 kept of the scored, best 11 (R7 do-while @3593 + R12 width v0 s32->u16 @3579) · 250 compiles
  ov_SC04_000__func_8018298C: NO-MATCH start=31 best=11 compiles=250 (105.2s, 1 copies, 6 needed, R7 do-while @3593 + R12 width v0 s32->u16 @3579)
    depth 1: 27 kept of the scored, best 86 (R12 width m s32->u16 @164) · 65 compiles
    depth 1: 37 kept of the scored, best 34 (R6 inline sym @3443) · 65 compiles
    depth 2: 78 kept of the scored, best 30 (R14 param-width a0 s32->u16 @8623 + R7 do-while @8638) · 250 compiles
  ov_SC06_010__func_80183FD4: NO-MATCH start=31 best=30 compiles=250 (227.2s, 6 copies, 1 needed, R14 param-width a0 s32->u16 @8623 + R7 do-while @8638)
    depth 2: 81 kept of the scored, best 34 (R5 swap | @3283 + R15 sink @3271 (y)) · 253 compiles
  ov_SC05_017__func_80188F14: NO-MATCH start=39 best=34 compiles=253 (122.1s, 1 copies, 5 needed, R5 swap | @3283 + R15 sink @3271 (y))
    depth 2: 108 kept of the scored, best 13 (R6 inline base @7924 + R18 bystander @7922->7927) · 251 compiles
  ov_SC04_011__func_8018489C: NO-MATCH start=19 best=13 compiles=251 (274.3s, 1 copies, 2 needed, R6 inline base @7924 + R18 bystander @7922->7927)
    depth 2: 103 kept of the scored, best 21 (R6 inline sym @3324 + R7 do-while @3336) · 252 compiles
  ov_SC03_028__func_8017F278: NO-MATCH start=53 best=21 compiles=252 (142.4s, 1 copies, 2 needed, R6 inline sym @3324 + R7 do-while @3336)
    depth 2: 101 kept of the scored, best 10 (R12 width rgb s32->s16 @7498 + R7 do-while @7515) · 246 compiles
  md_SC07_004__func_801AADA8: NO-MATCH start=29 best=10 compiles=246 (209.7s, 1 copies, 3 needed, R12 width rgb s32->s16 @7498 + R7 do-while @7515)
    depth 2: 68 kept of the scored, best 82 (R12 width m s32->u16 @164 + R9 swap-stmts @183) · 248 compiles
  md_MAIN_013__func_800CB138: NO-MATCH start=94 best=82 compiles=248 (33.3s, 1 copies, 13 needed, R12 width m s32->u16 @164 + R9 swap-stmts @183)
    depth 2: 84 kept of the scored, best 56 (R6 inline q @4236 + R9 swap-stmts @4240) · 244 compiles
  ov_SC05_008__func_8017E464: NO-MATCH start=58 best=56 compiles=244 (133.9s, 1 copies, 6 needed, R6 inline q @4236)
    depth 1: 31 kept of the scored, best 20 (R8 base-shared tmp0 @5482) · 65 compiles
    depth 1: 26 kept of the scored, best 6 (R7 do-while @6375) · 65 compiles
    depth 1: 27 kept of the scored, best 2 (R12 width flag s32->u16 @1418) · 65 compiles
    depth 2: 152 kept of the scored, best 24 (R6 inline v0 @15353 + R8 cse tmp0 @15350) · 255 compiles
  main__func_800242D0: NO-MATCH start=46 best=24 compiles=255 (247.5s, 1 copies, 5 needed, R6 inline v0 @15353 + R8 cse tmp0 @15350)
    depth 2: 105 kept of the scored, best 27 (R6 inline sym @3443 + R7 do-while @3446) · 252 compiles
  ov_SC06_029__func_8017DDE0: NO-MATCH start=53 best=27 compiles=252 (118.7s, 1 copies, 2 needed, R6 inline sym @3443 + R7 do-while @3446)
    depth 2: 70 kept of the scored, best 20 (R8 base-shared tmp0 @5482 + R8 temp tmp1 @5482) · 255 compiles
  ov_SC06_010__func_8017F278: NO-MATCH start=23 best=20 compiles=255 (101.7s, 1 copies, 5 needed, R8 base-shared tmp0 @5482)
    depth 2: 80 kept of the scored, best 2 (R8 temp tmp0 @1421 + R12 width tmp0 s32->u16 @1419) · 247 compiles
  md_SC07_004__func_801A2364: NO-MATCH start=2 best=2 compiles=247 (104.6s, 1 copies, 1 needed)
    depth 2: 66 kept of the scored, best 6 (R7 do-while @6375 + R6 inline off @6372) · 253 compiles
  ov_SC04_011__func_80182BBC: NO-MATCH start=7 best=6 compiles=253 (133.4s, 1 copies, 2 needed, R7 do-while @6375)
    depth 1: 39 kept of the scored, best 1 (R12 width p s32->u16 @1187) · 65 compiles
    depth 2: 78 kept of the scored, best 1 (R12 width p s32->u16 @1187 + R4 decl-move param_1 0->1) · 246 compiles
  md_SC07_004__func_801A1E94: NO-MATCH start=14 best=1 compiles=246 (97.1s, 1 copies, 1 needed, R12 width p s32->u16 @1187)
    depth 1: 28 kept of the scored, best 7 (R7 do-while @24) · 65 compiles
    depth 2: 73 kept of the scored, best 7 (R7 do-while @24 + R12 width m s32->u16 @12) · 246 compiles
  ov_MAIN_012__func_8012F49C: NO-MATCH start=10 best=7 compiles=246 (59.7s, 1 copies, 1 needed, R7 do-while @24)
    depth 1: 43 kept of the scored, best 23 (R12 width s1 s32->s16 @16) · 65 compiles
    depth 2: 97 kept of the scored, best 20 (R12 width s1 s32->s16 @16 + R2 decl-order 0,1,3,2) · 249 compiles
  ov_MAIN_012__func_80166054: NO-MATCH start=35 best=20 compiles=249 (99.0s, 1 copies, 5 needed, R12 width s1 s32->s16 @16 + R2 decl-order 0,1,3,2)
    depth 1: 37 kept of the scored, best 11 (R12 width v0 int->u16 @13) · 65 compiles
    depth 2: 67 kept of the scored, best 5 (R12 width v0 int->u16 @13 + R6 inline c @40) · 250 compiles
  ov_SC01_000__func_80168D94: NO-MATCH start=24 best=5 compiles=250 (85.8s, 1 copies, 5 needed, R12 width v0 int->u16 @13 + R6 inline c @40)
delever --propagate: src/ov_SC02_017/ov_SC02_017_jr_8017DF34.c:func_801807DC -> 0 sibling(s) of class f2201499497a
  propagate ov_SC02_017__func_801807DC: delever --propagate: 0 of 0 sibling(s) banked, 0 refused
delever --propagate: src/ov_SC04_011/ov_SC04_011_jr_8017D494.c:func_80186F44 -> 0 sibling(s) of class 24721db91132
  propagate ov_SC04_011__func_80186F44: delever --propagate: 0 of 0 sibling(s) banked, 0 refused
delever --propagate: src/ov_SC03_030/ov_SC03_030_jr_8017AE2C.c:func_80180960 -> 0 sibling(s) of class fda32e62e749
  propagate ov_SC03_030__func_80180960: delever --propagate: 0 of 0 sibling(s) banked, 0 refused

search: 3 of 55 exemplars matched lever-free in 0.33 h (3 of 730 bodies behind them; 12,034 compiles) — NO-MATCH 51 · MATCH 3 · UNSCORED 1
