delever_search --run: 900 exemplars (8,314 bodies behind them), 16 worker(s), beam 4 × depth 3 × cap 64, budget 700 compiles per body, label s7
    depth 1: 14 kept of the scored, best 3 (R6 inline r @3895) · 18 compiles
    depth 1: 16 kept of the scored, best 4 (R12 width a1v s32->u16 @1365) · 24 compiles
    depth 1: 23 kept of the scored, best 4 (R12 width v int->u16 @916) · 33 compiles
    depth 1: 23 kept of the scored, best 33 (R8 cse tmp0 @678) · 65 compiles
    depth 1: 26 kept of the scored, best 20 (R10 param-alias p1->arg1 @647) · 65 compiles
    depth 1: 24 kept of the scored, best 70 (R3 init-split pd) · 65 compiles
    depth 1: 29 kept of the scored, best 14 (R6 inline uVar2 @1731) · 65 compiles
    depth 1: 38 kept of the scored, best 17 (R7 do-while @3998) · 65 compiles
    depth 1: 37 kept of the scored, best 14 (R7 do-while @987) · 65 compiles
    depth 1: 50 kept of the scored, best 11 (R15 sink @1174 (var_v0_3)) · 65 compiles
    depth 1: 28 kept of the scored, best 11 (R6 inline arg0 @556) · 65 compiles
    depth 1: 35 kept of the scored, best 5 (R8 temp tmp0 @2120) · 65 compiles
    depth 2: 44 kept of the scored, best 3 (R6 inline r @3895 + R12 width v int->u16 @3890) · 68 compiles
    depth 1: 24 kept of the scored, best 30 (R6 inline uc @2980) · 65 compiles
    depth 2: 44 kept of the scored, best 4 (R12 width a1v s32->u16 @1365 + R12 width param_2 s32->u8 @1367) · 98 compiles
    depth 1: 30 kept of the scored, best 16 (R18 bystander @3012->3018) · 65 compiles
    depth 3: 33 kept of the scored, best 3 (R6 inline r @3895 + R12 width v int->u16 @3890 + R12 width v u16->s32 @3890) · 101 compiles
  ov_SC04_011__func_80178970: NO-MATCH start=6 best=3 compiles=101 (31.9s, 127 copies, 1 needed, R6 inline r @3895)
    depth 1: 22 kept of the scored, best 44 (R7 do-while @5233) · 65 compiles
    depth 1: 23 kept of the scored, best 8 (R7 block @1770) · 65 compiles
    depth 2: 80 kept of the scored, best 4 (R12 width v int->u16 @916 + R12 width v u16->s32 @916) · 154 compiles
    depth 3: 31 kept of the scored, best 4 (R12 width a1v s32->u16 @1365 + R12 width param_2 s32->u8 @1367 + R7 block @1369) · 158 compiles
  ov_SC04_011__func_80157D20: NO-MATCH start=9 best=4 compiles=158 (41.4s, 132 copies, 2 needed, R12 width a1v s32->u16 @1365)
    depth 1: 10 kept of the scored, best 3 (R6 inline a @3508) · 16 compiles
    depth 2: 87 kept of the scored, best 24 (R8 cse tmp0 @678 + R8 cse tmp1 @655) · 314 compiles
    depth 2: 102 kept of the scored, best 16 (R10 param-alias p1->arg1 @647 + R6 inline m @654) · 317 compiles
    depth 1: 48 kept of the scored, best 128 (R7 do-while @3672) · 65 compiles
    depth 2: 27 kept of the scored, best 3 (R6 inline a @3508 + R7 block @3503) · 59 compiles
    depth 2: 89 kept of the scored, best 70 (R3 init-split pd + R18 bystander @1001->998) · 312 compiles
    depth 3: 16 kept of the scored, best 3 (R6 inline a @3508 + R7 block @3503 + R7 block @3502) · 86 compiles
  ov_SC04_011__func_8017A3D8: NO-MATCH start=3 best=3 compiles=86 (42.6s, 118 copies, 1 needed)
  ov_SC04_011__func_8018F734: UNSCORED start=None best=None compiles=1 (1.3s, 1 copies, 1 needed)
    depth 2: 81 kept of the scored, best 11 (R6 inline arg0 @556 + R7 do-while @555) · 296 compiles
    depth 3: 73 kept of the scored, best 4 (R12 width v int->u16 @916 + R12 width v u16->s32 @916 + R6 inline idx @923) · 268 compiles
  ov_SC04_011__func_80139BE0: NO-MATCH start=4 best=4 compiles=268 (93.5s, 129 copies, 1 needed)
    depth 2: 135 kept of the scored, best 6 (R7 do-while @987 + R12 width a2v s32->u16 @943) · 311 compiles
    depth 2: 104 kept of the scored, best 14 (R6 inline uVar2 @1731 + R9 swap-stmts @1729) · 312 compiles
    depth 2: 176 kept of the scored, best 2 (R15 sink @1174 (var_v0_3) + R12 width pos s32->u16 @1112) · 311 compiles
    depth 2: 129 kept of the scored, best 15 (R7 do-while @3998 + R8 base tmp0 @4044) · 321 compiles
    depth 1: 44 kept of the scored, best 2 (R18 bystander @835->838) · 65 compiles
    depth 2: 113 kept of the scored, best 5 (R8 temp tmp0 @2120 + R8 hoist tmp1 @2127) · 311 compiles
    depth 3: 98 kept of the scored, best 16 (R10 param-alias p1->arg1 @647 + R7 block @665 + R6 inline m @654) · 569 compiles
  ov_SC04_011__func_80135888: NO-MATCH start=29 best=16 compiles=569 (131.5s, 134 copies, 5 needed, R10 param-alias p1->arg1 @647 + R6 inline m @654)
    depth 3: 82 kept of the scored, best 24 (R8 cse tmp0 @678 + R8 cse tmp1 @655 + R12 width i s16->s32 @644) · 570 compiles
  ov_SC04_011__func_80135A4C: NO-MATCH start=40 best=24 compiles=570 (132.2s, 134 copies, 3 needed, R8 cse tmp0 @678 + R8 cse tmp1 @655)
    depth 1: 26 kept of the scored, best 24 (R6 inline tv2 @16132) · 65 compiles
    depth 1: 10 kept of the scored, best 3 (R6 inline a @3523) · 16 compiles
    depth 3: 90 kept of the scored, best 70 (R3 init-split pd + R18 bystander @1001->998 + R7 block @1032) · 557 compiles
  ov_SC04_011__func_8013F350: NO-MATCH start=70 best=70 compiles=557 (168.6s, 130 copies, 3 needed)
    depth 2: 88 kept of the scored, best 18 (R9 swap-stmts @2922 + R12 width iVar3 int->u16 @2869) · 316 compiles
    depth 2: 27 kept of the scored, best 3 (R6 inline a @3523 + R7 block @3518) · 59 compiles
    depth 3: 16 kept of the scored, best 3 (R6 inline a @3523 + R7 block @3518 + R7 block @3517) · 86 compiles
  ov_SC07_006__func_8017A3D8: NO-MATCH start=3 best=3 compiles=86 (47.6s, 16 copies, 1 needed)
    depth 2: 186 kept of the scored, best 119 (R6 inline yt @3670 + R16 const-holder cc1=0x74808080 x2) · 312 compiles
    depth 3: 65 kept of the scored, best 11 (R6 inline arg0 @556 + R7 do-while @555 + R18 bystander @558->556) · 550 compiles
  ov_SC04_011__func_8012956C: NO-MATCH start=11 best=11 compiles=550 (190.4s, 127 copies, 4 needed)
    depth 1: 33 kept of the scored, best 25 (R6 inline v0 @9711) · 65 compiles
    depth 3: 92 kept of the scored, best 14 (R7 block @1717 + R6 inline uVar2 @1731 + R9 swap-stmts @1729) · 562 compiles
  ov_SC04_011__func_8013DD68: NO-MATCH start=17 best=14 compiles=562 (191.0s, 129 copies, 2 needed, R6 inline uVar2 @1731)
    depth 3: 168 kept of the scored, best 2 (R15 sink @1174 (var_v0_3) + R12 width pos s32->u16 @1112 + R6 inline a1v @1123) · 554 compiles
  ov_SC01_000__func_80136824: NO-MATCH start=21 best=2 compiles=554 (192.1s, 125 copies, 6 needed, R15 sink @1174 (var_v0_3) + R12 width pos s32->u16 @1112)
    depth 3: 136 kept of the scored, best 4 (R7 do-while @987 + R12 width a2v s32->u16 @943 + R12 width a1v s32->u16 @942) · 561 compiles
  ov_SC04_011__func_80136334: NO-MATCH start=24 best=4 compiles=561 (192.4s, 126 copies, 4 needed, R7 do-while @987 + R12 width a2v s32->u16 @943 + R12 width a1v s32->u16 @942)
    depth 3: 116 kept of the scored, best 15 (R7 do-while @3998 + R8 base tmp0 @4044 + R5 swap + @4017) · 566 compiles
    depth 2: 95 kept of the scored, best 16 (R7 do-while @3019 + R7 do-while @3012) · 302 compiles
  ov_SC04_011__func_8017D000: NO-MATCH start=33 best=15 compiles=566 (195.8s, 10 copies, 3 needed, R7 do-while @3998 + R8 base tmp0 @4044)
    depth 1: 8 kept of the scored, best 6 (R12 width iVar1 s32->u16 @8678) · 21 compiles
    depth 1: 28 kept of the scored, best 29 (R14 param-width a0 s32->u16 @6226) · 65 compiles
    depth 1: 35 kept of the scored, best 84 (R12 width uVar3 u32->u8 @1472) · 65 compiles
    depth 1: 24 kept of the scored, best 3 (R6 inline p @222) · 65 compiles
    depth 1: 39 kept of the scored, best 60 (R9 swap-stmts @819) · 65 compiles
    depth 1: 19 kept of the scored, best 13 (R7 do-while @2936) · 65 compiles
    depth 2: 133 kept of the scored, best 2 (R18 bystander @835->838 + R9 swap-stmts @830) · 302 compiles
    depth 1: 22 kept of the scored, best 8 (R7 block @3422) · 65 compiles
    depth 3: 94 kept of the scored, best 5 (R8 temp tmp0 @2120 + R8 hoist tmp1 @2127 + R3 init-split iVar3) · 556 compiles
  ov_SC04_011__func_80143D28: NO-MATCH start=11 best=5 compiles=556 (228.8s, 131 copies, 1 needed, R8 temp tmp0 @2120)
    depth 2: 84 kept of the scored, best 43 (R7 do-while @5233 + R6 inline gA @5257) · 314 compiles
    depth 2: 81 kept of the scored, best 8 (R7 block @1770 + R6 inline new_var2 @1773) · 309 compiles
    depth 2: 28 kept of the scored, best 6 (R12 width iVar1 s32->u16 @8678 + R7 block @8687) · 94 compiles
    depth 1: 13 kept of the scored, best 6 (R6 inline fp @1357) · 59 compiles
    depth 3: 22 kept of the scored, best 6 (R12 width iVar1 s32->u16 @8678 + R7 block @8687 + R10 param-copy param_1 @8680) · 159 compiles
  ov_SC02_031__func_80184B94: NO-MATCH start=6 best=6 compiles=159 (112.4s, 3 copies, 1 needed)
    depth 3: 77 kept of the scored, best 14 (R9 swap-stmts @2922 + R12 width iVar3 int->u16 @2869 + R7 do-while @2918) · 569 compiles
  ov_SC04_011__func_8016CBC0: NO-MATCH start=55 best=14 compiles=569 (311.6s, 128 copies, 1 needed, R9 swap-stmts @2922 + R12 width iVar3 int->u16 @2869 + R7 do-while @2918)
    depth 2: 120 kept of the scored, best 55 (R18 bystander @818->821 + R7 do-while @817) · 301 compiles
    depth 3: 159 kept of the scored, best 114 (R6 inline yt @3670 + R9 swap-stmts @3673 + R12 width x s32->u8 @3635) · 561 compiles
  ov_SC04_011__func_80177B5C: NO-MATCH start=135 best=114 compiles=561 (283.7s, 132 copies, 15 needed, R6 inline yt @3670 + R9 swap-stmts @3673 + R12 width x s32->u8 @3635)
    depth 2: 133 kept of the scored, best 74 (R12 width uVar3 u32->u8 @1472 + R7 do-while @1489) · 316 compiles
    depth 2: 85 kept of the scored, best 3 (R6 inline p @222 + R7 block @218) · 313 compiles
    depth 2: 64 kept of the scored, best 13 (R7 do-while @2936 + R9 swap-stmts @2946) · 313 compiles
    depth 3: 122 kept of the scored, best 2 (R18 bystander @835->838 + R9 swap-stmts @830 + R7 block @830) · 534 compiles
  ov_SC04_011__func_801397B0: NO-MATCH start=12 best=2 compiles=534 (228.8s, 126 copies, 1 needed, R18 bystander @835->838)
    depth 2: 40 kept of the scored, best 6 (R6 inline fp @1357 + R7 block @1355) · 193 compiles
    depth 1: 25 kept of the scored, best 12 (R9 swap-stmts @7974) · 65 compiles
    depth 1: 31 kept of the scored, best 6 (R7 do-while @2746) · 65 compiles
    depth 1: 26 kept of the scored, best 76 (R7 do-while @3328) · 65 compiles
    depth 3: 76 kept of the scored, best 16 (R7 do-while @3019 + R7 do-while @3012 + R2 decl-order 0,2,1) · 532 compiles
  ov_SC04_011__func_80135168: NO-MATCH start=25 best=16 compiles=532 (368.8s, 126 copies, 5 needed, R18 bystander @3012->3018)
    depth 1: 25 kept of the scored, best 1 (R6 inline rv @5072) · 65 compiles
    depth 3: 36 kept of the scored, best 6 (R6 inline fp @1357 + R7 block @1355 + R7 block @1354) · 279 compiles
  ov_SC04_011__func_80141874: NO-MATCH start=6 best=6 compiles=279 (145.8s, 125 copies, 1 needed)
    depth 2: 103 kept of the scored, best 29 (R14 param-width a0 s32->u16 @6226 + R7 block @6275) · 307 compiles
    depth 2: 140 kept of the scored, best 16 (R6 inline v0 @9720 + R6 inline v0 @9712) · 315 compiles
    depth 2: 91 kept of the scored, best 24 (R6 inline tv2 @16132 + R8 hoist tmp0 @16108) · 314 compiles
    depth 1: 27 kept of the scored, best 39 (R5 swap | @1141) · 65 compiles
    depth 1: 31 kept of the scored, best 23 (R7 do-while @2950) · 65 compiles
    depth 3: 115 kept of the scored, best 53 (R18 bystander @818->821 + R7 do-while @817 + R18 bystander @823->818) · 553 compiles
  ov_SC04_011__func_80135EB0: NO-MATCH start=64 best=53 compiles=553 (221.6s, 129 copies, 6 needed, R18 bystander @818->821 + R7 do-while @817 + R18 bystander @823->818)
    depth 3: 141 kept of the scored, best 66 (R12 width uVar3 u32->u8 @1472 + R7 do-while @1489 + R7 do-while @1487) · 565 compiles
  ov_SC04_011__func_8013D9B0: NO-MATCH start=96 best=66 compiles=565 (223.5s, 125 copies, 25 needed, R12 width uVar3 u32->u8 @1472 + R7 do-while @1489 + R7 do-while @1487)
    depth 3: 61 kept of the scored, best 7 (R7 do-while @2936 + R7 block @2944 + R7 do-while @2946) · 561 compiles
  ov_SC04_011__func_8017B614: NO-MATCH start=13 best=7 compiles=561 (221.8s, 126 copies, 3 needed, R7 do-while @2936 + R7 block @2944 + R7 do-while @2946)
    depth 3: 86 kept of the scored, best 3 (R6 inline p @222 + R7 block @218 + R7 block @217) · 561 compiles
  ov_SC04_011__func_801287B8: NO-MATCH start=3 best=3 compiles=561 (231.2s, 127 copies, 1 needed)
    depth 3: 85 kept of the scored, best 43 (R7 do-while @5233 + R6 inline gA @5257 + R12 width cxv s32->s16 @5193) · 560 compiles
  ov_SC04_011__func_801670E4: NO-MATCH start=45 best=43 compiles=560 (461.5s, 133 copies, 7 needed, R7 do-while @5233 + R6 inline gA @5257)
    depth 2: 77 kept of the scored, best 8 (R7 block @3422 + R6 inline new_var2 @3425) · 309 compiles
    depth 1: 23 kept of the scored, best 9 (R7 do-while @3248) · 45 compiles
    depth 3: 78 kept of the scored, best 8 (R7 block @1770 + R6 inline new_var2 @1773 + R8 hoist tmp0 @1779) · 549 compiles
    depth 1: 40 kept of the scored, best 22 (R9 swap-stmts @1433) · 65 compiles
  ov_SC04_011__func_8014D820: NO-MATCH start=8 best=8 compiles=549 (469.4s, 128 copies, 2 needed)
    depth 1: 27 kept of the scored, best 39 (R5 swap | @1175) · 65 compiles
    depth 1: 19 kept of the scored, best 7 (R7 block @2776) · 65 compiles
    depth 1: 8 kept of the scored, best 6 (R12 width tmp s32->u16 @767) · 20 compiles
    depth 1: 16 kept of the scored, best 4 (R7 block @5132) · 41 compiles
    depth 2: 75 kept of the scored, best 65 (R12 width amp s32->s16 @3318 + R7 do-while @3328) · 312 compiles
    depth 2: 104 kept of the scored, best 1 (R6 inline rv @5072 + R12 width rv s32->u16 @5056) · 316 compiles
    depth 2: 105 kept of the scored, best 1 (R14 param-width param_1_arg s32->u16 @2700 + R15 sink @2777 (sVar1)) · 316 compiles
    depth 2: 90 kept of the scored, best 12 (R9 swap-stmts @7974 + R9 swap-stmts @7984) · 308 compiles
    depth 2: 88 kept of the scored, best 9 (R7 do-while @3248 + R12 width tag u16->s32 @3234) · 205 compiles
    depth 2: 99 kept of the scored, best 34 (R9 swap-stmts @1102 + R7 do-while @1101) · 307 compiles
    depth 2: 24 kept of the scored, best 4 (R10 param-copy arg0 @770 + R14 param-width arg0 s32->u16 @763) · 87 compiles
    depth 2: 125 kept of the scored, best 20 (R9 swap-stmts @1433 + R9 swap-stmts @1427) · 299 compiles
    depth 2: 65 kept of the scored, best 7 (R7 block @2776 + R10 param-copy param_1 @2773) · 314 compiles
    depth 3: 102 kept of the scored, best 29 (R14 param-width a0 s32->u16 @6226 + R7 block @6275 + R7 block @6286) · 549 compiles
  ov_SC03_102__func_80183E3C: NO-MATCH start=38 best=29 compiles=549 (391.2s, 10 copies, 1 needed, R14 param-width a0 s32->u16 @6226)
    depth 3: 88 kept of the scored, best 9 (R7 do-while @3248 + R12 width tag u16->s32 @3234 + R8 temp tmp0 @3247) · 344 compiles
  ov_SC03_002__func_80184854: NO-MATCH start=11 best=9 compiles=344 (139.0s, 8 copies, 1 needed, R7 do-while @3248)
    depth 2: 102 kept of the scored, best 34 (R9 swap-stmts @1136 + R18 bystander @1135->1138) · 310 compiles
    depth 2: 52 kept of the scored, best 4 (R7 block @5132 + R18 bystander @5133->5136) · 175 compiles
    depth 3: 26 kept of the scored, best 4 (R10 param-copy arg0 @770 + R14 param-width arg0 s32->u16 @763 + R12 width ang s32->u16 @769) · 156 compiles
  ov_SC04_011__func_80148E54: NO-MATCH start=6 best=4 compiles=156 (143.8s, 132 copies, 2 needed, R10 param-copy arg0 @770 + R14 param-width arg0 s32->u16 @763)
    depth 3: 140 kept of the scored, best 14 (R6 inline v0 @9720 + R6 inline v0 @9712 + R6 inline v0 @9699) · 571 compiles
  ov_SC06_010__func_80185C04: NO-MATCH start=27 best=14 compiles=571 (482.0s, 7 copies, 2 needed, R6 inline v0 @9720 + R6 inline v0 @9712 + R6 inline v0 @9699)
    depth 2: 120 kept of the scored, best 23 (R7 do-while @2950 + R18 bystander @2952->2954) · 307 compiles
    depth 1: 32 kept of the scored, best 7 (R7 do-while @4623) · 65 compiles
    depth 1: 33 kept of the scored, best 25 (R6 inline x @6122) · 65 compiles
    depth 3: 73 kept of the scored, best 56 (R12 width amp s32->s16 @3318 + R10 param-alias pv->param_1 @3326 + R12 width chg s32->u16 @3316) · 559 compiles
  ov_SC04_011__func_80176734: NO-MATCH start=90 best=56 compiles=559 (316.5s, 129 copies, 11 needed, R12 width amp s32->s16 @3318 + R10 param-alias pv->param_1 @3326 + R12 width chg s32->u16 @3316)
    depth 3: 111 kept of the scored, best 1 (R6 inline rv @5072 + R12 width rv s32->u16 @5056 + R8 temp tmp0 @5070) · 562 compiles
  ov_SC03_115__func_8017FC5C: NO-MATCH start=1 best=1 compiles=562 (318.0s, 9 copies, 2 needed)
    depth 1: 24 kept of the scored, best 6 (R12 width a s32->u16 @720) · 44 compiles
    depth 3: 103 kept of the scored, best 19 (R9 swap-stmts @1433 + R9 swap-stmts @1427 + R18 bystander @1441->1439) · 519 compiles
  ov_SC04_011__func_8013D8FC: NO-MATCH start=25 best=19 compiles=519 (237.2s, 131 copies, 1 needed, R9 swap-stmts @1433 + R9 swap-stmts @1427 + R18 bystander @1441->1439)
    depth 3: 72 kept of the scored, best 24 (R6 inline tv2 @16132 + R8 hoist tmp0 @16108 + R12 width tmp0 s32->u16 @16021) · 565 compiles
  ov_SC04_011__func_8018F02C: NO-MATCH start=24 best=24 compiles=565 (568.5s, 6 copies, 2 needed)
    depth 1: 25 kept of the scored, best 3 (R6 inline t @9581) · 65 compiles
    depth 3: 80 kept of the scored, best 30 (R9 swap-stmts @1102 + R7 do-while @1101 + R5 swap | @1141) · 552 compiles
    depth 1: 30 kept of the scored, best 39 (R8 cse tmp0 @2833) · 65 compiles
  ov_SC04_011__func_80140958: NO-MATCH start=43 best=30 compiles=552 (281.4s, 119 copies, 4 needed, R9 swap-stmts @1102 + R7 do-while @1101 + R5 swap | @1141)
    depth 3: 74 kept of the scored, best 8 (R7 block @3422 + R6 inline new_var2 @3425 + R8 hoist tmp0 @3431) · 549 compiles
  ov_SC07_006__func_8014D820: NO-MATCH start=8 best=8 compiles=549 (481.5s, 1 copies, 2 needed)
    depth 1: 18 kept of the scored, best 72 (R7 block @1161) · 37 compiles
    depth 1: 60 kept of the scored, best 3 (R18 bystander @4335->4333) · 65 compiles
    depth 3: 106 kept of the scored, best 1 (R14 param-width param_1_arg s32->u16 @2700 + R15 sink @2777 (sVar1) + R3 init-split param_1) · 568 compiles
  ov_SC04_011__func_8016C49C: NO-MATCH start=34 best=1 compiles=568 (354.3s, 126 copies, 1 needed, R14 param-width param_1_arg s32->u16 @2700 + R15 sink @2777 (sVar1))
    depth 3: 62 kept of the scored, best 7 (R7 block @2776 + R10 param-copy param_1 @2773 + R7 block @2774) · 559 compiles
  ov_SC04_011__func_8017B238: NO-MATCH start=7 best=7 compiles=559 (248.9s, 126 copies, 2 needed)
    depth 3: 82 kept of the scored, best 12 (R9 swap-stmts @7974 + R9 swap-stmts @7984 + R4 decl-move n 5->0) · 539 compiles
    depth 1: 33 kept of the scored, best 3 (R8 cse tmp0 @6858) · 51 compiles
  ov_SC02_031__func_80183BB0: NO-MATCH start=12 best=12 compiles=539 (377.4s, 1 copies, 1 needed)
    depth 3: 45 kept of the scored, best 4 (R7 block @5132 + R18 bystander @5133->5136 + R2 decl-order 1,0) · 282 compiles
  ov_SC04_011__func_80166F58: NO-MATCH start=4 best=4 compiles=282 (224.0s, 125 copies, 5 needed)
    depth 3: 91 kept of the scored, best 30 (R9 swap-stmts @1136 + R18 bystander @1135->1138 + R5 swap | @1175) · 557 compiles
  ov_SC03_011__func_80140958: NO-MATCH start=43 best=30 compiles=557 (293.8s, 9 copies, 4 needed, R9 swap-stmts @1136 + R18 bystander @1135->1138 + R5 swap | @1175)
    depth 1: 30 kept of the scored, best 7 (R12 width sxy s32->s16 @2042) · 65 compiles
    depth 2: 47 kept of the scored, best 72 (R7 block @1161 + R4 decl-move p 9->0) · 151 compiles
    depth 1: 46 kept of the scored, best 2 (R12 width v0 s32->s16 @14002) · 65 compiles
    depth 1: 30 kept of the scored, best 22 (R7 do-while @2966) · 65 compiles
    depth 1: 16 kept of the scored, best 3 (R12 width t s32->u16 @6263) · 65 compiles
    depth 2: 113 kept of the scored, best 7 (R7 do-while @4623 + R8 temp tmp0 @4617) · 308 compiles
    depth 1: 23 kept of the scored, best 6 (R7 block @7533) · 65 compiles
    depth 1: 30 kept of the scored, best 34 (R7 do-while @4930) · 65 compiles
    depth 3: 37 kept of the scored, best 72 (R7 block @1161 + R4 decl-move p 9->0 + R7 block @1163) · 250 compiles
  ov_SC04_011__func_8013D178: NO-MATCH start=72 best=72 compiles=250 (119.6s, 130 copies, 1 needed)
    depth 1: 15 kept of the scored, best 3 (R12 width t s32->u16 @8756) · 65 compiles
    depth 2: 83 kept of the scored, best 6 (R12 width a s32->u16 @720 + R6 inline ang @729) · 192 compiles
    depth 1: 32 kept of the scored, best 35 (R8 temp tmp0 @1068) · 65 compiles
    depth 2: 110 kept of the scored, best 39 (R8 cse tmp0 @2833 + R9 swap-stmts @2832) · 312 compiles
    depth 3: 121 kept of the scored, best 23 (R7 do-while @2950 + R12 width a u16->s32 @2944 + R12 width a1v int->u8 @2947) · 553 compiles
    depth 2: 159 kept of the scored, best 3 (R18 bystander @4335->4333 + R8 temp tmp0 @4331) · 300 compiles
  ov_SC04_011__func_80135004: NO-MATCH start=26 best=23 compiles=553 (428.3s, 127 copies, 4 needed, R7 do-while @2950)
    depth 2: 109 kept of the scored, best 25 (R6 inline x @6122 + R7 block @6125) · 314 compiles
    depth 2: 148 kept of the scored, best 2 (R8 cse tmp0 @6858 + R6 inline v1 @6860) · 273 compiles
    depth 1: 35 kept of the scored, best 26 (R9 swap-stmts @2808) · 65 compiles
    depth 2: 93 kept of the scored, best 3 (R6 inline t @9581 + R8 temp tmp0 @9571) · 312 compiles
    depth 3: 113 kept of the scored, best 7 (R7 do-while @4623 + R8 temp tmp0 @4617 + R8 temp tmp1 @4618) · 540 compiles
  ov_SC03_104__func_801846F0: NO-MATCH start=8 best=7 compiles=540 (312.5s, 1 copies, 1 needed, R7 do-while @4623)
    depth 2: 115 kept of the scored, best 5 (R12 width sxy s32->s16 @2042 + R6 inline sxy @2052) · 308 compiles
    depth 2: 119 kept of the scored, best 34 (R8 temp tmp0 @1068 + R7 do-while @1063) · 311 compiles
    depth 3: 69 kept of the scored, best 6 (R12 width a s32->u16 @720 + R6 inline ang @729 + R4 decl-move a 5->0) · 324 compiles
  ov_SC04_011__func_80148D44: NO-MATCH start=6 best=6 compiles=324 (285.9s, 132 copies, 2 needed)
    depth 1: 26 kept of the scored, best 4 (R18 bystander @4489->4492) · 65 compiles
    depth 2: 105 kept of the scored, best 2 (R6 inline val @7531 + R18 bystander @7533->7530) · 312 compiles
    depth 3: 104 kept of the scored, best 39 (R8 cse tmp0 @2833 + R9 swap-stmts @2832 + R6 inline sv @2845) · 556 compiles
  ov_SC04_011__func_80175AB8: NO-MATCH start=41 best=39 compiles=556 (294.2s, 125 copies, 5 needed, R8 cse tmp0 @2833)
    depth 3: 150 kept of the scored, best 3 (R18 bystander @4335->4333 + R8 temp tmp0 @4331 + R8 temp tmp1 @4332) · 543 compiles
  ov_SC03_115__func_8017E8D0: NO-MATCH start=30 best=3 compiles=543 (286.5s, 1 copies, 2 needed, R18 bystander @4335->4333)
    depth 2: 106 kept of the scored, best 22 (R7 do-while @2966 + R9 swap-stmts @2974) · 286 compiles
    depth 1: 15 kept of the scored, best 3 (R6 inline r @5221) · 19 compiles
    depth 1: 36 kept of the scored, best 20 (R9 swap-stmts @663) · 48 compiles
    depth 2: 59 kept of the scored, best 3 (R12 width t s32->u16 @6263 + R7 block @6352) · 312 compiles
    depth 3: 127 kept of the scored, best 2 (R8 cse tmp0 @6858 + R6 inline v1 @6860 + R8 temp tmp1 @6859) · 461 compiles
  ov_SC04_015__func_80180EDC: NO-MATCH start=3 best=2 compiles=461 (301.6s, 8 copies, 1 needed, R8 cse tmp0 @6858 + R6 inline v1 @6860)
    depth 1: 42 kept of the scored, best 2 (R18 bystander @1105->1108) · 65 compiles
    depth 2: 117 kept of the scored, best 24 (R7 do-while @4930 + R12 width iVar3 int->s16 @4881) · 311 compiles
    depth 2: 152 kept of the scored, best 2 (R12 width v0 s32->s16 @14002 + R6 inline v1_sign @14031) · 306 compiles
    depth 2: 48 kept of the scored, best 3 (R6 inline r @5221 + R12 width v int->u16 @5216) · 76 compiles
    depth 1: 20 kept of the scored, best 56 (R12 width p s32->u16 @5334) · 65 compiles
    depth 3: 125 kept of the scored, best 34 (R8 temp tmp0 @1068 + R7 do-while @1063 + R7 do-while @1071) · 555 compiles
  ov_SC04_011__func_8013CF68: NO-MATCH start=38 best=34 compiles=555 (235.0s, 134 copies, 1 needed, R8 temp tmp0 @1068 + R7 do-while @1063)
    depth 3: 40 kept of the scored, best 3 (R6 inline r @5221 + R12 width v int->u16 @5216 + R12 width v u16->s32 @5216) · 116 compiles
  ov_MAIN_012__func_80178970: NO-MATCH start=6 best=3 compiles=116 (80.8s, 7 copies, 1 needed, R6 inline r @5221)
    depth 2: 55 kept of the scored, best 3 (R12 width t s32->u16 @8756 + R7 block @8861) · 312 compiles
    depth 3: 93 kept of the scored, best 25 (R6 inline x @6122 + R7 block @6125 + R7 block @6119) · 563 compiles
  ov_SC03_102__func_80183A2C: NO-MATCH start=30 best=25 compiles=563 (452.8s, 15 copies, 3 needed, R6 inline x @6122)
    depth 3: 110 kept of the scored, best 3 (R12 width sxy s32->s16 @2042 + R6 inline sxy @2052 + R8 hoist tmp0 @2053) · 554 compiles
  ov_SC04_011__func_8016B234: NO-MATCH start=13 best=3 compiles=554 (363.1s, 129 copies, 2 needed, R12 width sxy s32->s16 @2042 + R6 inline sxy @2052 + R8 hoist tmp0 @2053)
    depth 2: 95 kept of the scored, best 4 (R18 bystander @4489->4492 + R7 block @4470) · 314 compiles
    depth 2: 126 kept of the scored, best 25 (R9 swap-stmts @2808 + R9 swap-stmts @2793) · 312 compiles
    depth 1: 31 kept of the scored, best 2 (R7 do-while @1845) · 65 compiles
    depth 1: 30 kept of the scored, best 39 (R8 cse tmp0 @4150) · 65 compiles
    depth 1: 23 kept of the scored, best 7 (R8 temp tmp0 @4333) · 65 compiles
    depth 1: 29 kept of the scored, best 16 (R8 temp tmp0 @5071) · 65 compiles
    depth 3: 89 kept of the scored, best 3 (R6 inline t @9581 + R8 temp tmp0 @9571 + R6 inline tmp0 @9572) · 559 compiles
  ov_SC06_010__func_80185994: NO-MATCH start=3 best=3 compiles=559 (444.3s, 18 copies, 1 needed)
    depth 3: 85 kept of the scored, best 22 (R7 do-while @2966 + R9 swap-stmts @2974 + R12 width r s32->u16 @2952) · 436 compiles
  ov_SC07_006__func_8014CF04: NO-MATCH start=34 best=22 compiles=436 (397.1s, 1 copies, 1 needed, R7 do-while @2966)
    depth 2: 138 kept of the scored, best 2 (R18 bystander @1107->1105 + R18 bystander @1106->1109) · 306 compiles
    depth 3: 86 kept of the scored, best 2 (R6 inline val @7531 + R18 bystander @7533->7530 + R7 block @7533) · 541 compiles
  ov_SC02_031__func_801831B4: NO-MATCH start=6 best=2 compiles=541 (412.3s, 1 copies, 2 needed, R6 inline val @7531 + R18 bystander @7533->7530)
    depth 2: 120 kept of the scored, best 18 (R9 swap-stmts @663 + R12 width tmp s32->u8 @642) · 218 compiles
    depth 1: 15 kept of the scored, best 4 (R6 inline m @6784) · 16 compiles
    depth 1: 24 kept of the scored, best 11 (R7 block @1064) · 39 compiles
    depth 1: 18 kept of the scored, best 11 (R8 temp tmp0 @9259) · 65 compiles
    depth 2: 29 kept of the scored, best 4 (R6 inline m @6784 + R6 inline c @6783) · 47 compiles
    depth 3: 4 kept of the scored, best 4 (R6 inline m @6784 + R12 width c s32->u16 @6782 + R7 block @6783) · 51 compiles
  ov_SC02_031__func_80181EF0: NO-MATCH start=4 best=4 compiles=51 (35.9s, 1 copies, 2 needed)
    depth 3: 54 kept of the scored, best 3 (R12 width t s32->u16 @6263 + R7 block @6352 + R10 param-copy param_1 @6266) · 556 compiles
  ov_SC01_077__func_8016A290: NO-MATCH start=3 best=3 compiles=556 (484.0s, 2 copies, 1 needed)
    depth 2: 72 kept of the scored, best 56 (R12 width p s32->u16 @5334 + R8 hoist tmp0 @5354) · 309 compiles
    depth 3: 93 kept of the scored, best 4 (R18 bystander @4489->4492 + R7 block @4470 + R8 temp tmp0 @4469) · 558 compiles
  ov_SC03_104__func_8018431C: NO-MATCH start=4 best=4 compiles=558 (284.2s, 8 copies, 1 needed)
    depth 2: 108 kept of the scored, best 2 (R12 width s0_param int->u16 @1839 + R9 swap-stmts @1845) · 309 compiles
    depth 1: 39 kept of the scored, best 1 (R6 inline ret @6513) · 65 compiles
    depth 3: 97 kept of the scored, best 18 (R7 do-while @4930 + R12 width iVar3 int->u16 @4881 + R9 swap-stmts @4921) · 562 compiles
  ov_SC04_011__func_80166690: NO-MATCH start=41 best=18 compiles=562 (495.6s, 126 copies, 1 needed, R7 do-while @4930 + R12 width iVar3 int->u16 @4881 + R9 swap-stmts @4921)
    depth 3: 133 kept of the scored, best 2 (R18 bystander @1107->1105 + R18 bystander @1108->1106 + R9 swap-stmts @1106) · 542 compiles
  ov_SC07_006__func_801397B0: NO-MATCH start=12 best=2 compiles=542 (258.0s, 7 copies, 1 needed, R18 bystander @1105->1108)
    depth 1: 37 kept of the scored, best 14 (R6 inline t0 @3939) · 65 compiles
    depth 2: 110 kept of the scored, best 39 (R8 cse tmp0 @4150 + R9 swap-stmts @4149) · 312 compiles
    depth 1: 35 kept of the scored, best 25 (R9 swap-stmts @5939) · 65 compiles
    depth 2: 112 kept of the scored, best 12 (R8 base tmp0 @5071 + R8 temp tmp1 @5072) · 314 compiles
    depth 1: 26 kept of the scored, best 13 (R6 inline iVar2 @4549) · 40 compiles
    depth 2: 84 kept of the scored, best 11 (R7 block @1064 + R7 block @1060) · 175 compiles
    depth 3: 142 kept of the scored, best 2 (R12 width v0 s32->s16 @14002 + R6 inline v1_sign @14031 + R12 width v1 s32->u16 @14003) · 552 compiles
  ov_SC04_011__func_8018CCB8: NO-MATCH start=17 best=2 compiles=552 (570.0s, 1 copies, 1 needed, R12 width v0 s32->s16 @14002)
    depth 3: 113 kept of the scored, best 22 (R6 inline p0 @2807 + R12 width hic u32->u16 @2786 + R9 swap-stmts @2807) · 562 compiles
  ov_SC04_011__func_80134A74: NO-MATCH start=30 best=22 compiles=562 (434.5s, 134 copies, 5 needed, R6 inline p0 @2807 + R12 width hic u32->u16 @2786 + R9 swap-stmts @2807)
    depth 1: 28 kept of the scored, best 7 (R7 do-while @1853) · 65 compiles
    depth 3: 52 kept of the scored, best 3 (R12 width t s32->u16 @8756 + R7 block @8861 + R10 param-copy param_1 @8759) · 556 compiles
  ov_MAIN_012__func_8016A290: NO-MATCH start=3 best=3 compiles=556 (530.1s, 3 copies, 1 needed)
    depth 2: 81 kept of the scored, best 7 (R8 temp tmp0 @4333 + R8 temp tmp1 @4338) · 314 compiles
    depth 3: 112 kept of the scored, best 18 (R9 swap-stmts @663 + R12 width tmp s32->u8 @642 + R12 width bVar1 u8->s32 @645) · 390 compiles
  ov_SC04_011__func_80148AFC: NO-MATCH start=23 best=18 compiles=390 (351.1s, 132 copies, 6 needed, R9 swap-stmts @663 + R12 width tmp s32->u8 @642)
    depth 3: 81 kept of the scored, best 2 (R12 width s0_param int->u16 @1839 + R9 swap-stmts @1845 + R7 do-while @1844) · 537 compiles
  ov_SC07_006__func_8014305C: NO-MATCH start=12 best=2 compiles=537 (266.4s, 7 copies, 2 needed, R7 do-while @1845)
    depth 1: 39 kept of the scored, best 19 (R3 init-split param_1) · 65 compiles
    depth 1: 24 kept of the scored, best 11 (R7 block @82) · 39 compiles
    depth 1: 47 kept of the scored, best 2 (R12 width v0 s32->s16 @13953) · 65 compiles
    depth 1: 34 kept of the scored, best 5 (R12 width v0 s32->u16 @8394) · 65 compiles
    depth 1: 13 kept of the scored, best 6 (R6 inline fp @1246) · 59 compiles
    depth 3: 77 kept of the scored, best 56 (R12 width p s32->u16 @5334 + R8 hoist tmp0 @5354 + R8 hoist tmp1 @5358) · 550 compiles
  ov_SC04_015__func_8017F0EC: NO-MATCH start=56 best=56 compiles=550 (341.2s, 1 copies, 1 needed)
    depth 2: 135 kept of the scored, best 12 (R6 inline t0 @3939 + R6 inline t0 @3937) · 308 compiles
    depth 2: 67 kept of the scored, best 11 (R8 temp tmp0 @9259 + R8 temp tmp1 @9263) · 314 compiles
    depth 3: 76 kept of the scored, best 11 (R7 block @1064 + R7 block @1060 + R7 block @1068) · 299 compiles
  ov_SC07_006__func_80145934: NO-MATCH start=11 best=11 compiles=299 (263.6s, 14 copies, 1 needed)
    depth 2: 87 kept of the scored, best 8 (R6 inline iVar2 @4549 + R7 do-while @4553) · 174 compiles
    depth 3: 104 kept of the scored, best 39 (R8 cse tmp0 @4150 + R9 swap-stmts @4149 + R6 inline sv @4162) · 556 compiles
  ov_MAIN_012__func_80175AB8: NO-MATCH start=41 best=39 compiles=556 (326.4s, 4 copies, 5 needed, R8 cse tmp0 @4150)
    depth 1: 36 kept of the scored, best 23 (R9 swap-stmts @5218) · 65 compiles
    depth 2: 94 kept of the scored, best 1 (R6 inline ret @6513 + R3 init-split s0) · 318 compiles
    depth 3: 112 kept of the scored, best 12 (R8 base tmp0 @5071 + R8 temp tmp1 @5072 + R12 width tmp0 s32->u16 @5048) · 568 compiles
  ov_SC03_111__func_80182F8C: NO-MATCH start=18 best=12 compiles=568 (337.3s, 7 copies, 2 needed, R8 base tmp0 @5071 + R8 temp tmp1 @5072)
    depth 1: 30 kept of the scored, best 16 (R18 bystander @2243->2249) · 65 compiles
    depth 2: 40 kept of the scored, best 6 (R6 inline fp @1246 + R7 block @1243) · 200 compiles
    depth 1: 35 kept of the scored, best 5 (R9 swap-stmts @7918) · 54 compiles
    depth 1: 20 kept of the scored, best 25 (R8 temp tmp0 @4944) · 65 compiles
    depth 2: 97 kept of the scored, best 7 (R7 do-while @1853 + R12 width m s32->u16 @1841) · 305 compiles
    depth 2: 84 kept of the scored, best 11 (R7 block @82 + R7 block @84) · 175 compiles
    depth 2: 122 kept of the scored, best 18 (R9 swap-stmts @5939 + R12 width a0v s32->u16 @5916) · 309 compiles
    depth 3: 66 kept of the scored, best 8 (R6 inline iVar2 @4557 + R16 const-holder iVar2=0 x1 + R7 do-while @4552) · 279 compiles
  ov_SC04_011__func_801651B8: NO-MATCH start=29 best=8 compiles=279 (240.0s, 127 copies, 2 needed, R6 inline iVar2 @4549 + R7 do-while @4553)
    depth 3: 36 kept of the scored, best 6 (R6 inline fp @1246 + R7 block @1243 + R7 block @1242) · 312 compiles
  ov_SC07_006__func_80141874: NO-MATCH start=6 best=6 compiles=312 (157.1s, 7 copies, 1 needed)
    depth 3: 90 kept of the scored, best 7 (R8 temp tmp0 @4333 + R8 temp tmp1 @4338 + R12 width tmp1 u16->s32 @4324) · 565 compiles
  ov_SC03_102__func_8018110C: NO-MATCH start=7 best=7 compiles=565 (419.7s, 1 copies, 1 needed)
    depth 1: 11 kept of the scored, best 4 (R7 do-while @3940) · 18 compiles
    depth 3: 141 kept of the scored, best 12 (R6 inline t0 @3939 + R6 inline t0 @3937 + R7 do-while @3937) · 558 compiles
  ov_SC03_104__func_8018383C: NO-MATCH start=16 best=12 compiles=558 (281.7s, 1 copies, 1 needed, R6 inline t0 @3939 + R6 inline t0 @3937)
    depth 2: 122 kept of the scored, best 13 (R3 init-split param_1 + R12 width harg int->u16 @2667) · 300 compiles
    depth 1: 32 kept of the scored, best 14 (R6 inline uVar2 @1700) · 65 compiles
    depth 1: 41 kept of the scored, best 10 (R7 do-while @3541) · 65 compiles
    depth 1: 22 kept of the scored, best 6 (R6 inline d @4054) · 65 compiles
    depth 2: 94 kept of the scored, best 16 (R7 do-while @2250 + R7 do-while @2243) · 303 compiles
    depth 2: 34 kept of the scored, best 3 (R3 init-split p + R18 bystander @3941->3939) · 74 compiles
    depth 2: 137 kept of the scored, best 23 (R9 swap-stmts @5218 + R6 inline v0 @5270) · 315 compiles
    depth 3: 76 kept of the scored, best 11 (R7 block @82 + R7 block @84 + R7 block @90) · 301 compiles
  ov_SC04_011__func_80145A2C: NO-MATCH start=11 best=11 compiles=301 (266.0s, 126 copies, 1 needed)
    depth 2: 88 kept of the scored, best 1 (R12 width v0 s32->u16 @8394 + R7 do-while @8415) · 311 compiles
    depth 3: 66 kept of the scored, best 11 (R8 temp tmp0 @9259 + R8 temp tmp1 @9263 + R8 temp tmp2 @9264) · 565 compiles
  ov_SC06_010__func_80184EFC: NO-MATCH start=11 best=11 compiles=565 (468.0s, 5 copies, 1 needed)
    depth 3: 85 kept of the scored, best 1 (R6 inline ret @6513 + R3 init-split s0 + R4 decl-move s0 1->0) · 563 compiles
  ov_SC02_031__func_801818A4: NO-MATCH start=17 best=1 compiles=563 (395.7s, 2 copies, 1 needed, R6 inline ret @6513)
    depth 2: 153 kept of the scored, best 2 (R12 width v0 s32->s16 @13953 + R6 inline v1_sign @13979) · 305 compiles
    depth 3: 33 kept of the scored, best 3 (R3 init-split p + R18 bystander @3941->3939 + R7 block @3939) · 130 compiles
  ov_SC04_011__func_801627E8: NO-MATCH start=7 best=3 compiles=130 (114.9s, 132 copies, 2 needed, R3 init-split p + R18 bystander @3941->3939)
    depth 2: 141 kept of the scored, best 5 (R9 swap-stmts @7918 + R8 temp tmp0 @7914) · 270 compiles
    depth 2: 73 kept of the scored, best 21 (R8 base tmp0 @4944 + R12 width tmp0 s32->s16 @4847) · 317 compiles
    depth 1: 24 kept of the scored, best 11 (R7 block @32) · 39 compiles
    depth 3: 90 kept of the scored, best 7 (R7 do-while @1853 + R12 width m s32->u16 @1841 + R8 temp tmp0 @1843) · 539 compiles
  ov_SC07_006__func_8012F49C: NO-MATCH start=10 best=7 compiles=539 (373.6s, 1 copies, 1 needed, R7 do-while @1853)
    depth 2: 116 kept of the scored, best 7 (R6 inline uVar2 @1700 + R9 swap-stmts @1700) · 312 compiles
    depth 1: 12 kept of the scored, best 47 (R7 block @5801) · 65 compiles
    depth 1: 12 kept of the scored, best 16 (R10 param-copy param_1 @1816) · 23 compiles
    depth 1: 25 kept of the scored, best 11 (R12 width sxy s32->u16 @9023) · 65 compiles
    depth 1: 21 kept of the scored, best 10 (R12 width uVar2 u32->u16 @3832) · 65 compiles
    depth 2: 131 kept of the scored, best 9 (R7 do-while @3541 + R7 do-while @3539) · 282 compiles
    depth 3: 75 kept of the scored, best 16 (R7 do-while @2250 + R7 do-while @2243 + R8 hoist tmp0 @2245) · 533 compiles
  ov_MAIN_012__func_80135168: NO-MATCH start=25 best=16 compiles=533 (295.0s, 3 copies, 5 needed, R18 bystander @2243->2249)
    depth 3: 121 kept of the scored, best 1 (R9 swap-stmts @5939 + R12 width a0v s32->u8 @5916 + R12 width param_1 s32->s16 @5917) · 557 compiles
  ov_SC01_077__func_80168828: NO-MATCH start=35 best=1 compiles=557 (478.5s, 8 copies, 2 needed, R9 swap-stmts @5939 + R12 width a0v s32->u8 @5916 + R12 width param_1 s32->s16 @5917)
    depth 3: 120 kept of the scored, best 7 (R2 decl-order 1,0 + R12 width uVar6 u32->u16 @2665 + R12 width harg int->u16 @2668) · 545 compiles
  ov_SC04_011__func_801345F8: NO-MATCH start=39 best=7 compiles=545 (409.7s, 134 copies, 3 needed, R2 decl-order 1,0 + R12 width uVar6 u32->u16 @2665 + R12 width harg int->u16 @2668)
    depth 2: 50 kept of the scored, best 16 (R10 param-copy param_2 @1816 + R10 param-copy param_1 @1817) · 115 compiles
    depth 1: 29 kept of the scored, best 18 (R7 do-while @1703) · 65 compiles
    depth 3: 131 kept of the scored, best 23 (R9 swap-stmts @5218 + R8 temp tmp0 @5260 + R10 param-alias s4->a0 @5220) · 560 compiles
  ov_SC04_015__func_8017EE80: NO-MATCH start=23 best=23 compiles=560 (367.3s, 1 copies, 1 needed)
    depth 2: 84 kept of the scored, best 11 (R7 block @32 + R7 block @34) · 175 compiles
    depth 2: 88 kept of the scored, best 6 (R6 inline d @4054 + R8 temp tmp0 @4050) · 314 compiles
    depth 3: 109 kept of the scored, best 7 (R7 block @1696 + R6 inline uVar2 @1700 + R9 swap-stmts @1700) · 564 compiles
  ov_MAIN_012__func_8013DD68: NO-MATCH start=17 best=7 compiles=564 (249.1s, 1 copies, 2 needed, R6 inline uVar2 @1700 + R9 swap-stmts @1700)
    depth 1: 31 kept of the scored, best 4 (R7 block @5365) · 65 compiles
    depth 3: 65 kept of the scored, best 21 (R8 base tmp0 @4944 + R12 width tmp0 s32->s16 @4847 + R8 temp tmp1 @4946) · 562 compiles
  ov_SC03_111__func_80182BCC: NO-MATCH start=25 best=21 compiles=562 (320.9s, 2 copies, 3 needed, R8 base tmp0 @4944 + R12 width tmp0 s32->s16 @4847)
    depth 1: 29 kept of the scored, best 18 (R7 do-while @2481) · 65 compiles
    depth 3: 151 kept of the scored, best 5 (R9 swap-stmts @7918 + R8 temp tmp0 @7914 + R6 inline tmp0 @7915) · 489 compiles
  ov_SC04_007__func_80184238: NO-MATCH start=5 best=5 compiles=489 (361.0s, 2 copies, 1 needed)
    depth 1: 33 kept of the scored, best 85 (R12 width uVar1 u32->u8 @1434) · 65 compiles
    depth 3: 115 kept of the scored, best 7 (R7 do-while @3539 + R18 bystander @3543->3540 + R7 do-while @3541) · 491 compiles
  ov_SC03_104__func_8018304C: NO-MATCH start=11 best=7 compiles=491 (259.0s, 1 copies, 1 needed, R7 do-while @3539 + R18 bystander @3543->3540 + R7 do-while @3541)
    depth 1: 36 kept of the scored, best 6 (R7 do-while @4931) · 65 compiles
    depth 3: 72 kept of the scored, best 16 (R10 param-copy param_1 @1816 + R10 param-copy param_1 @1817 + R9 swap-stmts @1818) · 229 compiles
  ov_SC07_006__func_8012F40C: NO-MATCH start=16 best=16 compiles=229 (156.1s, 1 copies, 1 needed)
    depth 1: 22 kept of the scored, best 18 (R8 hoist tmp0 @4644) · 65 compiles
    depth 1: 25 kept of the scored, best 1 (R12 width rv s32->u16 @3101) · 65 compiles
    depth 1: 25 kept of the scored, best 4 (R7 do-while @7712) · 65 compiles
    depth 2: 46 kept of the scored, best 47 (R7 block @5801 + R10 param-copy arg0 @5728) · 316 compiles
    depth 3: 78 kept of the scored, best 1 (R12 width v0 s32->u16 @8394 + R7 do-while @8415 + R4 decl-move v0 6->0) · 557 compiles
  ov_MAIN_012__func_80169058: NO-MATCH start=18 best=1 compiles=557 (518.4s, 6 copies, 3 needed, R12 width v0 s32->u16 @8394 + R7 do-while @8415)
    depth 1: 33 kept of the scored, best 12 (R9 swap-stmts @1668) · 65 compiles
    depth 2: 103 kept of the scored, best 16 (R7 do-while @1693 + R7 do-while @1703) · 315 compiles
    depth 2: 95 kept of the scored, best 11 (R12 width sxy s32->u16 @9023 + R8 hoist tmp0 @9092) · 308 compiles
    depth 3: 76 kept of the scored, best 11 (R7 block @32 + R7 block @34 + R7 block @48) · 301 compiles
    depth 3: 143 kept of the scored, best 2 (R12 width v0 s32->s16 @13953 + R6 inline v1_sign @13979 + R12 width v1 s32->u16 @13954) · 549 compiles
  ov_SC04_011__func_80145934: NO-MATCH start=11 best=11 compiles=301 (271.8s, 126 copies, 1 needed)
  ov_SC04_011__func_8018CC24: NO-MATCH start=17 best=2 compiles=549 (563.0s, 1 copies, 1 needed, R12 width v0 s32->s16 @13953)
    depth 2: 79 kept of the scored, best 9 (R7 block @3848 + R9 swap-stmts @3863) · 313 compiles
    depth 2: 138 kept of the scored, best 75 (R12 width uVar1 u32->u8 @1434 + R7 do-while @1453) · 317 compiles
    depth 1: 37 kept of the scored, best 11 (R12 width v0 int->u16 @8271) · 65 compiles
    depth 1: 32 kept of the scored, best 7 (R8 temp tmp0 @8739) · 65 compiles
    depth 1: 35 kept of the scored, best 7 (R7 do-while @13433) · 65 compiles
    depth 3: 90 kept of the scored, best 6 (R6 inline d @4054 + R8 temp tmp0 @4050 + R6 inline tmp0 @4051) · 564 compiles
  ov_SC03_102__func_80180A38: NO-MATCH start=6 best=6 compiles=564 (448.5s, 1 copies, 1 needed)
    depth 2: 71 kept of the scored, best 1 (R12 width rv s32->u16 @3101 + R4 decl-move rv 5->0) · 303 compiles
    depth 2: 127 kept of the scored, best 5 (R9 swap-stmts @4934 + R9 swap-stmts @4933) · 313 compiles
    depth 2: 80 kept of the scored, best 18 (R8 hoist tmp0 @4644 + R6 inline tmp0 @4645) · 317 compiles
    depth 2: 103 kept of the scored, best 16 (R7 do-while @2471 + R7 do-while @2481) · 315 compiles
    depth 2: 107 kept of the scored, best 4 (R7 block @5365 + R18 bystander @5366->5369) · 296 compiles
    depth 1: 23 kept of the scored, best 7 (R6 inline lim @3867) · 37 compiles
    depth 3: 100 kept of the scored, best 10 (R7 do-while @1693 + R6 inline h @1698 + R7 do-while @1705) · 567 compiles
  ov_MAIN_012__func_80133CD4: NO-MATCH start=28 best=10 compiles=567 (307.6s, 3 copies, 1 needed, R7 do-while @1693 + R6 inline h @1698 + R7 do-while @1705)
    depth 3: 135 kept of the scored, best 66 (R7 do-while @1452 + R12 width uVar3 u32->u8 @1437 + R7 do-while @1454) · 569 compiles
  ov_MAIN_012__func_8013D9B0: NO-MATCH start=96 best=66 compiles=569 (254.9s, 7 copies, 25 needed, R7 do-while @1452 + R12 width uVar3 u32->u8 @1437 + R7 do-while @1454)
    depth 2: 94 kept of the scored, best 4 (R7 do-while @7712 + R6 inline v0 @7722) · 313 compiles
    depth 1: 10 kept of the scored, best 72 (R7 block @1124) · 29 compiles
    depth 2: 135 kept of the scored, best 4 (R9 swap-stmts @1668 + R14 param-width param_1 s32->u16 @1658) · 315 compiles
    depth 3: 50 kept of the scored, best 47 (R7 block @5801 + R10 param-copy arg0 @5728 + R18 bystander @5729->5731) · 568 compiles
  ov_SC02_031__func_8017F5B4: NO-MATCH start=47 best=47 compiles=568 (421.1s, 2 copies, 1 needed)
    depth 1: 27 kept of the scored, best 21 (R12 width s3 s16->s32 @1418) · 65 compiles
    depth 3: 78 kept of the scored, best 11 (R12 width sxy s32->u16 @9023 + R8 hoist tmp0 @9092 + R6 inline tmp0 @9093) · 544 compiles
  ov_SC06_010__func_801848A4: NO-MATCH start=11 best=11 compiles=544 (463.5s, 5 copies, 1 needed)
    depth 2: 30 kept of the scored, best 72 (R7 block @1124 + R4 decl-move p 1->0) · 123 compiles
    depth 3: 55 kept of the scored, best 1 (R12 width rv s32->u16 @3101 + R4 decl-move rv 5->0 + R7 block @3118) · 528 compiles
  ov_SC03_104__func_8018271C: NO-MATCH start=3 best=1 compiles=528 (310.8s, 1 copies, 2 needed, R12 width rv s32->u16 @3101)
    depth 1: 27 kept of the scored, best 7 (R6 inline ang @5317) · 65 compiles
    depth 2: 87 kept of the scored, best 6 (R6 inline lim @3867 + R6 inline lo @3860) · 174 compiles
    depth 3: 26 kept of the scored, best 72 (R7 block @1124 + R4 decl-move p 1->0 + R7 block @1126) · 205 compiles
  ov_MAIN_012__func_8013D178: NO-MATCH start=72 best=72 compiles=205 (91.3s, 3 copies, 1 needed)
    depth 3: 79 kept of the scored, best 9 (R7 block @3848 + R9 swap-stmts @3863 + R6 inline item @3864) · 558 compiles
  ov_SC04_011__func_80162438: NO-MATCH start=10 best=9 compiles=558 (494.8s, 127 copies, 3 needed, R7 block @3848 + R9 swap-stmts @3863)
    depth 2: 120 kept of the scored, best 7 (R8 temp tmp0 @8739 + R8 temp tmp1 @8740) · 314 compiles
    depth 1: 20 kept of the scored, best 11 (R8 temp tmp0 @8879) · 65 compiles
    depth 3: 111 kept of the scored, best 5 (R9 swap-stmts @4934 + R9 swap-stmts @4933 + R8 hoist tmp0 @4934) · 558 compiles
  ov_SC04_015__func_8017E830: NO-MATCH start=18 best=5 compiles=558 (368.1s, 1 copies, 1 needed, R9 swap-stmts @4934 + R9 swap-stmts @4933)
    depth 3: 78 kept of the scored, best 18 (R8 hoist tmp0 @4644 + R6 inline tmp0 @4645 + R8 hoist tmp0 @4644) · 568 compiles
  ov_SC03_111__func_80182490: NO-MATCH start=18 best=18 compiles=568 (350.5s, 7 copies, 2 needed)
    depth 1: 35 kept of the scored, best 8 (R5 swap | @3761) · 65 compiles
    depth 2: 99 kept of the scored, best 5 (R12 width v0 int->u16 @8271 + R6 inline c @8298) · 311 compiles
    depth 1: 24 kept of the scored, best 1 (R6 inline rv @7597) · 65 compiles
    depth 3: 100 kept of the scored, best 10 (R7 do-while @2471 + R6 inline h @2476 + R7 do-while @2483) · 567 compiles
  ov_SC04_011__func_80133CD4: NO-MATCH start=28 best=10 compiles=567 (431.9s, 131 copies, 1 needed, R7 do-while @2471 + R6 inline h @2476 + R7 do-while @2483)
    depth 1: 18 kept of the scored, best 4 (R12 width lim s32->u16 @3111) · 65 compiles
    depth 1: 29 kept of the scored, best 13 (R6 inline v0 @4737) · 65 compiles
    depth 3: 122 kept of the scored, best 4 (R7 block @5365 + R18 bystander @5366->5369 + R2 decl-order 1,0) · 523 compiles
  ov_SC01_077__func_80166F58: NO-MATCH start=4 best=4 compiles=523 (453.6s, 2 copies, 5 needed)
    depth 1: 21 kept of the scored, best 14 (R9 swap-stmts @3639) · 65 compiles
    depth 2: 96 kept of the scored, best 18 (R10 param-copy arg0 @1424 + R9 swap-stmts @1474) · 311 compiles
    depth 3: 82 kept of the scored, best 6 (R6 inline lim @3867 + R6 inline lo @3860 + R12 width t u8->s32 @3850) · 300 compiles
  ov_SC03_102__func_80180558: NO-MATCH start=10 best=6 compiles=300 (241.7s, 1 copies, 2 needed, R6 inline lim @3867 + R6 inline lo @3860)
    depth 3: 92 kept of the scored, best 4 (R7 do-while @7712 + R6 inline v0 @7722 + R7 block @7717) · 555 compiles
  ov_SC04_007__func_80183E80: NO-MATCH start=14 best=4 compiles=555 (432.0s, 1 copies, 2 needed, R7 do-while @7712)
    depth 2: 116 kept of the scored, best 5 (R7 do-while @13433 + R9 swap-stmts @13434) · 311 compiles
    depth 3: 108 kept of the scored, best 4 (R9 swap-stmts @1668 + R14 param-width param_1 s32->u16 @1658 + R8 temp tmp0 @1667) · 554 compiles
  ov_SC07_006__func_8012E688: NO-MATCH start=15 best=4 compiles=554 (421.7s, 2 copies, 2 needed, R9 swap-stmts @1668 + R14 param-width param_1 s32->u16 @1658)
    depth 1: 32 kept of the scored, best 20 (R12 width harg int->u16 @2317) · 65 compiles
    depth 1: 26 kept of the scored, best 2 (R9 swap-stmts @1642) · 29 compiles
    depth 1: 27 kept of the scored, best 34 (R7 do-while @5174) · 65 compiles
    depth 1: 38 kept of the scored, best 5 (R9 swap-stmts @6636) · 65 compiles
    depth 1: 18 kept of the scored, best 50 (R18 bystander @3284->3287) · 65 compiles
    depth 2: 107 kept of the scored, best 7 (R8 temp tmp0 @5306 + R6 inline ang @5319) · 313 compiles
    depth 2: 57 kept of the scored, best 2 (R9 swap-stmts @1642 + R7 block @1642) · 122 compiles
    depth 3: 90 kept of the scored, best 18 (R10 param-copy arg0 @1424 + R9 swap-stmts @1474 + R6 inline arg0s @1432) · 552 compiles
  ov_MAIN_012__func_80133784: NO-MATCH start=21 best=18 compiles=552 (328.1s, 7 copies, 7 needed, R10 param-copy arg0 @1424 + R9 swap-stmts @1474)
    depth 3: 119 kept of the scored, best 7 (R8 temp tmp0 @8739 + R8 temp tmp1 @8740 + R12 width tmp1 s16->s32 @8712) · 563 compiles
    depth 2: 133 kept of the scored, best 2 (R5 swap | @3761 + R6 inline a0 @3758) · 312 compiles
  ov_SC06_018__func_80185DD8: NO-MATCH start=7 best=7 compiles=563 (470.3s, 6 copies, 1 needed)
    depth 2: 71 kept of the scored, best 4 (R7 block @3252 + R12 width lim s32->u16 @3111) · 309 compiles
    depth 2: 74 kept of the scored, best 11 (R8 temp tmp0 @8879 + R6 inline tmp0 @8880) · 314 compiles
    depth 2: 112 kept of the scored, best 13 (R6 inline v0 @4737 + R6 inline v1 @4737) · 307 compiles
    depth 1: 22 kept of the scored, best 10 (R8 temp tmp0 @7349) · 31 compiles
    depth 2: 103 kept of the scored, best 1 (R6 inline rv @7597 + R12 width rv s32->u16 @7581) · 316 compiles
    depth 1: 19 kept of the scored, best 45 (R7 block @5666) · 65 compiles
    depth 3: 55 kept of the scored, best 2 (R9 swap-stmts @1642 + R7 block @1642 + R10 param-copy param_1 @1642) · 234 compiles
  ov_SC07_006__func_8012E5CC: NO-MATCH start=28 best=2 compiles=234 (199.2s, 2 copies, 1 needed, R9 swap-stmts @1642)
    depth 3: 70 kept of the scored, best 1 (R12 width v0 int->u16 @8271 + R6 inline c @8298 + R7 do-while @8286) · 556 compiles
  ov_MAIN_012__func_80168D94: NO-MATCH start=24 best=1 compiles=556 (581.0s, 6 copies, 5 needed, R12 width v0 int->u16 @8271 + R6 inline c @8298 + R7 do-while @8286)
    depth 2: 78 kept of the scored, best 14 (R9 swap-stmts @3639 + R6 inline p @3640) · 312 compiles
    depth 2: 120 kept of the scored, best 20 (R12 width harg int->u16 @2317 + R8 hoist tmp0 @2325) · 308 compiles
    depth 2: 110 kept of the scored, best 5 (R9 swap-stmts @6636 + R9 swap-stmts @6635) · 289 compiles
    depth 1: 27 kept of the scored, best 11 (R6 inline arg0 @625) · 65 compiles
    depth 2: 92 kept of the scored, best 10 (R8 base tmp0 @7349 + R12 width tmp0 s32->s16 @7340) · 158 compiles
    depth 1: 31 kept of the scored, best 4 (R7 block @7473) · 65 compiles
    depth 3: 98 kept of the scored, best 5 (R7 do-while @13433 + R9 swap-stmts @13434 + R7 do-while @13424) · 546 compiles
  ov_SC04_011__func_8018C14C: NO-MATCH start=9 best=5 compiles=546 (606.6s, 1 copies, 2 needed, R7 do-while @13433 + R9 swap-stmts @13434)
    depth 2: 111 kept of the scored, best 24 (R7 do-while @5174 + R12 width iVar3 int->s16 @5121) · 318 compiles
    depth 2: 68 kept of the scored, best 50 (R18 bystander @3284->3287 + R7 block @3303) · 310 compiles
    depth 3: 122 kept of the scored, best 7 (R8 temp tmp0 @5306 + R6 inline ang @5319 + R6 inline tmp0 @5307) · 563 compiles
  ov_SC02_031__func_8017EE3C: NO-MATCH start=9 best=7 compiles=563 (469.1s, 1 copies, 1 needed, R6 inline ang @5317)
    depth 3: 77 kept of the scored, best 4 (R7 block @3252 + R12 width lim s32->u16 @3111 + R7 block @3144) · 555 compiles
  ov_SC03_111__func_8017FB38: NO-MATCH start=42 best=4 compiles=555 (413.5s, 1 copies, 1 needed, R12 width lim s32->u16 @3111)
    depth 3: 131 kept of the scored, best 13 (R6 inline v0 @4737 + R6 inline v1 @4737 + R6 inline v1 @4769) · 547 compiles
  ov_SC04_015__func_8017E2CC: NO-MATCH start=14 best=13 compiles=547 (424.7s, 1 copies, 2 needed, R6 inline v0 @4737)
    depth 1: 28 kept of the scored, best 2 (R12 width hi s32->s16 @5212) · 46 compiles
    depth 3: 131 kept of the scored, best 2 (R5 swap | @3761 + R6 inline a0 @3758 + R6 inline a0 @3756) · 561 compiles
  ov_SC06_022__func_80185E64: NO-MATCH start=10 best=2 compiles=561 (457.6s, 1 copies, 1 needed, R5 swap | @3761 + R6 inline a0 @3758)
    depth 1: 62 kept of the scored, best 9 (R12 width r s32->u16 @13080) · 65 compiles
    depth 3: 110 kept of the scored, best 1 (R6 inline rv @7597 + R12 width rv s32->u16 @7581 + R8 temp tmp0 @7595) · 562 compiles
  ov_SC02_035__func_80183E68: NO-MATCH start=1 best=1 compiles=562 (457.9s, 1 copies, 2 needed)
    depth 1: 21 kept of the scored, best 5 (R7 do-while @7092) · 65 compiles
    depth 1: 16 kept of the scored, best 4 (R12 width lim s32->u16 @3733) · 65 compiles
    depth 3: 77 kept of the scored, best 11 (R8 temp tmp0 @8879 + R6 inline tmp0 @8880 + R8 temp tmp0 @8879) · 562 compiles
  ov_SC06_010__func_80184394: NO-MATCH start=11 best=11 compiles=562 (514.8s, 5 copies, 1 needed)
    depth 3: 95 kept of the scored, best 10 (R8 base tmp0 @7349 + R12 width tmp0 s32->s16 @7340 + R8 hoist tmp1 @7350) · 296 compiles
  ov_SC03_001__func_80182058: NO-MATCH start=10 best=10 compiles=296 (254.0s, 5 copies, 1 needed)
    depth 1: 37 kept of the scored, best 11 (R12 width y s32->u16 @3299) · 65 compiles
    depth 2: 76 kept of the scored, best 45 (R7 block @5666 + R7 block @5652) · 312 compiles
    depth 1: 28 kept of the scored, best 29 (R14 param-width a0 s32->u16 @6002) · 65 compiles
    depth 2: 78 kept of the scored, best 11 (R6 inline arg0 @625 + R7 do-while @624) · 296 compiles
    depth 1: 36 kept of the scored, best 25 (R7 do-while @5422) · 65 compiles
    depth 3: 94 kept of the scored, best 5 (R9 swap-stmts @6636 + R18 bystander @6636->6631 + R18 bystander @6634->6631) · 517 compiles
  ov_SC04_007__func_80182358: NO-MATCH start=10 best=5 compiles=517 (430.1s, 4 copies, 1 needed, R9 swap-stmts @6636)
    depth 1: 29 kept of the scored, best 32 (R14 param-width a0 s32->u16 @8727) · 65 compiles
    depth 3: 123 kept of the scored, best 20 (R12 width harg int->u16 @2317 + R8 hoist tmp0 @2325 + R6 inline tmp0 @2326) · 548 compiles
  ov_SC04_011__func_80133AB0: NO-MATCH start=24 best=20 compiles=548 (509.5s, 134 copies, 4 needed, R12 width harg int->u16 @2317)
    depth 2: 83 kept of the scored, best 2 (R12 width hi s32->s16 @5212 + R8 temp tmp0 @5218) · 185 compiles
    depth 3: 78 kept of the scored, best 14 (R9 swap-stmts @3639 + R7 block @3628 + R9 swap-stmts @3640) · 556 compiles
  ov_SC04_011__func_80161E08: NO-MATCH start=15 best=14 compiles=556 (556.8s, 127 copies, 3 needed, R9 swap-stmts @3639)
    depth 1: 22 kept of the scored, best 43 (R8 hoist tmp0 @5279) · 65 compiles
    depth 1: 21 kept of the scored, best 21 (R18 bystander @2202->2205) · 65 compiles
    depth 3: 62 kept of the scored, best 50 (R18 bystander @3284->3287 + R7 block @3303 + R5 swap + @3440) · 544 compiles
  ov_SC03_102__func_8017CD9C: NO-MATCH start=50 best=50 compiles=544 (514.2s, 5 copies, 1 needed)
    depth 1: 24 kept of the scored, best 3 (R8 temp tmp0 @2807) · 65 compiles
    depth 2: 106 kept of the scored, best 4 (R7 block @7473 + R18 bystander @7474->7477) · 295 compiles
    depth 2: 73 kept of the scored, best 4 (R7 do-while @7092 + R7 do-while @7094) · 305 compiles
    depth 3: 95 kept of the scored, best 20 (R12 width iVar3 int->u16 @5121 + R7 do-while @5185 + R9 swap-stmts @5161) · 570 compiles
  ov_SC01_077__func_80166690: NO-MATCH start=41 best=20 compiles=570 (564.0s, 1 copies, 1 needed, R12 width iVar3 int->u16 @5121 + R7 do-while @5185 + R9 swap-stmts @5161)
    depth 1: 10 kept of the scored, best 4 (R7 do-while @4112) · 17 compiles
    depth 1: 34 kept of the scored, best 6 (R8 temp tmp0 @6778) · 65 compiles
    depth 2: 59 kept of the scored, best 4 (R12 width lim s32->u16 @3733 + R7 block @3766) · 305 compiles
    depth 2: 133 kept of the scored, best 11 (R12 width y s32->u16 @3299 + R12 width flags s32->u16 @3302) · 311 compiles
    depth 2: 103 kept of the scored, best 29 (R14 param-width a0 s32->u16 @6002 + R7 block @6051) · 307 compiles
    depth 3: 76 kept of the scored, best 45 (R7 block @5666 + R7 block @5652 + R7 block @5650) · 556 compiles
    depth 2: 31 kept of the scored, best 3 (R3 init-split p + R18 bystander @4113->4111) · 70 compiles
  ov_SC06_018__func_801811DC: NO-MATCH start=45 best=45 compiles=556 (441.9s, 3 copies, 1 needed)
    depth 3: 87 kept of the scored, best 2 (R12 width hi s32->s16 @5212 + R8 temp tmp0 @5218 + R12 width tmp0 s32->u16 @5214) · 366 compiles
  ov_SC02_031__func_8017ECEC: NO-MATCH start=8 best=2 compiles=366 (284.5s, 11 copies, 1 needed, R12 width hi s32->s16 @5212)
    depth 2: 180 kept of the scored, best 9 (R12 width r s32->u16 @13080 + R8 temp tmp0 @13095) · 307 compiles
    depth 3: 63 kept of the scored, best 11 (R6 inline arg0 @625 + R7 do-while @624 + R18 bystander @627->625) · 550 compiles
  ov_SC07_006__func_8012956C: NO-MATCH start=11 best=11 compiles=550 (423.1s, 7 copies, 4 needed)
    depth 2: 138 kept of the scored, best 20 (R7 do-while @5422 + R12 width iVar3 s32->u16 @5391) · 310 compiles
    depth 3: 30 kept of the scored, best 3 (R3 init-split p + R18 bystander @4113->4111 + R7 block @4111) · 123 compiles
  ov_SC01_077__func_801627E8: NO-MATCH start=7 best=3 compiles=123 (127.2s, 1 copies, 2 needed, R3 init-split p + R18 bystander @4113->4111)
    depth 1: 25 kept of the scored, best 14 (R7 block @5014) · 65 compiles
    depth 1: 24 kept of the scored, best 10 (R8 temp tmp0 @4361) · 65 compiles
    depth 2: 103 kept of the scored, best 32 (R14 param-width a0 s32->u16 @8727 + R9 swap-stmts @8762) · 310 compiles
    depth 3: 74 kept of the scored, best 4 (R7 do-while @7092 + R7 do-while @7094 + R9 swap-stmts @7088) · 546 compiles
  ov_SC01_001__func_80183748: NO-MATCH start=14 best=4 compiles=546 (342.6s, 1 copies, 1 needed, R7 do-while @7092 + R7 do-while @7094)
    depth 1: 24 kept of the scored, best 3 (R6 inline p @251) · 65 compiles
    depth 2: 83 kept of the scored, best 43 (R8 hoist tmp0 @5279 + R6 inline tmp0 @5280) · 311 compiles
    depth 2: 73 kept of the scored, best 21 (R18 bystander @2202->2205 + R7 block @2230) · 308 compiles
    depth 1: 23 kept of the scored, best 3 (R7 block @2949) · 65 compiles
    depth 1: 19 kept of the scored, best 24 (R8 temp tmp0 @6448) · 65 compiles
    depth 3: 61 kept of the scored, best 4 (R12 width lim s32->u16 @3733 + R7 block @3766 + R9 swap-stmts @3767) · 543 compiles
  ov_SC04_015__func_8017C730: NO-MATCH start=10 best=4 compiles=543 (374.6s, 2 copies, 1 needed, R12 width lim s32->u16 @3733)
    depth 2: 127 kept of the scored, best 6 (R8 temp tmp0 @6778 + R8 temp tmp1 @6793) · 318 compiles
    depth 3: 121 kept of the scored, best 4 (R7 block @7473 + R18 bystander @7474->7477 + R2 decl-order 1,0) · 521 compiles
  ov_MAIN_012__func_80166F58: NO-MATCH start=4 best=4 compiles=521 (521.0s, 6 copies, 5 needed)
    depth 2: 89 kept of the scored, best 3 (R8 temp tmp0 @2807 + R12 width tmp0 u16->s32 @2806) · 313 compiles
    depth 1: 42 kept of the scored, best 27 (R7 do-while @3388) · 65 compiles
    depth 3: 102 kept of the scored, best 29 (R14 param-width a0 s32->u16 @6002 + R7 block @6051 + R7 block @6062) · 549 compiles
  ov_SC02_035__func_80181B00: NO-MATCH start=38 best=29 compiles=549 (415.8s, 5 copies, 1 needed, R14 param-width a0 s32->u16 @6002)
    depth 3: 114 kept of the scored, best 11 (R12 width y s32->u16 @3299 + R12 width flags s32->u16 @3302 + R8 temp tmp0 @3332) · 556 compiles
  ov_SC06_022__func_80185578: NO-MATCH start=25 best=11 compiles=556 (435.3s, 6 copies, 2 needed, R12 width y s32->u16 @3299)
    depth 1: 8 kept of the scored, best 1 (R4 decl-move r 3->0) · 17 compiles
    depth 1: 30 kept of the scored, best 34 (R7 do-while @7266) · 65 compiles
    depth 1: 31 kept of the scored, best 16 (R12 width sub s32->s16 @4429) · 65 compiles
    depth 2: 19 kept of the scored, best 1 (R4 decl-move r 3->0 + R7 block @3138) · 67 compiles
    depth 3: 123 kept of the scored, best 20 (R7 do-while @5422 + R12 width iVar3 s32->u16 @5391 + R12 width uVar3 u32->u8 @5393) · 557 compiles
  ov_SC03_001__func_8017FA18: NO-MATCH start=63 best=20 compiles=557 (440.9s, 5 copies, 2 needed, R7 do-while @5422 + R12 width iVar3 s32->u16 @5391)
    depth 2: 88 kept of the scored, best 14 (R7 block @5014 + R6 inline fire @5081) · 313 compiles
    depth 2: 89 kept of the scored, best 10 (R8 temp tmp0 @4361 + R6 inline tmp0 @4362) · 314 compiles
    depth 2: 72 kept of the scored, best 24 (R8 temp tmp0 @6448 + R8 temp tmp1 @6449) · 308 compiles
    depth 3: 11 kept of the scored, best 1 (R4 decl-move r 3->0 + R7 block @3138 + R7 block @3142) · 108 compiles
  ov_SC06_022__func_801852E4: NO-MATCH start=1 best=1 compiles=108 (71.8s, 5 copies, 1 needed)
    depth 2: 90 kept of the scored, best 3 (R6 inline p @251 + R7 block @246) · 313 compiles
    depth 3: 164 kept of the scored, best 9 (R12 width r s32->u16 @13080 + R8 temp tmp0 @13095 + R6 inline tmp0 @13096) · 536 compiles
  ov_SC04_011__func_8018BAC4: NO-MATCH start=35 best=9 compiles=536 (588.6s, 1 copies, 2 needed, R12 width r s32->u16 @13080)
    depth 3: 99 kept of the scored, best 32 (R14 param-width a0 s32->u16 @8727 + R9 swap-stmts @8762 + R9 swap-stmts @8773) · 553 compiles
  ov_SC06_010__func_801841A4: NO-MATCH start=32 best=32 compiles=553 (485.9s, 6 copies, 1 needed)
    depth 3: 68 kept of the scored, best 21 (R18 bystander @2202->2205 + R7 block @2230 + R10 param-copy arg0 @2201) · 547 compiles
  ov_SC04_011__func_80133784: NO-MATCH start=21 best=21 compiles=547 (412.1s, 127 copies, 7 needed)
    depth 1: 43 kept of the scored, best 41 (R8 cse tmp0 @5210) · 65 compiles
    depth 3: 91 kept of the scored, best 43 (R8 hoist tmp0 @5279 + R6 inline tmp0 @5280 + R8 hoist tmp0 @5279) · 559 compiles
  ov_SC04_007__func_80180324: NO-MATCH start=43 best=43 compiles=559 (438.8s, 7 copies, 8 needed)
    depth 3: 123 kept of the scored, best 6 (R8 temp tmp0 @6778 + R8 temp tmp1 @6793 + R6 inline tmp1 @6794) · 570 compiles
  ov_SC03_091__func_80188DF4: NO-MATCH start=6 best=6 compiles=570 (364.1s, 3 copies, 1 needed)
    depth 1: 20 kept of the scored, best 13 (R7 do-while @3579) · 65 compiles
    depth 1: 15 kept of the scored, best 4 (R12 width rv s32->u16 @6675) · 19 compiles
    depth 1: 24 kept of the scored, best 1 (R3 init-split mode) · 42 compiles
    depth 2: 135 kept of the scored, best 22 (R7 do-while @3388 + R8 hoist tmp0 @3413) · 312 compiles
    depth 2: 84 kept of the scored, best 3 (R7 block @2949 + R7 block @2950) · 313 compiles
    depth 1: 38 kept of the scored, best 4 (R7 do-while @4833) · 65 compiles
    depth 1: 28 kept of the scored, best 31 (R14 param-width a0 s32->u16 @8621) · 65 compiles
    depth 1: 24 kept of the scored, best 18 (R9 swap-stmts @1161) · 65 compiles
    depth 2: 51 kept of the scored, best 4 (R12 width rv s32->u16 @6675 + R8 temp tmp0 @6684) · 88 compiles
    depth 3: 89 kept of the scored, best 3 (R8 temp tmp0 @2807 + R12 width tmp0 u16->s32 @2806 + R8 temp tmp1 @2808) · 560 compiles
  ov_SC04_011__func_8015FBE0: NO-MATCH start=3 best=3 compiles=560 (498.4s, 125 copies, 1 needed)
    depth 3: 50 kept of the scored, best 4 (R12 width rv s32->u16 @6675 + R8 temp tmp0 @6684 + R12 width tmp0 s16->s32 @6678) · 160 compiles
  ov_SC03_091__func_80188B64: NO-MATCH start=4 best=4 compiles=160 (101.4s, 2 copies, 1 needed)
    depth 2: 69 kept of the scored, best 13 (R7 do-while @3579 + R9 swap-stmts @3589) · 312 compiles
    depth 3: 71 kept of the scored, best 24 (R8 temp tmp0 @6448 + R8 temp tmp1 @6449 + R8 temp tmp2 @6463) · 550 compiles
  ov_SC01_001__func_8018275C: NO-MATCH start=24 best=24 compiles=550 (314.8s, 1 copies, 2 needed)
    depth 2: 116 kept of the scored, best 5 (R8 base-shared tmp0 @4455 + R7 do-while @4436) · 317 compiles
    depth 3: 85 kept of the scored, best 14 (R7 block @5014 + R6 inline fire @5081 + R7 block @5044) · 558 compiles
  ov_SC02_031__func_8017E73C: NO-MATCH start=14 best=14 compiles=558 (429.4s, 11 copies, 2 needed)
    depth 1: 25 kept of the scored, best 17 (R8 temp tmp0 @1952) · 65 compiles
    depth 1: 28 kept of the scored, best 8 (R18 bystander @5449->5446) · 65 compiles
    depth 1: 24 kept of the scored, best 2 (R18 bystander @4257->4254) · 56 compiles
    depth 2: score 0 by R18 bystander @4257->4254 + R18 bystander @4256->4254
  ov_SC01_001__func_8017F28C: MATCH start=12 best=0 compiles=64 (37.6s, 5 copies, 2 needed, R18 bystander @4257->4254 + R18 bystander @4256->4254)
    depth 3: 90 kept of the scored, best 3 (R6 inline p @251 + R7 block @246 + R7 block @247) · 561 compiles
  ov_SC07_006__func_801287B8: NO-MATCH start=3 best=3 compiles=561 (391.4s, 4 copies, 1 needed)
    depth 3: 87 kept of the scored, best 10 (R8 temp tmp0 @4361 + R6 inline tmp0 @4362 + R8 temp tmp0 @4361) · 564 compiles
  ov_SC06_018__func_8017F430: NO-MATCH start=10 best=10 compiles=564 (449.8s, 2 copies, 1 needed)
    depth 2: 112 kept of the scored, best 24 (R7 do-while @7266 + R12 width iVar3 int->s16 @7227) · 315 compiles
    depth 1: 34 kept of the scored, best 6 (R12 width rnd s32->u16 @3345) · 65 compiles
    depth 2: 161 kept of the scored, best 41 (R8 cse tmp0 @5210 + R5 swap + @5210) · 315 compiles
    depth 2: 89 kept of the scored, best 1 (R3 init-split mode + R7 block @11674) · 202 compiles
    depth 1: 23 kept of the scored, best 21 (R8 hoist tmp0 @6923) · 65 compiles
    depth 1: 28 kept of the scored, best 29 (R14 param-width a0 s32->u16 @7497) · 65 compiles
    depth 3: 55 kept of the scored, best 13 (R7 do-while @3579 + R9 swap-stmts @3589 + R7 do-while @3589) · 555 compiles
  ov_SC07_006__func_8017B614: NO-MATCH start=13 best=13 compiles=555 (226.5s, 2 copies, 3 needed)
    depth 1: 31 kept of the scored, best 62 (R9 swap-stmts @4202) · 65 compiles
    depth 3: 122 kept of the scored, best 21 (R7 do-while @3388 + R8 hoist tmp0 @3413 + R9 swap-stmts @3415) · 561 compiles
  ov_SC04_015__func_8017BF70: NO-MATCH start=34 best=21 compiles=561 (367.1s, 1 copies, 1 needed, R7 do-while @3388 + R8 hoist tmp0 @3413 + R9 swap-stmts @3415)
    depth 1: 15 kept of the scored, best 5 (R12 width t s32->u16 @262) · 23 compiles
    depth 2: 145 kept of the scored, best 4 (R7 do-while @4833 + R18 bystander @4871->4873) · 311 compiles
    depth 1: 19 kept of the scored, best 7 (R7 block @3410) · 65 compiles
    depth 2: 97 kept of the scored, best 18 (R8 base tmp0 @1162 + R18 bystander @1164->1162) · 317 compiles
    depth 2: 46 kept of the scored, best 5 (R12 width t s32->u16 @262 + R7 block @266) · 96 compiles
    depth 2: 103 kept of the scored, best 30 (R14 param-width a0 s32->u16 @8621 + R7 do-while @8636) · 310 compiles
    depth 3: 76 kept of the scored, best 3 (R7 block @2949 + R7 block @2950 + R7 block @2945) · 557 compiles
  ov_SC01_077__func_8015FBE0: NO-MATCH start=3 best=3 compiles=557 (467.4s, 1 copies, 1 needed)
    depth 3: 36 kept of the scored, best 5 (R12 width t s32->u16 @262 + R7 block @266 + R7 block @264) · 158 compiles
  md_SC03_076__func_801F2458: NO-MATCH start=5 best=5 compiles=158 (53.1s, 1 copies, 1 needed)
    depth 1: 23 kept of the scored, best 6 (R12 width t s32->u16 @185) · 46 compiles
    depth 2: 104 kept of the scored, best 8 (R18 bystander @5449->5446 + R6 inline a2 @5450) · 298 compiles
    depth 1: 28 kept of the scored, best 5 (R7 do-while @1363) · 65 compiles
    depth 3: 118 kept of the scored, best 1 (R8 base-shared tmp0 @4455 + R7 do-while @4436 + R7 do-while @4480) · 571 compiles
  ov_SC02_035__func_8017F96C: NO-MATCH start=43 best=1 compiles=571 (389.5s, 2 copies, 3 needed, R8 base-shared tmp0 @4455 + R7 do-while @4436 + R7 do-while @4480)
    depth 2: 65 kept of the scored, best 7 (R7 block @3410 + R10 param-copy param_1 @3407) · 314 compiles
    depth 1: 28 kept of the scored, best 2 (R7 do-while @2857) · 65 compiles
    depth 3: 80 kept of the scored, best 1 (R3 init-split mode + R7 block @11674 + R12 width mode s32->u16 @11673) · 356 compiles
  ov_SC04_011__func_80189D38: NO-MATCH start=1 best=1 compiles=356 (362.1s, 1 copies, 1 needed)
    depth 2: 78 kept of the scored, best 6 (R12 width t s32->u16 @185 + R7 block @195) · 212 compiles
    depth 2: 81 kept of the scored, best 21 (R8 hoist tmp0 @6923 + R6 inline tmp0 @6924) · 310 compiles
    depth 2: 122 kept of the scored, best 5 (R12 width rnd s32->u16 @3345 + R7 do-while @3385) · 309 compiles
    depth 2: 95 kept of the scored, best 17 (R8 temp tmp0 @1952 + R8 temp tmp1 @1961) · 316 compiles
    depth 3: 143 kept of the scored, best 40 (R8 cse tmp0 @5210 + R8 hoist tmp1 @5210 + R9 swap-stmts @5211) · 563 compiles
  ov_SC03_001__func_8017F368: NO-MATCH start=51 best=40 compiles=563 (411.5s, 4 copies, 2 needed, R8 cse tmp0 @5210 + R8 hoist tmp1 @5210 + R9 swap-stmts @5211)
    depth 2: 107 kept of the scored, best 29 (R14 param-width a0 s32->u16 @7497 + R8 temp tmp0 @7535) · 307 compiles
    depth 2: 108 kept of the scored, best 62 (R9 swap-stmts @4202 + R12 width state u16->s16 @4153) · 304 compiles
    depth 1: 30 kept of the scored, best 13 (R12 width d s32->u16 @5038) · 35 compiles
    depth 1: 16 kept of the scored, best 2 (R7 block @10868) · 43 compiles
    depth 3: 102 kept of the scored, best 18 (R12 width iVar3 int->u16 @7227 + R7 do-while @7289 + R9 swap-stmts @7267) · 565 compiles
  ov_MAIN_012__func_80166690: NO-MATCH start=41 best=18 compiles=565 (533.5s, 3 copies, 1 needed, R12 width iVar3 int->u16 @7227 + R7 do-while @7289 + R9 swap-stmts @7267)
    depth 2: 101 kept of the scored, best 2 (R7 do-while @1363 + R6 inline v @1362) · 312 compiles
    depth 3: 146 kept of the scored, best 4 (R7 do-while @4833 + R18 bystander @4871->4873 + R9 swap-stmts @4843) · 555 compiles
  ov_SC04_007__func_8017F86C: NO-MATCH start=4 best=4 compiles=555 (418.6s, 1 copies, 1 needed)
    depth 3: 70 kept of the scored, best 6 (R12 width t s32->u16 @185 + R7 block @195 + R12 width t u16->s16 @185) · 368 compiles
  md_SC03_076__func_801F2348: NO-MATCH start=6 best=6 compiles=368 (162.0s, 4 copies, 1 needed)
    depth 1: 13 kept of the scored, best 4 (R7 do-while @4423) · 24 compiles
    depth 3: 95 kept of the scored, best 18 (R8 base tmp0 @1162 + R18 bystander @1164->1162 + R8 temp tmp1 @1163) · 566 compiles
  ov_SC04_011__func_80130D48: NO-MATCH start=18 best=18 compiles=566 (436.2s, 130 copies, 4 needed)
    depth 3: 62 kept of the scored, best 7 (R7 block @3410 + R10 param-copy param_1 @3407 + R7 block @3408) · 559 compiles
  ov_SC07_006__func_8017B238: NO-MATCH start=7 best=7 compiles=559 (232.3s, 5 copies, 2 needed)
    depth 3: 104 kept of the scored, best 8 (R18 bystander @5449->5446 + R9 swap-stmts @5450 + R18 bystander @5448->5451) · 539 compiles
  ov_SC03_091__func_801870CC: NO-MATCH start=8 best=8 compiles=539 (335.6s, 1 copies, 1 needed)
    depth 1: 36 kept of the scored, best 5 (R7 do-while @3939) · 65 compiles
    depth 1: 27 kept of the scored, best 13 (R6 inline iVar2 @6819) · 41 compiles
    depth 3: 97 kept of the scored, best 30 (R14 param-width a0 s32->u16 @8621 + R7 do-while @8636 + R9 swap-stmts @8645) · 552 compiles
  ov_SC06_010__func_80183FD4: NO-MATCH start=31 best=30 compiles=552 (454.8s, 6 copies, 1 needed, R14 param-width a0 s32->u16 @8621 + R7 do-while @8636)
    depth 1: 24 kept of the scored, best 14 (R7 block @3983) · 65 compiles
    depth 2: score 0 by R7 do-while @3939 + R12 width flag2 s32->s16 @3911
  ov_SC03_001__func_8018B478: MATCH start=29 best=0 compiles=124 (47.4s, 1 copies, 2 needed, R7 do-while @3939 + R12 width flag2 s32->s16 @3911)
    depth 2: 36 kept of the scored, best 4 (R7 do-while @4423 + R7 block @4421) · 92 compiles
    depth 1: 52 kept of the scored, best 13 (R5 swap + @786) · 65 compiles
    depth 1: 10 kept of the scored, best 8 (R7 block @5224) · 65 compiles
    depth 2: 106 kept of the scored, best 13 (R12 width d s32->u16 @5038 + R7 block @5054) · 165 compiles
    depth 2: 105 kept of the scored, best 1 (R14 param-width param_1_arg s32->u16 @2844 + R15 sink @2920 (sVar1)) · 311 compiles
    depth 1: 33 kept of the scored, best 18 (R12 width bb u8->s32 @3552) · 65 compiles
    depth 1: 19 kept of the scored, best 45 (R7 block @8431) · 65 compiles
    depth 3: 102 kept of the scored, best 2 (R7 do-while @1363 + R5 swap | @1362 + R6 inline v @1362) · 560 compiles
  md_SC04_027__func_801E9BE0: NO-MATCH start=8 best=2 compiles=560 (267.6s, 1 copies, 2 needed, R7 do-while @1363 + R6 inline v @1362)
    depth 3: 29 kept of the scored, best 4 (R7 do-while @4423 + R7 block @4421 + R10 param-copy param_1 @4410) · 153 compiles
  ov_SC04_007__func_8017F080: NO-MATCH start=6 best=4 compiles=153 (101.9s, 1 copies, 2 needed, R7 do-while @4423)
    depth 3: 88 kept of the scored, best 21 (R8 hoist tmp0 @6923 + R6 inline tmp0 @6924 + R8 hoist tmp0 @6923) · 564 compiles
  ov_SC07_010__func_801817D0: NO-MATCH start=21 best=21 compiles=564 (375.8s, 1 copies, 1 needed)
    depth 3: 110 kept of the scored, best 5 (R7 do-while @3357 + R12 width rnd s32->u16 @3345 + R7 do-while @3385) · 548 compiles
  ov_SC02_031__func_8017BF88: NO-MATCH start=14 best=5 compiles=548 (397.1s, 14 copies, 3 needed, R12 width rnd s32->u16 @3345 + R7 do-while @3385)
    depth 1: score 0 by R18 bystander @2862->2860
  ov_SC03_125__func_80182BA0: MATCH start=28 best=0 compiles=19 (13.6s, 4 copies, 1 needed, R18 bystander @2862->2860)
    depth 2: 60 kept of the scored, best 2 (R7 block @10868 + R9 swap-stmts @10869) · 189 compiles
    depth 1: 19 kept of the scored, best 9 (R8 hoist tmp0 @921) · 65 compiles
    depth 1: 27 kept of the scored, best 9 (R7 do-while @6490) · 49 compiles
    depth 3: 98 kept of the scored, best 29 (R14 param-width a0 s32->u16 @7497 + R8 temp tmp0 @7535 + R12 width tmp0 u16->s32 @7498) · 556 compiles
  ov_SC02_026__func_80183CAC: NO-MATCH start=38 best=29 compiles=556 (424.5s, 1 copies, 1 needed, R14 param-width a0 s32->u16 @7497)
    depth 3: 104 kept of the scored, best 62 (R9 swap-stmts @4202 + R12 width state u16->s16 @4153 + R12 width hi s16->u16 @4150) · 538 compiles
  ov_SC06_018__func_8017F0F4: NO-MATCH start=63 best=62 compiles=538 (427.0s, 3 copies, 2 needed, R9 swap-stmts @4202)
    depth 1: 30 kept of the scored, best 10 (R6 inline v0 @4560) · 65 compiles
    depth 2: 91 kept of the scored, best 8 (R6 inline iVar2 @6819 + R7 do-while @6823) · 179 compiles
    depth 3: 96 kept of the scored, best 17 (R8 temp tmp0 @1952 + R8 temp tmp1 @1961 + R8 temp tmp2 @1962) · 570 compiles
    depth 1: 31 kept of the scored, best 5 (R8 temp tmp0 @6621) · 65 compiles
  ov_SC04_011__func_8015D738: NO-MATCH start=17 best=17 compiles=570 (502.0s, 126 copies, 1 needed)
    depth 3: 83 kept of the scored, best 13 (R12 width d s32->u16 @5038 + R7 block @5054 + R10 param-copy a0 @5039) · 287 compiles
  ov_SC03_001__func_8017F1F0: NO-MATCH start=15 best=13 compiles=287 (234.8s, 1 copies, 2 needed, R12 width d s32->u16 @5038)
    depth 2: 87 kept of the scored, best 14 (R7 block @3983 + R6 inline fire @4048) · 313 compiles
    depth 2: 128 kept of the scored, best 17 (R8 temp tmp0 @3563 + R9 swap-stmts @3564) · 311 compiles
    depth 1: 50 kept of the scored, best 24 (R6 inline v0 @6218) · 65 compiles
    depth 1: 36 kept of the scored, best 26 (R8 temp tmp0 @4069) · 65 compiles
    depth 1: 22 kept of the scored, best 30 (R6 inline uc @3606) · 65 compiles
    depth 1: score 0 by R7 do-while @4028
  ov_SC03_001__func_8017DCE4: MATCH start=9 best=0 compiles=63 (43.2s, 1 copies, 1 needed, R7 do-while @4028)
    depth 3: 45 kept of the scored, best 2 (R7 block @10868 + R9 swap-stmts @10869 + R10 param-copy a0 @10865) · 278 compiles
  ov_SC04_011__func_80188A30: NO-MATCH start=2 best=2 compiles=278 (304.3s, 1 copies, 1 needed)
    depth 2: 40 kept of the scored, best 8 (R7 block @5224 + R8 temp tmp0 @5225) · 316 compiles
    depth 3: 113 kept of the scored, best 1 (R14 param-width param_1_arg s32->u16 @2844 + R15 sink @2920 (sVar1) + R3 init-split param_1) · 562 compiles
  ov_SC01_077__func_8016C49C: NO-MATCH start=34 best=1 compiles=562 (390.9s, 4 copies, 1 needed, R14 param-width param_1_arg s32->u16 @2844 + R15 sink @2920 (sVar1))
    depth 2: 80 kept of the scored, best 4 (R7 do-while @6490 + R7 do-while @6495) · 203 compiles
    depth 2: 71 kept of the scored, best 9 (R8 hoist tmp0 @921 + R12 width tmp0 s32->u16 @831) · 312 compiles
    depth 2: 159 kept of the scored, best 7 (R5 swap + @786 + R7 do-while @790) · 311 compiles
    depth 3: 70 kept of the scored, best 8 (R6 inline iVar2 @6827 + R16 const-holder iVar2=0 x1 + R7 do-while @6822) · 288 compiles
  ov_MAIN_012__func_801651B8: NO-MATCH start=29 best=8 compiles=288 (299.7s, 7 copies, 2 needed, R6 inline iVar2 @6819 + R7 do-while @6823)
    depth 1: 42 kept of the scored, best 29 (R8 hoist tmp0 @3381) · 65 compiles
    depth 2: 76 kept of the scored, best 45 (R7 block @8431 + R7 block @8417) · 312 compiles
    depth 1: 30 kept of the scored, best 7 (R12 width sxy s32->s16 @2217) · 65 compiles
    depth 3: 84 kept of the scored, best 14 (R7 block @3983 + R6 inline fire @4048 + R8 hoist tmp0 @4022) · 558 compiles
  ov_SC03_002__func_8017C9BC: NO-MATCH start=14 best=14 compiles=558 (283.2s, 1 copies, 2 needed)
    depth 1: 30 kept of the scored, best 4 (R7 do-while @10298) · 65 compiles
    depth 2: 119 kept of the scored, best 5 (R6 inline v0 @4560 + R6 inline p @4556) · 313 compiles
    depth 3: 126 kept of the scored, best 17 (R8 temp tmp0 @3563 + R9 swap-stmts @3564 + R9 swap-stmts @3563) · 552 compiles
  ov_SC03_001__func_8018AEE8: NO-MATCH start=18 best=17 compiles=552 (261.9s, 4 copies, 1 needed, R8 temp tmp0 @3563 + R9 swap-stmts @3564)
    depth 1: 42 kept of the scored, best 27 (R7 do-while @3497) · 65 compiles
    depth 1: 21 kept of the scored, best 10 (R12 width uVar2 u32->u16 @6029) · 65 compiles
    depth 3: 60 kept of the scored, best 4 (R7 do-while @6490 + R7 do-while @6495 + R18 bystander @6496->6498) · 327 compiles
  ov_SC07_010__func_801810F8: NO-MATCH start=16 best=4 compiles=327 (229.4s, 1 copies, 2 needed, R7 do-while @6490 + R7 do-while @6495)
    depth 2: 121 kept of the scored, best 4 (R8 temp tmp0 @6621 + R9 swap-stmts @6622) · 312 compiles
    depth 1: 16 kept of the scored, best 3 (R12 width t s32->u16 @6693) · 65 compiles
    depth 3: 72 kept of the scored, best 9 (R8 hoist tmp0 @921 + R12 width tmp0 s32->u16 @831 + R7 block @898) · 556 compiles
  md_SC04_027__func_801E8DF4: NO-MATCH start=9 best=9 compiles=556 (292.3s, 1 copies, 1 needed)
    depth 2: 85 kept of the scored, best 14 (R12 width iVar3 int->u16 @3495 + R7 do-while @3544) · 317 compiles
    depth 1: 45 kept of the scored, best 5 (R18 bystander @5915->5918) · 65 compiles
    depth 3: 41 kept of the scored, best 8 (R7 block @5224 + R8 temp tmp0 @5225 + R6 inline tmp0 @5226) · 565 compiles
  ov_SC03_091__func_80186A8C: NO-MATCH start=8 best=8 compiles=565 (383.5s, 5 copies, 2 needed)
    depth 2: 187 kept of the scored, best 8 (R6 inline v0 @6218 + R6 inline v1 @6216) · 318 compiles
    depth 1: 29 kept of the scored, best 4 (R12 width mode s32->u16 @704) · 65 compiles
    depth 2: 123 kept of the scored, best 26 (R8 temp tmp0 @4069 + R12 width tmp0 u16->s32 @3998) · 319 compiles
    depth 1: 29 kept of the scored, best 6 (R12 width w s32->u16 @4868) · 65 compiles
    depth 3: 114 kept of the scored, best 5 (R6 inline v0 @4585 + R6 inline v0 @4560 + R6 inline p @4556) · 567 compiles
  ov_SC06_014__func_8017FB4C: NO-MATCH start=22 best=5 compiles=567 (333.0s, 4 copies, 1 needed, R6 inline v0 @4560 + R6 inline p @4556)
    depth 2: 135 kept of the scored, best 22 (R7 do-while @3497 + R8 hoist tmp0 @3522) · 312 compiles
    depth 2: 115 kept of the scored, best 5 (R12 width sxy s32->s16 @2217 + R6 inline sxy @2227) · 308 compiles
    depth 2: 143 kept of the scored, best 25 (R8 hoist tmp0 @3381 + R8 temp tmp1 @3391) · 312 compiles
    depth 3: 135 kept of the scored, best 7 (R5 swap + @786 + R7 do-while @790 + R8 cse tmp0 @785) · 558 compiles
  ov_SC04_011__func_8012E364: NO-MATCH start=25 best=7 compiles=558 (444.3s, 133 copies, 3 needed, R5 swap + @786 + R7 do-while @790)
    depth 1: 36 kept of the scored, best 5 (R18 bystander @3916->3910) · 65 compiles
    depth 1: 23 kept of the scored, best 4 (R7 block @3576) · 43 compiles
    depth 3: 76 kept of the scored, best 45 (R7 block @8431 + R7 block @8417 + R7 block @8415) · 556 compiles
  ov_SC06_010__func_80183884: NO-MATCH start=45 best=45 compiles=556 (478.7s, 4 copies, 1 needed)
    depth 2: 98 kept of the scored, best 4 (R12 width mode s32->u16 @704 + R8 hoist tmp0 @754) · 299 compiles
    depth 3: 122 kept of the scored, best 4 (R8 temp tmp0 @6621 + R9 swap-stmts @6622 + R8 temp tmp1 @6615) · 557 compiles
  ov_SC05_018__func_801837E8: NO-MATCH start=5 best=4 compiles=557 (420.6s, 4 copies, 1 needed, R8 temp tmp0 @6621 + R9 swap-stmts @6622)
    depth 2: 125 kept of the scored, best 2 (R18 bystander @5915->5919 + R9 swap-stmts @5918) · 297 compiles
    depth 3: 67 kept of the scored, best 12 (R12 width iVar3 int->u16 @3495 + R7 do-while @3544 + R12 width w3 int->s16 @3496) · 569 compiles
  ov_SC07_006__func_8016CBC0: NO-MATCH start=55 best=12 compiles=569 (376.8s, 4 copies, 1 needed, R12 width iVar3 int->u16 @3495 + R7 do-while @3544 + R12 width w3 int->s16 @3496)
    depth 1: 22 kept of the scored, best 11 (R8 temp tmp0 @8125) · 65 compiles
    depth 1: 37 kept of the scored, best 4 (R9 swap-stmts @5091) · 54 compiles
    depth 2: 108 kept of the scored, best 2 (R7 do-while @10297 + R9 swap-stmts @10298) · 318 compiles
    depth 2: 89 kept of the scored, best 4 (R7 block @3576 + R10 param-copy arg0 @3568) · 210 compiles
    depth 3: 122 kept of the scored, best 21 (R7 do-while @3497 + R8 hoist tmp0 @3522 + R9 swap-stmts @3524) · 561 compiles
  ov_SC03_002__func_8017C234: NO-MATCH start=34 best=21 compiles=561 (272.8s, 4 copies, 1 needed, R7 do-while @3497 + R8 hoist tmp0 @3522 + R9 swap-stmts @3524)
    depth 2: 75 kept of the scored, best 9 (R7 block @6044 + R9 swap-stmts @6060) · 313 compiles
    depth 3: 180 kept of the scored, best 4 (R6 inline v0 @6218 + R6 inline v1 @6216 + R9 swap-stmts @6218) · 566 compiles
  ov_SC02_026__func_8018226C: NO-MATCH start=29 best=4 compiles=566 (424.8s, 5 copies, 4 needed, R6 inline v0 @6218 + R6 inline v1 @6216 + R9 swap-stmts @6218)
    depth 1: 27 kept of the scored, best 2 (R7 do-while @3337) · 65 compiles
    depth 2: 60 kept of the scored, best 3 (R12 width t s32->u16 @6693 + R7 block @6798) · 313 compiles
    depth 2: 111 kept of the scored, best 6 (R12 width w s32->u16 @4868 + R6 inline cnt @4977) · 313 compiles
    depth 3: 115 kept of the scored, best 26 (R8 temp tmp0 @4069 + R12 width tmp0 u16->s32 @3998 + R8 temp tmp1 @4070) · 561 compiles
  ov_SC06_018__func_8017ED60: NO-MATCH start=26 best=26 compiles=561 (455.9s, 1 copies, 2 needed)
    depth 1: 30 kept of the scored, best 11 (R6 inline var_v0 @1012) · 65 compiles
    depth 2: 124 kept of the scored, best 5 (R18 bystander @3916->3910 + R4 decl-move snd 0->1) · 302 compiles
    depth 3: 106 kept of the scored, best 5 (R12 width sxy s32->s16 @2217 + R6 inline sxy @2227 + R12 width sy s32->u8 @2215) · 550 compiles
  ov_SC01_077__func_8016B234: NO-MATCH start=13 best=5 compiles=550 (368.1s, 1 copies, 2 needed, R12 width sxy s32->s16 @2217 + R6 inline sxy @2227)
    depth 3: 90 kept of the scored, best 4 (R12 width mode s32->u16 @704 + R8 hoist tmp0 @754 + R12 width tmp0 u16->s32 @705) · 525 compiles
  md_SC04_027__func_801E8A80: NO-MATCH start=4 best=4 compiles=525 (247.8s, 4 copies, 1 needed)
    depth 1: 31 kept of the scored, best 16 (R12 width sub s32->s16 @5924) · 65 compiles
    depth 1: 24 kept of the scored, best 2 (R9 swap-stmts @3594) · 48 compiles
    depth 3: 77 kept of the scored, best 4 (R7 block @3576 + R10 param-copy arg0 @3568 + R6 inline arg02 @3569) · 359 compiles
  ov_SC03_110__func_80180D2C: NO-MATCH start=4 best=4 compiles=359 (194.8s, 2 copies, 2 needed)
    depth 3: 147 kept of the scored, best 25 (R8 hoist tmp0 @3381 + R8 temp tmp1 @3391 + R14 param-width a0 s32->u16 @3343) · 563 compiles
  ov_SC03_001__func_8017BF50: NO-MATCH start=34 best=25 compiles=563 (442.0s, 1 copies, 1 needed, R8 hoist tmp0 @3381 + R8 temp tmp1 @3391)
    depth 1: 21 kept of the scored, best 4 (R5 swap + @4558) · 65 compiles
    depth 1: 20 kept of the scored, best 25 (R12 width dir s32->u16 @5454) · 65 compiles
    depth 1: 23 kept of the scored, best 15 (R7 block @2977) · 65 compiles
    depth 1: 38 kept of the scored, best 16 (R18 bystander @2186->2192) · 65 compiles
    depth 3: 127 kept of the scored, best 2 (R18 bystander @5915->5919 + R9 swap-stmts @5918 + R8 temp tmp0 @5915) · 532 compiles
  ov_SC07_010__func_80180480: NO-MATCH start=19 best=2 compiles=532 (363.8s, 1 copies, 1 needed, R18 bystander @5915->5919 + R9 swap-stmts @5918)
    depth 2: 142 kept of the scored, best 4 (R8 temp tmp0 @5078 + R12 width tmp0 s32->u16 @5070) · 261 compiles
    depth 2: 110 kept of the scored, best 11 (R6 inline var_v0 @1012 + R16 const-holder var_v0=0 x4) · 314 compiles
    depth 1: 32 kept of the scored, best 13 (R12 width v0 s32->u16 @5336) · 34 compiles
    depth 2: 102 kept of the scored, best 2 (R7 do-while @3337 + R3 init-split param_1) · 308 compiles
    depth 3: 113 kept of the scored, best 5 (R18 bystander @3916->3910 + R4 decl-move snd 0->1 + R7 block @3913) · 534 compiles
  ov_SC06_014__func_8017EBA0: NO-MATCH start=8 best=5 compiles=534 (311.8s, 1 copies, 1 needed, R18 bystander @3916->3910)
    depth 3: 106 kept of the scored, best 6 (R12 width w s32->u16 @4868 + R6 inline cnt @4977 + R8 hoist tmp0 @4970) · 555 compiles
  ov_SC03_091__func_80186440: NO-MATCH start=6 best=6 compiles=555 (362.4s, 4 copies, 1 needed)
    depth 2: 122 kept of the scored, best 2 (R9 swap-stmts @3594 + R12 width new_var int->u16 @3588) · 210 compiles
    depth 2: 79 kept of the scored, best 11 (R8 temp tmp0 @8125 + R8 temp tmp1 @8130) · 310 compiles
    depth 1: 23 kept of the scored, best 1 (R6 inline rv @3789) · 65 compiles
    depth 2: 80 kept of the scored, best 4 (R5 swap + @4558 + R6 inline newval @4558) · 315 compiles
    depth 1: 27 kept of the scored, best 8 (R6 inline p @4790) · 65 compiles
    depth 2: 83 kept of the scored, best 9 (R12 width v0 s32->u16 @5336 + R7 do-while @5343) · 149 compiles
    depth 2: 90 kept of the scored, best 15 (R7 block @2977 + R8 temp tmp0 @2976) · 314 compiles
    depth 3: 54 kept of the scored, best 3 (R12 width t s32->u16 @6693 + R7 block @6798 + R10 param-copy param_1 @6696) · 558 compiles
  ov_SC07_010__func_8016A290: NO-MATCH start=3 best=3 compiles=558 (495.5s, 4 copies, 1 needed)
    depth 3: 76 kept of the scored, best 9 (R7 block @6044 + R9 swap-stmts @6060 + R6 inline item @6061) · 558 compiles
  ov_MAIN_012__func_80162438: NO-MATCH start=10 best=9 compiles=558 (536.4s, 3 copies, 3 needed, R7 block @6044 + R9 swap-stmts @6060)
    depth 2: 116 kept of the scored, best 5 (R8 base-shared tmp0 @5950 + R7 do-while @5931) · 317 compiles
    depth 2: 73 kept of the scored, best 25 (R12 width dir s32->u16 @5454 + R8 temp tmp0 @5536) · 314 compiles
    depth 2: 120 kept of the scored, best 16 (R18 bystander @2186->2192 + R7 block @2187) · 310 compiles
    depth 3: 99 kept of the scored, best 2 (R9 swap-stmts @10297 + R7 do-while @10297 + R9 swap-stmts @10298) · 572 compiles
  ov_SC04_011__func_80187B40: NO-MATCH start=15 best=2 compiles=572 (601.4s, 1 copies, 1 needed, R7 do-while @10297 + R9 swap-stmts @10298)
    depth 3: 102 kept of the scored, best 11 (R6 inline var_v0 @1012 + R18 bystander @965->963 + R18 bystander @965->963) · 563 compiles
  ov_SC07_006__func_801365B8: NO-MATCH start=11 best=11 compiles=563 (269.6s, 4 copies, 2 needed)
    depth 1: 29 kept of the scored, best 34 (R7 do-while @5494) · 65 compiles
    depth 3: 69 kept of the scored, best 8 (R6 inline v0 @5348 + R6 inline v0 @5343 + R6 inline v0 @5338) · 244 compiles
  ov_SC07_010__func_8017F5A4: NO-MATCH start=20 best=8 compiles=244 (192.7s, 1 copies, 2 needed, R6 inline v0 @5348 + R6 inline v0 @5343 + R6 inline v0 @5338)
    depth 3: 156 kept of the scored, best 4 (R8 temp tmp0 @5078 + R12 width tmp0 s32->u16 @5070 + R9 swap-stmts @5093) · 484 compiles
  ov_SC05_018__func_801815AC: NO-MATCH start=4 best=4 compiles=484 (360.6s, 1 copies, 1 needed)
    depth 3: 96 kept of the scored, best 2 (R9 swap-stmts @3594 + R12 width new_var int->u16 @3588 + R12 width new_var u16->s32 @3588) · 345 compiles
  ov_SC06_018__func_8017E3F0: NO-MATCH start=4 best=2 compiles=345 (278.9s, 1 copies, 1 needed, R9 swap-stmts @3594)
    depth 1: 21 kept of the scored, best 14 (R9 swap-stmts @5838) · 65 compiles
    depth 1: 38 kept of the scored, best 11 (R7 do-while @915) · 65 compiles
    depth 3: 102 kept of the scored, best 2 (R7 do-while @3337 + R3 init-split param_1 + R7 block @3336) · 548 compiles
  ov_SC07_006__func_8016C49C: NO-MATCH start=34 best=2 compiles=548 (374.1s, 1 copies, 1 needed, R7 do-while @3337)
    depth 1: 43 kept of the scored, best 24 (R12 width b s32->s16 @3511) · 65 compiles
    depth 1: 41 kept of the scored, best 7 (R9 swap-stmts @9882) · 65 compiles
    depth 1: score 0 by R7 do-while @5234
  ov_SC07_010__func_8017F31C: MATCH start=29 best=0 compiles=61 (36.9s, 1 copies, 2 needed, R7 do-while @5234)
    depth 1: 49 kept of the scored, best 1 (R12 width scale s32->u16 @4931) · 65 compiles
    depth 3: 76 kept of the scored, best 4 (R5 swap + @4558 + R6 inline newval @4558 + R8 temp tmp0 @4547) · 563 compiles
  ov_SC02_016__func_80180BD8: NO-MATCH start=4 best=4 compiles=563 (314.4s, 1 copies, 1 needed)
    depth 2: 97 kept of the scored, best 1 (R6 inline rv @3789 + R12 width rv s32->u16 @3766) · 316 compiles
    depth 3: 90 kept of the scored, best 15 (R7 block @2977 + R8 temp tmp0 @2976 + R6 inline tmp0 @2977) · 559 compiles
  ov_SC03_110__func_801800F0: NO-MATCH start=15 best=15 compiles=559 (294.5s, 4 copies, 2 needed)
    depth 1: 33 kept of the scored, best 7 (R12 width sxy s32->s16 @2608) · 65 compiles
    depth 1: 19 kept of the scored, best 13 (R7 do-while @3025) · 65 compiles
    depth 2: 101 kept of the scored, best 8 (R6 inline p @4790 + R8 temp tmp0 @4789) · 314 compiles
    depth 1: 41 kept of the scored, best 9 (R8 base-shared tmp0 @4439) · 65 compiles
    depth 3: 93 kept of the scored, best 16 (R18 bystander @2186->2192 + R7 block @2187 + R10 param-copy arg0 @2185) · 542 compiles
  ov_SC07_006__func_80135168: NO-MATCH start=25 best=16 compiles=542 (332.7s, 4 copies, 5 needed, R18 bystander @2186->2192)
    depth 3: 72 kept of the scored, best 11 (R8 temp tmp0 @8125 + R8 temp tmp1 @8130 + R8 hoist tmp2 @8163) · 556 compiles
  ov_SC06_010__func_8018315C: NO-MATCH start=11 best=11 compiles=556 (495.8s, 5 copies, 1 needed)
    depth 1: 29 kept of the scored, best 11 (R12 width s0 s32->u16 @7873) · 65 compiles
    depth 3: 70 kept of the scored, best 21 (R12 width dir s32->u16 @5454 + R8 base tmp0 @5536 + R12 width tmp0 s32->s16 @5455) · 558 compiles
  ov_SC03_113__func_80181864: NO-MATCH start=25 best=21 compiles=558 (384.2s, 4 copies, 3 needed, R12 width dir s32->u16 @5454 + R8 base tmp0 @5536 + R12 width tmp0 s32->s16 @5455)
    depth 2: 136 kept of the scored, best 2 (R7 do-while @915 + R12 width a2v s32->u16 @872) · 310 compiles
    depth 1: 32 kept of the scored, best 23 (R7 do-while @2126) · 65 compiles
    depth 2: 154 kept of the scored, best 24 (R12 width b s32->s16 @3511 + R2 decl-order 0,1,3,2) · 308 compiles
    depth 3: 118 kept of the scored, best 1 (R8 base-shared tmp0 @5950 + R7 do-while @5931 + R7 do-while @5975) · 571 compiles
  ov_SC02_026__func_80181B18: NO-MATCH start=43 best=1 compiles=571 (459.8s, 4 copies, 3 needed, R8 base-shared tmp0 @5950 + R7 do-while @5931 + R7 do-while @5975)
    depth 1: 23 kept of the scored, best 8 (R7 do-while @7851) · 65 compiles
    depth 1: 25 kept of the scored, best 25 (R5 swap + @4213) · 65 compiles
    depth 3: 102 kept of the scored, best 1 (R6 inline rv @3789 + R12 width rv s32->u16 @3766 + R8 temp tmp0 @3787) · 562 compiles
  ov_SC06_014__func_8017E8D8: NO-MATCH start=1 best=1 compiles=562 (341.6s, 1 copies, 2 needed)
    depth 1: 10 kept of the scored, best 8 (R7 block @5793) · 65 compiles
    depth 2: 114 kept of the scored, best 24 (R7 do-while @5494 + R12 width iVar3 int->s16 @5455) · 319 compiles
    depth 2: 150 kept of the scored, best 8 (R8 base-shared tmp0 @4439 + R12 width v0 s32->u8 @4400) · 312 compiles
    depth 2: 141 kept of the scored, best 1 (R12 width scale s32->u16 @4931 + R8 hoist tmp0 @4944) · 316 compiles
    depth 2: 119 kept of the scored, best 5 (R12 width sxy s32->s16 @2608 + R6 inline sxy @2618) · 311 compiles
    depth 2: 78 kept of the scored, best 14 (R9 swap-stmts @5838 + R6 inline p @5839) · 312 compiles
    depth 1: 35 kept of the scored, best 30 (R8 base-shared tmp0 @7450) · 65 compiles
    depth 3: 126 kept of the scored, best 2 (R7 do-while @915 + R12 width a2v s32->u16 @872 + R16 const-holder result=1 x1) · 548 compiles
  ov_SC07_006__func_80136334: NO-MATCH start=24 best=2 compiles=548 (301.9s, 4 copies, 4 needed, R7 do-while @915 + R12 width a2v s32->u16 @872)
    depth 3: 133 kept of the scored, best 24 (R12 width b s32->s16 @3511 + R2 decl-order 0,1,3,2 + R4 decl-move count 10->0) · 538 compiles
  ov_SC03_001__func_801898E4: NO-MATCH start=63 best=24 compiles=538 (250.6s, 4 copies, 5 needed, R12 width b s32->s16 @3511)
    depth 3: 112 kept of the scored, best 7 (R6 inline p @4790 + R8 temp tmp0 @4789 + R12 width h s32->u16 @4778) · 562 compiles
  ov_SC03_091__func_8018632C: NO-MATCH start=8 best=7 compiles=562 (379.6s, 1 copies, 2 needed, R6 inline p @4790 + R8 temp tmp0 @4789 + R12 width h s32->u16 @4778)
    depth 2: 63 kept of the scored, best 13 (R7 do-while @3025 + R9 swap-stmts @3035) · 313 compiles
    depth 2: 124 kept of the scored, best 23 (R7 do-while @2126 + R12 width a1v int->u8 @2122) · 307 compiles
    depth 1: 37 kept of the scored, best 54 (R7 do-while @746) · 65 compiles
    depth 1: 13 kept of the scored, best 13 (R7 block @3259) · 65 compiles
    depth 2: 149 kept of the scored, best 7 (R9 swap-stmts @9882 + R7 block @9876) · 313 compiles
    depth 1: 28 kept of the scored, best 12 (R12 width t s32->u16 @4718) · 65 compiles
    depth 2: 144 kept of the scored, best 4 (R6 inline v0 @7899 + R7 do-while @7892) · 315 compiles
    depth 2: 101 kept of the scored, best 22 (R5 swap + @4213 + R7 do-while @4206) · 316 compiles
    depth 3: 135 kept of the scored, best 7 (R8 base-shared tmp0 @4439 + R12 width v0 s32->u8 @4400 + R6 inline v0 @4450) · 559 compiles
  ov_SC02_016__func_8018099C: NO-MATCH start=14 best=7 compiles=559 (307.4s, 1 copies, 1 needed, R8 base-shared tmp0 @4439 + R12 width v0 s32->u8 @4400 + R6 inline v0 @4450)
    depth 2: 84 kept of the scored, best 8 (R8 temp tmp0 @7851 + R12 width tmp0 s16->u8 @7810) · 312 compiles
    depth 2: 43 kept of the scored, best 13 (R7 block @3259 + R7 block @3234) · 310 compiles
    depth 1: 53 kept of the scored, best 23 (R7 do-while @3956) · 65 compiles
    depth 2: 36 kept of the scored, best 8 (R7 block @5793 + R10 param-copy a0 @5758) · 317 compiles
    depth 2: 111 kept of the scored, best 48 (R7 do-while @746 + R7 do-while @753) · 313 compiles
    depth 3: 108 kept of the scored, best 5 (R12 width sxy s32->s16 @2608 + R6 inline sxy @2618 + R12 width sy s32->u8 @2606) · 555 compiles
  ov_SC07_006__func_8016B234: NO-MATCH start=13 best=5 compiles=555 (373.0s, 3 copies, 2 needed, R12 width sxy s32->s16 @2608 + R6 inline sxy @2618)
    depth 3: 131 kept of the scored, best 1 (R12 width scale s32->u16 @4931 + R8 hoist tmp0 @4944 + R8 hoist tmp1 @4948) · 563 compiles
  ov_SC05_018__func_80181294: NO-MATCH start=19 best=1 compiles=563 (403.6s, 1 copies, 1 needed, R12 width scale s32->u16 @4931)
    depth 3: 125 kept of the scored, best 23 (R7 do-while @2126 + R12 width a1v int->u8 @2122 + R2 decl-order 0,2,1) · 553 compiles
  ov_SC07_006__func_80135004: NO-MATCH start=26 best=23 compiles=553 (307.3s, 4 copies, 4 needed, R7 do-while @2126)
    depth 2: 125 kept of the scored, best 13 (R7 do-while @7472 + R6 inline ret @7471) · 319 compiles
    depth 3: 53 kept of the scored, best 13 (R7 do-while @3025 + R9 swap-stmts @3035 + R7 do-while @3035) · 559 compiles
  ov_SC07_010__func_8017B614: NO-MATCH start=13 best=13 compiles=559 (380.9s, 5 copies, 3 needed)
    depth 3: 94 kept of the scored, best 18 (R7 do-while @5504 + R12 width iVar3 int->u16 @5455 + R9 swap-stmts @5495) · 563 compiles
  ov_SC07_010__func_80166690: NO-MATCH start=41 best=18 compiles=563 (515.5s, 4 copies, 1 needed, R7 do-while @5504 + R12 width iVar3 int->u16 @5455 + R9 swap-stmts @5495)
