delever_search --run: 139 exemplars (7,077 bodies behind them), 16 worker(s), beam 3 × depth 3 × cap 64, budget 600 compiles per body, label s4
    depth 1: 10 kept of the scored, best 3 (R6 inline a @3508) · 16 compiles
    depth 1: 14 kept of the scored, best 3 (R6 inline r @3895) · 18 compiles
    depth 1: 16 kept of the scored, best 4 (R12 width a1v s32->u16 @1365) · 24 compiles
    depth 1: 23 kept of the scored, best 4 (R12 width v int->u16 @916) · 36 compiles
    depth 1: 23 kept of the scored, best 33 (R8 cse tmp0 @678) · 65 compiles
    depth 1: 24 kept of the scored, best 20 (R10 param-alias p1->arg1 @647) · 65 compiles
    depth 2: 21 kept of the scored, best 3 (R6 inline a @3508 + R7 block @3503) · 52 compiles
    depth 1: 24 kept of the scored, best 70 (R3 init-split pd) · 65 compiles
    depth 1: 29 kept of the scored, best 14 (R6 inline uVar2 @1731) · 65 compiles
    depth 1: 19 kept of the scored, best 13 (R7 do-while @2936) · 65 compiles
    depth 1: 28 kept of the scored, best 11 (R6 inline arg0 @556) · 65 compiles
    depth 1: 48 kept of the scored, best 11 (R15 sink @1171 (var_v0_3)) · 65 compiles
    depth 3: 14 kept of the scored, best 3 (R6 inline a @3508 + R7 block @3503 + R7 block @3502) · 75 compiles
  ov_SC04_011__func_8017A3D8: NO-MATCH start=3 best=3 compiles=75 (17.0s, 118 copies, 1 needed)
    depth 2: 34 kept of the scored, best 3 (R6 inline r @3895 + R12 width v int->u16 @3890) · 56 compiles
    depth 1: 35 kept of the scored, best 5 (R8 temp tmp0 @2120) · 65 compiles
    depth 1: 10 kept of the scored, best 3 (R6 inline a @3523) · 16 compiles
    depth 2: 33 kept of the scored, best 4 (R12 width a1v s32->u16 @1365 + R12 width param_2 s32->u8 @1367) · 81 compiles
    depth 1: 24 kept of the scored, best 30 (R6 inline uc @2980) · 65 compiles
    depth 2: 21 kept of the scored, best 3 (R6 inline a @3523 + R7 block @3518) · 52 compiles
    depth 3: 28 kept of the scored, best 3 (R6 inline r @3895 + R12 width v int->u16 @3890 + R12 width v u16->s32 @3890) · 84 compiles
  ov_SC04_011__func_80178970: NO-MATCH start=6 best=3 compiles=84 (27.2s, 127 copies, 1 needed, R6 inline r @3895)
    depth 1: 30 kept of the scored, best 16 (R18 bystander @3012->3018) · 65 compiles
    depth 3: 14 kept of the scored, best 3 (R6 inline a @3523 + R7 block @3518 + R7 block @3517) · 75 compiles
  ov_SC07_006__func_8017A3D8: NO-MATCH start=3 best=3 compiles=75 (14.9s, 16 copies, 1 needed)
    depth 3: 24 kept of the scored, best 4 (R12 width a1v s32->u16 @1365 + R12 width param_2 s32->u8 @1367 + R7 block @1369) · 126 compiles
  ov_SC04_011__func_80157D20: NO-MATCH start=9 best=4 compiles=126 (34.5s, 132 copies, 2 needed, R12 width a1v s32->u16 @1365)
    depth 2: 58 kept of the scored, best 4 (R12 width v int->u16 @916 + R12 width v u16->s32 @916) · 131 compiles
    depth 1: 22 kept of the scored, best 44 (R7 do-while @5233) · 65 compiles
    depth 1: 23 kept of the scored, best 8 (R7 block @1770) · 65 compiles
    depth 2: 66 kept of the scored, best 24 (R8 cse tmp0 @678 + R8 cse tmp1 @655) · 252 compiles
    depth 2: 68 kept of the scored, best 16 (R10 param-alias p1->arg1 @647 + R6 inline m @654) · 254 compiles
    depth 1: 48 kept of the scored, best 128 (R7 do-while @3672) · 65 compiles
    depth 2: 69 kept of the scored, best 70 (R3 init-split pd + R18 bystander @1001->998) · 252 compiles
    depth 1: 27 kept of the scored, best 39 (R5 swap | @1175) · 65 compiles
    depth 2: 60 kept of the scored, best 11 (R6 inline arg0 @556 + R7 do-while @555) · 241 compiles
    depth 2: 79 kept of the scored, best 14 (R6 inline uVar2 @1731 + R9 swap-stmts @1729) · 252 compiles
    depth 2: 49 kept of the scored, best 13 (R7 do-while @2936 + R9 swap-stmts @2946) · 252 compiles
    depth 3: 53 kept of the scored, best 4 (R12 width v int->u16 @916 + R12 width v u16->s32 @916 + R6 inline idx @923) · 221 compiles
  ov_SC04_011__func_80139BE0: NO-MATCH start=4 best=4 compiles=221 (80.0s, 129 copies, 1 needed)
    depth 2: 128 kept of the scored, best 2 (R15 sink @1171 (var_v0_3) + R12 width pos s32->u16 @1109) · 252 compiles
    depth 3: score 0 by R15 sink @1171 (var_v0_3) + R12 width pos s32->u16 @1109 + R14 param-width arg1 s32->s16 @1098
  ov_SC04_011__func_80136824: BANK-REFUSED start=21 best=0 compiles=288 (87.9s, 126 copies, 6 needed, R15 sink @1171 (var_v0_3) + R12 width pos s32->u16 @1109 + R14 param-width arg1 s32->s16 @1098)
    depth 1: 22 kept of the scored, best 8 (R7 block @3422) · 65 compiles
    depth 2: 83 kept of the scored, best 5 (R8 temp tmp0 @2120 + R8 hoist tmp1 @2127) · 249 compiles
    depth 1: 43 kept of the scored, best 2 (R18 bystander @835->838) · 65 compiles
    depth 3: 64 kept of the scored, best 24 (R8 cse tmp0 @678 + R8 cse tmp1 @655 + R12 width i s16->s32 @644) · 444 compiles
  ov_SC04_011__func_80135A4C: NO-MATCH start=40 best=24 compiles=444 (100.7s, 134 copies, 3 needed, R8 cse tmp0 @678 + R8 cse tmp1 @655)
    depth 3: 65 kept of the scored, best 16 (R10 param-alias p1->arg1 @647 + R7 block @665 + R6 inline m @654) · 444 compiles
  ov_SC04_011__func_80135888: NO-MATCH start=29 best=16 compiles=444 (101.5s, 134 copies, 5 needed, R10 param-alias p1->arg1 @647 + R6 inline m @654)
    depth 1: 37 kept of the scored, best 14 (R7 do-while @987) · 65 compiles
    depth 1: 15 kept of the scored, best 3 (R6 inline r @5221) · 19 compiles
    depth 3: 69 kept of the scored, best 70 (R3 init-split pd + R18 bystander @1001->998 + R7 block @1032) · 437 compiles
  ov_SC04_011__func_8013F350: NO-MATCH start=70 best=70 compiles=437 (111.5s, 130 copies, 3 needed)
    depth 2: 63 kept of the scored, best 18 (R9 swap-stmts @2922 + R12 width iVar3 int->u16 @2869) · 255 compiles
    depth 2: 37 kept of the scored, best 3 (R6 inline r @5221 + R12 width v int->u16 @5216) · 62 compiles
    depth 3: 48 kept of the scored, best 11 (R6 inline arg0 @556 + R7 do-while @555 + R18 bystander @558->556) · 431 compiles
  ov_SC04_011__func_8012956C: NO-MATCH start=11 best=11 compiles=431 (130.8s, 127 copies, 4 needed)
    depth 1: 41 kept of the scored, best 2 (R18 bystander @1105->1108) · 65 compiles
    depth 3: 70 kept of the scored, best 14 (R7 block @1717 + R6 inline uVar2 @1731 + R9 swap-stmts @1729) · 441 compiles
  ov_SC04_011__func_8013DD68: NO-MATCH start=17 best=14 compiles=441 (131.7s, 129 copies, 2 needed, R6 inline uVar2 @1731)
    depth 3: 46 kept of the scored, best 13 (R7 do-while @2936 + R9 swap-stmts @2946 + R7 do-while @2946) · 439 compiles
  ov_SC04_011__func_8017B614: NO-MATCH start=13 best=13 compiles=439 (132.2s, 126 copies, 3 needed)
    depth 2: 77 kept of the scored, best 39 (R5 swap | @1175 + R9 swap-stmts @1137) · 250 compiles
    depth 2: 139 kept of the scored, best 119 (R6 inline yt @3670 + R16 const-holder cc1=0x74808080 x2) · 253 compiles
    depth 2: 70 kept of the scored, best 16 (R7 do-while @3019 + R7 do-while @3012) · 244 compiles
    depth 3: 31 kept of the scored, best 3 (R6 inline r @5221 + R12 width v int->u16 @5216 + R12 width v u16->s32 @5216) · 93 compiles
  ov_MAIN_012__func_80178970: NO-MATCH start=6 best=3 compiles=93 (43.3s, 7 copies, 1 needed, R6 inline r @5221)
    depth 1: 30 kept of the scored, best 4 (R7 block @7475) · 65 compiles
    depth 1: 32 kept of the scored, best 84 (R12 width uVar3 u32->u8 @1472) · 65 compiles
    depth 1: 24 kept of the scored, best 3 (R6 inline p @222) · 65 compiles
    depth 1: 19 kept of the scored, best 7 (R7 block @2776) · 65 compiles
    depth 2: 94 kept of the scored, best 2 (R18 bystander @835->838 + R9 swap-stmts @830) · 242 compiles
    depth 3: 71 kept of the scored, best 5 (R8 temp tmp0 @2120 + R8 hoist tmp1 @2127 + R3 init-split iVar3) · 434 compiles
  ov_SC04_011__func_80143D28: NO-MATCH start=11 best=5 compiles=434 (155.9s, 131 copies, 1 needed, R8 temp tmp0 @2120)
    depth 2: 102 kept of the scored, best 6 (R7 do-while @987 + R12 width a2v s32->u16 @943) · 251 compiles
    depth 2: 65 kept of the scored, best 43 (R7 do-while @5233 + R6 inline gA @5257) · 253 compiles
    depth 2: 60 kept of the scored, best 8 (R7 block @1770 + R6 inline new_var2 @1773) · 248 compiles
    depth 1: 30 kept of the scored, best 39 (R8 cse tmp0 @4150) · 65 compiles
    depth 1: 13 kept of the scored, best 6 (R6 inline fp @1357) · 59 compiles
    depth 2: 94 kept of the scored, best 2 (R18 bystander @1105->1108 + R9 swap-stmts @1100) · 242 compiles
    depth 3: 76 kept of the scored, best 30 (R5 swap | @1175 + R9 swap-stmts @1136 + R18 bystander @1135->1138) · 432 compiles
  ov_SC03_011__func_80140958: NO-MATCH start=43 best=30 compiles=432 (176.3s, 9 copies, 4 needed, R5 swap | @1175 + R9 swap-stmts @1136 + R18 bystander @1135->1138)
    depth 2: 95 kept of the scored, best 74 (R12 width uVar3 u32->u8 @1472 + R7 do-while @1489) · 253 compiles
    depth 2: 50 kept of the scored, best 7 (R7 block @2776 + R10 param-copy param_1 @2773) · 253 compiles
    depth 2: 65 kept of the scored, best 3 (R6 inline p @222 + R7 block @218) · 253 compiles
    depth 3: 54 kept of the scored, best 14 (R9 swap-stmts @2922 + R12 width iVar3 int->u16 @2869 + R7 do-while @2918) · 445 compiles
  ov_SC04_011__func_8016CBC0: NO-MATCH start=55 best=14 compiles=445 (215.4s, 128 copies, 1 needed, R9 swap-stmts @2922 + R12 width iVar3 int->u16 @2869 + R7 do-while @2918)
    depth 3: 116 kept of the scored, best 114 (R6 inline yt @3670 + R9 swap-stmts @3673 + R12 width x s32->u8 @3635) · 439 compiles
  ov_SC04_011__func_80177B5C: NO-MATCH start=135 best=114 compiles=439 (190.3s, 132 copies, 15 needed, R6 inline yt @3670 + R9 swap-stmts @3673 + R12 width x s32->u8 @3635)
    depth 2: 57 kept of the scored, best 8 (R7 block @3422 + R6 inline new_var2 @3425) · 248 compiles
    depth 3: 84 kept of the scored, best 2 (R18 bystander @835->838 + R9 swap-stmts @830 + R7 block @830) · 415 compiles
  ov_SC04_011__func_801397B0: NO-MATCH start=12 best=2 compiles=415 (140.8s, 126 copies, 1 needed, R18 bystander @835->838)
    depth 2: 32 kept of the scored, best 6 (R6 inline fp @1357 + R7 block @1355) · 160 compiles
    depth 3: 110 kept of the scored, best 4 (R7 do-while @987 + R12 width a2v s32->u16 @943 + R12 width a1v s32->u16 @942) · 434 compiles
  ov_SC04_011__func_80136334: NO-MATCH start=24 best=4 compiles=434 (136.3s, 126 copies, 4 needed, R7 do-while @987 + R12 width a2v s32->u16 @943 + R12 width a1v s32->u16 @942)
    depth 1: 13 kept of the scored, best 6 (R6 inline fp @1246) · 59 compiles
    depth 1: 26 kept of the scored, best 76 (R7 do-while @3328) · 65 compiles
    depth 1: 38 kept of the scored, best 62 (R18 bystander @820->818) · 65 compiles
    depth 1: 31 kept of the scored, best 6 (R7 do-while @2746) · 65 compiles
    depth 3: 28 kept of the scored, best 6 (R6 inline fp @1357 + R7 block @1355 + R7 block @1354) · 223 compiles
  ov_SC04_011__func_80141874: NO-MATCH start=6 best=6 compiles=223 (90.7s, 125 copies, 1 needed)
    depth 3: 60 kept of the scored, best 16 (R7 do-while @3019 + R7 do-while @3012 + R2 decl-order 0,2,1) · 419 compiles
  ov_SC04_011__func_80135168: NO-MATCH start=25 best=16 compiles=419 (247.5s, 126 copies, 5 needed, R18 bystander @3012->3018)
    depth 1: 27 kept of the scored, best 11 (R6 inline arg0 @625) · 65 compiles
    depth 3: 90 kept of the scored, best 2 (R18 bystander @1105->1108 + R9 swap-stmts @1100 + R7 block @1100) · 419 compiles
  ov_SC07_006__func_801397B0: NO-MATCH start=12 best=2 compiles=419 (142.0s, 7 copies, 1 needed, R18 bystander @1105->1108)
    depth 2: 84 kept of the scored, best 39 (R8 cse tmp0 @4150 + R9 swap-stmts @4149) · 252 compiles
    depth 3: 98 kept of the scored, best 66 (R12 width uVar3 u32->u8 @1472 + R7 do-while @1489 + R7 do-while @1487) · 440 compiles
  ov_SC04_011__func_8013D9B0: NO-MATCH start=96 best=66 compiles=440 (137.0s, 125 copies, 25 needed, R12 width uVar3 u32->u8 @1472 + R7 do-while @1489 + R7 do-while @1487)
    depth 3: 48 kept of the scored, best 7 (R7 block @2776 + R10 param-copy param_1 @2773 + R7 block @2774) · 438 compiles
  ov_SC04_011__func_8017B238: NO-MATCH start=7 best=7 compiles=438 (138.0s, 126 copies, 2 needed)
    depth 1: 27 kept of the scored, best 39 (R5 swap | @1141) · 65 compiles
    depth 2: 32 kept of the scored, best 6 (R6 inline fp @1246 + R7 block @1243) · 174 compiles
    depth 3: 65 kept of the scored, best 3 (R6 inline p @222 + R7 block @218 + R7 block @217) · 440 compiles
  ov_SC04_011__func_801287B8: NO-MATCH start=3 best=3 compiles=440 (142.8s, 127 copies, 1 needed)
    depth 1: 30 kept of the scored, best 16 (R18 bystander @2243->2249) · 65 compiles
    depth 2: 79 kept of the scored, best 4 (R7 block @7475 + R18 bystander @7476->7479) · 242 compiles
    depth 1: 40 kept of the scored, best 22 (R9 swap-stmts @1433) · 65 compiles
    depth 1: 31 kept of the scored, best 23 (R7 do-while @2950) · 65 compiles
    depth 1: 32 kept of the scored, best 14 (R6 inline uVar2 @1700) · 65 compiles
    depth 1: 19 kept of the scored, best 13 (R7 do-while @3579) · 65 compiles
    depth 3: 66 kept of the scored, best 43 (R7 do-while @5233 + R6 inline gA @5257 + R12 width cxv s32->s16 @5193) · 441 compiles
  ov_SC04_011__func_801670E4: NO-MATCH start=45 best=43 compiles=441 (306.8s, 133 copies, 7 needed, R7 do-while @5233 + R6 inline gA @5257)
    depth 2: 93 kept of the scored, best 55 (R18 bystander @818->821 + R7 do-while @817) · 247 compiles
    depth 3: 58 kept of the scored, best 8 (R7 block @1770 + R6 inline new_var2 @1773 + R8 hoist tmp0 @1779) · 428 compiles
  ov_SC04_011__func_8014D820: NO-MATCH start=8 best=8 compiles=428 (317.8s, 128 copies, 2 needed)
    depth 3: 28 kept of the scored, best 6 (R6 inline fp @1246 + R7 block @1243 + R7 block @1242) · 255 compiles
  ov_SC07_006__func_80141874: NO-MATCH start=6 best=6 compiles=255 (107.2s, 7 copies, 1 needed)
    depth 2: 58 kept of the scored, best 65 (R12 width amp s32->s16 @3318 + R7 do-while @3328) · 251 compiles
    depth 1: 8 kept of the scored, best 6 (R12 width tmp s32->u16 @767) · 20 compiles
    depth 1: 19 kept of the scored, best 13 (R7 do-while @3025) · 65 compiles
    depth 1: 22 kept of the scored, best 4 (R7 block @5132) · 53 compiles
    depth 2: 77 kept of the scored, best 6 (R7 do-while @2746 + R7 block @2741) · 257 compiles
    depth 2: 97 kept of the scored, best 20 (R9 swap-stmts @1433 + R9 swap-stmts @1427) · 240 compiles
    depth 3: 55 kept of the scored, best 8 (R7 block @3422 + R6 inline new_var2 @3425 + R8 hoist tmp0 @3431) · 428 compiles
  ov_SC07_006__func_8014D820: NO-MATCH start=8 best=8 compiles=428 (321.5s, 1 copies, 2 needed)
    depth 2: 78 kept of the scored, best 34 (R9 swap-stmts @1102 + R7 do-while @1101) · 250 compiles
    depth 2: 48 kept of the scored, best 13 (R7 do-while @3579 + R9 swap-stmts @3589) · 252 compiles
    depth 2: 58 kept of the scored, best 11 (R6 inline arg0 @625 + R7 do-while @624) · 241 compiles
    depth 2: 86 kept of the scored, best 7 (R6 inline uVar2 @1700 + R9 swap-stmts @1700) · 252 compiles
    depth 2: 12 kept of the scored, best 6 (R12 width tmp s32->u16 @767 + R6 inline ang @770) · 63 compiles
    depth 2: 69 kept of the scored, best 16 (R7 do-while @2250 + R7 do-while @2243) · 245 compiles
    depth 3: 80 kept of the scored, best 39 (R8 cse tmp0 @4150 + R9 swap-stmts @4149 + R6 inline sv @4162) · 439 compiles
  ov_MAIN_012__func_80175AB8: NO-MATCH start=41 best=39 compiles=439 (218.9s, 4 copies, 5 needed, R8 cse tmp0 @4150)
    depth 3: 85 kept of the scored, best 53 (R18 bystander @818->821 + R7 do-while @817 + R18 bystander @823->818) · 426 compiles
  ov_SC04_011__func_80135EB0: NO-MATCH start=64 best=53 compiles=426 (140.0s, 129 copies, 6 needed, R18 bystander @818->821 + R7 do-while @817 + R18 bystander @823->818)
    depth 1: 24 kept of the scored, best 11 (R7 block @1064) · 39 compiles
    depth 3: 16 kept of the scored, best 4 (R12 width tmp s32->u16 @767 + R10 param-copy arg0 @770 + R14 param-width arg0 s32->u16 @763) · 110 compiles
  ov_SC04_011__func_80148E54: NO-MATCH start=6 best=4 compiles=110 (70.7s, 132 copies, 2 needed, R12 width tmp s32->u16 @767 + R10 param-copy arg0 @770 + R14 param-width arg0 s32->u16 @763)
    depth 1: 22 kept of the scored, best 30 (R6 inline uc @3606) · 65 compiles
    depth 1: 28 kept of the scored, best 2 (R7 do-while @2857) · 65 compiles
    depth 3: 53 kept of the scored, best 63 (R12 width amp s32->s16 @3318 + R7 do-while @3328 + R9 swap-stmts @3342) · 437 compiles
  ov_SC04_011__func_80176734: NO-MATCH start=90 best=63 compiles=437 (180.5s, 129 copies, 11 needed, R12 width amp s32->s16 @3318 + R7 do-while @3328 + R9 swap-stmts @3342)
    depth 3: 42 kept of the scored, best 13 (R7 do-while @3579 + R9 swap-stmts @3589 + R7 do-while @3589) · 437 compiles
  ov_SC07_006__func_8017B614: NO-MATCH start=13 best=13 compiles=437 (124.4s, 2 copies, 3 needed)
    depth 3: 74 kept of the scored, best 19 (R9 swap-stmts @1433 + R9 swap-stmts @1427 + R18 bystander @1441->1439) · 408 compiles
  ov_SC04_011__func_8013D8FC: NO-MATCH start=25 best=19 compiles=408 (129.3s, 131 copies, 1 needed, R9 swap-stmts @1433 + R9 swap-stmts @1427 + R18 bystander @1441->1439)
    depth 2: 94 kept of the scored, best 23 (R7 do-while @2950 + R18 bystander @2952->2954) · 248 compiles
    depth 1: 18 kept of the scored, best 72 (R7 block @1161) · 37 compiles
    depth 3: 76 kept of the scored, best 7 (R7 block @1696 + R6 inline uVar2 @1700 + R9 swap-stmts @1700) · 440 compiles
  ov_MAIN_012__func_8013DD68: NO-MATCH start=17 best=7 compiles=440 (145.6s, 1 copies, 2 needed, R6 inline uVar2 @1700 + R9 swap-stmts @1700)
    depth 1: 24 kept of the scored, best 6 (R12 width a s32->u16 @720) · 44 compiles
    depth 3: 88 kept of the scored, best 4 (R7 block @7475 + R18 bystander @7476->7479 + R2 decl-order 1,0) · 417 compiles
  ov_MAIN_012__func_80166F58: NO-MATCH start=4 best=4 compiles=417 (334.0s, 6 copies, 5 needed)
    depth 1: 19 kept of the scored, best 7 (R7 block @3410) · 65 compiles
    depth 3: 60 kept of the scored, best 30 (R9 swap-stmts @1102 + R7 do-while @1101 + R5 swap | @1141) · 434 compiles
  ov_SC04_011__func_80140958: NO-MATCH start=43 best=30 compiles=434 (189.8s, 119 copies, 4 needed, R9 swap-stmts @1102 + R7 do-while @1101 + R5 swap | @1141)
    depth 1: 30 kept of the scored, best 39 (R8 cse tmp0 @2833) · 65 compiles
    depth 3: 60 kept of the scored, best 16 (R7 do-while @2250 + R7 do-while @2243 + R8 hoist tmp0 @2245) · 420 compiles
  ov_MAIN_012__func_80135168: NO-MATCH start=25 best=16 compiles=420 (188.4s, 3 copies, 5 needed, R18 bystander @2243->2249)
    depth 1: 31 kept of the scored, best 85 (R12 width uVar1 u32->u8 @1434) · 65 compiles
    depth 3: 77 kept of the scored, best 6 (R7 do-while @2746 + R7 block @2741 + R3 init-split param_1) · 446 compiles
  ov_SC04_011__func_8016C49C: NO-MATCH start=34 best=6 compiles=446 (231.1s, 126 copies, 1 needed, R7 do-while @2746)
    depth 2: 48 kept of the scored, best 13 (R7 do-while @3025 + R9 swap-stmts @3035) · 252 compiles
    depth 2: 33 kept of the scored, best 72 (R7 block @1161 + R4 decl-move p 9->0) · 122 compiles
    depth 2: 57 kept of the scored, best 4 (R7 block @5132 + R18 bystander @5133->5136) · 191 compiles
    depth 2: 64 kept of the scored, best 11 (R7 block @1064 + R7 block @1060) · 142 compiles
    depth 3: 46 kept of the scored, best 11 (R6 inline arg0 @625 + R7 do-while @624 + R18 bystander @627->625) · 431 compiles
  ov_SC07_006__func_8012956C: NO-MATCH start=11 best=11 compiles=431 (245.9s, 7 copies, 4 needed)
    depth 1: 36 kept of the scored, best 23 (R7 do-while @2180) · 65 compiles
    depth 3: 30 kept of the scored, best 72 (R7 block @1161 + R4 decl-move p 9->0 + R7 block @1163) · 198 compiles
  ov_SC04_011__func_8013D178: NO-MATCH start=72 best=72 compiles=198 (76.0s, 130 copies, 1 needed)
    depth 1: 29 kept of the scored, best 7 (R12 width sxy s32->s16 @2042) · 65 compiles
    depth 1: 26 kept of the scored, best 34 (R7 do-while @5494) · 65 compiles
    depth 1: 30 kept of the scored, best 34 (R7 do-while @7268) · 65 compiles
    depth 2: 50 kept of the scored, best 7 (R7 block @3410 + R10 param-copy param_1 @3407) · 253 compiles
    depth 1: 32 kept of the scored, best 35 (R8 temp tmp0 @1068) · 65 compiles
    depth 2: 60 kept of the scored, best 14 (R12 width iVar3 int->u16 @3495 + R7 do-while @3544) · 255 compiles
    depth 2: 79 kept of the scored, best 1 (R14 param-width param_1_arg s32->u16 @2844 + R15 sink @2920 (sVar1)) · 251 compiles
    depth 1: 24 kept of the scored, best 3 (R6 inline p @251) · 65 compiles
    depth 2: 99 kept of the scored, best 75 (R7 do-while @1452 + R12 width uVar3 u32->u8 @1437) · 255 compiles
    depth 2: 60 kept of the scored, best 6 (R12 width a s32->u16 @720 + R6 inline ang @729) · 154 compiles
    depth 2: 84 kept of the scored, best 39 (R8 cse tmp0 @2833 + R9 swap-stmts @2832) · 252 compiles
    depth 3: 93 kept of the scored, best 23 (R7 do-while @2950 + R12 width a u16->s32 @2944 + R12 width a1v int->u8 @2947) · 435 compiles
  ov_SC04_011__func_80135004: NO-MATCH start=26 best=23 compiles=435 (271.5s, 127 copies, 4 needed, R7 do-while @2950)
    depth 3: 53 kept of the scored, best 4 (R7 block @5132 + R18 bystander @5133->5136 + R2 decl-order 1,0) · 310 compiles
  ov_SC04_011__func_80166F58: NO-MATCH start=4 best=4 compiles=310 (215.5s, 125 copies, 5 needed)
    depth 3: 58 kept of the scored, best 11 (R7 block @1064 + R7 block @1060 + R7 block @1068) · 236 compiles
  ov_SC07_006__func_80145934: NO-MATCH start=11 best=11 compiles=236 (170.1s, 14 copies, 1 needed)
    depth 3: 48 kept of the scored, best 7 (R7 block @3410 + R10 param-copy param_1 @3407 + R7 block @3408) · 438 compiles
  ov_SC07_006__func_8017B238: NO-MATCH start=7 best=7 compiles=438 (128.4s, 5 copies, 2 needed)
    depth 3: 42 kept of the scored, best 13 (R7 do-while @3025 + R9 swap-stmts @3035 + R7 do-while @3035) · 437 compiles
  ov_SC07_010__func_8017B614: NO-MATCH start=13 best=13 compiles=437 (223.8s, 5 copies, 3 needed)
    depth 2: 98 kept of the scored, best 23 (R7 do-while @2180 + R12 width a1v int->u8 @2176) · 248 compiles
    depth 2: 91 kept of the scored, best 34 (R8 temp tmp0 @1068 + R7 do-while @1063) · 252 compiles
    depth 1: 46 kept of the scored, best 11 (R15 sink @1107 (var_v0_3)) · 65 compiles
    depth 1: 37 kept of the scored, best 16 (R18 bystander @2186->2192) · 65 compiles
    depth 3: 97 kept of the scored, best 66 (R7 do-while @1452 + R12 width uVar3 u32->u8 @1437 + R7 do-while @1454) · 444 compiles
  ov_MAIN_012__func_8013D9B0: NO-MATCH start=96 best=66 compiles=444 (153.7s, 7 copies, 25 needed, R7 do-while @1452 + R12 width uVar3 u32->u8 @1437 + R7 do-while @1454)
    depth 1: 35 kept of the scored, best 26 (R9 swap-stmts @2808) · 65 compiles
    depth 2: 84 kept of the scored, best 5 (R12 width sxy s32->s16 @2042 + R6 inline sxy @2052) · 250 compiles
    depth 1: 19 kept of the scored, best 7 (R7 block @2856) · 65 compiles
    depth 1: 10 kept of the scored, best 72 (R7 block @1124) · 29 compiles
    depth 1: 30 kept of the scored, best 34 (R7 do-while @4930) · 65 compiles
    depth 3: 59 kept of the scored, best 6 (R12 width a s32->u16 @720 + R6 inline ang @729 + R4 decl-move a 5->0) · 258 compiles
  ov_SC04_011__func_80148D44: NO-MATCH start=6 best=6 compiles=258 (203.6s, 132 copies, 2 needed)
    depth 3: 50 kept of the scored, best 12 (R12 width iVar3 int->u16 @3495 + R7 do-while @3544 + R12 width w3 int->s16 @3496) · 445 compiles
  ov_SC07_006__func_8016CBC0: NO-MATCH start=55 best=12 compiles=445 (229.2s, 4 copies, 1 needed, R12 width iVar3 int->u16 @3495 + R7 do-while @3544 + R12 width w3 int->s16 @3496)
    depth 3: 84 kept of the scored, best 1 (R14 param-width param_1_arg s32->u16 @2844 + R15 sink @2920 (sVar1) + R3 init-split param_1) · 440 compiles
  ov_SC01_077__func_8016C49C: NO-MATCH start=34 best=1 compiles=440 (233.1s, 4 copies, 1 needed, R14 param-width param_1_arg s32->u16 @2844 + R15 sink @2920 (sVar1))
    depth 3: 80 kept of the scored, best 39 (R8 cse tmp0 @2833 + R9 swap-stmts @2832 + R6 inline sv @2845) · 439 compiles
  ov_SC04_011__func_80175AB8: NO-MATCH start=41 best=39 compiles=439 (200.6s, 125 copies, 5 needed, R8 cse tmp0 @2833)
    depth 2: 24 kept of the scored, best 72 (R7 block @1124 + R4 decl-move p 1->0) · 102 compiles
    depth 2: 70 kept of the scored, best 3 (R6 inline p @251 + R7 block @246) · 253 compiles
    depth 3: 92 kept of the scored, best 34 (R8 temp tmp0 @1068 + R7 do-while @1063 + R7 do-while @1071) · 437 compiles
  ov_SC04_011__func_8013CF68: NO-MATCH start=38 best=34 compiles=437 (137.1s, 134 copies, 1 needed, R8 temp tmp0 @1068 + R7 do-while @1063)
    depth 2: 74 kept of the scored, best 24 (R7 do-while @5494 + R12 width iVar3 int->s16 @5455) · 255 compiles
    depth 3: 21 kept of the scored, best 72 (R7 block @1124 + R4 decl-move p 1->0 + R7 block @1126) · 166 compiles
  ov_MAIN_012__func_8013D178: NO-MATCH start=72 best=72 compiles=166 (44.2s, 3 copies, 1 needed)
    depth 2: 126 kept of the scored, best 2 (R15 sink @1107 (var_v0_3) + R12 width pos s32->u16 @1045) · 252 compiles
    depth 3: 87 kept of the scored, best 23 (R7 do-while @2180 + R12 width a1v int->u8 @2176 + R12 width a2v int->u8 @2176) · 435 compiles
  ov_MAIN_012__func_80135004: NO-MATCH start=26 best=23 compiles=435 (173.3s, 1 copies, 4 needed, R7 do-while @2180)
    depth 1: 28 kept of the scored, best 2 (R7 do-while @3337) · 65 compiles
    depth 1: 36 kept of the scored, best 20 (R9 swap-stmts @663) · 48 compiles
    depth 1: 28 kept of the scored, best 7 (R12 width sxy s32->s16 @2217) · 65 compiles
    depth 1: 23 kept of the scored, best 80 (R7 do-while @4374) · 65 compiles
    depth 3: score 0 by R15 sink @1107 (var_v0_3) + R12 width pos s32->u16 @1045 + R14 param-width arg1 s32->s16 @1028
  ov_SC07_006__func_80136824: BANK-REFUSED start=21 best=0 compiles=288 (105.1s, 4 copies, 6 needed, R15 sink @1107 (var_v0_3) + R12 width pos s32->u16 @1045 + R14 param-width arg1 s32->s16 @1028)
    depth 2: 86 kept of the scored, best 24 (R7 do-while @7268 + R12 width iVar3 int->s16 @7229) · 255 compiles
    depth 2: 82 kept of the scored, best 16 (R18 bystander @2186->2192 + R7 block @2187) · 252 compiles
    depth 1: 29 kept of the scored, best 18 (R7 do-while @1703) · 65 compiles
    depth 1: 22 kept of the scored, best 30 (R6 inline uc @3897) · 65 compiles
    depth 1: 25 kept of the scored, best 18 (R9 swap-stmts @1949) · 65 compiles
    depth 1: 39 kept of the scored, best 11 (R7 do-while @915) · 65 compiles
    depth 3: 76 kept of the scored, best 3 (R12 width sxy s32->s16 @2042 + R6 inline sxy @2052 + R8 hoist tmp0 @2053) · 435 compiles
  ov_SC04_011__func_8016B234: NO-MATCH start=13 best=3 compiles=435 (229.5s, 129 copies, 2 needed, R12 width sxy s32->s16 @2042 + R6 inline sxy @2052 + R8 hoist tmp0 @2053)
    depth 2: 50 kept of the scored, best 7 (R7 block @2856 + R10 param-copy param_1 @2853) · 253 compiles
    depth 2: 95 kept of the scored, best 25 (R9 swap-stmts @2808 + R9 swap-stmts @2793) · 251 compiles
    depth 3: 79 kept of the scored, best 16 (R18 bystander @2186->2192 + R7 block @2187 + R10 param-copy arg0 @2185) · 435 compiles
  ov_SC07_006__func_80135168: NO-MATCH start=25 best=16 compiles=435 (194.4s, 4 copies, 5 needed, R18 bystander @2186->2192)
    depth 1: 23 kept of the scored, best 8 (R7 block @3279) · 65 compiles
    depth 2: 102 kept of the scored, best 2 (R7 do-while @915 + R12 width a2v s32->u16 @872) · 250 compiles
    depth 2: 79 kept of the scored, best 1 (R14 param-width param_1_arg s32->u16 @3324 + R15 sink @3400 (sVar1)) · 251 compiles
    depth 2: 90 kept of the scored, best 24 (R7 do-while @4930 + R12 width iVar3 int->s16 @4881) · 251 compiles
    depth 3: 69 kept of the scored, best 3 (R6 inline p @251 + R7 block @246 + R7 block @247) · 440 compiles
  ov_SC07_006__func_801287B8: NO-MATCH start=3 best=3 compiles=440 (254.6s, 4 copies, 1 needed)
    depth 2: 85 kept of the scored, best 5 (R12 width sxy s32->s16 @2217 + R6 inline sxy @2227) · 250 compiles
    depth 2: 55 kept of the scored, best 78 (R7 do-while @4374 + R9 swap-stmts @4389) · 251 compiles
    depth 2: 91 kept of the scored, best 18 (R9 swap-stmts @663 + R12 width tmp s32->u8 @642) · 178 compiles
    depth 2: 76 kept of the scored, best 16 (R7 do-while @1693 + R7 do-while @1703) · 253 compiles
    depth 1: 32 kept of the scored, best 14 (R6 inline uVar2 @1641) · 65 compiles
    depth 1: 32 kept of the scored, best 23 (R7 do-while @2126) · 65 compiles
    depth 2: 60 kept of the scored, best 14 (R12 width iVar3 int->u16 @3786 + R7 do-while @3835) · 255 compiles
    depth 3: 64 kept of the scored, best 18 (R9 swap-stmts @5495 + R7 do-while @5507 + R12 width iVar3 int->u16 @5455) · 441 compiles
  ov_SC07_010__func_80166690: NO-MATCH start=41 best=18 compiles=441 (310.1s, 4 copies, 1 needed, R9 swap-stmts @5495 + R7 do-while @5507 + R12 width iVar3 int->u16 @5455)
    depth 2: 72 kept of the scored, best 18 (R9 swap-stmts @1949 + R8 temp tmp0 @1950) · 255 compiles
    depth 3: 48 kept of the scored, best 7 (R7 block @2856 + R10 param-copy param_1 @2853 + R7 block @2854) · 438 compiles
  ov_SC07_010__func_8017B238: NO-MATCH start=7 best=7 compiles=438 (218.8s, 2 copies, 2 needed)
    depth 3: 91 kept of the scored, best 2 (R7 do-while @915 + R14 param-width arg2 s32->u16 @859 + R10 param-alias a2v->arg2 @882) · 432 compiles
  ov_SC07_006__func_80136334: NO-MATCH start=24 best=2 compiles=432 (135.7s, 4 copies, 4 needed, R7 do-while @915 + R12 width a2v s32->u16 @872)
    depth 3: 76 kept of the scored, best 18 (R9 swap-stmts @7269 + R7 do-while @7281 + R12 width iVar3 int->u16 @7229) · 441 compiles
  ov_MAIN_012__func_80166690: NO-MATCH start=41 best=18 compiles=441 (361.3s, 3 copies, 1 needed, R9 swap-stmts @7269 + R7 do-while @7281 + R12 width iVar3 int->u16 @7229)
    depth 1: 26 kept of the scored, best 39 (R5 swap | @1771) · 65 compiles
    depth 1: 37 kept of the scored, best 54 (R7 do-while @746) · 65 compiles
    depth 1: 21 kept of the scored, best 10 (R12 width uVar2 u32->u16 @4259) · 65 compiles
    depth 2: 86 kept of the scored, best 7 (R6 inline uVar2 @1641 + R9 swap-stmts @1641) · 252 compiles
    depth 3: 95 kept of the scored, best 25 (R9 swap-stmts @2808 + R7 block @2808 + R9 swap-stmts @2793) · 438 compiles
  ov_SC04_011__func_80134A74: NO-MATCH start=30 best=25 compiles=438 (292.3s, 134 copies, 5 needed, R9 swap-stmts @2808 + R9 swap-stmts @2793)
    depth 3: 76 kept of the scored, best 10 (R7 do-while @1693 + R6 inline h @1698 + R7 do-while @1705) · 443 compiles
  ov_MAIN_012__func_80133CD4: NO-MATCH start=28 best=10 compiles=443 (197.5s, 3 copies, 1 needed, R7 do-while @1693 + R6 inline h @1698 + R7 do-while @1705)
    depth 3: 84 kept of the scored, best 1 (R14 param-width param_1_arg s32->u16 @3324 + R15 sink @3400 (sVar1) + R3 init-split param_1) · 440 compiles
  ov_SC07_006__func_8016C49C: NO-MATCH start=34 best=1 compiles=440 (221.9s, 1 copies, 1 needed, R14 param-width param_1_arg s32->u16 @3324 + R15 sink @3400 (sVar1))
    depth 3: 43 kept of the scored, best 78 (R7 do-while @4374 + R9 swap-stmts @4389 + R12 width pv s32->u16 @4367) · 433 compiles
  ov_SC07_007__func_80176734: NO-MATCH start=90 best=78 compiles=433 (220.1s, 4 copies, 11 needed, R7 do-while @4374 + R9 swap-stmts @4389)
    depth 3: 80 kept of the scored, best 5 (R12 width sxy s32->s16 @2217 + R6 inline sxy @2227 + R12 width sy s32->u8 @2215) · 436 compiles
  ov_SC01_077__func_8016B234: NO-MATCH start=13 best=5 compiles=436 (222.5s, 1 copies, 2 needed, R12 width sxy s32->s16 @2217 + R6 inline sxy @2227)
    depth 2: 97 kept of the scored, best 23 (R7 do-while @2126 + R12 width a1v int->u8 @2122) · 248 compiles
    depth 3: 81 kept of the scored, best 18 (R9 swap-stmts @663 + R12 width tmp s32->u8 @642 + R12 width bVar1 u8->s32 @645) · 300 compiles
  ov_SC04_011__func_80148AFC: NO-MATCH start=23 best=18 compiles=300 (230.1s, 132 copies, 6 needed, R9 swap-stmts @663 + R12 width tmp s32->u8 @642)
    depth 1: 27 kept of the scored, best 13 (R6 inline iVar2 @6821) · 41 compiles
    depth 1: 27 kept of the scored, best 21 (R12 width s3 s16->s32 @1418) · 65 compiles
    depth 1: 46 kept of the scored, best 11 (R15 sink @1064 (var_v0_3)) · 65 compiles
    depth 3: 50 kept of the scored, best 12 (R12 width iVar3 int->u16 @3786 + R7 do-while @3835 + R12 width w3 int->s16 @3787) · 445 compiles
  ov_SC02_037__func_8016CBC0: NO-MATCH start=55 best=12 compiles=445 (228.5s, 2 copies, 1 needed, R12 width iVar3 int->u16 @3786 + R7 do-while @3835 + R12 width w3 int->s16 @3787)
    depth 1: 32 kept of the scored, best 7 (R12 width sxy s32->s16 @2608) · 65 compiles
    depth 1: 40 kept of the scored, best 19 (R3 init-split param_1) · 65 compiles
    depth 1: 30 kept of the scored, best 39 (R8 cse tmp0 @3894) · 65 compiles
    depth 1: 24 kept of the scored, best 11 (R7 block @82) · 39 compiles
    depth 3: 80 kept of the scored, best 18 (R7 do-while @4930 + R12 width iVar3 int->u16 @4881 + R9 swap-stmts @4921) · 438 compiles
  ov_SC04_011__func_80166690: NO-MATCH start=41 best=18 compiles=438 (329.4s, 126 copies, 1 needed, R7 do-while @4930 + R12 width iVar3 int->u16 @4881 + R9 swap-stmts @4921)
    depth 2: 60 kept of the scored, best 8 (R7 block @3279 + R6 inline new_var2 @3282) · 248 compiles
    depth 2: 83 kept of the scored, best 48 (R7 do-while @746 + R7 do-while @753) · 254 compiles
    depth 3: 76 kept of the scored, best 7 (R7 block @1637 + R6 inline uVar2 @1641 + R9 swap-stmts @1641) · 440 compiles
  ov_SC07_007__func_8013DD68: NO-MATCH start=17 best=7 compiles=440 (139.5s, 3 copies, 2 needed, R6 inline uVar2 @1641 + R9 swap-stmts @1641)
    depth 3: 74 kept of the scored, best 18 (R9 swap-stmts @1949 + R8 base tmp0 @1950 + R18 bystander @1952->1950) · 445 compiles
  ov_MAIN_012__func_80130D48: NO-MATCH start=18 best=18 compiles=445 (257.4s, 3 copies, 4 needed)
    depth 1: 28 kept of the scored, best 6 (R7 do-while @3654) · 65 compiles
    depth 1: 23 kept of the scored, best 4 (R12 width v int->u16 @948) · 36 compiles
    depth 2: 74 kept of the scored, best 34 (R9 swap-stmts @1732 + R7 do-while @1731) · 250 compiles
    depth 1: 26 kept of the scored, best 13 (R6 inline iVar2 @4549) · 40 compiles
    depth 3: 94 kept of the scored, best 23 (R7 do-while @2126 + R12 width a1v int->u8 @2122 + R2 decl-order 0,2,1) · 434 compiles
  ov_SC07_006__func_80135004: NO-MATCH start=26 best=23 compiles=434 (193.8s, 4 copies, 4 needed, R7 do-while @2126)
    depth 2: 126 kept of the scored, best 2 (R15 sink @1064 (var_v0_3) + R12 width pos s32->u16 @1002) · 252 compiles
    depth 2: 71 kept of the scored, best 8 (R6 inline iVar2 @6821 + R7 do-while @6825) · 145 compiles
    depth 1: 24 kept of the scored, best 3 (R6 inline p @246) · 65 compiles
    depth 2: 70 kept of the scored, best 21 (R12 width s3 s16->s32 @1418 + R14 param-width arg0 s32->s16 @1406) · 249 compiles
    depth 3: score 0 by R15 sink @1064 (var_v0_3) + R12 width pos s32->u16 @1002 + R14 param-width arg1 s32->s16 @985
  ov_MAIN_012__func_80136824: BANK-REFUSED start=21 best=0 compiles=288 (102.6s, 3 copies, 6 needed, R15 sink @1064 (var_v0_3) + R12 width pos s32->u16 @1002 + R14 param-width arg1 s32->s16 @985)
    depth 2: 66 kept of the scored, best 4 (R10 param-copy param_1 @949 + R14 param-width param_1 int->u16 @945) · 139 compiles
    depth 3: 80 kept of the scored, best 47 (R7 do-while @746 + R7 do-while @753 + R6 inline w @821) · 438 compiles
  ov_SC07_006__func_80135EB0: NO-MATCH start=64 best=47 compiles=438 (160.1s, 4 copies, 6 needed, R7 do-while @746 + R7 do-while @753 + R6 inline w @821)
    depth 2: 64 kept of the scored, best 11 (R7 block @82 + R7 block @84) · 143 compiles
    depth 1: 39 kept of the scored, best 11 (R7 do-while @872) · 65 compiles
    depth 2: 88 kept of the scored, best 5 (R12 width sxy s32->s16 @2608 + R6 inline sxy @2618) · 250 compiles
    depth 1: 35 kept of the scored, best 84 (R12 width uVar3 u32->u8 @1477) · 65 compiles
    depth 2: 58 kept of the scored, best 10 (R12 width uVar2 u32->u16 @4259 + R12 width uVar2 u16->s32 @4259) · 252 compiles
    depth 2: 84 kept of the scored, best 39 (R8 cse tmp0 @3894 + R9 swap-stmts @3893) · 252 compiles
    depth 1: 30 kept of the scored, best 4 (R7 block @5365) · 65 compiles
    depth 3: 71 kept of the scored, best 4 (R10 param-copy param_1 @949 + R14 param-width param_1 int->u16 @945 + R14 param-width param_1 u16->s32 @945) · 248 compiles
  ov_MAIN_012__func_80139BE0: NO-MATCH start=4 best=4 compiles=248 (95.0s, 2 copies, 1 needed)
    depth 2: 68 kept of the scored, best 8 (R6 inline iVar2 @4549 + R7 do-while @4553) · 141 compiles
    depth 2: 89 kept of the scored, best 13 (R3 init-split param_1 + R12 width harg int->u16 @2667) · 243 compiles
    depth 3: 61 kept of the scored, best 30 (R9 swap-stmts @1732 + R7 do-while @1731 + R5 swap | @1771) · 431 compiles
  ov_MAIN_012__func_80140958: NO-MATCH start=43 best=30 compiles=431 (200.5s, 3 copies, 4 needed, R9 swap-stmts @1732 + R7 do-while @1731 + R5 swap | @1771)
    depth 3: 49 kept of the scored, best 8 (R6 inline iVar2 @6829 + R16 const-holder iVar2=0 x1 + R7 do-while @6824) · 224 compiles
  ov_MAIN_012__func_801651B8: NO-MATCH start=29 best=8 compiles=224 (172.5s, 7 copies, 2 needed, R6 inline iVar2 @6821 + R7 do-while @6825)
    depth 2: 79 kept of the scored, best 1 (R14 param-width param_1_arg s32->u16 @3607 + R15 sink @3685 (sVar1)) · 253 compiles
    depth 3: 67 kept of the scored, best 21 (R12 width s3 s16->s32 @1418 + R14 param-width arg0 s32->s16 @1406 + R18 bystander @1425->1428) · 428 compiles
  ov_MAIN_012__func_80133784: NO-MATCH start=21 best=21 compiles=428 (168.2s, 7 copies, 7 needed)
    depth 1: 35 kept of the scored, best 5 (R8 temp tmp0 @3401) · 65 compiles
    depth 3: 58 kept of the scored, best 8 (R7 block @3279 + R6 inline new_var2 @3282 + R8 hoist tmp0 @3288) · 428 compiles
  ov_MAIN_012__func_8014D820: NO-MATCH start=8 best=8 compiles=428 (313.5s, 3 copies, 2 needed)
    depth 1: 23 kept of the scored, best 42 (R18 bystander @1074->1072) · 65 compiles
    depth 2: 102 kept of the scored, best 2 (R7 do-while @872 + R12 width a2v s32->u16 @829) · 250 compiles
    depth 1: 23 kept of the scored, best 4 (R12 width v int->u16 @1118) · 36 compiles
    depth 3: 58 kept of the scored, best 11 (R7 block @82 + R7 block @84 + R7 block @90) · 238 compiles
  ov_SC04_011__func_80145A2C: NO-MATCH start=11 best=11 compiles=238 (179.8s, 126 copies, 1 needed)
    depth 2: 99 kept of the scored, best 75 (R12 width uVar3 u32->u8 @1477 + R7 do-while @1492) · 252 compiles
    depth 1: 23 kept of the scored, best 4 (R12 width v int->u16 @947) · 36 compiles
    depth 3: 46 kept of the scored, best 8 (R6 inline iVar2 @4557 + R16 const-holder iVar2=0 x1 + R7 do-while @4552) · 217 compiles
  ov_SC04_011__func_801651B8: NO-MATCH start=29 best=8 compiles=217 (186.0s, 127 copies, 2 needed, R6 inline iVar2 @4549 + R7 do-while @4553)
    depth 2: 70 kept of the scored, best 3 (R6 inline p @246 + R7 block @241) · 253 compiles
    depth 1: 21 kept of the scored, best 10 (R12 width uVar2 u32->u16 @6029) · 65 compiles
    depth 1: 11 kept of the scored, best 4 (R7 do-while @3940) · 18 compiles
    depth 3: 77 kept of the scored, best 5 (R12 width sxy s32->s16 @2608 + R6 inline sxy @2618 + R12 width sy s32->u8 @2606) · 432 compiles
  ov_SC07_006__func_8016B234: NO-MATCH start=13 best=5 compiles=432 (235.3s, 3 copies, 2 needed, R12 width sxy s32->s16 @2608 + R6 inline sxy @2618)
    depth 1: 24 kept of the scored, best 11 (R7 block @32) · 39 compiles
    depth 2: 60 kept of the scored, best 4 (R6 inline t @1121 + R7 do-while @1124) · 132 compiles
    depth 3: 80 kept of the scored, best 39 (R8 cse tmp0 @3894 + R9 swap-stmts @3893 + R6 inline sv @3906) · 439 compiles
  ov_SC07_007__func_80175AB8: NO-MATCH start=41 best=39 compiles=439 (238.1s, 3 copies, 5 needed, R8 cse tmp0 @3894)
    depth 2: 60 kept of the scored, best 4 (R6 inline t @950 + R7 do-while @953) · 132 compiles
    depth 3: 91 kept of the scored, best 2 (R7 do-while @872 + R14 param-width arg2 s32->u16 @816 + R10 param-alias a2v->arg2 @839) · 432 compiles
  ov_MAIN_012__func_80136334: NO-MATCH start=24 best=2 compiles=432 (147.4s, 3 copies, 4 needed, R7 do-while @872 + R12 width a2v s32->u16 @829)
    depth 1: 35 kept of the scored, best 5 (R8 temp tmp0 @1485) · 65 compiles
    depth 2: 27 kept of the scored, best 3 (R3 init-split p + R18 bystander @3941->3939) · 62 compiles
    depth 1: 40 kept of the scored, best 22 (R9 swap-stmts @641) · 65 compiles
    depth 3: 95 kept of the scored, best 69 (R12 width uVar3 u32->u8 @1477 + R7 do-while @1492 + R6 inline r0 @1486) · 436 compiles
  ov_SC01_000__func_8013D9B0: NO-MATCH start=96 best=69 compiles=436 (152.6s, 1 copies, 25 needed, R12 width uVar3 u32->u8 @1477 + R7 do-while @1492 + R6 inline r0 @1486)
    depth 3: 79 kept of the scored, best 1 (R14 param-width param_1_arg s32->u16 @3607 + R15 sink @3685 (sVar1) + R3 init-split param_1) · 442 compiles
  ov_SC02_037__func_8016C49C: NO-MATCH start=34 best=1 compiles=442 (238.2s, 3 copies, 1 needed, R14 param-width param_1_arg s32->u16 @3607 + R15 sink @3685 (sVar1))
    depth 3: 55 kept of the scored, best 4 (R6 inline t @1121 + R7 do-while @1124 + R12 width v int->u16 @1118) · 225 compiles
  ov_SC01_077__func_80139BE0: NO-MATCH start=4 best=4 compiles=225 (101.3s, 1 copies, 1 needed)
    depth 3: 55 kept of the scored, best 10 (R12 width uVar2 u32->u16 @4259 + R12 width uVar2 u16->s32 @4259 + R6 inline t @4278) · 434 compiles
  ov_SC07_010__func_80162438: NO-MATCH start=10 best=10 compiles=434 (339.4s, 4 copies, 3 needed)
    depth 1: 14 kept of the scored, best 4 (R12 width param_2 s32->u16 @1453) · 22 compiles
    depth 2: 77 kept of the scored, best 4 (R7 block @5365 + R18 bystander @5366->5369) · 240 compiles
    depth 3: 55 kept of the scored, best 4 (R6 inline t @950 + R7 do-while @953 + R12 width v int->u16 @947) · 225 compiles
  ov_SC02_037__func_80139BE0: NO-MATCH start=4 best=4 compiles=225 (99.2s, 1 copies, 1 needed)
    depth 2: 65 kept of the scored, best 36 (R18 bystander @1074->1072 + R9 swap-stmts @966) · 252 compiles
    depth 3: 89 kept of the scored, best 7 (R2 decl-order 1,0 + R12 width uVar6 u32->u16 @2665 + R12 width harg int->u16 @2668) · 431 compiles
  ov_SC04_011__func_801345F8: NO-MATCH start=39 best=7 compiles=431 (279.1s, 134 copies, 3 needed, R2 decl-order 1,0 + R12 width uVar6 u32->u16 @2665 + R12 width harg int->u16 @2668)
    depth 2: 81 kept of the scored, best 5 (R8 temp tmp0 @3401 + R8 hoist tmp1 @3408) · 248 compiles
    depth 1: 39 kept of the scored, best 22 (R9 swap-stmts @1431) · 65 compiles
    depth 3: 25 kept of the scored, best 3 (R3 init-split p + R18 bystander @3941->3939 + R7 block @3939) · 104 compiles
  ov_SC04_011__func_801627E8: NO-MATCH start=7 best=3 compiles=104 (81.4s, 132 copies, 2 needed, R3 init-split p + R18 bystander @3941->3939)
    depth 2: 27 kept of the scored, best 4 (R12 width param_2 s32->u16 @1453 + R12 width a1v s32->u8 @1451) · 72 compiles
    depth 1: 19 kept of the scored, best 13 (R7 do-while @3076) · 65 compiles
    depth 1: 19 kept of the scored, best 8 (R7 block @2087) · 65 compiles
    depth 3: 20 kept of the scored, best 4 (R12 width param_2 s32->u16 @1453 + R12 width a1v s32->u8 @1451 + R7 block @1455) · 114 compiles
  ov_SC01_077__func_80157D20: NO-MATCH start=9 best=4 compiles=114 (52.6s, 1 copies, 2 needed, R12 width param_2 s32->u16 @1453)
    depth 2: 64 kept of the scored, best 11 (R7 block @32 + R7 block @34) · 143 compiles
    depth 2: 97 kept of the scored, best 20 (R9 swap-stmts @641 + R9 swap-stmts @635) · 240 compiles
    depth 1: 30 kept of the scored, best 16 (R18 bystander @3390->3396) · 65 compiles
    depth 1: 29 kept of the scored, best 18 (R7 do-while @2481) · 65 compiles
    depth 1: 26 kept of the scored, best 17 (R8 temp tmp0 @2248) · 65 compiles
    depth 3: 69 kept of the scored, best 3 (R6 inline p @246 + R7 block @241 + R7 block @242) · 440 compiles
  ov_MAIN_012__func_801287B8: NO-MATCH start=3 best=3 compiles=440 (278.3s, 3 copies, 1 needed)
    depth 2: 83 kept of the scored, best 5 (R8 temp tmp0 @1485 + R8 hoist tmp1 @1492) · 249 compiles
    depth 1: 36 kept of the scored, best 23 (R7 do-while @2181) · 65 compiles
    depth 1: 21 kept of the scored, best 10 (R12 width uVar2 u32->u16 @3832) · 65 compiles
    depth 2: 95 kept of the scored, best 20 (R9 swap-stmts @1431 + R9 swap-stmts @1425) · 240 compiles
    depth 1: 36 kept of the scored, best 23 (R7 do-while @2182) · 65 compiles
    depth 3: 64 kept of the scored, best 36 (R18 bystander @1074->1072 + R7 block @980 + R9 swap-stmts @966) · 439 compiles
  ov_MAIN_012__func_8013F350: NO-MATCH start=70 best=36 compiles=439 (211.4s, 3 copies, 3 needed, R18 bystander @1074->1072 + R9 swap-stmts @966)
    depth 3: 74 kept of the scored, best 19 (R9 swap-stmts @641 + R9 swap-stmts @635 + R18 bystander @649->647) · 408 compiles
  ov_SC07_010__func_8013D8FC: NO-MATCH start=25 best=19 compiles=408 (122.8s, 1 copies, 1 needed, R9 swap-stmts @641 + R9 swap-stmts @635 + R18 bystander @649->647)
    depth 2: 58 kept of the scored, best 10 (R12 width uVar2 u32->u16 @6029 + R12 width uVar2 u16->s32 @6029) · 252 compiles
    depth 3: 68 kept of the scored, best 5 (R8 temp tmp0 @3401 + R8 hoist tmp1 @3408 + R6 inline tmp1 @3409) · 433 compiles
  ov_SC01_077__func_80143D28: NO-MATCH start=11 best=5 compiles=433 (255.4s, 1 copies, 1 needed, R8 temp tmp0 @3401)
    depth 3: 58 kept of the scored, best 11 (R7 block @32 + R7 block @34 + R7 block @48) · 238 compiles
  ov_SC04_011__func_80145934: NO-MATCH start=11 best=11 compiles=238 (212.3s, 126 copies, 1 needed)
    depth 2: 49 kept of the scored, best 13 (R7 do-while @3076 + R9 swap-stmts @3086) · 252 compiles
    depth 3: 72 kept of the scored, best 19 (R9 swap-stmts @1431 + R9 swap-stmts @1425 + R18 bystander @1439->1437) · 407 compiles
  ov_SC01_000__func_8013D8FC: NO-MATCH start=25 best=19 compiles=407 (140.7s, 1 copies, 1 needed, R9 swap-stmts @1431 + R9 swap-stmts @1425 + R18 bystander @1439->1437)
    depth 1: 29 kept of the scored, best 39 (R8 cse tmp0 @3995) · 65 compiles
    depth 3: 71 kept of the scored, best 5 (R8 temp tmp0 @1485 + R8 hoist tmp1 @1492 + R3 init-split iVar3) · 434 compiles
  ov_SC07_010__func_80143D28: NO-MATCH start=11 best=5 compiles=434 (175.6s, 1 copies, 1 needed, R8 temp tmp0 @1485)
    depth 3: 88 kept of the scored, best 4 (R7 block @5365 + R18 bystander @5366->5369 + R2 decl-order 1,0) · 415 compiles
  ov_SC01_077__func_80166F58: NO-MATCH start=4 best=4 compiles=415 (317.9s, 2 copies, 5 needed)
    depth 1: 30 kept of the scored, best 4 (R7 block @5135) · 65 compiles
    depth 1: 13 kept of the scored, best 6 (R6 inline fp @2687) · 59 compiles
    depth 2: 98 kept of the scored, best 23 (R7 do-while @2181 + R12 width a1v int->u8 @2177) · 248 compiles
    depth 1: 51 kept of the scored, best 128 (R7 do-while @4165) · 65 compiles
    depth 1: 20 kept of the scored, best 39 (R5 swap | @395) · 65 compiles
    depth 2: 98 kept of the scored, best 23 (R7 do-while @2182 + R12 width a1v int->u8 @2178) · 248 compiles
    depth 2: 70 kept of the scored, best 16 (R7 do-while @3397 + R7 do-while @3390) · 244 compiles
    depth 2: 76 kept of the scored, best 16 (R7 do-while @2471 + R7 do-while @2481) · 253 compiles
    depth 2: 48 kept of the scored, best 8 (R7 block @2087 + R5 swap + @2090) · 248 compiles
    depth 1: 25 kept of the scored, best 34 (R7 do-while @5174) · 65 compiles
    depth 2: 32 kept of the scored, best 6 (R6 inline fp @2687 + R7 block @2685) · 155 compiles
    depth 2: 76 kept of the scored, best 17 (R8 temp tmp0 @2248 + R6 inline tmp0 @2249) · 255 compiles
    depth 3: 46 kept of the scored, best 13 (R7 do-while @3076 + R9 swap-stmts @3086 + R7 do-while @3086) · 439 compiles
  ov_SC01_077__func_8017B614: NO-MATCH start=13 best=13 compiles=439 (205.9s, 1 copies, 3 needed)
    depth 2: 60 kept of the scored, best 10 (R12 width uVar2 u32->u16 @3832 + R12 width uVar2 u16->s32 @3832) · 252 compiles
    depth 3: 29 kept of the scored, best 6 (R6 inline fp @2687 + R7 block @2685 + R7 block @2686) · 211 compiles
  ov_SC01_077__func_80141874: NO-MATCH start=6 best=6 compiles=211 (109.2s, 1 copies, 1 needed)
    depth 3: 87 kept of the scored, best 23 (R7 do-while @2181 + R12 width a1v int->u8 @2177 + R12 width a2v int->u8 @2177) · 435 compiles
  ov_SC02_037__func_80135004: NO-MATCH start=26 best=23 compiles=435 (187.8s, 1 copies, 4 needed, R7 do-while @2181)
    depth 2: 81 kept of the scored, best 39 (R8 cse tmp0 @3995 + R9 swap-stmts @3994) · 252 compiles
    depth 2: 136 kept of the scored, best 119 (R6 inline yt @4163 + R16 const-holder cc1=0x74808080 x2) · 253 compiles
    depth 2: 57 kept of the scored, best 34 (R9 swap-stmts @356 + R18 bystander @355->358) · 250 compiles
    depth 3: 87 kept of the scored, best 23 (R7 do-while @2182 + R12 width a1v int->u8 @2178 + R12 width a2v int->u8 @2178) · 435 compiles
  ov_SC03_107__func_80135004: NO-MATCH start=26 best=23 compiles=435 (184.5s, 1 copies, 4 needed, R7 do-while @2182)
    depth 1: 19 kept of the scored, best 7 (R7 block @2922) · 65 compiles
    depth 1: 27 kept of the scored, best 39 (R5 swap | @2375) · 65 compiles
    depth 3: 55 kept of the scored, best 10 (R12 width uVar2 u32->u16 @6029 + R12 width uVar2 u16->s32 @6029 + R6 inline t @6048) · 434 compiles
  ov_MAIN_012__func_80162438: NO-MATCH start=10 best=10 compiles=434 (375.0s, 3 copies, 3 needed)
    depth 2: 77 kept of the scored, best 4 (R7 block @5135 + R18 bystander @5136->5139) · 240 compiles
    depth 3: 60 kept of the scored, best 16 (R7 do-while @3397 + R7 do-while @3390 + R2 decl-order 0,2,1) · 419 compiles
  ov_SC01_077__func_80135168: NO-MATCH start=25 best=16 compiles=419 (268.2s, 1 copies, 5 needed, R18 bystander @3390->3396)
    depth 3: 33 kept of the scored, best 30 (R9 swap-stmts @356 + R18 bystander @355->358 + R5 swap | @395) · 425 compiles
    depth 3: 76 kept of the scored, best 10 (R7 do-while @2471 + R6 inline h @2476 + R7 do-while @2483) · 443 compiles
  ov_SC07_010__func_80140958: NO-MATCH start=43 best=30 compiles=425 (144.1s, 1 copies, 4 needed, R9 swap-stmts @356 + R18 bystander @355->358 + R5 swap | @395)
  ov_SC04_011__func_80133CD4: NO-MATCH start=28 best=10 compiles=443 (280.7s, 131 copies, 1 needed, R7 do-while @2471 + R6 inline h @2476 + R7 do-while @2483)
    depth 3: 111 kept of the scored, best 119 (R6 inline yt @4163 + R16 const-holder cc1=0x74808080 x2 + R12 width mk1 u32->s16 @4140) · 439 compiles
  ov_SC01_077__func_80177B5C: NO-MATCH start=135 best=119 compiles=439 (184.3s, 1 copies, 15 needed, R6 inline yt @4163 + R16 const-holder cc1=0x74808080 x2)
    depth 3: 44 kept of the scored, best 8 (R7 block @2087 + R5 swap + @2090 + R18 bystander @1961->1957) · 427 compiles
  ov_SC01_077__func_8014D820: NO-MATCH start=8 best=8 compiles=427 (329.5s, 1 copies, 2 needed)
    depth 1: 21 kept of the scored, best 14 (R9 swap-stmts @5838) · 65 compiles
    depth 1: 49 kept of the scored, best 13 (R5 swap + @943) · 65 compiles
    depth 3: 79 kept of the scored, best 39 (R8 cse tmp0 @3995 + R9 swap-stmts @3994 + R6 inline sv @4007) · 440 compiles
  ov_SC07_006__func_80175AB8: NO-MATCH start=41 best=39 compiles=440 (225.6s, 1 copies, 5 needed, R8 cse tmp0 @3995)
    depth 1: 8 kept of the scored, best 6 (R12 width ang s32->u16 @884) · 20 compiles
    depth 2: 50 kept of the scored, best 7 (R7 block @2922 + R10 param-copy param_1 @2919) · 253 compiles
    depth 2: 72 kept of the scored, best 24 (R7 do-while @5174 + R12 width iVar3 int->s16 @5121) · 254 compiles
    depth 1: 31 kept of the scored, best 20 (R12 width harg int->u16 @2317) · 65 compiles
    depth 3: 72 kept of the scored, best 17 (R8 temp tmp0 @2248 + R6 inline tmp0 @2249 + R8 temp tmp0 @2248) · 444 compiles
  ov_SC07_010__func_8015D738: NO-MATCH start=17 best=17 compiles=444 (330.0s, 4 copies, 1 needed)
    depth 3: 57 kept of the scored, best 10 (R12 width uVar2 u32->u16 @3832 + R12 width uVar2 u16->s32 @3832 + R6 inline t @3851) · 434 compiles
  ov_SC04_011__func_80162438: NO-MATCH start=10 best=10 compiles=434 (301.2s, 127 copies, 3 needed)
    depth 2: 77 kept of the scored, best 39 (R5 swap | @2375 + R9 swap-stmts @2337) · 250 compiles
    depth 2: 12 kept of the scored, best 6 (R12 width ang s32->u16 @884 + R7 block @885) · 63 compiles
    depth 1: 21 kept of the scored, best 14 (R9 swap-stmts @3639) · 65 compiles
    depth 3: 18 kept of the scored, best 4 (R12 width ang s32->u16 @884 + R10 param-copy arg0 @885 + R14 param-width arg0 s32->u16 @881) · 114 compiles
  ov_SC01_077__func_80148E54: NO-MATCH start=6 best=4 compiles=114 (48.5s, 1 copies, 2 needed, R12 width ang s32->u16 @884 + R10 param-copy arg0 @885 + R14 param-width arg0 s32->u16 @881)
    depth 3: 48 kept of the scored, best 7 (R7 block @2922 + R10 param-copy param_1 @2919 + R7 block @2920) · 438 compiles
  ov_SC01_077__func_8017B238: NO-MATCH start=7 best=7 compiles=438 (160.1s, 1 copies, 2 needed)
    depth 3: 88 kept of the scored, best 4 (R7 block @5135 + R18 bystander @5136->5139 + R2 decl-order 1,0) · 415 compiles
  ov_SC01_000__func_80166F58: NO-MATCH start=4 best=4 compiles=415 (276.4s, 1 copies, 5 needed)
    depth 1: 19 kept of the scored, best 6 (R6 inline ang @847) · 39 compiles
    depth 2: 116 kept of the scored, best 11 (R5 swap + @943 + R9 swap-stmts @950) · 252 compiles
    depth 3: 72 kept of the scored, best 30 (R5 swap | @2375 + R18 bystander @2335->2338 + R9 swap-stmts @2335) · 429 compiles
  ov_SC01_077__func_80140958: NO-MATCH start=43 best=30 compiles=429 (147.8s, 1 copies, 4 needed, R5 swap | @2375 + R18 bystander @2335->2338 + R9 swap-stmts @2335)
    depth 2: 89 kept of the scored, best 20 (R12 width harg int->u16 @2317 + R8 hoist tmp0 @2325) · 249 compiles
    depth 2: 60 kept of the scored, best 14 (R9 swap-stmts @5838 + R6 inline p @5839) · 251 compiles
    depth 3: 63 kept of the scored, best 20 (R12 width iVar3 int->u16 @5121 + R7 do-while @5185 + R9 swap-stmts @5161) · 441 compiles
  ov_SC01_077__func_80166690: NO-MATCH start=41 best=20 compiles=441 (274.4s, 1 copies, 1 needed, R12 width iVar3 int->u16 @5121 + R7 do-while @5185 + R9 swap-stmts @5161)
    depth 1: 34 kept of the scored, best 14 (R6 inline uVar2 @946) · 65 compiles
    depth 1: 10 kept of the scored, best 4 (R7 do-while @4112) · 17 compiles
    depth 2: 49 kept of the scored, best 6 (R6 inline ang @847 + R7 block @845) · 136 compiles
    depth 2: 25 kept of the scored, best 3 (R3 init-split p + R18 bystander @4113->4111) · 59 compiles
    depth 2: 60 kept of the scored, best 14 (R9 swap-stmts @3639 + R6 inline p @3640) · 251 compiles
    depth 3: 23 kept of the scored, best 3 (R3 init-split p + R18 bystander @4113->4111 + R7 block @4111) · 99 compiles
  ov_SC01_077__func_801627E8: NO-MATCH start=7 best=3 compiles=99 (37.2s, 1 copies, 2 needed, R3 init-split p + R18 bystander @4113->4111)
    depth 3: 101 kept of the scored, best 10 (R5 swap + @943 + R9 swap-stmts @950 + R9 swap-stmts @949) · 432 compiles
  ov_SC01_077__func_8012E364: NO-MATCH start=25 best=10 compiles=432 (187.2s, 1 copies, 3 needed, R5 swap + @943 + R9 swap-stmts @950 + R9 swap-stmts @949)
    depth 2: 88 kept of the scored, best 14 (R7 block @931 + R6 inline uVar2 @946) · 252 compiles
    depth 3: 33 kept of the scored, best 6 (R6 inline ang @847 + R7 block @845 + R4 decl-move a 0->1) · 211 compiles
  ov_SC01_077__func_80148D44: NO-MATCH start=6 best=6 compiles=211 (103.7s, 1 copies, 2 needed)
    depth 3: 97 kept of the scored, best 20 (R12 width harg int->u16 @2317 + R8 hoist tmp0 @2325 + R6 inline tmp0 @2326) · 435 compiles
  ov_SC04_011__func_80133AB0: NO-MATCH start=24 best=20 compiles=435 (182.2s, 134 copies, 4 needed, R12 width harg int->u16 @2317)
    depth 1: 23 kept of the scored, best 3 (R7 block @2949) · 65 compiles
    depth 1: 36 kept of the scored, best 20 (R9 swap-stmts @779) · 48 compiles
    depth 1: 21 kept of the scored, best 21 (R18 bystander @2202->2205) · 65 compiles
    depth 3: 59 kept of the scored, best 14 (R9 swap-stmts @5838 + R6 inline p @5839 + R12 width a2 s32->u16 @5806) · 436 compiles
  ov_MAIN_012__func_80161E08: NO-MATCH start=15 best=14 compiles=436 (236.0s, 7 copies, 3 needed, R9 swap-stmts @5838)
    depth 3: 73 kept of the scored, best 14 (R7 block @931 + R6 inline uVar2 @946 + R18 bystander @916->919) · 440 compiles
  ov_SC01_077__func_8013DD68: NO-MATCH start=17 best=14 compiles=440 (119.7s, 1 copies, 2 needed, R6 inline uVar2 @946)
    depth 1: 35 kept of the scored, best 84 (R12 width uVar3 u32->u8 @688) · 65 compiles
    depth 3: 59 kept of the scored, best 14 (R9 swap-stmts @3639 + R6 inline p @3640 + R12 width a2 s32->u16 @3607) · 436 compiles
  ov_SC04_011__func_80161E08: NO-MATCH start=15 best=14 compiles=436 (183.5s, 127 copies, 3 needed, R9 swap-stmts @3639)
    depth 1: 24 kept of the scored, best 3 (R8 temp tmp0 @4930) · 65 compiles
    depth 2: 91 kept of the scored, best 18 (R9 swap-stmts @779 + R12 width tmp s32->u8 @758) · 178 compiles
    depth 1: 24 kept of the scored, best 3 (R8 temp tmp0 @2807) · 65 compiles
    depth 2: 61 kept of the scored, best 21 (R18 bystander @2202->2205 + R7 block @2230) · 253 compiles
    depth 2: 64 kept of the scored, best 3 (R7 block @2949 + R7 block @2950) · 252 compiles
    depth 2: 98 kept of the scored, best 74 (R12 width uVar3 u32->u8 @688 + R7 do-while @704) · 253 compiles
    depth 3: 82 kept of the scored, best 18 (R9 swap-stmts @779 + R12 width tmp s32->u8 @758 + R8 hoist tmp0 @779) · 302 compiles
  ov_SC01_077__func_80148AFC: NO-MATCH start=23 best=18 compiles=302 (125.7s, 1 copies, 6 needed, R9 swap-stmts @779 + R12 width tmp s32->u8 @758)
    depth 3: 53 kept of the scored, best 21 (R18 bystander @2202->2205 + R7 block @2230 + R10 param-copy arg0 @2201) · 435 compiles
  ov_SC04_011__func_80133784: NO-MATCH start=21 best=21 compiles=435 (137.5s, 127 copies, 7 needed)
    depth 2: 68 kept of the scored, best 3 (R8 temp tmp0 @4930 + R12 width tmp0 u16->s32 @4929) · 253 compiles
    depth 3: 96 kept of the scored, best 66 (R12 width uVar3 u32->u8 @688 + R7 do-while @703 + R7 do-while @705) · 440 compiles
  ov_SC01_077__func_8013D9B0: NO-MATCH start=96 best=66 compiles=440 (109.2s, 1 copies, 25 needed, R12 width uVar3 u32->u8 @688 + R7 do-while @703 + R7 do-while @705)
    depth 2: 69 kept of the scored, best 3 (R8 temp tmp0 @2807 + R12 width tmp0 u16->s32 @2806) · 253 compiles
    depth 3: 58 kept of the scored, best 3 (R7 block @2949 + R7 block @2950 + R7 block @2945) · 436 compiles
  ov_SC01_077__func_8015FBE0: NO-MATCH start=3 best=3 compiles=436 (167.1s, 1 copies, 1 needed)
    depth 1: 24 kept of the scored, best 18 (R9 swap-stmts @1161) · 65 compiles
    depth 1: 39 kept of the scored, best 22 (R9 swap-stmts @644) · 65 compiles
    depth 2: 95 kept of the scored, best 20 (R9 swap-stmts @644 + R9 swap-stmts @638) · 240 compiles
    depth 3: 69 kept of the scored, best 3 (R8 temp tmp0 @4930 + R12 width tmp0 u16->s32 @4929 + R8 temp tmp1 @4931) · 440 compiles
  ov_MAIN_012__func_8015FBE0: NO-MATCH start=3 best=3 compiles=440 (201.7s, 7 copies, 1 needed)
    depth 2: 71 kept of the scored, best 18 (R9 swap-stmts @1161 + R8 temp tmp0 @1162) · 254 compiles
    depth 3: 69 kept of the scored, best 3 (R8 temp tmp0 @2807 + R12 width tmp0 u16->s32 @2806 + R8 temp tmp1 @2808) · 440 compiles
  ov_SC04_011__func_8015FBE0: NO-MATCH start=3 best=3 compiles=440 (181.4s, 125 copies, 1 needed)
    depth 3: 72 kept of the scored, best 19 (R9 swap-stmts @644 + R9 swap-stmts @638 + R18 bystander @652->650) · 407 compiles
  ov_SC01_077__func_8013D8FC: NO-MATCH start=25 best=19 compiles=407 (113.6s, 1 copies, 1 needed, R9 swap-stmts @644 + R9 swap-stmts @638 + R18 bystander @652->650)
    depth 1: 25 kept of the scored, best 17 (R8 temp tmp0 @4025) · 65 compiles
    depth 1: 25 kept of the scored, best 17 (R8 temp tmp0 @1952) · 65 compiles
    depth 1: 9 kept of the scored, best 72 (R7 block @383) · 28 compiles
    depth 2: 21 kept of the scored, best 72 (R7 block @383 + R7 block @381) · 95 compiles
    depth 3: 74 kept of the scored, best 18 (R9 swap-stmts @1161 + R8 base tmp0 @1162 + R18 bystander @1164->1162) · 443 compiles
  ov_SC04_011__func_80130D48: NO-MATCH start=18 best=18 compiles=443 (147.7s, 130 copies, 4 needed)
    depth 3: 18 kept of the scored, best 72 (R7 block @383 + R7 block @381 + R7 block @385) · 152 compiles
  ov_SC01_077__func_8013D178: NO-MATCH start=72 best=72 compiles=152 (30.2s, 1 copies, 1 needed)
    depth 1: 52 kept of the scored, best 13 (R5 swap + @786) · 65 compiles
    depth 2: 71 kept of the scored, best 17 (R8 temp tmp0 @1952 + R8 temp tmp1 @1961) · 254 compiles
    depth 2: 74 kept of the scored, best 17 (R8 temp tmp0 @4025 + R12 width tmp0 u16->s32 @4015) · 254 compiles
    depth 2: 117 kept of the scored, best 7 (R5 swap + @786 + R7 do-while @790) · 251 compiles
    depth 3: 72 kept of the scored, best 17 (R8 temp tmp0 @1952 + R8 temp tmp1 @1961 + R8 temp tmp2 @1962) · 445 compiles
  ov_SC04_011__func_8015D738: NO-MATCH start=17 best=17 compiles=445 (149.2s, 126 copies, 1 needed)
    depth 3: 73 kept of the scored, best 17 (R8 temp tmp0 @4025 + R12 width tmp0 u16->s32 @4015 + R8 temp tmp1 @4026) · 439 compiles
  ov_MAIN_012__func_8015D738: NO-MATCH start=17 best=17 compiles=439 (169.2s, 3 copies, 1 needed)
    depth 3: 99 kept of the scored, best 7 (R5 swap + @786 + R7 do-while @790 + R8 cse tmp0 @785) · 435 compiles
  ov_SC04_011__func_8012E364: NO-MATCH start=25 best=7 compiles=435 (113.4s, 133 copies, 3 needed, R5 swap + @786 + R7 do-while @790)

search: 0 of 139 exemplars matched lever-free in 0.54 h (0 of 7,077 bodies behind them; 52,566 compiles) — NO-MATCH 136 · BANK-REFUSED 3
