delever_search --run: 200 exemplars (880 bodies behind them), 8 worker(s), beam 3 × depth 3 × cap 48, budget 400 compiles per body, label g6
    depth 1: score 0 by R7 do-while @3983
  ov_SC02_015__func_8017DF44: MATCH start=3 best=0 compiles=20 (6.2s, 9 copies, 1 needed, R7 do-while @3983)
    depth 1: 25 kept of the scored, best 17 (R7 do-while @3998) · 49 compiles
    depth 1: 8 kept of the scored, best 6 (R12 width iVar1 s32->u16 @8680) · 21 compiles
    depth 1: 22 kept of the scored, best 3 (R6 inline s2 @5464) · 49 compiles
    depth 1: 22 kept of the scored, best 1 (R6 inline rv @5072) · 49 compiles
    depth 1: score 0 by R12 width t s32->u16 @3725
  ov_SC02_015__func_8017D9E4: MATCH start=10 best=0 compiles=42 (6.8s, 2 copies, 1 needed, R12 width t s32->u16 @3725)
    depth 2: score 0 by R6 inline s2 @5464 + R12 width v0 int->s16 @5452
  ov_SC03_007__func_801869C0: MATCH start=3 best=0 compiles=77 (16.5s, 9 copies, 1 needed, R6 inline s2 @5464 + R12 width v0 int->s16 @5452)
    depth 1: 39 kept of the scored, best 5 (R12 width v0 u16->u8 @6762) · 49 compiles
    depth 1: 23 kept of the scored, best 9 (R7 do-while @3248) · 41 compiles
    depth 1: 29 kept of the scored, best 25 (R6 inline v0 @9710) · 49 compiles
    depth 1: 23 kept of the scored, best 39 (R5 swap | @1175) · 49 compiles
    depth 2: 19 kept of the scored, best 6 (R12 width iVar1 s32->u16 @8680 + R7 block @8689) · 70 compiles
    depth 2: 66 kept of the scored, best 15 (R7 do-while @3998 + R8 base tmp0 @4044) · 193 compiles
    depth 1: 24 kept of the scored, best 24 (R6 inline tv2 @16142) · 49 compiles
    depth 2: 69 kept of the scored, best 9 (R7 do-while @3248 + R12 width tag u16->s32 @3234) · 155 compiles
    depth 2: 66 kept of the scored, best 1 (R6 inline rv @5072 + R12 width rv s32->u16 @5056) · 190 compiles
    depth 2: score 0 by R8 temp tmp0 @6766 + R6 inline v1 @6778
  ov_SC03_102__func_8018499C: MATCH start=17 best=0 compiles=109 (41.5s, 11 copies, 2 needed, R8 temp tmp0 @6766 + R6 inline v1 @6778)
    depth 3: 19 kept of the scored, best 6 (R12 width iVar1 s32->u16 @8680 + R7 block @8689 + R10 param-copy param_1 @8682) · 123 compiles
  ov_SC02_031__func_80184B94: NO-MATCH start=6 best=6 compiles=123 (42.5s, 3 copies, 1 needed)
    depth 3: 64 kept of the scored, best 9 (R7 do-while @3248 + R12 width tag u16->s32 @3234 + R8 temp tmp0 @3247) · 253 compiles
  ov_SC03_002__func_80184854: NO-MATCH start=11 best=9 compiles=253 (28.5s, 8 copies, 1 needed, R7 do-while @3248)
    depth 3: 64 kept of the scored, best 15 (R7 do-while @3998 + R8 base tmp0 @4044 + R5 swap + @4017) · 331 compiles
  ov_SC04_011__func_8017D000: NO-MATCH start=33 best=15 compiles=331 (46.4s, 10 copies, 3 needed, R7 do-while @3998 + R8 base tmp0 @4044)
    depth 2: 64 kept of the scored, best 39 (R5 swap | @1175 + R9 swap-stmts @1137) · 186 compiles
    depth 1: 23 kept of the scored, best 4 (R7 block @4471) · 49 compiles
    depth 1: 36 kept of the scored, best 1 (R6 inline ret @6514) · 49 compiles
    depth 1: 38 kept of the scored, best 7 (R12 width v0 u16->u8 @6600) · 49 compiles
    depth 1: 31 kept of the scored, best 3 (R8 cse tmp0 @6859) · 49 compiles
    depth 3: 71 kept of the scored, best 1 (R6 inline rv @5072 + R12 width rv s32->u16 @5056 + R8 temp tmp0 @5070) · 327 compiles
  ov_SC03_115__func_8017FC5C: NO-MATCH start=1 best=1 compiles=327 (69.6s, 9 copies, 2 needed)
    depth 3: 62 kept of the scored, best 35 (R5 swap | @1175 + R9 swap-stmts @1139 + R9 swap-stmts @1138) · 320 compiles
  ov_SC03_011__func_80140958: NO-MATCH start=43 best=35 compiles=320 (63.2s, 9 copies, 4 needed, R5 swap | @1175 + R9 swap-stmts @1139 + R9 swap-stmts @1138)
    depth 2: 93 kept of the scored, best 17 (R6 inline v0 @9714 + R8 temp tmp0 @9714) · 190 compiles
    depth 2: score 0 by R8 temp tmp0 @6604 + R6 inline v1 @6616
  ov_SC03_102__func_80184624: MATCH start=17 best=0 compiles=110 (63.2s, 10 copies, 2 needed, R8 temp tmp0 @6604 + R6 inline v1 @6616)
    depth 2: 64 kept of the scored, best 4 (R7 block @4471 + R8 temp tmp0 @4470) · 190 compiles
    depth 1: 11 kept of the scored, best 3 (R12 width t s32->u16 @6264) · 49 compiles
    depth 1: 10 kept of the scored, best 3 (R12 width t s32->u16 @8759) · 49 compiles
    depth 1: 37 kept of the scored, best 5 (R12 width v0 u16->u8 @6518) · 49 compiles
    depth 2: 91 kept of the scored, best 2 (R8 cse tmp0 @6859 + R6 inline v1 @6861) · 193 compiles
    depth 2: 60 kept of the scored, best 24 (R6 inline tv2 @16142 + R8 hoist tmp0 @16118) · 190 compiles
    depth 2: 68 kept of the scored, best 1 (R6 inline ret @6514 + R3 init-split s0) · 192 compiles
    depth 3: 62 kept of the scored, best 4 (R7 block @4471 + R8 temp tmp0 @4470 + R6 inline tmp0 @4471) · 327 compiles
  ov_SC03_104__func_8018431C: NO-MATCH start=4 best=4 compiles=327 (88.5s, 8 copies, 1 needed)
    depth 1: 34 kept of the scored, best 2 (R7 do-while @4032) · 49 compiles
    depth 2: score 0 by R8 temp tmp0 @6522 + R6 inline v1 @6534
  ov_SC03_102__func_8018453C: MATCH start=17 best=0 compiles=110 (39.1s, 11 copies, 2 needed, R8 temp tmp0 @6522 + R6 inline v1 @6534)
    depth 3: 96 kept of the scored, best 15 (R6 inline v0 @9714 + R8 temp tmp0 @9714 + R6 inline v0 @9699) · 334 compiles
  ov_SC06_010__func_80185C04: NO-MATCH start=27 best=15 compiles=334 (155.1s, 7 copies, 2 needed, R6 inline v0 @9714 + R8 temp tmp0 @9714 + R6 inline v0 @9699)
    depth 3: 94 kept of the scored, best 2 (R8 cse tmp0 @6859 + R6 inline v1 @6861 + R8 temp tmp1 @6860) · 328 compiles
  ov_SC04_015__func_80180EDC: NO-MATCH start=3 best=2 compiles=328 (113.1s, 8 copies, 1 needed, R8 cse tmp0 @6859 + R6 inline v1 @6861)
    depth 1: 25 kept of the scored, best 29 (R14 param-width a0 s32->u16 @6227) · 49 compiles
    depth 2: 30 kept of the scored, best 3 (R12 width t s32->u16 @6264 + R7 block @6353) · 189 compiles
    depth 2: score 0 by R9 swap-stmts @4033 + R7 do-while @4031
  ov_SC03_104__func_801839C0: MATCH start=10 best=0 compiles=173 (37.4s, 4 copies, 1 needed, R9 swap-stmts @4033 + R7 do-while @4031)
    depth 3: 63 kept of the scored, best 1 (R6 inline ret @6514 + R3 init-split s0 + R4 decl-move s0 1->0) · 329 compiles
  ov_SC02_031__func_801818A4: NO-MATCH start=17 best=1 compiles=329 (134.1s, 2 copies, 1 needed, R6 inline ret @6514)
    depth 1: 13 kept of the scored, best 4 (R12 width lim s32->u16 @3733) · 49 compiles
    depth 1: 15 kept of the scored, best 11 (R8 temp tmp0 @9258) · 49 compiles
    depth 1: 15 kept of the scored, best 3 (R6 inline r @5221) · 19 compiles
    depth 2: 27 kept of the scored, best 3 (R12 width t s32->u16 @8759 + R7 block @8864) · 189 compiles
    depth 2: 37 kept of the scored, best 3 (R6 inline r @5221 + R12 width v int->u16 @5216) · 62 compiles
    depth 1: 9 kept of the scored, best 47 (R7 block @5802) · 49 compiles
    depth 3: 31 kept of the scored, best 3 (R6 inline r @5221 + R12 width v int->u16 @5216 + R12 width v u16->s32 @5216) · 93 compiles
  ov_MAIN_012__func_80178970: NO-MATCH start=6 best=3 compiles=93 (45.7s, 7 copies, 1 needed, R6 inline r @5221)
    depth 3: 50 kept of the scored, best 24 (R6 inline tv2 @16142 + R8 hoist tmp0 @16118 + R12 width tmp0 s32->u16 @16031) · 333 compiles
  ov_SC04_011__func_8018F02C: NO-MATCH start=24 best=24 compiles=333 (222.8s, 6 copies, 2 needed)
    depth 1: score 0 by R10 param-copy a0 @15977
  ov_SC04_011__func_8018EFB0: MATCH start=12 best=0 compiles=7 (6.9s, 8 copies, 1 needed, R10 param-copy a0 @15977)
    depth 1: 23 kept of the scored, best 39 (R8 cse tmp0 @4150) · 49 compiles
    depth 2: 36 kept of the scored, best 4 (R12 width lim s32->u16 @3733 + R7 block @3766) · 183 compiles
    depth 2: 68 kept of the scored, best 29 (R14 param-width a0 s32->u16 @6227 + R7 block @6276) · 186 compiles
    depth 3: 26 kept of the scored, best 3 (R12 width t s32->u16 @6264 + R7 block @6353 + R10 param-copy param_1 @6267) · 327 compiles
  ov_SC01_077__func_8016A290: NO-MATCH start=3 best=3 compiles=327 (176.0s, 2 copies, 1 needed)
    depth 2: 44 kept of the scored, best 11 (R8 temp tmp0 @9258 + R8 temp tmp1 @9262) · 189 compiles
    depth 1: 30 kept of the scored, best 9 (R12 width diff s32->s16 @8604) · 42 compiles
    depth 2: 26 kept of the scored, best 47 (R7 block @5802 + R10 param-copy arg0 @5729) · 191 compiles
    depth 1: 25 kept of the scored, best 25 (R9 swap-stmts @5940) · 49 compiles
    depth 2: 63 kept of the scored, best 39 (R8 cse tmp0 @4150 + R6 inline sv @4162) · 188 compiles
    depth 3: 26 kept of the scored, best 3 (R12 width t s32->u16 @8759 + R7 block @8864 + R10 param-copy param_1 @8762) · 328 compiles
  ov_MAIN_012__func_8016A290: NO-MATCH start=3 best=3 compiles=328 (191.5s, 3 copies, 1 needed)
    depth 3: 37 kept of the scored, best 4 (R12 width lim s32->u16 @3733 + R7 block @3766 + R9 swap-stmts @3767) · 318 compiles
  ov_SC04_015__func_8017C730: NO-MATCH start=10 best=4 compiles=318 (108.4s, 2 copies, 1 needed, R12 width lim s32->u16 @3733)
    depth 1: 19 kept of the scored, best 30 (R6 inline uc @3895) · 49 compiles
    depth 3: 58 kept of the scored, best 29 (R14 param-width a0 s32->u16 @6227 + R7 block @6276 + R7 block @6287) · 323 compiles
  ov_SC03_102__func_80183E3C: NO-MATCH start=38 best=29 compiles=323 (137.3s, 10 copies, 1 needed, R14 param-width a0 s32->u16 @6227)
    depth 1: score 0 by R7 do-while @8491
  ov_MAIN_012__func_80169408: MATCH start=10 best=0 compiles=44 (23.3s, 6 copies, 1 needed, R7 do-while @8491)
    depth 1: 37 kept of the scored, best 6 (R12 width v0 u16->u8 @5546) · 49 compiles
    depth 3: 24 kept of the scored, best 47 (R7 block @5802 + R10 param-copy arg0 @5729 + R7 block @5803) · 331 compiles
  ov_SC02_031__func_8017F5B4: NO-MATCH start=47 best=47 compiles=331 (136.4s, 2 copies, 1 needed)
    depth 3: 60 kept of the scored, best 39 (R8 cse tmp0 @4150 + R6 inline sv @4162 + R12 width k s32->u16 @4137) · 326 compiles
  ov_MAIN_012__func_80175AB8: NO-MATCH start=41 best=39 compiles=326 (99.6s, 4 copies, 5 needed, R8 cse tmp0 @4150)
    depth 1: score 0 by R6 inline sv @6783
  ov_SC03_099__func_80182B10: MATCH start=19 best=0 compiles=3 (9.3s, 7 copies, 1 needed, R6 inline sv @6783)
    depth 3: 44 kept of the scored, best 11 (R8 temp tmp0 @9258 + R8 temp tmp1 @9262 + R8 temp tmp2 @9263) · 331 compiles
  ov_SC06_010__func_80184EFC: NO-MATCH start=11 best=11 compiles=331 (172.6s, 5 copies, 1 needed)
    depth 2: 80 kept of the scored, best 9 (R12 width diff s32->s16 @8604 + R8 hoist tmp0 @8607) · 152 compiles
    depth 1: 31 kept of the scored, best 5 (R12 width v0 s32->u16 @8397) · 49 compiles
    depth 1: 27 kept of the scored, best 5 (R7 do-while @1101) · 49 compiles
    depth 2: 50 kept of the scored, best 14 (R12 width iVar3 int->u16 @3784 + R7 do-while @3833) · 190 compiles
    depth 1: 21 kept of the scored, best 14 (R7 block @5015) · 49 compiles
    depth 2: score 0 by R8 temp tmp0 @5552 + R6 inline v1 @5564
  ov_SC03_102__func_80183090: MATCH start=16 best=0 compiles=110 (61.3s, 8 copies, 2 needed, R8 temp tmp0 @5552 + R6 inline v1 @5564)
    depth 2: 66 kept of the scored, best 18 (R9 swap-stmts @5940 + R12 width a0v s32->u16 @5917) · 186 compiles
    depth 1: 21 kept of the scored, best 11 (R12 width sxy s32->u16 @9022) · 49 compiles
    depth 2: 78 kept of the scored, best 2 (R10 param-alias e->arg0 @1100 + R7 do-while @1102) · 191 compiles
    depth 1: 15 kept of the scored, best 50 (R7 block @3303) · 49 compiles
    depth 3: 41 kept of the scored, best 12 (R12 width iVar3 int->u16 @3784 + R7 do-while @3833 + R12 width w3 int->s16 @3785) · 329 compiles
  ov_SC02_037__func_8016CBC0: NO-MATCH start=55 best=12 compiles=329 (107.3s, 2 copies, 1 needed, R12 width iVar3 int->u16 @3784 + R7 do-while @3833 + R12 width w3 int->s16 @3785)
    depth 3: 74 kept of the scored, best 2 (R10 param-alias e->arg0 @1100 + R7 do-while @1102 + R9 swap-stmts @1100) · 333 compiles
  ov_SC07_006__func_801397B0: NO-MATCH start=12 best=2 compiles=333 (54.8s, 7 copies, 1 needed, R10 param-alias e->arg0 @1100 + R7 do-while @1102)
    depth 1: score 0 by R9 swap-stmts @1900
  ov_SC07_006__func_801431E8: MATCH start=2 best=0 compiles=21 (5.5s, 7 copies, 1 needed, R9 swap-stmts @1900)
    depth 2: 55 kept of the scored, best 14 (R7 block @5015 + R6 inline fire @5082) · 188 compiles
    depth 1: 26 kept of the scored, best 6 (R7 do-while @3652) · 49 compiles
    depth 1: 30 kept of the scored, best 2 (R7 do-while @1845) · 49 compiles
    depth 3: 67 kept of the scored, best 9 (R12 width diff s32->s16 @8604 + R8 hoist tmp0 @8607 + R12 width tmp0 s32->u16 @8606) · 270 compiles
  ov_SC04_011__func_80185960: NO-MATCH start=12 best=9 compiles=270 (167.4s, 10 copies, 1 needed, R12 width diff s32->s16 @8604)
    depth 2: 60 kept of the scored, best 1 (R12 width v0 s32->u16 @8397 + R7 do-while @8418) · 185 compiles
    depth 3: 63 kept of the scored, best 1 (R9 swap-stmts @5940 + R12 width a0v s32->u8 @5917 + R12 width param_1 s32->s16 @5918) · 323 compiles
  ov_SC01_077__func_80168828: NO-MATCH start=35 best=1 compiles=323 (157.0s, 8 copies, 2 needed, R9 swap-stmts @5940 + R12 width a0v s32->u8 @5917 + R12 width param_1 s32->s16 @5918)
    depth 2: 56 kept of the scored, best 11 (R12 width sxy s32->u16 @9022 + R8 hoist tmp0 @9091) · 187 compiles
    depth 1: score 0 by R12 width result s32->s16 @3897
  ov_SC04_011__func_8017F8E0: MATCH start=13 best=0 compiles=19 (14.8s, 4 copies, 2 needed, R12 width result s32->s16 @3897)
    depth 1: 25 kept of the scored, best 20 (R7 do-while @2253) · 46 compiles
    depth 2: 42 kept of the scored, best 50 (R7 block @3303 + R10 param-copy arg0 @3283) · 189 compiles
    depth 1: 12 kept of the scored, best 3 (R12 width t s32->u16 @5625) · 49 compiles
    depth 2: 69 kept of the scored, best 6 (R7 do-while @3652 + R7 block @3646) · 189 compiles
    depth 2: 75 kept of the scored, best 2 (R12 width s0_param int->u16 @1839 + R9 swap-stmts @1845) · 185 compiles
    depth 3: 52 kept of the scored, best 14 (R7 block @5015 + R6 inline fire @5082 + R7 block @5045) · 324 compiles
  ov_SC02_031__func_8017E73C: NO-MATCH start=14 best=14 compiles=324 (142.1s, 11 copies, 2 needed)
    depth 2: score 0 by R12 width t s32->u16 @5625 + R12 width i s32->u16 @5624
  ov_SC01_077__func_80167AE0: MATCH start=3 best=0 compiles=93 (59.4s, 5 copies, 1 needed, R12 width t s32->u16 @5625 + R12 width i s32->u16 @5624)
    depth 1: score 0 by R7 do-while @4666
  ov_SC02_031__func_8017E1D4: MATCH start=11 best=0 compiles=29 (11.8s, 2 copies, 1 needed, R7 do-while @4666)
    depth 2: 69 kept of the scored, best 16 (R7 do-while @2253 + R7 do-while @2246) · 167 compiles
    depth 1: 28 kept of the scored, best 16 (R8 temp tmp0 @5072) · 49 compiles
    depth 3: 62 kept of the scored, best 2 (R12 width s0_param int->u16 @1839 + R9 swap-stmts @1845 + R7 do-while @1844) · 313 compiles
  ov_SC07_006__func_8014305C: NO-MATCH start=12 best=2 compiles=313 (87.0s, 7 copies, 2 needed, R7 do-while @1845)
    depth 1: 22 kept of the scored, best 11 (R6 inline arg0 @625) · 49 compiles
    depth 3: 49 kept of the scored, best 11 (R12 width sxy s32->u16 @9022 + R8 hoist tmp0 @9091 + R6 inline tmp0 @9092) · 323 compiles
  ov_SC06_010__func_801848A4: NO-MATCH start=11 best=11 compiles=323 (155.0s, 5 copies, 1 needed)
    depth 3: 64 kept of the scored, best 6 (R7 do-while @3652 + R7 block @3646 + R3 init-split param_1) · 329 compiles
  ov_SC02_037__func_8016C49C: NO-MATCH start=34 best=6 compiles=329 (109.8s, 3 copies, 1 needed, R7 do-while @3652)
    depth 1: score 0 by R10 param-copy param @3501
    depth 3: 54 kept of the scored, best 1 (R12 width v0 s32->u16 @8397 + R7 do-while @8418 + R4 decl-move v0 6->0) · 324 compiles
  ov_MAIN_012__func_80169058: NO-MATCH start=18 best=1 compiles=324 (196.3s, 6 copies, 3 needed, R12 width v0 s32->u16 @8397 + R7 do-while @8418)
  ov_SC02_037__func_8016C188: MATCH start=3 best=0 compiles=8 (3.0s, 7 copies, 1 needed, R10 param-copy param @3501)
    depth 3: 65 kept of the scored, best 16 (R7 do-while @2253 + R7 do-while @2246 + R8 hoist tmp0 @2248) · 282 compiles
  ov_MAIN_012__func_80135168: NO-MATCH start=25 best=16 compiles=282 (79.0s, 3 copies, 5 needed, R7 do-while @2253 + R7 do-while @2246)
    depth 1: 32 kept of the scored, best 5 (R9 swap-stmts @7920) · 49 compiles
    depth 1: 24 kept of the scored, best 85 (R12 width uVar1 u32->u8 @1436) · 49 compiles
    depth 1: 32 kept of the scored, best 9 (R6 inline c @2081) · 49 compiles
    depth 2: score 0 by R6 inline c @2081 + R14 param-width arg0 s32->s16 @2064
    depth 3: 46 kept of the scored, best 50 (R7 block @3303 + R10 param-copy arg0 @3283 + R7 block @3306) · 328 compiles
  ov_SC03_102__func_8017CD9C: NO-MATCH start=50 best=50 compiles=328 (158.4s, 5 copies, 1 needed)
  ov_MAIN_012__func_80134C20: MATCH start=15 best=0 compiles=51 (10.0s, 7 copies, 2 needed, R6 inline c @2081 + R14 param-width arg0 s32->s16 @2064)
    depth 1: 17 kept of the scored, best 11 (R8 temp tmp0 @8878) · 49 compiles
    depth 2: 81 kept of the scored, best 12 (R8 base tmp0 @5072 + R8 temp tmp1 @5073) · 187 compiles
    depth 1: 21 kept of the scored, best 18 (R7 do-while @1703) · 49 compiles
    depth 1: 32 kept of the scored, best 11 (R12 width v0 int->u16 @8274) · 49 compiles
    depth 2: 76 kept of the scored, best 75 (R7 do-while @1454 + R12 width uVar3 u32->u8 @1439) · 191 compiles
    depth 1: 28 kept of the scored, best 7 (R8 temp tmp0 @8740) · 49 compiles
    depth 2: 51 kept of the scored, best 11 (R6 inline arg0 @625 + R7 do-while @624) · 185 compiles
    depth 3: 74 kept of the scored, best 66 (R7 do-while @1454 + R12 width uVar3 u32->u8 @1439 + R7 do-while @1456) · 332 compiles
  ov_MAIN_012__func_8013D9B0: NO-MATCH start=96 best=66 compiles=332 (45.0s, 7 copies, 25 needed, R7 do-while @1454 + R12 width uVar3 u32->u8 @1439 + R7 do-while @1456)
    depth 1: score 0 by R7 do-while @1359
  ov_MAIN_012__func_8013D53C: MATCH start=6 best=0 compiles=22 (3.1s, 6 copies, 2 needed, R7 do-while @1359)
    depth 2: 90 kept of the scored, best 5 (R9 swap-stmts @7920 + R8 temp tmp0 @7916) · 189 compiles
    depth 3: 80 kept of the scored, best 12 (R8 base tmp0 @5072 + R8 temp tmp1 @5073 + R12 width tmp0 s32->u16 @5049) · 330 compiles
  ov_SC03_111__func_80182F8C: NO-MATCH start=18 best=12 compiles=330 (77.3s, 7 copies, 2 needed, R8 base tmp0 @5072 + R8 temp tmp1 @5073)
    depth 2: 53 kept of the scored, best 16 (R7 do-while @1693 + R7 do-while @1703) · 189 compiles
    depth 1: 20 kept of the scored, best 18 (R8 hoist tmp0 @4645) · 49 compiles
    depth 1: 31 kept of the scored, best 5 (R7 do-while @4221) · 49 compiles
    depth 2: score 0 by R7 do-while @4221 + R6 inline sVar2 @4185
  ov_SC06_022__func_80186744: MATCH start=20 best=0 compiles=59 (18.8s, 4 copies, 2 needed, R7 do-while @4221 + R6 inline sVar2 @4185)
    depth 2: 50 kept of the scored, best 11 (R8 temp tmp0 @8878 + R6 inline tmp0 @8879) · 189 compiles
    depth 3: 43 kept of the scored, best 11 (R2 decl-order 0,2,1 + R6 inline arg0 @625 + R7 do-while @624) · 327 compiles
  ov_SC07_006__func_8012956C: NO-MATCH start=11 best=11 compiles=327 (98.0s, 7 copies, 4 needed)
    depth 2: 77 kept of the scored, best 7 (R8 temp tmp0 @8740 + R8 temp tmp1 @8741) · 188 compiles
    depth 1: score 0 by R12 width i2o int->s16 @4653
    depth 3: 55 kept of the scored, best 10 (R7 do-while @1693 + R6 inline h @1698 + R7 do-while @1705) · 332 compiles
  ov_MAIN_012__func_80133CD4: NO-MATCH start=28 best=10 compiles=332 (67.5s, 3 copies, 1 needed, R7 do-while @1693 + R6 inline h @1698 + R7 do-while @1705)
  ov_SC03_028__func_8017DD34: MATCH start=30 best=0 compiles=12 (3.3s, 6 copies, 4 needed, R12 width i2o int->s16 @4653)
    depth 1: 28 kept of the scored, best 22 (R12 width state s16->u16 @3301) · 49 compiles
    depth 2: 57 kept of the scored, best 5 (R12 width v0 int->u16 @8274 + R6 inline c @8301) · 186 compiles
    depth 1: 23 kept of the scored, best 21 (R12 width s3 s16->s32 @1418) · 49 compiles
    depth 3: 94 kept of the scored, best 5 (R9 swap-stmts @7920 + R8 temp tmp0 @7916 + R6 inline tmp0 @7917) · 328 compiles
  ov_SC04_007__func_80184238: NO-MATCH start=5 best=5 compiles=328 (130.2s, 2 copies, 1 needed)
    depth 1: 38 kept of the scored, best 7 (R12 width v0 u16->u8 @6374) · 49 compiles
    depth 2: 49 kept of the scored, best 18 (R8 hoist tmp0 @4645 + R6 inline tmp0 @4646) · 190 compiles
    depth 1: 22 kept of the scored, best 5 (R9 swap-stmts @6636) · 49 compiles
    depth 2: score 0 by R8 temp tmp0 @6378 + R6 inline v1 @6390
  ov_SC02_035__func_801822E8: MATCH start=17 best=0 compiles=110 (54.9s, 4 copies, 2 needed, R8 temp tmp0 @6378 + R6 inline v1 @6390)
    depth 2: 59 kept of the scored, best 21 (R12 width s3 s16->s32 @1418 + R14 param-width arg0 s32->s16 @1406) · 184 compiles
    depth 3: 55 kept of the scored, best 11 (R8 temp tmp0 @8878 + R6 inline tmp0 @8879 + R8 temp tmp0 @8878) · 331 compiles
  ov_SC06_010__func_80184394: NO-MATCH start=11 best=11 compiles=331 (150.3s, 5 copies, 1 needed)
    depth 2: 93 kept of the scored, best 21 (R12 width state s16->s32 @3301 + R12 width y s32->u16 @3299) · 185 compiles
    depth 3: 75 kept of the scored, best 7 (R8 temp tmp0 @8740 + R8 temp tmp1 @8741 + R12 width tmp1 s16->s32 @8713) · 327 compiles
  ov_SC06_018__func_80185DD8: NO-MATCH start=7 best=7 compiles=327 (133.9s, 6 copies, 1 needed)
    depth 1: 25 kept of the scored, best 29 (R14 param-width a0 s32->u16 @6001) · 49 compiles
    depth 3: 51 kept of the scored, best 18 (R8 hoist tmp0 @4645 + R6 inline tmp0 @4646 + R8 hoist tmp0 @4645) · 331 compiles
  ov_SC03_111__func_80182490: NO-MATCH start=18 best=18 compiles=331 (100.2s, 7 copies, 2 needed)
    depth 3: 57 kept of the scored, best 18 (R12 width s3 s16->s32 @1418 + R10 param-copy arg0 @1424 + R9 swap-stmts @1474) · 317 compiles
  ov_MAIN_012__func_80133784: NO-MATCH start=21 best=18 compiles=317 (80.0s, 7 copies, 7 needed, R12 width s3 s16->s32 @1418 + R10 param-copy arg0 @1424 + R9 swap-stmts @1474)
    depth 1: 22 kept of the scored, best 10 (R8 temp tmp0 @7350) · 30 compiles
    depth 1: score 0 by R9 swap-stmts @4858
  ov_SC05_008__func_8017F554: MATCH start=10 best=0 compiles=4 (2.8s, 5 copies, 1 needed, R9 swap-stmts @4858)
    depth 1: 7 kept of the scored, best 45 (R7 block @5667) · 49 compiles
    depth 1: 26 kept of the scored, best 32 (R14 param-width a0 s32->u16 @8726) · 49 compiles
    depth 1: score 0 by R7 do-while @4351
  ov_SC06_016__func_801834D8: MATCH start=20 best=0 compiles=13 (2.7s, 5 copies, 1 needed, R7 do-while @4351)
    depth 3: 48 kept of the scored, best 1 (R12 width v0 int->u16 @8274 + R6 inline c @8301 + R7 do-while @8289) · 324 compiles
  ov_MAIN_012__func_80168D94: NO-MATCH start=24 best=1 compiles=324 (171.0s, 6 copies, 5 needed, R12 width v0 int->u16 @8274 + R6 inline c @8301 + R7 do-while @8289)
    depth 1: 22 kept of the scored, best 4 (R12 width s0 s32->u16 @4250) · 48 compiles
    depth 2: 53 kept of the scored, best 5 (R9 swap-stmts @6636 + R9 swap-stmts @6635) · 187 compiles
    depth 3: 92 kept of the scored, best 11 (R12 width state s16->s32 @3301 + R12 width y s32->u16 @3299 + R12 width state s32->s16 @3301) · 321 compiles
  ov_SC06_022__func_80185578: NO-MATCH start=25 best=11 compiles=321 (133.3s, 6 copies, 2 needed, R12 width state s16->s32 @3301 + R12 width y s32->u16 @3299 + R12 width state s32->s16 @3301)
    depth 2: 67 kept of the scored, best 10 (R8 temp tmp0 @7350 + R6 inline tmp0 @7351) · 117 compiles
    depth 2: 68 kept of the scored, best 29 (R14 param-width a0 s32->u16 @6001 + R7 block @6050) · 186 compiles
    depth 1: 25 kept of the scored, best 1 (R12 width tmp int->u16 @8216) · 49 compiles
    depth 1: 8 kept of the scored, best 1 (R4 decl-move r 3->0) · 17 compiles
    depth 2: score 0 by R12 width tmp int->u16 @8216 + R12 width i int->u16 @8215
  ov_MAIN_012__func_80168BDC: MATCH start=17 best=0 compiles=75 (47.4s, 6 copies, 1 needed, R12 width tmp int->u16 @8216 + R12 width i int->u16 @8215)
    depth 2: 90 kept of the scored, best 2 (R12 width s0 s32->u16 @4250 + R9 swap-stmts @4256) · 180 compiles
    depth 2: 14 kept of the scored, best 1 (R4 decl-move r 3->0 + R7 block @3138) · 55 compiles
    depth 2: 19 kept of the scored, best 45 (R7 block @5667 + R7 block @5653) · 188 compiles
    depth 2: 72 kept of the scored, best 32 (R14 param-width a0 s32->u16 @8726 + R9 swap-stmts @8761) · 186 compiles
    depth 3: 11 kept of the scored, best 1 (R4 decl-move r 3->0 + R7 block @3138 + R7 block @3142) · 88 compiles
  ov_SC06_022__func_801852E4: NO-MATCH start=1 best=1 compiles=88 (29.8s, 5 copies, 1 needed)
    depth 3: 51 kept of the scored, best 5 (R9 swap-stmts @6636 + R9 swap-stmts @6635 + R9 swap-stmts @6634) · 325 compiles
  ov_SC04_007__func_80182358: NO-MATCH start=10 best=5 compiles=325 (117.7s, 4 copies, 1 needed, R9 swap-stmts @6636)
    depth 3: 72 kept of the scored, best 10 (R8 temp tmp0 @7350 + R6 inline tmp0 @7351 + R8 temp tmp0 @7350) · 214 compiles
  ov_SC03_001__func_80182058: NO-MATCH start=10 best=10 compiles=214 (83.4s, 5 copies, 1 needed)
    depth 1: score 0 by R7 do-while @6598
  ov_SC04_007__func_801821DC: MATCH start=6 best=0 compiles=10 (5.0s, 4 copies, 1 needed, R7 do-while @6598)
    depth 1: score 0 by R7 do-while @5814
  ov_SC03_001__func_80180224: MATCH start=12 best=0 compiles=12 (6.0s, 4 copies, 1 needed, R7 do-while @5814)
    depth 1: 11 kept of the scored, best 3 (R12 width t s32->u16 @7749) · 49 compiles
    depth 1: 23 kept of the scored, best 6 (R8 temp tmp0 @6779) · 49 compiles
    depth 3: 58 kept of the scored, best 29 (R14 param-width a0 s32->u16 @6001 + R7 block @6050 + R7 block @6061) · 323 compiles
  ov_SC02_035__func_80181B00: NO-MATCH start=38 best=29 compiles=323 (114.1s, 5 copies, 1 needed, R14 param-width a0 s32->u16 @6001)
    depth 3: 72 kept of the scored, best 1 (R12 width s0 s32->s16 @4250 + R9 swap-stmts @4256 + R14 param-width a0 s32->u8 @4248) · 309 compiles
  ov_SC01_001__func_8017F28C: NO-MATCH start=12 best=1 compiles=309 (104.5s, 5 copies, 2 needed, R12 width s0 s32->s16 @4250 + R9 swap-stmts @4256 + R14 param-width a0 s32->u8 @4248)
    depth 1: 17 kept of the scored, best 43 (R8 hoist tmp0 @5278) · 49 compiles
    depth 1: 32 kept of the scored, best 25 (R7 do-while @5423) · 49 compiles
    depth 1: 37 kept of the scored, best 6 (R12 width v0 u16->u8 @5320) · 49 compiles
    depth 2: score 0 by R12 width t s32->u16 @7749 + R12 width i s32->u16 @7748
  ov_MAIN_012__func_80167AE0: MATCH start=3 best=0 compiles=93 (63.9s, 3 copies, 1 needed, R12 width t s32->u16 @7749 + R12 width i s32->u16 @7748)
    depth 1: 12 kept of the scored, best 13 (R7 do-while @3025) · 49 compiles
    depth 3: 20 kept of the scored, best 45 (R7 block @5667 + R7 block @5653 + R7 block @5651) · 324 compiles
  ov_SC06_018__func_801811DC: NO-MATCH start=45 best=45 compiles=324 (142.8s, 3 copies, 1 needed)
    depth 2: 67 kept of the scored, best 6 (R8 temp tmp0 @6779 + R8 temp tmp1 @6794) · 191 compiles
    depth 2: score 0 by R8 temp tmp0 @5326 + R6 inline v1 @5338
  ov_SC02_035__func_80180D54: MATCH start=16 best=0 compiles=110 (49.5s, 5 copies, 2 needed, R8 temp tmp0 @5326 + R6 inline v1 @5338)
    depth 3: 69 kept of the scored, best 32 (R14 param-width a0 s32->u16 @8726 + R9 swap-stmts @8761 + R9 swap-stmts @8772) · 321 compiles
  ov_SC06_010__func_801841A4: NO-MATCH start=32 best=32 compiles=321 (157.5s, 6 copies, 1 needed)
    depth 1: 21 kept of the scored, best 34 (R7 do-while @7267) · 49 compiles
    depth 1: 27 kept of the scored, best 63 (R12 width state u16->s16 @4153) · 49 compiles
    depth 1: 39 kept of the scored, best 24 (R6 inline v0 @6229) · 49 compiles
    depth 2: 32 kept of the scored, best 13 (R7 do-while @3025 + R9 swap-stmts @3035) · 188 compiles
    depth 1: 26 kept of the scored, best 31 (R14 param-width a0 s32->u16 @8620) · 49 compiles
    depth 2: 55 kept of the scored, best 43 (R8 hoist tmp0 @5278 + R6 inline tmp0 @5279) · 193 compiles
    depth 2: 87 kept of the scored, best 20 (R7 do-while @5423 + R12 width iVar3 s32->u16 @5392) · 188 compiles
    depth 3: 67 kept of the scored, best 6 (R8 temp tmp0 @6779 + R8 temp tmp1 @6794 + R6 inline tmp1 @6795) · 333 compiles
  ov_SC03_091__func_80188DF4: NO-MATCH start=6 best=6 compiles=333 (106.1s, 3 copies, 1 needed)
    depth 1: 15 kept of the scored, best 4 (R12 width rv s32->u16 @6676) · 22 compiles
    depth 2: 69 kept of the scored, best 63 (R12 width state u16->s16 @4153 + R12 width hi s16->u16 @4150) · 180 compiles
    depth 2: 38 kept of the scored, best 4 (R12 width rv s32->u16 @6676 + R8 temp tmp0 @6685) · 84 compiles
    depth 3: 36 kept of the scored, best 13 (R7 do-while @3025 + R9 swap-stmts @3035 + R7 unwrap @3025) · 327 compiles
  ov_SC07_010__func_8017B614: NO-MATCH start=13 best=13 compiles=327 (108.8s, 5 copies, 3 needed)
    depth 1: 23 kept of the scored, best 6 (R12 width t s32->u16 @185) · 46 compiles
    depth 2: 106 kept of the scored, best 8 (R6 inline v0 @6229 + R6 inline v1 @6227) · 193 compiles
    depth 2: 61 kept of the scored, best 24 (R7 do-while @7267 + R12 width iVar3 int->s16 @7228) · 189 compiles
    depth 3: 83 kept of the scored, best 18 (R6 inline iVar4 @5426 + R12 width iVar3 s32->u16 @5392 + R12 width iVar4 s32->s16 @5393) · 326 compiles
  ov_SC03_001__func_8017FA18: NO-MATCH start=63 best=18 compiles=326 (149.8s, 5 copies, 2 needed, R6 inline iVar4 @5426 + R12 width iVar3 s32->u16 @5392 + R12 width iVar4 s32->s16 @5393)
    depth 3: 56 kept of the scored, best 43 (R8 hoist tmp0 @5278 + R6 inline tmp0 @5279 + R8 hoist tmp0 @5278) · 335 compiles
  ov_SC04_007__func_80180324: NO-MATCH start=43 best=43 compiles=335 (151.3s, 7 copies, 8 needed)
    depth 3: 35 kept of the scored, best 4 (R12 width rv s32->u16 @6676 + R8 temp tmp0 @6685 + R12 width tmp0 s16->s32 @6679) · 142 compiles
  ov_SC03_091__func_80188B64: NO-MATCH start=4 best=4 compiles=142 (55.2s, 2 copies, 1 needed)
    depth 2: 59 kept of the scored, best 6 (R12 width t s32->u16 @185 + R7 block @195) · 171 compiles
    depth 2: 70 kept of the scored, best 30 (R14 param-width a0 s32->u16 @8620 + R7 do-while @8635) · 186 compiles
    depth 1: score 0 by R7 do-while @4735
  ov_SC04_007__func_8017F634: MATCH start=4 best=0 compiles=20 (8.1s, 2 copies, 1 needed, R7 do-while @4735)
    depth 3: 54 kept of the scored, best 6 (R12 width t s32->u16 @185 + R7 block @195 + R12 width t u16->s16 @185) · 289 compiles
  md_SC03_076__func_801F2348: NO-MATCH start=6 best=6 compiles=289 (22.4s, 4 copies, 1 needed)
    depth 1: 7 kept of the scored, best 8 (R7 block @5225) · 49 compiles
    depth 1: 20 kept of the scored, best 4 (R12 width mode s32->u16 @704) · 49 compiles
    depth 1: 31 kept of the scored, best 50 (R9 swap-stmts @5211) · 49 compiles
    depth 1: 26 kept of the scored, best 2 (R7 do-while @2857) · 49 compiles
    depth 3: 64 kept of the scored, best 63 (R12 width state u16->s16 @4153 + R12 width hi s16->u16 @4150 + R12 width pos s16->u16 @4151) · 305 compiles
  ov_SC06_018__func_8017F0F4: NO-MATCH start=63 best=63 compiles=305 (126.9s, 3 copies, 2 needed)
    depth 2: 57 kept of the scored, best 4 (R12 width mode s32->u16 @704 + R8 hoist tmp0 @754) · 185 compiles
    depth 1: score 0 by R12 width mode s32->u16 @4012
  ov_SC03_001__func_8018B644: MATCH start=40 best=0 compiles=42 (4.3s, 4 copies, 1 needed, R12 width mode s32->u16 @4012)
    depth 1: 27 kept of the scored, best 18 (R12 width bb u8->s32 @3552) · 49 compiles
    depth 3: 98 kept of the scored, best 4 (R6 inline v0 @6229 + R6 inline v1 @6227 + R9 swap-stmts @6229) · 332 compiles
  ov_SC02_026__func_8018226C: NO-MATCH start=29 best=4 compiles=332 (128.6s, 5 copies, 4 needed, R6 inline v0 @6229 + R6 inline v1 @6227 + R9 swap-stmts @6229)
    depth 3: 48 kept of the scored, best 4 (R12 width mode s32->u16 @704 + R8 hoist tmp0 @754 + R12 width tmp0 u16->s32 @705) · 311 compiles
  md_SC04_027__func_801E8A80: NO-MATCH start=4 best=4 compiles=311 (40.4s, 4 copies, 1 needed)
    depth 2: 24 kept of the scored, best 8 (R7 block @5225 + R8 temp tmp0 @5226) · 190 compiles
    depth 1: 27 kept of the scored, best 16 (R12 width sub s32->s16 @5935) · 49 compiles
    depth 3: 65 kept of the scored, best 30 (R14 param-width a0 s32->u16 @8620 + R7 do-while @8635 + R9 swap-stmts @8644) · 321 compiles
  ov_SC06_010__func_80183FD4: NO-MATCH start=31 best=30 compiles=321 (156.9s, 6 copies, 1 needed, R14 param-width a0 s32->u16 @8620 + R7 do-while @8635)
    depth 1: 29 kept of the scored, best 27 (R7 do-while @3497) · 49 compiles
    depth 2: 79 kept of the scored, best 17 (R8 temp tmp0 @3563 + R9 swap-stmts @3564) · 187 compiles
    depth 2: 70 kept of the scored, best 2 (R7 do-while @2857 + R3 init-split param_1) · 187 compiles
    depth 3: 50 kept of the scored, best 20 (R12 width iVar3 int->u16 @7228 + R7 do-while @7291 + R9 swap-stmts @7268) · 329 compiles
  ov_MAIN_012__func_80166690: NO-MATCH start=41 best=20 compiles=329 (193.2s, 3 copies, 1 needed, R12 width iVar3 int->u16 @7228 + R7 do-while @7291 + R9 swap-stmts @7268)
    depth 2: 92 kept of the scored, best 41 (R8 hoist tmp0 @5210 + R8 cse tmp1 @5213) · 189 compiles
    depth 1: 7 kept of the scored, best 45 (R7 block @8430) · 49 compiles
    depth 3: 78 kept of the scored, best 17 (R8 temp tmp0 @3563 + R9 swap-stmts @3564 + R9 swap-stmts @3563) · 322 compiles
  ov_SC03_001__func_8018AEE8: NO-MATCH start=18 best=17 compiles=322 (67.9s, 4 copies, 1 needed, R8 temp tmp0 @3563 + R9 swap-stmts @3564)
    depth 2: 79 kept of the scored, best 22 (R7 do-while @3497 + R8 hoist tmp0 @3522) · 190 compiles
    depth 1: 26 kept of the scored, best 13 (R6 inline iVar2 @6820) · 37 compiles
    depth 3: 25 kept of the scored, best 8 (R7 block @5225 + R8 temp tmp0 @5226 + R6 inline tmp0 @5227) · 329 compiles
  ov_SC03_091__func_80186A8C: NO-MATCH start=8 best=8 compiles=329 (104.8s, 5 copies, 2 needed)
    depth 1: score 0 by R7 do-while @13933
  ov_SC03_006__func_8018AF88: MATCH start=2 best=0 compiles=27 (16.1s, 4 copies, 1 needed, R7 do-while @13933)
    depth 1: 21 kept of the scored, best 6 (R12 width w s32->u16 @4869) · 49 compiles
    depth 3: 61 kept of the scored, best 2 (R7 do-while @2857 + R3 init-split param_1 + R7 block @2856) · 320 compiles
  ov_SC01_077__func_8016C49C: NO-MATCH start=34 best=2 compiles=320 (108.3s, 4 copies, 1 needed, R7 do-while @2857)
    depth 3: 73 kept of the scored, best 21 (R7 do-while @3497 + R8 hoist tmp0 @3522 + R9 swap-stmts @3524) · 332 compiles
  ov_SC03_002__func_8017C234: NO-MATCH start=34 best=21 compiles=332 (71.3s, 4 copies, 1 needed, R7 do-while @3497 + R8 hoist tmp0 @3522 + R9 swap-stmts @3524)
    depth 1: score 0 by R7 do-while @5783
  ov_SC03_118__func_8017F9BC: MATCH start=11 best=0 compiles=12 (3.3s, 4 copies, 1 needed, R7 do-while @5783)
    depth 2: 77 kept of the scored, best 5 (R8 base-shared tmp0 @5961 + R7 do-while @5942) · 192 compiles
    depth 1: score 0 by R7 do-while @13553
    depth 1: 29 kept of the scored, best 22 (R8 cse tmp0 @2879) · 49 compiles
  ov_SC03_006__func_8018A6F4: MATCH start=11 best=0 compiles=18 (12.9s, 3 copies, 1 needed, R7 do-while @13553)
    depth 1: 14 kept of the scored, best 13 (R7 do-while @4333) · 22 compiles
    depth 2: score 0 by R7 do-while @4333 + R7 do-while @4334
  ov_SC03_118__func_8017D900: MATCH start=46 best=0 compiles=32 (9.4s, 3 copies, 2 needed, R7 do-while @4333 + R7 do-while @4334)
    depth 3: 78 kept of the scored, best 41 (R8 hoist tmp0 @5210 + R8 cse tmp1 @5213 + R6 inline tmp0 @5212) · 330 compiles
  ov_SC03_001__func_8017F368: NO-MATCH start=51 best=41 compiles=330 (137.2s, 4 copies, 2 needed, R8 hoist tmp0 @5210 + R8 cse tmp1 @5213)
    depth 1: 28 kept of the scored, best 5 (R8 temp tmp0 @6624) · 49 compiles
    depth 1: 26 kept of the scored, best 10 (R6 inline v0 @4562) · 49 compiles
    depth 2: 68 kept of the scored, best 8 (R6 inline iVar2 @6820 + R7 do-while @6824) · 131 compiles
    depth 2: 73 kept of the scored, best 22 (R7 block @2868 + R8 cse tmp0 @2879) · 182 compiles
    depth 1: 36 kept of the scored, best 10 (R12 width v1 s32->u16 @9758) · 49 compiles
    depth 2: 19 kept of the scored, best 45 (R7 block @8430 + R7 block @8416) · 188 compiles
    depth 2: 60 kept of the scored, best 6 (R12 width w s32->u16 @4869 + R6 inline cnt @4978) · 188 compiles
    depth 3: 65 kept of the scored, best 22 (R7 block @2868 + R8 cse tmp0 @2879 + R7 block @2898) · 315 compiles
  ov_SC03_125__func_80182BA0: NO-MATCH start=28 best=22 compiles=315 (67.4s, 4 copies, 1 needed, R8 cse tmp0 @2879)
    depth 1: score 0 by R12 width flag3 s32->u16 @1132
  ov_SC07_006__func_8013FAF8: MATCH start=31 best=0 compiles=2 (0.5s, 4 copies, 1 needed, R12 width flag3 s32->u16 @1132)
    depth 3: 82 kept of the scored, best 1 (R8 base-shared tmp0 @5961 + R7 do-while @5942 + R7 do-while @5986) · 335 compiles
  ov_SC02_026__func_80181B18: NO-MATCH start=43 best=1 compiles=335 (157.4s, 4 copies, 3 needed, R8 base-shared tmp0 @5961 + R7 do-while @5942 + R7 do-while @5986)
    depth 2: 79 kept of the scored, best 5 (R6 inline v0 @4562 + R6 inline p @4558) · 187 compiles
    depth 1: 21 kept of the scored, best 7 (R6 inline sVar1 @4166) · 49 compiles
    depth 1: score 0 by R7 do-while @4422
  ov_SC02_026__func_8017F5DC: MATCH start=9 best=0 compiles=30 (11.2s, 2 copies, 1 needed, R7 do-while @4422)
    depth 3: 55 kept of the scored, best 8 (R6 inline iVar2 @6828 + R6 inline iVar2 @6820 + R7 do-while @6823) · 212 compiles
  ov_MAIN_012__func_801651B8: NO-MATCH start=29 best=8 compiles=212 (127.0s, 7 copies, 2 needed, R6 inline iVar2 @6820 + R7 do-while @6824)
    depth 2: 86 kept of the scored, best 4 (R8 temp tmp0 @6624 + R9 swap-stmts @6625) · 190 compiles
    depth 3: 57 kept of the scored, best 6 (R12 width w s32->u16 @4869 + R6 inline cnt @4978 + R8 hoist tmp0 @4971) · 324 compiles
  ov_SC03_091__func_80186440: NO-MATCH start=6 best=6 compiles=324 (108.3s, 4 copies, 1 needed)
    depth 1: score 0 by R10 param-copy param_1 @6655
  ov_MAIN_012__func_80164BDC: MATCH start=23 best=0 compiles=8 (6.1s, 7 copies, 1 needed, R10 param-copy param_1 @6655)
    depth 1: 29 kept of the scored, best 30 (R6 inline flag @3243) · 49 compiles
    depth 3: 76 kept of the scored, best 5 (R6 inline v0 @4562 + R6 inline p @4558 + R4 decl-move v0 4->0) · 329 compiles
  ov_SC06_014__func_8017FB4C: NO-MATCH start=22 best=5 compiles=329 (88.9s, 4 copies, 1 needed, R6 inline v0 @4562 + R6 inline p @4558)
    depth 1: 26 kept of the scored, best 12 (R12 width t s32->u16 @4719) · 49 compiles
    depth 3: 20 kept of the scored, best 45 (R7 block @8430 + R7 block @8416 + R7 block @8414) · 324 compiles
  ov_SC06_010__func_80183884: NO-MATCH start=45 best=45 compiles=324 (160.1s, 4 copies, 1 needed)
    depth 2: 59 kept of the scored, best 7 (R7 do-while @4164 + R6 inline sVar1 @4166) · 188 compiles
    depth 1: 21 kept of the scored, best 10 (R12 width uVar2 u32->u16 @6030) · 49 compiles
    depth 2: 94 kept of the scored, best 6 (R12 width v1 s32->u16 @9758 + R12 width s2 s32->u16 @9755) · 181 compiles
    depth 1: 11 kept of the scored, best 3 (R12 width t s32->u16 @6693) · 49 compiles
    depth 1: 18 kept of the scored, best 11 (R8 temp tmp0 @8124) · 49 compiles
    depth 3: 82 kept of the scored, best 4 (R8 temp tmp0 @6624 + R9 swap-stmts @6625 + R8 temp tmp1 @6618) · 323 compiles
  ov_SC05_018__func_801837E8: NO-MATCH start=5 best=4 compiles=323 (142.8s, 4 copies, 1 needed, R8 temp tmp0 @6624 + R9 swap-stmts @6625)
    depth 1: score 0 by R9 swap-stmts @5939
  ov_SC02_011__func_8017F67C: MATCH start=4 best=0 compiles=7 (3.0s, 4 copies, 2 needed, R9 swap-stmts @5939)
    depth 1: 23 kept of the scored, best 15 (R7 block @2978) · 49 compiles
    depth 2: 70 kept of the scored, best 11 (R9 swap-stmts @4725 + R6 inline sub @4748) · 184 compiles
    depth 2: 72 kept of the scored, best 30 (R6 inline flag @3243 + R9 swap-stmts @3251) · 187 compiles
    depth 3: 58 kept of the scored, best 7 (R7 do-while @4164 + R12 width sVar1 short->u8 @4107 + R12 width sVar1 u8->s16 @4107) · 324 compiles
  ov_SC07_006__func_8016DF5C: NO-MATCH start=9 best=7 compiles=324 (106.7s, 4 copies, 2 needed, R6 inline sVar1 @4166)
    depth 2: 67 kept of the scored, best 15 (R7 block @2978 + R8 temp tmp0 @2977) · 188 compiles
    depth 1: 19 kept of the scored, best 30 (R6 inline uc @3604) · 49 compiles
    depth 3: 63 kept of the scored, best 9 (R9 swap-stmts @4725 + R6 inline sub @4748 + R6 inline sub @4735) · 324 compiles
  ov_SC03_091__func_801861FC: NO-MATCH start=15 best=9 compiles=324 (104.0s, 4 copies, 1 needed, R9 swap-stmts @4725 + R6 inline sub @4748 + R6 inline sub @4735)
    depth 3: 70 kept of the scored, best 15 (R7 block @2978 + R8 temp tmp0 @2977 + R6 inline tmp0 @2978) · 325 compiles
  ov_SC03_110__func_801800F0: NO-MATCH start=15 best=15 compiles=325 (42.7s, 4 copies, 2 needed)
    depth 2: 43 kept of the scored, best 11 (R8 temp tmp0 @8124 + R8 temp tmp1 @8129) · 189 compiles
    depth 1: score 0 by R12 width cond s32->s16 @2761
  ov_SC03_110__func_8017FBC8: MATCH start=3 best=0 compiles=13 (3.9s, 3 copies, 1 needed, R12 width cond s32->s16 @2761)
    depth 2: 30 kept of the scored, best 3 (R12 width t s32->u16 @6693 + R7 block @6798) · 190 compiles
    depth 3: 77 kept of the scored, best 6 (R12 width v1 s32->u16 @9758 + R14 param-width a0 s32->u16 @9753 + R6 inline s2 @9755) · 307 compiles
  ov_SC03_006__func_8018594C: NO-MATCH start=16 best=6 compiles=307 (202.9s, 3 copies, 3 needed, R12 width v1 s32->u16 @9758 + R12 width s2 s32->u16 @9755)
    depth 1: score 0 by R7 do-while @7807
  ov_SC04_004__func_80182FA8: MATCH start=11 best=0 compiles=13 (6.1s, 3 copies, 1 needed, R7 do-while @7807)
    depth 2: 56 kept of the scored, best 10 (R12 width uVar2 u32->u16 @6030 + R12 width uVar2 u16->s32 @6030) · 188 compiles
    depth 1: 23 kept of the scored, best 27 (R7 block @3491) · 49 compiles
    depth 3: 77 kept of the scored, best 30 (R6 inline flag @3243 + R9 swap-stmts @3251 + R9 swap-stmts @3252) · 326 compiles
  ov_SC02_026__func_8017DAB8: NO-MATCH start=42 best=30 compiles=326 (134.8s, 3 copies, 2 needed, R6 inline flag @3243)
    depth 1: score 0 by R6 inline v0 @7640
  ov_SC04_004__func_80182B9C: MATCH start=4 best=0 compiles=26 (15.8s, 3 copies, 3 needed, R6 inline v0 @7640)
    depth 2: 50 kept of the scored, best 14 (R12 width iVar3 int->u16 @3493 + R7 do-while @3542) · 190 compiles
    depth 1: score 0 by R6 inline tmp @9670
  ov_SC03_006__func_801856A0: MATCH start=10 best=0 compiles=35 (38.3s, 3 copies, 1 needed, R6 inline tmp @9670)
    depth 1: 33 kept of the scored, best 13 (R6 inline var_v0_3 @1105) · 49 compiles
    depth 1: 34 kept of the scored, best 30 (R6 inline a3 @7119) · 49 compiles
    depth 2: 84 kept of the scored, best 11 (R6 inline var_v0_3 @1105 + R12 width pos s32->u16 @1045) · 188 compiles
    depth 2: 62 kept of the scored, best 21 (R10 param-copy a0 @3473 + R7 do-while @3518) · 185 compiles
    depth 1: 29 kept of the scored, best 5 (R6 inline v0 @9115) · 49 compiles
    depth 3: 41 kept of the scored, best 12 (R12 width iVar3 int->u16 @3493 + R7 do-while @3542 + R12 width w3 int->s16 @3494) · 329 compiles
  ov_SC07_006__func_8016CBC0: NO-MATCH start=55 best=12 compiles=329 (104.6s, 4 copies, 1 needed, R12 width iVar3 int->u16 @3493 + R7 do-while @3542 + R12 width w3 int->s16 @3494)
    depth 3: 48 kept of the scored, best 11 (R8 temp tmp0 @8124 + R8 temp tmp1 @8129 + R8 hoist tmp2 @8162) · 331 compiles
  ov_SC06_010__func_8018315C: NO-MATCH start=11 best=11 compiles=331 (171.0s, 5 copies, 1 needed)
    depth 1: score 0 by R6 inline t @7202
  ov_SC06_010__func_80181D80: MATCH start=9 best=0 compiles=2 (2.4s, 6 copies, 1 needed, R6 inline t @7202)
    depth 3: 75 kept of the scored, best 9 (R6 inline var_v0_3 @1105 + R12 width pos s32->u16 @1045 + R14 param-width arg1 s32->s16 @1028) · 323 compiles
  ov_SC07_006__func_80136824: NO-MATCH start=21 best=9 compiles=323 (62.6s, 4 copies, 6 needed, R6 inline var_v0_3 @1105 + R12 width pos s32->u16 @1045 + R14 param-width arg1 s32->s16 @1028)
    depth 3: 27 kept of the scored, best 3 (R12 width t s32->u16 @6693 + R7 block @6798 + R10 param-copy param_1 @6696) · 329 compiles
  ov_SC07_010__func_8016A290: NO-MATCH start=3 best=3 compiles=329 (178.7s, 4 copies, 1 needed)
    depth 1: 22 kept of the scored, best 3 (R14 param-width arg2 s32->u16 @937) · 49 compiles
    depth 1: 25 kept of the scored, best 7 (R12 width sxy s32->s16 @2608) · 49 compiles
    depth 3: 53 kept of the scored, best 10 (R12 width uVar2 u32->u16 @6030 + R12 width uVar2 u16->s32 @6030 + R6 inline t @6049) · 322 compiles
  ov_MAIN_012__func_80162438: NO-MATCH start=10 best=10 compiles=322 (196.0s, 3 copies, 3 needed)
    depth 3: 64 kept of the scored, best 21 (R10 param-copy a0 @3473 + R7 do-while @3518 + R9 swap-stmts @3561) · 321 compiles
  ov_SC03_091__func_8018486C: NO-MATCH start=27 best=21 compiles=321 (103.7s, 3 copies, 3 needed, R10 param-copy a0 @3473 + R7 do-while @3518)
    depth 1: 20 kept of the scored, best 10 (R8 temp tmp0 @7100) · 49 compiles
    depth 2: 85 kept of the scored, best 11 (R12 width a3n s16->s32 @7101 + R12 width t1 s32->s16 @7103) · 191 compiles
    depth 1: 17 kept of the scored, best 34 (R7 do-while @5493) · 49 compiles
    depth 2: 63 kept of the scored, best 2 (R14 param-width arg2 s32->u16 @937 + R14 param-width arg1 s32->u16 @937) · 187 compiles
    depth 3: score 0 by R12 width a3n s16->s32 @7101 + R12 width t1 s32->s16 @7103 + R12 width a3 s32->s16 @7104
  ov_SC04_004__func_80182014: MATCH start=49 best=0 compiles=210 (82.5s, 4 copies, 2 needed, R12 width a3n s16->s32 @7101 + R12 width t1 s32->s16 @7103 + R12 width a3 s32->s16 @7104)
    depth 1: 19 kept of the scored, best 25 (R12 width dir s32->u16 @5454) · 49 compiles
    depth 1: 27 kept of the scored, best 10 (R6 inline lo @5920) · 49 compiles
    depth 1: 18 kept of the scored, best 16 (R12 width state u16->s32 @6988) · 49 compiles
    depth 2: 70 kept of the scored, best 5 (R12 width sxy s32->s16 @2608 + R6 inline sxy @2618) · 186 compiles
    depth 3: 66 kept of the scored, best 1 (R14 param-width arg2 s32->u16 @937 + R14 param-width arg1 s32->u16 @937 + R10 param-alias a1c->arg1 @963) · 323 compiles
  ov_SC07_006__func_801365B8: NO-MATCH start=11 best=1 compiles=323 (70.0s, 4 copies, 2 needed, R14 param-width arg2 s32->u16 @937 + R14 param-width arg1 s32->u16 @937 + R10 param-alias a1c->arg1 @963)
    depth 1: 31 kept of the scored, best 11 (R7 do-while @915) · 49 compiles
    depth 2: 75 kept of the scored, best 3 (R12 width v0 s32->u16 @9085 + R6 inline v0 @9113) · 185 compiles
    depth 3: score 0 by R12 width v0 s32->u16 @9085 + R6 inline v0 @9113 + R6 inline v0 @9109
  ov_SC03_006__func_80184CE8: MATCH start=8 best=0 compiles=187 (119.1s, 3 copies, 2 needed, R12 width v0 s32->u16 @9085 + R6 inline v0 @9113 + R6 inline v0 @9109)
    depth 1: score 0 by R6 inline p @8944
  ov_SC03_006__func_801849A0: MATCH start=14 best=0 compiles=2 (3.9s, 3 copies, 1 needed, R6 inline p @8944)
    depth 1: score 0 by R6 inline v0_val @8277
  ov_SC03_006__func_80183D18: MATCH start=6 best=0 compiles=2 (3.9s, 4 copies, 1 needed, R6 inline v0_val @8277)
    depth 2: 53 kept of the scored, best 25 (R12 width dir s32->u16 @5454 + R8 temp tmp0 @5536) · 187 compiles
    depth 2: 80 kept of the scored, best 2 (R7 do-while @915 + R12 width a2v s32->u16 @872) · 186 compiles
    depth 2: 55 kept of the scored, best 10 (R8 temp tmp0 @7100 + R6 inline tmp0 @7101) · 189 compiles
    depth 1: 43 kept of the scored, best 23 (R7 do-while @3956) · 49 compiles
    depth 2: 49 kept of the scored, best 24 (R7 do-while @5493 + R12 width iVar3 int->s16 @5454) · 189 compiles
    depth 3: 63 kept of the scored, best 5 (R12 width sxy s32->s16 @2608 + R8 temp tmp0 @2632 + R6 inline sxy @2619) · 327 compiles
  ov_SC07_006__func_8016B234: NO-MATCH start=13 best=5 compiles=327 (109.1s, 3 copies, 2 needed, R12 width sxy s32->s16 @2608 + R6 inline sxy @2618)
    depth 2: 55 kept of the scored, best 16 (R12 width state u16->s32 @6988 + R8 temp tmp0 @7016) · 187 compiles
    depth 3: 67 kept of the scored, best 2 (R7 do-while @915 + R14 param-width arg2 s32->u16 @859 + R10 param-alias a2v->arg2 @882) · 320 compiles
  ov_SC07_006__func_80136334: NO-MATCH start=24 best=2 compiles=320 (42.6s, 4 copies, 4 needed, R7 do-while @915 + R12 width a2v s32->u16 @872)
    depth 1: 26 kept of the scored, best 20 (R12 width a2v int->u8 @2187) · 49 compiles
    depth 1: 25 kept of the scored, best 54 (R7 do-while @746) · 49 compiles
    depth 2: 118 kept of the scored, best 21 (R7 do-while @3956 + R6 inline v0 @3966) · 189 compiles
    depth 2: 80 kept of the scored, best 10 (R6 inline lo @5920 + R6 inline last @5919) · 190 compiles
    depth 3: 50 kept of the scored, best 25 (R12 width dir s32->u16 @5454 + R8 temp tmp0 @5536 + R12 width tmp0 u16->s32 @5455) · 323 compiles
  ov_SC03_113__func_80181864: NO-MATCH start=25 best=25 compiles=323 (107.2s, 4 copies, 3 needed)
    depth 1: 20 kept of the scored, best 25 (R5 swap + @4213) · 49 compiles
    depth 2: 71 kept of the scored, best 17 (R12 width a2v int->u8 @2187 + R7 do-while @2190) · 185 compiles
    depth 2: 72 kept of the scored, best 48 (R7 do-while @746 + R7 do-while @753) · 192 compiles
    depth 3: 114 kept of the scored, best 9 (R7 do-while @3956 + R6 inline v0 @3966 + R6 inline v0 @3962) · 333 compiles
  ov_SC02_016__func_8018003C: NO-MATCH start=36 best=9 compiles=333 (53.7s, 4 copies, 4 needed, R7 do-while @3956 + R6 inline v0 @3966 + R6 inline v0 @3962)
    depth 1: 35 kept of the scored, best 25 (R12 width b s32->u16 @3511) · 49 compiles
    depth 3: 54 kept of the scored, best 10 (R8 temp tmp0 @7100 + R6 inline tmp0 @7101 + R8 temp tmp0 @7100) · 330 compiles
  ov_SC06_010__func_80181AD8: NO-MATCH start=10 best=10 compiles=330 (152.2s, 4 copies, 1 needed)
    depth 3: 56 kept of the scored, best 16 (R12 width state u16->s32 @6988 + R10 param-copy arg0 @6991 + R14 param-width arg0 s32->u16 @6982) · 322 compiles
  ov_SC04_004__func_80181DAC: NO-MATCH start=16 best=16 compiles=322 (128.0s, 3 copies, 2 needed)
    depth 3: 68 kept of the scored, best 47 (R7 do-while @746 + R7 do-while @753 + R6 inline w @821) · 328 compiles
  ov_SC07_006__func_80135EB0: NO-MATCH start=64 best=47 compiles=328 (45.2s, 4 copies, 6 needed, R7 do-while @746 + R7 do-while @753 + R6 inline w @821)
    depth 3: 38 kept of the scored, best 20 (R12 width iVar3 int->u16 @5454 + R7 do-while @5517 + R9 swap-stmts @5494) · 329 compiles
  ov_SC07_010__func_80166690: NO-MATCH start=41 best=20 compiles=329 (163.0s, 4 copies, 1 needed, R12 width iVar3 int->u16 @5454 + R7 do-while @5517 + R9 swap-stmts @5494)
    depth 3: 68 kept of the scored, best 17 (R12 width a2v int->u8 @2187 + R7 do-while @2190 + R8 hoist tmp0 @2192) · 317 compiles
  ov_SC07_006__func_80135168: NO-MATCH start=25 best=17 compiles=317 (62.7s, 4 copies, 5 needed, R12 width a2v int->u8 @2187 + R7 do-while @2190)
    depth 2: 100 kept of the scored, best 25 (R7 block @3558 + R12 width b s32->u16 @3511) · 187 compiles
    depth 1: 32 kept of the scored, best 15 (R12 width r s32->u16 @6956) · 42 compiles
    depth 1: 27 kept of the scored, best 63 (R12 width state u16->s16 @6892) · 49 compiles
    depth 1: 29 kept of the scored, best 31 (R7 do-while @7473) · 49 compiles
    depth 2: 62 kept of the scored, best 22 (R5 swap + @4213 + R7 do-while @4206) · 190 compiles
