10:56:05 apply t4_D7 rung D: 300 files, control src/ov_SC03_124/ov_SC03_124_jr_80188544.c IDENTICAL (0.08 s), calibration 8f99ec5a2
10:56:06   src/ov_MAIN_012/ov_MAIN_012_jr_8017CF3C.c: UNCHANGED · rows 0 · compiles 0 · 0.0 s · canon 0 promoted 0 K&R 0 aliases 0 abs 0 kept 0
10:56:06   src/ov_MAIN_012/ov_MAIN_012_jr_8017CA18.c: UNCHANGED · rows 0 · compiles 0 · 0.0 s · canon 0 promoted 0 K&R 0 aliases 0 abs 0 kept 0
10:56:06   src/ov_MAIN_012/ov_MAIN_012_jr_8017C3BC.c: UNCHANGED · rows 0 · compiles 0 · 0.0 s · canon 0 promoted 0 K&R 0 aliases 0 abs 0 kept 0
10:56:07   src/ov_SC07_002/ov_SC07_002_jr_8017C8D0.c: UNCHANGED · rows 0 · compiles 0 · 0.0 s · canon 0 promoted 0 K&R 0 aliases 0 abs 0 kept 0
10:56:07   src/ov_MAIN_012/ov_MAIN_012_jr_801789AC.c: UNCHANGED · rows 0 · compiles 0 · 0.0 s · canon 0 promoted 0 K&R 0 aliases 0 abs 0 kept 0
10:56:07   src/ov_SC04_015/ov_SC04_015_jr_801820DC.c: UNCHANGED · rows 0 · compiles 0 · 0.0 s · canon 0 promoted 0 K&R 0 aliases 0 abs 0 kept 0
10:56:08   src/ov_SC06_025/ov_SC06_025_jr_8017EEC4.c: UNCHANGED · rows 0 · compiles 0 · 0.0 s · canon 0 promoted 0 K&R 0 aliases 0 abs 0 kept 0
10:56:08   src/ov_SC03_124/ov_SC03_124_jr_80188544.c: UNCHANGED · rows 0 · compiles 0 · 0.0 s · canon 0 promoted 0 K&R 0 aliases 0 abs 0 kept 0
10:56:08   src/ov_SC07_000/ov_SC07_000_jr_8017F8B8.c: UNCHANGED · rows 0 · compiles 0 · 0.0 s · canon 0 promoted 0 K&R 0 aliases 0 abs 0 kept 0
10:56:08   src/ov_SC02_037/ov_SC02_037_jr_801789AC.c: UNCHANGED · rows 0 · compiles 0 · 0.0 s · canon 0 promoted 0 K&R 0 aliases 0 abs 0 kept 0
10:56:09   src/ov_SC02_037/ov_SC02_037_jr_8017AE2C.c: UNCHANGED · rows 0 · compiles 0 · 0.0 s · canon 0 promoted 0 K&R 0 aliases 0 abs 0 kept 0
10:56:09   src/ov_SC03_107/ov_SC03_107_jr_801789AC.c: UNCHANGED · rows 0 · compiles 0 · 0.0 s · canon 0 promoted 0 K&R 0 aliases 0 abs 0 kept 0
10:56:09   src/ov_SC07_006/ov_SC07_006_jr_80183814.c: UNCHANGED · rows 0 · compiles 0 · 0.0 s · canon 0 promoted 0 K&R 0 aliases 0 abs 0 kept 0
10:56:09   src/ov_SC06_018/ov_SC06_018_jr_8017C24C.c: UNCHANGED · rows 0 · compiles 0 · 0.0 s · canon 0 promoted 0 K&R 0 aliases 0 abs 0 kept 0
10:56:09   src/ov_SC07_006/ov_SC07_006_jr_8017BEBC.c: UNCHANGED · rows 0 · compiles 0 · 0.0 s · canon 0 promoted 0 K&R 0 aliases 0 abs 0 kept 0
10:56:09   src/ov_SC06_018/ov_SC06_018_jr_80187AEC.c: UNCHANGED · rows 0 · compiles 0 · 0.0 s · canon 0 promoted 0 K&R 0 aliases 0 abs 0 kept 0
10:56:10   src/ov_SC04_011/ov_SC04_011_jr_8017D494.c: UNCHANGED · rows 0 · compiles 0 · 0.0 s · canon 0 promoted 0 K&R 0 aliases 0 abs 0 kept 0
10:56:10   src/ov_SC06_018/ov_SC06_018_jr_8018FF98.c: UNCHANGED · rows 0 · compiles 0 · 0.0 s · canon 0 promoted 0 K&R 0 aliases 0 abs 0 kept 0
10:56:10   src/ov_SC07_006/ov_SC07_006_jr_8017AE2C.c: UNCHANGED · rows 0 · compiles 0 · 0.0 s · canon 0 promoted 0 K&R 0 aliases 0 abs 0 kept 0
10:56:10   src/ov_MAIN_012/ov_MAIN_012_jr_8016AB6C.c: UNCHANGED · rows 0 · compiles 0 · 0.0 s · canon 0 promoted 0 K&R 0 aliases 0 abs 0 kept 0
10:56:11   src/ov_SC06_000/ov_SC06_000_jr_8017AE2C.c: UNCHANGED · rows 0 · compiles 0 · 0.0 s · canon 0 promoted 0 K&R 0 aliases 0 abs 0 kept 0
10:56:11   src/ov_SC02_037/ov_SC02_037_jr_8016AB6C.c: UNCHANGED · rows 0 · compiles 0 · 0.0 s · canon 0 promoted 0 K&R 0 aliases 0 abs 0 kept 0
10:56:11   src/ov_SC05_018/ov_SC05_018_jr_8017D604.c: UNCHANGED · rows 0 · compiles 0 · 0.0 s · canon 0 promoted 0 K&R 0 aliases 0 abs 0 kept 0
10:56:12   src/ov_SC06_032/ov_SC06_032_jr_80182890.c: UNCHANGED · rows 0 · compiles 0 · 0.0 s · canon 0 promoted 0 K&R 0 aliases 0 abs 0 kept 0
10:56:12   src/ov_SC06_032/ov_SC06_032_jr_8018FCE8.c: UNCHANGED · rows 0 · compiles 0 · 0.0 s · canon 0 promoted 0 K&R 0 aliases 0 abs 0 kept 0
10:56:12   src/ov_SC06_032/ov_SC06_032_jr_801919A0.c: UNCHANGED · rows 0 · compiles 0 · 0.0 s · canon 0 promoted 0 K&R 0 aliases 0 abs 0 kept 0
10:56:13   src/ov_SC06_006/ov_SC06_006_jr_8017DB90.c: UNCHANGED · rows 0 · compiles 0 · 0.0 s · canon 0 promoted 0 K&R 0 aliases 0 abs 0 kept 0
10:56:13   src/ov_SC06_016/ov_SC06_016_jr_801816DC.c: UNCHANGED · rows 0 · compiles 0 · 0.0 s · canon 0 promoted 0 K&R 0 aliases 0 abs 0 kept 0
10:56:13   src/ov_SC06_018/ov_SC06_018_jr_80186270.c: UNCHANGED · rows 0 · compiles 0 · 0.0 s · canon 0 promoted 0 K&R 0 aliases 0 abs 0 kept 0
10:56:13   src/ov_SC06_032/ov_SC06_032_jr_801902EC.c: UNCHANGED · rows 0 · compiles 0 · 0.0 s · canon 0 promoted 0 K&R 0 aliases 0 abs 0 kept 0
10:56:13   src/ov_SC03_118/ov_SC03_118_o0d.c: UNCHANGED · rows 0 · compiles 0 · 0.0 s · canon 0 promoted 0 K&R 0 aliases 0 abs 0 kept 0
10:56:13   src/ov_SC07_006/ov_SC07_006_jr_801789AC.c: UNCHANGED · rows 0 · compiles 0 · 0.0 s · canon 0 promoted 0 K&R 0 aliases 0 abs 0 kept 0
10:56:13   src/ov_SC04_015/ov_SC04_015_jr_8017AE2C.c: UNCHANGED · rows 0 · compiles 0 · 0.0 s · canon 0 promoted 0 K&R 0 aliases 0 abs 0 kept 0
10:56:14   src/ov_SC02_037/ov_SC02_037_jr_80171B4C.c: UNCHANGED · rows 0 · compiles 0 · 0.0 s · canon 0 promoted 0 K&R 0 aliases 0 abs 0 kept 0
10:56:14   src/ov_SC03_107/ov_SC03_107_jr_80171B4C.c: UNCHANGED · rows 0 · compiles 0 · 0.0 s · canon 0 promoted 0 K&R 0 aliases 0 abs 0 kept 0
10:56:14   src/ov_SC06_008/ov_SC06_008_jr_8017C294.c: UNCHANGED · rows 0 · compiles 0 · 0.0 s · canon 0 promoted 0 K&R 0 aliases 0 abs 0 kept 0
10:56:14   src/ov_SC02_037/ov_SC02_037_jr_8016AE5C.c: UNCHANGED · rows 0 · compiles 0 · 0.0 s · canon 0 promoted 0 K&R 0 aliases 0 abs 0 kept 0
10:56:14   src/ov_MAIN_012/ov_MAIN_012_jr_80171B4C.c: UNCHANGED · rows 0 · compiles 0 · 0.0 s · canon 0 promoted 0 K&R 0 aliases 0 abs 0 kept 0
10:56:14   src/ov_MAIN_012/ov_MAIN_012_jr_8016AE5C.c: UNCHANGED · rows 0 · compiles 0 · 0.0 s · canon 0 promoted 0 K&R 0 aliases 0 abs 0 kept 0
10:56:14   src/ov_SC03_107/ov_SC03_107_jr_8016AE5C.c: UNCHANGED · rows 0 · compiles 0 · 0.0 s · canon 0 promoted 0 K&R 0 aliases 0 abs 0 kept 0
10:56:14   src/ov_SC03_092/ov_SC03_092_jr_8017FE88.c: UNCHANGED · rows 0 · compiles 0 · 0.0 s · canon 0 promoted 0 K&R 0 aliases 0 abs 0 kept 0
10:56:14   src/ov_SC06_022/ov_SC06_022_jr_80184A28.c: UNCHANGED · rows 0 · compiles 0 · 0.0 s · canon 0 promoted 0 K&R 0 aliases 0 abs 0 kept 0
10:56:15   src/ov_SC06_033/ov_SC06_033_jr_8018BCD4.c: UNCHANGED · rows 0 · compiles 0 · 0.0 s · canon 0 promoted 0 K&R 0 aliases 0 abs 0 kept 0
10:56:15   src/ov_SC03_124/ov_SC03_124_jr_80187010.c: UNCHANGED · rows 0 · compiles 0 · 0.0 s · canon 0 promoted 0 K&R 0 aliases 0 abs 0 kept 0
10:56:15   src/ov_SC06_033/ov_SC06_033_jr_8017C24C.c: UNCHANGED · rows 0 · compiles 0 · 0.0 s · canon 0 promoted 0 K&R 0 aliases 0 abs 0 kept 0
10:56:15   src/ov_SC06_033/ov_SC06_033_jr_8018D98C.c: UNCHANGED · rows 0 · compiles 0 · 0.0 s · canon 0 promoted 0 K&R 0 aliases 0 abs 0 kept 0
10:56:15   src/ov_SC06_033/ov_SC06_033_jr_8018C2D8.c: UNCHANGED · rows 0 · compiles 0 · 0.0 s · canon 0 promoted 0 K&R 0 aliases 0 abs 0 kept 0
10:56:15   src/ov_SC03_124/ov_SC03_124_jr_80185C98.c: UNCHANGED · rows 0 · compiles 0 · 0.0 s · canon 0 promoted 0 K&R 0 aliases 0 abs 0 kept 0
10:56:15   src/ov_SC06_024/ov_SC06_024_jr_80186F00.c: UNCHANGED · rows 0 · compiles 0 · 0.0 s · canon 0 promoted 0 K&R 0 aliases 0 abs 0 kept 0
10:56:15   src/ov_SC07_006/ov_SC07_006_jr_80179B74.c: UNCHANGED · rows 0 · compiles 0 · 0.0 s · canon 0 promoted 0 K&R 0 aliases 0 abs 0 kept 0
10:56:15   src/ov_SC06_033/ov_SC06_033_jr_80186574.c: UNCHANGED · rows 0 · compiles 0 · 0.0 s · canon 0 promoted 0 K&R 0 aliases 0 abs 0 kept 0
10:56:15   src/ov_SC06_033/ov_SC06_033_jr_80184CF8.c: UNCHANGED · rows 0 · compiles 0 · 0.0 s · canon 0 promoted 0 K&R 0 aliases 0 abs 0 kept 0
10:56:15   src/ov_SC06_033/ov_SC06_033_jr_801836FC.c: UNCHANGED · rows 0 · compiles 0 · 0.0 s · canon 0 promoted 0 K&R 0 aliases 0 abs 0 kept 0
10:56:16   src/ov_SC04_018/ov_SC04_018_jr_8018CC40.c: UNCHANGED · rows 0 · compiles 0 · 0.0 s · canon 0 promoted 0 K&R 0 aliases 0 abs 0 kept 0
10:56:16   src/ov_SC04_018/ov_SC04_018_jr_80186570.c: UNCHANGED · rows 0 · compiles 0 · 0.0 s · canon 0 promoted 0 K&R 0 aliases 0 abs 0 kept 0
10:56:16   src/ov_SC04_018/ov_SC04_018_jr_80188E1C.c: UNCHANGED · rows 0 · compiles 0 · 0.0 s · canon 0 promoted 0 K&R 0 aliases 0 abs 0 kept 0
10:56:16   src/ov_SC04_018/ov_SC04_018_jr_801878E8.c: UNCHANGED · rows 0 · compiles 0 · 0.0 s · canon 0 promoted 0 K&R 0 aliases 0 abs 0 kept 0
10:56:16   src/ov_SC06_010/ov_SC06_010_jr_8017A4AC.c: UNCHANGED · rows 0 · compiles 0 · 0.0 s · canon 0 promoted 0 K&R 0 aliases 0 abs 0 kept 0
10:56:16   src/ov_SC05_018/ov_SC05_018_jr_80185754.c: UNCHANGED · rows 0 · compiles 0 · 0.0 s · canon 0 promoted 0 K&R 0 aliases 0 abs 0 kept 0
10:56:17   src/ov_SC07_007/ov_SC07_007_jr_8017BEBC.c: UNCHANGED · rows 0 · compiles 0 · 0.0 s · canon 0 promoted 0 K&R 0 aliases 0 abs 0 kept 0
10:56:17   src/ov_SC03_124/ov_SC03_124_jr_80185498.c: UNCHANGED · rows 0 · compiles 0 · 0.0 s · canon 0 promoted 0 K&R 0 aliases 0 abs 0 kept 0
10:56:17   src/ov_SC05_017/ov_SC05_017_jr_8018C694.c: UNCHANGED · rows 0 · compiles 0 · 0.0 s · canon 0 promoted 0 K&R 0 aliases 0 abs 0 kept 0
10:56:17   src/ov_SC05_017/ov_SC05_017_jr_80188B1C.c: UNCHANGED · rows 0 · compiles 0 · 0.0 s · canon 0 promoted 0 K&R 0 aliases 0 abs 0 kept 0
10:56:17   src/ov_SC05_017/ov_SC05_017_jr_80186270.c: UNCHANGED · rows 0 · compiles 0 · 0.0 s · canon 0 promoted 0 K&R 0 aliases 0 abs 0 kept 0
10:56:18   src/ov_SC04_007/ov_SC04_007_jr_8017BEBC.c: UNCHANGED · rows 0 · compiles 0 · 0.0 s · canon 0 promoted 0 K&R 0 aliases 0 abs 0 kept 0
10:56:18   src/ov_SC04_008/ov_SC04_008_jr_8017AE2C.c: UNCHANGED · rows 0 · compiles 0 · 0.0 s · canon 0 promoted 0 K&R 0 aliases 0 abs 0 kept 0
10:56:18   src/ov_SC05_017/ov_SC05_017_jr_801875E8.c: UNCHANGED · rows 0 · compiles 0 · 0.0 s · canon 0 promoted 0 K&R 0 aliases 0 abs 0 kept 0
10:56:18   src/ov_SC04_018/ov_SC04_018_jr_80185D70.c: UNCHANGED · rows 0 · compiles 0 · 0.0 s · canon 0 promoted 0 K&R 0 aliases 0 abs 0 kept 0
10:56:18   src/ov_SC04_021/ov_SC04_021_jr_8017D5C0.c: UNCHANGED · rows 0 · compiles 0 · 0.0 s · canon 0 promoted 0 K&R 0 aliases 0 abs 0 kept 0
10:56:18   src/ov_SC05_017/ov_SC05_017_jr_80185A70.c: UNCHANGED · rows 0 · compiles 0 · 0.0 s · canon 0 promoted 0 K&R 0 aliases 0 abs 0 kept 0
10:56:18   src/ov_SC03_126/ov_SC03_126_jr_8017D5C0.c: UNCHANGED · rows 0 · compiles 0 · 0.0 s · canon 0 promoted 0 K&R 0 aliases 0 abs 0 kept 0
10:56:18   src/ov_SC05_019/ov_SC05_019_jr_8017D5C0.c: UNCHANGED · rows 0 · compiles 0 · 0.0 s · canon 0 promoted 0 K&R 0 aliases 0 abs 0 kept 0
10:56:18   src/ov_SC03_110/ov_SC03_110_jr_8017FBC8.c: UNCHANGED · rows 0 · compiles 0 · 0.0 s · canon 0 promoted 0 K&R 0 aliases 0 abs 0 kept 0
10:56:18   src/ov_SC05_009/ov_SC05_009_jr_8017BEBC.c: UNCHANGED · rows 0 · compiles 0 · 0.0 s · canon 0 promoted 0 K&R 0 aliases 0 abs 0 kept 0
10:56:19   src/ov_SC05_017/ov_SC05_017_jr_801808D4.c: UNCHANGED · rows 0 · compiles 0 · 0.0 s · canon 0 promoted 0 K&R 0 aliases 0 abs 0 kept 0
10:56:19   src/ov_SC06_029/ov_SC06_029_jr_8017C954.c: UNCHANGED · rows 0 · compiles 0 · 0.0 s · canon 0 promoted 0 K&R 0 aliases 0 abs 0 kept 0
10:56:19   src/ov_SC06_006/ov_SC06_006_jr_8017BEBC.c: UNCHANGED · rows 0 · compiles 0 · 0.0 s · canon 0 promoted 0 K&R 0 aliases 0 abs 0 kept 0
10:56:20   src/ov_SC02_017/ov_SC02_017_jr_8017DF34.c: UNCHANGED · rows 0 · compiles 0 · 0.0 s · canon 0 promoted 0 K&R 0 aliases 0 abs 0 kept 0
10:56:20   src/ov_SC02_017/ov_SC02_017_jr_80186C64.c: UNCHANGED · rows 0 · compiles 0 · 0.0 s · canon 0 promoted 0 K&R 0 aliases 0 abs 0 kept 0
10:56:20   src/ov_SC03_124/ov_SC03_124_jr_80181B44.c: UNCHANGED · rows 0 · compiles 0 · 0.0 s · canon 0 promoted 0 K&R 0 aliases 0 abs 0 kept 0
10:56:20   src/ov_SC05_017/ov_SC05_017_jr_801828EC.c: UNCHANGED · rows 0 · compiles 0 · 0.0 s · canon 0 promoted 0 K&R 0 aliases 0 abs 0 kept 0
10:56:20   src/ov_SC03_011/ov_SC03_011_jr_8017C730.c: UNCHANGED · rows 0 · compiles 0 · 0.0 s · canon 0 promoted 0 K&R 0 aliases 0 abs 0 kept 0
10:56:20   src/ov_SC06_032/ov_SC06_032_jr_8017C24C.c: UNCHANGED · rows 0 · compiles 0 · 0.0 s · canon 0 promoted 0 K&R 0 aliases 0 abs 0 kept 0
10:56:20   src/ov_SC03_097/ov_SC03_097_jr_8017D898.c: UNCHANGED · rows 0 · compiles 0 · 0.0 s · canon 0 promoted 0 K&R 0 aliases 0 abs 0 kept 0
10:56:20   src/ov_SC04_018/ov_SC04_018_jr_80183E6C.c: UNCHANGED · rows 0 · compiles 0 · 0.0 s · canon 0 promoted 0 K&R 0 aliases 0 abs 0 kept 0
10:56:21   src/ov_SC04_018/ov_SC04_018_jr_8017AE2C.c: UNCHANGED · rows 0 · compiles 0 · 0.0 s · canon 0 promoted 0 K&R 0 aliases 0 abs 0 kept 0
10:56:21   src/ov_SC03_001/ov_SC03_001_jr_8018631C.c: UNCHANGED · rows 0 · compiles 0 · 0.0 s · canon 0 promoted 0 K&R 0 aliases 0 abs 0 kept 0
10:56:21   src/ov_SC03_001/ov_SC03_001_jr_80188830.c: UNCHANGED · rows 0 · compiles 0 · 0.0 s · canon 0 promoted 0 K&R 0 aliases 0 abs 0 kept 0
10:56:21   src/ov_SC03_001/ov_SC03_001_jr_80189030.c: UNCHANGED · rows 0 · compiles 0 · 0.0 s · canon 0 promoted 0 K&R 0 aliases 0 abs 0 kept 0
10:56:21   src/ov_SC03_001/ov_SC03_001_jr_8018A3A8.c: UNCHANGED · rows 0 · compiles 0 · 0.0 s · canon 0 promoted 0 K&R 0 aliases 0 abs 0 kept 0
10:56:21   src/ov_SC03_001/ov_SC03_001_jr_8018B8DC.c: UNCHANGED · rows 0 · compiles 0 · 0.0 s · canon 0 promoted 0 K&R 0 aliases 0 abs 0 kept 0
10:56:21   src/ov_SC01_077/ov_SC01_077_jr_80182268.c: UNCHANGED · rows 0 · compiles 0 · 0.0 s · canon 0 promoted 0 K&R 0 aliases 0 abs 0 kept 0
10:56:21   src/ov_SC03_001/ov_SC03_001_jr_801870B0.c: UNCHANGED · rows 0 · compiles 0 · 0.0 s · canon 0 promoted 0 K&R 0 aliases 0 abs 0 kept 0
10:56:22   src/ov_SC04_020/ov_SC04_020_jr_8017D604.c: UNCHANGED · rows 0 · compiles 0 · 0.0 s · canon 0 promoted 0 K&R 0 aliases 0 abs 0 kept 0
10:56:22   src/ov_SC03_125/ov_SC03_125_jr_8017D604.c: UNCHANGED · rows 0 · compiles 0 · 0.0 s · canon 0 promoted 0 K&R 0 aliases 0 abs 0 kept 0
10:56:22   src/ov_SC06_014/ov_SC06_014_jr_8017BEBC.c: UNCHANGED · rows 0 · compiles 0 · 0.0 s · canon 0 promoted 0 K&R 0 aliases 0 abs 0 kept 0
10:56:22   src/ov_SC05_002/ov_SC05_002_jr_8017BEBC.c: UNCHANGED · rows 0 · compiles 0 · 0.0 s · canon 0 promoted 0 K&R 0 aliases 0 abs 0 kept 0
10:56:22   src/ov_SC07_006/ov_SC07_006_jr_80171B4C.c: UNCHANGED · rows 0 · compiles 0 · 0.0 s · canon 0 promoted 0 K&R 0 aliases 0 abs 0 kept 0
10:56:22   src/ov_SC07_006/ov_SC07_006_jr_8016AE5C.c: UNCHANGED · rows 0 · compiles 0 · 0.0 s · canon 0 promoted 0 K&R 0 aliases 0 abs 0 kept 0
10:56:22   src/ov_SC03_111/ov_SC03_111_jr_8017EC58.c: UNCHANGED · rows 0 · compiles 0 · 0.0 s · canon 0 promoted 0 K&R 0 aliases 0 abs 0 kept 0
10:56:22   src/ov_SC03_029/ov_SC03_029_jr_80186A34.c: UNCHANGED · rows 0 · compiles 0 · 0.0 s · canon 0 promoted 0 K&R 0 aliases 0 abs 0 kept 0
10:56:22   src/ov_SC06_024/ov_SC06_024_jr_80183B3C.c: UNCHANGED · rows 0 · compiles 0 · 0.0 s · canon 0 promoted 0 K&R 0 aliases 0 abs 0 kept 0
10:56:22   src/ov_SC07_000/ov_SC07_000_jr_8017BEBC.c: UNCHANGED · rows 0 · compiles 0 · 0.0 s · canon 0 promoted 0 K&R 0 aliases 0 abs 0 kept 0
10:56:23   src/ov_SC01_077/ov_SC01_077_jr_80180B64.c: UNCHANGED · rows 0 · compiles 0 · 0.0 s · canon 0 promoted 0 K&R 0 aliases 0 abs 0 kept 0
10:56:23   src/ov_SC04_016/ov_SC04_016_jr_8017BEBC.c: UNCHANGED · rows 0 · compiles 0 · 0.0 s · canon 0 promoted 0 K&R 0 aliases 0 abs 0 kept 0
10:56:23   src/ov_SC05_008/ov_SC05_008_jr_8017AE2C.c: UNCHANGED · rows 0 · compiles 0 · 0.0 s · canon 0 promoted 0 K&R 0 aliases 0 abs 0 kept 0
10:56:23   src/ov_SC06_029/ov_SC06_029_jr_801898CC.c: UNCHANGED · rows 0 · compiles 0 · 0.0 s · canon 0 promoted 0 K&R 0 aliases 0 abs 0 kept 0
10:56:23   src/ov_SC04_004/ov_SC04_004_jr_8017AE2C.c: UNCHANGED · rows 0 · compiles 0 · 0.0 s · canon 0 promoted 0 K&R 0 aliases 0 abs 0 kept 0
10:56:23   src/ov_SC03_001/ov_SC03_001_jr_80184F64.c: UNCHANGED · rows 0 · compiles 0 · 0.0 s · canon 0 promoted 0 K&R 0 aliases 0 abs 0 kept 0
10:56:23   src/ov_SC03_001/ov_SC03_001_jr_80184DDC.c: UNCHANGED · rows 0 · compiles 0 · 0.0 s · canon 0 promoted 0 K&R 0 aliases 0 abs 0 kept 0
10:56:23   src/ov_SC06_015/ov_SC06_015_jr_8017BEBC.c: UNCHANGED · rows 0 · compiles 0 · 0.0 s · canon 0 promoted 0 K&R 0 aliases 0 abs 0 kept 0
10:56:23   src/ov_SC03_089/ov_SC03_089_jr_8017CA80.c: UNCHANGED · rows 0 · compiles 0 · 0.0 s · canon 0 promoted 0 K&R 0 aliases 0 abs 0 kept 0
10:56:24   src/ov_SC05_017/ov_SC05_017_jr_80182A74.c: UNCHANGED · rows 0 · compiles 0 · 0.0 s · canon 0 promoted 0 K&R 0 aliases 0 abs 0 kept 0
10:56:24   src/ov_SC06_032/ov_SC06_032_jr_80181014.c: UNCHANGED · rows 0 · compiles 0 · 0.0 s · canon 0 promoted 0 K&R 0 aliases 0 abs 0 kept 0
10:56:24   src/ov_SC06_025/ov_SC06_025_jr_8017BEBC.c: UNCHANGED · rows 0 · compiles 0 · 0.0 s · canon 0 promoted 0 K&R 0 aliases 0 abs 0 kept 0
10:56:24   src/ov_SC03_099/ov_SC03_099_jr_8017BEBC.c: UNCHANGED · rows 0 · compiles 0 · 0.0 s · canon 0 promoted 0 K&R 0 aliases 0 abs 0 kept 0
10:56:24   src/ov_SC05_007/ov_SC05_007_jr_8017BEBC.c: UNCHANGED · rows 0 · compiles 0 · 0.0 s · canon 0 promoted 0 K&R 0 aliases 0 abs 0 kept 0
10:56:24   src/ov_SC03_115/ov_SC03_115_jr_8017BEBC.c: UNCHANGED · rows 0 · compiles 0 · 0.0 s · canon 0 promoted 0 K&R 0 aliases 0 abs 0 kept 0
10:56:24   src/ov_SC05_011/ov_SC05_011_jr_8017BEBC.c: UNCHANGED · rows 0 · compiles 0 · 0.0 s · canon 0 promoted 0 K&R 0 aliases 0 abs 0 kept 0
10:56:24   src/ov_SC07_001/ov_SC07_001_jr_8017BEBC.c: UNCHANGED · rows 0 · compiles 0 · 0.0 s · canon 0 promoted 0 K&R 0 aliases 0 abs 0 kept 0
10:56:24   src/ov_SC05_010/ov_SC05_010_jr_8018473C.c: UNCHANGED · rows 0 · compiles 0 · 0.0 s · canon 0 promoted 0 K&R 0 aliases 0 abs 0 kept 0
10:56:25   src/ov_SC06_020/ov_SC06_020_jr_8017C24C.c: UNCHANGED · rows 0 · compiles 0 · 0.0 s · canon 0 promoted 0 K&R 0 aliases 0 abs 0 kept 0
10:56:25   src/ov_SC06_016/ov_SC06_016_jr_801839D0.c: UNCHANGED · rows 0 · compiles 0 · 0.0 s · canon 0 promoted 0 K&R 0 aliases 0 abs 0 kept 0
10:56:25   src/ov_SC02_035/ov_SC02_035_jr_8017BEBC.c: UNCHANGED · rows 0 · compiles 0 · 0.0 s · canon 0 promoted 0 K&R 0 aliases 0 abs 0 kept 0
10:56:25   src/ov_SC05_017/ov_SC05_017_jr_8017AE2C.c: UNCHANGED · rows 0 · compiles 0 · 0.0 s · canon 0 promoted 0 K&R 0 aliases 0 abs 0 kept 0
10:56:25   src/ov_SC03_092/ov_SC03_092_jr_8017AE2C.c: UNCHANGED · rows 0 · compiles 0 · 0.0 s · canon 0 promoted 0 K&R 0 aliases 0 abs 0 kept 0
10:56:25   src/ov_SC06_022/ov_SC06_022_jr_80180CD0.c: UNCHANGED · rows 0 · compiles 0 · 0.0 s · canon 0 promoted 0 K&R 0 aliases 0 abs 0 kept 0
10:56:25   src/ov_SC07_000/ov_SC07_000_jr_8017ECB4.c: UNCHANGED · rows 0 · compiles 0 · 0.0 s · canon 0 promoted 0 K&R 0 aliases 0 abs 0 kept 0
10:56:25   src/ov_SC06_024/ov_SC06_024_jr_80181D34.c: UNCHANGED · rows 0 · compiles 0 · 0.0 s · canon 0 promoted 0 K&R 0 aliases 0 abs 0 kept 0
10:56:25   src/ov_SC02_037/ov_SC02_037_jr_80159C84.c: UNCHANGED · rows 0 · compiles 0 · 0.0 s · canon 0 promoted 0 K&R 0 aliases 0 abs 0 kept 0
10:56:25   src/ov_MAIN_012/ov_MAIN_012_jr_801594E8.c: UNCHANGED · rows 0 · compiles 0 · 0.0 s · canon 0 promoted 0 K&R 0 aliases 0 abs 0 kept 0
10:56:25   src/ov_SC02_037/ov_SC02_037_jr_801594E8.c: UNCHANGED · rows 0 · compiles 0 · 0.0 s · canon 0 promoted 0 K&R 0 aliases 0 abs 0 kept 0
10:56:25   src/ov_MAIN_012/ov_MAIN_012_jr_80159C84.c: UNCHANGED · rows 0 · compiles 0 · 0.0 s · canon 0 promoted 0 K&R 0 aliases 0 abs 0 kept 0
10:56:25   src/ov_SC03_104/ov_SC03_104_jr_8017CA80.c: UNCHANGED · rows 0 · compiles 0 · 0.0 s · canon 0 promoted 0 K&R 0 aliases 0 abs 0 kept 0
10:56:26   src/ov_SC01_077/ov_SC01_077_jr_80183CF4.c: UNCHANGED · rows 0 · compiles 0 · 0.0 s · canon 0 promoted 0 K&R 0 aliases 0 abs 0 kept 0
10:56:26   src/ov_SC03_006/ov_SC03_006_jr_8017AE2C.c: UNCHANGED · rows 0 · compiles 0 · 0.0 s · canon 0 promoted 0 K&R 0 aliases 0 abs 0 kept 0
10:56:26   src/ov_SC03_097/ov_SC03_097_jr_801851B8.c: UNCHANGED · rows 0 · compiles 0 · 0.0 s · canon 0 promoted 0 K&R 0 aliases 0 abs 0 kept 0
10:56:26   src/ov_SC03_107/ov_SC03_107_jr_80159C84.c: UNCHANGED · rows 0 · compiles 0 · 0.0 s · canon 0 promoted 0 K&R 0 aliases 0 abs 0 kept 0
10:56:26   src/ov_SC03_107/ov_SC03_107_jr_801594E8.c: UNCHANGED · rows 0 · compiles 0 · 0.0 s · canon 0 promoted 0 K&R 0 aliases 0 abs 0 kept 0
10:56:26   src/ov_SC03_126/ov_SC03_126_jr_801789AC.c: UNCHANGED · rows 0 · compiles 0 · 0.0 s · canon 0 promoted 0 K&R 0 aliases 0 abs 0 kept 0
10:56:26   src/ov_SC03_125/ov_SC03_125_jr_80182BA0.c: UNCHANGED · rows 0 · compiles 0 · 0.0 s · canon 0 promoted 0 K&R 0 aliases 0 abs 0 kept 0
10:56:26   src/ov_SC03_012/ov_SC03_012_jr_8017AE2C.c: UNCHANGED · rows 0 · compiles 0 · 0.0 s · canon 0 promoted 0 K&R 0 aliases 0 abs 0 kept 0
10:56:26   src/ov_SC02_000/ov_SC02_000_jr_8017FCB0.c: UNCHANGED · rows 0 · compiles 0 · 0.0 s · canon 0 promoted 0 K&R 0 aliases 0 abs 0 kept 0
10:56:26   src/ov_SC03_030/ov_SC03_030_jr_8017AE2C.c: UNCHANGED · rows 0 · compiles 0 · 0.0 s · canon 0 promoted 0 K&R 0 aliases 0 abs 0 kept 0
10:56:26   src/ov_SC03_116/ov_SC03_116_jr_8017AE2C.c: UNCHANGED · rows 0 · compiles 0 · 0.0 s · canon 0 promoted 0 K&R 0 aliases 0 abs 0 kept 0
10:56:27   src/ov_SC03_114/ov_SC03_114_jr_8017BEBC.c: UNCHANGED · rows 0 · compiles 0 · 0.0 s · canon 0 promoted 0 K&R 0 aliases 0 abs 0 kept 0
10:56:27   src/ov_SC03_105/ov_SC03_105_jr_80181C84.c: UNCHANGED · rows 0 · compiles 0 · 0.0 s · canon 0 promoted 0 K&R 0 aliases 0 abs 0 kept 0
10:56:27   src/ov_SC04_005/ov_SC04_005_jr_8017BEBC.c: UNCHANGED · rows 0 · compiles 0 · 0.0 s · canon 0 promoted 0 K&R 0 aliases 0 abs 0 kept 0
10:56:27   src/ov_SC04_020/ov_SC04_020_jr_8018254C.c: UNCHANGED · rows 0 · compiles 0 · 0.0 s · canon 0 promoted 0 K&R 0 aliases 0 abs 0 kept 0
10:56:27   src/ov_SC04_021/ov_SC04_021_jr_801789AC.c: UNCHANGED · rows 0 · compiles 0 · 0.0 s · canon 0 promoted 0 K&R 0 aliases 0 abs 0 kept 0
10:56:29     unit 5: COMPILE-ERROR src/ov_SC04_007/ov_SC04_007_jr_801734BC.c:1713: parse error before `*' | src/ov_SC04_007/ov_SC04_007_jr_801734BC.c:1870: parse error before 
10:56:30     unit 5: COMPILE-ERROR src/ov_SC04_009/ov_SC04_009_jr_801734BC.c:1713: parse error before `*' | src/ov_SC04_009/ov_SC04_009_jr_801734BC.c:1870: parse error before 
10:56:30     unit 5: COMPILE-ERROR src/ov_SC04_015/ov_SC04_015_jr_801734BC.c:1713: parse error before `*' | src/ov_SC04_015/ov_SC04_015_jr_801734BC.c:1870: parse error before 
10:56:30     unit 5: COMPILE-ERROR src/ov_SC04_016/ov_SC04_016_jr_801734BC.c:1713: parse error before `*' | src/ov_SC04_016/ov_SC04_016_jr_801734BC.c:1870: parse error before 
10:56:30     unit 5: COMPILE-ERROR src/ov_SC04_020/ov_SC04_020_jr_801734BC.c:1713: parse error before `*' | src/ov_SC04_020/ov_SC04_020_jr_801734BC.c:1870: parse error before 
10:56:30     unit 5: COMPILE-ERROR src/ov_SC04_008/ov_SC04_008_jr_801734BC.c:1713: parse error before `*' | src/ov_SC04_008/ov_SC04_008_jr_801734BC.c:1870: parse error before 
10:56:30     unit 5: COMPILE-ERROR src/ov_SC04_010/ov_SC04_010_jr_801734BC.c:1713: parse error before `*' | src/ov_SC04_010/ov_SC04_010_jr_801734BC.c:1870: parse error before 
10:56:30     unit 5: COMPILE-ERROR src/ov_SC04_021/ov_SC04_021_jr_801734BC.c:1713: parse error before `*' | src/ov_SC04_021/ov_SC04_021_jr_801734BC.c:1870: parse error before 
10:56:30     unit 5: COMPILE-ERROR src/ov_SC04_012/ov_SC04_012_jr_801734BC.c:1713: parse error before `*' | src/ov_SC04_012/ov_SC04_012_jr_801734BC.c:1870: parse error before 
10:56:30     unit 5: COMPILE-ERROR src/ov_SC05_000/ov_SC05_000_jr_801734BC.c:1711: parse error before `*' | src/ov_SC05_000/ov_SC05_000_jr_801734BC.c:1868: parse error before 
10:56:30   src/ov_SC04_021/ov_SC04_021_jr_801734BC.c: IDENTICAL · rows 7 · compiles 9 · 1.9 s · canon 6 promoted 0 K&R 0 aliases 0 abs 0 kept 1
10:56:30     unit 5: COMPILE-ERROR src/ov_SC05_001/ov_SC05_001_jr_801734BC.c:1713: parse error before `*' | src/ov_SC05_001/ov_SC05_001_jr_801734BC.c:1870: parse error before 
10:56:30   src/ov_SC05_001/ov_SC05_001_jr_80183508.c: UNCHANGED · rows 0 · compiles 0 · 0.0 s · canon 0 promoted 0 K&R 0 aliases 0 abs 0 kept 0
10:56:31   src/ov_SC04_007/ov_SC04_007_jr_801734BC.c: IDENTICAL · rows 11 · compiles 13 · 2.8 s · canon 10 promoted 0 K&R 0 aliases 0 abs 0 kept 1
10:56:31   src/ov_SC04_008/ov_SC04_008_jr_801734BC.c: IDENTICAL · rows 9 · compiles 11 · 2.4 s · canon 8 promoted 0 K&R 0 aliases 0 abs 0 kept 1
10:56:31   src/ov_SC04_009/ov_SC04_009_jr_801734BC.c: IDENTICAL · rows 11 · compiles 13 · 2.8 s · canon 10 promoted 0 K&R 0 aliases 0 abs 0 kept 1
10:56:31   src/ov_SC04_016/ov_SC04_016_jr_801734BC.c: IDENTICAL · rows 11 · compiles 13 · 2.9 s · canon 10 promoted 0 K&R 0 aliases 0 abs 0 kept 1
10:56:31   src/ov_SC04_015/ov_SC04_015_jr_801734BC.c: IDENTICAL · rows 11 · compiles 13 · 2.9 s · canon 10 promoted 0 K&R 0 aliases 0 abs 0 kept 1
10:56:32   src/ov_SC04_012/ov_SC04_012_jr_801734BC.c: IDENTICAL · rows 11 · compiles 13 · 2.8 s · canon 10 promoted 0 K&R 0 aliases 0 abs 0 kept 1
10:56:32   src/ov_SC04_010/ov_SC04_010_jr_801734BC.c: IDENTICAL · rows 11 · compiles 13 · 2.7 s · canon 10 promoted 0 K&R 0 aliases 0 abs 0 kept 1
10:56:32   src/ov_SC04_020/ov_SC04_020_jr_801734BC.c: IDENTICAL · rows 11 · compiles 13 · 2.7 s · canon 10 promoted 0 K&R 0 aliases 0 abs 0 kept 1
10:56:32     unit 5: COMPILE-ERROR src/ov_SC04_018/ov_SC04_018_jr_801734BC.c:1713: parse error before `*' | src/ov_SC04_018/ov_SC04_018_jr_801734BC.c:1870: parse error before 
10:56:32   src/ov_SC05_000/ov_SC05_000_jr_801734BC.c: IDENTICAL · rows 11 · compiles 13 · 2.7 s · canon 10 promoted 0 K&R 0 aliases 0 abs 0 kept 1
10:56:33   src/ov_SC05_001/ov_SC05_001_jr_801734BC.c: IDENTICAL · rows 11 · compiles 13 · 2.7 s · canon 10 promoted 0 K&R 0 aliases 0 abs 0 kept 1
10:56:33     unit 5: COMPILE-ERROR src/ov_SC05_002/ov_SC05_002_jr_801734BC.c:1713: parse error before `*' | src/ov_SC05_002/ov_SC05_002_jr_801734BC.c:1870: parse error before 
10:56:34     unit 5: COMPILE-ERROR src/ov_SC05_003/ov_SC05_003_jr_801734BC.c:1713: parse error before `*' | src/ov_SC05_003/ov_SC05_003_jr_801734BC.c:1870: parse error before 
10:56:34     unit 5: COMPILE-ERROR src/ov_SC05_004/ov_SC05_004_jr_801734BC.c:1713: parse error before `*' | src/ov_SC05_004/ov_SC05_004_jr_801734BC.c:1870: parse error before 
10:56:34     unit 5: COMPILE-ERROR src/ov_SC05_007/ov_SC05_007_jr_801734BC.c:1713: parse error before `*' | src/ov_SC05_007/ov_SC05_007_jr_801734BC.c:1870: parse error before 
10:56:34     unit 5: COMPILE-ERROR src/ov_SC05_005/ov_SC05_005_jr_801734BC.c:1713: parse error before `*' | src/ov_SC05_005/ov_SC05_005_jr_801734BC.c:1870: parse error before 
10:56:34     unit 5: COMPILE-ERROR src/ov_SC05_006/ov_SC05_006_jr_801734BC.c:1713: parse error before `*' | src/ov_SC05_006/ov_SC05_006_jr_801734BC.c:1870: parse error before 
10:56:34     unit 5: COMPILE-ERROR src/ov_SC05_008/ov_SC05_008_jr_801734BC.c:1713: parse error before `*' | src/ov_SC05_008/ov_SC05_008_jr_801734BC.c:1870: parse error before 
10:56:35     unit 5: COMPILE-ERROR src/ov_SC05_009/ov_SC05_009_jr_801734BC.c:1713: parse error before `*' | src/ov_SC05_009/ov_SC05_009_jr_801734BC.c:1870: parse error before 
10:56:35   src/ov_SC05_002/ov_SC05_002_jr_801734BC.c: IDENTICAL · rows 11 · compiles 13 · 2.7 s · canon 10 promoted 0 K&R 0 aliases 0 abs 0 kept 1
10:56:35     unit 5: COMPILE-ERROR src/ov_SC05_017/ov_SC05_017_jr_801734BC.c:1713: parse error before `*' | src/ov_SC05_017/ov_SC05_017_jr_801734BC.c:1870: parse error before 
10:56:35     unit 5: COMPILE-ERROR src/ov_SC05_010/ov_SC05_010_jr_801734BC.c:1713: parse error before `*' | src/ov_SC05_010/ov_SC05_010_jr_801734BC.c:1870: parse error before 
10:56:35     unit 5: COMPILE-ERROR src/ov_SC05_011/ov_SC05_011_jr_801734BC.c:1713: parse error before `*' | src/ov_SC05_011/ov_SC05_011_jr_801734BC.c:1870: parse error before 
10:56:35   src/ov_SC04_018/ov_SC04_018_jr_801734BC.c: IDENTICAL · rows 11 · compiles 26 · 5.8 s · canon 10 promoted 0 K&R 0 aliases 0 abs 0 kept 1
10:56:35   src/ov_SC05_003/ov_SC05_003_jr_801734BC.c: IDENTICAL · rows 11 · compiles 13 · 3.0 s · canon 10 promoted 0 K&R 0 aliases 0 abs 0 kept 1
10:56:35   src/ov_SC05_019/ov_SC05_019_jr_801789AC.c: UNCHANGED · rows 0 · compiles 0 · 0.0 s · canon 0 promoted 0 K&R 0 aliases 0 abs 0 kept 0
10:56:35   src/ov_SC05_004/ov_SC05_004_jr_801734BC.c: IDENTICAL · rows 11 · compiles 13 · 3.0 s · canon 10 promoted 0 K&R 0 aliases 0 abs 0 kept 1
10:56:36   src/ov_SC05_009/ov_SC05_009_jr_801734BC.c: IDENTICAL · rows 9 · compiles 11 · 2.5 s · canon 8 promoted 0 K&R 0 aliases 0 abs 0 kept 1
10:56:36   src/ov_SC05_007/ov_SC05_007_jr_801734BC.c: IDENTICAL · rows 11 · compiles 13 · 3.0 s · canon 10 promoted 0 K&R 0 aliases 0 abs 0 kept 1
10:56:36   src/ov_SC05_005/ov_SC05_005_jr_801734BC.c: IDENTICAL · rows 11 · compiles 13 · 3.0 s · canon 10 promoted 0 K&R 0 aliases 0 abs 0 kept 1
10:56:37   src/ov_SC05_006/ov_SC05_006_jr_801734BC.c: IDENTICAL · rows 11 · compiles 13 · 2.9 s · canon 10 promoted 0 K&R 0 aliases 0 abs 0 kept 1
10:56:37   src/ov_SC05_008/ov_SC05_008_jr_801734BC.c: IDENTICAL · rows 11 · compiles 13 · 3.0 s · canon 10 promoted 0 K&R 0 aliases 0 abs 0 kept 1
10:56:37   src/ov_SC05_010/ov_SC05_010_jr_801734BC.c: IDENTICAL · rows 11 · compiles 13 · 3.0 s · canon 10 promoted 0 K&R 0 aliases 0 abs 0 kept 1
10:56:37   src/ov_SC05_017/ov_SC05_017_jr_801734BC.c: IDENTICAL · rows 11 · compiles 13 · 2.9 s · canon 10 promoted 0 K&R 0 aliases 0 abs 0 kept 1
10:56:38   src/ov_SC05_011/ov_SC05_011_jr_801734BC.c: IDENTICAL · rows 11 · compiles 13 · 2.8 s · canon 10 promoted 0 K&R 0 aliases 0 abs 0 kept 1
10:56:38   src/ov_SC06_016/ov_SC06_016_jr_8017C8D0.c: UNCHANGED · rows 0 · compiles 0 · 0.0 s · canon 0 promoted 0 K&R 0 aliases 0 abs 0 kept 0
10:56:38     unit 5: COMPILE-ERROR src/ov_SC05_018/ov_SC05_018_jr_801734BC.c:1713: parse error before `*' | src/ov_SC05_018/ov_SC05_018_jr_801734BC.c:1870: parse error before 
10:56:38     unit 5: COMPILE-ERROR src/ov_SC06_000/ov_SC06_000_jr_801734BC.c:1713: parse error before `*' | src/ov_SC06_000/ov_SC06_000_jr_801734BC.c:1870: parse error before 
10:56:38     unit 5: COMPILE-ERROR src/ov_SC05_019/ov_SC05_019_jr_801734BC.c:1713: parse error before `*' | src/ov_SC05_019/ov_SC05_019_jr_801734BC.c:1870: parse error before 
10:56:38     unit 5: COMPILE-ERROR src/ov_SC06_006/ov_SC06_006_jr_801734BC.c:1713: parse error before `*' | src/ov_SC06_006/ov_SC06_006_jr_801734BC.c:1870: parse error before 
10:56:39   src/ov_SC05_019/ov_SC05_019_jr_801734BC.c: IDENTICAL · rows 7 · compiles 9 · 2.1 s · canon 6 promoted 0 K&R 0 aliases 0 abs 0 kept 1
10:56:39     unit 5: COMPILE-ERROR src/ov_SC06_008/ov_SC06_008_jr_801734BC.c:1713: parse error before `*' | src/ov_SC06_008/ov_SC06_008_jr_801734BC.c:1870: parse error before 
10:56:39     unit 5: COMPILE-ERROR src/ov_SC06_010/ov_SC06_010_jr_801734BC.c:1713: parse error before `*' | src/ov_SC06_010/ov_SC06_010_jr_801734BC.c:1870: parse error before 
10:56:39     unit 5: COMPILE-ERROR src/ov_SC06_011/ov_SC06_011_jr_801734BC.c:1713: parse error before `*' | src/ov_SC06_011/ov_SC06_011_jr_801734BC.c:1870: parse error before 
10:56:39     unit 5: COMPILE-ERROR src/ov_SC06_013/ov_SC06_013_jr_801734BC.c:1713: parse error before `*' | src/ov_SC06_013/ov_SC06_013_jr_801734BC.c:1870: parse error before 
10:56:39     unit 5: COMPILE-ERROR src/ov_SC06_014/ov_SC06_014_jr_801734BC.c:1713: parse error before `*' | src/ov_SC06_014/ov_SC06_014_jr_801734BC.c:1870: parse error before 
10:56:39   src/ov_SC05_018/ov_SC05_018_jr_801734BC.c: IDENTICAL · rows 11 · compiles 13 · 2.8 s · canon 10 promoted 0 K&R 0 aliases 0 abs 0 kept 1
10:56:40     unit 5: COMPILE-ERROR src/ov_SC06_015/ov_SC06_015_jr_801734BC.c:1713: parse error before `*' | src/ov_SC06_015/ov_SC06_015_jr_801734BC.c:1870: parse error before 
10:56:40   src/ov_SC06_000/ov_SC06_000_jr_801734BC.c: IDENTICAL · rows 11 · compiles 13 · 2.9 s · canon 10 promoted 0 K&R 0 aliases 0 abs 0 kept 1
10:56:40     unit 5: COMPILE-ERROR src/ov_SC06_016/ov_SC06_016_jr_801734BC.c:1713: parse error before `*' | src/ov_SC06_016/ov_SC06_016_jr_801734BC.c:1870: parse error before 
10:56:40     unit 5: COMPILE-ERROR src/ov_SC06_018/ov_SC06_018_jr_801734BC.c:1713: parse error before `*' | src/ov_SC06_018/ov_SC06_018_jr_801734BC.c:1870: parse error before 
10:56:40   src/ov_SC06_006/ov_SC06_006_jr_801734BC.c: IDENTICAL · rows 11 · compiles 13 · 2.7 s · canon 10 promoted 0 K&R 0 aliases 0 abs 0 kept 1
10:56:40   src/ov_SC06_008/ov_SC06_008_jr_801734BC.c: IDENTICAL · rows 11 · compiles 13 · 2.9 s · canon 10 promoted 0 K&R 0 aliases 0 abs 0 kept 1
10:56:41   src/ov_SC06_010/ov_SC06_010_jr_801734BC.c: IDENTICAL · rows 11 · compiles 13 · 2.8 s · canon 10 promoted 0 K&R 0 aliases 0 abs 0 kept 1
10:56:41   src/ov_SC06_011/ov_SC06_011_jr_801734BC.c: IDENTICAL · rows 11 · compiles 13 · 3.0 s · canon 10 promoted 0 K&R 0 aliases 0 abs 0 kept 1
10:56:41     unit 5: COMPILE-ERROR src/ov_SC06_020/ov_SC06_020_jr_801734BC.c:1713: parse error before `*' | src/ov_SC06_020/ov_SC06_020_jr_801734BC.c:1870: parse error before 
10:56:41   src/ov_SC06_013/ov_SC06_013_jr_801734BC.c: IDENTICAL · rows 11 · compiles 13 · 2.8 s · canon 10 promoted 0 K&R 0 aliases 0 abs 0 kept 1
10:56:41   src/ov_SC06_014/ov_SC06_014_jr_801734BC.c: IDENTICAL · rows 11 · compiles 13 · 2.8 s · canon 10 promoted 0 K&R 0 aliases 0 abs 0 kept 1
10:56:41   src/ov_SC06_029/ov_SC06_029_jr_801867D0.c: UNCHANGED · rows 0 · compiles 0 · 0.0 s · canon 0 promoted 0 K&R 0 aliases 0 abs 0 kept 0
10:56:42   src/ov_SC06_018/ov_SC06_018_jr_801734BC.c: IDENTICAL · rows 11 · compiles 13 · 2.7 s · canon 10 promoted 0 K&R 0 aliases 0 abs 0 kept 1
10:56:42   src/ov_SC06_015/ov_SC06_015_jr_801734BC.c: IDENTICAL · rows 11 · compiles 13 · 2.8 s · canon 10 promoted 0 K&R 0 aliases 0 abs 0 kept 1
10:56:42   src/ov_SC06_016/ov_SC06_016_jr_801734BC.c: IDENTICAL · rows 11 · compiles 13 · 3.1 s · canon 10 promoted 0 K&R 0 aliases 0 abs 0 kept 1
10:56:42     unit 5: COMPILE-ERROR src/ov_SC06_022/ov_SC06_022_jr_801734BC.c:1713: parse error before `*' | src/ov_SC06_022/ov_SC06_022_jr_801734BC.c:1870: parse error before 
10:56:43     unit 5: COMPILE-ERROR src/ov_SC06_024/ov_SC06_024_jr_801734BC.c:1713: parse error before `*' | src/ov_SC06_024/ov_SC06_024_jr_801734BC.c:1870: parse error before 
10:56:43     unit 5: COMPILE-ERROR src/ov_SC06_025/ov_SC06_025_jr_801734BC.c:1713: parse error before `*' | src/ov_SC06_025/ov_SC06_025_jr_801734BC.c:1870: parse error before 
10:56:43   src/ov_SC06_020/ov_SC06_020_jr_801734BC.c: IDENTICAL · rows 11 · compiles 13 · 3.1 s · canon 10 promoted 0 K&R 0 aliases 0 abs 0 kept 1
10:56:43     unit 5: COMPILE-ERROR src/ov_SC06_029/ov_SC06_029_jr_801734BC.c:1713: parse error before `*' | src/ov_SC06_029/ov_SC06_029_jr_801734BC.c:1870: parse error before 
10:56:43     unit 5: COMPILE-ERROR src/ov_SC06_027/ov_SC06_027_jr_801734BC.c:1713: parse error before `*' | src/ov_SC06_027/ov_SC06_027_jr_801734BC.c:1870: parse error before 
10:56:44   src/ov_SC06_022/ov_SC06_022_jr_801734BC.c: IDENTICAL · rows 11 · compiles 13 · 2.6 s · canon 10 promoted 0 K&R 0 aliases 0 abs 0 kept 1
10:56:44     unit 5: COMPILE-ERROR src/ov_SC06_033/ov_SC06_033_jr_801734BC.c:1713: parse error before `*' | src/ov_SC06_033/ov_SC06_033_jr_801734BC.c:1870: parse error before 
10:56:44     unit 5: COMPILE-ERROR src/ov_SC06_032/ov_SC06_032_jr_801734BC.c:1713: parse error before `*' | src/ov_SC06_032/ov_SC06_032_jr_801734BC.c:1870: parse error before 
10:56:44   src/ov_SC06_024/ov_SC06_024_jr_801734BC.c: IDENTICAL · rows 11 · compiles 13 · 2.8 s · canon 10 promoted 0 K&R 0 aliases 0 abs 0 kept 1
10:56:44   src/ov_MAIN_012/ov_MAIN_012_jr_801549F8.c: UNCHANGED · rows 0 · compiles 0 · 0.0 s · canon 0 promoted 0 K&R 0 aliases 0 abs 0 kept 0
10:56:44   src/ov_MAIN_012/ov_MAIN_012_jr_801555F4.c: UNCHANGED · rows 0 · compiles 0 · 0.0 s · canon 0 promoted 0 K&R 0 aliases 0 abs 0 kept 0
10:56:44     unit 5: COMPILE-ERROR src/ov_SC06_030/ov_SC06_030_jr_801734BC.c:1713: parse error before `*' | src/ov_SC06_030/ov_SC06_030_jr_801734BC.c:1870: parse error before 
10:56:44     unit 5: COMPILE-ERROR src/ov_SC07_001/ov_SC07_001_jr_801734BC.c:1713: parse error before `*' | src/ov_SC07_001/ov_SC07_001_jr_801734BC.c:1870: parse error before 
10:56:44   src/ov_SC06_025/ov_SC06_025_jr_801734BC.c: IDENTICAL · rows 11 · compiles 13 · 2.8 s · canon 10 promoted 0 K&R 0 aliases 0 abs 0 kept 1
10:56:44     unit 5: COMPILE-ERROR src/ov_SC07_002/ov_SC07_002_jr_801734BC.c:1713: parse error before `*' | src/ov_SC07_002/ov_SC07_002_jr_801734BC.c:1870: parse error before 
10:56:44     unit 5: COMPILE-ERROR src/ov_SC07_000/ov_SC07_000_jr_801734BC.c:1713: parse error before `*' | src/ov_SC07_000/ov_SC07_000_jr_801734BC.c:1870: parse error before 
10:56:44   src/ov_SC01_008/ov_SC01_008_jr_8017BE9C.c: UNCHANGED · rows 0 · compiles 0 · 0.0 s · canon 0 promoted 0 K&R 0 aliases 0 abs 0 kept 0
10:56:45   src/ov_SC01_077/ov_SC01_077_jr_80183324.c: UNCHANGED · rows 0 · compiles 0 · 0.0 s · canon 0 promoted 0 K&R 0 aliases 0 abs 0 kept 0
10:56:45   src/ov_SC02_000/ov_SC02_000_jr_8018173C.c: UNCHANGED · rows 0 · compiles 0 · 0.0 s · canon 0 promoted 0 K&R 0 aliases 0 abs 0 kept 0
10:56:45   src/ov_SC02_000/ov_SC02_000_jr_80187B40.c: UNCHANGED · rows 0 · compiles 0 · 0.0 s · canon 0 promoted 0 K&R 0 aliases 0 abs 0 kept 0
10:56:45   src/ov_SC02_005/ov_SC02_005_jr_8018EA04.c: UNCHANGED · rows 0 · compiles 0 · 0.0 s · canon 0 promoted 0 K&R 0 aliases 0 abs 0 kept 0
10:56:45   src/ov_SC02_037/ov_SC02_037_jr_801549F8.c: UNCHANGED · rows 0 · compiles 0 · 0.0 s · canon 0 promoted 0 K&R 0 aliases 0 abs 0 kept 0
10:56:45   src/ov_SC06_027/ov_SC06_027_jr_801734BC.c: IDENTICAL · rows 11 · compiles 13 · 3.1 s · canon 10 promoted 0 K&R 0 aliases 0 abs 0 kept 1
10:56:45   src/ov_SC06_029/ov_SC06_029_jr_801734BC.c: IDENTICAL · rows 11 · compiles 13 · 3.2 s · canon 10 promoted 0 K&R 0 aliases 0 abs 0 kept 1
10:56:45   src/ov_SC03_011/ov_SC03_011_jr_80180B68.c: UNCHANGED · rows 0 · compiles 0 · 0.0 s · canon 0 promoted 0 K&R 0 aliases 0 abs 0 kept 0
10:56:45   src/ov_SC02_037/ov_SC02_037_jr_801555F4.c: UNCHANGED · rows 0 · compiles 0 · 0.0 s · canon 0 promoted 0 K&R 0 aliases 0 abs 0 kept 0
10:56:46   src/ov_SC06_033/ov_SC06_033_jr_801734BC.c: IDENTICAL · rows 11 · compiles 13 · 2.9 s · canon 10 promoted 0 K&R 0 aliases 0 abs 0 kept 1
10:56:46   src/ov_SC03_099/ov_SC03_099_jr_80182F24.c: UNCHANGED · rows 0 · compiles 0 · 0.0 s · canon 0 promoted 0 K&R 0 aliases 0 abs 0 kept 0
10:56:46     unit 5: COMPILE-ERROR src/ov_SC07_008/ov_SC07_008_jr_801734BC.c:1712: parse error before `*' | src/ov_SC07_008/ov_SC07_008_jr_801734BC.c:1869: parse error before 
10:56:46   src/ov_SC06_032/ov_SC06_032_jr_801734BC.c: IDENTICAL · rows 11 · compiles 13 · 3.0 s · canon 10 promoted 0 K&R 0 aliases 0 abs 0 kept 1
10:56:46   src/ov_SC03_096/ov_SC03_096_jr_8017BEBC.c: UNCHANGED · rows 0 · compiles 0 · 0.0 s · canon 0 promoted 0 K&R 0 aliases 0 abs 0 kept 0
10:56:46   src/ov_SC06_030/ov_SC06_030_jr_801734BC.c: IDENTICAL · rows 11 · compiles 13 · 2.9 s · canon 10 promoted 0 K&R 0 aliases 0 abs 0 kept 1
10:56:46     unit 5: COMPILE-ERROR src/ov_SC07_009/ov_SC07_009_jr_801734BC.c:1713: parse error before `*' | src/ov_SC07_009/ov_SC07_009_jr_801734BC.c:1870: parse error before 
10:56:46   src/ov_SC07_000/ov_SC07_000_jr_801734BC.c: IDENTICAL · rows 11 · compiles 13 · 2.5 s · canon 10 promoted 0 K&R 0 aliases 0 abs 0 kept 1
10:56:47   src/ov_SC03_014/ov_SC03_014_jr_801848E4.c: UNCHANGED · rows 0 · compiles 0 · 0.0 s · canon 0 promoted 0 K&R 0 aliases 0 abs 0 kept 0
10:56:47   src/ov_SC07_002/ov_SC07_002_jr_801734BC.c: IDENTICAL · rows 11 · compiles 13 · 2.6 s · canon 10 promoted 0 K&R 0 aliases 0 abs 0 kept 1
10:56:47   src/ov_SC07_001/ov_SC07_001_jr_801734BC.c: IDENTICAL · rows 11 · compiles 13 · 2.6 s · canon 10 promoted 0 K&R 0 aliases 0 abs 0 kept 1
10:56:47   src/ov_SC03_107/ov_SC03_107_jr_801549F8.c: UNCHANGED · rows 0 · compiles 0 · 0.0 s · canon 0 promoted 0 K&R 0 aliases 0 abs 0 kept 0
10:56:47   src/ov_SC03_126/ov_SC03_126_jr_8017A4AC.c: UNCHANGED · rows 0 · compiles 0 · 0.0 s · canon 0 promoted 0 K&R 0 aliases 0 abs 0 kept 0
10:56:47   src/ov_SC03_103/ov_SC03_103_jr_8017C294.c: UNCHANGED · rows 0 · compiles 0 · 0.0 s · canon 0 promoted 0 K&R 0 aliases 0 abs 0 kept 0
10:56:47   src/ov_SC03_100/ov_SC03_100_jr_80183C10.c: UNCHANGED · rows 0 · compiles 0 · 0.0 s · canon 0 promoted 0 K&R 0 aliases 0 abs 0 kept 0
10:56:47   src/ov_SC04_021/ov_SC04_021_jr_8017A4AC.c: UNCHANGED · rows 0 · compiles 0 · 0.0 s · canon 0 promoted 0 K&R 0 aliases 0 abs 0 kept 0
10:56:47   src/ov_SC04_021/ov_SC04_021_jr_80178D40.c: UNCHANGED · rows 0 · compiles 0 · 0.0 s · canon 0 promoted 0 K&R 0 aliases 0 abs 0 kept 0
10:56:47   src/ov_SC03_126/ov_SC03_126_jr_8017AE2C.c: UNCHANGED · rows 0 · compiles 0 · 0.0 s · canon 0 promoted 0 K&R 0 aliases 0 abs 0 kept 0
10:56:47   src/ov_SC03_126/ov_SC03_126_jr_80178D40.c: UNCHANGED · rows 0 · compiles 0 · 0.0 s · canon 0 promoted 0 K&R 0 aliases 0 abs 0 kept 0
10:56:47   src/ov_SC05_019/ov_SC05_019_jr_8017A4AC.c: UNCHANGED · rows 0 · compiles 0 · 0.0 s · canon 0 promoted 0 K&R 0 aliases 0 abs 0 kept 0
10:56:47   src/ov_SC03_107/ov_SC03_107_jr_801555F4.c: UNCHANGED · rows 0 · compiles 0 · 0.0 s · canon 0 promoted 0 K&R 0 aliases 0 abs 0 kept 0
10:56:48   src/ov_SC04_021/ov_SC04_021_jr_8017AE2C.c: UNCHANGED · rows 0 · compiles 0 · 0.0 s · canon 0 promoted 0 K&R 0 aliases 0 abs 0 kept 0
10:56:48   src/ov_SC05_019/ov_SC05_019_jr_8017AE2C.c: UNCHANGED · rows 0 · compiles 0 · 0.0 s · canon 0 promoted 0 K&R 0 aliases 0 abs 0 kept 0
10:56:48   src/ov_SC05_019/ov_SC05_019_jr_80178D40.c: UNCHANGED · rows 0 · compiles 0 · 0.0 s · canon 0 promoted 0 K&R 0 aliases 0 abs 0 kept 0
10:56:48   src/ov_SC06_022/ov_SC06_022_jr_80182D08.c: UNCHANGED · rows 0 · compiles 0 · 0.0 s · canon 0 promoted 0 K&R 0 aliases 0 abs 0 kept 0
10:56:48   src/ov_SC04_002/ov_SC04_002_jr_8017BEBC.c: UNCHANGED · rows 0 · compiles 0 · 0.0 s · canon 0 promoted 0 K&R 0 aliases 0 abs 0 kept 0
10:56:48   src/ov_SC07_008/ov_SC07_008_jr_801734BC.c: IDENTICAL · rows 11 · compiles 13 · 2.9 s · canon 10 promoted 0 K&R 0 aliases 0 abs 0 kept 1
10:56:49   src/ov_SC06_024/ov_SC06_024_jr_8017BEBC.c: UNCHANGED · rows 0 · compiles 0 · 0.0 s · canon 0 promoted 0 K&R 0 aliases 0 abs 0 kept 0
10:56:48   src/ov_SC06_022/ov_SC06_022_jr_80184304.c: UNCHANGED · rows 0 · compiles 0 · 0.0 s · canon 0 promoted 0 K&R 0 aliases 0 abs 0 kept 0
10:56:49   src/ov_SC07_011/ov_SC07_011_jr_8017BEBC.c: UNCHANGED · rows 0 · compiles 0 · 0.0 s · canon 0 promoted 0 K&R 0 aliases 0 abs 0 kept 0
10:56:49   src/ov_SC07_009/ov_SC07_009_jr_801734BC.c: IDENTICAL · rows 11 · compiles 13 · 2.8 s · canon 10 promoted 0 K&R 0 aliases 0 abs 0 kept 1
10:56:49   src/ov_SC01_077/ov_SC01_077_jr_8017AE2C.c: UNCHANGED · rows 0 · compiles 0 · 0.0 s · canon 0 promoted 0 K&R 0 aliases 0 abs 0 kept 0
10:56:49   src/ov_SC01_004/ov_SC01_004_jr_8017E5B8.c: UNCHANGED · rows 0 · compiles 0 · 0.0 s · canon 0 promoted 0 K&R 0 aliases 0 abs 0 kept 0
10:56:49   src/ov_SC01_077/ov_SC01_077_jr_8018103C.c: UNCHANGED · rows 0 · compiles 0 · 0.0 s · canon 0 promoted 0 K&R 0 aliases 0 abs 0 kept 0
10:56:49   src/ov_SC01_077/ov_SC01_077_jr_80181F08.c: UNCHANGED · rows 0 · compiles 0 · 0.0 s · canon 0 promoted 0 K&R 0 aliases 0 abs 0 kept 0
10:56:49   src/ov_SC01_077/ov_SC01_077_jr_80181BE4.c: UNCHANGED · rows 0 · compiles 0 · 0.0 s · canon 0 promoted 0 K&R 0 aliases 0 abs 0 kept 0
10:56:49     unit 11: COMPILE-ERROR src/ov_SC01_000/../shared/ov/func_8016AE5C__te4eb1475.h:8: too few arguments to function `func_8016B234' | src/ov_SC01_000/../shared/ov/func
10:56:49   src/ov_SC01_077/ov_SC01_077_jr_801820DC.c: UNCHANGED · rows 0 · compiles 0 · 0.0 s · canon 0 promoted 0 K&R 0 aliases 0 abs 0 kept 0
10:56:50     unit 12: COMPILE-ERROR src/ov_SC01_000/ov_SC01_000_jr_8016AB6C.c:2457: too few arguments to function `func_8016BF50' | src/ov_SC01_000/ov_SC01_000_jr_8016AB6C.c:24
10:56:50   src/ov_SC02_000/ov_SC02_000_jr_8017AE2C.c: UNCHANGED · rows 0 · compiles 0 · 0.0 s · canon 0 promoted 0 K&R 0 aliases 0 abs 0 kept 0
10:56:50   src/ov_SC01_000/ov_SC01_000_jr_8016AB6C.c: IDENTICAL · rows 13 · compiles 16 · 4.3 s · canon 11 promoted 0 K&R 2 aliases 0 abs 0 kept 2
10:56:53     unit 11: COMPILE-ERROR src/ov_SC01_004/../shared/ov/func_8016AE5C__te4eb1475.h:8: too few arguments to function `func_8016B234' | src/ov_SC01_004/../shared/ov/func
10:56:54     unit 11: COMPILE-ERROR src/ov_SC01_008/../shared/ov/func_8016AE5C__te4eb1475.h:8: too few arguments to function `func_8016B234' | src/ov_SC01_008/../shared/ov/func
10:56:54     unit 11: COMPILE-ERROR src/ov_SC01_001/../shared/ov/func_8016AE5C__te4eb1475.h:8: too few arguments to function `func_8016B234' | src/ov_SC01_001/../shared/ov/func
10:56:54     unit 12: COMPILE-ERROR src/ov_SC01_004/ov_SC01_004_jr_8016AB6C.c:2455: too few arguments to function `func_8016BF50' | src/ov_SC01_004/ov_SC01_004_jr_8016AB6C.c:24
10:56:54     unit 11: COMPILE-ERROR src/ov_SC01_074/../shared/ov/func_8016AE5C__te4eb1475.h:8: too few arguments to function `func_8016B234' | src/ov_SC01_074/../shared/ov/func
10:56:54     unit 12: COMPILE-ERROR src/ov_SC01_008/ov_SC01_008_jr_8016AB6C.c:2455: too few arguments to function `func_8016BF50' | src/ov_SC01_008/ov_SC01_008_jr_8016AB6C.c:24
10:56:54     unit 12: COMPILE-ERROR src/ov_SC01_001/ov_SC01_001_jr_8016AB6C.c:2455: too few arguments to function `func_8016BF50' | src/ov_SC01_001/ov_SC01_001_jr_8016AB6C.c:24
10:56:54     unit 11: COMPILE-ERROR src/ov_SC01_009/../shared/ov/func_8016AE5C__te4eb1475.h:8: too few arguments to function `func_8016B234' | src/ov_SC01_009/../shared/ov/func
10:56:55     unit 12: COMPILE-ERROR src/ov_SC01_074/ov_SC01_074_jr_8016AB6C.c:2455: too few arguments to function `func_8016BF50' | src/ov_SC01_074/ov_SC01_074_jr_8016AB6C.c:24
10:56:55     unit 11: COMPILE-ERROR src/ov_SC01_080/../shared/ov/func_8016AE5C__te4eb1475.h:8: too few arguments to function `func_8016B234' | src/ov_SC01_080/../shared/ov/func
10:56:55   src/ov_SC01_004/ov_SC01_004_jr_8016AB6C.c: IDENTICAL · rows 13 · compiles 16 · 4.3 s · canon 11 promoted 0 K&R 2 aliases 0 abs 0 kept 2
10:56:55     unit 11: COMPILE-ERROR src/ov_SC01_084/../shared/ov/func_8016AE5C__te4eb1475.h:8: too few arguments to function `func_8016B234' | src/ov_SC01_084/../shared/ov/func
10:56:55   src/ov_SC02_005/ov_SC02_005_jr_80181D30.c: UNCHANGED · rows 0 · compiles 0 · 0.0 s · canon 0 promoted 0 K&R 0 aliases 0 abs 0 kept 0
10:56:55     unit 12: COMPILE-ERROR src/ov_SC01_009/ov_SC01_009_jr_8016AB6C.c:2455: too few arguments to function `func_8016BF50' | src/ov_SC01_009/ov_SC01_009_jr_8016AB6C.c:24
10:56:55   src/ov_SC01_008/ov_SC01_008_jr_8016AB6C.c: IDENTICAL · rows 13 · compiles 16 · 4.4 s · canon 11 promoted 0 K&R 2 aliases 0 abs 0 kept 2
10:56:55     unit 11: COMPILE-ERROR src/ov_SC02_005/../shared/ov/func_8016AE5C__te4eb1475.h:8: too few arguments to function `func_8016B234' | src/ov_SC02_005/../shared/ov/func
10:56:55     unit 12: COMPILE-ERROR src/ov_SC01_080/ov_SC01_080_jr_8016AB6C.c:2455: too few arguments to function `func_8016BF50' | src/ov_SC01_080/ov_SC01_080_jr_8016AB6C.c:24
10:56:55     unit 12: COMPILE-ERROR src/ov_SC01_084/ov_SC01_084_jr_8016AB6C.c:2456: too few arguments to function `func_8016BF50' | src/ov_SC01_084/ov_SC01_084_jr_8016AB6C.c:24
10:56:55     unit 12: COMPILE-ERROR src/ov_SC02_005/ov_SC02_005_jr_8016AB6C.c:2457: too few arguments to function `func_8016BF50' | src/ov_SC02_005/ov_SC02_005_jr_8016AB6C.c:24
10:56:55     unit 11: COMPILE-ERROR src/ov_SC02_004/../shared/ov/func_8016AE5C__te4eb1475.h:8: too few arguments to function `func_8016B234' | src/ov_SC02_004/../shared/ov/func
10:56:55   src/ov_SC01_001/ov_SC01_001_jr_8016AB6C.c: IDENTICAL · rows 13 · compiles 16 · 4.5 s · canon 11 promoted 0 K&R 2 aliases 0 abs 0 kept 2
10:56:55   src/ov_SC01_074/ov_SC01_074_jr_8016AB6C.c: IDENTICAL · rows 13 · compiles 16 · 4.6 s · canon 11 promoted 0 K&R 2 aliases 0 abs 0 kept 2
10:56:56   src/ov_SC01_009/ov_SC01_009_jr_8016AB6C.c: IDENTICAL · rows 13 · compiles 16 · 4.5 s · canon 11 promoted 0 K&R 2 aliases 0 abs 0 kept 2
10:56:56     unit 12: COMPILE-ERROR src/ov_SC02_004/ov_SC02_004_jr_8016AB6C.c:2455: too few arguments to function `func_8016BF50' | src/ov_SC02_004/ov_SC02_004_jr_8016AB6C.c:24
10:56:57   src/ov_SC01_080/ov_SC01_080_jr_8016AB6C.c: IDENTICAL · rows 13 · compiles 16 · 4.4 s · canon 11 promoted 0 K&R 2 aliases 0 abs 0 kept 2
10:56:57   src/ov_SC01_084/ov_SC01_084_jr_8016AB6C.c: IDENTICAL · rows 13 · compiles 16 · 4.7 s · canon 11 promoted 0 K&R 2 aliases 0 abs 0 kept 2
10:56:57   src/ov_SC02_005/ov_SC02_005_jr_8016AB6C.c: IDENTICAL · rows 13 · compiles 16 · 4.5 s · canon 11 promoted 0 K&R 2 aliases 0 abs 0 kept 2
10:56:57   src/ov_SC02_026/ov_SC02_026_jr_80185440.c: UNCHANGED · rows 0 · compiles 0 · 0.0 s · canon 0 promoted 0 K&R 0 aliases 0 abs 0 kept 0
10:56:57   src/ov_SC02_004/ov_SC02_004_jr_8016AB6C.c: IDENTICAL · rows 13 · compiles 16 · 4.7 s · canon 11 promoted 0 K&R 2 aliases 0 abs 0 kept 2
10:56:58     unit 17: COMPILE-ERROR src/md_SC07_004/md_SC07_004.c:6949: too few arguments to function `func_801AA584' | jtbl_rodata_pads --derive md_SC07_004: 0,0t1,0t1,0,0t1,0
10:56:59     unit 11: COMPILE-ERROR src/ov_SC01_005/../shared/ov/func_8016AE5C__te4eb1475.h:8: too few arguments to function `func_8016B234' | src/ov_SC01_005/../shared/ov/func
10:56:59     unit 11: COMPILE-ERROR src/ov_SC02_000/../shared/ov/func_8016AE5C__te4eb1475.h:8: too few arguments to function `func_8016B234' | src/ov_SC02_000/../shared/ov/func
10:57:00     unit 19: COMPILE-ERROR src/md_SC07_004/md_SC07_004.c:7165: parse error before `*' | jtbl_rodata_pads --derive md_SC07_004: 0,0t1,0t1,0,0t1,0,0,0,0 | src/md_SC07_00
10:57:00     unit 12: COMPILE-ERROR src/ov_SC01_005/ov_SC01_005_jr_8016AB6C.c:2455: too few arguments to function `func_8016BF50' | src/ov_SC01_005/ov_SC01_005_jr_8016AB6C.c:24
10:57:00     unit 11: COMPILE-ERROR src/ov_SC02_011/../shared/ov/func_8016AE5C__te4eb1475.h:8: too few arguments to function `func_8016B234' | src/ov_SC02_011/../shared/ov/func
10:57:00     unit 11: COMPILE-ERROR src/ov_SC02_015/../shared/ov/func_8016AE5C__te4eb1475.h:8: too few arguments to function `func_8016B234' | src/ov_SC02_015/../shared/ov/func
10:57:00     unit 11: COMPILE-ERROR src/ov_SC02_017/../shared/ov/func_8016AE5C__te4eb1475.h:8: too few arguments to function `func_8016B234' | src/ov_SC02_017/../shared/ov/func
10:57:00     unit 11: COMPILE-ERROR src/ov_SC02_016/../shared/ov/func_8016AE5C__te4eb1475.h:8: too few arguments to function `func_8016B234' | src/ov_SC02_016/../shared/ov/func
10:57:00     unit 12: COMPILE-ERROR src/ov_SC02_011/ov_SC02_011_jr_8016AB6C.c:2455: too few arguments to function `func_8016BF50' | src/ov_SC02_011/ov_SC02_011_jr_8016AB6C.c:24
10:57:00     unit 12: COMPILE-ERROR src/ov_SC02_000/ov_SC02_000_jr_8016AB6C.c:2453: too few arguments to function `func_8016BF50' | src/ov_SC02_000/ov_SC02_000_jr_8016AB6C.c:24
10:57:00     unit 12: COMPILE-ERROR src/ov_SC02_015/ov_SC02_015_jr_8016AB6C.c:2453: too few arguments to function `func_8016BF50' | src/ov_SC02_015/ov_SC02_015_jr_8016AB6C.c:24
10:57:01     unit 11: COMPILE-ERROR src/ov_SC02_021/../shared/ov/func_8016AE5C__te4eb1475.h:8: too few arguments to function `func_8016B234' | src/ov_SC02_021/../shared/ov/func
10:57:01     unit 20: COMPILE-ERROR src/md_SC07_004/md_SC07_004.c:6238: void value not ignored as it ought to be | src/md_SC07_004/md_SC07_004.c:6459: void value not ignored as
10:57:01     unit 12: COMPILE-ERROR src/ov_SC02_017/ov_SC02_017_jr_8016AB6C.c:2455: too few arguments to function `func_8016BF50' | src/ov_SC02_017/ov_SC02_017_jr_8016AB6C.c:24
10:57:01     unit 12: COMPILE-ERROR src/ov_SC02_016/ov_SC02_016_jr_8016AB6C.c:2455: too few arguments to function `func_8016BF50' | src/ov_SC02_016/ov_SC02_016_jr_8016AB6C.c:24
10:57:01   src/ov_SC01_005/ov_SC01_005_jr_8016AB6C.c: IDENTICAL · rows 13 · compiles 32 · 9.2 s · canon 11 promoted 0 K&R 2 aliases 0 abs 0 kept 2
10:57:01     unit 11: COMPILE-ERROR src/ov_SC02_026/../shared/ov/func_8016AE5C__te4eb1475.h:8: too few arguments to function `func_8016B234' | src/ov_SC02_026/../shared/ov/func
10:57:01   src/ov_SC02_011/ov_SC02_011_jr_8016AB6C.c: IDENTICAL · rows 13 · compiles 16 · 4.6 s · canon 11 promoted 0 K&R 2 aliases 0 abs 0 kept 2
10:57:01     unit 11: COMPILE-ERROR src/ov_SC02_027/../shared/ov/func_8016AE5C__te4eb1475.h:8: too few arguments to function `func_8016B234' | src/ov_SC02_027/../shared/ov/func
10:57:01     unit 12: COMPILE-ERROR src/ov_SC02_021/ov_SC02_021_jr_8016AB6C.c:2455: too few arguments to function `func_8016BF50' | src/ov_SC02_021/ov_SC02_021_jr_8016AB6C.c:24
10:57:02     unit 21: COMPILE-ERROR src/md_SC07_004/md_SC07_004.c:7452: parse error before `*' | jtbl_rodata_pads --derive md_SC07_004: 0,0t1,0t1,0,0t1,0,0,0,0 | src/md_SC07_00
10:57:02   src/ov_SC02_015/ov_SC02_015_jr_8016AB6C.c: IDENTICAL · rows 13 · compiles 16 · 4.9 s · canon 11 promoted 0 K&R 2 aliases 0 abs 0 kept 2
10:57:02     unit 11: COMPILE-ERROR src/ov_SC02_031/../shared/ov/func_8016AE5C__te4eb1475.h:8: too few arguments to function `func_8016B234' | src/ov_SC02_031/../shared/ov/func
10:57:02     unit 12: COMPILE-ERROR src/ov_SC02_026/ov_SC02_026_jr_8016AB6C.c:2455: too few arguments to function `func_8016BF50' | src/ov_SC02_026/ov_SC02_026_jr_8016AB6C.c:24
10:57:02     unit 12: COMPILE-ERROR src/ov_SC02_027/ov_SC02_027_jr_8016AB6C.c:2455: too few arguments to function `func_8016BF50' | src/ov_SC02_027/ov_SC02_027_jr_8016AB6C.c:24
10:57:02   src/ov_SC02_000/ov_SC02_000_jr_8016AB6C.c: IDENTICAL · rows 13 · compiles 32 · 9.3 s · canon 11 promoted 0 K&R 2 aliases 0 abs 0 kept 2
10:57:02     unit 11: COMPILE-ERROR src/ov_SC02_028/../shared/ov/func_8016AE5C__te4eb1475.h:8: too few arguments to function `func_8016B234' | src/ov_SC02_028/../shared/ov/func
10:57:02   src/ov_SC02_021/ov_SC02_021_jr_8016AB6C.c: IDENTICAL · rows 13 · compiles 16 · 4.6 s · canon 11 promoted 0 K&R 2 aliases 0 abs 0 kept 2
10:57:02   src/ov_SC02_016/ov_SC02_016_jr_8016AB6C.c: IDENTICAL · rows 13 · compiles 16 · 4.8 s · canon 11 promoted 0 K&R 2 aliases 0 abs 0 kept 2
10:57:02   src/ov_SC02_017/ov_SC02_017_jr_8016AB6C.c: IDENTICAL · rows 13 · compiles 16 · 4.6 s · canon 11 promoted 0 K&R 2 aliases 0 abs 0 kept 2
10:57:02   src/ov_SC03_002/ov_SC03_002_jr_8018431C.c: UNCHANGED · rows 0 · compiles 0 · 0.0 s · canon 0 promoted 0 K&R 0 aliases 0 abs 0 kept 0
10:57:02     unit 12: COMPILE-ERROR src/ov_SC02_031/ov_SC02_031_jr_8016AB6C.c:2455: too few arguments to function `func_8016BF50' | src/ov_SC02_031/ov_SC02_031_jr_8016AB6C.c:24
10:57:03   src/ov_SC02_027/ov_SC02_027_jr_8016AB6C.c: IDENTICAL · rows 13 · compiles 16 · 4.5 s · canon 11 promoted 0 K&R 2 aliases 0 abs 0 kept 2
10:57:03     unit 12: COMPILE-ERROR src/ov_SC02_028/ov_SC02_028_jr_8016AB6C.c:2455: too few arguments to function `func_8016BF50' | src/ov_SC02_028/ov_SC02_028_jr_8016AB6C.c:24
10:57:03   src/ov_SC02_026/ov_SC02_026_jr_8016AB6C.c: IDENTICAL · rows 13 · compiles 16 · 4.4 s · canon 11 promoted 0 K&R 2 aliases 0 abs 0 kept 2
10:57:03   src/ov_SC02_031/ov_SC02_031_jr_8016AB6C.c: IDENTICAL · rows 13 · compiles 16 · 4.5 s · canon 11 promoted 0 K&R 2 aliases 0 abs 0 kept 2
10:57:04   src/ov_SC02_028/ov_SC02_028_jr_8016AB6C.c: IDENTICAL · rows 13 · compiles 16 · 4.5 s · canon 11 promoted 0 K&R 2 aliases 0 abs 0 kept 2
10:57:05     unit 27: COMPILE-ERROR src/md_SC07_004/md_SC07_004.c:10124: too few arguments to function `func_801AEAE4' | jtbl_rodata_pads --derive md_SC07_004: 0,0t1,0t1,0,0t1,
10:57:06     unit 11: COMPILE-ERROR src/ov_SC02_035/../shared/ov/func_8016AE5C__te4eb1475.h:8: too few arguments to function `func_8016B234' | src/ov_SC02_035/../shared/ov/func
10:57:06     unit 11: COMPILE-ERROR src/ov_SC02_039/../shared/ov/func_8016AE5C__te4eb1475.h:8: too few arguments to function `func_8016B234' | src/ov_SC02_039/../shared/ov/func
10:57:06   src/md_SC07_004/md_SC07_004.c: IDENTICAL · rows 28 · compiles 30 · 15.4 s · canon 23 promoted 0 K&R 2 aliases 0 abs 0 kept 5
10:57:07     unit 12: COMPILE-ERROR src/ov_SC02_035/ov_SC02_035_jr_8016AB6C.c:2455: too few arguments to function `func_8016BF50' | src/ov_SC02_035/ov_SC02_035_jr_8016AB6C.c:24
10:57:07     unit 11: COMPILE-ERROR src/ov_SC02_041/../shared/ov/func_8016AE5C__te4eb1475.h:8: too few arguments to function `func_8016B234' | src/ov_SC02_041/../shared/ov/func
10:57:07     unit 12: COMPILE-ERROR src/ov_SC02_039/ov_SC02_039_jr_8016AB6C.c:2455: too few arguments to function `func_8016BF50' | src/ov_SC02_039/ov_SC02_039_jr_8016AB6C.c:24
10:57:07     unit 12: COMPILE-ERROR src/ov_SC02_041/ov_SC02_041_jr_8016AB6C.c:2455: too few arguments to function `func_8016BF50' | src/ov_SC02_041/ov_SC02_041_jr_8016AB6C.c:24
10:57:07     unit 11: COMPILE-ERROR src/ov_SC03_001/../shared/ov/func_8016AE5C__te4eb1475.h:8: too few arguments to function `func_8016B234' | src/ov_SC03_001/../shared/ov/func
10:57:07     unit 11: COMPILE-ERROR src/ov_SC03_002/../shared/ov/func_8016AE5C__te4eb1475.h:8: too few arguments to function `func_8016B234' | src/ov_SC03_002/../shared/ov/func
10:57:07   src/ov_SC02_035/ov_SC02_035_jr_8016AB6C.c: IDENTICAL · rows 13 · compiles 16 · 4.6 s · canon 11 promoted 0 K&R 2 aliases 0 abs 0 kept 2
10:57:08   src/ov_SC02_039/ov_SC02_039_jr_8016AB6C.c: IDENTICAL · rows 13 · compiles 16 · 4.6 s · canon 11 promoted 0 K&R 2 aliases 0 abs 0 kept 2
10:57:08     unit 11: COMPILE-ERROR src/ov_SC03_003/../shared/ov/func_8016AE5C__te4eb1475.h:8: too few arguments to function `func_8016B234' | src/ov_SC03_003/../shared/ov/func
10:57:08     unit 12: COMPILE-ERROR src/ov_SC03_001/ov_SC03_001_jr_8016AB6C.c:2455: too few arguments to function `func_8016BF50' | src/ov_SC03_001/ov_SC03_001_jr_8016AB6C.c:24
10:57:08   src/ov_SC02_041/ov_SC02_041_jr_8016AB6C.c: IDENTICAL · rows 13 · compiles 16 · 4.6 s · canon 11 promoted 0 K&R 2 aliases 0 abs 0 kept 2
10:57:08     unit 12: COMPILE-ERROR src/ov_SC03_002/ov_SC03_002_jr_8016AB6C.c:2455: too few arguments to function `func_8016BF50' | src/ov_SC03_002/ov_SC03_002_jr_8016AB6C.c:24
10:57:08     unit 12: COMPILE-ERROR src/ov_SC03_003/ov_SC03_003_jr_8016AB6C.c:2455: too few arguments to function `func_8016BF50' | src/ov_SC03_003/ov_SC03_003_jr_8016AB6C.c:24
10:57:08     unit 11: COMPILE-ERROR src/ov_SC03_011/../shared/ov/func_8016AE5C__te4eb1475.h:8: too few arguments to function `func_8016B234' | src/ov_SC03_011/../shared/ov/func
10:57:09     unit 11: COMPILE-ERROR src/ov_SC03_006/../shared/ov/func_8016AE5C__te4eb1475.h:8: too few arguments to function `func_8016B234' | src/ov_SC03_006/../shared/ov/func
10:57:09   src/ov_SC03_001/ov_SC03_001_jr_8016AB6C.c: IDENTICAL · rows 13 · compiles 16 · 4.5 s · canon 11 promoted 0 K&R 2 aliases 0 abs 0 kept 2
10:57:09     unit 11: COMPILE-ERROR src/ov_SC03_007/../shared/ov/func_8016AE5C__te4eb1475.h:8: too few arguments to function `func_8016B234' | src/ov_SC03_007/../shared/ov/func
10:57:09     unit 12: COMPILE-ERROR src/ov_SC03_011/ov_SC03_011_jr_8016AB6C.c:2455: too few arguments to function `func_8016BF50' | src/ov_SC03_011/ov_SC03_011_jr_8016AB6C.c:24
10:57:09   src/ov_SC03_024/ov_SC03_024_jr_80183BF8.c: UNCHANGED · rows 0 · compiles 0 · 0.0 s · canon 0 promoted 0 K&R 0 aliases 0 abs 0 kept 0
10:57:09     unit 12: COMPILE-ERROR src/ov_SC03_006/ov_SC03_006_jr_8016AB6C.c:2455: too few arguments to function `func_8016BF50' | src/ov_SC03_006/ov_SC03_006_jr_8016AB6C.c:24
10:57:09   src/ov_SC03_002/ov_SC03_002_jr_8016AB6C.c: IDENTICAL · rows 13 · compiles 16 · 4.6 s · canon 11 promoted 0 K&R 2 aliases 0 abs 0 kept 2
10:57:09     unit 11: COMPILE-ERROR src/ov_SC03_012/../shared/ov/func_8016AE5C__te4eb1475.h:8: too few arguments to function `func_8016B234' | src/ov_SC03_012/../shared/ov/func
10:57:09     unit 11: COMPILE-ERROR src/ov_SC03_010/../shared/ov/func_8016AE5C__te4eb1475.h:8: too few arguments to function `func_8016B234' | src/ov_SC03_010/../shared/ov/func
10:57:09   src/ov_SC03_003/ov_SC03_003_jr_8016AB6C.c: IDENTICAL · rows 13 · compiles 16 · 4.6 s · canon 11 promoted 0 K&R 2 aliases 0 abs 0 kept 2
10:57:10     unit 12: COMPILE-ERROR src/ov_SC03_007/ov_SC03_007_jr_8016AB6C.c:2455: too few arguments to function `func_8016BF50' | src/ov_SC03_007/ov_SC03_007_jr_8016AB6C.c:24
10:57:10     unit 12: COMPILE-ERROR src/ov_SC03_012/ov_SC03_012_jr_8016AB6C.c:2455: too few arguments to function `func_8016BF50' | src/ov_SC03_012/ov_SC03_012_jr_8016AB6C.c:24
10:57:10     unit 12: COMPILE-ERROR src/ov_SC03_010/ov_SC03_010_jr_8016AB6C.c:2455: too few arguments to function `func_8016BF50' | src/ov_SC03_010/ov_SC03_010_jr_8016AB6C.c:24
10:57:10   src/ov_SC03_011/ov_SC03_011_jr_8016AB6C.c: IDENTICAL · rows 13 · compiles 16 · 4.6 s · canon 11 promoted 0 K&R 2 aliases 0 abs 0 kept 2
10:57:10   src/ov_SC03_006/ov_SC03_006_jr_8016AB6C.c: IDENTICAL · rows 13 · compiles 16 · 4.6 s · canon 11 promoted 0 K&R 2 aliases 0 abs 0 kept 2
10:57:11   src/ov_SC03_007/ov_SC03_007_jr_8016AB6C.c: IDENTICAL · rows 13 · compiles 16 · 4.4 s · canon 11 promoted 0 K&R 2 aliases 0 abs 0 kept 2
10:57:11   src/ov_SC03_012/ov_SC03_012_jr_8016AB6C.c: IDENTICAL · rows 13 · compiles 16 · 4.9 s · canon 11 promoted 0 K&R 2 aliases 0 abs 0 kept 2
10:57:11   src/ov_SC03_010/ov_SC03_010_jr_8016AB6C.c: IDENTICAL · rows 13 · compiles 16 · 4.9 s · canon 11 promoted 0 K&R 2 aliases 0 abs 0 kept 2
10:57:12     unit 11: COMPILE-ERROR src/ov_SC03_013/../shared/ov/func_8016AE5C__te4eb1475.h:8: too few arguments to function `func_8016B234' | src/ov_SC03_013/../shared/ov/func
10:57:12     unit 12: COMPILE-ERROR src/ov_SC03_013/ov_SC03_013_jr_8016AB6C.c:2455: too few arguments to function `func_8016BF50' | src/ov_SC03_013/ov_SC03_013_jr_8016AB6C.c:24
10:57:13   src/ov_SC03_013/ov_SC03_013_jr_8016AB6C.c: IDENTICAL · rows 13 · compiles 16 · 4.8 s · canon 11 promoted 0 K&R 2 aliases 0 abs 0 kept 2
10:57:13     unit 11: COMPILE-ERROR src/ov_SC03_023/../shared/ov/func_8016AE5C__te4eb1475.h:8: too few arguments to function `func_8016B234' | src/ov_SC03_023/../shared/ov/func
10:57:13   src/ov_SC03_092/ov_SC03_092_jr_80181694.c: UNCHANGED · rows 0 · compiles 0 · 0.0 s · canon 0 promoted 0 K&R 0 aliases 0 abs 0 kept 0
10:57:13     unit 11: COMPILE-ERROR src/ov_SC03_024/../shared/ov/func_8016AE5C__te4eb1475.h:8: too few arguments to function `func_8016B234' | src/ov_SC03_024/../shared/ov/func
10:57:14     unit 12: COMPILE-ERROR src/ov_SC03_023/ov_SC03_023_jr_8016AB6C.c:2455: too few arguments to function `func_8016BF50' | src/ov_SC03_023/ov_SC03_023_jr_8016AB6C.c:24
10:57:14     unit 12: COMPILE-ERROR src/ov_SC03_024/ov_SC03_024_jr_8016AB6C.c:2455: too few arguments to function `func_8016BF50' | src/ov_SC03_024/ov_SC03_024_jr_8016AB6C.c:24
10:57:14     unit 11: COMPILE-ERROR src/ov_SC03_030/../shared/ov/func_8016AE5C__te4eb1475.h:8: too few arguments to function `func_8016B234' | src/ov_SC03_030/../shared/ov/func
10:57:14     unit 11: COMPILE-ERROR src/ov_SC03_028/../shared/ov/func_8016AE5C__te4eb1475.h:8: too few arguments to function `func_8016B234' | src/ov_SC03_028/../shared/ov/func
10:57:14   src/ov_SC03_023/ov_SC03_023_jr_8016AB6C.c: IDENTICAL · rows 13 · compiles 16 · 4.7 s · canon 11 promoted 0 K&R 2 aliases 0 abs 0 kept 2
10:57:14     unit 11: COMPILE-ERROR src/ov_SC03_031/../shared/ov/func_8016AE5C__te4eb1475.h:8: too few arguments to function `func_8016B234' | src/ov_SC03_031/../shared/ov/func
10:57:14     unit 11: COMPILE-ERROR src/ov_SC03_029/../shared/ov/func_8016AE5C__te4eb1475.h:8: too few arguments to function `func_8016B234' | src/ov_SC03_029/../shared/ov/func
10:57:14     unit 11: COMPILE-ERROR src/ov_SC03_089/../shared/ov/func_8016AE5C__te4eb1475.h:8: too few arguments to function `func_8016B234' | src/ov_SC03_089/../shared/ov/func
10:57:15     unit 12: COMPILE-ERROR src/ov_SC03_030/ov_SC03_030_jr_8016AB6C.c:2455: too few arguments to function `func_8016BF50' | src/ov_SC03_030/ov_SC03_030_jr_8016AB6C.c:24
10:57:15   src/ov_SC03_024/ov_SC03_024_jr_8016AB6C.c: IDENTICAL · rows 13 · compiles 16 · 4.7 s · canon 11 promoted 0 K&R 2 aliases 0 abs 0 kept 2
10:57:15     unit 12: COMPILE-ERROR src/ov_SC03_028/ov_SC03_028_jr_8016AB6C.c:2455: too few arguments to function `func_8016BF50' | src/ov_SC03_028/ov_SC03_028_jr_8016AB6C.c:24
10:57:15     unit 12: COMPILE-ERROR src/ov_SC03_031/ov_SC03_031_jr_8016AB6C.c:2455: too few arguments to function `func_8016BF50' | src/ov_SC03_031/ov_SC03_031_jr_8016AB6C.c:24
10:57:15     unit 12: COMPILE-ERROR src/ov_SC03_029/ov_SC03_029_jr_8016AB6C.c:2455: too few arguments to function `func_8016BF50' | src/ov_SC03_029/ov_SC03_029_jr_8016AB6C.c:24
10:57:15     unit 12: COMPILE-ERROR src/ov_SC03_089/ov_SC03_089_jr_8016AB6C.c:2455: too few arguments to function `func_8016BF50' | src/ov_SC03_089/ov_SC03_089_jr_8016AB6C.c:24
10:57:15     unit 11: COMPILE-ERROR src/ov_SC03_090/../shared/ov/func_8016AE5C__te4eb1475.h:8: too few arguments to function `func_8016B234' | src/ov_SC03_090/../shared/ov/func
10:57:15   src/ov_SC03_030/ov_SC03_030_jr_8016AB6C.c: IDENTICAL · rows 13 · compiles 16 · 4.6 s · canon 11 promoted 0 K&R 2 aliases 0 abs 0 kept 2
10:57:16     unit 11: COMPILE-ERROR src/ov_SC03_092/../shared/ov/func_8016AE5C__te4eb1475.h:8: too few arguments to function `func_8016B234' | src/ov_SC03_092/../shared/ov/func
10:57:16     unit 11: COMPILE-ERROR src/ov_SC03_091/../shared/ov/func_8016AE5C__te4eb1475.h:8: too few arguments to function `func_8016B234' | src/ov_SC03_091/../shared/ov/func
10:57:16   src/ov_SC03_028/ov_SC03_028_jr_8016AB6C.c: IDENTICAL · rows 13 · compiles 16 · 4.7 s · canon 11 promoted 0 K&R 2 aliases 0 abs 0 kept 2
10:57:16     unit 12: COMPILE-ERROR src/ov_SC03_090/ov_SC03_090_jr_8016AB6C.c:2455: too few arguments to function `func_8016BF50' | src/ov_SC03_090/ov_SC03_090_jr_8016AB6C.c:24
10:57:16   src/ov_SC03_029/ov_SC03_029_jr_8016AB6C.c: IDENTICAL · rows 13 · compiles 16 · 4.8 s · canon 11 promoted 0 K&R 2 aliases 0 abs 0 kept 2
10:57:16   src/ov_SC03_031/ov_SC03_031_jr_8016AB6C.c: IDENTICAL · rows 13 · compiles 16 · 4.6 s · canon 11 promoted 0 K&R 2 aliases 0 abs 0 kept 2
10:57:16   src/ov_SC03_089/ov_SC03_089_jr_8016AB6C.c: IDENTICAL · rows 13 · compiles 16 · 4.5 s · canon 11 promoted 0 K&R 2 aliases 0 abs 0 kept 2
10:57:16     unit 12: COMPILE-ERROR src/ov_SC03_092/ov_SC03_092_jr_8016AB6C.c:2455: too few arguments to function `func_8016BF50' | src/ov_SC03_092/ov_SC03_092_jr_8016AB6C.c:24
10:57:16     unit 12: COMPILE-ERROR src/ov_SC03_091/ov_SC03_091_jr_8016AB6C.c:2455: too few arguments to function `func_8016BF50' | src/ov_SC03_091/ov_SC03_091_jr_8016AB6C.c:24
10:57:17   src/ov_SC03_090/ov_SC03_090_jr_8016AB6C.c: IDENTICAL · rows 13 · compiles 16 · 5.0 s · canon 11 promoted 0 K&R 2 aliases 0 abs 0 kept 2
10:57:17   src/ov_SC03_091/ov_SC03_091_jr_8016AB6C.c: IDENTICAL · rows 13 · compiles 16 · 4.6 s · canon 11 promoted 0 K&R 2 aliases 0 abs 0 kept 2
10:57:17   src/ov_SC03_092/ov_SC03_092_jr_8016AB6C.c: IDENTICAL · rows 13 · compiles 16 · 4.7 s · canon 11 promoted 0 K&R 2 aliases 0 abs 0 kept 2
10:57:17     unit 11: COMPILE-ERROR src/ov_SC03_014/../shared/ov/func_8016AE5C__te4eb1475.h:8: too few arguments to function `func_8016B234' | src/ov_SC03_014/../shared/ov/func
10:57:18     unit 11: COMPILE-ERROR src/ov_SC03_093/../shared/ov/func_8016AE5C__te4eb1475.h:8: too few arguments to function `func_8016B234' | src/ov_SC03_093/../shared/ov/func
10:57:18     unit 12: COMPILE-ERROR src/ov_SC03_014/ov_SC03_014_jr_8016AB6C.c:2455: too few arguments to function `func_8016BF50' | src/ov_SC03_014/ov_SC03_014_jr_8016AB6C.c:24
10:57:19     unit 12: COMPILE-ERROR src/ov_SC03_093/ov_SC03_093_jr_8016AB6C.c:2455: too few arguments to function `func_8016BF50' | src/ov_SC03_093/ov_SC03_093_jr_8016AB6C.c:24
10:57:19     unit 11: COMPILE-ERROR src/ov_SC03_094/../shared/ov/func_8016AE5C__te4eb1475.h:8: too few arguments to function `func_8016B234' | src/ov_SC03_094/../shared/ov/func
10:57:19   src/ov_SC03_093/ov_SC03_093_jr_8016AB6C.c: IDENTICAL · rows 13 · compiles 16 · 4.4 s · canon 11 promoted 0 K&R 2 aliases 0 abs 0 kept 2
10:57:19     unit 11: COMPILE-ERROR src/ov_SC03_095/../shared/ov/func_8016AE5C__te4eb1475.h:8: too few arguments to function `func_8016B234' | src/ov_SC03_095/../shared/ov/func
10:57:19   src/ov_SC03_014/ov_SC03_014_jr_8016AB6C.c: IDENTICAL · rows 13 · compiles 32 · 9.3 s · canon 11 promoted 0 K&R 2 aliases 0 abs 0 kept 2
10:57:19     unit 12: COMPILE-ERROR src/ov_SC03_094/ov_SC03_094_jr_8016AB6C.c:2455: too few arguments to function `func_8016BF50' | src/ov_SC03_094/ov_SC03_094_jr_8016AB6C.c:24
10:57:20     unit 12: COMPILE-ERROR src/ov_SC03_095/ov_SC03_095_jr_8016AB6C.c:2455: too few arguments to function `func_8016BF50' | src/ov_SC03_095/ov_SC03_095_jr_8016AB6C.c:24
10:57:20     unit 11: COMPILE-ERROR src/ov_SC03_096/../shared/ov/func_8016AE5C__te4eb1475.h:8: too few arguments to function `func_8016B234' | src/ov_SC03_096/../shared/ov/func
10:57:20   src/ov_SC03_094/ov_SC03_094_jr_8016AB6C.c: IDENTICAL · rows 13 · compiles 16 · 4.2 s · canon 11 promoted 0 K&R 2 aliases 0 abs 0 kept 2
10:57:20     unit 11: COMPILE-ERROR src/ov_SC03_097/../shared/ov/func_8016AE5C__te4eb1475.h:8: too few arguments to function `func_8016B234' | src/ov_SC03_097/../shared/ov/func
10:57:20     unit 11: COMPILE-ERROR src/ov_SC03_098/../shared/ov/func_8016AE5C__te4eb1475.h:8: too few arguments to function `func_8016B234' | src/ov_SC03_098/../shared/ov/func
10:57:20   src/ov_SC03_095/ov_SC03_095_jr_8016AB6C.c: IDENTICAL · rows 13 · compiles 16 · 4.3 s · canon 11 promoted 0 K&R 2 aliases 0 abs 0 kept 2
10:57:20     unit 12: COMPILE-ERROR src/ov_SC03_096/ov_SC03_096_jr_8016AB6C.c:2455: too few arguments to function `func_8016BF50' | src/ov_SC03_096/ov_SC03_096_jr_8016AB6C.c:24
10:57:20     unit 11: COMPILE-ERROR src/ov_SC03_099/../shared/ov/func_8016AE5C__te4eb1475.h:8: too few arguments to function `func_8016B234' | src/ov_SC03_099/../shared/ov/func
10:57:20     unit 11: COMPILE-ERROR src/ov_SC03_100/../shared/ov/func_8016AE5C__te4eb1475.h:8: too few arguments to function `func_8016B234' | src/ov_SC03_100/../shared/ov/func
10:57:20     unit 12: COMPILE-ERROR src/ov_SC03_097/ov_SC03_097_jr_8016AB6C.c:2455: too few arguments to function `func_8016BF50' | src/ov_SC03_097/ov_SC03_097_jr_8016AB6C.c:24
10:57:20     unit 11: COMPILE-ERROR src/ov_SC03_101/../shared/ov/func_8016AE5C__te4eb1475.h:8: too few arguments to function `func_8016B234' | src/ov_SC03_101/../shared/ov/func
10:57:20     unit 12: COMPILE-ERROR src/ov_SC03_098/ov_SC03_098_jr_8016AB6C.c:2455: too few arguments to function `func_8016BF50' | src/ov_SC03_098/ov_SC03_098_jr_8016AB6C.c:24
10:57:21     unit 12: COMPILE-ERROR src/ov_SC03_100/ov_SC03_100_jr_8016AB6C.c:2455: too few arguments to function `func_8016BF50' | src/ov_SC03_100/ov_SC03_100_jr_8016AB6C.c:24
10:57:21     unit 12: COMPILE-ERROR src/ov_SC03_099/ov_SC03_099_jr_8016AB6C.c:2455: too few arguments to function `func_8016BF50' | src/ov_SC03_099/ov_SC03_099_jr_8016AB6C.c:24
10:57:21   src/ov_SC03_096/ov_SC03_096_jr_8016AB6C.c: IDENTICAL · rows 13 · compiles 16 · 4.2 s · canon 11 promoted 0 K&R 2 aliases 0 abs 0 kept 2
10:57:21     unit 12: COMPILE-ERROR src/ov_SC03_101/ov_SC03_101_jr_8016AB6C.c:2455: too few arguments to function `func_8016BF50' | src/ov_SC03_101/ov_SC03_101_jr_8016AB6C.c:24
10:57:21   src/ov_SC03_097/ov_SC03_097_jr_8016AB6C.c: IDENTICAL · rows 13 · compiles 16 · 4.2 s · canon 11 promoted 0 K&R 2 aliases 0 abs 0 kept 2
10:57:21   src/ov_SC03_098/ov_SC03_098_jr_8016AB6C.c: IDENTICAL · rows 13 · compiles 16 · 4.2 s · canon 11 promoted 0 K&R 2 aliases 0 abs 0 kept 2
10:57:21   src/ov_SC03_100/ov_SC03_100_jr_8016AB6C.c: IDENTICAL · rows 13 · compiles 16 · 3.9 s · canon 11 promoted 0 K&R 2 aliases 0 abs 0 kept 2
10:57:21   src/ov_SC03_099/ov_SC03_099_jr_8016AB6C.c: IDENTICAL · rows 13 · compiles 16 · 4.0 s · canon 11 promoted 0 K&R 2 aliases 0 abs 0 kept 2
10:57:22   src/ov_SC03_101/ov_SC03_101_jr_8016AB6C.c: IDENTICAL · rows 13 · compiles 16 · 3.9 s · canon 11 promoted 0 K&R 2 aliases 0 abs 0 kept 2
10:57:22 restruct: batch t4_D7 rung D — 300 files (TUs; 3878 drawable) · 1566 declaration units: 1084 canonical / 0 promoted / 108 K&R marked / 0 aliases typed / 0 __builtin_abs → abs / 160 kept · compiles 1564 in 76 s wall · final 300/300 identical · written 103 files
