restruct --plan D: 300 of 3878 TUs with lying declarations · 14141 callees
10:32:22 apply t4_D3 rung D: 300 files, control src/ov_SC03_124/ov_SC03_124_jr_80188544.c IDENTICAL (0.08 s), calibration 2dd78c3e4
10:32:22   src/ov_MAIN_012/ov_MAIN_012_jr_8017C3BC.c: UNCHANGED · rows 0 · compiles 0 · 0.0 s · canon 0 promoted 0 K&R 0 aliases 0 abs 0 kept 0
10:32:22   src/ov_MAIN_012/ov_MAIN_012_jr_8017CA18.c: UNCHANGED · rows 0 · compiles 0 · 0.0 s · canon 0 promoted 0 K&R 0 aliases 0 abs 0 kept 0
10:32:22   src/ov_MAIN_012/ov_MAIN_012_jr_8017CF3C.c: UNCHANGED · rows 0 · compiles 0 · 0.0 s · canon 0 promoted 0 K&R 0 aliases 0 abs 0 kept 0
10:32:23   src/ov_SC07_000/ov_SC07_000_jr_8017F8B8.c: UNCHANGED · rows 0 · compiles 0 · 0.0 s · canon 0 promoted 0 K&R 0 aliases 0 abs 0 kept 0
10:32:24   src/ov_SC07_002/ov_SC07_002_jr_8017C8D0.c: UNCHANGED · rows 0 · compiles 0 · 0.0 s · canon 0 promoted 0 K&R 0 aliases 0 abs 0 kept 0
10:32:24   src/ov_SC04_015/ov_SC04_015_jr_801820DC.c: UNCHANGED · rows 0 · compiles 0 · 0.0 s · canon 0 promoted 0 K&R 0 aliases 0 abs 0 kept 0
10:32:24   src/ov_SC03_124/ov_SC03_124_jr_80188544.c: UNCHANGED · rows 0 · compiles 0 · 0.0 s · canon 0 promoted 0 K&R 0 aliases 0 abs 0 kept 0
10:32:24   src/ov_MAIN_012/ov_MAIN_012_jr_801789AC.c: UNCHANGED · rows 0 · compiles 0 · 0.0 s · canon 0 promoted 0 K&R 0 aliases 0 abs 0 kept 0
10:32:24   src/ov_SC02_037/ov_SC02_037_jr_801789AC.c: UNCHANGED · rows 0 · compiles 0 · 0.0 s · canon 0 promoted 0 K&R 0 aliases 0 abs 0 kept 0
10:32:25   src/ov_SC06_025/ov_SC06_025_jr_8017EEC4.c: UNCHANGED · rows 0 · compiles 0 · 0.0 s · canon 0 promoted 0 K&R 0 aliases 0 abs 0 kept 0
10:32:25   src/ov_SC02_037/ov_SC02_037_jr_8017AE2C.c: UNCHANGED · rows 0 · compiles 0 · 0.0 s · canon 0 promoted 0 K&R 0 aliases 0 abs 0 kept 0
10:32:25   src/ov_SC03_107/ov_SC03_107_jr_801789AC.c: UNCHANGED · rows 0 · compiles 0 · 0.0 s · canon 0 promoted 0 K&R 0 aliases 0 abs 0 kept 0
10:32:25   src/ov_SC07_006/ov_SC07_006_jr_80183814.c: UNCHANGED · rows 0 · compiles 0 · 0.0 s · canon 0 promoted 0 K&R 0 aliases 0 abs 0 kept 0
10:32:25   src/ov_SC07_006/ov_SC07_006_jr_8017BEBC.c: UNCHANGED · rows 0 · compiles 0 · 0.0 s · canon 0 promoted 0 K&R 0 aliases 0 abs 0 kept 0
10:32:26   src/ov_SC06_018/ov_SC06_018_jr_8017C24C.c: UNCHANGED · rows 0 · compiles 0 · 0.0 s · canon 0 promoted 0 K&R 0 aliases 0 abs 0 kept 0
10:32:26   src/ov_SC06_018/ov_SC06_018_jr_80187AEC.c: UNCHANGED · rows 0 · compiles 0 · 0.0 s · canon 0 promoted 0 K&R 0 aliases 0 abs 0 kept 0
10:32:27   src/ov_SC06_018/ov_SC06_018_jr_8018FF98.c: UNCHANGED · rows 0 · compiles 0 · 0.0 s · canon 0 promoted 0 K&R 0 aliases 0 abs 0 kept 0
10:32:27   src/ov_SC07_006/ov_SC07_006_jr_8017AE2C.c: UNCHANGED · rows 0 · compiles 0 · 0.0 s · canon 0 promoted 0 K&R 0 aliases 0 abs 0 kept 0
10:32:27   src/ov_SC05_018/ov_SC05_018_jr_8017D604.c: UNCHANGED · rows 0 · compiles 0 · 0.0 s · canon 0 promoted 0 K&R 0 aliases 0 abs 0 kept 0
10:32:28   src/ov_SC04_011/ov_SC04_011_jr_8017D494.c: UNCHANGED · rows 1 · compiles 1 · 0.9 s · canon 0 promoted 0 K&R 0 aliases 0 abs 0 kept 1
10:32:28   src/ov_SC06_000/ov_SC06_000_jr_8017AE2C.c: UNCHANGED · rows 0 · compiles 0 · 0.0 s · canon 0 promoted 0 K&R 0 aliases 0 abs 0 kept 0
10:32:28   src/ov_SC02_037/ov_SC02_037_jr_8016AB6C.c: UNCHANGED · rows 0 · compiles 0 · 0.0 s · canon 0 promoted 0 K&R 0 aliases 0 abs 0 kept 0
10:32:28   src/ov_MAIN_012/ov_MAIN_012_jr_8016AB6C.c: UNCHANGED · rows 0 · compiles 0 · 0.0 s · canon 0 promoted 0 K&R 0 aliases 0 abs 0 kept 0
10:32:28   src/ov_SC06_032/ov_SC06_032_jr_80182890.c: UNCHANGED · rows 0 · compiles 0 · 0.0 s · canon 0 promoted 0 K&R 0 aliases 0 abs 0 kept 0
10:32:28   src/ov_SC06_032/ov_SC06_032_jr_8018FCE8.c: UNCHANGED · rows 0 · compiles 0 · 0.0 s · canon 0 promoted 0 K&R 0 aliases 0 abs 0 kept 0
10:32:28   src/ov_SC06_032/ov_SC06_032_jr_801919A0.c: UNCHANGED · rows 0 · compiles 0 · 0.0 s · canon 0 promoted 0 K&R 0 aliases 0 abs 0 kept 0
10:32:28   src/ov_SC06_018/ov_SC06_018_jr_80186270.c: UNCHANGED · rows 0 · compiles 0 · 0.0 s · canon 0 promoted 0 K&R 0 aliases 0 abs 0 kept 0
10:32:29   src/ov_SC06_032/ov_SC06_032_jr_801902EC.c: UNCHANGED · rows 0 · compiles 0 · 0.0 s · canon 0 promoted 0 K&R 0 aliases 0 abs 0 kept 0
10:32:29   src/ov_SC06_016/ov_SC06_016_jr_801816DC.c: UNCHANGED · rows 0 · compiles 0 · 0.0 s · canon 0 promoted 0 K&R 0 aliases 0 abs 0 kept 0
10:32:29   src/ov_SC06_006/ov_SC06_006_jr_8017DB90.c: UNCHANGED · rows 0 · compiles 0 · 0.0 s · canon 0 promoted 0 K&R 0 aliases 0 abs 0 kept 0
10:32:29   src/ov_SC03_118/ov_SC03_118_o0d.c: UNCHANGED · rows 0 · compiles 0 · 0.0 s · canon 0 promoted 0 K&R 0 aliases 0 abs 0 kept 0
10:32:29   src/ov_SC07_006/ov_SC07_006_jr_801789AC.c: UNCHANGED · rows 0 · compiles 0 · 0.0 s · canon 0 promoted 0 K&R 0 aliases 0 abs 0 kept 0
10:32:29   src/ov_SC03_107/ov_SC03_107_jr_80171B4C.c: UNCHANGED · rows 0 · compiles 0 · 0.0 s · canon 0 promoted 0 K&R 0 aliases 0 abs 0 kept 0
10:32:29   src/ov_SC04_015/ov_SC04_015_jr_8017AE2C.c: UNCHANGED · rows 0 · compiles 0 · 0.0 s · canon 0 promoted 0 K&R 0 aliases 0 abs 0 kept 0
10:32:29   src/ov_MAIN_012/ov_MAIN_012_jr_80171B4C.c: UNCHANGED · rows 0 · compiles 0 · 0.0 s · canon 0 promoted 0 K&R 0 aliases 0 abs 0 kept 0
10:32:29   src/ov_SC02_037/ov_SC02_037_jr_80171B4C.c: UNCHANGED · rows 0 · compiles 0 · 0.0 s · canon 0 promoted 0 K&R 0 aliases 0 abs 0 kept 0
10:32:30   src/ov_SC06_008/ov_SC06_008_jr_8017C294.c: UNCHANGED · rows 0 · compiles 0 · 0.0 s · canon 0 promoted 0 K&R 0 aliases 0 abs 0 kept 0
10:32:30   src/ov_MAIN_012/ov_MAIN_012_jr_8016AE5C.c: UNCHANGED · rows 0 · compiles 0 · 0.0 s · canon 0 promoted 0 K&R 0 aliases 0 abs 0 kept 0
10:32:30   src/ov_SC02_037/ov_SC02_037_jr_8016AE5C.c: UNCHANGED · rows 0 · compiles 0 · 0.0 s · canon 0 promoted 0 K&R 0 aliases 0 abs 0 kept 0
10:32:30   src/ov_SC03_107/ov_SC03_107_jr_8016AE5C.c: UNCHANGED · rows 0 · compiles 0 · 0.0 s · canon 0 promoted 0 K&R 0 aliases 0 abs 0 kept 0
10:32:30   src/ov_SC06_022/ov_SC06_022_jr_80184A28.c: UNCHANGED · rows 0 · compiles 0 · 0.0 s · canon 0 promoted 0 K&R 0 aliases 0 abs 0 kept 0
10:32:30   src/ov_SC03_092/ov_SC03_092_jr_8017FE88.c: UNCHANGED · rows 0 · compiles 0 · 0.0 s · canon 0 promoted 0 K&R 0 aliases 0 abs 0 kept 0
10:32:30   src/ov_SC03_124/ov_SC03_124_jr_80185C98.c: UNCHANGED · rows 0 · compiles 0 · 0.0 s · canon 0 promoted 0 K&R 0 aliases 0 abs 0 kept 0
10:32:31   src/ov_SC06_033/ov_SC06_033_jr_8018BCD4.c: UNCHANGED · rows 0 · compiles 0 · 0.0 s · canon 0 promoted 0 K&R 0 aliases 0 abs 0 kept 0
10:32:30   src/ov_SC07_006/ov_SC07_006_jr_80179B74.c: UNCHANGED · rows 0 · compiles 0 · 0.0 s · canon 0 promoted 0 K&R 0 aliases 0 abs 0 kept 0
10:32:31   src/ov_SC06_033/ov_SC06_033_jr_8018C2D8.c: UNCHANGED · rows 0 · compiles 0 · 0.0 s · canon 0 promoted 0 K&R 0 aliases 0 abs 0 kept 0
10:32:31   src/ov_SC06_033/ov_SC06_033_jr_8017C24C.c: UNCHANGED · rows 0 · compiles 0 · 0.0 s · canon 0 promoted 0 K&R 0 aliases 0 abs 0 kept 0
10:32:31   src/ov_SC06_033/ov_SC06_033_jr_8018D98C.c: UNCHANGED · rows 0 · compiles 0 · 0.0 s · canon 0 promoted 0 K&R 0 aliases 0 abs 0 kept 0
10:32:31   src/ov_SC03_124/ov_SC03_124_jr_80187010.c: UNCHANGED · rows 0 · compiles 0 · 0.0 s · canon 0 promoted 0 K&R 0 aliases 0 abs 0 kept 0
10:32:31   src/ov_SC06_024/ov_SC06_024_jr_80186F00.c: UNCHANGED · rows 0 · compiles 0 · 0.0 s · canon 0 promoted 0 K&R 0 aliases 0 abs 0 kept 0
10:32:31   src/ov_SC06_033/ov_SC06_033_jr_80184CF8.c: UNCHANGED · rows 0 · compiles 0 · 0.0 s · canon 0 promoted 0 K&R 0 aliases 0 abs 0 kept 0
10:32:32   src/ov_SC04_018/ov_SC04_018_jr_8018CC40.c: UNCHANGED · rows 0 · compiles 0 · 0.0 s · canon 0 promoted 0 K&R 0 aliases 0 abs 0 kept 0
10:32:32   src/ov_SC04_018/ov_SC04_018_jr_80188E1C.c: UNCHANGED · rows 0 · compiles 0 · 0.0 s · canon 0 promoted 0 K&R 0 aliases 0 abs 0 kept 0
10:32:32   src/ov_SC04_018/ov_SC04_018_jr_801878E8.c: UNCHANGED · rows 0 · compiles 0 · 0.0 s · canon 0 promoted 0 K&R 0 aliases 0 abs 0 kept 0
10:32:32   src/ov_SC04_018/ov_SC04_018_jr_80186570.c: UNCHANGED · rows 0 · compiles 0 · 0.0 s · canon 0 promoted 0 K&R 0 aliases 0 abs 0 kept 0
10:32:32   src/ov_SC06_033/ov_SC06_033_jr_80186574.c: UNCHANGED · rows 0 · compiles 0 · 0.0 s · canon 0 promoted 0 K&R 0 aliases 0 abs 0 kept 0
10:32:32   src/ov_SC06_033/ov_SC06_033_jr_801836FC.c: UNCHANGED · rows 0 · compiles 0 · 0.0 s · canon 0 promoted 0 K&R 0 aliases 0 abs 0 kept 0
10:32:33   src/ov_SC05_017/ov_SC05_017_jr_8018C694.c: UNCHANGED · rows 0 · compiles 0 · 0.0 s · canon 0 promoted 0 K&R 0 aliases 0 abs 0 kept 0
10:32:33   src/ov_SC06_010/ov_SC06_010_jr_8017A4AC.c: UNCHANGED · rows 0 · compiles 0 · 0.0 s · canon 0 promoted 0 K&R 0 aliases 0 abs 0 kept 0
10:32:33   src/ov_SC05_017/ov_SC05_017_jr_80188B1C.c: UNCHANGED · rows 0 · compiles 0 · 0.0 s · canon 0 promoted 0 K&R 0 aliases 0 abs 0 kept 0
10:32:33   src/ov_SC07_007/ov_SC07_007_jr_8017BEBC.c: UNCHANGED · rows 0 · compiles 0 · 0.0 s · canon 0 promoted 0 K&R 0 aliases 0 abs 0 kept 0
10:32:33   src/ov_SC05_018/ov_SC05_018_jr_80185754.c: UNCHANGED · rows 0 · compiles 0 · 0.0 s · canon 0 promoted 0 K&R 0 aliases 0 abs 0 kept 0
10:32:33   src/ov_SC04_007/ov_SC04_007_jr_8017BEBC.c: UNCHANGED · rows 0 · compiles 0 · 0.0 s · canon 0 promoted 0 K&R 0 aliases 0 abs 0 kept 0
10:32:35     unit 5: COMPILE-ERROR src/ov_SC02_004/ov_SC02_004_jr_801789AC.c:1712: parse error before `*' | src/ov_SC02_004/ov_SC02_004_jr_801789AC.c:1869: parse error before 
10:32:35     unit 5: COMPILE-ERROR src/ov_SC02_015/ov_SC02_015_jr_801789AC.c:1710: parse error before `*' | src/ov_SC02_015/ov_SC02_015_jr_801789AC.c:1867: parse error before 
10:32:35     unit 5: COMPILE-ERROR src/ov_SC01_084/ov_SC01_084_jr_801789AC.c:1713: parse error before `*' | src/ov_SC01_084/ov_SC01_084_jr_801789AC.c:1870: parse error before 
10:32:35     unit 5: COMPILE-ERROR src/ov_SC02_016/ov_SC02_016_jr_801789AC.c:1712: parse error before `*' | src/ov_SC02_016/ov_SC02_016_jr_801789AC.c:1869: parse error before 
10:32:35     unit 5: COMPILE-ERROR src/ov_SC02_011/ov_SC02_011_jr_801789AC.c:1712: parse error before `*' | src/ov_SC02_011/ov_SC02_011_jr_801789AC.c:1869: parse error before 
10:32:36     unit 5: COMPILE-ERROR src/ov_SC02_021/ov_SC02_021_jr_801789AC.c:1712: parse error before `*' | src/ov_SC02_021/ov_SC02_021_jr_801789AC.c:1869: parse error before 
10:32:36     unit 5: COMPILE-ERROR src/ov_SC02_005/ov_SC02_005_jr_801789AC.c:1714: parse error before `*' | src/ov_SC02_005/ov_SC02_005_jr_801789AC.c:1871: parse error before 
10:32:36     unit 5: COMPILE-ERROR src/ov_SC02_026/ov_SC02_026_jr_801789AC.c:1712: parse error before `*' | src/ov_SC02_026/ov_SC02_026_jr_801789AC.c:1869: parse error before 
10:32:36     unit 5: COMPILE-ERROR src/ov_SC02_017/ov_SC02_017_jr_801789AC.c:1712: parse error before `*' | src/ov_SC02_017/ov_SC02_017_jr_801789AC.c:1869: parse error before 
10:32:36     unit 5: COMPILE-ERROR src/ov_SC02_027/ov_SC02_027_jr_801789AC.c:1712: parse error before `*' | src/ov_SC02_027/ov_SC02_027_jr_801789AC.c:1869: parse error before 
10:32:36     unit 5: COMPILE-ERROR src/ov_SC02_028/ov_SC02_028_jr_801789AC.c:1712: parse error before `*' | src/ov_SC02_028/ov_SC02_028_jr_801789AC.c:1869: parse error before 
10:32:36   src/ov_SC02_004/ov_SC02_004_jr_801789AC.c: IDENTICAL · rows 15 · compiles 17 · 1.5 s · canon 14 promoted 0 K&R 0 aliases 0 abs 0 kept 1
10:32:36     unit 5: COMPILE-ERROR src/ov_SC02_000/ov_SC02_000_jr_801789AC.c:1710: parse error before `*' | src/ov_SC02_000/ov_SC02_000_jr_801789AC.c:1867: parse error before 
10:32:36   src/ov_SC02_015/ov_SC02_015_jr_801789AC.c: IDENTICAL · rows 15 · compiles 17 · 1.5 s · canon 14 promoted 0 K&R 0 aliases 0 abs 0 kept 1
10:32:37   src/ov_SC01_084/ov_SC01_084_jr_801789AC.c: IDENTICAL · rows 15 · compiles 17 · 1.2 s · canon 14 promoted 0 K&R 0 aliases 0 abs 0 kept 1
10:32:37   src/ov_SC02_016/ov_SC02_016_jr_801789AC.c: IDENTICAL · rows 15 · compiles 17 · 1.5 s · canon 14 promoted 0 K&R 0 aliases 0 abs 0 kept 1
10:32:37   src/ov_SC02_011/ov_SC02_011_jr_801789AC.c: IDENTICAL · rows 15 · compiles 17 · 1.4 s · canon 14 promoted 0 K&R 0 aliases 0 abs 0 kept 1
10:32:37   src/ov_SC02_021/ov_SC02_021_jr_801789AC.c: IDENTICAL · rows 15 · compiles 17 · 1.3 s · canon 14 promoted 0 K&R 0 aliases 0 abs 0 kept 1
10:32:38   src/ov_SC02_005/ov_SC02_005_jr_801789AC.c: IDENTICAL · rows 15 · compiles 17 · 1.3 s · canon 14 promoted 0 K&R 0 aliases 0 abs 0 kept 1
10:32:37   src/ov_SC02_017/ov_SC02_017_jr_801789AC.c: IDENTICAL · rows 15 · compiles 17 · 1.3 s · canon 14 promoted 0 K&R 0 aliases 0 abs 0 kept 1
10:32:38   src/ov_SC02_026/ov_SC02_026_jr_801789AC.c: IDENTICAL · rows 15 · compiles 17 · 1.3 s · canon 14 promoted 0 K&R 0 aliases 0 abs 0 kept 1
10:32:38   src/ov_SC02_027/ov_SC02_027_jr_801789AC.c: IDENTICAL · rows 15 · compiles 17 · 1.3 s · canon 14 promoted 0 K&R 0 aliases 0 abs 0 kept 1
10:32:38   src/ov_SC02_028/ov_SC02_028_jr_801789AC.c: IDENTICAL · rows 15 · compiles 17 · 1.3 s · canon 14 promoted 0 K&R 0 aliases 0 abs 0 kept 1
10:32:38     unit 5: COMPILE-ERROR src/ov_SC02_031/ov_SC02_031_jr_801789AC.c:1712: parse error before `*' | src/ov_SC02_031/ov_SC02_031_jr_801789AC.c:1869: parse error before 
10:32:38     unit 5: COMPILE-ERROR src/ov_SC02_035/ov_SC02_035_jr_801789AC.c:1712: parse error before `*' | src/ov_SC02_035/ov_SC02_035_jr_801789AC.c:1869: parse error before 
10:32:38     unit 5: COMPILE-ERROR src/ov_SC02_039/ov_SC02_039_jr_801789AC.c:1712: parse error before `*' | src/ov_SC02_039/ov_SC02_039_jr_801789AC.c:1869: parse error before 
10:32:39     unit 5: COMPILE-ERROR src/ov_SC02_041/ov_SC02_041_jr_801789AC.c:1712: parse error before `*' | src/ov_SC02_041/ov_SC02_041_jr_801789AC.c:1869: parse error before 
10:32:39     unit 5: COMPILE-ERROR src/ov_SC03_001/ov_SC03_001_jr_801789AC.c:1712: parse error before `*' | src/ov_SC03_001/ov_SC03_001_jr_801789AC.c:1869: parse error before 
10:32:39   src/ov_SC02_000/ov_SC02_000_jr_801789AC.c: IDENTICAL · rows 15 · compiles 34 · 3.1 s · canon 14 promoted 0 K&R 0 aliases 0 abs 0 kept 1
10:32:39     unit 5: COMPILE-ERROR src/ov_SC03_003/ov_SC03_003_jr_801789AC.c:1712: parse error before `*' | src/ov_SC03_003/ov_SC03_003_jr_801789AC.c:1869: parse error before 
10:32:40     unit 5: COMPILE-ERROR src/ov_SC03_002/ov_SC03_002_jr_801789AC.c:1712: parse error before `*' | src/ov_SC03_002/ov_SC03_002_jr_801789AC.c:1869: parse error before 
10:32:40     unit 5: COMPILE-ERROR src/ov_SC03_002/ov_SC03_002_jr_80181BCC.c:1703: parse error before `*' | src/ov_SC03_002/ov_SC03_002_jr_80181BCC.c:1856: parse error before 
10:32:40     unit 5: COMPILE-ERROR src/ov_SC03_006/ov_SC03_006_jr_801789AC.c:1712: parse error before `*' | src/ov_SC03_006/ov_SC03_006_jr_801789AC.c:1869: parse error before 
10:32:40   src/ov_SC02_031/ov_SC02_031_jr_801789AC.c: IDENTICAL · rows 15 · compiles 17 · 1.4 s · canon 14 promoted 0 K&R 0 aliases 0 abs 0 kept 1
10:32:40     unit 5: COMPILE-ERROR src/ov_SC03_007/ov_SC03_007_jr_801789AC.c:1712: parse error before `*' | src/ov_SC03_007/ov_SC03_007_jr_801789AC.c:1869: parse error before 
10:32:40   src/ov_SC02_035/ov_SC02_035_jr_801789AC.c: IDENTICAL · rows 15 · compiles 17 · 1.4 s · canon 14 promoted 0 K&R 0 aliases 0 abs 0 kept 1
10:32:40     unit 5: COMPILE-ERROR src/ov_SC03_010/ov_SC03_010_jr_801789AC.c:1712: parse error before `*' | src/ov_SC03_010/ov_SC03_010_jr_801789AC.c:1869: parse error before 
10:32:40   src/ov_SC02_039/ov_SC02_039_jr_801789AC.c: IDENTICAL · rows 15 · compiles 17 · 1.4 s · canon 14 promoted 0 K&R 0 aliases 0 abs 0 kept 1
10:32:41     unit 5: COMPILE-ERROR src/ov_SC03_011/ov_SC03_011_jr_801789AC.c:1712: parse error before `*' | src/ov_SC03_011/ov_SC03_011_jr_801789AC.c:1869: parse error before 
10:32:41   src/ov_SC02_041/ov_SC02_041_jr_801789AC.c: IDENTICAL · rows 15 · compiles 17 · 1.3 s · canon 14 promoted 0 K&R 0 aliases 0 abs 0 kept 1
10:32:41     unit 5: COMPILE-ERROR src/ov_SC03_012/ov_SC03_012_jr_801789AC.c:1712: parse error before `*' | src/ov_SC03_012/ov_SC03_012_jr_801789AC.c:1869: parse error before 
10:32:41   src/ov_SC03_002/ov_SC03_002_jr_801789AC.c: IDENTICAL · rows 15 · compiles 17 · 1.3 s · canon 14 promoted 0 K&R 0 aliases 0 abs 0 kept 1
10:32:42   src/ov_SC03_003/ov_SC03_003_jr_801789AC.c: IDENTICAL · rows 15 · compiles 17 · 1.5 s · canon 14 promoted 0 K&R 0 aliases 0 abs 0 kept 1
10:32:42   src/ov_SC03_001/ov_SC03_001_jr_801789AC.c: IDENTICAL · rows 15 · compiles 17 · 1.8 s · canon 14 promoted 0 K&R 0 aliases 0 abs 0 kept 1
10:32:42   src/ov_SC03_002/ov_SC03_002_jr_80181BCC.c: IDENTICAL · rows 14 · compiles 16 · 1.4 s · canon 13 promoted 0 K&R 0 aliases 0 abs 0 kept 1
10:32:42     unit 5: COMPILE-ERROR src/ov_SC03_013/ov_SC03_013_jr_801789AC.c:1712: parse error before `*' | src/ov_SC03_013/ov_SC03_013_jr_801789AC.c:1869: parse error before 
10:32:42   src/ov_SC03_006/ov_SC03_006_jr_801789AC.c: IDENTICAL · rows 15 · compiles 17 · 1.6 s · canon 14 promoted 0 K&R 0 aliases 0 abs 0 kept 1
10:32:42   src/ov_SC03_007/ov_SC03_007_jr_801789AC.c: IDENTICAL · rows 15 · compiles 17 · 1.5 s · canon 14 promoted 0 K&R 0 aliases 0 abs 0 kept 1
10:32:43   src/ov_SC03_010/ov_SC03_010_jr_801789AC.c: IDENTICAL · rows 15 · compiles 17 · 1.5 s · canon 14 promoted 0 K&R 0 aliases 0 abs 0 kept 1
10:32:43   src/ov_SC03_011/ov_SC03_011_jr_801789AC.c: IDENTICAL · rows 15 · compiles 17 · 1.6 s · canon 14 promoted 0 K&R 0 aliases 0 abs 0 kept 1
10:32:43     unit 5: COMPILE-ERROR src/ov_SC03_014/ov_SC03_014_jr_801789AC.c:1712: parse error before `*' | src/ov_SC03_014/ov_SC03_014_jr_801789AC.c:1869: parse error before 
10:32:44   src/ov_SC03_012/ov_SC03_012_jr_801789AC.c: IDENTICAL · rows 15 · compiles 17 · 1.6 s · canon 14 promoted 0 K&R 0 aliases 0 abs 0 kept 1
10:32:44     unit 5: COMPILE-ERROR src/ov_SC03_023/ov_SC03_023_jr_801789AC.c:1712: parse error before `*' | src/ov_SC03_023/ov_SC03_023_jr_801789AC.c:1869: parse error before 
10:32:44     unit 5: COMPILE-ERROR src/ov_SC03_024/ov_SC03_024_jr_801789AC.c:1712: parse error before `*' | src/ov_SC03_024/ov_SC03_024_jr_801789AC.c:1869: parse error before 
10:32:44   src/ov_SC03_013/ov_SC03_013_jr_801789AC.c: IDENTICAL · rows 15 · compiles 17 · 1.6 s · canon 14 promoted 0 K&R 0 aliases 0 abs 0 kept 1
10:32:44     unit 5: COMPILE-ERROR src/ov_SC03_014/ov_SC03_014_jr_80184440.c:1704: parse error before `*' | src/ov_SC03_014/ov_SC03_014_jr_80184440.c:1860: parse error before 
10:32:44     unit 5: COMPILE-ERROR src/ov_SC03_029/ov_SC03_029_jr_801789AC.c:1712: parse error before `*' | src/ov_SC03_029/ov_SC03_029_jr_801789AC.c:1869: parse error before 
10:32:44     unit 5: COMPILE-ERROR src/ov_SC03_030/ov_SC03_030_jr_801789AC.c:1712: parse error before `*' | src/ov_SC03_030/ov_SC03_030_jr_801789AC.c:1869: parse error before 
10:32:44     unit 5: COMPILE-ERROR src/ov_SC03_028/ov_SC03_028_jr_801789AC.c:1712: parse error before `*' | src/ov_SC03_028/ov_SC03_028_jr_801789AC.c:1869: parse error before 
10:32:45     unit 5: COMPILE-ERROR src/ov_SC03_014/ov_SC03_014_o0d.c:1704: parse error before `*' | src/ov_SC03_014/ov_SC03_014_o0d.c:1860: parse error before `*' [build/src/o
10:32:45     unit 5: COMPILE-ERROR src/ov_SC03_031/ov_SC03_031_jr_801789AC.c:1712: parse error before `*' | src/ov_SC03_031/ov_SC03_031_jr_801789AC.c:1869: parse error before 
10:32:45     unit 5: COMPILE-ERROR src/ov_SC03_089/ov_SC03_089_jr_801789AC.c:1712: parse error before `*' | src/ov_SC03_089/ov_SC03_089_jr_801789AC.c:1869: parse error before 
10:32:45   src/ov_SC03_023/ov_SC03_023_jr_801789AC.c: IDENTICAL · rows 15 · compiles 17 · 1.3 s · canon 14 promoted 0 K&R 0 aliases 0 abs 0 kept 1
10:32:45   src/ov_SC03_024/ov_SC03_024_jr_801789AC.c: IDENTICAL · rows 15 · compiles 17 · 1.4 s · canon 14 promoted 0 K&R 0 aliases 0 abs 0 kept 1
10:32:46   src/ov_SC03_029/ov_SC03_029_jr_801789AC.c: IDENTICAL · rows 15 · compiles 17 · 1.3 s · canon 14 promoted 0 K&R 0 aliases 0 abs 0 kept 1
10:32:46     unit 5: COMPILE-ERROR src/ov_SC03_014/ov_SC03_014_jr_8017EB7C.c:1708: parse error before `*' | src/ov_SC03_014/ov_SC03_014_jr_8017EB7C.c:1863: parse error before 
10:32:46   src/ov_SC03_030/ov_SC03_030_jr_801789AC.c: IDENTICAL · rows 15 · compiles 17 · 1.3 s · canon 14 promoted 0 K&R 0 aliases 0 abs 0 kept 1
10:32:46   src/ov_SC03_028/ov_SC03_028_jr_801789AC.c: IDENTICAL · rows 15 · compiles 17 · 1.5 s · canon 14 promoted 0 K&R 0 aliases 0 abs 0 kept 1
10:32:46   src/ov_SC03_014/ov_SC03_014_jr_801789AC.c: IDENTICAL · rows 15 · compiles 34 · 2.9 s · canon 14 promoted 0 K&R 0 aliases 0 abs 0 kept 1
10:32:47   src/ov_SC03_031/ov_SC03_031_jr_801789AC.c: IDENTICAL · rows 15 · compiles 17 · 1.5 s · canon 14 promoted 0 K&R 0 aliases 0 abs 0 kept 1
10:32:47     unit 5: COMPILE-ERROR src/ov_SC03_089/ov_SC03_089_jr_80185E50.c:4930: too few arguments to function `func_8001E094' [build/src/ov_SC03_089/ov_SC03_089_jr_80185E50
10:32:47   src/ov_SC03_014/ov_SC03_014_jr_80184440.c: IDENTICAL · rows 14 · compiles 32 · 2.8 s · canon 13 promoted 0 K&R 0 aliases 0 abs 0 kept 1
10:32:47   src/ov_SC03_089/ov_SC03_089_jr_801789AC.c: IDENTICAL · rows 15 · compiles 17 · 1.4 s · canon 14 promoted 0 K&R 0 aliases 0 abs 0 kept 1
10:32:48     unit 6: COMPILE-ERROR src/ov_SC03_089/ov_SC03_089_jr_80185E50.c:1705: parse error before `*' | src/ov_SC03_089/ov_SC03_089_jr_80185E50.c:1860: parse error before 
10:32:48     unit 5: COMPILE-ERROR src/ov_SC03_090/ov_SC03_090_jr_801789AC.c:1712: parse error before `*' | src/ov_SC03_090/ov_SC03_090_jr_801789AC.c:1869: parse error before 
10:32:48   src/ov_SC03_014/ov_SC03_014_o0d.c: IDENTICAL · rows 14 · compiles 32 · 2.9 s · canon 13 promoted 0 K&R 0 aliases 0 abs 0 kept 1
10:32:48     unit 5: COMPILE-ERROR src/ov_SC03_091/ov_SC03_091_jr_801789AC.c:1712: parse error before `*' | src/ov_SC03_091/ov_SC03_091_jr_801789AC.c:1869: parse error before 
10:32:48     unit 5: COMPILE-ERROR src/ov_SC03_092/ov_SC03_092_jr_801789AC.c:1712: parse error before `*' | src/ov_SC03_092/ov_SC03_092_jr_801789AC.c:1869: parse error before 
10:32:48     unit 5: COMPILE-ERROR src/ov_SC03_093/ov_SC03_093_jr_801789AC.c:1712: parse error before `*' | src/ov_SC03_093/ov_SC03_093_jr_801789AC.c:1869: parse error before 
10:32:48     unit 5: COMPILE-ERROR src/ov_SC03_093/ov_SC03_093_jr_801859DC.c:1697: parse error before `*' | src/ov_SC03_093/ov_SC03_093_jr_801859DC.c:1852: parse error before 
10:32:48     unit 5: COMPILE-ERROR src/ov_SC03_094/ov_SC03_094_jr_801789AC.c:1712: parse error before `*' | src/ov_SC03_094/ov_SC03_094_jr_801789AC.c:1869: parse error before 
10:32:48     unit 5: COMPILE-ERROR src/ov_SC03_095/ov_SC03_095_jr_801789AC.c:1712: parse error before `*' | src/ov_SC03_095/ov_SC03_095_jr_801789AC.c:1869: parse error before 
10:32:49     unit 5: COMPILE-ERROR src/ov_SC03_091/ov_SC03_091_jr_8017D898.c:1713: parse error before `*' | src/ov_SC03_091/ov_SC03_091_jr_8017D898.c:1869: parse error before 
10:32:49   src/ov_SC03_090/ov_SC03_090_jr_801789AC.c: IDENTICAL · rows 15 · compiles 17 · 1.5 s · canon 14 promoted 0 K&R 0 aliases 0 abs 0 kept 1
10:32:49   src/ov_SC03_091/ov_SC03_091_jr_801789AC.c: IDENTICAL · rows 15 · compiles 17 · 1.7 s · canon 14 promoted 0 K&R 0 aliases 0 abs 0 kept 1
10:32:49   src/ov_SC03_092/ov_SC03_092_jr_801789AC.c: IDENTICAL · rows 15 · compiles 17 · 1.5 s · canon 14 promoted 0 K&R 0 aliases 0 abs 0 kept 1
10:32:50   src/ov_SC03_093/ov_SC03_093_jr_801789AC.c: IDENTICAL · rows 15 · compiles 17 · 1.6 s · canon 14 promoted 0 K&R 0 aliases 0 abs 0 kept 1
10:32:50     unit 14: DIFFERS [build/src/ov_SC03_089/ov_SC03_089_jr_80185E50.o]
10:32:50   src/ov_SC03_093/ov_SC03_093_jr_801859DC.c: IDENTICAL · rows 14 · compiles 16 · 1.4 s · canon 12 promoted 0 K&R 0 aliases 1 abs 0 kept 1
10:32:50   src/ov_SC03_094/ov_SC03_094_jr_801789AC.c: IDENTICAL · rows 15 · compiles 17 · 1.4 s · canon 14 promoted 0 K&R 0 aliases 0 abs 0 kept 1
10:32:50     unit 5: COMPILE-ERROR src/ov_SC03_095/ov_SC03_095_jr_8017BEBC.c:1708: parse error before `*' | src/ov_SC03_095/ov_SC03_095_jr_8017BEBC.c:1861: parse error before 
10:32:50   src/ov_SC03_095/ov_SC03_095_jr_801789AC.c: IDENTICAL · rows 15 · compiles 17 · 1.4 s · canon 14 promoted 0 K&R 0 aliases 0 abs 0 kept 1
10:32:51     unit 5: COMPILE-ERROR src/ov_SC03_094/ov_SC03_094_jr_8017BEBC.c:1703: parse error before `*' | src/ov_SC03_094/ov_SC03_094_jr_8017BEBC.c:1858: parse error before 
10:32:51     unit 5: COMPILE-ERROR src/ov_SC03_095/ov_SC03_095_jr_80180A38.c:1700: parse error before `*' | src/ov_SC03_095/ov_SC03_095_jr_80180A38.c:1855: parse error before 
10:32:51     unit 5: COMPILE-ERROR src/ov_SC03_096/ov_SC03_096_jr_801789AC.c:1712: parse error before `*' | src/ov_SC03_096/ov_SC03_096_jr_801789AC.c:1869: parse error before 
10:32:51     unit 5: COMPILE-ERROR src/ov_SC03_097/ov_SC03_097_jr_801789AC.c:1712: parse error before `*' | src/ov_SC03_097/ov_SC03_097_jr_801789AC.c:1869: parse error before 
10:32:51     unit 5: COMPILE-ERROR src/ov_SC03_098/ov_SC03_098_jr_801789AC.c:1712: parse error before `*' | src/ov_SC03_098/ov_SC03_098_jr_801789AC.c:1869: parse error before 
10:32:51     unit 5: COMPILE-ERROR src/ov_SC03_099/ov_SC03_099_jr_801789AC.c:1712: parse error before `*' | src/ov_SC03_099/ov_SC03_099_jr_801789AC.c:1869: parse error before 
10:32:51     unit 5: COMPILE-ERROR src/ov_SC03_100/ov_SC03_100_jr_801789AC.c:1712: parse error before `*' | src/ov_SC03_100/ov_SC03_100_jr_801789AC.c:1869: parse error before 
10:32:51   src/ov_SC03_091/ov_SC03_091_jr_8017D898.c: IDENTICAL · rows 13 · compiles 15 · 3.4 s · canon 12 promoted 0 K&R 0 aliases 0 abs 0 kept 1
10:32:52   src/ov_SC03_095/ov_SC03_095_jr_80180A38.c: IDENTICAL · rows 14 · compiles 16 · 1.4 s · canon 12 promoted 0 K&R 0 aliases 1 abs 0 kept 1
10:32:52   src/ov_SC03_089/ov_SC03_089_jr_80185E50.c: IDENTICAL · rows 20 · compiles 23 · 4.0 s · canon 12 promoted 0 K&R 1 aliases 5 abs 0 kept 3
10:32:52   src/ov_SC03_014/ov_SC03_014_jr_8017EB7C.c: IDENTICAL · rows 15 · compiles 34 · 7.3 s · canon 13 promoted 0 K&R 0 aliases 1 abs 0 kept 1
10:32:52   src/ov_SC03_096/ov_SC03_096_jr_801789AC.c: IDENTICAL · rows 15 · compiles 17 · 1.5 s · canon 14 promoted 0 K&R 0 aliases 0 abs 0 kept 1
10:32:53   src/ov_SC03_097/ov_SC03_097_jr_801789AC.c: IDENTICAL · rows 15 · compiles 17 · 1.7 s · canon 14 promoted 0 K&R 0 aliases 0 abs 0 kept 1
10:32:54   src/ov_SC03_098/ov_SC03_098_jr_801789AC.c: IDENTICAL · rows 15 · compiles 17 · 1.5 s · canon 14 promoted 0 K&R 0 aliases 0 abs 0 kept 1
10:32:54     unit 5: COMPILE-ERROR src/ov_SC03_101/ov_SC03_101_jr_801789AC.c:1712: parse error before `*' | src/ov_SC03_101/ov_SC03_101_jr_801789AC.c:1869: parse error before 
10:32:54   src/ov_SC03_099/ov_SC03_099_jr_801789AC.c: IDENTICAL · rows 15 · compiles 17 · 1.7 s · canon 14 promoted 0 K&R 0 aliases 0 abs 0 kept 1
10:32:54   src/ov_SC03_100/ov_SC03_100_jr_801789AC.c: IDENTICAL · rows 15 · compiles 17 · 1.6 s · canon 14 promoted 0 K&R 0 aliases 0 abs 0 kept 1
10:32:54     unit 5: COMPILE-ERROR src/ov_SC03_102/ov_SC03_102_jr_801789AC.c:1712: parse error before `*' | src/ov_SC03_102/ov_SC03_102_jr_801789AC.c:1869: parse error before 
10:32:54     unit 5: COMPILE-ERROR src/ov_SC03_100/ov_SC03_100_jr_8017D898.c:1708: parse error before `*' | src/ov_SC03_100/ov_SC03_100_jr_8017D898.c:1863: parse error before 
10:32:54   src/ov_SC03_095/ov_SC03_095_jr_8017BEBC.c: IDENTICAL · rows 16 · compiles 18 · 3.7 s · canon 14 promoted 0 K&R 0 aliases 0 abs 1 kept 1
10:32:55     unit 5: COMPILE-ERROR src/ov_SC03_104/ov_SC03_104_jr_801789AC.c:1712: parse error before `*' | src/ov_SC03_104/ov_SC03_104_jr_801789AC.c:1869: parse error before 
10:32:55     unit 5: COMPILE-ERROR src/ov_SC03_103/ov_SC03_103_jr_801789AC.c:1712: parse error before `*' | src/ov_SC03_103/ov_SC03_103_jr_801789AC.c:1869: parse error before 
10:32:55     unit 5: COMPILE-ERROR src/ov_SC03_105/ov_SC03_105_jr_801789AC.c:1712: parse error before `*' | src/ov_SC03_105/ov_SC03_105_jr_801789AC.c:1869: parse error before 
10:32:55   src/ov_SC03_101/ov_SC03_101_jr_801789AC.c: IDENTICAL · rows 15 · compiles 17 · 1.6 s · canon 14 promoted 0 K&R 0 aliases 0 abs 0 kept 1
10:32:55     unit 5: COMPILE-ERROR src/ov_SC03_104/ov_SC03_104_jr_80182038.c:4720: too few arguments to function `func_8001E094' [build/src/ov_SC03_104/ov_SC03_104_jr_80182038
10:32:55     unit 5: COMPILE-ERROR src/ov_SC03_105/ov_SC03_105_jr_80189798.c:1724: parse error before `*' | src/ov_SC03_105/ov_SC03_105_jr_80189798.c:1880: parse error before 
10:32:56     unit 5: COMPILE-ERROR src/ov_SC03_108/ov_SC03_108_jr_801789AC.c:1712: parse error before `*' | src/ov_SC03_108/ov_SC03_108_jr_801789AC.c:1869: parse error before 
10:32:56     unit 5: COMPILE-ERROR src/ov_SC03_104/ov_SC03_104_jr_80186538.c:1701: parse error before `*' | src/ov_SC03_104/ov_SC03_104_jr_80186538.c:1856: parse error before 
10:32:56     unit 6: COMPILE-ERROR src/ov_SC03_104/ov_SC03_104_jr_80182038.c:1701: parse error before `*' | src/ov_SC03_104/ov_SC03_104_jr_80182038.c:1856: parse error before 
10:32:56   src/ov_SC03_102/ov_SC03_102_jr_801789AC.c: IDENTICAL · rows 15 · compiles 17 · 1.7 s · canon 14 promoted 0 K&R 0 aliases 0 abs 0 kept 1
10:32:56   src/ov_SC03_094/ov_SC03_094_jr_8017BEBC.c: IDENTICAL · rows 16 · compiles 18 · 5.8 s · canon 14 promoted 0 K&R 0 aliases 0 abs 1 kept 1
10:32:56   src/ov_SC03_104/ov_SC03_104_jr_801789AC.c: IDENTICAL · rows 15 · compiles 17 · 1.4 s · canon 14 promoted 0 K&R 0 aliases 0 abs 0 kept 1
10:32:56   src/ov_SC03_103/ov_SC03_103_jr_801789AC.c: IDENTICAL · rows 15 · compiles 17 · 1.8 s · canon 14 promoted 0 K&R 0 aliases 0 abs 0 kept 1
10:32:57   src/ov_SC03_105/ov_SC03_105_jr_801789AC.c: IDENTICAL · rows 15 · compiles 17 · 1.4 s · canon 14 promoted 0 K&R 0 aliases 0 abs 0 kept 1
10:32:57     unit 5: COMPILE-ERROR src/ov_SC03_109/ov_SC03_109_jr_801789AC.c:1712: parse error before `*' | src/ov_SC03_109/ov_SC03_109_jr_801789AC.c:1869: parse error before 
10:32:57     unit 5: COMPILE-ERROR src/ov_SC03_108/ov_SC03_108_jr_8017BEBC.c:1711: parse error before `*' | src/ov_SC03_108/ov_SC03_108_jr_8017BEBC.c:1867: parse error before 
10:32:57     unit 13: DIFFERS [build/src/ov_SC03_100/ov_SC03_100_jr_8017D898.o]
10:32:57     unit 5: COMPILE-ERROR src/ov_SC03_111/ov_SC03_111_jr_801789AC.c:1712: parse error before `*' | src/ov_SC03_111/ov_SC03_111_jr_801789AC.c:1869: parse error before 
10:32:57   src/ov_SC03_108/ov_SC03_108_jr_801789AC.c: IDENTICAL · rows 15 · compiles 17 · 1.3 s · canon 14 promoted 0 K&R 0 aliases 0 abs 0 kept 1
10:32:57     unit 5: COMPILE-ERROR src/ov_SC03_110/ov_SC03_110_jr_801789AC.c:1712: parse error before `*' | src/ov_SC03_110/ov_SC03_110_jr_801789AC.c:1869: parse error before 
10:32:58     unit 5: COMPILE-ERROR src/ov_SC03_112/ov_SC03_112_jr_801789AC.c:1711: parse error before `*' | src/ov_SC03_112/ov_SC03_112_jr_801789AC.c:1868: parse error before 
10:32:58   src/ov_SC03_105/ov_SC03_105_jr_80189798.c: IDENTICAL · rows 16 · compiles 18 · 1.8 s · canon 14 promoted 0 K&R 0 aliases 1 abs 0 kept 1
10:32:58     unit 5: COMPILE-ERROR src/ov_SC03_113/ov_SC03_113_jr_801789AC.c:1711: parse error before `*' | src/ov_SC03_113/ov_SC03_113_jr_801789AC.c:1868: parse error before 
10:32:58     unit 14: DIFFERS [build/src/ov_SC03_104/ov_SC03_104_jr_80186538.o]
10:32:58     unit 5: COMPILE-ERROR src/ov_SC03_114/ov_SC03_114_jr_801789AC.c:1711: parse error before `*' | src/ov_SC03_114/ov_SC03_114_jr_801789AC.c:1868: parse error before 
10:32:58   src/ov_SC03_109/ov_SC03_109_jr_801789AC.c: IDENTICAL · rows 15 · compiles 17 · 1.7 s · canon 14 promoted 0 K&R 0 aliases 0 abs 0 kept 1
10:32:59     unit 5: COMPILE-ERROR src/ov_SC03_115/ov_SC03_115_jr_801789AC.c:1711: parse error before `*' | src/ov_SC03_115/ov_SC03_115_jr_801789AC.c:1868: parse error before 
10:32:59   src/ov_SC03_104/ov_SC03_104_jr_80182038.c: IDENTICAL · rows 16 · compiles 19 · 3.9 s · canon 14 promoted 0 K&R 1 aliases 0 abs 0 kept 2
10:32:59   src/ov_SC03_111/ov_SC03_111_jr_801789AC.c: IDENTICAL · rows 15 · compiles 17 · 1.5 s · canon 14 promoted 0 K&R 0 aliases 0 abs 0 kept 1
10:32:59   src/ov_SC03_110/ov_SC03_110_jr_801789AC.c: IDENTICAL · rows 15 · compiles 17 · 1.4 s · canon 14 promoted 0 K&R 0 aliases 0 abs 0 kept 1
10:33:00   src/ov_SC03_100/ov_SC03_100_jr_8017D898.c: IDENTICAL · rows 19 · compiles 21 · 5.3 s · canon 12 promoted 0 K&R 0 aliases 5 abs 0 kept 2
10:33:00     unit 5: COMPILE-ERROR src/ov_SC03_116/ov_SC03_116_jr_801789AC.c:1711: parse error before `*' | src/ov_SC03_116/ov_SC03_116_jr_801789AC.c:1868: parse error before 
10:33:00   src/ov_SC03_112/ov_SC03_112_jr_801789AC.c: IDENTICAL · rows 15 · compiles 17 · 1.4 s · canon 14 promoted 0 K&R 0 aliases 0 abs 0 kept 1
10:33:00   src/ov_SC03_124/ov_SC03_124_jr_80185498.c: UNCHANGED · rows 0 · compiles 0 · 0.0 s · canon 0 promoted 0 K&R 0 aliases 0 abs 0 kept 0
10:33:00   src/ov_SC03_113/ov_SC03_113_jr_801789AC.c: IDENTICAL · rows 15 · compiles 17 · 1.5 s · canon 14 promoted 0 K&R 0 aliases 0 abs 0 kept 1
10:33:01   src/ov_SC03_126/ov_SC03_126_jr_8017D5C0.c: UNCHANGED · rows 0 · compiles 0 · 0.0 s · canon 0 promoted 0 K&R 0 aliases 0 abs 0 kept 0
10:33:01   src/ov_SC03_108/ov_SC03_108_jr_8017BEBC.c: IDENTICAL · rows 16 · compiles 18 · 3.3 s · canon 15 promoted 0 K&R 0 aliases 0 abs 0 kept 1
10:33:01   src/ov_SC03_104/ov_SC03_104_jr_80186538.c: IDENTICAL · rows 20 · compiles 22 · 4.2 s · canon 13 promoted 0 K&R 0 aliases 5 abs 0 kept 2
10:33:01   src/ov_SC03_114/ov_SC03_114_jr_801789AC.c: IDENTICAL · rows 15 · compiles 17 · 1.6 s · canon 14 promoted 0 K&R 0 aliases 0 abs 0 kept 1
10:33:02   src/ov_SC03_115/ov_SC03_115_jr_801789AC.c: IDENTICAL · rows 15 · compiles 17 · 1.7 s · canon 14 promoted 0 K&R 0 aliases 0 abs 0 kept 1
10:33:01     unit 5: COMPILE-ERROR src/ov_SC03_117/ov_SC03_117_jr_801789AC.c:1711: parse error before `*' | src/ov_SC03_117/ov_SC03_117_jr_801789AC.c:1868: parse error before 
10:33:02     unit 5: COMPILE-ERROR src/ov_SC03_121/ov_SC03_121_jr_801789AC.c:1711: parse error before `*' | src/ov_SC03_121/ov_SC03_121_jr_801789AC.c:1868: parse error before 
10:33:02     unit 5: COMPILE-ERROR src/ov_SC03_124/ov_SC03_124_jr_801789AC.c:1711: parse error before `*' | src/ov_SC03_124/ov_SC03_124_jr_801789AC.c:1868: parse error before 
10:33:02     unit 5: COMPILE-ERROR src/ov_SC03_117/ov_SC03_117_jr_8017E6EC.c:1702: parse error before `*' | src/ov_SC03_117/ov_SC03_117_jr_8017E6EC.c:1857: parse error before 
10:33:02   src/ov_SC03_116/ov_SC03_116_jr_801789AC.c: IDENTICAL · rows 15 · compiles 17 · 1.7 s · canon 14 promoted 0 K&R 0 aliases 0 abs 0 kept 1
10:33:02     unit 5: COMPILE-ERROR src/ov_SC03_125/ov_SC03_125_jr_801789AC.c:1711: parse error before `*' | src/ov_SC03_125/ov_SC03_125_jr_801789AC.c:1868: parse error before 
10:33:02     unit 5: COMPILE-ERROR src/ov_SC03_118/ov_SC03_118_jr_801789AC.c:1711: parse error before `*' | src/ov_SC03_118/ov_SC03_118_jr_801789AC.c:1868: parse error before 
10:33:03     unit 5: COMPILE-ERROR src/ov_SC04_002/ov_SC04_002_jr_801789AC.c:1711: parse error before `*' | src/ov_SC04_002/ov_SC04_002_jr_801789AC.c:1868: parse error before 
10:33:03     unit 5: COMPILE-ERROR src/ov_SC04_003/ov_SC04_003_jr_801789AC.c:1711: parse error before `*' | src/ov_SC04_003/ov_SC04_003_jr_801789AC.c:1868: parse error before 
10:33:03     unit 5: COMPILE-ERROR src/ov_SC04_000/ov_SC04_000_jr_801789AC.c:1711: parse error before `*' | src/ov_SC04_000/ov_SC04_000_jr_801789AC.c:1868: parse error before 
10:33:03     unit 5: COMPILE-ERROR src/ov_SC04_005/ov_SC04_005_jr_801789AC.c:1711: parse error before `*' | src/ov_SC04_005/ov_SC04_005_jr_801789AC.c:1868: parse error before 
10:33:03   src/ov_SC03_121/ov_SC03_121_jr_801789AC.c: IDENTICAL · rows 15 · compiles 17 · 1.7 s · canon 14 promoted 0 K&R 0 aliases 0 abs 0 kept 1
10:33:03     unit 5: COMPILE-ERROR src/ov_SC04_004/ov_SC04_004_jr_801789AC.c:1711: parse error before `*' | src/ov_SC04_004/ov_SC04_004_jr_801789AC.c:1868: parse error before 
10:33:03   src/ov_SC03_117/ov_SC03_117_jr_801789AC.c: IDENTICAL · rows 15 · compiles 17 · 1.8 s · canon 14 promoted 0 K&R 0 aliases 0 abs 0 kept 1
10:33:03   src/ov_SC04_008/ov_SC04_008_jr_8017AE2C.c: UNCHANGED · rows 0 · compiles 0 · 0.0 s · canon 0 promoted 0 K&R 0 aliases 0 abs 0 kept 0
10:33:03   src/ov_SC03_124/ov_SC03_124_jr_801789AC.c: IDENTICAL · rows 15 · compiles 17 · 1.5 s · canon 14 promoted 0 K&R 0 aliases 0 abs 0 kept 1
10:33:04     unit 5: COMPILE-ERROR src/ov_SC04_006/ov_SC04_006_jr_801789AC.c:1711: parse error before `*' | src/ov_SC04_006/ov_SC04_006_jr_801789AC.c:1868: parse error before 
10:33:04   src/ov_SC03_125/ov_SC03_125_jr_801789AC.c: IDENTICAL · rows 15 · compiles 17 · 1.5 s · canon 14 promoted 0 K&R 0 aliases 0 abs 0 kept 1
10:33:04     unit 5: COMPILE-ERROR src/ov_SC04_007/ov_SC04_007_jr_801789AC.c:1711: parse error before `*' | src/ov_SC04_007/ov_SC04_007_jr_801789AC.c:1868: parse error before 
10:33:04   src/ov_SC04_002/ov_SC04_002_jr_801789AC.c: IDENTICAL · rows 15 · compiles 17 · 1.7 s · canon 14 promoted 0 K&R 0 aliases 0 abs 0 kept 1
10:33:05   src/ov_SC04_000/ov_SC04_000_jr_801789AC.c: IDENTICAL · rows 15 · compiles 17 · 1.5 s · canon 14 promoted 0 K&R 0 aliases 0 abs 0 kept 1
10:33:05   src/ov_SC04_003/ov_SC04_003_jr_801789AC.c: IDENTICAL · rows 15 · compiles 17 · 1.4 s · canon 14 promoted 0 K&R 0 aliases 0 abs 0 kept 1
10:33:05   src/ov_SC03_117/ov_SC03_117_jr_8017E6EC.c: IDENTICAL · rows 14 · compiles 16 · 3.2 s · canon 13 promoted 0 K&R 0 aliases 0 abs 0 kept 1
10:33:05   src/ov_SC04_005/ov_SC04_005_jr_801789AC.c: IDENTICAL · rows 15 · compiles 17 · 1.7 s · canon 14 promoted 0 K&R 0 aliases 0 abs 0 kept 1
10:33:05     unit 5: COMPILE-ERROR src/ov_SC04_009/ov_SC04_009_jr_801789AC.c:1711: parse error before `*' | src/ov_SC04_009/ov_SC04_009_jr_801789AC.c:1868: parse error before 
10:33:05   src/ov_SC04_004/ov_SC04_004_jr_801789AC.c: IDENTICAL · rows 15 · compiles 17 · 1.4 s · canon 14 promoted 0 K&R 0 aliases 0 abs 0 kept 1
10:33:06   src/ov_SC03_118/ov_SC03_118_jr_801789AC.c: IDENTICAL · rows 15 · compiles 34 · 3.1 s · canon 14 promoted 0 K&R 0 aliases 0 abs 0 kept 1
10:33:06   src/ov_SC04_021/ov_SC04_021_jr_8017D5C0.c: UNCHANGED · rows 0 · compiles 0 · 0.0 s · canon 0 promoted 0 K&R 0 aliases 0 abs 0 kept 0
10:33:06   src/ov_SC04_006/ov_SC04_006_jr_801789AC.c: IDENTICAL · rows 15 · compiles 17 · 1.7 s · canon 14 promoted 0 K&R 0 aliases 0 abs 0 kept 1
10:33:06     unit 5: COMPILE-ERROR src/ov_SC04_009/ov_SC04_009_jr_8017BEBC.c:1709: parse error before `*' | src/ov_SC04_009/ov_SC04_009_jr_8017BEBC.c:1865: parse error before 
10:33:06     unit 5: COMPILE-ERROR src/ov_SC04_010/ov_SC04_010_jr_801789AC.c:1711: parse error before `*' | src/ov_SC04_010/ov_SC04_010_jr_801789AC.c:1868: parse error before 
10:33:07     unit 5: COMPILE-ERROR src/ov_SC04_012/ov_SC04_012_jr_801789AC.c:1711: parse error before `*' | src/ov_SC04_012/ov_SC04_012_jr_801789AC.c:1868: parse error before 
10:33:07     unit 5: COMPILE-ERROR src/ov_SC04_015/ov_SC04_015_jr_801789AC.c:1711: parse error before `*' | src/ov_SC04_015/ov_SC04_015_jr_801789AC.c:1868: parse error before 
10:33:07   src/ov_SC04_007/ov_SC04_007_jr_801789AC.c: IDENTICAL · rows 15 · compiles 17 · 1.7 s · canon 14 promoted 0 K&R 0 aliases 0 abs 0 kept 1
10:33:07     unit 5: COMPILE-ERROR src/ov_SC04_016/ov_SC04_016_jr_801789AC.c:1711: parse error before `*' | src/ov_SC04_016/ov_SC04_016_jr_801789AC.c:1868: parse error before 
10:33:07   src/ov_SC04_009/ov_SC04_009_jr_801789AC.c: IDENTICAL · rows 15 · compiles 17 · 1.7 s · canon 14 promoted 0 K&R 0 aliases 0 abs 0 kept 1
10:33:07     unit 5: COMPILE-ERROR src/ov_SC04_020/ov_SC04_020_jr_801789AC.c:1711: parse error before `*' | src/ov_SC04_020/ov_SC04_020_jr_801789AC.c:1868: parse error before 
10:33:08     unit 5: COMPILE-ERROR src/ov_SC05_001/ov_SC05_001_jr_801789AC.c:1711: parse error before `*' | src/ov_SC05_001/ov_SC05_001_jr_801789AC.c:1868: parse error before 
10:33:08     unit 5: COMPILE-ERROR src/ov_SC05_000/ov_SC05_000_jr_801789AC.c:1709: parse error before `*' | src/ov_SC05_000/ov_SC05_000_jr_801789AC.c:1866: parse error before 
10:33:08   src/ov_SC04_010/ov_SC04_010_jr_801789AC.c: IDENTICAL · rows 15 · compiles 17 · 1.5 s · canon 14 promoted 0 K&R 0 aliases 0 abs 0 kept 1
10:33:08     unit 5: COMPILE-ERROR src/ov_SC04_018/ov_SC04_018_jr_801789AC.c:1711: parse error before `*' | src/ov_SC04_018/ov_SC04_018_jr_801789AC.c:1868: parse error before 
10:33:08     unit 5: COMPILE-ERROR src/ov_SC05_000/ov_SC05_000_jr_8017BEBC.c:1709: parse error before `*' | src/ov_SC05_000/ov_SC05_000_jr_8017BEBC.c:1865: parse error before 
10:33:08     unit 13: COMPILE-ERROR src/ov_SC04_009/ov_SC04_009_jr_8017BEBC.c:3052: too few arguments to function `func_8017D5E4' | src/ov_SC04_009/ov_SC04_009_jr_8017BEBC.c: A
10:33:08     unit 5: COMPILE-ERROR src/ov_SC05_002/ov_SC05_002_jr_801789AC.c:1711: parse error before `*' | src/ov_SC05_002/ov_SC05_002_jr_801789AC.c:1868: parse error before 
10:33:08   src/ov_SC04_015/ov_SC04_015_jr_801789AC.c: IDENTICAL · rows 15 · compiles 17 · 1.6 s · canon 14 promoted 0 K&R 0 aliases 0 abs 0 kept 1
10:33:09   src/ov_SC04_016/ov_SC04_016_jr_801789AC.c: IDENTICAL · rows 15 · compiles 17 · 1.5 s · canon 14 promoted 0 K&R 0 aliases 0 abs 0 kept 1
10:33:09   src/ov_SC04_012/ov_SC04_012_jr_801789AC.c: IDENTICAL · rows 15 · compiles 17 · 1.7 s · canon 14 promoted 0 K&R 0 aliases 0 abs 0 kept 1
10:33:09     unit 5: COMPILE-ERROR src/ov_SC05_003/ov_SC05_003_jr_801789AC.c:1711: parse error before `*' | src/ov_SC05_003/ov_SC05_003_jr_801789AC.c:1868: parse error before 
10:33:09   src/ov_SC04_020/ov_SC04_020_jr_801789AC.c: IDENTICAL · rows 15 · compiles 17 · 1.5 s · canon 14 promoted 0 K&R 0 aliases 0 abs 0 kept 1
10:33:09   src/ov_SC04_009/ov_SC04_009_jr_8017BEBC.c: IDENTICAL · rows 15 · compiles 18 · 2.9 s · canon 13 promoted 0 K&R 1 aliases 0 abs 0 kept 2
10:33:10     unit 5: COMPILE-ERROR src/ov_SC05_004/ov_SC05_004_jr_801789AC.c:1711: parse error before `*' | src/ov_SC05_004/ov_SC05_004_jr_801789AC.c:1868: parse error before 
10:33:10   src/ov_SC05_000/ov_SC05_000_jr_801789AC.c: IDENTICAL · rows 15 · compiles 17 · 1.5 s · canon 14 promoted 0 K&R 0 aliases 0 abs 0 kept 1
10:33:10   src/ov_SC05_001/ov_SC05_001_jr_801789AC.c: IDENTICAL · rows 15 · compiles 17 · 1.4 s · canon 14 promoted 0 K&R 0 aliases 0 abs 0 kept 1
10:33:10   src/ov_SC05_002/ov_SC05_002_jr_801789AC.c: IDENTICAL · rows 15 · compiles 17 · 1.5 s · canon 14 promoted 0 K&R 0 aliases 0 abs 0 kept 1
10:33:11   src/ov_SC05_000/ov_SC05_000_jr_8017BEBC.c: IDENTICAL · rows 14 · compiles 16 · 2.2 s · canon 13 promoted 0 K&R 0 aliases 0 abs 0 kept 1
10:33:11     unit 5: COMPILE-ERROR src/ov_SC05_005/ov_SC05_005_jr_801789AC.c:1711: parse error before `*' | src/ov_SC05_005/ov_SC05_005_jr_801789AC.c:1868: parse error before 
10:33:11     unit 5: COMPILE-ERROR src/ov_SC05_006/ov_SC05_006_jr_801789AC.c:1711: parse error before `*' | src/ov_SC05_006/ov_SC05_006_jr_801789AC.c:1868: parse error before 
10:33:11     unit 5: COMPILE-ERROR src/ov_SC05_004/ov_SC05_004_jr_8017F210.c:1698: parse error before `*' | src/ov_SC05_004/ov_SC05_004_jr_8017F210.c:1854: parse error before 
10:33:11     unit 5: COMPILE-ERROR src/ov_SC05_007/ov_SC05_007_jr_801789AC.c:1711: parse error before `*' | src/ov_SC05_007/ov_SC05_007_jr_801789AC.c:1868: parse error before 
10:33:11   src/ov_SC05_003/ov_SC05_003_jr_801789AC.c: IDENTICAL · rows 15 · compiles 17 · 1.6 s · canon 14 promoted 0 K&R 0 aliases 0 abs 0 kept 1
10:33:11   src/ov_SC05_017/ov_SC05_017_jr_80186270.c: UNCHANGED · rows 0 · compiles 0 · 0.0 s · canon 0 promoted 0 K&R 0 aliases 0 abs 0 kept 0
10:33:12   src/ov_SC04_018/ov_SC04_018_jr_801789AC.c: IDENTICAL · rows 15 · compiles 34 · 3.1 s · canon 14 promoted 0 K&R 0 aliases 0 abs 0 kept 1
10:33:12   src/ov_SC05_019/ov_SC05_019_jr_8017D5C0.c: UNCHANGED · rows 0 · compiles 0 · 0.0 s · canon 0 promoted 0 K&R 0 aliases 0 abs 0 kept 0
10:33:12     unit 5: COMPILE-ERROR src/ov_SC05_006/ov_SC05_006_jr_8017BEBC.c:1707: parse error before `*' | src/ov_SC05_006/ov_SC05_006_jr_8017BEBC.c:1860: parse error before 
10:33:12     unit 5: COMPILE-ERROR src/ov_SC05_008/ov_SC05_008_jr_801789AC.c:1711: parse error before `*' | src/ov_SC05_008/ov_SC05_008_jr_801789AC.c:1868: parse error before 
10:33:12     unit 5: COMPILE-ERROR src/ov_SC05_010/ov_SC05_010_jr_801789AC.c:1711: parse error before `*' | src/ov_SC05_010/ov_SC05_010_jr_801789AC.c:1868: parse error before 
10:33:12   src/ov_SC05_004/ov_SC05_004_jr_801789AC.c: IDENTICAL · rows 15 · compiles 17 · 1.8 s · canon 14 promoted 0 K&R 0 aliases 0 abs 0 kept 1
10:33:12     unit 5: COMPILE-ERROR src/ov_SC05_011/ov_SC05_011_jr_801789AC.c:1711: parse error before `*' | src/ov_SC05_011/ov_SC05_011_jr_801789AC.c:1868: parse error before 
10:33:12     unit 5: COMPILE-ERROR src/ov_SC05_017/ov_SC05_017_jr_801789AC.c:1711: parse error before `*' | src/ov_SC05_017/ov_SC05_017_jr_801789AC.c:1868: parse error before 
10:33:12   src/ov_SC05_005/ov_SC05_005_jr_801789AC.c: IDENTICAL · rows 15 · compiles 17 · 1.5 s · canon 14 promoted 0 K&R 0 aliases 0 abs 0 kept 1
10:33:13   src/ov_SC05_006/ov_SC05_006_jr_801789AC.c: IDENTICAL · rows 15 · compiles 17 · 1.8 s · canon 14 promoted 0 K&R 0 aliases 0 abs 0 kept 1
10:33:13     unit 5: COMPILE-ERROR src/ov_SC05_018/ov_SC05_018_jr_801789AC.c:1711: parse error before `*' | src/ov_SC05_018/ov_SC05_018_jr_801789AC.c:1868: parse error before 
10:33:13   src/ov_SC05_007/ov_SC05_007_jr_801789AC.c: IDENTICAL · rows 15 · compiles 17 · 1.6 s · canon 14 promoted 0 K&R 0 aliases 0 abs 0 kept 1
10:33:13     unit 5: COMPILE-ERROR src/ov_SC06_000/ov_SC06_000_jr_801789AC.c:1711: parse error before `*' | src/ov_SC06_000/ov_SC06_000_jr_801789AC.c:1868: parse error before 
10:33:13   src/ov_SC05_004/ov_SC05_004_jr_8017F210.c: IDENTICAL · rows 14 · compiles 16 · 2.6 s · canon 13 promoted 0 K&R 0 aliases 0 abs 0 kept 1
10:33:13   src/ov_SC05_008/ov_SC05_008_jr_801789AC.c: IDENTICAL · rows 15 · compiles 17 · 1.7 s · canon 14 promoted 0 K&R 0 aliases 0 abs 0 kept 1
10:33:14     unit 5: COMPILE-ERROR src/ov_SC06_006/ov_SC06_006_jr_801789AC.c:1711: parse error before `*' | src/ov_SC06_006/ov_SC06_006_jr_801789AC.c:1868: parse error before 
10:33:14   src/ov_SC05_010/ov_SC05_010_jr_801789AC.c: IDENTICAL · rows 15 · compiles 17 · 1.6 s · canon 14 promoted 0 K&R 0 aliases 0 abs 0 kept 1
10:33:14   src/ov_SC05_006/ov_SC05_006_jr_8017BEBC.c: IDENTICAL · rows 13 · compiles 15 · 2.4 s · canon 12 promoted 0 K&R 0 aliases 0 abs 0 kept 1
10:33:14     unit 5: COMPILE-ERROR src/ov_SC06_008/ov_SC06_008_jr_801789AC.c:1711: parse error before `*' | src/ov_SC06_008/ov_SC06_008_jr_801789AC.c:1868: parse error before 
10:33:14   src/ov_SC05_011/ov_SC05_011_jr_801789AC.c: IDENTICAL · rows 15 · compiles 17 · 1.5 s · canon 14 promoted 0 K&R 0 aliases 0 abs 0 kept 1
10:33:15   src/ov_SC05_017/ov_SC05_017_jr_801789AC.c: IDENTICAL · rows 15 · compiles 17 · 1.6 s · canon 14 promoted 0 K&R 0 aliases 0 abs 0 kept 1
10:33:15     unit 5: COMPILE-ERROR src/ov_SC06_010/ov_SC06_010_jr_801789AC.c:1711: parse error before `*' | src/ov_SC06_010/ov_SC06_010_jr_801789AC.c:1868: parse error before 
10:33:15     unit 5: COMPILE-ERROR src/ov_SC06_011/ov_SC06_011_jr_801789AC.c:1711: parse error before `*' | src/ov_SC06_011/ov_SC06_011_jr_801789AC.c:1868: parse error before 
10:33:15   src/ov_SC05_018/ov_SC05_018_jr_801789AC.c: IDENTICAL · rows 15 · compiles 17 · 1.6 s · canon 14 promoted 0 K&R 0 aliases 0 abs 0 kept 1
10:33:15   src/ov_SC06_000/ov_SC06_000_jr_801789AC.c: IDENTICAL · rows 15 · compiles 17 · 1.7 s · canon 14 promoted 0 K&R 0 aliases 0 abs 0 kept 1
10:33:16     unit 5: COMPILE-ERROR src/ov_SC06_013/ov_SC06_013_jr_801789AC.c:1711: parse error before `*' | src/ov_SC06_013/ov_SC06_013_jr_801789AC.c:1868: parse error before 
10:33:16     unit 5: COMPILE-ERROR src/ov_SC06_014/ov_SC06_014_jr_801789AC.c:1711: parse error before `*' | src/ov_SC06_014/ov_SC06_014_jr_801789AC.c:1868: parse error before 
10:33:16     unit 5: COMPILE-ERROR src/ov_SC06_015/ov_SC06_015_jr_801789AC.c:1711: parse error before `*' | src/ov_SC06_015/ov_SC06_015_jr_801789AC.c:1868: parse error before 
10:33:16   src/ov_SC06_006/ov_SC06_006_jr_801789AC.c: IDENTICAL · rows 15 · compiles 17 · 1.6 s · canon 14 promoted 0 K&R 0 aliases 0 abs 0 kept 1
10:33:16     unit 5: COMPILE-ERROR src/ov_SC06_016/ov_SC06_016_jr_801789AC.c:1711: parse error before `*' | src/ov_SC06_016/ov_SC06_016_jr_801789AC.c:1868: parse error before 
10:33:16     unit 5: COMPILE-ERROR src/ov_SC06_018/ov_SC06_018_jr_801789AC.c:1711: parse error before `*' | src/ov_SC06_018/ov_SC06_018_jr_801789AC.c:1868: parse error before 
10:33:16     unit 5: COMPILE-ERROR src/ov_SC06_013/ov_SC06_013_jr_8017BEBC.c:1711: parse error before `*' | src/ov_SC06_013/ov_SC06_013_jr_8017BEBC.c:1865: parse error before 
10:33:16   src/ov_SC06_008/ov_SC06_008_jr_801789AC.c: IDENTICAL · rows 15 · compiles 17 · 1.7 s · canon 14 promoted 0 K&R 0 aliases 0 abs 0 kept 1
10:33:16   src/ov_SC06_010/ov_SC06_010_jr_801789AC.c: IDENTICAL · rows 15 · compiles 17 · 1.6 s · canon 14 promoted 0 K&R 0 aliases 0 abs 0 kept 1
10:33:17     unit 5: COMPILE-ERROR src/ov_SC06_020/ov_SC06_020_jr_801789AC.c:1711: parse error before `*' | src/ov_SC06_020/ov_SC06_020_jr_801789AC.c:1868: parse error before 
10:33:17   src/ov_SC06_011/ov_SC06_011_jr_801789AC.c: IDENTICAL · rows 15 · compiles 17 · 1.8 s · canon 14 promoted 0 K&R 0 aliases 0 abs 0 kept 1
10:33:17     unit 5: COMPILE-ERROR src/ov_SC06_022/ov_SC06_022_jr_801789AC.c:1711: parse error before `*' | src/ov_SC06_022/ov_SC06_022_jr_801789AC.c:1868: parse error before 
10:33:17     unit 5: COMPILE-ERROR src/ov_SC06_024/ov_SC06_024_jr_801789AC.c:1711: parse error before `*' | src/ov_SC06_024/ov_SC06_024_jr_801789AC.c:1868: parse error before 
10:33:17   src/ov_SC06_013/ov_SC06_013_jr_801789AC.c: IDENTICAL · rows 15 · compiles 17 · 1.5 s · canon 14 promoted 0 K&R 0 aliases 0 abs 0 kept 1
10:33:17   src/ov_SC06_014/ov_SC06_014_jr_801789AC.c: IDENTICAL · rows 15 · compiles 17 · 1.5 s · canon 14 promoted 0 K&R 0 aliases 0 abs 0 kept 1
10:33:18   src/ov_SC06_015/ov_SC06_015_jr_801789AC.c: IDENTICAL · rows 15 · compiles 17 · 1.4 s · canon 14 promoted 0 K&R 0 aliases 0 abs 0 kept 1
10:33:18   src/ov_SC06_029/ov_SC06_029_jr_8017C954.c: UNCHANGED · rows 0 · compiles 0 · 0.0 s · canon 0 promoted 0 K&R 0 aliases 0 abs 0 kept 0
10:33:18     unit 5: COMPILE-ERROR src/ov_SC06_025/ov_SC06_025_jr_801789AC.c:1711: parse error before `*' | src/ov_SC06_025/ov_SC06_025_jr_801789AC.c:1868: parse error before 
10:33:18   src/ov_SC06_016/ov_SC06_016_jr_801789AC.c: IDENTICAL · rows 15 · compiles 17 · 1.5 s · canon 14 promoted 0 K&R 0 aliases 0 abs 0 kept 1
10:33:19     unit 5: COMPILE-ERROR src/ov_SC06_027/ov_SC06_027_jr_801789AC.c:1711: parse error before `*' | src/ov_SC06_027/ov_SC06_027_jr_801789AC.c:1868: parse error before 
10:33:19     unit 13: COMPILE-ERROR src/ov_SC06_013/ov_SC06_013_jr_8017BEBC.c:3767: too few arguments to function `func_8017D9F0' [build/src/ov_SC06_013/ov_SC06_013_jr_8017BEBC
10:33:19   src/ov_SC06_018/ov_SC06_018_jr_801789AC.c: IDENTICAL · rows 17 · compiles 19 · 1.5 s · canon 16 promoted 0 K&R 0 aliases 0 abs 0 kept 1
10:33:19     unit 14: COMPILE-ERROR src/ov_SC06_013/ov_SC06_013_jr_8017BEBC.c:3817: too few arguments to function `func_8017EAEC' | src/ov_SC06_013/ov_SC06_013_jr_8017BEBC.c:38
10:33:19   src/ov_SC06_020/ov_SC06_020_jr_801789AC.c: IDENTICAL · rows 15 · compiles 17 · 1.5 s · canon 14 promoted 0 K&R 0 aliases 0 abs 0 kept 1
10:33:20     unit 5: COMPILE-ERROR src/ov_SC06_027/ov_SC06_027_jr_8017BEBC.c:1712: parse error before `*' | src/ov_SC06_027/ov_SC06_027_jr_8017BEBC.c:1868: parse error before 
10:33:20   src/ov_SC06_022/ov_SC06_022_jr_801789AC.c: IDENTICAL · rows 15 · compiles 17 · 1.8 s · canon 14 promoted 0 K&R 0 aliases 0 abs 0 kept 1
10:33:20     unit 5: COMPILE-ERROR src/ov_SC06_029/ov_SC06_029_jr_801789AC.c:1711: parse error before `*' | src/ov_SC06_029/ov_SC06_029_jr_801789AC.c:1868: parse error before 
10:33:20   src/ov_SC06_013/ov_SC06_013_jr_8017BEBC.c: IDENTICAL · rows 15 · compiles 18 · 3.1 s · canon 12 promoted 0 K&R 2 aliases 0 abs 0 kept 3
10:33:20   src/ov_SC06_024/ov_SC06_024_jr_801789AC.c: IDENTICAL · rows 15 · compiles 17 · 1.7 s · canon 14 promoted 0 K&R 0 aliases 0 abs 0 kept 1
10:33:20     unit 5: COMPILE-ERROR src/ov_SC06_030/ov_SC06_030_jr_801789AC.c:1711: parse error before `*' | src/ov_SC06_030/ov_SC06_030_jr_801789AC.c:1868: parse error before 
10:33:21     unit 5: COMPILE-ERROR src/ov_SC06_032/ov_SC06_032_jr_801789AC.c:1711: parse error before `*' | src/ov_SC06_032/ov_SC06_032_jr_801789AC.c:1868: parse error before 
10:33:21   src/ov_SC06_025/ov_SC06_025_jr_801789AC.c: IDENTICAL · rows 15 · compiles 17 · 1.7 s · canon 14 promoted 0 K&R 0 aliases 0 abs 0 kept 1
10:33:21     unit 5: COMPILE-ERROR src/ov_SC06_033/ov_SC06_033_jr_801789AC.c:1711: parse error before `*' | src/ov_SC06_033/ov_SC06_033_jr_801789AC.c:1868: parse error before 
10:33:21   src/ov_SC06_027/ov_SC06_027_jr_801789AC.c: IDENTICAL · rows 15 · compiles 17 · 1.8 s · canon 14 promoted 0 K&R 0 aliases 0 abs 0 kept 1
10:33:21     unit 5: COMPILE-ERROR src/ov_SC07_000/ov_SC07_000_jr_801789AC.c:1711: parse error before `*' | src/ov_SC07_000/ov_SC07_000_jr_801789AC.c:1868: parse error before 
10:33:21     unit 5: COMPILE-ERROR src/ov_SC06_030/ov_SC06_030_jr_8017F65C.c:1707: parse error before `*' | src/ov_SC06_030/ov_SC06_030_jr_8017F65C.c:1861: parse error before 
10:33:21     unit 5: COMPILE-ERROR src/ov_SC07_001/ov_SC07_001_jr_801789AC.c:1711: parse error before `*' | src/ov_SC07_001/ov_SC07_001_jr_801789AC.c:1868: parse error before 
10:33:21     unit 5: COMPILE-ERROR src/ov_SC07_002/ov_SC07_002_jr_801789AC.c:1711: parse error before `*' | src/ov_SC07_002/ov_SC07_002_jr_801789AC.c:1868: parse error before 
10:33:22   src/ov_SC06_029/ov_SC06_029_jr_801789AC.c: IDENTICAL · rows 15 · compiles 17 · 1.8 s · canon 14 promoted 0 K&R 0 aliases 0 abs 0 kept 1
10:33:22   src/ov_SC06_030/ov_SC06_030_jr_801789AC.c: IDENTICAL · rows 15 · compiles 17 · 1.6 s · canon 14 promoted 0 K&R 0 aliases 0 abs 0 kept 1
10:33:23   src/ov_SC06_027/ov_SC06_027_jr_8017BEBC.c: IDENTICAL · rows 15 · compiles 17 · 2.4 s · canon 14 promoted 0 K&R 0 aliases 0 abs 0 kept 1
10:33:23     unit 5: COMPILE-ERROR src/ov_SC07_008/ov_SC07_008_jr_801789AC.c:1710: parse error before `*' | src/ov_SC07_008/ov_SC07_008_jr_801789AC.c:1867: parse error before 
10:33:23     unit 5: COMPILE-ERROR src/ov_SC07_009/ov_SC07_009_jr_801789AC.c:1711: parse error before `*' | src/ov_SC07_009/ov_SC07_009_jr_801789AC.c:1868: parse error before 
10:33:23   src/ov_SC06_032/ov_SC06_032_jr_801789AC.c: IDENTICAL · rows 15 · compiles 17 · 1.4 s · canon 14 promoted 0 K&R 0 aliases 0 abs 0 kept 1
10:33:23   src/ov_SC06_033/ov_SC06_033_jr_801789AC.c: IDENTICAL · rows 15 · compiles 17 · 1.7 s · canon 14 promoted 0 K&R 0 aliases 0 abs 0 kept 1
10:33:23   src/ov_SC07_000/ov_SC07_000_jr_801789AC.c: IDENTICAL · rows 15 · compiles 17 · 1.6 s · canon 14 promoted 0 K&R 0 aliases 0 abs 0 kept 1
10:33:24     unit 13: COMPILE-ERROR src/ov_SC06_030/ov_SC06_030_jr_8017F65C.c:3673: too few arguments to function `func_801810D0' | src/ov_SC06_030/ov_SC06_030_jr_8017F65C.c:37
10:33:24   src/ov_SC07_001/ov_SC07_001_jr_801789AC.c: IDENTICAL · rows 15 · compiles 17 · 1.6 s · canon 14 promoted 0 K&R 0 aliases 0 abs 0 kept 1
10:33:24     unit 5: COMPILE-ERROR src/ov_SC01_008/ov_SC01_008_jr_8017E4D8.c:1705: parse error before `*' | src/ov_SC01_008/ov_SC01_008_jr_8017E4D8.c:1861: parse error before 
10:33:24     unit 14: COMPILE-ERROR src/ov_SC06_030/ov_SC06_030_jr_8017F65C.c:4284: too few arguments to function `func_80181164' [build/src/ov_SC06_030/ov_SC06_030_jr_8017F65C
10:33:24   src/ov_SC07_002/ov_SC07_002_jr_801789AC.c: IDENTICAL · rows 15 · compiles 17 · 1.6 s · canon 14 promoted 0 K&R 0 aliases 0 abs 0 kept 1
10:33:25     unit 5: COMPILE-ERROR src/ov_SC01_008/ov_SC01_008_jr_8017E6F0.c:1705: parse error before `*' | src/ov_SC01_008/ov_SC01_008_jr_8017E6F0.c:1861: parse error before 
10:33:25   src/ov_SC06_030/ov_SC06_030_jr_8017F65C.c: IDENTICAL · rows 15 · compiles 18 · 3.6 s · canon 12 promoted 0 K&R 2 aliases 0 abs 0 kept 3
10:33:25   src/ov_SC07_008/ov_SC07_008_jr_801789AC.c: IDENTICAL · rows 15 · compiles 17 · 1.6 s · canon 14 promoted 0 K&R 0 aliases 0 abs 0 kept 1
10:33:26   src/ov_SC07_009/ov_SC07_009_jr_801789AC.c: IDENTICAL · rows 15 · compiles 17 · 1.7 s · canon 14 promoted 0 K&R 0 aliases 0 abs 0 kept 1
10:33:26     unit 5: COMPILE-ERROR src/ov_SC01_077/ov_SC01_077_jr_8017A4AC.c:1805: parse error before `*' | src/ov_SC01_077/ov_SC01_077_jr_8017A4AC.c:1972: parse error before 
10:33:26     unit 7: COMPILE-ERROR src/ov_SC07_007/ov_SC07_007_jr_8015C32C.c:6984: too few arguments to function `func_800D2318' | src/ov_SC07_007/ov_SC07_007_jr_8015C32C.c:73
10:33:26     unit 5: COMPILE-ERROR src/ov_SC01_077/ov_SC01_077_jr_80178D40.c:1805: parse error before `*' | src/ov_SC01_077/ov_SC01_077_jr_80178D40.c:1972: parse error before 
10:33:26     unit 5: COMPILE-ERROR src/ov_SC01_009/ov_SC01_009_jr_8017E590.c:1704: parse error before `*' | src/ov_SC01_009/ov_SC01_009_jr_8017E590.c:1860: parse error before 
10:33:26   src/ov_SC01_008/ov_SC01_008_jr_8017E4D8.c: IDENTICAL · rows 15 · compiles 17 · 1.5 s · canon 14 promoted 0 K&R 0 aliases 0 abs 0 kept 1
10:33:26     unit 5: COMPILE-ERROR src/ov_SC01_084/ov_SC01_084_jr_8017CA80.c:1713: parse error before `*' | src/ov_SC01_084/ov_SC01_084_jr_8017CA80.c:1869: parse error before 
10:33:27   src/ov_SC01_077/ov_SC01_077_jr_8017A4AC.c: IDENTICAL · rows 14 · compiles 16 · 1.6 s · canon 13 promoted 0 K&R 0 aliases 0 abs 0 kept 1
10:33:27     unit 5: COMPILE-ERROR src/ov_SC02_000/ov_SC02_000_jr_80180D6C.c:1708: parse error before `*' | src/ov_SC02_000/ov_SC02_000_jr_80180D6C.c:1865: parse error before 
10:33:27     unit 5: COMPILE-ERROR src/ov_SC02_004/ov_SC02_004_jr_8017AE2C.c:1711: parse error before `*' | src/ov_SC02_004/ov_SC02_004_jr_8017AE2C.c:1867: parse error before 
10:33:27   src/ov_SC01_008/ov_SC01_008_jr_8017E6F0.c: IDENTICAL · rows 15 · compiles 17 · 1.9 s · canon 14 promoted 0 K&R 0 aliases 0 abs 0 kept 1
10:33:27     unit 7: COMPILE-ERROR src/ov_SC07_011/ov_SC07_011_jr_8015C32C.c:6985: too few arguments to function `func_800D2318' | src/ov_SC07_011/ov_SC07_011_jr_8015C32C.c:73
10:33:27     unit 5: COMPILE-ERROR src/ov_SC02_021/ov_SC02_021_jr_8017EB00.c:1711: parse error before `*' | src/ov_SC02_021/ov_SC02_021_jr_8017EB00.c:1867: parse error before 
10:33:28   src/ov_SC01_077/ov_SC01_077_jr_80178D40.c: IDENTICAL · rows 14 · compiles 16 · 2.1 s · canon 13 promoted 0 K&R 0 aliases 0 abs 0 kept 1
10:33:28     unit 5: COMPILE-ERROR src/ov_SC02_016/ov_SC02_016_jr_8017DC70.c:1709: parse error before `*' | src/ov_SC02_016/ov_SC02_016_jr_8017DC70.c:1865: parse error before 
10:33:28   src/ov_SC01_009/ov_SC01_009_jr_8017E590.c: IDENTICAL · rows 15 · compiles 17 · 2.6 s · canon 14 promoted 0 K&R 0 aliases 0 abs 0 kept 1
10:33:28     unit 13: COMPILE-ERROR src/ov_SC01_084/ov_SC01_084_jr_8017CA80.c:3503: too few arguments to function `func_8017ED5C' [build/src/ov_SC01_084/ov_SC01_084_jr_8017CA80
10:33:28   src/ov_SC02_021/ov_SC02_021_jr_8017EB00.c: IDENTICAL · rows 13 · compiles 15 · 1.3 s · canon 12 promoted 0 K&R 0 aliases 0 abs 0 kept 1
10:33:29     unit 5: COMPILE-ERROR src/ov_SC02_021/ov_SC02_021_jr_8017ECFC.c:1711: parse error before `*' | src/ov_SC02_021/ov_SC02_021_jr_8017ECFC.c:1867: parse error before 
10:33:29     unit 5: COMPILE-ERROR src/ov_SC02_035/ov_SC02_035_jr_80183FD4.c:1700: parse error before `*' | src/ov_SC02_035/ov_SC02_035_jr_80183FD4.c:1855: parse error before 
10:33:29     unit 5: COMPILE-ERROR src/ov_SC02_011/ov_SC02_011_jr_8017AE2C.c:1704: parse error before `*' | src/ov_SC02_011/ov_SC02_011_jr_8017AE2C.c:1859: parse error before 
10:33:29   src/ov_SC01_084/ov_SC01_084_jr_8017CA80.c: IDENTICAL · rows 15 · compiles 17 · 2.8 s · canon 13 promoted 0 K&R 1 aliases 0 abs 0 kept 2
10:33:29   src/ov_SC02_004/ov_SC02_004_jr_8017AE2C.c: IDENTICAL · rows 13 · compiles 15 · 2.6 s · canon 12 promoted 0 K&R 0 aliases 0 abs 0 kept 1
10:33:30     unit 13: COMPILE-ERROR src/ov_SC02_000/ov_SC02_000_jr_80180D6C.c:3014: too few arguments to function `func_8017F950' [build/src/ov_SC02_000/ov_SC02_000_jr_80180D6C
10:33:30   src/ov_SC02_021/ov_SC02_021_jr_8017ECFC.c: IDENTICAL · rows 13 · compiles 15 · 1.6 s · canon 12 promoted 0 K&R 0 aliases 0 abs 0 kept 1
10:33:30     unit 13: COMPILE-ERROR src/ov_SC02_016/ov_SC02_016_jr_8017DC70.c:3368: too few arguments to function `func_8017F264' | src/ov_SC02_016/ov_SC02_016_jr_8017DC70.c: A
10:33:30     unit 13: COMPILE-ERROR src/ov_SC02_035/ov_SC02_035_jr_80183FD4.c:3025: conflicting types for `D_800A5E88' | src/ov_SC02_035/ov_SC02_035_jr_80183FD4.c:2990: previou
10:33:30   src/ov_SC02_035/ov_SC02_035_jr_80183FD4.c: IDENTICAL · rows 14 · compiles 16 · 1.3 s · canon 12 promoted 0 K&R 0 aliases 0 abs 0 kept 2
10:33:31   src/ov_SC02_000/ov_SC02_000_jr_80180D6C.c: IDENTICAL · rows 15 · compiles 34 · 3.5 s · canon 13 promoted 0 K&R 1 aliases 0 abs 0 kept 2
10:33:31     unit 5: COMPILE-ERROR src/ov_SC03_010/ov_SC03_010_jr_8017C730.c:1706: parse error before `*' | src/ov_SC03_010/ov_SC03_010_jr_8017C730.c:1862: parse error before 
10:33:31     unit 5: COMPILE-ERROR src/ov_SC03_024/ov_SC03_024_jr_8017AE2C.c:1709: parse error before `*' | src/ov_SC03_024/ov_SC03_024_jr_8017AE2C.c:1865: parse error before 
10:33:31   src/ov_SC02_016/ov_SC02_016_jr_8017DC70.c: IDENTICAL · rows 15 · compiles 17 · 3.2 s · canon 13 promoted 0 K&R 1 aliases 0 abs 0 kept 2
10:33:31     unit 5: COMPILE-ERROR src/ov_SC02_031/ov_SC02_031_jr_8017AE2C.c:1703: parse error before `*' | src/ov_SC02_031/ov_SC02_031_jr_8017AE2C.c:1858: parse error before 
10:33:31     unit 5: COMPILE-ERROR src/ov_SC03_089/ov_SC03_089_jr_80189168.c:1705: parse error before `*' | src/ov_SC03_089/ov_SC03_089_jr_80189168.c:1860: parse error before 
10:33:31     unit 5: COMPILE-ERROR src/ov_SC03_029/ov_SC03_029_jr_8017AE2C.c:1707: parse error before `*' | src/ov_SC03_029/ov_SC03_029_jr_8017AE2C.c:1862: parse error before 
10:33:32     unit 5: COMPILE-ERROR src/ov_SC03_090/ov_SC03_090_jr_8018B58C.c:1703: parse error before `*' | src/ov_SC03_090/ov_SC03_090_jr_8018B58C.c:1858: parse error before 
10:33:32   src/ov_SC03_089/ov_SC03_089_jr_80189168.c: IDENTICAL · rows 14 · compiles 16 · 1.3 s · canon 12 promoted 0 K&R 0 aliases 1 abs 0 kept 1
10:33:32     unit 5: COMPILE-ERROR src/ov_SC03_090/ov_SC03_090_jr_80188274.c:4971: too few arguments to function `func_8001E094' [build/src/ov_SC03_090/ov_SC03_090_jr_80188274
10:33:32     unit 13: COMPILE-ERROR src/ov_SC02_011/ov_SC02_011_jr_8017AE2C.c:5164: too few arguments to function `func_8017E5F0' | src/ov_SC02_011/ov_SC02_011_jr_8017AE2C.c: A
10:33:32   src/ov_SC03_090/ov_SC03_090_jr_8018B58C.c: IDENTICAL · rows 14 · compiles 16 · 1.3 s · canon 12 promoted 0 K&R 0 aliases 1 abs 0 kept 1
10:33:33     unit 5: COMPILE-ERROR src/ov_SC03_091/ov_SC03_091_jr_8018911C.c:4922: too few arguments to function `func_8001E094' [build/src/ov_SC03_091/ov_SC03_091_jr_8018911C
10:33:33     unit 6: COMPILE-ERROR src/ov_SC03_090/ov_SC03_090_jr_80188274.c:1703: parse error before `*' | src/ov_SC03_090/ov_SC03_090_jr_80188274.c:1858: parse error before 
10:33:33   src/ov_SC03_010/ov_SC03_010_jr_8017C730.c: IDENTICAL · rows 15 · compiles 17 · 2.8 s · canon 14 promoted 0 K&R 0 aliases 0 abs 0 kept 1
10:33:33     unit 14: COMPILE-ERROR src/ov_SC03_024/ov_SC03_024_jr_8017AE2C.c:3375: void value not ignored as it ought to be | src/ov_SC03_024/ov_SC03_024_jr_8017AE2C.c: At top
10:33:33     unit 6: COMPILE-ERROR src/ov_SC03_091/ov_SC03_091_jr_8018911C.c:1709: parse error before `*' | src/ov_SC03_091/ov_SC03_091_jr_8018911C.c:1865: parse error before 
10:33:33   src/ov_SC02_011/ov_SC02_011_jr_8017AE2C.c: IDENTICAL · rows 15 · compiles 17 · 5.0 s · canon 12 promoted 0 K&R 1 aliases 1 abs 0 kept 2
10:33:34     unit 5: COMPILE-ERROR src/ov_SC03_093/ov_SC03_093_jr_8017D898.c:1705: parse error before `*' | src/ov_SC03_093/ov_SC03_093_jr_8017D898.c:1860: parse error before 
10:33:34   src/ov_SC03_110/ov_SC03_110_jr_8017FBC8.c: UNCHANGED · rows 0 · compiles 0 · 0.0 s · canon 0 promoted 0 K&R 0 aliases 0 abs 0 kept 0
10:33:34   src/ov_SC03_029/ov_SC03_029_jr_8017AE2C.c: IDENTICAL · rows 14 · compiles 16 · 2.3 s · canon 13 promoted 0 K&R 0 aliases 0 abs 0 kept 1
10:33:34   src/ov_SC03_024/ov_SC03_024_jr_8017AE2C.c: IDENTICAL · rows 15 · compiles 17 · 3.0 s · canon 13 promoted 0 K&R 0 aliases 0 abs 0 kept 2
10:33:35     unit 5: COMPILE-ERROR src/ov_SC03_103/ov_SC03_103_jr_80183C34.c:1700: parse error before `*' | src/ov_SC03_103/ov_SC03_103_jr_80183C34.c:1855: parse error before 
10:33:35     unit 5: COMPILE-ERROR src/ov_SC03_093/ov_SC03_093_jr_801825B8.c:1697: parse error before `*' | src/ov_SC03_093/ov_SC03_093_jr_801825B8.c:1852: parse error before 
10:33:35     unit 14: DIFFERS [build/src/ov_SC03_090/ov_SC03_090_jr_80188274.o]
10:33:35     unit 13: COMPILE-ERROR src/ov_SC02_031/ov_SC02_031_jr_8017AE2C.c:6614: too many arguments to function `func_80181DEC' | src/ov_SC02_031/ov_SC02_031_jr_8017AE2C.c:6
10:33:35     unit 22: COMPILE-ERROR src/ov_SC07_007/../shared/ov/func_80160A74.h:9: too few arguments to function `func_80160B00' | src/ov_SC07_007/../shared/ov/func_8016345C.h
10:33:35     unit 14: DIFFERS [build/src/ov_SC03_091/ov_SC03_091_jr_8018911C.o]
10:33:35     unit 5: COMPILE-ERROR src/ov_SC03_121/ov_SC03_121_jr_8017BEBC.c:1711: parse error before `*' | src/ov_SC03_121/ov_SC03_121_jr_8017BEBC.c:1867: parse error before 
10:33:35   src/ov_SC03_103/ov_SC03_103_jr_80183C34.c: IDENTICAL · rows 15 · compiles 17 · 1.4 s · canon 12 promoted 0 K&R 0 aliases 2 abs 0 kept 1
10:33:36     unit 5: COMPILE-ERROR src/ov_SC03_117/ov_SC03_117_jr_8017BEBC.c:1710: parse error before `*' | src/ov_SC03_117/ov_SC03_117_jr_8017BEBC.c:1865: parse error before 
10:33:36   src/ov_SC04_018/ov_SC04_018_jr_80185D70.c: UNCHANGED · rows 0 · compiles 0 · 0.0 s · canon 0 promoted 0 K&R 0 aliases 0 abs 0 kept 0
10:33:36     unit 22: COMPILE-ERROR src/ov_SC07_011/../shared/ov/func_80160A74.h:9: too few arguments to function `func_80160B00' | src/ov_SC07_011/../shared/ov/func_8016345C.h
10:33:36   src/ov_SC02_031/ov_SC02_031_jr_8017AE2C.c: IDENTICAL · rows 14 · compiles 16 · 5.5 s · canon 12 promoted 0 K&R 1 aliases 0 abs 0 kept 2
10:33:36   src/ov_SC05_009/ov_SC05_009_jr_8017BEBC.c: UNCHANGED · rows 0 · compiles 0 · 0.0 s · canon 0 promoted 0 K&R 0 aliases 0 abs 0 kept 0
10:33:36   src/ov_SC05_017/ov_SC05_017_jr_80185A70.c: UNCHANGED · rows 0 · compiles 0 · 0.0 s · canon 0 promoted 0 K&R 0 aliases 0 abs 0 kept 0
10:33:36   src/ov_SC05_017/ov_SC05_017_jr_801875E8.c: UNCHANGED · rows 0 · compiles 0 · 0.0 s · canon 0 promoted 0 K&R 0 aliases 0 abs 0 kept 0
10:33:37   src/ov_SC03_093/ov_SC03_093_jr_8017D898.c: IDENTICAL · rows 16 · compiles 18 · 3.8 s · canon 14 promoted 0 K&R 0 aliases 0 abs 1 kept 1
10:33:37     unit 5: COMPILE-ERROR src/ov_SC03_102/ov_SC03_102_jr_8017BEBC.c:1709: parse error before `*' | src/ov_SC03_102/ov_SC03_102_jr_8017BEBC.c:1864: parse error before 
10:33:37     unit 5: COMPILE-ERROR src/ov_SC03_113/ov_SC03_113_jr_8017C294.c:1705: parse error before `*' | src/ov_SC03_113/ov_SC03_113_jr_8017C294.c:1860: parse error before 
10:33:37   src/ov_SC03_090/ov_SC03_090_jr_80188274.c: IDENTICAL · rows 20 · compiles 23 · 4.2 s · canon 12 promoted 0 K&R 1 aliases 5 abs 0 kept 3
10:33:38     unit 13: DIFFERS [build/src/ov_SC03_093/ov_SC03_093_jr_801825B8.o]
10:33:38   src/ov_SC03_091/ov_SC03_091_jr_8018911C.c: IDENTICAL · rows 20 · compiles 23 · 4.1 s · canon 12 promoted 0 K&R 1 aliases 5 abs 0 kept 3
10:33:38     unit 13: COMPILE-ERROR src/ov_SC03_117/ov_SC03_117_jr_8017BEBC.c:3316: too few arguments to function `func_8017D598' [build/src/ov_SC03_117/ov_SC03_117_jr_8017BEBC
10:33:38   src/ov_SC03_121/ov_SC03_121_jr_8017BEBC.c: IDENTICAL · rows 13 · compiles 15 · 2.0 s · canon 12 promoted 0 K&R 0 aliases 0 abs 0 kept 1
10:33:38     unit 5: COMPILE-ERROR src/ov_SC06_018/ov_SC06_018_jr_8019059C.c:1712: parse error before `*' | src/ov_SC06_018/ov_SC06_018_jr_8019059C.c:1868: parse error before 
10:33:39     unit 5: COMPILE-ERROR src/ov_SC06_011/ov_SC06_011_jr_8017BEBC.c:1711: parse error before `*' | src/ov_SC06_011/ov_SC06_011_jr_8017BEBC.c:1867: parse error before 
10:33:39   src/ov_SC03_117/ov_SC03_117_jr_8017BEBC.c: IDENTICAL · rows 15 · compiles 17 · 2.6 s · canon 12 promoted 0 K&R 1 aliases 1 abs 0 kept 2
10:33:39   src/ov_SC07_006/ov_SC07_006_jr_80171B4C.c: UNCHANGED · rows 0 · compiles 0 · 0.0 s · canon 0 promoted 0 K&R 0 aliases 0 abs 0 kept 0
10:33:39     unit 27: COMPILE-ERROR src/ov_SC07_007/../shared/ov/func_80168EC4.h:8: too few arguments to function `func_80168F40' | src/ov_SC07_007/../shared/ov/func_8016345C.h
10:33:39     unit 5: COMPILE-ERROR src/ov_SC06_018/ov_SC06_018_jr_80191C50.c:1704: parse error before `*' | src/ov_SC06_018/ov_SC06_018_jr_80191C50.c:1860: parse error before 
10:33:39     unit 27: COMPILE-ERROR src/ov_SC07_011/../shared/ov/func_80168EC4.h:8: too few arguments to function `func_80168F40' | src/ov_SC07_011/../shared/ov/func_8016345C.h
10:33:39   src/ov_SC03_093/ov_SC03_093_jr_801825B8.c: IDENTICAL · rows 19 · compiles 21 · 3.9 s · canon 12 promoted 0 K&R 0 aliases 5 abs 0 kept 2
10:33:40   src/ov_SC06_018/ov_SC06_018_jr_8019059C.c: IDENTICAL · rows 13 · compiles 15 · 1.8 s · canon 12 promoted 0 K&R 0 aliases 0 abs 0 kept 1
10:33:40     unit 28: COMPILE-ERROR src/ov_SC07_007/ov_SC07_007_jr_8015C32C.c:560: conflicting types for `D_800B9A02' | src/ov_SC07_007/ov_SC07_007_jr_8015C32C.c:550: previous 
10:33:40     unit 28: COMPILE-ERROR src/ov_SC07_011/ov_SC07_011_jr_8015C32C.c:560: conflicting types for `D_800B9A02' | src/ov_SC07_011/ov_SC07_011_jr_8015C32C.c:550: previous 
10:33:40     unit 5: COMPILE-ERROR src/ov_SC07_008/ov_SC07_008_jr_8017BEBC.c:1709: parse error before `*' | src/ov_SC07_008/ov_SC07_008_jr_8017BEBC.c:1865: parse error before 
10:33:40   src/ov_SC06_011/ov_SC06_011_jr_8017BEBC.c: IDENTICAL · rows 13 · compiles 15 · 2.3 s · canon 12 promoted 0 K&R 0 aliases 0 abs 0 kept 1
10:33:40     unit 14: COMPILE-ERROR src/ov_SC07_006/ov_SC07_006_jr_80159C84.c:564: conflicting types for `D_800B9A02' | src/ov_SC07_006/ov_SC07_006_jr_80159C84.c:554: previous 
10:33:41     unit 13: COMPILE-ERROR src/ov_SC06_018/ov_SC06_018_jr_80191C50.c:3190: parse error before `*' | src/ov_SC06_018/ov_SC06_018_jr_80191C50.c:3361: parse error before 
10:33:41   src/ov_SC07_006/ov_SC07_006_jr_80159C84.c: IDENTICAL · rows 15 · compiles 17 · 1.5 s · canon 14 promoted 0 K&R 0 aliases 0 abs 0 kept 1
10:33:41     unit 14: COMPILE-ERROR src/ov_SC07_006/ov_SC07_006_jr_801588CC.c:566: conflicting types for `D_800B9A02' | src/ov_SC07_006/ov_SC07_006_jr_801588CC.c:556: previous 
10:33:41   src/ov_SC06_018/ov_SC06_018_jr_80191C50.c: IDENTICAL · rows 14 · compiles 16 · 2.0 s · canon 12 promoted 0 K&R 0 aliases 0 abs 0 kept 2
10:33:42     unit 13: DIFFERS [build/src/ov_SC03_102/ov_SC03_102_jr_8017BEBC.o]
10:33:42   src/ov_SC07_007/ov_SC07_007_jr_8015C32C.c: IDENTICAL · rows 29 · compiles 32 · 14.7 s · canon 25 promoted 0 K&R 3 aliases 0 abs 0 kept 4
10:33:42   src/ov_SC07_006/ov_SC07_006_jr_801588CC.c: IDENTICAL · rows 15 · compiles 17 · 1.9 s · canon 14 promoted 0 K&R 0 aliases 0 abs 0 kept 1
10:33:42   src/ov_SC07_011/ov_SC07_011_jr_8015C32C.c: IDENTICAL · rows 29 · compiles 32 · 14.1 s · canon 25 promoted 0 K&R 3 aliases 0 abs 0 kept 4
10:33:42   src/ov_SC03_113/ov_SC03_113_jr_8017C294.c: IDENTICAL · rows 15 · compiles 17 · 4.8 s · canon 14 promoted 0 K&R 0 aliases 0 abs 0 kept 1
10:33:43     unit 5: COMPILE-ERROR src/ov_SC07_009/ov_SC07_009_jr_8017AE2C.c:1709: parse error before `*' | src/ov_SC07_009/ov_SC07_009_jr_8017AE2C.c:1865: parse error before 
10:33:43   src/ov_SC07_008/ov_SC07_008_jr_8017BEBC.c: IDENTICAL · rows 13 · compiles 15 · 2.1 s · canon 12 promoted 0 K&R 0 aliases 0 abs 0 kept 1
10:33:43     unit 16: COMPILE-ERROR src/ov_SC07_006/ov_SC07_006_jr_8015A3C8.c:564: conflicting types for `D_800B9A02' | src/ov_SC07_006/ov_SC07_006_jr_8015A3C8.c:554: previous 
10:33:43   src/ov_SC07_006/ov_SC07_006_jr_8015A3C8.c: IDENTICAL · rows 17 · compiles 19 · 2.3 s · canon 16 promoted 0 K&R 0 aliases 0 abs 0 kept 1
10:33:44     unit 5: COMPILE-ERROR src/ov_SC01_009/ov_SC01_009_jr_8017E378.c:1704: parse error before `*' | src/ov_SC01_009/ov_SC01_009_jr_8017E378.c:1860: parse error before 
10:33:44     unit 5: COMPILE-ERROR src/ov_SC01_005/ov_SC01_005_jr_8017AE2C.c:1711: parse error before `*' | src/ov_SC01_005/ov_SC01_005_jr_8017AE2C.c:1867: parse error before 
10:33:44     unit 6: COMPILE-ERROR src/ov_SC01_009/ov_SC01_009_jr_80178D40.c:1711: parse error before `*' | src/ov_SC01_009/ov_SC01_009_jr_80178D40.c:1867: parse error before 
10:33:44     unit 5: COMPILE-ERROR src/ov_SC01_009/ov_SC01_009_jr_8017BE9C.c:1712: parse error before `*' | src/ov_SC01_009/ov_SC01_009_jr_8017BE9C.c:1868: parse error before 
10:33:44     unit 5: COMPILE-ERROR src/ov_SC02_000/ov_SC02_000_jr_80181698.c:1708: parse error before `*' | src/ov_SC02_000/ov_SC02_000_jr_80181698.c:1865: parse error before 
10:33:44     unit 5: COMPILE-ERROR src/ov_SC02_000/ov_SC02_000_jr_8017FB24.c:1702: parse error before `*' | src/ov_SC02_000/ov_SC02_000_jr_8017FB24.c:1858: parse error before 
10:33:44   src/ov_SC01_009/ov_SC01_009_jr_8017E378.c: IDENTICAL · rows 14 · compiles 16 · 1.1 s · canon 13 promoted 0 K&R 0 aliases 0 abs 0 kept 1
10:33:45   src/ov_SC07_009/ov_SC07_009_jr_8017AE2C.c: IDENTICAL · rows 13 · compiles 15 · 2.5 s · canon 12 promoted 0 K&R 0 aliases 0 abs 0 kept 1
10:33:45     unit 6: COMPILE-ERROR src/ov_SC02_011/ov_SC02_011_jr_80178D40.c:1711: parse error before `*' | src/ov_SC02_011/ov_SC02_011_jr_80178D40.c:1867: parse error before 
10:33:45     unit 5: COMPILE-ERROR src/ov_SC01_005/ov_SC01_005_jr_8017C340.c:1713: parse error before `*' | src/ov_SC01_005/ov_SC01_005_jr_8017C340.c:1869: parse error before 
10:33:45     unit 5: COMPILE-ERROR src/ov_SC02_000/ov_SC02_000_jr_8017EA84.c:1704: parse error before `*' | src/ov_SC02_000/ov_SC02_000_jr_8017EA84.c:1860: parse error before 
10:33:45     unit 5: COMPILE-ERROR src/ov_SC02_016/ov_SC02_016_jr_8017AE2C.c:1707: parse error before `*' | src/ov_SC02_016/ov_SC02_016_jr_8017AE2C.c:1862: parse error before 
10:33:45   src/ov_SC01_009/ov_SC01_009_jr_80178D40.c: IDENTICAL · rows 14 · compiles 16 · 2.2 s · canon 13 promoted 0 K&R 0 aliases 0 abs 0 kept 1
10:33:46   src/ov_SC03_102/ov_SC03_102_jr_8017BEBC.c: IDENTICAL · rows 19 · compiles 21 · 7.7 s · canon 12 promoted 0 K&R 0 aliases 5 abs 0 kept 2
10:33:46   src/ov_SC02_017/ov_SC02_017_jr_8017DF34.c: UNCHANGED · rows 0 · compiles 0 · 0.0 s · canon 0 promoted 0 K&R 0 aliases 0 abs 0 kept 0
10:33:46   src/ov_SC01_009/ov_SC01_009_jr_8017BE9C.c: IDENTICAL · rows 14 · compiles 16 · 2.5 s · canon 13 promoted 0 K&R 0 aliases 0 abs 0 kept 1
10:33:46   src/ov_SC01_005/ov_SC01_005_jr_8017AE2C.c: IDENTICAL · rows 13 · compiles 30 · 3.9 s · canon 12 promoted 0 K&R 0 aliases 0 abs 0 kept 1
10:33:47   src/ov_SC02_011/ov_SC02_011_jr_80178D40.c: IDENTICAL · rows 14 · compiles 16 · 2.2 s · canon 13 promoted 0 K&R 0 aliases 0 abs 0 kept 1
10:33:47     unit 6: COMPILE-ERROR src/ov_SC02_017/ov_SC02_017_jr_80178D40.c:1711: parse error before `*' | src/ov_SC02_017/ov_SC02_017_jr_80178D40.c:1867: parse error before 
10:33:47   src/ov_SC02_000/ov_SC02_000_jr_8017FB24.c: IDENTICAL · rows 13 · compiles 30 · 2.7 s · canon 12 promoted 0 K&R 0 aliases 0 abs 0 kept 1
10:33:47     unit 5: COMPILE-ERROR src/ov_SC02_017/ov_SC02_017_jr_8017AE2C.c:1707: parse error before `*' | src/ov_SC02_017/ov_SC02_017_jr_8017AE2C.c:1862: parse error before 
10:33:48   src/ov_SC02_000/ov_SC02_000_jr_80181698.c: IDENTICAL · rows 14 · compiles 32 · 3.0 s · canon 13 promoted 0 K&R 0 aliases 0 abs 0 kept 1
10:33:48     unit 6: COMPILE-ERROR src/ov_SC03_006/ov_SC03_006_jr_80178D40.c:1711: parse error before `*' | src/ov_SC03_006/ov_SC03_006_jr_80178D40.c:1867: parse error before 
10:33:48   src/ov_SC02_016/ov_SC02_016_jr_8017AE2C.c: IDENTICAL · rows 14 · compiles 16 · 2.5 s · canon 13 promoted 0 K&R 0 aliases 0 abs 0 kept 1
10:33:48     unit 5: COMPILE-ERROR src/ov_SC03_011/ov_SC03_011_jr_8017AE2C.c:1711: parse error before `*' | src/ov_SC03_011/ov_SC03_011_jr_8017AE2C.c:1867: parse error before 
10:33:48     unit 5: COMPILE-ERROR src/ov_SC02_039/ov_SC02_039_jr_8017BEBC.c:1713: parse error before `*' | src/ov_SC02_039/ov_SC02_039_jr_8017BEBC.c:1869: parse error before 
10:33:48     unit 5: COMPILE-ERROR src/ov_SC03_010/ov_SC03_010_jr_8017AE2C.c:1711: parse error before `*' | src/ov_SC03_010/ov_SC03_010_jr_8017AE2C.c:1867: parse error before 
10:33:49   src/ov_SC02_000/ov_SC02_000_jr_8017EA84.c: IDENTICAL · rows 13 · compiles 30 · 3.7 s · canon 12 promoted 0 K&R 0 aliases 0 abs 0 kept 1
10:33:49     unit 5: COMPILE-ERROR src/ov_SC03_013/ov_SC03_013_jr_8017AE2C.c:1711: parse error before `*' | src/ov_SC03_013/ov_SC03_013_jr_8017AE2C.c:1867: parse error before 
10:33:49   src/ov_SC02_017/ov_SC02_017_jr_80178D40.c: IDENTICAL · rows 14 · compiles 16 · 2.3 s · canon 13 promoted 0 K&R 0 aliases 0 abs 0 kept 1
10:33:49   src/ov_SC01_005/ov_SC01_005_jr_8017C340.c: IDENTICAL · rows 14 · compiles 32 · 5.3 s · canon 13 promoted 0 K&R 0 aliases 0 abs 0 kept 1
10:33:50   src/ov_SC02_017/ov_SC02_017_jr_8017AE2C.c: IDENTICAL · rows 14 · compiles 16 · 2.6 s · canon 13 promoted 0 K&R 0 aliases 0 abs 0 kept 1
10:33:50   src/ov_SC03_006/ov_SC03_006_jr_80178D40.c: IDENTICAL · rows 14 · compiles 16 · 2.1 s · canon 13 promoted 0 K&R 0 aliases 0 abs 0 kept 1
10:33:50     unit 13: COMPILE-ERROR src/ov_SC03_011/../shared/ov/func_8017C214.h:4: too few arguments to function `func_8017C234' | src/ov_SC03_011/ov_SC03_011_jr_8017AE2C.c: A
10:33:50     unit 6: COMPILE-ERROR src/ov_SC03_029/ov_SC03_029_jr_80178D40.c:1711: parse error before `*' | src/ov_SC03_029/ov_SC03_029_jr_80178D40.c:1867: parse error before 
10:33:50     unit 13: COMPILE-ERROR src/ov_SC03_010/../shared/ov/func_8017C214.h:4: too few arguments to function `func_8017C234' | src/ov_SC03_010/ov_SC03_010_jr_8017AE2C.c: A
10:33:50     unit 14: COMPILE-ERROR src/ov_SC03_011/ov_SC03_011_jr_8017AE2C.c:3463: conflicting types for `D_801A21D0' | src/ov_SC03_011/ov_SC03_011_jr_8017AE2C.c:3462: previou
10:33:50     unit 5: COMPILE-ERROR src/ov_SC03_091/ov_SC03_091_jr_8018C434.c:1709: parse error before `*' | src/ov_SC03_091/ov_SC03_091_jr_8018C434.c:1865: parse error before 
10:33:50     unit 5: COMPILE-ERROR src/ov_SC03_091/ov_SC03_091_jr_80182268.c:1713: parse error before `*' | src/ov_SC03_091/ov_SC03_091_jr_80182268.c:1869: parse error before 
10:33:51     unit 13: COMPILE-ERROR src/ov_SC03_013/../shared/ov/func_8017C214.h:4: too few arguments to function `func_8017C234' | src/ov_SC03_013/ov_SC03_013_jr_8017AE2C.c: A
10:33:51   src/ov_SC03_011/ov_SC03_011_jr_8017AE2C.c: IDENTICAL · rows 15 · compiles 17 · 2.3 s · canon 12 promoted 0 K&R 1 aliases 0 abs 0 kept 3
10:33:51     unit 5: COMPILE-ERROR src/ov_SC03_031/ov_SC03_031_jr_8017AE2C.c:1707: parse error before `*' | src/ov_SC03_031/ov_SC03_031_jr_8017AE2C.c:1862: parse error before 
10:33:51     unit 14: COMPILE-ERROR src/ov_SC03_010/ov_SC03_010_jr_8017AE2C.c:3459: conflicting types for `D_8019FF38' | src/ov_SC03_010/ov_SC03_010_jr_8017AE2C.c:3458: previou
10:33:51   src/ov_SC02_039/ov_SC02_039_jr_8017BEBC.c: IDENTICAL · rows 14 · compiles 16 · 2.9 s · canon 13 promoted 0 K&R 0 aliases 0 abs 0 kept 1
10:33:51     unit 6: COMPILE-ERROR src/ov_SC03_014/ov_SC03_014_jr_80178D40.c:1711: parse error before `*' | src/ov_SC03_014/ov_SC03_014_jr_80178D40.c:1867: parse error before 
10:33:51     unit 14: COMPILE-ERROR src/ov_SC03_013/ov_SC03_013_jr_8017AE2C.c:3461: conflicting types for `D_801AD2C0' | src/ov_SC03_013/ov_SC03_013_jr_8017AE2C.c:3460: previou
10:33:51   src/ov_SC03_010/ov_SC03_010_jr_8017AE2C.c: IDENTICAL · rows 15 · compiles 17 · 2.5 s · canon 12 promoted 0 K&R 1 aliases 0 abs 0 kept 3
10:33:52   src/ov_SC03_013/ov_SC03_013_jr_8017AE2C.c: IDENTICAL · rows 15 · compiles 17 · 2.6 s · canon 12 promoted 0 K&R 1 aliases 0 abs 0 kept 3
10:33:52     unit 5: COMPILE-ERROR src/ov_SC03_094/ov_SC03_094_jr_801873D8.c:1696: parse error before `*' | src/ov_SC03_094/ov_SC03_094_jr_801873D8.c:1851: parse error before 
10:33:52     unit 5: COMPILE-ERROR src/ov_SC03_094/ov_SC03_094_jr_8018501C.c:1696: parse error before `*' | src/ov_SC03_094/ov_SC03_094_jr_8018501C.c:1851: parse error before 
10:33:52     unit 5: COMPILE-ERROR src/ov_SC03_014/ov_SC03_014_jr_8017AE2C.c:1710: parse error before `*' | src/ov_SC03_014/ov_SC03_014_jr_8017AE2C.c:1866: parse error before 
10:33:52   src/ov_SC03_091/ov_SC03_091_jr_8018C434.c: IDENTICAL · rows 14 · compiles 16 · 1.4 s · canon 12 promoted 0 K&R 0 aliases 1 abs 0 kept 1
10:33:52     unit 5: COMPILE-ERROR src/ov_SC03_096/ov_SC03_096_jr_801805B8.c:1701: parse error before `*' | src/ov_SC03_096/ov_SC03_096_jr_801805B8.c:1856: parse error before 
10:33:53   src/ov_SC03_029/ov_SC03_029_jr_80178D40.c: IDENTICAL · rows 14 · compiles 16 · 2.1 s · canon 13 promoted 0 K&R 0 aliases 0 abs 0 kept 1
10:33:53   src/ov_SC03_091/ov_SC03_091_jr_80182268.c: IDENTICAL · rows 14 · compiles 16 · 1.7 s · canon 13 promoted 0 K&R 0 aliases 0 abs 0 kept 1
10:33:53     unit 5: COMPILE-ERROR src/ov_SC03_098/ov_SC03_098_jr_80184E24.c:1699: parse error before `*' | src/ov_SC03_098/ov_SC03_098_jr_80184E24.c:1854: parse error before 
10:33:53   src/ov_SC03_031/ov_SC03_031_jr_8017AE2C.c: IDENTICAL · rows 13 · compiles 15 · 2.4 s · canon 12 promoted 0 K&R 0 aliases 0 abs 0 kept 1
10:33:54   src/ov_SC03_094/ov_SC03_094_jr_801873D8.c: IDENTICAL · rows 14 · compiles 16 · 1.6 s · canon 12 promoted 0 K&R 0 aliases 1 abs 0 kept 1
10:33:54     unit 5: COMPILE-ERROR src/ov_SC03_121/ov_SC03_121_jr_8017DF2C.c:1707: parse error before `*' | src/ov_SC03_121/ov_SC03_121_jr_8017DF2C.c:1863: parse error before 
10:33:54   src/ov_SC03_096/ov_SC03_096_jr_801805B8.c: IDENTICAL · rows 14 · compiles 16 · 1.4 s · canon 12 promoted 0 K&R 0 aliases 1 abs 0 kept 1
10:33:54     unit 5: COMPILE-ERROR src/ov_SC03_111/ov_SC03_111_jr_8017AE2C.c:1704: parse error before `*' | src/ov_SC03_111/ov_SC03_111_jr_8017AE2C.c:1859: parse error before 
10:33:54   src/ov_SC03_098/ov_SC03_098_jr_80184E24.c: IDENTICAL · rows 14 · compiles 16 · 1.6 s · canon 12 promoted 0 K&R 0 aliases 1 abs 0 kept 1
10:33:54   src/ov_SC03_014/ov_SC03_014_jr_80178D40.c: IDENTICAL · rows 14 · compiles 32 · 4.4 s · canon 13 promoted 0 K&R 0 aliases 0 abs 0 kept 1
10:33:55     unit 5: COMPILE-ERROR src/ov_SC03_098/ov_SC03_098_jr_8017D898.c:1706: parse error before `*' | src/ov_SC03_098/ov_SC03_098_jr_8017D898.c:1861: parse error before 
10:33:55     unit 13: DIFFERS [build/src/ov_SC03_094/ov_SC03_094_jr_8018501C.o]
10:33:55   src/ov_SC04_018/ov_SC04_018_jr_8017AE2C.c: UNCHANGED · rows 0 · compiles 0 · 0.0 s · canon 0 promoted 0 K&R 0 aliases 0 abs 0 kept 0
10:33:55     unit 6: COMPILE-ERROR src/ov_SC03_117/ov_SC03_117_jr_80178D40.c:1710: parse error before `*' | src/ov_SC03_117/ov_SC03_117_jr_80178D40.c:1866: parse error before 
10:33:55     unit 5: COMPILE-ERROR src/ov_SC03_126/ov_SC03_126_jr_801789AC.c:1711: parse error before `*' | src/ov_SC03_126/ov_SC03_126_jr_801789AC.c:1868: parse error before 
10:33:55   src/ov_SC03_126/ov_SC03_126_jr_801789AC.c: IDENTICAL · rows 7 · compiles 9 · 0.7 s · canon 6 promoted 0 K&R 0 aliases 0 abs 0 kept 1
10:33:55   src/ov_SC03_121/ov_SC03_121_jr_8017DF2C.c: IDENTICAL · rows 13 · compiles 15 · 1.2 s · canon 12 promoted 0 K&R 0 aliases 0 abs 0 kept 1
10:33:55     unit 5: COMPILE-ERROR src/ov_SC04_008/ov_SC04_008_jr_801789AC.c:1711: parse error before `*' | src/ov_SC04_008/ov_SC04_008_jr_801789AC.c:1868: parse error before 
10:33:56     unit 5: COMPILE-ERROR src/ov_SC04_021/ov_SC04_021_jr_801789AC.c:1711: parse error before `*' | src/ov_SC04_021/ov_SC04_021_jr_801789AC.c:1868: parse error before 
10:33:56   src/ov_SC04_008/ov_SC04_008_jr_801789AC.c: IDENTICAL · rows 9 · compiles 11 · 0.9 s · canon 8 promoted 0 K&R 0 aliases 0 abs 0 kept 1
10:33:56     unit 5: COMPILE-ERROR src/ov_SC03_121/ov_SC03_121_jr_8017E1D0.c:1707: parse error before `*' | src/ov_SC03_121/ov_SC03_121_jr_8017E1D0.c:1863: parse error before 
10:33:56   src/ov_SC05_017/ov_SC05_017_jr_801808D4.c: UNCHANGED · rows 0 · compiles 0 · 0.0 s · canon 0 promoted 0 K&R 0 aliases 0 abs 0 kept 0
10:33:56   src/ov_SC03_094/ov_SC03_094_jr_8018501C.c: IDENTICAL · rows 19 · compiles 21 · 3.2 s · canon 12 promoted 0 K&R 0 aliases 5 abs 0 kept 2
10:33:56   src/ov_SC06_006/ov_SC06_006_jr_8017BEBC.c: UNCHANGED · rows 0 · compiles 0 · 0.0 s · canon 0 promoted 0 K&R 0 aliases 0 abs 0 kept 0
10:33:56     unit 5: COMPILE-ERROR src/ov_SC05_009/ov_SC05_009_jr_801789AC.c:1711: parse error before `*' | src/ov_SC05_009/ov_SC05_009_jr_801789AC.c:1868: parse error before 
10:33:56   src/ov_SC04_021/ov_SC04_021_jr_801789AC.c: IDENTICAL · rows 7 · compiles 9 · 0.9 s · canon 6 promoted 0 K&R 0 aliases 0 abs 0 kept 1
10:33:57     unit 5: COMPILE-ERROR src/ov_SC04_010/ov_SC04_010_jr_8017BEBC.c:1708: parse error before `*' | src/ov_SC04_010/ov_SC04_010_jr_8017BEBC.c:1864: parse error before 
10:33:57   src/ov_SC03_117/ov_SC03_117_jr_80178D40.c: IDENTICAL · rows 14 · compiles 16 · 2.1 s · canon 13 promoted 0 K&R 0 aliases 0 abs 0 kept 1
10:33:57   src/ov_SC03_111/ov_SC03_111_jr_8017AE2C.c: IDENTICAL · rows 14 · compiles 16 · 3.1 s · canon 12 promoted 0 K&R 0 aliases 1 abs 0 kept 1
10:33:57   src/ov_SC05_009/ov_SC05_009_jr_801789AC.c: IDENTICAL · rows 9 · compiles 11 · 1.2 s · canon 8 promoted 0 K&R 0 aliases 0 abs 0 kept 1
10:33:58   src/ov_SC03_014/ov_SC03_014_jr_8017AE2C.c: IDENTICAL · rows 14 · compiles 32 · 6.3 s · canon 13 promoted 0 K&R 0 aliases 0 abs 0 kept 1
10:33:58     unit 5: COMPILE-ERROR src/ov_SC03_118/ov_SC03_118_jr_8017AE2C.c:1703: parse error before `*' | src/ov_SC03_118/ov_SC03_118_jr_8017AE2C.c:1859: parse error before 
10:33:58     unit 5: COMPILE-ERROR src/ov_SC05_019/ov_SC05_019_jr_801789AC.c:1711: parse error before `*' | src/ov_SC05_019/ov_SC05_019_jr_801789AC.c:1868: parse error before 
10:33:58     unit 5: COMPILE-ERROR src/ov_SC05_010/ov_SC05_010_jr_80181CDC.c:1702: parse error before `*' | src/ov_SC05_010/ov_SC05_010_jr_80181CDC.c:1858: parse error before 
10:33:58   src/ov_SC05_019/ov_SC05_019_jr_801789AC.c: IDENTICAL · rows 7 · compiles 9 · 0.9 s · canon 6 promoted 0 K&R 0 aliases 0 abs 0 kept 1
10:33:58     unit 13: DIFFERS [build/src/ov_SC03_098/ov_SC03_098_jr_8017D898.o]
10:33:59     unit 6: COMPILE-ERROR src/ov_SC06_029/ov_SC06_029_jr_80178D40.c:1710: parse error before `*' | src/ov_SC06_029/ov_SC06_029_jr_80178D40.c:1866: parse error before 
10:33:59   src/ov_SC04_010/ov_SC04_010_jr_8017BEBC.c: IDENTICAL · rows 14 · compiles 16 · 2.1 s · canon 13 promoted 0 K&R 0 aliases 0 abs 0 kept 1
10:33:59     unit 6: COMPILE-ERROR src/ov_SC06_030/ov_SC06_030_jr_80178D40.c:1710: parse error before `*' | src/ov_SC06_030/ov_SC06_030_jr_80178D40.c:1866: parse error before 
10:33:59     unit 5: COMPILE-ERROR src/ov_SC06_030/ov_SC06_030_jr_8017C8D0.c:1712: parse error before `*' | src/ov_SC06_030/ov_SC06_030_jr_8017C8D0.c:1866: parse error before 
10:33:59   src/ov_SC03_121/ov_SC03_121_jr_8017E1D0.c: IDENTICAL · rows 14 · compiles 16 · 3.2 s · canon 12 promoted 0 K&R 0 aliases 1 abs 0 kept 1
10:33:59   src/ov_SC05_010/ov_SC05_010_jr_80181CDC.c: IDENTICAL · rows 13 · compiles 15 · 2.3 s · canon 12 promoted 0 K&R 0 aliases 0 abs 0 kept 1
10:34:00   src/ov_SC06_030/ov_SC06_030_jr_80178D40.c: IDENTICAL · rows 14 · compiles 16 · 1.7 s · canon 13 promoted 0 K&R 0 aliases 0 abs 0 kept 1
10:34:00   src/ov_SC06_029/ov_SC06_029_jr_80178D40.c: IDENTICAL · rows 14 · compiles 16 · 1.9 s · canon 13 promoted 0 K&R 0 aliases 0 abs 0 kept 1
10:34:00     unit 19: COMPILE-ERROR src/ov_SC07_006/ov_SC07_006_jr_8015444C.c:1104: conflicting types for `D_80126BE0' | src/ov_SC07_006/ov_SC07_006_jr_8015444C.c:1102: previou
10:34:00     unit 20: COMPILE-ERROR src/ov_SC07_006/ov_SC07_006_jr_8015444C.c:549: conflicting types for `D_800B9A02' | src/ov_SC07_006/ov_SC07_006_jr_8015444C.c:540: previous 
10:34:00   src/ov_SC03_098/ov_SC03_098_jr_8017D898.c: IDENTICAL · rows 19 · compiles 21 · 5.9 s · canon 12 promoted 0 K&R 0 aliases 5 abs 0 kept 2
10:34:00   src/ov_SC06_030/ov_SC06_030_jr_8017C8D0.c: IDENTICAL · rows 13 · compiles 15 · 2.3 s · canon 12 promoted 0 K&R 0 aliases 0 abs 0 kept 1
10:34:00   src/ov_SC07_006/ov_SC07_006_jr_8015444C.c: IDENTICAL · rows 21 · compiles 23 · 1.8 s · canon 19 promoted 0 K&R 0 aliases 0 abs 0 kept 2
10:34:01     unit 14: COMPILE-ERROR src/ov_SC07_006/ov_SC07_006_jr_80154C24.c:566: conflicting types for `D_800B9A02' | src/ov_SC07_006/ov_SC07_006_jr_80154C24.c:556: previous 
10:34:01   src/ov_SC07_006/ov_SC07_006_jr_80154C24.c: IDENTICAL · rows 15 · compiles 17 · 2.6 s · canon 14 promoted 0 K&R 0 aliases 0 abs 0 kept 1
10:34:01   src/ov_SC03_118/ov_SC03_118_jr_8017AE2C.c: IDENTICAL · rows 14 · compiles 32 · 6.0 s · canon 13 promoted 0 K&R 0 aliases 0 abs 0 kept 1
10:34:01 restruct: batch t4_D3 rung D — 300 files (TUs; 3878 drawable) · 3441 declaration units: 2948 canonical / 0 promoted / 24 K&R marked / 61 aliases typed / 3 __builtin_abs → abs / 261 kept · compiles 3981 in 100 s wall · final 300/300 identical · written 220 files
t4_D3 wall=276.78 s
exit=0
