restruct --plan D: 300 of 3877 TUs with lying declarations · 11885 callees
14:19:01 apply t4_D21 rung D: 300 files, control src/ov_SC03_124/ov_SC03_124_jr_80188544.c IDENTICAL (0.08 s), calibration f2b58011e
Traceback (most recent call last):
  File "/home/musashi/bfm-decomp/tools/restruct.py", line 2523, in apply_batch
    results = list(ex.map(one, plan))
              ^^^^^^^^^^^^^^^^^^^^^^^
  File "/usr/lib/python3.12/concurrent/futures/_base.py", line 619, in result_iterator
    yield _result_or_cancel(fs.pop())
          ^^^^^^^^^^^^^^^^^^^^^^^^^^^
  File "/usr/lib/python3.12/concurrent/futures/_base.py", line 317, in _result_or_cancel
    return fut.result(timeout)
           ^^^^^^^^^^^^^^^^^^^
  File "/usr/lib/python3.12/concurrent/futures/_base.py", line 451, in result
    self._condition.wait(timeout)
  File "/usr/lib/python3.12/threading.py", line 355, in wait
    waiter.acquire()
KeyboardInterrupt

During handling of the above exception, another exception occurred:

Traceback (most recent call last):
  File "/home/musashi/bfm-decomp/tools/restruct.py", line 3623, in <module>
    main()
  File "/home/musashi/bfm-decomp/tools/restruct.py", line 3588, in main
    sys.exit(apply_batch(a))
             ^^^^^^^^^^^^^^
  File "/home/musashi/bfm-decomp/tools/restruct.py", line 2522, in apply_batch
    with ThreadPoolExecutor(max_workers=a.jobs) as ex:
  File "/usr/lib/python3.12/concurrent/futures/_base.py", line 647, in __exit__
    self.shutdown(wait=True)
  File "/usr/lib/python3.12/concurrent/futures/thread.py", line 238, in shutdown
    t.join()
  File "/usr/lib/python3.12/threading.py", line 1147, in join
    self._wait_for_tstate_lock()
  File "/usr/lib/python3.12/threading.py", line 1167, in _wait_for_tstate_lock
    if lock.acquire(block, timeout):
       ^^^^^^^^^^^^^^^^^^^^^^^^^^^^
KeyboardInterrupt
Exception ignored in: <module 'threading' from '/usr/lib/python3.12/threading.py'>
Traceback (most recent call last):
  File "/usr/lib/python3.12/threading.py", line 1592, in _shutdown
    atexit_call()
  File "/usr/lib/python3.12/concurrent/futures/thread.py", line 31, in _python_exit
    t.join()
  File "/usr/lib/python3.12/threading.py", line 1147, in join
    self._wait_for_tstate_lock()
  File "/usr/lib/python3.12/threading.py", line 1167, in _wait_for_tstate_lock
    if lock.acquire(block, timeout):
       ^^^^^^^^^^^^^^^^^^^^^^^^^^^^
KeyboardInterrupt: 
Command terminated by signal 2
t4_D21 wall=104.90 s
