restruct --apply: src/ is dirty — commit, or `tools/restruct.py --restore` if a batch is in flight (R42/R102):
 M src/ov_MAIN_012/ov_MAIN_012.c
 M src/ov_MAIN_012/ov_MAIN_012_jr_80131340.c
 M src/ov_MAIN_012/ov_MAIN_012_jr_80135A4C.c
 M src/ov_MAIN_012/ov_MAIN_012_jr_80135EB0.c
 M src/ov_MAIN_012/ov_MAIN_012_jr_801380E0.c
 M src/ov_MAIN_012/ov_MAIN_01212:46:35 unalias aF80131CA8: src/shared/ov/func_8012F68C.h — arity: its declaration (and the in-scope headers it includes) stays `()`, a K&R site, marked; re-judging
12:46:46 unalias aF80131CA8: src/shared/ov/func_8012F75C.h — arity: its declaration (and the in-scope headers it includes) stays `()`, a K&R site, marked; re-judging
12:46:58 unalias aF80131CA8: src/shared/ov/func_8012F7B4.h — arity: its declaration (and the in-scope headers it includes) stays `()`, a K&R site, marked; re-judging
12:47:09 unalias aF80131CA8: src/ov_MAIN_012/ov_MAIN_012.c — arity: its declaration (and the in-scope headers it includes) stays `()`, a K&R site, marked; re-judging
12:47:21 unalias aF80131CA8: src/ov_MAIN_012/ov_MAIN_012_jr_80131340.c — arity: its declaration (and the in-scope headers it includes) stays `()`, a K&R site, marked; re-judging
12:47:32 unalias aF80131CA8: src/shared/ov/func_80131E38.h — arity: its declaration (and the in-scope headers it includes) stays `()`, a K&R site, marked; re-judging
12:47:43 unalias aF80131CA8: COMPILE-ERROR src/ov_MAIN_012/../shared/ov/func_80131E38.h:10: too many arguments to function `func_80131CA8'
src/ov_MAIN_012/../shared/ov/func_80131E7C.h:14: too many arguments to function `func_80131CA8'
src/ov_MAIN_012/../shared/ov/func_80131AC8.h: At top level:
src/ov_MAIN_012/ov_MAIN_012_jr_80131340.c: At to — nothing written
Traceback (most recent call last):
  File "/home/musashi/bfm-decomp/tools/restruct.py", line 3535, in <module>
    main()
  File "/home/musashi/bfm-decomp/tools/restruct.py", line 3500, in main
    sys.exit(apply_batch(a))
             ^^^^^^^^^^^^^^
  File "/home/musashi/bfm-decomp/tools/restruct.py", line 2365, in apply_batch
    rows_, v, written = unalias_function(nm, a.label, calib_id, log, pool=pool)
                        ^^^^^^^^^^^^^^^^^^^^^^^^^^^^^^^^^^^^^^^^^^^^^^^^^^^^^^^
  File "/home/musashi/bfm-decomp/tools/restruct.py", line 1865, in unalias_function
    if re.search(r"(?<![\w.])" + re.escape(aname) + r"\b", t):
       ^^^^^^^^^^^^^^^^^^^^^^^^^^^^^^^^^^^^^^^^^^^^^^^^^^^^^^
  File "/usr/lib/python3.12/re/__init__.py", line 177, in search
    return _compile(pattern, flags).search(string)
           ^^^^^^^^^^^^^^^^^^^^^^^^^^^^^^^^^^^^^^^
KeyboardInterrupt
unalias exit=$?
