12:48:37 unalias aF80131CA8 -> func_80131CA8: `s32 func_80131CA8(int a0)` defined in src/shared/ov/func_80131CA8.h; 235 files (191 alias prototypes, 696 real-name declarations, 0 renames)
12:48:46 unalias aF80131CA8: src/shared/ov/func_8012F5F4.h — arity: its declaration (and the in-scope headers it includes) stays `()`, a K&R site, marked; re-judging
12:48:57 unalias aF80131CA8: a second arity caller (src/shared/ov/func_8012F68C.h) — every declaration of the unit goes `()` (K&R, marked); re-judging
12:49:09 unalias aF80131CA8: a second arity caller (src/shared/ov/func_80131E38.h) — every declaration of the unit goes `()` (K&R, marked); re-judging
12:49:22 unalias aF80131CA8: COMPILE-ERROR src/ov_MAIN_012/../shared/ov/func_80131E38.h:10: too many arguments to function `func_80131CA8'
src/ov_MAIN_012/../shared/ov/func_80131E7C.h:14: too many arguments to function `func_80131CA8'
src/ov_MAIN_012/../shared/ov/func_80131AC8.h: At top level:
src/ov_MAIN_012/ov_MAIN_012_jr_80131340.c: At to — nothing written
12:49:36 unalias aF80131CF4 -> func_80131CF4: `s32 func_80131CF4(s32 *a0, s32 a1)` defined in src/shared/ov/func_80131CF4.h; 196 files (55 alias prototypes, 452 real-name declarations, 0 renames)
12:49:45 unalias aF80131CF4: src/shared/ov/func_80131AC8.h — arity: its declaration (and the in-scope headers it includes) stays `()`, a K&R site, marked; re-judging
12:49:56 unalias aF80131CF4: a second arity caller (src/shared/ov/func_80131CA8.h) — every declaration of the unit goes `()` (K&R, marked); re-judging
12:50:04 unalias aF80131CF4: IDENTICAL on every recipe (195 objects, 51.1 s) — 196 files written
12:50:16 unalias aF801376E8: src/shared/ov/func_801376C8.h declares func_801376E8 for non-member binaries ['ov_MAIN_012', 'ov_SC01_000', 'ov_SC01_001', 'ov_SC01_004'] — its declaration is hoisted into 136 includers
12:50:17 unalias aF801376E8 -> func_801376E8: `void * func_801376E8(int a0, int a1)` defined in src/ov_SC07_006/ov_SC07_006_jr_80135D20.c; 190 files (54 alias prototypes, 64 real-name declarations, 1 renames)
12:50:21 unalias aF801376E8: src/shared/ov/func_801376E8.h declares func_801376E8 another way — joining the unit (canonical); re-judging
12:50:26 unalias aF801376E8: COMPILE-ERROR src/ov_MAIN_012/../shared/ov/func_801376E8.h:3: conflicting types for `func_801376E8'
src/ov_MAIN_012/ov_MAIN_012_jr_80135EB0.c:1223: previous declaration of `func_801376E8'
src/ov_MAIN_012/../shared/ov/func_801376E8.h: At top level: [build/src/ov_MAIN_012/ov_MAIN_012_jr_80135EB0.o] — nothing written
12:50:40 unalias aF801412A8 -> func_801412A8: `Prim_1412A8 * func_801412A8(Prim_1412A8 *out, int a1, int a2, int a3, u16 a4, u16 a5)` defined in src/shared/ov/func_801412A8.h; 173 files (37 alias prototypes, 172 real-name declarations, 0 renames)
12:50:43 unalias aF801412A8: DIFFERS under the exact types (Prim_1412A8 *out, int a1, int a2, int a3, u16 a4, u16 a5) — the definition has narrow parameters: trying the K&R-style definition + promoted prototypes (Prim_1412A8 *out, int a1, int a2, int a3, s32 a4, s32 a5)
12:50:47 unalias aF801412A8: IDENTICAL on every recipe (177 objects, 26.7 s) — 173 files written
12:51:10 unalias aF80146A6C -> func_80146A6C: `void func_80146A6C(s16 a0, s32 a1, s16 a2, s16 a3, u16 a4, s32 a5, s32 a6)` defined in src/shared/ov/func_80146A6C.h; 643 files (170 alias prototypes, 1573 real-name declarations, 0 renames)
12:51:39 unalias aF80146A6C: DIFFERS under the exact types (s16 a0, s32 a1, s16 a2, s16 a3, u16 a4, s32 a5, s32 a6) — the definition has narrow parameters: trying the K&R-style definition + promoted prototypes (s32 a0, s32 a1, s32 a2, s32 a3, s32 a4, s32 a5, s32 a6)
12:52:17 unalias aF80146A6C: src/ov_MAIN_012/ov_MAIN_012_jr_801458E0.c — differs: its declaration (and the in-scope headers it includes) stays `()`, a K&R site, marked; re-judging
12:52:54 unalias aF80146A6C: DIFFERS [build/src/ov_MAIN_012/ov_MAIN_012_jr_801458E0.o] — nothing written
12:53:11 unalias aF8014C4AC -> func_8014C4AC: `s32 func_8014C4AC(s32 a0, s32 a1, s32 a2, s16 *a3, int a4)` defined in src/shared/ov/func_8014C4AC.h; 447 files (170 alias prototypes, 444 real-name declarations, 3 renames)
12:53:24 unalias aF8014C4AC: src/ov_MAIN_012/ov_MAIN_012_jr_801458E0.c — differs: its declaration (and the in-scope headers it includes) stays `()`, a K&R site, marked; re-judging
12:53:43 unalias aF8014C4AC: DIFFERS [build/src/ov_MAIN_012/ov_MAIN_012_jr_801458E0.o] — nothing written
12:53:56 unalias aF8014F6F4: src/shared/ov/func_80181538__27797037.h declares func_8014F6F4 for non-member binaries ['ov_SC02_000'] — its declaration is hoisted into 1 includers
12:53:56 unalias aF8014F6F4: src/shared/ov/func_8014F3E8.h declares func_8014F6F4 for non-member binaries ['ov_MAIN_012', 'ov_SC01_000', 'ov_SC01_001', 'ov_SC01_004'] — its declaration is hoisted into 136 includers
12:53:56 unalias aF8014F6F4: src/shared/ov/func_801808C4__088fcd06.h declares func_8014F6F4 for non-member binaries ['ov_SC02_000'] — its declaration is hoisted into 1 includers
12:53:57 unalias aF8014F6F4 -> func_8014F6F4: `void func_8014F6F4(void)` defined in src/ov_SC07_006/ov_SC07_006_jr_801457A4.c; 141 files (1 alias prototypes, 0 real-name declarations, 0 renames)
12:54:05 unalias aF8014F6F4: src/ov_MAIN_012/ov_MAIN_012_jr_801458E0.c — differs: its declaration (and the in-scope headers it includes) stays `()`, a K&R site, marked; re-judging
12:54:14 unalias aF8014F6F4: DIFFERS [build/src/ov_MAIN_012/ov_MAIN_012_jr_801458E0.o] — nothing written
12:54:26 unalias aF80150480: src/shared/ov/func_80181538__27797037.h declares func_80150480 for non-member binaries ['ov_SC02_000'] — its declaration is hoisted into 1 includers
12:54:27 unalias aF80150480: src/shared/ov/func_80150C48.h declares func_80150480 for non-member binaries ['ov_MAIN_012', 'ov_SC01_000', 'ov_SC01_001', 'ov_SC01_004'] — its declaration is hoisted into 136 includers
12:54:27 unalias aF80150480: src/shared/ov/func_801808C4__088fcd06.h declares func_80150480 for non-member binaries ['ov_SC02_000'] — its declaration is hoisted into 1 includers
12:54:28 unalias aF80150480 -> func_80150480: `void func_80150480(void)` defined in src/ov_SC07_006/ov_SC07_006_jr_801457A4.c; 141 files (1 alias prototypes, 0 real-name declarations, 0 renames)
12:54:33 unalias aF80150480: src/ov_SC07_006/ov_SC07_006_jr_801457A4.c declares func_80150480 another way — joining the unit (canonical); re-judging
12:54:39 unalias aF80150480: COMPILE-ERROR       | ^
src/ov_SC07_006/ov_SC07_006_jr_801457A4.c:4177: conflicting types for `func_80150480'
src/ov_SC07_006/ov_SC07_006_jr_801457A4.c:3945: previous declaration of `func_80150480'
{standard input}: Assembler messages:
src/ov_SC07_006/../shared/ov/func_80146128.h: At top level:
src/ov_SC07_006/.. — nothing written
12:54:51 unalias aF801506A4: src/shared/ov/func_80163764.h declares func_801506A4 for non-member binaries ['ov_MAIN_012', 'ov_SC01_000', 'ov_SC01_001', 'ov_SC01_004'] — its declaration is hoisted into 136 includers
12:54:51 unalias aF801506A4: src/shared/ov/func_80181538__27797037.h declares func_801506A4 for non-member binaries ['ov_SC02_000'] — its declaration is hoisted into 1 includers
12:54:51 unalias aF801506A4: src/shared/ov/func_801808C4__088fcd06.h declares func_801506A4 for non-member binaries ['ov_SC02_000'] — its declaration is hoisted into 1 includers
12:54:51 unalias aF801506A4: src/shared/ov/func_801505FC.h declares func_801506A4 for non-member binaries ['ov_MAIN_012', 'ov_SC01_000', 'ov_SC01_001', 'ov_SC01_004'] — its declaration is hoisted into 136 includers
12:54:53 unalias aF801506A4 -> func_801506A4: `s32 func_801506A4(s32 arg0, s32 arg1)` defined in src/ov_SC07_010/ov_SC07_010_jr_801457A4.c; 143 files (1 alias prototypes, 1 real-name declarations, 0 renames)
12:55:02 unalias aF801506A4: IDENTICAL on every recipe (286 objects, 106.9 s) — 143 files written
12:55:19 unalias aF80161208 -> func_80161208: `void func_80161208(void *a0)` defined in src/shared/ov/func_80161208.h; 171 files (152 alias prototypes, 2518 real-name declarations, 0 renames)
12:55:32 unalias aF80161208: src/shared/ov/func_8015E288.h — arity: its declaration (and the in-scope headers it includes) stays `()`, a K&R site, marked; re-judging
12:55:49 unalias aF80161208: COMPILE-ERROR src/ov_MAIN_012/ov_MAIN_012_jr_8015A3C8.c:4061: void value not ignored as it ought to be
src/ov_MAIN_012/../shared/ov/func_8015E288.h:15: too few arguments to function `func_80161208'
src/ov_MAIN_012/../shared/ov/func_8015E288.h:15: void value not ignored as it ought to be
src/ov_MAIN_012/ov_MAIN_01 — nothing written
12:56:01 unalias aF80161CD0: src/shared/ov/func_80181538__27797037.h declares func_80161CD0 for non-member binaries ['ov_SC02_000'] — its declaration is hoisted into 1 includers
12:56:01 unalias aF80161CD0: src/shared/ov/func_801808C4__088fcd06.h declares func_80161CD0 for non-member binaries ['ov_SC02_000'] — its declaration is hoisted into 1 includers
12:56:04 unalias aF80161CD0 -> func_80161CD0: `void func_80161CD0(int param_1, unsigned int param_2)` defined in src/ov_MAIN_012/ov_MAIN_012_jr_8015A3C8.c; 157 files (153 alias prototypes, 152 real-name declarations, 132 renames)
12:56:09 unalias aF80161CD0: IDENTICAL on every recipe (160 objects, 55.8 s) — 157 files written
12:56:25 unalias aF80162CCC -> func_80162CCC: `void func_80162CCC(u8 *a0)` defined in src/shared/ov/func_80162CCC.h; 145 files (134 alias prototypes, 153 real-name declarations, 0 renames)
12:56:39 unalias aF80162CCC: src/shared/ov/func_80164DB0.h — arity: its declaration (and the in-scope headers it includes) stays `()`, a K&R site, marked; re-judging
12:56:57 unalias aF80162CCC: COMPILE-ERROR src/ov_MAIN_012/../shared/ov/func_80164DB0.h:5: too few arguments to function `func_80162CCC'
src/ov_MAIN_012/../shared/ov/func_801650C4.h:10: too few arguments to function `func_80162CCC'
src/ov_MAIN_012/../shared/ov/func_8016345C.h: At top level:
src/ov_MAIN_012/ov_MAIN_012_jr_8015A3C8.c: At top l — nothing written
12:57:08 unalias aF8016BF50: src/shared/ov/func_8016BD78__d6afde15.h declares func_8016BF50 for non-member binaries ['ov_SC03_126', 'ov_SC04_021', 'ov_SC05_019'] — its declaration is hoisted into 3 includers
12:57:08 unalias aF8016BF50: src/shared/ov/func_8016BBE0__5db18f2a.h declares func_8016BF50 for non-member binaries ['ov_SC03_126', 'ov_SC04_021', 'ov_SC05_019'] — its declaration is hoisted into 3 includers
12:57:08 unalias aF8016BF50: src/shared/ov/func_8016BEA0__0a1f8b82.h declares func_8016BF50 for non-member binaries ['ov_SC03_126', 'ov_SC04_021', 'ov_SC05_019'] — its declaration is hoisted into 3 includers
12:57:08 unalias aF8016BF50 -> func_8016BF50: `s32 func_8016BF50(s32 param)` defined in src/ov_SC07_006/ov_SC07_006_jr_8016AE5C.c; 10 files (4 alias prototypes, 12 real-name declarations, 3 renames)
12:57:09 unalias aF8016BF50: src/shared/ov/func_8016BCC0__04061c8b.h — arity: its declaration (and the in-scope headers it includes) stays `()`, a K&R site, marked; re-judging
12:57:09 unalias aF8016BF50: COMPILE-ERROR src/ov_SC03_126/../shared/ov/func_8016BCC0__04061c8b.h:9: too few arguments to function `func_8016BF50'
src/ov_SC03_126/ov_SC03_126_jr_8016AB6C.c:2077: conflicting types for `func_8016BF50'
src/ov_SC03_126/ov_SC03_126_jr_8016AB6C.c:2059: previous declaration of `func_8016BF50'
src/ov_SC03_126/../sha — nothing written
12:57:24 unalias aF8016F0E4 -> func_8016F0E4: `void func_8016F0E4(u8 *p)` defined in src/shared/ov/func_8016F0E4.h; 20 files (11 alias prototypes, 19 real-name declarations, 0 renames)
12:57:31 unalias aF8016F0E4: src/shared/ov/func_8016F4C4.h — arity: its declaration (and the in-scope headers it includes) stays `()`, a K&R site, marked; re-judging
12:57:42 unalias aF8016F0E4: COMPILE-ERROR src/ov_MAIN_012/../shared/ov/func_8016F4C4.h:7: too few arguments to function `func_8016F0E4'
src/ov_MAIN_012/ov_MAIN_012_jr_8016AE5C.c: At top level:
src/ov_MAIN_012/../shared/ov/func_8016C83C.h: At top level:
src/ov_MAIN_012/../shared/ov/func_80170B90.h: At top level: [build/src/ov_MAIN_012/ov_MAI — nothing written
12:57:53 unalias aF8017C078 -> func_8017C078: `void func_8017C078(void *a0)` defined in src/ov_SC01_005/ov_SC01_005_jr_8017AE2C.c; 1 files (1 alias prototypes, 0 real-name declarations, 0 renames)
12:57:54 unalias aF8017C078: src/ov_SC01_005/ov_SC01_005_jr_8017AE2C.c declares func_8017C078 another way — joining the unit (canonical); re-judging
12:57:54 unalias aF8017C078: COMPILE-ERROR src/ov_SC01_005/ov_SC01_005_jr_8017AE2C.c:3357: `func_8017C078' redeclared as different kind of symbol
src/ov_SC01_005/ov_SC01_005_jr_8017AE2C.c:3348: previous declaration of `func_8017C078'
src/ov_SC01_005/ov_SC01_005_jr_8017AE2C.c: At top level: [build/src/ov_SC01_005/ov_SC01_005_jr_8017AE2C.o] — nothing written
12:58:05 unalias aF8017C150 -> func_8017C150: `void func_8017C150(void *a0)` defined in src/ov_SC01_005/ov_SC01_005_jr_8017AE2C.c; 1 files (1 alias prototypes, 0 real-name declarations, 0 renames)
12:58:06 unalias aF8017C150: src/ov_SC01_005/ov_SC01_005_jr_8017AE2C.c declares func_8017C150 another way — joining the unit (canonical); re-judging
12:58:06 unalias aF8017C150: COMPILE-ERROR src/ov_SC01_005/ov_SC01_005_jr_8017AE2C.c:3397: `func_8017C150' redeclared as different kind of symbol
src/ov_SC01_005/ov_SC01_005_jr_8017AE2C.c:3388: previous declaration of `func_8017C150'
src/ov_SC01_005/ov_SC01_005_jr_8017AE2C.c: At top level: [build/src/ov_SC01_005/ov_SC01_005_jr_8017AE2C.o] — nothing written
12:58:17 unalias aF8017D8AC -> func_8017D8AC: `void func_8017D8AC(s32 param_1)` defined in src/ov_SC06_015/ov_SC06_015_jr_8017BEBC.c; 1 files (1 alias prototypes, 1 real-name declarations, 0 renames)
12:58:18 unalias aF8017D8AC: src/ov_SC06_015/ov_SC06_015_jr_8017BEBC.c — arity: its declaration (and the in-scope headers it includes) stays `()`, a K&R site, marked; re-judging
12:58:18 unalias aF8017D8AC: COMPILE-ERROR src/ov_SC06_015/ov_SC06_015_jr_8017BEBC.c:3649: too few arguments to function `func_8017D8AC'
src/ov_SC06_015/ov_SC06_015_jr_8017BEBC.c: At top level: [build/src/ov_SC06_015/ov_SC06_015_jr_8017BEBC.o] — nothing written
12:58:30 unalias aF8017D9F0 -> func_8017D9F0: `void func_8017D9F0(s32 param_1)` defined in src/ov_SC06_013/ov_SC06_013_jr_8017BEBC.c; 1 files (1 alias prototypes, 1 real-name declarations, 0 renames)
12:58:30 unalias aF8017D9F0: src/ov_SC06_013/ov_SC06_013_jr_8017BEBC.c — arity: its declaration (and the in-scope headers it includes) stays `()`, a K&R site, marked; re-judging
12:58:30 unalias aF8017D9F0: COMPILE-ERROR src/ov_SC06_013/ov_SC06_013_jr_8017BEBC.c:3767: too few arguments to function `func_8017D9F0' [build/src/ov_SC06_013/ov_SC06_013_jr_8017BEBC.o] — nothing written
12:58:41 unalias aF8017DD50 -> func_8017DD50: `void func_8017DD50(void *a0)` defined in src/ov_SC05_009/ov_SC05_009_jr_8017BEBC.c; 1 files (1 alias prototypes, 0 real-name declarations, 0 renames)
12:58:42 unalias aF8017DD50: src/ov_SC05_009/ov_SC05_009_jr_8017BEBC.c declares func_8017DD50 another way — joining the unit (canonical); re-judging
12:58:42 unalias aF8017DD50: COMPILE-ERROR src/ov_SC05_009/ov_SC05_009_jr_8017BEBC.c:3363: `func_8017DD50' redeclared as different kind of symbol
src/ov_SC05_009/ov_SC05_009_jr_8017BEBC.c:3354: previous declaration of `func_8017DD50'
src/ov_SC05_009/ov_SC05_009_jr_8017BEBC.c: At top level:
src/ov_SC05_009/ov_SC05_009_jr_8017BEBC.c: At top le — nothing written
12:58:53 unalias aF8017DDE0 -> func_8017DDE0: `void func_8017DDE0(void *a0)` defined in src/ov_SC05_007/ov_SC05_007_jr_8017BEBC.c; 1 files (1 alias prototypes, 0 real-name declarations, 0 renames)
12:58:54 unalias aF8017DDE0: src/ov_SC05_007/ov_SC05_007_jr_8017BEBC.c declares func_8017DDE0 another way — joining the unit (canonical); re-judging
12:58:54 unalias aF8017DDE0: COMPILE-ERROR src/ov_SC05_007/ov_SC05_007_jr_8017BEBC.c:3366: `func_8017DDE0' redeclared as different kind of symbol
src/ov_SC05_007/ov_SC05_007_jr_8017BEBC.c:3357: previous declaration of `func_8017DDE0'
src/ov_SC05_007/ov_SC05_007_jr_8017BEBC.c: At top level: [build/src/ov_SC05_007/ov_SC05_007_jr_8017BEBC.o] — nothing written
12:59:06 unalias aF8017E3F0 -> func_8017E3F0: `void func_8017E3F0(s32 param_1)` defined in src/ov_SC03_011/ov_SC03_011_jr_8017C730.c; 6 files (6 alias prototypes, 7 real-name declarations, 1 renames)
12:59:06 unalias aF8017E3F0: src/ov_SC03_011/ov_SC03_011_jr_8017C730.c — arity: its declaration (and the in-scope headers it includes) stays `()`, a K&R site, marked; re-judging
12:59:07 unalias aF8017E3F0: src/ov_SC06_018/ov_SC06_018_jr_8017C24C.c declares func_8017E3F0 another way — joining the unit (canonical); re-judging
12:59:07 unalias aF8017E3F0: COMPILE-ERROR src/ov_SC06_018/ov_SC06_018_jr_8017C24C.c:3584: conflicting types for `func_8017E3F0'
src/ov_SC06_018/ov_SC06_018_jr_8017C24C.c:3539: previous declaration of `func_8017E3F0'
src/ov_SC06_018/ov_SC06_018_jr_8017C24C.c: At top level:
src/ov_SC06_018/ov_SC06_018_jr_8017C24C.c: At top level: [build/src/o — nothing written
12:59:19 unalias aF8017E464 -> func_8017E464: `void func_8017E464(void *a0)` defined in src/ov_SC02_011/ov_SC02_011_jr_8017AE2C.c; 1 files (1 alias prototypes, 0 real-name declarations, 0 renames)
12:59:20 unalias aF8017E464: src/ov_SC02_011/ov_SC02_011_jr_8017AE2C.c declares func_8017E464 another way — joining the unit (canonical); re-judging
12:59:20 unalias aF8017E464: COMPILE-ERROR src/ov_SC02_011/ov_SC02_011_jr_8017AE2C.c:5096: `func_8017E464' redeclared as different kind of symbol
src/ov_SC02_011/ov_SC02_011_jr_8017AE2C.c:5087: previous declaration of `func_8017E464'
src/ov_SC02_011/ov_SC02_011_jr_8017AE2C.c: At top level:
src/ov_SC02_011/ov_SC02_011_jr_8017AE2C.c: At top le — nothing written
12:59:32 unalias aF8017ED54 -> func_8017ED54: `void func_8017ED54(s32 param_1)` defined in src/ov_SC06_014/ov_SC06_014_jr_8017BEBC.c; 1 files (1 alias prototypes, 1 real-name declarations, 0 renames)
12:59:32 unalias aF8017ED54: src/ov_SC06_014/ov_SC06_014_jr_8017BEBC.c — arity: its declaration (and the in-scope headers it includes) stays `()`, a K&R site, marked; re-judging
12:59:32 unalias aF8017ED54: COMPILE-ERROR src/ov_SC06_014/ov_SC06_014_jr_8017BEBC.c:4470: too few arguments to function `func_8017ED54'
src/ov_SC06_014/ov_SC06_014_jr_8017BEBC.c: At top level:
src/ov_SC06_014/ov_SC06_014_jr_8017BEBC.c: At top level: [build/src/ov_SC06_014/ov_SC06_014_jr_8017BEBC.o] — nothing written
12:59:44 unalias aF8017ED80 -> func_8017ED80: `void func_8017ED80(void *param_1)` defined in src/ov_SC06_008/ov_SC06_008_jr_8017C294.c; 13 files (20 alias prototypes, 6 real-name declarations, 7 renames)
12:59:45 unalias aF8017ED80: src/ov_SC06_010/ov_SC06_010_jr_8017A4AC.c — differs: its declaration (and the in-scope headers it includes) stays `()`, a K&R site, marked; re-judging
12:59:45 unalias aF8017ED80: DIFFERS [build/src/ov_SC06_010/ov_SC06_010_jr_8017A4AC.o] — nothing written
12:59:57 unalias aF8017EF54 -> func_8017EF54: `void func_8017EF54(s32 a0)` defined in src/ov_SC06_008/ov_SC06_008_jr_8017C294.c; 9 files (9 alias prototypes, 5 real-name declarations, 5 renames)
12:59:58 unalias aF8017EF54: src/ov_SC06_008/ov_SC06_008_jr_8017C294.c — arity: its declaration (and the in-scope headers it includes) stays `()`, a K&R site, marked; re-judging
12:59:59 unalias aF8017EF54: COMPILE-ERROR src/ov_SC06_008/ov_SC06_008_jr_8017C294.c:4561: too few arguments to function `func_8017EF54'
src/ov_SC06_008/ov_SC06_008_jr_8017C294.c:4587: too few arguments to function `func_8017EF54'
src/ov_SC06_008/ov_SC06_008_jr_8017C294.c: At top level:
src/ov_SC06_008/ov_SC06_008_jr_8017C294.c: At top level — nothing written
13:00:11 unalias aF801804D4 -> func_801804D4: `void func_801804D4(void *a0)` defined in src/ov_SC02_005/ov_SC02_005_jr_8017CF90.c; 4 files (4 alias prototypes, 0 real-name declarations, 0 renames)
13:00:11 unalias aF801804D4: src/ov_SC02_005/ov_SC02_005_jr_8017CF90.c declares func_801804D4 another way — joining the unit (canonical); re-judging
13:00:11 unalias aF801804D4: COMPILE-ERROR src/ov_SC02_005/ov_SC02_005_jr_8017CF90.c:4817: `func_801804D4' redeclared as different kind of symbol
src/ov_SC02_005/ov_SC02_005_jr_8017CF90.c:4808: previous declaration of `func_801804D4'
src/ov_SC02_005/ov_SC02_005_jr_8017CF90.c: At top level: [build/src/ov_SC02_005/ov_SC02_005_jr_8017CF90.o] — nothing written
13:00:23 unalias aF80180944 -> func_80180944: `void func_80180944(void *a0)` defined in src/ov_SC03_024/ov_SC03_024_jr_8017DF84.c; 3 files (3 alias prototypes, 0 real-name declarations, 0 renames)
13:00:23 unalias aF80180944: src/ov_SC03_024/ov_SC03_024_jr_8017DF84.c declares func_80180944 another way — joining the unit (canonical); re-judging
13:00:24 unalias aF80180944: COMPILE-ERROR src/ov_SC03_024/ov_SC03_024_jr_8017DF84.c:4389: `func_80180944' redeclared as different kind of symbol
src/ov_SC03_024/ov_SC03_024_jr_8017DF84.c:4380: previous declaration of `func_80180944' [build/src/ov_SC03_024/ov_SC03_024_jr_8017DF84.o] — nothing written
13:00:36 unalias aF80181164 -> func_80181164: `void func_80181164(void *a0)` defined in src/ov_SC06_030/ov_SC06_030_jr_8017F65C.c; 1 files (1 alias prototypes, 1 real-name declarations, 0 renames)
13:00:36 unalias aF80181164: src/ov_SC06_030/ov_SC06_030_jr_8017F65C.c — arity: its declaration (and the in-scope headers it includes) stays `()`, a K&R site, marked; re-judging
13:00:36 unalias aF80181164: COMPILE-ERROR src/ov_SC06_030/ov_SC06_030_jr_8017F65C.c:4283: too few arguments to function `func_80181164' [build/src/ov_SC06_030/ov_SC06_030_jr_8017F65C.o] — nothing written
13:00:48 unalias aF80181940 -> func_80181940: `void func_80181940(void)` defined in src/ov_SC06_000/ov_SC06_000_jr_8017AE2C.c; 1 files (1 alias prototypes, 0 real-name declarations, 0 renames)
13:00:48 unalias aF80181940: src/ov_SC06_000/ov_SC06_000_jr_8017AE2C.c declares func_80181940 another way — joining the unit (canonical); re-judging
13:00:49 unalias aF80181940: COMPILE-ERROR src/ov_SC06_000/ov_SC06_000_jr_8017AE2C.c:6839: `func_80181940' redeclared as different kind of symbol
src/ov_SC06_000/ov_SC06_000_jr_8017AE2C.c:6831: previous declaration of `func_80181940'
src/ov_SC06_000/ov_SC06_000_jr_8017AE2C.c: At top level:
src/ov_SC06_000/ov_SC06_000_jr_8017AE2C.c: At top le — nothing written
13:01:01 unalias aF8018280C -> func_8017E9CC: `s32 func_8017E9CC(s32 a0)` defined in src/ov_SC03_107/ov_SC03_107_jr_801789AC.c; 5 files (5 alias prototypes, 4 real-name declarations, 4 renames)
13:01:01 unalias aF8018280C: src/ov_SC03_112/ov_SC03_112_jr_8017C294.c — differs: its declaration (and the in-scope headers it includes) stays `()`, a K&R site, marked; re-judging
13:01:02 unalias aF8018280C: DIFFERS [build/src/ov_SC03_112/ov_SC03_112_jr_8017C294.o] — nothing written
13:01:14 unalias aF80183910 -> func_80181ED4: `s32 func_80181ED4(s32 arg0)` defined in src/ov_SC03_093/ov_SC03_093_jr_8017D898.c; 3 files (3 alias prototypes, 1 real-name declarations, 2 renames)
13:01:14 unalias aF80183910: src/ov_SC03_094/ov_SC03_094_jr_8017BEBC.c — differs: its declaration (and the in-scope headers it includes) stays `()`, a K&R site, marked; re-judging
13:01:14 unalias aF80183910: DIFFERS [build/src/ov_SC03_094/ov_SC03_094_jr_8017BEBC.o] — nothing written
13:01:26 unalias aF80183E20: src/shared/ov/func_80184460__8a34c855.h declares func_80183E20 for non-member binaries ['ov_SC04_018'] — its declaration is hoisted into 1 includers
13:01:26 unalias aF80183E20 -> func_80183E20: `void func_80183E20(void *a0)` defined in src/ov_SC04_011/ov_SC04_011_jr_8017D494.c; 3 files (1 alias prototypes, 1 real-name declarations, 0 renames)
13:01:27 unalias aF80183E20: IDENTICAL on every recipe (3 objects, 0.6 s) — 3 files written
13:01:38 unalias aF80184350 -> func_80184350: `s32 func_80184350(void *arg0)` defined in src/ov_SC03_001/ov_SC03_001_jr_8017AE2C.c; 2 files (2 alias prototypes, 1 real-name declarations, 1 renames)
13:01:39 unalias aF80184350: src/ov_SC04_018/ov_SC04_018_jr_8017AE2C.c — differs: its declaration (and the in-scope headers it includes) stays `()`, a K&R site, marked; re-judging
13:01:39 unalias aF80184350: DIFFERS [build/src/ov_SC04_018/ov_SC04_018_jr_8017AE2C.o] — nothing written
13:01:51 unalias aF801843E0 -> func_801843E0: `void func_801843E0(s32 *a0, s32 a1)` defined in src/ov_SC03_124/ov_SC03_124_jr_80181B44.c; 6 files (6 alias prototypes, 11 real-name declarations, 1 renames)
13:01:51 unalias aF801843E0: src/ov_SC05_017/ov_SC05_017_jr_80182A74.c declares func_801843E0 another way — joining the unit (canonical); re-judging
13:01:52 unalias aF801843E0: COMPILE-ERROR src/ov_SC05_017/ov_SC05_017_jr_80182A74.c:4135: conflicting types for `func_801843E0'
src/ov_SC05_017/ov_SC05_017_jr_80182A74.c:4095: previous declaration of `func_801843E0'
src/ov_SC05_017/ov_SC05_017_jr_80182A74.c: At top level: [build/src/ov_SC05_017/ov_SC05_017_jr_80182A74.o] — nothing written
13:02:04 unalias aF801848DC -> func_8018739C: `s32 func_8018739C(void *a0)` defined in src/ov_SC03_001/ov_SC03_001_jr_801870B0.c; 25 files (25 alias prototypes, 2 real-name declarations, 9 renames)
13:02:05 unalias aF801848DC: src/ov_SC03_002/ov_SC03_002_jr_80181D78.c — differs: its declaration (and the in-scope headers it includes) stays `()`, a K&R site, marked; re-judging
13:02:06 unalias aF801848DC: DIFFERS [build/src/ov_SC03_002/ov_SC03_002_jr_80181D78.o] — nothing written
13:02:17 unalias aF80184BAC: src/shared/ov/func_80183838__66d459f2.h declares func_80184BAC for non-member binaries ['ov_SC04_018'] — its declaration is hoisted into 1 includers
13:02:17 unalias aF80184BAC: src/shared/ov/func_8018B7FC.h declares func_80184BAC for non-member binaries ['ov_SC04_018'] — its declaration is hoisted into 1 includers
13:02:17 unalias aF80184BAC: src/shared/ov/func_8018BA18.h declares func_80184BAC for non-member binaries ['ov_SC04_018'] — its declaration is hoisted into 1 includers
13:02:17 unalias aF80184BAC: src/shared/ov/func_8018C038.h declares func_80184BAC for non-member binaries ['ov_SC04_018'] — its declaration is hoisted into 1 includers
13:02:17 unalias aF80184BAC: src/shared/ov/func_80184460__8a34c855.h declares func_80184BAC for non-member binaries ['ov_SC04_018'] — its declaration is hoisted into 1 includers
13:02:17 unalias aF80184BAC -> func_80184BAC: `s32 * func_80184BAC(s32 *a0, s32 a1, s32 a2)` defined in src/ov_SC03_089/ov_SC03_089_jr_8017CA80.c; 6 files (1 alias prototypes, 3 real-name declarations, 0 renames)
13:02:18 unalias aF80184BAC: IDENTICAL on every recipe (7 objects, 1.1 s) — 6 files written
13:02:29 unalias aF80185EEC -> func_801889AC: `void func_801889AC(s32 a0)` defined in src/ov_SC03_001/ov_SC03_001_jr_80188830.c; 23 files (23 alias prototypes, 4 real-name declarations, 8 renames)
13:02:30 unalias aF80185EEC: src/ov_SC03_002/ov_SC03_002_jr_8018431C.c — differs: its declaration (and the in-scope headers it includes) stays `()`, a K&R site, marked; re-judging
13:02:30 unalias aF80185EEC: DIFFERS [build/src/ov_SC03_002/ov_SC03_002_jr_8018431C.o] — nothing written
13:02:42 unalias aF80186828 -> func_80186828: `s32 func_80186828(void *a0)` defined in src/ov_SC03_001/ov_SC03_001_jr_8018631C.c; 2 files (2 alias prototypes, 1 real-name declarations, 1 renames)
13:02:42 unalias aF80186828: src/ov_SC03_124/ov_SC03_124_jr_8017AE2C.c — differs: its declaration (and the in-scope headers it includes) stays `()`, a K&R site, marked; re-judging
13:02:42 unalias aF80186828: DIFFERS [build/src/ov_SC03_124/ov_SC03_124_jr_8017AE2C.o] — nothing written
13:02:54 unalias aF801869C0 -> func_8017F390: `s32 func_8017F390(s32 param_1)` defined in src/ov_SC02_026/ov_SC02_026_jr_8017C180.c; 2 files (2 alias prototypes, 1 real-name declarations, 1 renames)
13:02:55 unalias aF801869C0: src/ov_SC02_027/ov_SC02_027_jr_8017D898.c — differs: its declaration (and the in-scope headers it includes) stays `()`, a K&R site, marked; re-judging
13:02:55 unalias aF801869C0: DIFFERS [build/src/ov_SC02_027/ov_SC02_027_jr_8017D898.o] — nothing written
13:03:08 unalias aF8018A224 -> func_8018F390: `s32 func_8018F390(void *param_1)` defined in src/ov_SC02_011/ov_SC02_011_jr_80188E3C.c; 32 files (32 alias prototypes, 1 real-name declarations, 29 renames)
13:03:09 unalias aF8018A224: src/ov_SC02_016/ov_SC02_016_jr_801810C8.c — differs: its declaration (and the in-scope headers it includes) stays `()`, a K&R site, marked; re-judging
13:03:11 unalias aF8018A224: DIFFERS [build/src/ov_SC02_016/ov_SC02_016_jr_801810C8.o] — nothing written
13:03:22 unalias aF8018A860 -> func_8018A8E8: `void func_8018A8E8(s32 a0, s16 *a1, u8 *a2, u8 *a3)` defined in src/ov_SC02_011/ov_SC02_011_jr_80188E3C.c; 21 files (21 alias prototypes, 2 real-name declarations, 12 renames)
13:03:23 unalias aF8018A860: src/ov_SC02_028/ov_SC02_028_jr_8017D898.c — differs: its declaration (and the in-scope headers it includes) stays `()`, a K&R site, marked; re-judging
13:03:24 unalias aF8018A860: DIFFERS [build/src/ov_SC02_028/ov_SC02_028_jr_8017D898.o] — nothing written
13:03:36 unalias aF8018AFD0 -> func_8018B058: `void func_8018B058(s32 a0, s32 a1, s32 a2)` defined in src/ov_SC02_011/ov_SC02_011_jr_80188E3C.c; 21 files (21 alias prototypes, 2 real-name declarations, 12 renames)
13:03:37 unalias aF8018AFD0: src/ov_SC02_011/ov_SC02_011_jr_80188E3C.c — differs: its declaration (and the in-scope headers it includes) stays `()`, a K&R site, marked; re-judging
13:03:38 unalias aF8018AFD0: DIFFERS [build/src/ov_SC02_011/ov_SC02_011_jr_80188E3C.o] — nothing written
13:03:50 unalias aF8018B1DC -> func_8018B1DC: `void func_8018B1DC(void)` defined in src/ov_SC03_028/ov_SC03_028_jr_801887A8.c; 1 files (1 alias prototypes, 2 real-name declarations, 0 renames)
13:03:50 unalias aF8018B1DC: src/ov_SC03_028/ov_SC03_028_jr_801887A8.c — differs: its declaration (and the in-scope headers it includes) stays `()`, a K&R site, marked; re-judging
13:03:50 unalias aF8018B1DC: DIFFERS [build/src/ov_SC03_028/ov_SC03_028_jr_801887A8.o] — nothing written
13:04:03 unalias aF8018BA4C -> func_8018BA4C: `void func_8018BA4C(s32 a0)` defined in src/ov_SC06_032/ov_SC06_032_jr_80182890.c; 1 files (1 alias prototypes, 5 real-name declarations, 0 renames)
13:04:03 unalias aF8018BA4C: src/ov_SC06_032/ov_SC06_032_jr_80182890.c — arity: its declaration (and the in-scope headers it includes) stays `()`, a K&R site, marked; re-judging
13:04:04 unalias aF8018BA4C: COMPILE-ERROR src/ov_SC06_032/ov_SC06_032_jr_80182890.c:9335: too few arguments to function `func_8018BA4C'
src/ov_SC06_032/ov_SC06_032_jr_80182890.c:9360: too few arguments to function `func_8018BA4C'
src/ov_SC06_032/ov_SC06_032_jr_80182890.c: At top level:
src/ov_SC06_032/ov_SC06_032_jr_80182890.c: At top level — nothing written
13:04:16 unalias aF8018C118 -> func_8018C118: `void func_8018C118(void *a0)` defined in src/ov_SC03_006/ov_SC03_006_jr_8017AE2C.c; 1 files (1 alias prototypes, 0 real-name declarations, 0 renames)
13:04:17 unalias aF8018C118: src/ov_SC03_006/ov_SC03_006_jr_8017AE2C.c declares func_8018C118 another way — joining the unit (canonical); re-judging
13:04:18 unalias aF8018C118: COMPILE-ERROR src/ov_SC03_006/ov_SC03_006_jr_8017AE2C.c:14624: `func_8018C118' redeclared as different kind of symbol
src/ov_SC03_006/ov_SC03_006_jr_8017AE2C.c:14615: previous declaration of `func_8018C118'
src/ov_SC03_006/ov_SC03_006_jr_8017AE2C.c: At top level:
src/ov_SC03_006/ov_SC03_006_jr_8017AE2C.c: At top  — nothing written
13:04:30 unalias aF8018C2CC -> func_8018C2CC: `void func_8018C2CC(void *a0)` defined in src/ov_SC03_006/ov_SC03_006_jr_8017AE2C.c; 1 files (1 alias prototypes, 0 real-name declarations, 0 renames)
13:04:30 unalias aF8018C2CC: src/ov_SC03_006/ov_SC03_006_jr_8017AE2C.c declares func_8018C2CC another way — joining the unit (canonical); re-judging
13:04:31 unalias aF8018C2CC: COMPILE-ERROR src/ov_SC03_006/ov_SC03_006_jr_8017AE2C.c:14699: `func_8018C2CC' redeclared as different kind of symbol
src/ov_SC03_006/ov_SC03_006_jr_8017AE2C.c:14690: previous declaration of `func_8018C2CC'
src/ov_SC03_006/ov_SC03_006_jr_8017AE2C.c: At top level:
src/ov_SC03_006/ov_SC03_006_jr_8017AE2C.c: At top  — nothing written
13:04:45 unalias aF8018CB18 -> func_80186F88: `s32 func_80186F88(void *a0)` defined in src/ov_SC03_001/ov_SC03_001_jr_8018631C.c; 21 files (21 alias prototypes, 6 real-name declarations, 8 renames)
13:04:46 unalias aF8018CB18: src/ov_SC03_002/ov_SC03_002_jr_8018431C.c — differs: its declaration (and the in-scope headers it includes) stays `()`, a K&R site, marked; re-judging
13:04:47 unalias aF8018CB18: DIFFERS [build/src/ov_SC03_002/ov_SC03_002_jr_8018431C.o] — nothing written
13:05:01 unalias aF801904E0 -> func_801904BC: `s32 func_801904BC(void *param_1)` defined in src/ov_SC02_011/ov_SC02_011_jr_80188E3C.c; 7 files (7 alias prototypes, 1 real-name declarations, 6 renames)
13:05:01 unalias aF801904E0: src/ov_SC03_092/ov_SC03_092_jr_80181694.c — differs: its declaration (and the in-scope headers it includes) stays `()`, a K&R site, marked; re-judging
13:05:02 unalias aF801904E0: DIFFERS [build/src/ov_SC03_092/ov_SC03_092_jr_80181694.o] — nothing written
13:05:02 restruct: unalias t4_ua6 — 48 alias-defined functions: 6 back under their real name / 42 kept · 678 files written
unalias exit=0
