  CC      build/src/ov_SC04_006/ov_SC04_006_jr_8017BEBC.o
src/ov_SC04_006/ov_SC04_006_jr_8017BEBC.c:1527: warning: conflicting types for built-in function `memcpy'
src/ov_SC04_006/ov_SC04_006_jr_8017BEBC.c: In function `func_8017D67C':
src/ov_SC04_006/ov_SC04_006_jr_8017BEBC.c:3478: warning: passing arg 1 of `func_8012AD50' makes integer from pointer without a cast
src/ov_SC04_006/ov_SC04_006_jr_8017BEBC.c: At top level:
src/ov_SC04_006/ov_SC04_006_jr_8017BEBC.c:3559: warning: type mismatch with previous external decl
src/ov_SC04_006/ov_SC04_006_jr_8017BEBC.c:3513: warning: previous external decl of `func_8017D800'
src/ov_SC04_006/ov_SC04_006_jr_8017BEBC.c:3559: warning: type mismatch with previous implicit declaration
src/ov_SC04_006/ov_SC04_006_jr_8017BEBC.c:3513: warning: previous implicit declaration of `func_8017D800'
src/ov_SC04_006/ov_SC04_006_jr_8017BEBC.c:3559: warning: `func_8017D800' was previously implicitly declared to return `int'
src/ov_SC04_006/ov_SC04_006_jr_8017BEBC.c:3853: warning: type mismatch with previous external decl
src/ov_SC04_006/ov_SC04_006_jr_8017BEBC.c:3408: warning: previous external decl of `func_8017DD28'
src/ov_SC04_006/ov_SC04_006_jr_8017BEBC.c:3853: warning: type mismatch with previous implicit declaration
src/ov_SC04_006/ov_SC04_006_jr_8017BEBC.c:3408: warning: previous implicit declaration of `func_8017DD28'
src/ov_SC04_006/ov_SC04_006_jr_8017BEBC.c:3853: warning: `func_8017DD28' was previously implicitly declared to return `int'
src/ov_SC04_006/ov_SC04_006_jr_8017BEBC.c:3918: warning: type mismatch with previous external decl
src/ov_SC04_006/ov_SC04_006_jr_8017BEBC.c:3770: warning: previous external decl of `func_8017DF0C'
src/ov_SC04_006/ov_SC04_006_jr_8017BEBC.c:3918: warning: type mismatch with previous implicit declaration
src/ov_SC04_006/ov_SC04_006_jr_8017BEBC.c:3865: warning: previous implicit declaration of `func_8017DF0C'
src/ov_SC04_006/ov_SC04_006_jr_8017BEBC.c:3918: warning: `func_8017DF0C' was previously implicitly declared to return `int'
src/ov_SC04_006/ov_SC04_006_jr_8017BEBC.c: In function `func_8017EAE0':
src/ov_SC04_006/ov_SC04_006_jr_8017BEBC.c:4538: warning: passing arg 2 of `func_8012A828' makes integer from pointer without a cast
src/ov_SC04_006/ov_SC04_006_jr_8017BEBC.c: In function `func_8017F180':
src/ov_SC04_006/ov_SC04_006_jr_8017BEBC.c:4893: warning: passing arg 1 of `func_800484EC' makes integer from pointer without a cast
src/ov_SC04_006/ov_SC04_006_jr_8017BEBC.c:4893: warning: passing arg 2 of `func_800484EC' makes integer from pointer without a cast
src/ov_SC04_006/ov_SC04_006_jr_8017BEBC.c: In function `func_8017F354':
src/ov_SC04_006/ov_SC04_006_jr_8017BEBC.c:4952: warning: passing arg 1 of `func_8012C098' makes pointer from integer without a cast
src/ov_SC04_006/ov_SC04_006_jr_8017BEBC.c: In function `func_8017F5EC':
src/ov_SC04_006/ov_SC04_006_jr_8017BEBC.c:5089: warning: passing arg 1 of `func_80128ED8' makes integer from pointer without a cast
src/ov_SC04_006/ov_SC04_006_jr_8017BEBC.c: In function `func_8017F87C':
src/ov_SC04_006/ov_SC04_006_jr_8017BEBC.c:5130: warning: passing arg 1 of `func_80128ED8' makes integer from pointer without a cast
src/ov_SC04_006/ov_SC04_006_jr_8017BEBC.c: At top level:
src/ov_SC04_006/ov_SC04_006_jr_8017BEBC.c:5232: warning: type mismatch with previous external decl
src/ov_SC04_006/ov_SC04_006_jr_8017BEBC.c:4705: warning: previous external decl of `func_8017FB28'
src/ov_SC04_006/ov_SC04_006_jr_8017BEBC.c:5232: warning: type mismatch with previous implicit declaration
src/ov_SC04_006/ov_SC04_006_jr_8017BEBC.c:4705: warning: previous implicit declaration of `func_8017FB28'
src/ov_SC04_006/ov_SC04_006_jr_8017BEBC.c:5232: warning: `func_8017FB28' was previously implicitly declared to return `int'
  LD      build/ov_SC04_006/ov_SC04_006.elf
  OBJCOPY build/ov_SC04_006/ov_SC04_006
  TRIM    build/ov_SC04_006/ov_SC04_006 (-1 B linker end-align pad)
[ OK ] build/ov_SC04_006/ov_SC04_006
       sha1 607f522f47a8d897568671535079ce99a392c720 == config/check.ov_SC04_006.sha  (BYTE-IDENTICAL)
