  CC      build/src/ov_SC05_009/ov_SC05_009.o
  CC      build/src/ov_SC05_009/ov_SC05_009_jr_801588CC.o
  CC      build/src/ov_SC05_009/ov_SC05_009_jr_801734BC.o
  CC      build/src/ov_SC05_009/ov_SC05_009_jr_80159C84.o
  CC      build/src/ov_SC05_009/ov_SC05_009_jr_80154C24.o
  CC      build/src/ov_SC05_009/ov_SC05_009_jr_80135D20.o
  CC      build/src/ov_SC05_009/ov_SC05_009_jr_801380E0.o
  CC      build/src/ov_SC05_009/ov_SC05_009_o0b.o
  CC      build/src/ov_SC05_009/ov_SC05_009_jr_8013C98C.o
  CC      build/src/ov_SC05_009/ov_SC05_009_jr_8016AB6C.o
  CC      build/src/ov_SC05_009/ov_SC05_009_jr_80140608.o
  CC      build/src/ov_SC05_009/ov_SC05_009_after.o
  CC      build/src/ov_SC05_009/ov_SC05_009_jr_8012ACE0.o
src/ov_SC05_009/ov_SC05_009_jr_801734BC.c:1533: warning: conflicting types for built-in function `memcpy'
src/ov_SC05_009/../shared/ov/func_80158AE4.h: In function `func_80158AE4':
In file included from src/ov_SC05_009/ov_SC05_009_jr_801588CC.c:1181:
src/ov_SC05_009/../shared/ov/func_80158AE4.h:20: warning: passing arg 1 makes integer from pointer without a cast
src/ov_SC05_009/../shared/ov/func_80158AE4.h:21: warning: passing arg 1 makes integer from pointer without a cast
src/ov_SC05_009/../shared/ov/func_80158AE4.h:22: warning: passing arg 1 of `func_80165A20' makes integer from pointer without a cast
src/ov_SC05_009/../shared/ov/func_80158AE4.h:23: warning: passing arg 1 of `func_80165A78' makes integer from pointer without a cast
src/ov_SC05_009/../shared/ov/func_80158AE4.h:26: warning: passing arg 1 of `func_8014B160' makes integer from pointer without a cast
src/ov_SC05_009/ov_SC05_009_jr_801588CC.c: In function `func_80158BB0':
src/ov_SC05_009/ov_SC05_009_jr_801588CC.c:1200: warning: passing arg 2 of `func_80154274' makes integer from pointer without a cast
src/ov_SC05_009/ov_SC05_009_jr_801588CC.c:1201: warning: passing arg 1 of `func_80154A74' makes integer from pointer without a cast
src/ov_SC05_009/ov_SC05_009_jr_80135D20.c:576: warning: conflicting types for built-in function `memcpy'
src/ov_SC05_009/ov_SC05_009_jr_801734BC.c:2344: warning: type mismatch with previous external decl
src/ov_SC05_009/ov_SC05_009_jr_801734BC.c:2321: warning: previous external decl of `func_80173544'
  CC      build/src/ov_SC05_009/ov_SC05_009_jr_8015C32C.o
src/ov_SC05_009/../shared/ov/func_80173A60.h: In function `func_80173A60':
src/ov_SC05_009/ov_SC05_009_jr_8013C98C.c: In file includedIn function `func_8013C9C4':
 from src/ov_SC05_009/ov_SC05_009_jr_801734BC.c:2415src/ov_SC05_009/ov_SC05_009_jr_8013C98C.c:802: :
warning: src/ov_SC05_009/../shared/ov/func_80173A60.h:24: assignment makes integer from pointer without a castwarning: 
passing arg 2 of `__builtin_memcpy' makes pointer from integer without a cast
src/ov_SC05_009/ov_SC05_009_jr_8016AB6C.c:1525: warning: conflicting types for built-in function `memcpy'
src/ov_SC05_009/../shared/ov/func_80173BC0.h: In function `func_80173BC0':
In file included from src/ov_SC05_009/ov_SC05_009_jr_801734BC.c:2428:
src/ov_SC05_009/../shared/ov/func_80173BC0.h:20: warning: passing arg 1 of `func_80171A34' from incompatible pointer type
src/ov_SC05_009/../shared/ov/func_8015A1FC.h: In function `func_8015A1FC':
In file included from src/ov_SC05_009/ov_SC05_009_jr_80159C84.c:1400:
src/ov_SC05_009/../shared/ov/func_8015A1FC.h:7: warning: passing arg 1 of `func_8015A2D8' makes integer from pointer without a cast
src/ov_SC05_009/../shared/ov/func_801743F0.h: In function `func_801743F0':
In file included from src/ov_SC05_009/ov_SC05_009_jr_801734BC.c:2478:
src/ov_SC05_009/../shared/ov/func_801743F0.h:8: warning: passing arg 1 of `func_80172658' from incompatible pointer type
src/ov_SC05_009/../shared/ov/func_801387B8.h: In function `func_801387B8':
In file included from src/ov_SC05_009/ov_SC05_009_jr_801380E0.c:1018:
src/ov_SC05_009/../shared/ov/func_801387B8.h:5: warning: type mismatch with previous external decl
src/ov_SC05_009/ov_SC05_009_jr_801380E0.c:717: warning: previous external decl of `func_80139220'
src/ov_SC05_009/../shared/ov/func_801387B8.h:29: warning: passing arg 1 of `func_80138DE0' makes pointer from integer without a cast
src/ov_SC05_009/../shared/ov/func_80159B08.h: In function `func_80159B08':
In file included from src/ov_SC05_009/ov_SC05_009_jr_801588CC.c:1543:
src/ov_SC05_009/../shared/ov/func_80159B08.h:7: warning: passing arg 1 of `func_80159BE4' makes integer from pointer without a cast
src/ov_SC05_009/../shared/ov/func_8016B448.h: In function `func_8016B448':
In file included from src/ov_SC05_009/ov_SC05_009_jr_8016AB6C.c:2082:
src/ov_SC05_009/../shared/ov/func_8016B448.h:10: warning: passing arg 1 of `func_8014C050' makes integer from pointer without a cast
src/ov_SC05_009/../shared/ov/func_8016B448.h:12: warning: passing arg 1 of `func_8016B984' makes pointer from integer without a cast
src/ov_SC05_009/../shared/ov/func_8016B448.h:14: warning: passing arg 2 of `func_80146A6C' makes pointer from integer without a cast
src/ov_SC05_009/../shared/ov/func_80138AB4.h: At top level:
In file included from src/ov_SC05_009/ov_SC05_009_jr_801380E0.c:1024:
src/ov_SC05_009/../shared/ov/func_80138AB4.h:7: warning: type mismatch with previous external decl
src/ov_SC05_009/ov_SC05_009_jr_801380E0.c:712: warning: previous external decl of `func_80138AB4'
src/ov_SC05_009/../shared/ov/func_80138AB4.h: In function `func_80138AB4':
src/ov_SC05_009/../shared/ov/func_80138AB4.h:18: warning: passing arg 1 of `func_80138DE0' makes pointer from integer without a cast
src/ov_SC05_009/../shared/ov/func_80140D68.h: In function `func_80140D68':
In file included from src/ov_SC05_009/ov_SC05_009_jr_80140608.c:1067:
src/ov_SC05_009/../shared/ov/func_80140D68.h:18: warning: type mismatch with previous external decl
src/ov_SC05_009/../shared/ov/func_80140958__e2790db1.h:20: warning: previous external decl of `D_800AE7BC'
src/ov_SC05_009/../shared/ov/func_80136A94__b58271ec.h: In function `func_80136A94':
In file included from src/ov_SC05_009/ov_SC05_009_jr_80135D20.c:984:
src/ov_SC05_009/../shared/ov/func_80136A94__b58271ec.h:6: warning: type mismatch with previous external decl
src/ov_SC05_009/ov_SC05_009_jr_80135D20.c:772: warning: previous external decl of `D_80126722'
src/ov_SC05_009/ov_SC05_009_jr_8015C32C.c:1455: warning: "NULL" redefined
 1455 | #define NULL 0
      | 
In file included from src/ov_SC05_009/ov_SC05_009_jr_8015C32C.c:1:
include/common.h:41: note: this is the location of the previous definition
   41 | #define NULL ((void *)0)   /* m2c emits NULL for null pointers; byte-neutral (== 0) */
      | 
src/ov_SC05_009/../shared/ov/func_8015ADB0.h: In function `func_8015ADB0':
In file included from src/ov_SC05_009/ov_SC05_009_jr_80159C84.c:1740:
src/ov_SC05_009/../shared/ov/func_8015ADB0.h:12: warning: passing arg 1 of `func_80161124' makes pointer from integer without a cast
src/ov_SC05_009/../shared/ov/func_80138C60__2c7bdced.h: At top level:
In file included from src/ov_SC05_009/ov_SC05_009_jr_801380E0.c:1048:
src/ov_SC05_009/../shared/ov/func_80138C60__2c7bdced.h:4: warning: type mismatch with previous external decl
src/ov_SC05_009/ov_SC05_009_jr_801380E0.c:713: warning: previous external decl of `func_80138C60'
src/ov_SC05_009/../shared/ov/func_80145B24.h: In function `func_80145B24':
In file included from src/ov_SC05_009/ov_SC05_009_after.c:52:
src/ov_SC05_009/../shared/ov/func_80145B24.h:18: warning: assignment from incompatible pointer type
In file included from src/ov_SC05_009/ov_SC05_009_jr_801380E0.c:1051:
src/ov_SC05_009/../shared/ov/func_80138D58.h:4: warning: type mismatch with previous external decl
src/ov_SC05_009/ov_SC05_009_jr_801380E0.c:714: warning: previous external decl of `func_80138D58'
src/ov_SC05_009/../shared/ov/func_8016BA68.h: In function `func_8016BA68':
In file included from src/ov_SC05_009/ov_SC05_009_jr_8016AB6C.c:2257:
src/ov_SC05_009/../shared/ov/func_8016BA68.h:9: warning: passing arg 1 of `func_8014C050' makes integer from pointer without a cast
src/ov_SC05_009/../shared/ov/func_8016BA68.h:11: warning: passing arg 1 makes pointer from integer without a cast
src/ov_SC05_009/../shared/ov/func_8016BA68.h:13: warning: passing arg 2 of `func_80146A6C' makes pointer from integer without a cast
src/ov_SC05_009/../shared/ov/func_801412A8.h: In function `aF801412A8':
In file included from src/ov_SC05_009/ov_SC05_009_jr_80140608.c:1155:
src/ov_SC05_009/../shared/ov/func_801412A8.h:5: warning: type mismatch with previous external decl
src/ov_SC05_009/../shared/ov/func_80140958__e2790db1.h:20: warning: previous external decl of `D_800AE7BC'
src/ov_SC05_009/../shared/ov/func_80145EE8__5c0407d4.h: At top level:
In file included from src/ov_SC05_009/ov_SC05_009_after.c:80:
src/ov_SC05_009/../shared/ov/func_80145EE8__5c0407d4.h:4: warning: src/ov_SC05_009/ov_SC05_009_jr_8016AB6C.c: type mismatch with previous external declIn function `func_8016BCC0':

src/ov_SC05_009/ov_SC05_009_jr_8016AB6C.c:2328: src/ov_SC05_009/../shared/ov/func_80145CEC__05c7cfc4.h:17: warning: warning: type mismatch with previous external declprevious external decl of `
func_80145EE8src/ov_SC05_009/ov_SC05_009_jr_8016AB6C.c:2278: 'warning: 
previous external decl of `func_8016BF50'
src/ov_SC05_009/ov_SC05_009_jr_8016AB6C.c:2335: warning: passing arg 1 of `func_8016BFA8' makes integer from pointer without a cast
src/ov_SC05_009/ov_SC05_009_jr_8016AB6C.c:2335: warning: passing arg 2 of `func_8016BFA8' makes integer from pointer without a cast
src/ov_SC05_009/ov_SC05_009_jr_8016AB6C.c:2335: warning: passing arg 3 of `func_8016BFA8' makes integer from pointer without a cast
src/ov_SC05_009/ov_SC05_009_jr_8016AB6C.c:2335: warning: passing arg 4 of `func_8016BFA8' makes integer from pointer without a cast
src/ov_SC05_009/ov_SC05_009_jr_8016AB6C.c: In function `func_8016BD78':
src/ov_SC05_009/ov_SC05_009_jr_8016AB6C.c:2353: warning: type mismatch with previous external decl
src/ov_SC05_009/ov_SC05_009_jr_8016AB6C.c:2278: warning: previous external decl of `func_8016BF50'
src/ov_SC05_009/ov_SC05_009_jr_8016AB6C.c:2353: warning: type mismatch with previous implicit declaration
src/ov_SC05_009/ov_SC05_009_jr_8016AB6C.c:2328: warning: previous implicit declaration of `func_8016BF50'
In file included from src/ov_SC05_009/ov_SC05_009_after.c:139:
src/ov_SC05_009/../shared/ov/func_80146128.h:4: warning: type mismatch with previous external decl
src/ov_SC05_009/../shared/ov/func_80145CEC__05c7cfc4.h:27: warning: previous external decl of `D_80126B78'
src/ov_SC05_009/../shared/ov/func_80146128.h:16: warning: type mismatch with previous external decl
src/ov_SC05_009/../shared/ov/func_80145CEC__05c7cfc4.h:8: warning: previous external decl of `func_80147098'
src/ov_SC05_009/ov_SC05_009_jr_8016AB6C.c: In function `func_8016BEA0':
src/ov_SC05_009/ov_SC05_009_jr_8016AB6C.c:2394: warning: type mismatch with previous external decl
src/ov_SC05_009/ov_SC05_009_jr_8016AB6C.c:2278: warning: previous external decl of `func_8016BF50'
src/ov_SC05_009/ov_SC05_009_jr_8016AB6C.c:2394: warning: type mismatch with previous implicit declaration
src/ov_SC05_009/ov_SC05_009_jr_8016AB6C.c:2328: warning: previous implicit declaration of `func_8016BF50'
In file included from src/ov_SC05_009/ov_SC05_009_jr_801380E0.c:1061:
src/ov_SC05_009/../shared/ov/func_8013914C.h:3: warning: type mismatch with previous external decl
src/ov_SC05_009/ov_SC05_009_jr_801380E0.c:717: warning: previous external decl of `func_80139220'
src/ov_SC05_009/../shared/ov/func_801372B0.h: At top level:
In file included from src/ov_SC05_009/ov_SC05_009_jr_80135D20.c:1039:
src/ov_SC05_009/../shared/ov/func_801372B0.h:3: warning: type mismatch with previous external decl
src/ov_SC05_009/../shared/ov/func_80136A94__b58271ec.h:4: warning: previous external decl of `ApplyMatrixSV'
src/ov_SC05_009/../shared/ov/func_8016BF50.h: At top level:
In file included from src/ov_SC05_009/ov_SC05_009_jr_8016AB6C.c:2419:
src/ov_SC05_009/../shared/ov/func_8016BF50.h:6: warning: type mismatch with previous external decl
src/ov_SC05_009/ov_SC05_009_jr_8016AB6C.c:2278: warning: previous external decl of `func_8016BF50'
src/ov_SC05_009/../shared/ov/func_8012A418.h: In function `func_8012A418':
In file included from src/ov_SC05_009/ov_SC05_009.c:700:
src/ov_SC05_009/../shared/ov/func_8012A418.h:10: warning: assignment from incompatible pointer type
In file included from src/ov_SC05_009/ov_SC05_009_jr_801380E0.c:1063:
src/ov_SC05_009/../shared/ov/func_801391F0.h:5: warning: type mismatch with previous external decl
src/ov_SC05_009/ov_SC05_009_jr_801380E0.c:716: warning: previous external decl of `func_801391F0'
src/ov_SC05_009/ov_SC05_009_jr_801734BC.c: In function `func_80175218':
src/ov_SC05_009/ov_SC05_009_jr_801734BC.c:2679: warning: passing arg 1 makes integer from pointer without a cast
src/ov_SC05_009/ov_SC05_009_jr_801734BC.c:2680: warning: passing arg 1 makes integer from pointer without a cast
src/ov_SC05_009/../shared/ov/func_8013E4B4.h: In function `func_8013E4B4':
In file included from src/ov_SC05_009/ov_SC05_009_jr_8013C98C.c:1787:
src/ov_SC05_009/../shared/ov/func_8013E4B4.h:14: warning: passing arg 1 of `func_8012C750' makes integer from pointer without a cast
src/ov_SC05_009/../shared/ov/func_8012A6D0.h: In function `func_8012A6D0':
In file included from src/ov_SC05_009/ov_SC05_009.c:723:
src/ov_SC05_009/../shared/ov/func_8012A6D0.h:7: warning: initialization makes integer from pointer without a cast
src/ov_SC05_009/../shared/ov/func_8012A6D0.h:8: warning: initialization makes integer from pointer without a cast
src/ov_SC05_009/ov_SC05_009_jr_8016AB6C.c:2525: warning: type mismatch with previous external decl
src/ov_SC05_009/ov_SC05_009_jr_8016AB6C.c:2471: warning: previous external decl of `D_80195E9C'
src/ov_SC05_009/ov_SC05_009_jr_8016AB6C.c:2526: warning: type mismatch with previous external decl
src/ov_SC05_009/ov_SC05_009_jr_8016AB6C.c:2474: warning: previous external decl of `D_80195EA4'
src/ov_SC05_009/../shared/ov/func_8015C6AC.h: In function `func_8015C6AC':
In file included from src/ov_SC05_009/ov_SC05_009_jr_8015C32C.c:1332:
src/ov_SC05_009/../shared/ov/func_8015C6AC.h:7: warning: passing arg 1 of `func_8015C788' makes integer from pointer without a cast
src/ov_SC05_009/../shared/ov/func_8012A828.h: In function `func_8012A828':
In file included from src/ov_SC05_009/ov_SC05_009.c:731:
src/ov_SC05_009/../shared/ov/func_8012A828.h:6: warning: assignment makes integer from pointer without a cast
src/ov_SC05_009/../shared/ov/func_80139680.h: In function `func_80139680':
In file included from src/ov_SC05_009/ov_SC05_009_jr_801380E0.c:1075:
src/ov_SC05_009/../shared/ov/func_80139680.h:39: warning: passing arg 2 of `func_80052460' makes integer from pointer without a cast
In file included from src/ov_SC05_009/ov_SC05_009_jr_80154C24.c:1241:
src/ov_SC05_009/../shared/ov/func_801565C0.h:4: warning: type mismatch with previous external decl
src/ov_SC05_009/../shared/ov/func_80156044__8f5b4545.h:9: warning: previous external decl of `func_801565C0'
In file included from src/ov_SC05_009/ov_SC05_009_after.c:190:
src/ov_SC05_009/../shared/ov/func_801468C8.h:5: warning: type mismatch with previous external decl
src/ov_SC05_009/../shared/ov/func_80145CEC__05c7cfc4.h:16: warning: previous external decl of `func_801468C8'
src/ov_SC05_009/../shared/ov/func_80156600.h: In function `func_80156600':
In file included from src/ov_SC05_009/ov_SC05_009_jr_80154C24.c:1277:
src/ov_SC05_009/../shared/ov/func_80156600.h:11: warning: return makes integer from pointer without a cast
src/ov_SC05_009/../shared/ov/func_80156600.h:16: warning: return makes integer from pointer without a cast
src/ov_SC05_009/../shared/ov/func_8013EA54.h: At top level:
In file included from src/ov_SC05_009/ov_SC05_009_jr_8013C98C.c:1901:
src/ov_SC05_009/../shared/ov/func_8013EA54.h:7: warning: prototype for `func_8013E958' follows
src/ov_SC05_009/../shared/ov/func_8013E958__10b2e065.h:4: warning: non-prototype definition here
src/ov_SC05_009/../shared/ov/func_8013EA54.h:15: warning: type mismatch with previous external decl
src/ov_SC05_009/ov_SC05_009_jr_8013C98C.c:1840: warning: previous external decl of `D_80115130'
src/ov_SC05_009/../shared/ov/func_80139788.h: At top level:
In file included from src/ov_SC05_009/ov_SC05_009_jr_801380E0.c:1077:
src/ov_SC05_009/../shared/ov/func_80139788.h:3: warning: type mismatch with previous external decl
src/ov_SC05_009/ov_SC05_009_jr_801380E0.c:707: warning: previous external decl of `func_8001931C'
src/ov_SC05_009/../shared/ov/func_80139788.h:5: warning: type mismatch with previous external decl
src/ov_SC05_009/ov_SC05_009_jr_801380E0.c:718: warning: previous external decl of `func_80139788'
src/ov_SC05_009/../shared/ov/func_80156670.h: At top level:
In file included from src/ov_SC05_009/ov_SC05_009_jr_80154C24.c:1282:
src/ov_SC05_009/../shared/ov/func_80156670.h:6: warning: type mismatch with previous external decl
src/ov_SC05_009/../shared/ov/func_80156044__8f5b4545.h:5: warning: previous external decl of `func_80156670'
src/ov_SC05_009/ov_SC05_009_jr_8013C98C.c:1925: warning: type mismatch with previous external decl
src/ov_SC05_009/ov_SC05_009_jr_8013C98C.c:1838: warning: previous external decl of `D_80115128'
src/ov_SC05_009/../shared/ov/func_801758FC.h: In function `func_801758FC':
In file included from src/ov_SC05_009/ov_SC05_009_jr_801734BC.c:2776:
src/ov_SC05_009/../shared/ov/func_801758FC.h:6: warning: type mismatch with previous external decl
src/ov_SC05_009/../shared/ov/func_80175820.h:6: warning: previous external decl of `D_800AE7BC'
src/ov_SC05_009/../shared/ov/func_801758FC.h:7: warning: type mismatch with previous external decl
src/ov_SC05_009/../shared/ov/func_80175820.h:7: warning: previous external decl of `D_800AF634'
In file included from src/ov_SC05_009/ov_SC05_009_jr_80154C24.c:1287:
src/ov_SC05_009/../shared/ov/func_80156848.h:8: warning: type mismatch with previous external decl
src/ov_SC05_009/../shared/ov/func_80156044__8f5b4545.h:7: warning: previous external decl of `func_80156848'
src/ov_SC05_009/../shared/ov/func_80139914.h: In function `func_80139914':
In file included from src/ov_SC05_009/ov_SC05_009_jr_801380E0.c:1089:
src/ov_SC05_009/../shared/ov/func_80139914.h:12: warning: passing arg 1 of `func_8013A8B0' makes pointer from integer without a cast
src/ov_SC05_009/../shared/ov/func_801759D8.h: In function `func_801759D8':
In file included from src/ov_SC05_009/ov_SC05_009_jr_801734BC.c:2783:
src/ov_SC05_009/../shared/ov/func_801759D8.h:7: warning: type mismatch with previous external decl
src/ov_SC05_009/../shared/ov/func_80175820.h:6: warning: previous external decl of `D_800AE7BC'
src/ov_SC05_009/../shared/ov/func_801759D8.h:8: warning: type mismatch with previous external decl
src/ov_SC05_009/../shared/ov/func_80175820.h:7: warning: previous external decl of `D_800AF634'
In file included from src/ov_SC05_009/ov_SC05_009_jr_8016AB6C.c:2649:
src/ov_SC05_009/../shared/ov/func_8016C83C.h:5: warning: type mismatch with previous external decl
src/ov_SC05_009/ov_SC05_009_jr_8016AB6C.c:2568: warning: previous external decl of `func_8016CF04'
src/ov_SC05_009/../shared/ov/func_80175AB8__be2b0245.h: In function `func_80175AB8':
In file included from src/ov_SC05_009/ov_SC05_009_jr_801734BC.c:2787:
src/ov_SC05_009/../shared/ov/func_80175AB8__be2b0245.h:7: warning: type mismatch with previous external decl
src/ov_SC05_009/../shared/ov/func_80175820.h:7: warning: previous external decl of `D_800AF634'
In file included from src/ov_SC05_009/ov_SC05_009_after.c:261:
src/ov_SC05_009/../shared/ov/func_80146C3C.h:3: warning: type mismatch with previous external decl
src/ov_SC05_009/../shared/ov/func_80145CEC__05c7cfc4.h:4: warning: previous external decl of `func_80016714'
src/ov_SC05_009/../shared/ov/func_8015CD20__e74c4394.h: In function `func_8015CD20':
In file included from src/ov_SC05_009/ov_SC05_009_jr_8015C32C.c:1461:
src/ov_SC05_009/../shared/ov/func_8015CD20__e74c4394.h:4: warning: type mismatch with previous external decl
src/ov_SC05_009/ov_SC05_009_jr_8015C32C.c:1245: warning: previous external decl of `D_80181160'
src/ov_SC05_009/ov_SC05_009_jr_8016AB6C.c: In function `func_8016C998':
src/ov_SC05_009/ov_SC05_009_jr_8016AB6C.c:2664: warning: type mismatch with previous external decl
src/ov_SC05_009/ov_SC05_009_jr_8016AB6C.c:2570: warning: previous external decl of `D_80195F70'
src/ov_SC05_009/../shared/ov/func_80146D90.h: In function `func_80146D90':
In file included from src/ov_SC05_009/ov_SC05_009_after.c:275:
src/ov_SC05_009/../shared/ov/func_80146D90.h:6: warning: passing arg 1 of `func_80146DE8' makes pointer from integer without a cast
src/ov_SC05_009/ov_SC05_009_jr_8013C98C.c:1983: warning: type mismatch with previous external decl
src/ov_SC05_009/../shared/ov/func_8013E958__10b2e065.h:6: warning: previous external decl of `func_800D0488'
src/ov_SC05_009/../shared/ov/func_80139C7C.h: At top level:
In file included from src/ov_SC05_009/ov_SC05_009_jr_801380E0.c:1127:
src/ov_SC05_009/../shared/ov/func_80139C7C.h:3: warning: type mismatch with previous external decl
src/ov_SC05_009/../shared/ov/func_80138C60__2c7bdced.h:39: warning: previous external decl of `func_80139C7C'
src/ov_SC05_009/../shared/ov/func_80139C7C.h:3: warning: type mismatch with previous implicit declaration
src/ov_SC05_009/../shared/ov/func_80138C60__2c7bdced.h:39: warning: previous implicit declaration of `func_80139C7C'
src/ov_SC05_009/../shared/ov/func_80139C7C.h:3: warning: `func_80139C7C' was previously implicitly declared to return `int'
src/ov_SC05_009/ov_SC05_009_jr_8016AB6C.c: In function `func_8016CBC0':
src/ov_SC05_009/ov_SC05_009_jr_8016AB6C.c:2722: warning: type mismatch with previous external decl
src/ov_SC05_009/ov_SC05_009_jr_8016AB6C.c:2570: warning: previous external decl of `D_80195F70'
In file included from src/ov_SC05_009/ov_SC05_009_jr_80154C24.c:1311:
src/ov_SC05_009/../shared/ov/func_80156ECC.h:3: warning: type mismatch with previous external decl
src/ov_SC05_009/../shared/ov/func_80156B74.h:11: warning: previous external decl of `func_80156ECC'
src/ov_SC05_009/../shared/ov/func_80156ECC.h: In function `func_80156ECC':
src/ov_SC05_009/../shared/ov/func_80156ECC.h:8: warning: passing arg 1 of `func_80156FA8' makes pointer from integer without a cast
src/ov_SC05_009/../shared/ov/func_80156ECC.h:8: warning: passing arg 2 of `func_80156FA8' makes pointer from integer without a cast
src/ov_SC05_009/../shared/ov/func_80156ECC.h:8: warning: passing arg 3 of `func_80156FA8' makes pointer from integer without a cast
src/ov_SC05_009/../shared/ov/func_80175DA8__3a39c5e4.h: In function `func_80175DA8':
In file included from src/ov_SC05_009/ov_SC05_009_jr_801734BC.c:2798:
src/ov_SC05_009/../shared/ov/func_80175DA8__3a39c5e4.h:9: warning: type mismatch with previous external decl
src/ov_SC05_009/../shared/ov/func_80175820.h:7: warning: previous external decl of `D_800AF634'
src/ov_SC05_009/../shared/ov/func_80147060.h: In function `func_80147060':
In file included from src/ov_SC05_009/ov_SC05_009_after.c:297:
src/ov_SC05_009/../shared/ov/func_80147060.h:7: warning: `return' with a value, in function returning void
src/ov_SC05_009/../shared/ov/func_80147084.h: At top level:
In file included from src/ov_SC05_009/ov_SC05_009_after.c:303:
src/ov_SC05_009/../shared/ov/func_80147084.h:3: warning: type mismatch with previous external decl
src/ov_SC05_009/../shared/ov/func_80145CEC__05c7cfc4.h:7: warning: previous external decl of `func_80147084'
In file included from src/ov_SC05_009/ov_SC05_009_after.c:311:
src/ov_SC05_009/../shared/ov/func_801470AC.h:3: warning: type mismatch with previous external decl
src/ov_SC05_009/../shared/ov/func_80145CEC__05c7cfc4.h:9: warning: previous external decl of `func_801470AC'
In file included from src/ov_SC05_009/ov_SC05_009_jr_801380E0.c:1143:
src/ov_SC05_009/../shared/ov/func_80139FE8.h:3: warning: type mismatch with previous external decl
src/ov_SC05_009/ov_SC05_009_jr_801380E0.c:709: warning: previous external decl of `func_8001B22C'
src/ov_SC05_009/../shared/ov/func_8015D1B8__1d96adc0.h: In function `func_8015D1B8':
In file included from src/ov_SC05_009/ov_SC05_009_jr_8015C32C.c:1525:
src/ov_SC05_009/../shared/ov/func_8015D1B8__1d96adc0.h:63: warning: passing arg 1 of `func_801725F4' from incompatible pointer type
src/ov_SC05_009/ov_SC05_009_jr_8016AB6C.c: In function `func_8016CF04':
src/ov_SC05_009/ov_SC05_009_jr_8016AB6C.c:2868: warning: type mismatch with previous external decl
src/ov_SC05_009/ov_SC05_009_jr_8016AB6C.c:2570: warning: previous external decl of `D_80195F70'
src/ov_SC05_009/../shared/ov/func_801571C4.h: At top level:
In file included from src/ov_SC05_009/ov_SC05_009_jr_80154C24.c:1319:
src/ov_SC05_009/../shared/ov/func_801571C4.h:11: warning: type mismatch with previous external decl
src/ov_SC05_009/../shared/ov/func_80157158.h:6: warning: previous external decl of `func_801571C4'
src/ov_SC05_009/../shared/ov/func_801571C4.h:11: warning: type mismatch with previous implicit declaration
src/ov_SC05_009/../shared/ov/func_80157158.h:6: warning: previous implicit declaration of `func_801571C4'
src/ov_SC05_009/../shared/ov/func_801571C4.h:11: warning: `func_801571C4' was previously implicitly declared to return `int'
src/ov_SC05_009/../shared/ov/func_80142838.h: In function `func_80142838':
In file included from src/ov_SC05_009/ov_SC05_009_jr_80140608.c:1395:
src/ov_SC05_009/../shared/ov/func_80142838.h:15: warning: passing arg 1 of `func_8012C0EC' makes integer from pointer without a cast
src/ov_SC05_009/../shared/ov/func_801571C4.h: In function `func_801571C4':
src/ov_SC05_009/../shared/ov/func_801571C4.h:42: warning: passing arg 3 of `func_80135260' makes pointer from integer without a cast
src/ov_SC05_009/../shared/ov/func_801571C4.h:42: warning: passing arg 4 of `func_80135260' makes pointer from integer without a cast
src/ov_SC05_009/../shared/ov/func_8015D480.h: In function `func_8015D480':
In file included from src/ov_SC05_009/ov_SC05_009_jr_8015C32C.c:1567:
src/ov_SC05_009/../shared/ov/func_8015D480.h:7: warning: passing arg 1 of `func_8015D57C' makes integer from pointer without a cast
src/ov_SC05_009/../shared/ov/func_8015D57C.h: In function `func_8015D57C':
In file included from src/ov_SC05_009/ov_SC05_009_jr_8015C32C.c:1584:
src/ov_SC05_009/../shared/ov/func_8015D57C.h:12: warning: passing arg 1 of `func_801553A8' makes pointer from integer without a cast
src/ov_SC05_009/../shared/ov/func_8015D57C.h:13: warning: passing arg 1 of `func_80155440' makes pointer from integer without a cast
src/ov_SC05_009/../shared/ov/func_8015D57C.h:14: warning: passing arg 1 of `func_80146CA0' makes pointer from integer without a cast
src/ov_SC05_009/../shared/ov/func_80176218__6ffee0ac.h: In function `func_80176218':
In file included from src/ov_SC05_009/ov_SC05_009_jr_801734BC.c:2895:
src/ov_SC05_009/../shared/ov/func_80176218__6ffee0ac.h:138: warning: passing arg 1 of `func_80177DA8' makes pointer from integer without a cast
In file included from src/ov_SC05_009/ov_SC05_009_after.c:327:
src/ov_SC05_009/../shared/ov/func_801472DC.h:3: warning: type mismatch with previous external decl
src/ov_SC05_009/../shared/ov/func_80145CEC__05c7cfc4.h:44: warning: previous external decl of `D_8012707C'
src/ov_SC05_009/../shared/ov/func_80147324.h: In function `func_80147324':
In file included from src/ov_SC05_009/ov_SC05_009_after.c:333:
src/ov_SC05_009/../shared/ov/func_80147324.h:8: warning: comparison between pointer and integer
src/ov_SC05_009/ov_SC05_009_jr_8015C32C.c:2461: warning: "SHB" redefined
 2461 | #define SHB(x) __asm__("" : "=r"(x) : "0"(x))
      | 
src/ov_SC05_009/ov_SC05_009_jr_8015C32C.c:2460: note: this is the location of the previous definition
 2460 | #define SHB(x) __asm__ __volatile__("" : "=r"(x) : "0"(x))
      | 
src/ov_SC05_009/../shared/ov/func_8015773C.h: In function `func_8015773C':
In file included from src/ov_SC05_009/ov_SC05_009_jr_80154C24.c:1341:
src/ov_SC05_009/../shared/ov/func_8015773C.h:11: warning: passing arg 1 of `func_801553A8' from incompatible pointer type
src/ov_SC05_009/ov_SC05_009_jr_80154C24.c: In function `func_801577C8':
src/ov_SC05_009/ov_SC05_009_jr_80154C24.c:1364: warning: passing arg 1 of `func_80147078' makes pointer from integer without a cast
src/ov_SC05_009/ov_SC05_009_jr_80154C24.c: At top level:
src/ov_SC05_009/ov_SC05_009_jr_80154C24.c:1379: warning: type mismatch with previous external decl
src/ov_SC05_009/ov_SC05_009_jr_80154C24.c:1365: warning: previous external decl of `func_80157808'
src/ov_SC05_009/ov_SC05_009_jr_80154C24.c:1379: warning: type mismatch with previous implicit declaration
src/ov_SC05_009/ov_SC05_009_jr_80154C24.c:1365: warning: previous implicit declaration of `func_80157808'
src/ov_SC05_009/ov_SC05_009_jr_80154C24.c:1379: warning: `func_80157808' was previously implicitly declared to return `int'
src/ov_SC05_009/../shared/ov/func_8015DA90.h: In function `func_8015DA90':
In file included from src/ov_SC05_009/ov_SC05_009_jr_8015C32C.c:1638:
src/ov_SC05_009/../shared/ov/func_8015DA90.h:7: warning: passing arg 1 of `func_8015DB6C' makes integer from pointer without a cast
src/ov_SC05_009/../shared/ov/func_80142F68.h: In function `func_80142F68':
In file included from src/ov_SC05_009/ov_SC05_009_jr_80140608.c:1570:
src/ov_SC05_009/../shared/ov/func_80142F68.h:15: warning: passing arg 1 of `func_8012C0EC' makes integer from pointer without a cast
src/ov_SC05_009/../shared/ov/func_8016D848.h: In function `func_8016D848':
In file included from src/ov_SC05_009/ov_SC05_009_jr_8016AB6C.c:3079:
src/ov_SC05_009/../shared/ov/func_8016D848.h:40: warning: passing arg 1 of `func_800D20C0' makes pointer from integer without a cast
src/ov_SC05_009/../shared/ov/func_8016D848.h:40: warning: passing arg 2 of `func_800D20C0' makes pointer from integer without a cast
src/ov_SC05_009/../shared/ov/func_801430F4.h: In function `func_801430F4':
In file included from src/ov_SC05_009/ov_SC05_009_jr_80140608.c:1592:
src/ov_SC05_009/../shared/ov/func_801430F4.h:15: warning: passing arg 1 of `func_8012C0EC' makes integer from pointer without a cast
src/ov_SC05_009/../shared/ov/func_8015DDF0.h: In function `func_8015DDF0':
In file included from src/ov_SC05_009/ov_SC05_009_jr_8015C32C.c:1702:
src/ov_SC05_009/../shared/ov/func_8015DDF0.h:7: warning: passing arg 1 of `func_8015DECC' makes integer from pointer without a cast
src/ov_SC05_009/../shared/ov/func_801432FC.h: In function `func_801432FC':
In file included from src/ov_SC05_009/ov_SC05_009_jr_80140608.c:1647:
src/ov_SC05_009/../shared/ov/func_801432FC.h:15: warning: passing arg 1 of `func_8012C044' makes integer from pointer without a cast
src/ov_SC05_009/ov_SC05_009_jr_8016AB6C.c: In function `func_8016DC20':
src/ov_SC05_009/ov_SC05_009_jr_8016AB6C.c:3197: warning: passing arg 1 of `func_80128ED8' makes integer from pointer without a cast
src/ov_SC05_009/../shared/ov/func_801433F0.h: In function `func_801433F0':
In file included from src/ov_SC05_009/ov_SC05_009_jr_80140608.c:1651:
src/ov_SC05_009/../shared/ov/func_801433F0.h:12: warning: passing arg 1 of `func_80128ED8' makes integer from pointer without a cast
src/ov_SC05_009/../shared/ov/func_801433F0.h:12: warning: passing arg 2 of `func_80128ED8' from incompatible pointer type
src/ov_SC05_009/../shared/ov/func_80147AD4.h: In function `func_80147AD4':
In file included from src/ov_SC05_009/ov_SC05_009_after.c:385:
src/ov_SC05_009/../shared/ov/func_80147AD4.h:8: warning: passing arg 2 of `func_80147B5C' makes pointer from integer without a cast
src/ov_SC05_009/../shared/ov/func_8015E150.h: In function `func_8015E150':
In file included from src/ov_SC05_009/ov_SC05_009_jr_8015C32C.c:1766:
src/ov_SC05_009/../shared/ov/func_8015E150.h:7: warning: passing arg 1 of `func_8015E22C' makes integer from pointer without a cast
src/ov_SC05_009/../shared/ov/func_8014350C.h: In function `func_8014350C':
In file included from src/ov_SC05_009/ov_SC05_009_jr_80140608.c:1665:
src/ov_SC05_009/../shared/ov/func_8014350C.h:13: warning: passing arg 1 of `func_80128ED8' makes integer from pointer without a cast
src/ov_SC05_009/ov_SC05_009_jr_80154C24.c: In function `func_80158038':
src/ov_SC05_009/ov_SC05_009_jr_80154C24.c:1543: warning: passing arg 1 of `func_80154A74' makes integer from pointer without a cast
src/ov_SC05_009/ov_SC05_009_jr_80154C24.c:1546: warning: passing arg 2 of `func_80146994' makes integer from pointer without a cast
src/ov_SC05_009/../shared/ov/func_8016DEE0.h: In function `func_8016DEE0':
In file included from src/ov_SC05_009/ov_SC05_009_jr_8016AB6C.c:3214:
src/ov_SC05_009/../shared/ov/func_8016DEE0.h:6: warning: passing arg 1 of `func_80128ED8' makes integer from pointer without a cast
src/ov_SC05_009/../shared/ov/func_80147D38.h: In function `func_80147D38':
In file included from src/ov_SC05_009/ov_SC05_009_after.c:395:
src/ov_SC05_009/../shared/ov/func_80147D38.h:12: warning: passing arg 2 of `func_80147DC0' makes integer from pointer without a cast
src/ov_SC05_009/../shared/ov/func_8016E1CC.h: At top level:
In file included from src/ov_SC05_009/ov_SC05_009_jr_8016AB6C.c:3315:
src/ov_SC05_009/../shared/ov/func_8016E1CC.h:3: warning: type mismatch with previous external decl
src/ov_SC05_009/ov_SC05_009_jr_8016AB6C.c:3239: warning: previous external decl of `func_8016E3CC'
src/ov_SC05_009/../shared/ov/func_8012D098.h: In function `func_8012D098':
In file included from src/ov_SC05_009/ov_SC05_009_jr_8012ACE0.c:454:
src/ov_SC05_009/../shared/ov/func_8012D098.h:26: warning: passing arg 1 of `func_8012F214' makes integer from pointer without a cast
src/ov_SC05_009/../shared/ov/func_8012D098.h:26: warning: passing arg 2 of `func_8012F214' makes integer from pointer without a cast
src/ov_SC05_009/../shared/ov/func_8012D098.h:26: warning: passing arg 3 of `func_8012F214' makes integer from pointer without a cast
src/ov_SC05_009/../shared/ov/func_8012D098.h:30: warning: passing arg 1 of `func_8012F214' makes integer from pointer without a cast
src/ov_SC05_009/../shared/ov/func_8012D098.h:30: warning: passing arg 2 of `func_8012F214' makes integer from pointer without a cast
src/ov_SC05_009/../shared/ov/func_8012D098.h:30: warning: passing arg 3 of `func_8012F214' makes integer from pointer without a cast
src/ov_SC05_009/../shared/ov/func_8012D098.h:34: warning: passing arg 1 of `func_8012F214' makes integer from pointer without a cast
src/ov_SC05_009/../shared/ov/func_8012D098.h:34: warning: passing arg 2 of `func_8012F214' makes integer from pointer without a cast
src/ov_SC05_009/../shared/ov/func_8012D098.h:34: warning: passing arg 3 of `func_8012F214' makes integer from pointer without a cast
src/ov_SC05_009/../shared/ov/func_8012D098.h:38: warning: passing arg 1 of `func_8012F214' makes integer from pointer without a cast
src/ov_SC05_009/../shared/ov/func_8012D098.h:38: warning: passing arg 2 of `func_8012F214' makes integer from pointer without a cast
src/ov_SC05_009/../shared/ov/func_8012D098.h:38: warning: passing arg 3 of `func_8012F214' makes integer from pointer without a cast
src/ov_SC05_009/../shared/ov/func_8012D098.h:42: warning: passing arg 1 of `func_8012F214' makes integer from pointer without a cast
src/ov_SC05_009/../shared/ov/func_8012D098.h:42: warning: passing arg 2 of `func_8012F214' makes integer from pointer without a cast
src/ov_SC05_009/../shared/ov/func_8012D098.h:42: warning: passing arg 3 of `func_8012F214' makes integer from pointer without a cast
src/ov_SC05_009/../shared/ov/func_8012D098.h:46: warning: passing arg 1 of `func_8012F214' makes integer from pointer without a cast
src/ov_SC05_009/../shared/ov/func_8012D098.h:46: warning: passing arg 2 of `func_8012F214' makes integer from pointer without a cast
src/ov_SC05_009/../shared/ov/func_8012D098.h:46: warning: passing arg 3 of `func_8012F214' makes integer from pointer without a cast
src/ov_SC05_009/../shared/ov/func_8012D098.h:50: warning: passing arg 1 of `func_8012F214' makes integer from pointer without a cast
src/ov_SC05_009/../shared/ov/func_8012D098.h:50: warning: passing arg 2 of `func_8012F214' makes integer from pointer without a cast
src/ov_SC05_009/../shared/ov/func_8012D098.h:50: warning: passing arg 3 of `func_8012F214' makes integer from pointer without a cast
src/ov_SC05_009/../shared/ov/func_8012D098.h:54: warning: passing arg 1 of `func_8012F214' makes integer from pointer without a cast
src/ov_SC05_009/../shared/ov/func_8012D098.h:54: warning: passing arg 2 of `func_8012F214' makes integer from pointer without a cast
src/ov_SC05_009/../shared/ov/func_8012D098.h:54: warning: passing arg 3 of `func_8012F214' makes integer from pointer without a cast
src/ov_SC05_009/../shared/ov/func_8012D098.h:55: warning: passing arg 1 of `func_8012D3B4' makes integer from pointer without a cast
src/ov_SC05_009/../shared/ov/func_8012D098.h:55: warning: passing arg 2 of `func_8012D3B4' makes integer from pointer without a cast
src/ov_SC05_009/../shared/ov/func_8012D098.h:56: warning: passing arg 1 of `func_8012D3B4' makes integer from pointer without a cast
src/ov_SC05_009/../shared/ov/func_8012D098.h:56: warning: passing arg 2 of `func_8012D3B4' makes integer from pointer without a cast
src/ov_SC05_009/../shared/ov/func_8012D098.h:57: warning: passing arg 1 of `func_8012D3B4' makes integer from pointer without a cast
src/ov_SC05_009/../shared/ov/func_8012D098.h:57: warning: passing arg 2 of `func_8012D3B4' makes integer from pointer without a cast
src/ov_SC05_009/../shared/ov/func_8012D098.h:58: warning: passing arg 1 of `func_8012D3B4' makes integer from pointer without a cast
src/ov_SC05_009/../shared/ov/func_8012D098.h:58: warning: passing arg 2 of `func_8012D3B4' makes integer from pointer without a cast
src/ov_SC05_009/../shared/ov/func_8012D098.h:59: warning: passing arg 1 of `func_8012D3B4' makes integer from pointer without a cast
src/ov_SC05_009/../shared/ov/func_8012D098.h:59: warning: passing arg 2 of `func_8012D3B4' makes integer from pointer without a cast
src/ov_SC05_009/../shared/ov/func_8012D098.h:60: warning: passing arg 1 of `func_8012D3B4' makes integer from pointer without a cast
src/ov_SC05_009/../shared/ov/func_8012D098.h:60: warning: passing arg 2 of `func_8012D3B4' makes integer from pointer without a cast
src/ov_SC05_009/../shared/ov/func_8012D098.h:61: warning: passing arg 1 of `func_8012D3B4' makes integer from pointer without a cast
src/ov_SC05_009/../shared/ov/func_8012D098.h:61: warning: passing arg 2 of `func_8012D3B4' makes integer from pointer without a cast
src/ov_SC05_009/../shared/ov/func_8012D098.h:62: warning: passing arg 1 of `func_8012D3B4' makes integer from pointer without a cast
src/ov_SC05_009/../shared/ov/func_8012D098.h:62: warning: passing arg 2 of `func_8012D3B4' makes integer from pointer without a cast
src/ov_SC05_009/../shared/ov/func_8012D098.h:63: warning: passing arg 1 of `func_8012D3B4' makes integer from pointer without a cast
src/ov_SC05_009/../shared/ov/func_8012D098.h:63: warning: passing arg 2 of `func_8012D3B4' makes integer from pointer without a cast
src/ov_SC05_009/../shared/ov/func_8012D098.h:64: warning: passing arg 1 of `func_8012D3B4' makes integer from pointer without a cast
src/ov_SC05_009/../shared/ov/func_8012D098.h:64: warning: passing arg 2 of `func_8012D3B4' makes integer from pointer without a cast
src/ov_SC05_009/../shared/ov/func_8012D098.h:65: warning: passing arg 1 of `func_8012D3B4' makes integer from pointer without a cast
src/ov_SC05_009/../shared/ov/func_8012D098.h:65: warning: passing arg 2 of `func_8012D3B4' makes integer from pointer without a cast
src/ov_SC05_009/../shared/ov/func_8012D098.h:66: warning: passing arg 1 of `func_8012D3B4' makes integer from pointer without a cast
src/ov_SC05_009/../shared/ov/func_8012D098.h:66: warning: passing arg 2 of `func_8012D3B4' makes integer from pointer without a cast
{standard input}: Assembler messages:
{standard input}:567: Warning: used $at without ".set noat"
{standard input}:568: Warning: used $at without ".set noat"
{standard input}:676: Warning: used $at without ".set noat"
{standard input}:677: Warning: used $at without ".set noat"
src/ov_SC05_009/../shared/ov/func_8015E84C.h: In function `func_8015E84C':
In file included from src/ov_SC05_009/ov_SC05_009_jr_8015C32C.c:1858:
src/ov_SC05_009/../shared/ov/func_8015E84C.h:7: warning: passing arg 1 of `func_8015E95C' makes integer from pointer without a cast
src/ov_SC05_009/../shared/ov/func_8012D38C.h: In function `func_8012D38C':
In file included from src/ov_SC05_009/ov_SC05_009_jr_8012ACE0.c:456:
src/ov_SC05_009/../shared/ov/func_8012D38C.h:5: warning: passing arg 1 of `func_8012D098' makes pointer from integer without a cast
src/ov_SC05_009/../shared/ov/func_8012D3B4.h: At top level:
In file included from src/ov_SC05_009/ov_SC05_009_jr_8012ACE0.c:460:
src/ov_SC05_009/../shared/ov/func_8012D3B4.h:4: warning: type mismatch with previous external decl
src/ov_SC05_009/../shared/ov/func_8012CFA8.h:6: warning: previous external decl of `RotTransPers'
src/ov_SC05_009/../shared/ov/func_8012D3B4.h: In function `func_8012D3B4':
src/ov_SC05_009/../shared/ov/func_8012D3B4.h:22: warning: passing arg 2 of `RotTransPers' makes integer from pointer without a cast
src/ov_SC05_009/../shared/ov/func_8012D3B4.h:23: warning: passing arg 2 of `RotTransPers' makes integer from pointer without a cast
src/ov_SC05_009/../shared/ov/func_8015E95C.h: In function `func_8015E95C':
In file included from src/ov_SC05_009/ov_SC05_009_jr_8015C32C.c:1875:
src/ov_SC05_009/../shared/ov/func_8015E95C.h:10: warning: passing arg 1 of `func_8015E9B8' makes pointer from integer without a cast
src/ov_SC05_009/../shared/ov/func_8013B204.h: In function `func_8013B204':
In file included from src/ov_SC05_009/ov_SC05_009_jr_801380E0.c:1217:
src/ov_SC05_009/../shared/ov/func_8013B204.h:10: warning: assignment makes pointer from integer without a cast
src/ov_SC05_009/../shared/ov/func_8012D4B4.h: In function `func_8012D4B4':
In file included from src/ov_SC05_009/ov_SC05_009_jr_8012ACE0.c:462:
src/ov_SC05_009/../shared/ov/func_8012D4B4.h:27: warning: passing arg 2 of `RotTransPers' makes integer from pointer without a cast
src/ov_SC05_009/../shared/ov/func_8012D4B4.h:29: warning: passing arg 2 of `RotTransPers' makes integer from pointer without a cast
src/ov_SC05_009/../shared/ov/func_8015EA3C__47c5b5e8.h: In function `func_8015EA3C':
In file included from src/ov_SC05_009/ov_SC05_009_jr_8015C32C.c:1910:
src/ov_SC05_009/../shared/ov/func_8015EA3C__47c5b5e8.h:77: warning: passing arg 1 makes integer from pointer without a cast
src/ov_SC05_009/ov_SC05_009_jr_8016AB6C.c:3417: warning: type mismatch with previous external decl
src/ov_SC05_009/ov_SC05_009_jr_8016AB6C.c:1901: warning: previous external decl of `func_80024054'
src/ov_SC05_009/../shared/ov/func_8015EDA0.h: In function `func_8015EDA0':
In file included from src/ov_SC05_009/ov_SC05_009_jr_8015C32C.c:1915:
src/ov_SC05_009/../shared/ov/func_8015EDA0.h:7: warning: passing arg 1 of `func_8015EE7C' makes integer from pointer without a cast
src/ov_SC05_009/ov_SC05_009_jr_80140608.c: In function `func_801442F8':
src/ov_SC05_009/ov_SC05_009_jr_80140608.c:1784: warning: passing arg 1 of `func_8012C218' makes pointer from integer without a cast
src/ov_SC05_009/../shared/ov/func_8015EFA4.h: In function `func_8015EFA4':
In file included from src/ov_SC05_009/ov_SC05_009_jr_8015C32C.c:1972:
src/ov_SC05_009/../shared/ov/func_8015EFA4.h:7: warning: passing arg 1 of `func_8015F080' makes integer from pointer without a cast
src/ov_SC05_009/../shared/ov/func_80144458__f427c0b3.h: In function `func_80144458':
In file included from src/ov_SC05_009/ov_SC05_009_jr_80140608.c:1808:
src/ov_SC05_009/../shared/ov/func_80144458__f427c0b3.h:15: warning: passing arg 1 of `func_8012AD80' makes integer from pointer without a cast
src/ov_SC05_009/../shared/ov/func_80144458__f427c0b3.h:21: warning: passing arg 1 of `func_80128ED8' makes integer from pointer without a cast
src/ov_SC05_009/../shared/ov/func_8016EDEC.h: In function `func_8016EDEC':
In file included from src/ov_SC05_009/ov_SC05_009_jr_8016AB6C.c:3502:
src/ov_SC05_009/../shared/ov/func_8016EDEC.h:13: warning: assignment from incompatible pointer type
src/ov_SC05_009/../shared/ov/func_8016EDEC.h:16: warning: passing arg 1 from incompatible pointer type
src/ov_SC05_009/../shared/ov/func_8016EDEC.h:17: warning: passing arg 1 from incompatible pointer type
src/ov_SC05_009/../shared/ov/func_8016EE40.h: In function `func_8016EE40':
In file included from src/ov_SC05_009/ov_SC05_009_jr_8016AB6C.c:3504:
src/ov_SC05_009/../shared/ov/func_8016EE40.h:17: warning: passing arg 1 from incompatible pointer type
src/ov_SC05_009/../shared/ov/func_8016EE40.h:19: warning: passing arg 1 from incompatible pointer type
src/ov_SC05_009/ov_SC05_009_jr_8012ACE0.c: At top level:
src/ov_SC05_009/ov_SC05_009_jr_8012ACE0.c:483: warning: type mismatch with previous external decl
src/ov_SC05_009/../shared/ov/func_8012D664__46ca4ffa.h:4: warning: previous external decl of `func_8012F568'
src/ov_SC05_009/ov_SC05_009_jr_8012ACE0.c: In function `func_8012DB84':
src/ov_SC05_009/ov_SC05_009_jr_8012ACE0.c:491: warning: passing arg 5 of `func_8012F568' makes integer from pointer without a cast
src/ov_SC05_009/ov_SC05_009_jr_8012ACE0.c:491: warning: passing arg 6 of `func_8012F568' makes integer from pointer without a cast
src/ov_SC05_009/../shared/ov/func_8014462C.h: In function `func_8014462C':
In file included from src/ov_SC05_009/ov_SC05_009_jr_80140608.c:1813:
src/ov_SC05_009/../shared/ov/func_8014462C.h:13: warning: passing arg 1 of `func_80128ED8' makes integer from pointer without a cast
src/ov_SC05_009/../shared/ov/func_8014462C.h:13: warning: passing arg 2 of `func_80128ED8' from incompatible pointer type
src/ov_SC05_009/ov_SC05_009_jr_8012ACE0.c: In function `func_8012DDA4':
src/ov_SC05_009/ov_SC05_009_jr_8012ACE0.c:515: warning: return makes integer from pointer without a cast
src/ov_SC05_009/ov_SC05_009_jr_8012ACE0.c: In function `func_8012DE2C':
src/ov_SC05_009/ov_SC05_009_jr_8012ACE0.c:530: warning: type mismatch with previous external decl
src/ov_SC05_009/ov_SC05_009_jr_8012ACE0.c:505: warning: previous external decl of `D_80195774'
src/ov_SC05_009/ov_SC05_009_jr_8012ACE0.c:531: warning: type mismatch with previous external decl
src/ov_SC05_009/ov_SC05_009_jr_8012ACE0.c:506: warning: previous external decl of `D_80195770'
src/ov_SC05_009/ov_SC05_009_jr_8012ACE0.c:546: warning: return makes integer from pointer without a cast
src/ov_SC05_009/../shared/ov/func_80178004.h: In function `func_80178004':
In file included from src/ov_SC05_009/ov_SC05_009_jr_801734BC.c:3007:
src/ov_SC05_009/../shared/ov/func_80178004.h:133: warning: return makes integer from pointer without a cast
src/ov_SC05_009/../shared/ov/func_8016F4FC.h: In function `func_8016F4FC':
In file included from src/ov_SC05_009/ov_SC05_009_jr_8016AB6C.c:3602:
src/ov_SC05_009/../shared/ov/func_8016F4FC.h:9: warning: passing arg 1 of `func_800D1724' makes integer from pointer without a cast
src/ov_SC05_009/../shared/ov/func_8015F89C__44cecb64.h: In function `func_8015F89C':
In file included from src/ov_SC05_009/ov_SC05_009_jr_8015C32C.c:2075:
src/ov_SC05_009/../shared/ov/func_8015F89C__44cecb64.h:13: warning: passing arg 2 of `func_801466F0' makes integer from pointer without a cast
src/ov_SC05_009/../shared/ov/func_8012E138.h: In function `func_8012E138':
In file included from src/ov_SC05_009/ov_SC05_009_jr_8012ACE0.c:568:
src/ov_SC05_009/../shared/ov/func_8012E138.h:19: warning: passing arg 2 of `func_8012F038' from incompatible pointer type
src/ov_SC05_009/../shared/ov/func_8012E138.h:19: warning: passing arg 3 of `func_8012F038' from incompatible pointer type
src/ov_SC05_009/../shared/ov/func_8012E138.h:36: warning: passing arg 2 of `func_8012F14C' makes integer from pointer without a cast
src/ov_SC05_009/../shared/ov/func_8012E138.h:36: warning: passing arg 3 of `func_8012F14C' makes integer from pointer without a cast
src/ov_SC05_009/../shared/ov/func_8012E138.h:37: warning: passing arg 3 of `func_80135888' makes integer from pointer without a cast
src/ov_SC05_009/../shared/ov/func_8012E138.h:37: warning: passing arg 4 of `func_80135888' makes integer from pointer without a cast
src/ov_SC05_009/../shared/ov/func_8016F71C.h: In function `func_8016F71C':
In file included from src/ov_SC05_009/ov_SC05_009_jr_8016AB6C.c:3628:
src/ov_SC05_009/../shared/ov/func_8016F71C.h:11: warning: passing arg 1 of `func_8016F764' makes pointer from integer without a cast
src/ov_SC05_009/../shared/ov/func_8016FE2C.h: In function `func_8016FE2C':
In file included from src/ov_SC05_009/ov_SC05_009_jr_8016AB6C.c:3732:
src/ov_SC05_009/../shared/ov/func_8016FE2C.h:7: warning: passing arg 1 of `func_80172658' from incompatible pointer type
src/ov_SC05_009/../shared/ov/func_80149210.h: At top level:
In file included from src/ov_SC05_009/ov_SC05_009_after.c:562:
src/ov_SC05_009/../shared/ov/func_80149210.h:3: warning: type mismatch with previous external decl
src/ov_SC05_009/../shared/ov/func_80145CEC__05c7cfc4.h:10: warning: previous external decl of `func_80149210'
src/ov_SC05_009/../shared/ov/func_80170374.h: In function `func_80170374':
In file included from src/ov_SC05_009/ov_SC05_009_jr_8016AB6C.c:3800:
src/ov_SC05_009/../shared/ov/func_80170374.h:11: warning: passing arg 1 of `func_8014C168' from incompatible pointer type
src/ov_SC05_009/../shared/ov/func_8017044C.h: In function `func_8017044C':
In file included from src/ov_SC05_009/ov_SC05_009_jr_8016AB6C.c:3812:
src/ov_SC05_009/../shared/ov/func_8017044C.h:14: warning: passing arg 1 of `func_80171AB0' makes integer from pointer without a cast
src/ov_SC05_009/../shared/ov/func_801705C0.h: In function `func_801705C0':
In file included from src/ov_SC05_009/ov_SC05_009_jr_8016AB6C.c:3836:
src/ov_SC05_009/../shared/ov/func_801705C0.h:8: warning: passing arg 1 makes integer from pointer without a cast
src/ov_SC05_009/../shared/ov/func_80160B70.h: In function `func_80160B70':
In file included from src/ov_SC05_009/ov_SC05_009_jr_8015C32C.c:2377:
src/ov_SC05_009/../shared/ov/func_80160B70.h:7: warning: passing arg 1 of `func_80160BB4' makes pointer from integer without a cast
src/ov_SC05_009/../shared/ov/func_8012F568.h: In function `func_8012F568':
In file included from src/ov_SC05_009/ov_SC05_009_jr_8012ACE0.c:964:
src/ov_SC05_009/../shared/ov/func_8012F568.h:12: warning: passing arg 2 of `memcpy' makes pointer from integer without a cast
src/ov_SC05_009/../shared/ov/func_8012F568.h:13: warning: passing arg 2 of `memcpy' makes pointer from integer without a cast
src/ov_SC05_009/../shared/ov/func_80170B48.h: In function `func_80170B48':
In file included from src/ov_SC05_009/ov_SC05_009_jr_8016AB6C.c:3910:
src/ov_SC05_009/../shared/ov/func_80170B48.h:9: warning: passing arg 1 of `func_8014706C' makes pointer from integer without a cast
src/ov_SC05_009/../shared/ov/func_80170B90.h: At top level:
In file included from src/ov_SC05_009/ov_SC05_009_jr_8016AB6C.c:3912:
src/ov_SC05_009/../shared/ov/func_80170B90.h:5: warning: type mismatch with previous external decl
src/ov_SC05_009/../shared/ov/func_80170B48.h:12: warning: previous external decl of `func_80170B90'
src/ov_SC05_009/../shared/ov/func_80170B90.h:5: warning: type mismatch with previous implicit declaration
src/ov_SC05_009/../shared/ov/func_80170B48.h:12: warning: previous implicit declaration of `func_80170B90'
src/ov_SC05_009/../shared/ov/func_80170B90.h:5: warning: `func_80170B90' was previously implicitly declared to return `int'
src/ov_SC05_009/../shared/ov/func_80170CF0.h: In function `func_80170CF0':
In file included from src/ov_SC05_009/ov_SC05_009_jr_8016AB6C.c:3937:
src/ov_SC05_009/../shared/ov/func_80170CF0.h:11: warning: passing arg 1 makes integer from pointer without a cast
src/ov_SC05_009/../shared/ov/func_80170DE0.h: In function `func_80170DE0':
In file included from src/ov_SC05_009/ov_SC05_009_jr_8016AB6C.c:3950:
src/ov_SC05_009/../shared/ov/func_80170DE0.h:11: warning: passing arg 1 makes integer from pointer without a cast
src/ov_SC05_009/../shared/ov/func_80170EAC.h: In function `func_80170EAC':
In file included from src/ov_SC05_009/ov_SC05_009_jr_8016AB6C.c:3962:
src/ov_SC05_009/../shared/ov/func_80170EAC.h:11: warning: passing arg 1 makes integer from pointer without a cast
src/ov_SC05_009/../shared/ov/func_80160F70.h: In function `func_80160F70':
In file included from src/ov_SC05_009/ov_SC05_009_jr_8015C32C.c:2416:
src/ov_SC05_009/../shared/ov/func_80160F70.h:15: warning: passing arg 1 of `func_8013767C' makes integer from pointer without a cast
src/ov_SC05_009/../shared/ov/func_801710DC.h: In function `func_801710DC':
In file included from src/ov_SC05_009/ov_SC05_009_jr_8016AB6C.c:3998:
src/ov_SC05_009/../shared/ov/func_801710DC.h:9: warning: passing arg 1 makes integer from pointer without a cast
src/ov_SC05_009/../shared/ov/func_801710DC.h:10: warning: passing arg 1 makes integer from pointer without a cast
src/ov_SC05_009/../shared/ov/func_80149F2C.h: In function `func_80149F2C':
In file included from src/ov_SC05_009/ov_SC05_009_after.c:655:
src/ov_SC05_009/../shared/ov/func_80149F2C.h:9: warning: initialization makes pointer from integer without a cast
src/ov_SC05_009/../shared/ov/func_80161208.h: In function `aF80161208':
In file included from src/ov_SC05_009/ov_SC05_009_jr_8015C32C.c:2449:
src/ov_SC05_009/../shared/ov/func_80161208.h:6: warning: passing arg 1 makes integer from pointer without a cast
src/ov_SC05_009/../shared/ov/func_80161278.h: In function `func_80161278':
In file included from src/ov_SC05_009/ov_SC05_009_jr_8015C32C.c:2454:
src/ov_SC05_009/../shared/ov/func_80161278.h:10: warning: passing arg 1 of `func_80161374' makes integer from pointer without a cast
src/ov_SC05_009/../shared/ov/func_801612B8.h: In function `func_801612B8':
In file included from src/ov_SC05_009/ov_SC05_009_jr_8015C32C.c:2456:
src/ov_SC05_009/../shared/ov/func_801612B8.h:11: warning: assignment makes integer from pointer without a cast
src/ov_SC05_009/../shared/ov/func_80161418.h: In function `func_80161418':
In file included from src/ov_SC05_009/ov_SC05_009_jr_8015C32C.c:2506:
src/ov_SC05_009/../shared/ov/func_80161418.h:6: warning: passing arg 1 of `func_8016163C' makes integer from pointer without a cast
src/ov_SC05_009/../shared/ov/func_80161450.h: In function `func_80161450':
In file included from src/ov_SC05_009/ov_SC05_009_jr_8015C32C.c:2508:
src/ov_SC05_009/../shared/ov/func_80161450.h:6: warning: passing arg 1 of `func_80161774' makes integer from pointer without a cast
src/ov_SC05_009/../shared/ov/func_80161488.h: In function `func_80161488':
In file included from src/ov_SC05_009/ov_SC05_009_jr_8015C32C.c:2510:
src/ov_SC05_009/../shared/ov/func_80161488.h:9: warning: passing arg 1 of `func_80161774' makes integer from pointer without a cast
src/ov_SC05_009/../shared/ov/func_801614E4.h: In function `func_801614E4':
In file included from src/ov_SC05_009/ov_SC05_009_jr_8015C32C.c:2512:
src/ov_SC05_009/../shared/ov/func_801614E4.h:6: warning: passing arg 1 of `func_80161888' makes integer from pointer without a cast
src/ov_SC05_009/../shared/ov/func_80161554.h: In function `func_80161554':
In file included from src/ov_SC05_009/ov_SC05_009_jr_8015C32C.c:2516:
src/ov_SC05_009/../shared/ov/func_80161554.h:6: warning: passing arg 1 of `func_8016163C' makes integer from pointer without a cast
src/ov_SC05_009/../shared/ov/func_8016158C.h: In function `func_8016158C':
In file included from src/ov_SC05_009/ov_SC05_009_jr_8015C32C.c:2518:
src/ov_SC05_009/../shared/ov/func_8016158C.h:6: warning: passing arg 1 of `func_80161774' makes integer from pointer without a cast
src/ov_SC05_009/../shared/ov/func_801615C4.h: In function `func_801615C4':
In file included from src/ov_SC05_009/ov_SC05_009_jr_8015C32C.c:2520:
src/ov_SC05_009/../shared/ov/func_801615C4.h:12: warning: passing arg 1 of `func_80146D90' makes integer from pointer without a cast
src/ov_SC05_009/../shared/ov/func_801615C4.h:15: warning: passing arg 1 makes integer from pointer without a cast
src/ov_SC05_009/../shared/ov/func_801615C4.h:17: warning: passing arg 1 makes integer from pointer without a cast
src/ov_SC05_009/../shared/ov/func_8016163C.h: In function `func_8016163C':
In file included from src/ov_SC05_009/ov_SC05_009_jr_8015C32C.c:2535:
src/ov_SC05_009/../shared/ov/func_8016163C.h:17: warning: passing arg 1 of `func_801599A4' makes pointer from integer without a cast
src/ov_SC05_009/../shared/ov/func_8016163C.h:18: warning: passing arg 1 of `func_80159B3C' makes pointer from integer without a cast
src/ov_SC05_009/../shared/ov/func_8016163C.h:24: warning: passing arg 1 of `func_801599A4' makes pointer from integer without a cast
src/ov_SC05_009/../shared/ov/func_8016163C.h:31: warning: passing arg 1 of `func_801599A4' makes pointer from integer without a cast
src/ov_SC05_009/../shared/ov/func_8016163C.h:32: warning: passing arg 1 of `func_80159B3C' makes pointer from integer without a cast
src/ov_SC05_009/../shared/ov/func_8016163C.h:44: warning: passing arg 1 of `func_801599A4' makes pointer from integer without a cast
src/ov_SC05_009/../shared/ov/func_8016163C.h:45: warning: passing arg 1 of `func_8015F2F0' makes pointer from integer without a cast
src/ov_SC05_009/../shared/ov/func_80161774.h: In function `func_80161774':
In file included from src/ov_SC05_009/ov_SC05_009_jr_8015C32C.c:2547:
src/ov_SC05_009/../shared/ov/func_80161774.h:22: warning: passing arg 1 of `func_801599A4' makes pointer from integer without a cast
src/ov_SC05_009/../shared/ov/func_80161774.h:44: warning: passing arg 1 of `func_801599A4' makes pointer from integer without a cast
src/ov_SC05_009/../shared/ov/func_8014B034.h: At top level:
In file included from src/ov_SC05_009/ov_SC05_009_after.c:764:
src/ov_SC05_009/../shared/ov/func_8014B034.h:4: warning: type mismatch with previous external decl
src/ov_SC05_009/../shared/ov/func_8014ADE0.h:22: warning: previous external decl of `D_80078E90'
src/ov_SC05_009/../shared/ov/func_80130D48__bbfb4341.h: In function `func_80130D48':
In file included from src/ov_SC05_009/ov_SC05_009_jr_8012ACE0.c:1115:
src/ov_SC05_009/../shared/ov/func_80130D48__bbfb4341.h:153: warning: assignment makes pointer from integer without a cast
src/ov_SC05_009/ov_SC05_009_jr_8015C32C.c: At top level:
src/ov_SC05_009/ov_SC05_009_jr_8015C32C.c:2827: warning: type mismatch with previous external decl
src/ov_SC05_009/ov_SC05_009_jr_8015C32C.c:2757: warning: previous external decl of `D_80195940'
src/ov_SC05_009/ov_SC05_009_jr_8015C32C.c:2849: warning: src/ov_SC05_009/ov_SC05_009_jr_8012ACE0.c: type mismatch with previous external declIn function `func_80131340':

src/ov_SC05_009/ov_SC05_009_jr_8012ACE0.c:1257: src/ov_SC05_009/ov_SC05_009_jr_8015C32C.c:2742: warning: warning: type mismatch with previous external decl
previous external decl of `src/ov_SC05_009/ov_SC05_009_jr_8012ACE0.c:1140: D_80078EB0warning: 'previous external decl of `
D_8017EF7C'
src/ov_SC05_009/ov_SC05_009_jr_8012ACE0.c:1303: warning: passing arg 1 of `func_80131E00' makes pointer from integer without a cast
src/ov_SC05_009/ov_SC05_009_jr_8012ACE0.c:1357: warning: passing arg 1 of `func_80131E00' makes pointer from integer without a cast
src/ov_SC05_009/ov_SC05_009_jr_8012ACE0.c:1401: warning: passing arg 1 of `func_80131E00' makes pointer from integer without a cast
src/ov_SC05_009/ov_SC05_009_jr_8012ACE0.c:1432: warning: passing arg 1 of `func_80131E00' makes pointer from integer without a cast
src/ov_SC05_009/ov_SC05_009_jr_8012ACE0.c:1437: warning: passing arg 1 of `func_80131E00' makes pointer from integer without a cast
src/ov_SC05_009/ov_SC05_009_jr_8012ACE0.c:1454: warning: passing arg 1 of `func_80131E00' makes pointer from integer without a cast
src/ov_SC05_009/ov_SC05_009_jr_8012ACE0.c:1464: warning: passing arg 1 of `func_80131E00' makes pointer from integer without a cast
src/ov_SC05_009/ov_SC05_009_jr_8015C32C.c: In function `func_801622C4':
src/ov_SC05_009/ov_SC05_009_jr_8015C32C.c:2873: warning: assignment from incompatible pointer type
In file included from src/ov_SC05_009/ov_SC05_009_after.c:842:
src/ov_SC05_009/../shared/ov/func_8014BE9C.h:4: warning: type mismatch with previous external decl
src/ov_SC05_009/../shared/ov/func_80145CEC__05c7cfc4.h:11: warning: previous external decl of `func_8014BE9C'
src/ov_SC05_009/../shared/ov/func_8014C168.h: In function `func_8014C168':
In file included from src/ov_SC05_009/ov_SC05_009_after.c:872:
src/ov_SC05_009/../shared/ov/func_8014C168.h:12: warning: return makes integer from pointer without a cast
src/ov_SC05_009/../shared/ov/func_8014C168.h:16: warning: return makes integer from pointer without a cast
src/ov_SC05_009/../shared/ov/func_8014C3D0.h: In function `func_8014C3D0':
In file included from src/ov_SC05_009/ov_SC05_009_after.c:894:
src/ov_SC05_009/../shared/ov/func_8014C3D0.h:6: warning: passing arg 2 of `func_8014C59C' makes pointer from integer without a cast
src/ov_SC05_009/../shared/ov/func_8014C43C.h: In function `func_8014C43C':
In file included from src/ov_SC05_009/ov_SC05_009_after.c:896:
src/ov_SC05_009/../shared/ov/func_8014C43C.h:9: warning: passing arg 4 of `func_8014C4AC' makes pointer from integer without a cast
src/ov_SC05_009/../shared/ov/func_8014C6D0.h: At top level:
In file included from src/ov_SC05_009/ov_SC05_009_after.c:926:
src/ov_SC05_009/../shared/ov/func_8014C6D0.h:4: warning: type mismatch with previous external decl
src/ov_SC05_009/../shared/ov/func_80145CEC__05c7cfc4.h:19: warning: previous external decl of `func_8014C6D0'
src/ov_SC05_009/../shared/ov/func_8016345C.h: At top level:
In file included from src/ov_SC05_009/ov_SC05_009_jr_8015C32C.c:3162:
src/ov_SC05_009/../shared/ov/func_8016345C.h:5: warning: type mismatch with previous external decl
src/ov_SC05_009/ov_SC05_009_jr_8015C32C.c:3152: warning: previous external decl of `func_8016345C'
src/ov_SC05_009/../shared/ov/func_8016345C.h: In function `func_8016345C':
src/ov_SC05_009/../shared/ov/func_8016345C.h:8: warning: passing arg 6 of `func_80163534' makes pointer from integer without a cast
In file included from src/ov_SC05_009/ov_SC05_009_after.c:968:
src/ov_SC05_009/../shared/ov/func_8014C968.h:4: warning: type mismatch with previous external decl
src/ov_SC05_009/../shared/ov/func_80145CEC__05c7cfc4.h:18: warning: previous external decl of `func_8014C968'
src/ov_SC05_009/ov_SC05_009_jr_8015C32C.c: At top level:
src/ov_SC05_009/ov_SC05_009_jr_8015C32C.c:3168: warning: type mismatch with previous external decl
src/ov_SC05_009/ov_SC05_009_jr_8015C32C.c:3153: warning: previous external decl of `D_80195210'
src/ov_SC05_009/../shared/ov/func_801325B8.h: In function `func_801325B8':
In file included from src/ov_SC05_009/ov_SC05_009_jr_8012ACE0.c:1752:
src/ov_SC05_009/../shared/ov/func_801325B8.h:34: warning: passing arg 1 of `memcpy' makes pointer from integer without a cast
src/ov_SC05_009/../shared/ov/func_801325B8.h:34: warning: passing arg 2 of `memcpy' makes pointer from integer without a cast
src/ov_SC05_009/../shared/ov/func_801325B8.h:57: warning: passing arg 1 of `memcpy' makes pointer from integer without a cast
src/ov_SC05_009/../shared/ov/func_801325B8.h:57: warning: passing arg 2 of `memcpy' makes pointer from integer without a cast
src/ov_SC05_009/../shared/ov/func_8014CD0C.h: In function `func_8014CD0C':
In file included from src/ov_SC05_009/ov_SC05_009_after.c:1042:
src/ov_SC05_009/../shared/ov/func_8014CD0C.h:21: warning: passing arg 2 of `func_8014CF04' makes integer from pointer without a cast
src/ov_SC05_009/../shared/ov/func_80132EF4.h: In function `func_80132EF4':
In file included from src/ov_SC05_009/ov_SC05_009_jr_8012ACE0.c:1764:
src/ov_SC05_009/../shared/ov/func_80132EF4.h:6: warning: initialization makes integer from pointer without a cast
src/ov_SC05_009/../shared/ov/func_80132F40.h: In function `func_80132F40':
In file included from src/ov_SC05_009/ov_SC05_009_jr_8012ACE0.c:1845:
src/ov_SC05_009/../shared/ov/func_80132F40.h:34: warning: passing arg 2 of `func_8012F038' from incompatible pointer type
src/ov_SC05_009/../shared/ov/func_80132F40.h:34: warning: passing arg 3 of `func_8012F038' from incompatible pointer type
src/ov_SC05_009/../shared/ov/func_80132F40.h:36: warning: passing arg 2 of `func_8012F14C' makes integer from pointer without a cast
src/ov_SC05_009/../shared/ov/func_80132F40.h:36: warning: passing arg 3 of `func_8012F14C' makes integer from pointer without a cast
src/ov_SC05_009/../shared/ov/func_8014D438.h: In function `func_8014D438':
In file included from src/ov_SC05_009/ov_SC05_009_after.c:1119:
src/ov_SC05_009/../shared/ov/func_8014D438.h:15: warning: passing arg 2 of `func_8014D610' makes integer from pointer without a cast
src/ov_SC05_009/ov_SC05_009_jr_8012ACE0.c: In function `func_80133AB0':
src/ov_SC05_009/ov_SC05_009_jr_8012ACE0.c:2096: warning: type mismatch with previous external decl
src/ov_SC05_009/ov_SC05_009_jr_8012ACE0.c:1985: warning: previous external decl of `D_8017F058'
src/ov_SC05_009/ov_SC05_009_jr_8012ACE0.c:2097: warning: type mismatch with previous external decl
src/ov_SC05_009/ov_SC05_009_jr_8012ACE0.c:1984: warning: previous external decl of `D_8017F054'
src/ov_SC05_009/ov_SC05_009_jr_8012ACE0.c: In function `func_80133CD4':
src/ov_SC05_009/ov_SC05_009_jr_8012ACE0.c:2180: warning: type mismatch with previous external decl
src/ov_SC05_009/ov_SC05_009_jr_8012ACE0.c:1985: warning: previous external decl of `D_8017F058'
src/ov_SC05_009/ov_SC05_009_jr_8012ACE0.c:2181: warning: type mismatch with previous external decl
src/ov_SC05_009/ov_SC05_009_jr_8012ACE0.c:1984: warning: previous external decl of `D_8017F054'
src/ov_SC05_009/ov_SC05_009_jr_8012ACE0.c:2182: warning: type mismatch with previous external decl
src/ov_SC05_009/ov_SC05_009_jr_8012ACE0.c:2098: warning: previous external decl of `D_8017F060'
src/ov_SC05_009/../shared/ov/func_8014E48C.h: In function `func_8014E48C':
In file included from src/ov_SC05_009/ov_SC05_009_after.c:1340:
src/ov_SC05_009/../shared/ov/func_8014E48C.h:17: warning: passing arg 1 of `func_8014E514' makes pointer from integer without a cast
src/ov_SC05_009/../shared/ov/func_8014E48C.h:17: warning: passing arg 2 of `func_8014E514' makes integer from pointer without a cast
src/ov_SC05_009/../shared/ov/func_8014E48C.h:17: warning: passing arg 3 of `func_8014E514' makes integer from pointer without a cast
src/ov_SC05_009/ov_SC05_009_jr_8012ACE0.c: In function `func_801343C4':
src/ov_SC05_009/ov_SC05_009_jr_8012ACE0.c:2356: warning: type mismatch with previous external decl
src/ov_SC05_009/ov_SC05_009_jr_8012ACE0.c:1984: warning: previous external decl of `D_8017F054'
src/ov_SC05_009/ov_SC05_009_jr_8012ACE0.c:2357: warning: type mismatch with previous external decl
src/ov_SC05_009/ov_SC05_009_jr_8012ACE0.c:1985: warning: previous external decl of `D_8017F058'
src/ov_SC05_009/ov_SC05_009_jr_8012ACE0.c:2359: warning: type mismatch with previous external decl
src/ov_SC05_009/ov_SC05_009_jr_8012ACE0.c:1986: warning: previous external decl of `D_801957CC'
src/ov_SC05_009/ov_SC05_009_jr_8012ACE0.c: In function `func_80134510':
src/ov_SC05_009/ov_SC05_009_jr_8012ACE0.c:2412: warning: type mismatch with previous external decl
src/ov_SC05_009/ov_SC05_009_jr_8012ACE0.c:1984: warning: previous external decl of `D_8017F054'
src/ov_SC05_009/ov_SC05_009_jr_8012ACE0.c:2413: warning: type mismatch with previous external decl
src/ov_SC05_009/ov_SC05_009_jr_8012ACE0.c:1985: warning: previous external decl of `D_8017F058'
src/ov_SC05_009/ov_SC05_009_jr_8012ACE0.c:2414: warning: type mismatch with previous external decl
src/ov_SC05_009/ov_SC05_009_jr_8012ACE0.c:2183: warning: previous external decl of `D_8017F05C'
src/ov_SC05_009/../shared/ov/func_8014E790.h: In function `func_8014E790':
src/ov_SC05_009/ov_SC05_009_jr_8015C32C.c:3578: In file includedwarning:  from src/ov_SC05_009/ov_SC05_009_after.c:1418:
type mismatch with previous external declsrc/ov_SC05_009/../shared/ov/func_8014E790.h:8: 
warning: src/ov_SC05_009/ov_SC05_009_jr_8015C32C.c:3556: passing arg 3 of `func_80135888' makes integer from pointer without a castwarning: 
previous external decl of `D_80195A38src/ov_SC05_009/../shared/ov/func_8014E790.h:8: 'warning: 
passing arg 4 of `func_80135888' makes integer from pointer without a cast
src/ov_SC05_009/ov_SC05_009_jr_8015C32C.c: In function `func_801651B8':
src/ov_SC05_009/ov_SC05_009_jr_8015C32C.c:3586: warning: assignment makes integer from pointer without a cast
src/ov_SC05_009/ov_SC05_009_jr_8012ACE0.c: In function `func_801345F8':
src/ov_SC05_009/ov_SC05_009_jr_8012ACE0.c:2461: warning: type mismatch with previous external decl
src/ov_SC05_009/ov_SC05_009_jr_8012ACE0.c:1984: warning: previous external decl of `D_8017F054'
src/ov_SC05_009/../shared/ov/func_8014E83C.h: In function `func_8014E83C':
In file included from src/ov_SC05_009/ov_SC05_009_after.c:1420:
src/ov_SC05_009/../shared/ov/func_8014E83C.h:18: warning: passing arg 3 of `func_80135888' makes integer from pointer without a cast
src/ov_SC05_009/../shared/ov/func_8014E83C.h:18: warning: passing arg 4 of `func_80135888' makes integer from pointer without a cast
src/ov_SC05_009/../shared/ov/func_801347A0__c71b12a0.h: At top level:
In file included from src/ov_SC05_009/ov_SC05_009_jr_8012ACE0.c:2520:
src/ov_SC05_009/../shared/ov/func_801347A0__c71b12a0.h:3: warning: type mismatch with previous external decl
src/ov_SC05_009/ov_SC05_009_jr_8012ACE0.c:2460: warning: previous external decl of `func_801347A0'
src/ov_SC05_009/../shared/ov/func_801347A0__c71b12a0.h: In function `func_801347A0':
src/ov_SC05_009/../shared/ov/func_801347A0__c71b12a0.h:5: warning: type mismatch with previous external decl
src/ov_SC05_009/ov_SC05_009_jr_8012ACE0.c:1985: warning: previous external decl of `D_8017F058'
src/ov_SC05_009/../shared/ov/func_801347A0__c71b12a0.h:6: warning: type mismatch with previous external decl
src/ov_SC05_009/ov_SC05_009_jr_8012ACE0.c:1984: warning: previous external decl of `D_8017F054'
src/ov_SC05_009/../shared/ov/func_801347A0__c71b12a0.h:7: warning: type mismatch with previous external decl
src/ov_SC05_009/ov_SC05_009_jr_8012ACE0.c:2183: warning: previous external decl of `D_8017F05C'
src/ov_SC05_009/../shared/ov/func_8014EE14.h: In function `func_8014EE14':
In file included from src/ov_SC05_009/ov_SC05_009_after.c:1496:
src/ov_SC05_009/../shared/ov/func_8014EE14.h:22: warning: assignment makes integer from pointer without a cast
src/ov_SC05_009/ov_SC05_009_jr_8012ACE0.c: In function `func_80134C20':
src/ov_SC05_009/ov_SC05_009_jr_8012ACE0.c:2595: warning: type mismatch with previous external decl
src/ov_SC05_009/ov_SC05_009_jr_8012ACE0.c:1984: warning: previous external decl of `D_8017F054'
src/ov_SC05_009/ov_SC05_009_jr_8012ACE0.c:2596: warning: type mismatch with previous external decl
src/ov_SC05_009/ov_SC05_009_jr_8012ACE0.c:1985: warning: previous external decl of `D_8017F058'
src/ov_SC05_009/ov_SC05_009_jr_8012ACE0.c:2597: warning: type mismatch with previous external decl
src/ov_SC05_009/ov_SC05_009_jr_8012ACE0.c:2183: warning: previous external decl of `D_8017F05C'
src/ov_SC05_009/ov_SC05_009_jr_8012ACE0.c:2598: warning: type mismatch with previous external decl
src/ov_SC05_009/ov_SC05_009_jr_8012ACE0.c:2098: warning: previous external decl of `D_8017F060'
src/ov_SC05_009/ov_SC05_009_jr_8012ACE0.c: In function `func_80135004':
src/ov_SC05_009/ov_SC05_009_jr_8012ACE0.c:2690: warning: type mismatch with previous external decl
src/ov_SC05_009/ov_SC05_009_jr_8012ACE0.c:1985: warning: previous external decl of `D_8017F058'
src/ov_SC05_009/ov_SC05_009_jr_8012ACE0.c:2691: warning: type mismatch with previous external decl
src/ov_SC05_009/ov_SC05_009_jr_8012ACE0.c:1984: warning: previous external decl of `D_8017F054'
src/ov_SC05_009/../shared/ov/func_80165CA0.h: In function `func_80165CA0':
In file included from src/ov_SC05_009/ov_SC05_009_jr_8015C32C.c:3783:
src/ov_SC05_009/../shared/ov/func_80165CA0.h:13: warning: assignment from incompatible pointer type
src/ov_SC05_009/ov_SC05_009_jr_8012ACE0.c: In function `func_80135168':
src/ov_SC05_009/ov_SC05_009_jr_8012ACE0.c:2759: warning: type mismatch with previous external decl
src/ov_SC05_009/ov_SC05_009_jr_8012ACE0.c:1984: warning: previous external decl of `D_8017F054'
src/ov_SC05_009/ov_SC05_009_jr_8012ACE0.c:2760: warning: type mismatch with previous external decl
src/ov_SC05_009/ov_SC05_009_jr_8012ACE0.c:1985: warning: previous external decl of `D_8017F058'
src/ov_SC05_009/ov_SC05_009_jr_8012ACE0.c: In function `func_80135260':
src/ov_SC05_009/ov_SC05_009_jr_8012ACE0.c:2834: warning: type mismatch with previous external decl
src/ov_SC05_009/ov_SC05_009_jr_8012ACE0.c:1984: warning: previous external decl of `D_8017F054'
src/ov_SC05_009/ov_SC05_009_jr_8012ACE0.c:2835: warning: type mismatch with previous external decl
src/ov_SC05_009/ov_SC05_009_jr_8012ACE0.c:1985: warning: previous external decl of `D_8017F058'
src/ov_SC05_009/ov_SC05_009_jr_8012ACE0.c:2836: warning: type mismatch with previous external decl
src/ov_SC05_009/ov_SC05_009_jr_8012ACE0.c:2098: warning: previous external decl of `D_8017F060'
src/ov_SC05_009/../shared/ov/func_80165FA4.h: In function `func_80165FA4':
In file included from src/ov_SC05_009/ov_SC05_009_jr_8015C32C.c:3796:
src/ov_SC05_009/../shared/ov/func_80165FA4.h:11: warning: passing arg 2 of `ApplyMatrixSV' makes pointer from integer without a cast
src/ov_SC05_009/../shared/ov/func_80165FA4.h:11: warning: passing arg 3 of `ApplyMatrixSV' makes pointer from integer without a cast
src/ov_SC05_009/../shared/ov/func_80165FA4.h:12: warning: passing arg 2 of `ApplyMatrixSV' makes pointer from integer without a cast
src/ov_SC05_009/../shared/ov/func_80165FA4.h:12: warning: passing arg 3 of `ApplyMatrixSV' makes pointer from integer without a cast
src/ov_SC05_009/ov_SC05_009_jr_8012ACE0.c: In function `func_80135480':
src/ov_SC05_009/ov_SC05_009_jr_8012ACE0.c:2954: warning: type mismatch with previous external decl
src/ov_SC05_009/ov_SC05_009_jr_8012ACE0.c:1984: warning: previous external decl of `D_8017F054'
src/ov_SC05_009/ov_SC05_009_jr_8012ACE0.c:2955: warning: type mismatch with previous external decl
src/ov_SC05_009/ov_SC05_009_jr_8012ACE0.c:1985: warning: previous external decl of `D_8017F058'
src/ov_SC05_009/../shared/ov/func_801665B4.h: In function `func_801665B4':
In file included from src/ov_SC05_009/ov_SC05_009_jr_8015C32C.c:3830:
src/ov_SC05_009/../shared/ov/func_801665B4.h:8: warning: passing arg 1 of `func_80128ED8' makes integer from pointer without a cast
src/ov_SC05_009/../shared/ov/func_80150820.h: At top level:
In file included from src/ov_SC05_009/ov_SC05_009_after.c:1787:
src/ov_SC05_009/../shared/ov/func_80150820.h:5: warning: type mismatch with previous external decl
src/ov_SC05_009/../shared/ov/func_801506A4__c04f9aab.h:4: warning: previous external decl of `func_80150820'
src/ov_SC05_009/../shared/ov/func_80151204.h: In function `func_80151204':
In file included from src/ov_SC05_009/ov_SC05_009_after.c:2009:
src/ov_SC05_009/../shared/ov/func_80151204.h:7: warning: passing arg 1 of `func_8014ACE8' makes pointer from integer without a cast
src/ov_SC05_009/../shared/ov/func_8015126C.h: In function `func_8015126C':
In file included from src/ov_SC05_009/ov_SC05_009_after.c:2013:
src/ov_SC05_009/../shared/ov/func_8015126C.h:132: warning: passing arg 1 of `func_8015173C' from incompatible pointer type
src/ov_SC05_009/../shared/ov/func_80151AE4.h: In function `func_80151AE4':
In file included from src/ov_SC05_009/ov_SC05_009_after.c:2064:
src/ov_SC05_009/../shared/ov/func_80151AE4.h:16: warning: passing arg 1 of `func_80149020' makes pointer from integer without a cast
src/ov_SC05_009/../shared/ov/func_80151AE4.h:19: warning: passing arg 1 of `func_80159B3C' makes pointer from integer without a cast
src/ov_SC05_009/../shared/ov/func_80151AE4.h:32: warning: passing arg 1 of `func_8015BDD0' makes pointer from integer without a cast
src/ov_SC05_009/../shared/ov/func_8016829C.h: At top level:
In file included from src/ov_SC05_009/ov_SC05_009_jr_8015C32C.c:4236:
src/ov_SC05_009/../shared/ov/func_8016829C.h:4: warning: prototype for `func_80166994' follows
src/ov_SC05_009/ov_SC05_009_jr_8015C32C.c:3988: warning: non-prototype definition here
src/ov_SC05_009/../shared/ov/func_801520DC__30d82d53.h: In function `func_801520DC':
In file included from src/ov_SC05_009/ov_SC05_009_after.c:2115:
src/ov_SC05_009/../shared/ov/func_801520DC__30d82d53.h:7: warning: passing arg 1 of `func_80149020' makes pointer from integer without a cast
src/ov_SC05_009/../shared/ov/func_801520DC__30d82d53.h:8: warning: passing arg 1 of `func_801472C8' makes pointer from integer without a cast
src/ov_SC05_009/../shared/ov/func_801520DC__30d82d53.h:10: warning: passing arg 1 of `func_80146DB8' makes pointer from integer without a cast
src/ov_SC05_009/../shared/ov/func_801520DC__30d82d53.h:11: warning: passing arg 1 of `func_801477E8' makes pointer from integer without a cast
src/ov_SC05_009/../shared/ov/func_801520DC__30d82d53.h:12: warning: passing arg 1 of `func_8014CBF8' makes pointer from integer without a cast
src/ov_SC05_009/../shared/ov/func_801520DC__30d82d53.h:13: warning: passing arg 1 of `func_801474EC' makes pointer from integer without a cast
src/ov_SC05_009/../shared/ov/func_801520DC__30d82d53.h:14: warning: passing arg 2 of `func_80146A6C' makes pointer from integer without a cast
src/ov_SC05_009/../shared/ov/func_801520DC__30d82d53.h:16: warning: passing arg 1 of `func_80146CA0' makes pointer from integer without a cast
src/ov_SC05_009/../shared/ov/func_80152254.h: In function `func_80152254':
In file included from src/ov_SC05_009/ov_SC05_009_after.c:2122:
src/ov_SC05_009/../shared/ov/func_80152254.h:22: warning: passing arg 1 of `func_80159B3C' makes pointer from integer without a cast
src/ov_SC05_009/../shared/ov/func_80168A14.h: In function `func_80168A14':
In file included from src/ov_SC05_009/ov_SC05_009_jr_8015C32C.c:4313:
src/ov_SC05_009/../shared/ov/func_80168A14.h:11: warning: passing arg 2 of `func_80146A6C' makes pointer from integer without a cast
src/ov_SC05_009/../shared/ov/func_801528B0__b4d639af.h: In function `func_801528B0':
In file included from src/ov_SC05_009/ov_SC05_009_after.c:2206:
src/ov_SC05_009/../shared/ov/func_801528B0__b4d639af.h:7: warning: passing arg 1 of `func_80149020' makes pointer from integer without a cast
src/ov_SC05_009/../shared/ov/func_801528B0__b4d639af.h:8: warning: passing arg 1 of `func_80154274' makes pointer from integer without a cast
src/ov_SC05_009/../shared/ov/func_801528B0__b4d639af.h:8: warning: passing arg 2 of `func_80154274' makes integer from pointer without a cast
src/ov_SC05_009/../shared/ov/func_801528B0__b4d639af.h:11: warning: passing arg 1 of `func_80146DB8' makes pointer from integer without a cast
src/ov_SC05_009/../shared/ov/func_801528B0__b4d639af.h:12: warning: passing arg 1 of `func_801477E8' makes pointer from integer without a cast
src/ov_SC05_009/../shared/ov/func_801528B0__b4d639af.h:13: warning: passing arg 1 of `func_8014CBF8' makes pointer from integer without a cast
src/ov_SC05_009/../shared/ov/func_801528B0__b4d639af.h:14: warning: passing arg 1 of `func_801474EC' makes pointer from integer without a cast
src/ov_SC05_009/../shared/ov/func_801528B0__b4d639af.h:15: warning: passing arg 1 of `func_80146CA0' makes pointer from integer without a cast
src/ov_SC05_009/../shared/ov/func_8015294C.h: In function `func_8015294C':
In file included from src/ov_SC05_009/ov_SC05_009_after.c:2209:
src/ov_SC05_009/../shared/ov/func_8015294C.h:31: warning: passing arg 1 of `func_801472C8' from incompatible pointer type
src/ov_SC05_009/../shared/ov/func_80152A50.h: In function `func_80152A50':
In file included from src/ov_SC05_009/ov_SC05_009_after.c:2213:
src/ov_SC05_009/../shared/ov/func_80152A50.h:22: warning: passing arg 1 of `func_80159B3C' makes pointer from integer without a cast
src/ov_SC05_009/../shared/ov/func_80152BF0.h: In function `func_80152BF0':
In file included from src/ov_SC05_009/ov_SC05_009_after.c:2227:
src/ov_SC05_009/../shared/ov/func_80152BF0.h:13: warning: passing arg 1 of `func_80146CA0' makes pointer from integer without a cast
src/ov_SC05_009/../shared/ov/func_80152C80.h: In function `func_80152C80':
In file included from src/ov_SC05_009/ov_SC05_009_after.c:2231:
src/ov_SC05_009/../shared/ov/func_80152C80.h:12: warning: initialization makes integer from pointer without a cast
src/ov_SC05_009/../shared/ov/func_80152DA8__2ce5055c.h: In function `func_80152DA8':
In file included from src/ov_SC05_009/ov_SC05_009_after.c:2258:
src/ov_SC05_009/../shared/ov/func_80152DA8__2ce5055c.h:7: warning: passing arg 1 of `func_80149020' makes pointer from integer without a cast
src/ov_SC05_009/../shared/ov/func_80152DA8__2ce5055c.h:8: warning: passing arg 1 of `func_80154274' makes pointer from integer without a cast
src/ov_SC05_009/../shared/ov/func_80152DA8__2ce5055c.h:8: warning: passing arg 2 of `func_80154274' makes integer from pointer without a cast
src/ov_SC05_009/../shared/ov/func_80152DA8__2ce5055c.h:12: warning: passing arg 1 of `func_80146DB8' makes pointer from integer without a cast
src/ov_SC05_009/../shared/ov/func_80152DA8__2ce5055c.h:13: warning: passing arg 1 of `func_801477E8' makes pointer from integer without a cast
src/ov_SC05_009/../shared/ov/func_80152DA8__2ce5055c.h:14: warning: passing arg 1 of `func_8014CBF8' makes pointer from integer without a cast
src/ov_SC05_009/../shared/ov/func_80152DA8__2ce5055c.h:15: warning: passing arg 1 of `func_801474EC' makes pointer from integer without a cast
src/ov_SC05_009/../shared/ov/func_80152DA8__2ce5055c.h:16: warning: passing arg 1 of `func_80146CA0' makes pointer from integer without a cast
src/ov_SC05_009/../shared/ov/func_80152E4C.h: In function `func_80152E4C':
In file included from src/ov_SC05_009/ov_SC05_009_after.c:2261:
src/ov_SC05_009/../shared/ov/func_80152E4C.h:34: warning: passing arg 1 of `func_801472C8' makes pointer from integer without a cast
src/ov_SC05_009/../shared/ov/func_80152F44.h: In function `func_80152F44':
In file included from src/ov_SC05_009/ov_SC05_009_after.c:2265:
src/ov_SC05_009/../shared/ov/func_80152F44.h:22: warning: passing arg 1 of `func_80159B3C' makes pointer from integer without a cast
src/ov_SC05_009/../shared/ov/func_801530E4.h: In function `func_801530E4':
In file included from src/ov_SC05_009/ov_SC05_009_after.c:2279:
src/ov_SC05_009/../shared/ov/func_801530E4.h:14: warning: passing arg 1 of `func_80149020' makes pointer from integer without a cast
src/ov_SC05_009/../shared/ov/func_801530E4.h:15: warning: passing arg 1 of `func_801472C8' makes pointer from integer without a cast
src/ov_SC05_009/../shared/ov/func_801530E4.h:17: warning: passing arg 1 of `func_8014CBF8' makes pointer from integer without a cast
src/ov_SC05_009/../shared/ov/func_801530E4.h:18: warning: passing arg 1 of `func_801474EC' makes pointer from integer without a cast
src/ov_SC05_009/../shared/ov/func_801530E4.h:19: warning: passing arg 1 of `func_80155440' makes pointer from integer without a cast
src/ov_SC05_009/../shared/ov/func_801530E4.h:20: warning: passing arg 1 of `func_80146CA0' makes pointer from integer without a cast
src/ov_SC05_009/../shared/ov/func_80153204.h: In function `func_80153204':
In file included from src/ov_SC05_009/ov_SC05_009_after.c:2285:
src/ov_SC05_009/../shared/ov/func_80153204.h:22: warning: passing arg 1 of `func_80159B3C' makes pointer from integer without a cast
src/ov_SC05_009/../shared/ov/func_801533A4.h: In function `func_801533A4':
In file included from src/ov_SC05_009/ov_SC05_009_after.c:2299:
src/ov_SC05_009/../shared/ov/func_801533A4.h:12: warning: passing arg 1 of `func_80149020' makes pointer from integer without a cast
src/ov_SC05_009/../shared/ov/func_801533A4.h:15: warning: passing arg 1 of `func_8014CBF8' makes pointer from integer without a cast
src/ov_SC05_009/../shared/ov/func_801533A4.h:16: warning: passing arg 1 of `func_801474EC' makes pointer from integer without a cast
src/ov_SC05_009/../shared/ov/func_801533A4.h:17: warning: passing arg 1 of `func_80155440' makes pointer from integer without a cast
src/ov_SC05_009/../shared/ov/func_801533A4.h:18: warning: passing arg 1 of `func_80146CA0' makes pointer from integer without a cast
src/ov_SC05_009/../shared/ov/func_801534D8.h: In function `func_801534D8':
In file included from src/ov_SC05_009/ov_SC05_009_after.c:2305:
src/ov_SC05_009/../shared/ov/func_801534D8.h:22: warning: passing arg 1 of `func_80159B3C' makes pointer from integer without a cast
src/ov_SC05_009/../shared/ov/func_80169E44.h: In function `func_80169E44':
In file included from src/ov_SC05_009/ov_SC05_009_jr_8015C32C.c:4483:
src/ov_SC05_009/../shared/ov/func_80169E44.h:9: warning: passing arg 1 of `func_80128ED8' makes integer from pointer without a cast
src/ov_SC05_009/../shared/ov/func_80169FE0.h: In function `func_80169FE0':
In file included from src/ov_SC05_009/ov_SC05_009_jr_8015C32C.c:4508:
src/ov_SC05_009/../shared/ov/func_80169FE0.h:6: warning: passing arg 1 of `func_80128ED8' makes integer from pointer without a cast
src/ov_SC05_009/../shared/ov/func_801539F8.h: In function `func_801539F8':
In file included from src/ov_SC05_009/ov_SC05_009_after.c:2321:
src/ov_SC05_009/../shared/ov/func_801539F8.h:14: warning: passing arg 3 of `func_80133784' makes integer from pointer without a cast
src/ov_SC05_009/../shared/ov/func_801539F8.h:20: warning: passing arg 3 of `func_80133784' makes integer from pointer without a cast
src/ov_SC05_009/../shared/ov/func_801539F8.h:24: warning: passing arg 3 of `func_80133784' makes integer from pointer without a cast
src/ov_SC05_009/../shared/ov/func_80153C8C.h: At top level:
In file included from src/ov_SC05_009/ov_SC05_009_after.c:2337:
src/ov_SC05_009/../shared/ov/func_80153C8C.h:4: warning: type mismatch with previous external decl
src/ov_SC05_009/../shared/ov/func_80145CEC__05c7cfc4.h:21: warning: previous external decl of `func_80153C8C'
src/ov_SC05_009/../shared/ov/func_80154150.h: In function `func_80154150':
In file included from src/ov_SC05_009/ov_SC05_009_after.c:2382:
src/ov_SC05_009/../shared/ov/func_80154150.h:7: warning: passing arg 1 of `func_80154190' makes pointer from integer without a cast
{standard input}: Assembler messages:
{standard input}:685: Warning: used $at without ".set noat"
{standard input}:686: Warning: used $at without ".set noat"
{standard input}:12684: Warning: used $at without ".set noat"
{standard input}:12685: Warning: used $at without ".set noat"
{standard input}:13013: Warning: used $at without ".set noat"
{standard input}:13014: Warning: used $at without ".set noat"
{standard input}:13335: Warning: used $at without ".set noat"
{standard input}:13336: Warning: used $at without ".set noat"
{standard input}:13640: Warning: used $at without ".set noat"
{standard input}:13641: Warning: used $at without ".set noat"
{standard input}:14345: Warning: used $at without ".set noat"
{standard input}:14346: Warning: used $at without ".set noat"
{standard input}:14788: Warning: used $at without ".set noat"
{standard input}:14789: Warning: used $at without ".set noat"
{standard input}:15024: Warning: used $at without ".set noat"
{standard input}:15025: Warning: used $at without ".set noat"
{standard input}:15270: Warning: used $at without ".set noat"
{standard input}:15271: Warning: used $at without ".set noat"
{standard input}:15620: Warning: used $at without ".set noat"
{standard input}:15621: Warning: used $at without ".set noat"
{standard input}:16026: Warning: used $at without ".set noat"
{standard input}:16027: Warning: used $at without ".set noat"
{standard input}:16262: Warning: used $at without ".set noat"
{standard input}:16263: Warning: used $at without ".set noat"
{standard input}:16480: Warning: used $at without ".set noat"
{standard input}:16481: Warning: used $at without ".set noat"
{standard input}:16749: Warning: used $at without ".set noat"
{standard input}:16750: Warning: used $at without ".set noat"
{standard input}:16901: Warning: used $at without ".set noat"
{standard input}:16902: Warning: used $at without ".set noat"
{standard input}:17018: Warning: used $at without ".set noat"
{standard input}:17019: Warning: used $at without ".set noat"
{standard input}:17728: Warning: used $at without ".set noat"
{standard input}:17729: Warning: used $at without ".set noat"
{standard input}:18377: Warning: used $at without ".set noat"
{standard input}:18378: Warning: used $at without ".set noat"
  LD      build/ov_SC05_009/ov_SC05_009.elf
  OBJCOPY build/ov_SC05_009/ov_SC05_009
  TRIM    build/ov_SC05_009/ov_SC05_009 (-1 B linker end-align pad)
[ OK ] build/ov_SC05_009/ov_SC05_009
       sha1 9a1d6d4f4b6e2b563bb5bd98d5133f0359ff8a96 == config/check.ov_SC05_009.sha  (BYTE-IDENTICAL)
