  CC      build/src/ov_SC03_014/ov_SC03_014.o
src/ov_SC03_014/../shared/ov/func_8012A418.h: In function `func_8012A418':
In file included from src/ov_SC03_014/ov_SC03_014.c:724:
src/ov_SC03_014/../shared/ov/func_8012A418.h:10: warning: assignment from incompatible pointer type
src/ov_SC03_014/../shared/ov/func_8012A6D0.h: In function `func_8012A6D0':
In file included from src/ov_SC03_014/ov_SC03_014.c:750:
src/ov_SC03_014/../shared/ov/func_8012A6D0.h:7: warning: initialization makes integer from pointer without a cast
src/ov_SC03_014/../shared/ov/func_8012A6D0.h:8: warning: initialization makes integer from pointer without a cast
src/ov_SC03_014/../shared/ov/func_8012A828.h: In function `func_8012A828':
In file included from src/ov_SC03_014/ov_SC03_014.c:758:
src/ov_SC03_014/../shared/ov/func_8012A828.h:6: warning: assignment makes integer from pointer without a cast
{standard input}: Assembler messages:
{standard input}:567: Warning: used $at without ".set noat"
{standard input}:568: Warning: used $at without ".set noat"
{standard input}:676: Warning: used $at without ".set noat"
{standard input}:677: Warning: used $at without ".set noat"
  LD      build/ov_SC03_014/ov_SC03_014.elf
  OBJCOPY build/ov_SC03_014/ov_SC03_014
  TRIM    build/ov_SC03_014/ov_SC03_014 (-1 B linker end-align pad)
[ OK ] build/ov_SC03_014/ov_SC03_014
       sha1 d84b01a2bd4c712e1127707f5cd2007d79f4afb0 == config/check.ov_SC03_014.sha  (BYTE-IDENTICAL)
