  CC      build/src/ov_SC02_037/ov_SC02_037_jr_80131340.o
  CC      build/src/ov_SC02_037/ov_SC02_037.o
  CC      build/src/ov_SC02_037/ov_SC02_037_jr_801458E0.o
  CC      build/src/ov_SC02_037/ov_SC02_037_jr_801380E0.o
src/ov_SC02_037/../shared/ov/func_80131A34.h: In function `func_80131A34':
In file included from src/ov_SC02_037/ov_SC02_037_jr_80131340.c:872:
src/ov_SC02_037/../shared/ov/func_80131A34.h:6: warning: type mismatch with previous external decl
src/ov_SC02_037/ov_SC02_037_jr_80131340.c:625: warning: previous external decl of `func_80131CF4'
src/ov_SC02_037/../shared/ov/func_80131AC8.h: At top level:
In file included from src/ov_SC02_037/ov_SC02_037_jr_80131340.c:875:
src/ov_SC02_037/../shared/ov/func_80131AC8.h:3: warning: type mismatch with previous external decl
src/ov_SC02_037/ov_SC02_037_jr_80131340.c:625: warning: previous external decl of `func_80131CF4'
src/ov_SC02_037/../shared/ov/func_80145B24.h: In function `func_80145B24':
In file included from src/ov_SC02_037/ov_SC02_037_jr_801458E0.c:1212:
src/ov_SC02_037/../shared/ov/func_80145B24.h:18: warning: assignment from incompatible pointer type
src/ov_SC02_037/ov_SC02_037_jr_801458E0.c: At top level:
src/ov_SC02_037/ov_SC02_037_jr_801458E0.c:1332: warning: type mismatch with previous external decl
src/ov_SC02_037/ov_SC02_037_jr_801458E0.c:1237: warning: previous external decl of `func_80145EE8'
src/ov_SC02_037/ov_SC02_037_jr_801458E0.c:1430: warning: type mismatch with previous external decl
src/ov_SC02_037/ov_SC02_037_jr_801458E0.c:1228: warning: previous external decl of `func_80147098'
src/ov_SC02_037/ov_SC02_037_jr_801458E0.c: In function `func_80146128':
src/ov_SC02_037/ov_SC02_037_jr_801458E0.c:1463: warning: type mismatch with previous external decl
src/ov_SC02_037/ov_SC02_037_jr_801458E0.c:1247: warning: previous external decl of `D_80126B78'
src/ov_SC02_037/../shared/ov/func_801387B8.h: In function `func_801387B8':
In file included from src/ov_SC02_037/ov_SC02_037_jr_801380E0.c:1035:
src/ov_SC02_037/../shared/ov/func_801387B8.h:5: warning: type mismatch with previous external decl
src/ov_SC02_037/ov_SC02_037_jr_801380E0.c:735: warning: previous external decl of `func_80139220'
src/ov_SC02_037/../shared/ov/func_801387B8.h:29: warning: passing arg 1 of `func_80138DE0' makes pointer from integer without a cast
src/ov_SC02_037/../shared/ov/func_801463A0.h: In function `func_801463A0':
In file included from src/ov_SC02_037/ov_SC02_037_jr_801458E0.c:1552:
src/ov_SC02_037/../shared/ov/func_801463A0.h:15: warning: type mismatch with previous external decl
src/ov_SC02_037/ov_SC02_037_jr_801458E0.c:1247: warning: previous external decl of `D_80126B78'
src/ov_SC02_037/../shared/ov/func_801325B8.h: In function `func_801325B8':
In file included from src/ov_SC02_037/ov_SC02_037_jr_80131340.c:1236:
src/ov_SC02_037/../shared/ov/func_801325B8.h:34: warning: passing arg 1 of `memcpy' makes pointer from integer without a cast
src/ov_SC02_037/../shared/ov/func_801325B8.h:34: warning: passing arg 2 of `memcpy' makes pointer from integer without a cast
src/ov_SC02_037/../shared/ov/func_801325B8.h:57: warning: passing arg 1 of `memcpy' makes pointer from integer without a cast
src/ov_SC02_037/../shared/ov/func_801325B8.h:57: warning: passing arg 2 of `memcpy' makes pointer from integer without a cast
src/ov_SC02_037/../shared/ov/func_80138AB4.h: At top level:
In file included from src/ov_SC02_037/ov_SC02_037_jr_801380E0.c:1044:
src/ov_SC02_037/../shared/ov/func_80138AB4.h:7: warning: type mismatch with previous external decl
src/ov_SC02_037/ov_SC02_037_jr_801380E0.c:730: warning: previous external decl of `func_80138AB4'
src/ov_SC02_037/../shared/ov/func_80138AB4.h: In function `func_80138AB4':
src/ov_SC02_037/../shared/ov/func_80138AB4.h:18: warning: passing arg 1 of `func_80138DE0' makes pointer from integer without a cast
src/ov_SC02_037/../shared/ov/func_801468C8.h: At top level:
In file included from src/ov_SC02_037/ov_SC02_037_jr_801458E0.c:1588:
src/ov_SC02_037/../shared/ov/func_801468C8.h:5: warning: type mismatch with previous external decl
src/ov_SC02_037/ov_SC02_037_jr_801458E0.c:1236: warning: previous external decl of `func_801468C8'
src/ov_SC02_037/../shared/ov/func_80138D58.h: At top level:
In file included from src/ov_SC02_037/ov_SC02_037_jr_801380E0.c:1114:
src/ov_SC02_037/../shared/ov/func_80138D58.h:4: warning: type mismatch with previous external decl
src/ov_SC02_037/ov_SC02_037_jr_801380E0.c:732: warning: previous external decl of `func_80138D58'
src/ov_SC02_037/../shared/ov/func_80132EF4.h: In function `func_80132EF4':
In file included from src/ov_SC02_037/ov_SC02_037_jr_80131340.c:1254:
src/ov_SC02_037/../shared/ov/func_80132EF4.h:6: warning: initialization makes integer from pointer without a cast
src/ov_SC02_037/../shared/ov/func_8012A418.h: In function `func_8012A418':
In file included from src/ov_SC02_037/ov_SC02_037.c:794:
src/ov_SC02_037/../shared/ov/func_8012A418.h:10: warning: assignment from incompatible pointer type
src/ov_SC02_037/../shared/ov/func_80132F40.h: In function `func_80132F40':
In file included from src/ov_SC02_037/ov_SC02_037_jr_80131340.c:1337:
src/ov_SC02_037/../shared/ov/func_80132F40.h:34: warning: passing arg 2 of `func_8012F038' from incompatible pointer type
src/ov_SC02_037/../shared/ov/func_80132F40.h:34: warning: passing arg 3 of `func_8012F038' from incompatible pointer type
src/ov_SC02_037/../shared/ov/func_80132F40.h:36: warning: passing arg 2 of `func_8012F14C' makes integer from pointer without a cast
src/ov_SC02_037/../shared/ov/func_80132F40.h:36: warning: passing arg 3 of `func_8012F14C' makes integer from pointer without a cast
src/ov_SC02_037/../shared/ov/func_8012A6D0.h: In function `func_8012A6D0':
In file included from src/ov_SC02_037/ov_SC02_037.c:822:
src/ov_SC02_037/../shared/ov/func_8012A6D0.h:7: warning: initialization makes integer from pointer without a cast
src/ov_SC02_037/../shared/ov/func_8012A6D0.h:8: warning: initialization makes integer from pointer without a cast
In file included from src/ov_SC02_037/ov_SC02_037_jr_801380E0.c:1128:
src/ov_SC02_037/../shared/ov/func_8013914C.h:3: warning: type mismatch with previous external decl
src/ov_SC02_037/ov_SC02_037_jr_801380E0.c:735: warning: previous external decl of `func_80139220'
src/ov_SC02_037/../shared/ov/func_80146D90.h: In function `func_80146D90':
In file included from src/ov_SC02_037/ov_SC02_037_jr_801458E0.c:1730:
src/ov_SC02_037/../shared/ov/func_80146D90.h:6: warning: passing arg 1 of `func_80146DE8' makes pointer from integer without a cast
In file included from src/ov_SC02_037/ov_SC02_037_jr_801380E0.c:1131:
src/ov_SC02_037/../shared/ov/func_801391F0.h:5: warning: type mismatch with previous external decl
src/ov_SC02_037/ov_SC02_037_jr_801380E0.c:734: warning: previous external decl of `func_801391F0'
src/ov_SC02_037/../shared/ov/func_8012A828.h: In function `func_8012A828':
In file included from src/ov_SC02_037/ov_SC02_037.c:834:
src/ov_SC02_037/../shared/ov/func_8012A828.h:6: warning: assignment makes integer from pointer without a cast
src/ov_SC02_037/../shared/ov/func_80147060.h: In function `func_80147060':
In file included from src/ov_SC02_037/ov_SC02_037_jr_801458E0.c:1789:
src/ov_SC02_037/../shared/ov/func_80147060.h:7: warning: `return' with a value, in function returning void
src/ov_SC02_037/../shared/ov/func_80147084.h: At top level:
In file included from src/ov_SC02_037/ov_SC02_037_jr_801458E0.c:1798:
src/ov_SC02_037/../shared/ov/func_80147084.h:3: warning: type mismatch with previous external decl
src/ov_SC02_037/ov_SC02_037_jr_801458E0.c:1227: warning: previous external decl of `func_80147084'
In file included from src/ov_SC02_037/ov_SC02_037_jr_801458E0.c:1810:
src/ov_SC02_037/../shared/ov/func_801470AC.h:3: warning: type mismatch with previous external decl
src/ov_SC02_037/ov_SC02_037_jr_801458E0.c:1229: warning: previous external decl of `func_801470AC'
src/ov_SC02_037/ov_SC02_037_jr_80131340.c: At top level:
src/ov_SC02_037/ov_SC02_037_jr_80131340.c:1493: warning: type mismatch with previous external decl
src/ov_SC02_037/ov_SC02_037_jr_80131340.c:1482: warning: previous external decl of `D_801C841C'
src/ov_SC02_037/../shared/ov/func_80139680.h: In function `func_80139680':
In file included from src/ov_SC02_037/ov_SC02_037_jr_801380E0.c:1149:
src/ov_SC02_037/../shared/ov/func_80139680.h:39: warning: passing arg 2 of `func_80052460' makes integer from pointer without a cast
src/ov_SC02_037/../shared/ov/func_80139788.h: At top level:
In file included from src/ov_SC02_037/ov_SC02_037_jr_801380E0.c:1152:
src/ov_SC02_037/../shared/ov/func_80139788.h:3: warning: type mismatch with previous external decl
src/ov_SC02_037/ov_SC02_037_jr_801380E0.c:725: warning: previous external decl of `func_8001931C'
src/ov_SC02_037/../shared/ov/func_80139788.h:5: warning: type mismatch with previous external decl
src/ov_SC02_037/ov_SC02_037_jr_801380E0.c:736: warning: previous external decl of `func_80139788'
src/ov_SC02_037/ov_SC02_037_jr_80131340.c: In function `func_80133AB0':
src/ov_SC02_037/ov_SC02_037_jr_80131340.c:1633: warning: type mismatch with previous external decl
src/ov_SC02_037/ov_SC02_037_jr_80131340.c:1523: warning: previous external decl of `D_801841A0'
src/ov_SC02_037/ov_SC02_037_jr_80131340.c:1634: warning: type mismatch with previous external decl
src/ov_SC02_037/ov_SC02_037_jr_80131340.c:1522: warning: previous external decl of `D_8018419C'
src/ov_SC02_037/../shared/ov/func_80139914.h: In function `func_80139914':
In file included from src/ov_SC02_037/ov_SC02_037_jr_801380E0.c:1225:
src/ov_SC02_037/../shared/ov/func_80139914.h:12: warning: passing arg 1 of `func_8013A8B0' makes pointer from integer without a cast
In file included from src/ov_SC02_037/ov_SC02_037_jr_801458E0.c:1834:
src/ov_SC02_037/../shared/ov/func_801472DC.h:3: warning: type mismatch with previous external decl
src/ov_SC02_037/ov_SC02_037_jr_801458E0.c:1264: warning: previous external decl of `D_8012707C'
src/ov_SC02_037/../shared/ov/func_80147324.h: In function `func_80147324':
In file included from src/ov_SC02_037/ov_SC02_037_jr_801458E0.c:1843:
src/ov_SC02_037/../shared/ov/func_80147324.h:8: warning: comparison between pointer and integer
src/ov_SC02_037/ov_SC02_037_jr_80131340.c: In function `func_80133CD4':
src/ov_SC02_037/ov_SC02_037_jr_80131340.c:1717: warning: type mismatch with previous external decl
src/ov_SC02_037/ov_SC02_037_jr_80131340.c:1523: warning: previous external decl of `D_801841A0'
src/ov_SC02_037/ov_SC02_037_jr_80131340.c:1718: warning: type mismatch with previous external decl
src/ov_SC02_037/ov_SC02_037_jr_80131340.c:1522: warning: previous external decl of `D_8018419C'
src/ov_SC02_037/ov_SC02_037_jr_80131340.c:1719: warning: type mismatch with previous external decl
src/ov_SC02_037/ov_SC02_037_jr_80131340.c:1635: warning: previous external decl of `D_801841A8'
src/ov_SC02_037/../shared/ov/func_80139FE8.h: At top level:
In file included from src/ov_SC02_037/ov_SC02_037_jr_801380E0.c:1309:
src/ov_SC02_037/../shared/ov/func_80139FE8.h:3: warning: type mismatch with previous external decl
src/ov_SC02_037/ov_SC02_037_jr_801380E0.c:727: warning: previous external decl of `func_8001B22C'
src/ov_SC02_037/ov_SC02_037_jr_80131340.c: In function `func_801343C4':
src/ov_SC02_037/ov_SC02_037_jr_80131340.c:1894: warning: type mismatch with previous external decl
src/ov_SC02_037/ov_SC02_037_jr_80131340.c:1522: warning: previous external decl of `D_8018419C'
src/ov_SC02_037/ov_SC02_037_jr_80131340.c:1895: warning: type mismatch with previous external decl
src/ov_SC02_037/ov_SC02_037_jr_80131340.c:1523: warning: previous external decl of `D_801841A0'
src/ov_SC02_037/ov_SC02_037_jr_80131340.c:1897: warning: type mismatch with previous external decl
src/ov_SC02_037/ov_SC02_037_jr_80131340.c:1524: warning: previous external decl of `D_801C8424'
src/ov_SC02_037/../shared/ov/func_80147AD4.h: In function `func_80147AD4':
In file included from src/ov_SC02_037/ov_SC02_037_jr_801458E0.c:1921:
src/ov_SC02_037/../shared/ov/func_80147AD4.h:8: warning: passing arg 2 of `func_80147B5C' makes pointer from integer without a cast
src/ov_SC02_037/ov_SC02_037_jr_80131340.c: In function `func_80134510':
src/ov_SC02_037/ov_SC02_037_jr_80131340.c:1951: warning: type mismatch with previous external decl
src/ov_SC02_037/ov_SC02_037_jr_80131340.c:1522: warning: previous external decl of `D_8018419C'
src/ov_SC02_037/ov_SC02_037_jr_80131340.c:1952: warning: type mismatch with previous external decl
src/ov_SC02_037/ov_SC02_037_jr_80131340.c:1523: warning: previous external decl of `D_801841A0'
src/ov_SC02_037/ov_SC02_037_jr_80131340.c:1953: warning: type mismatch with previous external decl
src/ov_SC02_037/ov_SC02_037_jr_80131340.c:1720: warning: previous external decl of `D_801841A4'
src/ov_SC02_037/../shared/ov/func_80147D38.h: In function `func_80147D38':
In file included from src/ov_SC02_037/ov_SC02_037_jr_801458E0.c:1936:
src/ov_SC02_037/../shared/ov/func_80147D38.h:12: warning: passing arg 2 of `func_80147DC0' makes integer from pointer without a cast
src/ov_SC02_037/ov_SC02_037_jr_80131340.c: In function `func_801345F8':
src/ov_SC02_037/ov_SC02_037_jr_80131340.c:2000: warning: type mismatch with previous external decl
src/ov_SC02_037/ov_SC02_037_jr_80131340.c:1522: warning: previous external decl of `D_8018419C'
src/ov_SC02_037/ov_SC02_037_jr_80131340.c: At top level:
src/ov_SC02_037/ov_SC02_037_jr_80131340.c:2055: warning: type mismatch with previous external decl
src/ov_SC02_037/ov_SC02_037_jr_80131340.c:1999: warning: previous external decl of `func_801347A0'
src/ov_SC02_037/ov_SC02_037_jr_80131340.c: In function `func_801347A0':
src/ov_SC02_037/ov_SC02_037_jr_80131340.c:2059: warning: type mismatch with previous external decl
src/ov_SC02_037/ov_SC02_037_jr_80131340.c:1523: warning: previous external decl of `D_801841A0'
src/ov_SC02_037/ov_SC02_037_jr_80131340.c:2060: warning: type mismatch with previous external decl
src/ov_SC02_037/ov_SC02_037_jr_80131340.c:1522: warning: previous external decl of `D_8018419C'
src/ov_SC02_037/ov_SC02_037_jr_80131340.c:2061: warning: type mismatch with previous external decl
src/ov_SC02_037/ov_SC02_037_jr_80131340.c:1720: warning: previous external decl of `D_801841A4'
src/ov_SC02_037/ov_SC02_037_jr_80131340.c: In function `func_80134C20':
src/ov_SC02_037/ov_SC02_037_jr_80131340.c:2185: warning: type mismatch with previous external decl
src/ov_SC02_037/ov_SC02_037_jr_80131340.c:1522: warning: previous external decl of `D_8018419C'
src/ov_SC02_037/ov_SC02_037_jr_80131340.c:2186: warning: type mismatch with previous external decl
src/ov_SC02_037/ov_SC02_037_jr_80131340.c:1523: warning: previous external decl of `D_801841A0'
src/ov_SC02_037/ov_SC02_037_jr_80131340.c:2187: warning: type mismatch with previous external decl
src/ov_SC02_037/ov_SC02_037_jr_80131340.c:1720: warning: previous external decl of `D_801841A4'
src/ov_SC02_037/ov_SC02_037_jr_80131340.c:2188: warning: type mismatch with previous external decl
src/ov_SC02_037/ov_SC02_037_jr_80131340.c:1635: warning: previous external decl of `D_801841A8'
src/ov_SC02_037/../shared/ov/func_801484B0.h: At top level:
In file included from src/ov_SC02_037/ov_SC02_037_jr_801458E0.c:1960:
src/ov_SC02_037/../shared/ov/func_801484B0.h:4: warning: type mismatch with previous external decl
src/ov_SC02_037/ov_SC02_037_jr_801458E0.c:1247: warning: previous external decl of `D_80126B78'
src/ov_SC02_037/ov_SC02_037_jr_80131340.c: In function `func_80135168':
src/ov_SC02_037/ov_SC02_037_jr_80131340.c:2353: warning: type mismatch with previous external decl
src/ov_SC02_037/ov_SC02_037_jr_80131340.c:1523: warning: previous external decl of `D_801841A0'
src/ov_SC02_037/ov_SC02_037_jr_80131340.c:2354: warning: type mismatch with previous external decl
src/ov_SC02_037/ov_SC02_037_jr_80131340.c:1522: warning: previous external decl of `D_8018419C'
src/ov_SC02_037/ov_SC02_037_jr_80131340.c: In function `func_80135260':
src/ov_SC02_037/ov_SC02_037_jr_80131340.c:2425: warning: type mismatch with previous external decl
src/ov_SC02_037/ov_SC02_037_jr_80131340.c:1522: warning: previous external decl of `D_8018419C'
src/ov_SC02_037/ov_SC02_037_jr_80131340.c:2426: warning: type mismatch with previous external decl
src/ov_SC02_037/ov_SC02_037_jr_80131340.c:1523: warning: previous external decl of `D_801841A0'
src/ov_SC02_037/ov_SC02_037_jr_80131340.c:2427: warning: type mismatch with previous external decl
src/ov_SC02_037/ov_SC02_037_jr_80131340.c:1635: warning: previous external decl of `D_801841A8'
src/ov_SC02_037/../shared/ov/func_8013B204.h: In function `func_8013B204':
In file included from src/ov_SC02_037/ov_SC02_037_jr_801380E0.c:1501:
src/ov_SC02_037/../shared/ov/func_8013B204.h:10: warning: assignment makes pointer from integer without a cast
src/ov_SC02_037/ov_SC02_037_jr_80131340.c: In function `func_80135480':
src/ov_SC02_037/ov_SC02_037_jr_80131340.c:2551: warning: type mismatch with previous external decl
src/ov_SC02_037/ov_SC02_037_jr_80131340.c:1523: warning: previous external decl of `D_801841A0'
src/ov_SC02_037/ov_SC02_037_jr_80131340.c:2552: warning: type mismatch with previous external decl
src/ov_SC02_037/ov_SC02_037_jr_80131340.c:1522: warning: previous external decl of `D_8018419C'
src/ov_SC02_037/ov_SC02_037_jr_80131340.c: At top level:
src/ov_SC02_037/ov_SC02_037_jr_80131340.c:2679: warning: type mismatch with previous external decl
src/ov_SC02_037/ov_SC02_037_jr_80131340.c:1522: warning: previous external decl of `D_8018419C'
src/ov_SC02_037/ov_SC02_037_jr_80131340.c:2680: warning: type mismatch with previous external decl
src/ov_SC02_037/ov_SC02_037_jr_80131340.c:1523: warning: previous external decl of `D_801841A0'
src/ov_SC02_037/ov_SC02_037_jr_80131340.c: In function `func_80135888':
src/ov_SC02_037/ov_SC02_037_jr_80131340.c:2727: warning: passing arg 1 of `func_80135EB0' makes pointer from integer without a cast
src/ov_SC02_037/ov_SC02_037_jr_80131340.c:2734: warning: passing arg 1 of `func_80135EB0' makes pointer from integer without a cast
src/ov_SC02_037/../shared/ov/func_8012D098.h: In function `func_8012D098':
In file included from src/ov_SC02_037/ov_SC02_037.c:1320:
src/ov_SC02_037/../shared/ov/func_8012D098.h:26: warning: passing arg 1 of `func_8012F214' makes integer from pointer without a cast
src/ov_SC02_037/../shared/ov/func_8012D098.h:26: warning: passing arg 2 of `func_8012F214' makes integer from pointer without a cast
src/ov_SC02_037/../shared/ov/func_8012D098.h:26: warning: passing arg 3 of `func_8012F214' makes integer from pointer without a cast
src/ov_SC02_037/../shared/ov/func_8012D098.h:30: warning: passing arg 1 of `func_8012F214' makes integer from pointer without a cast
src/ov_SC02_037/../shared/ov/func_8012D098.h:30: warning: passing arg 2 of `func_8012F214' makes integer from pointer without a cast
src/ov_SC02_037/../shared/ov/func_8012D098.h:30: warning: passing arg 3 of `func_8012F214' makes integer from pointer without a cast
src/ov_SC02_037/../shared/ov/func_8012D098.h:34: warning: passing arg 1 of `func_8012F214' makes integer from pointer without a cast
src/ov_SC02_037/../shared/ov/func_8012D098.h:34: warning: passing arg 2 of `func_8012F214' makes integer from pointer without a cast
src/ov_SC02_037/../shared/ov/func_8012D098.h:34: warning: passing arg 3 of `func_8012F214' makes integer from pointer without a cast
src/ov_SC02_037/../shared/ov/func_8012D098.h:38: warning: passing arg 1 of `func_8012F214' makes integer from pointer without a cast
src/ov_SC02_037/../shared/ov/func_8012D098.h:38: warning: passing arg 2 of `func_8012F214' makes integer from pointer without a cast
src/ov_SC02_037/../shared/ov/func_8012D098.h:38: warning: passing arg 3 of `func_8012F214' makes integer from pointer without a cast
src/ov_SC02_037/../shared/ov/func_8012D098.h:42: warning: passing arg 1 of `func_8012F214' makes integer from pointer without a cast
src/ov_SC02_037/../shared/ov/func_8012D098.h:42: warning: passing arg 2 of `func_8012F214' makes integer from pointer without a cast
src/ov_SC02_037/../shared/ov/func_8012D098.h:42: warning: passing arg 3 of `func_8012F214' makes integer from pointer without a cast
src/ov_SC02_037/../shared/ov/func_8012D098.h:46: warning: passing arg 1 of `func_8012F214' makes integer from pointer without a cast
src/ov_SC02_037/../shared/ov/func_8012D098.h:46: warning: passing arg 2 of `func_8012F214' makes integer from pointer without a cast
src/ov_SC02_037/../shared/ov/func_8012D098.h:46: warning: passing arg 3 of `func_8012F214' makes integer from pointer without a cast
src/ov_SC02_037/../shared/ov/func_8012D098.h:50: warning: passing arg 1 of `func_8012F214' makes integer from pointer without a cast
src/ov_SC02_037/../shared/ov/func_8012D098.h:50: warning: passing arg 2 of `func_8012F214' makes integer from pointer without a cast
src/ov_SC02_037/../shared/ov/func_8012D098.h:50: warning: passing arg 3 of `func_8012F214' makes integer from pointer without a cast
src/ov_SC02_037/../shared/ov/func_8012D098.h:54: warning: passing arg 1 of `func_8012F214' makes integer from pointer without a cast
src/ov_SC02_037/../shared/ov/func_8012D098.h:54: warning: passing arg 2 of `func_8012F214' makes integer from pointer without a cast
src/ov_SC02_037/../shared/ov/func_8012D098.h:54: warning: passing arg 3 of `func_8012F214' makes integer from pointer without a cast
src/ov_SC02_037/../shared/ov/func_8012D098.h:55: warning: passing arg 1 of `func_8012D3B4' makes integer from pointer without a cast
src/ov_SC02_037/../shared/ov/func_8012D098.h:55: warning: passing arg 2 of `func_8012D3B4' makes integer from pointer without a cast
src/ov_SC02_037/../shared/ov/func_8012D098.h:56: warning: passing arg 1 of `func_8012D3B4' makes integer from pointer without a cast
src/ov_SC02_037/../shared/ov/func_8012D098.h:56: warning: passing arg 2 of `func_8012D3B4' makes integer from pointer without a cast
src/ov_SC02_037/../shared/ov/func_8012D098.h:57: warning: passing arg 1 of `func_8012D3B4' makes integer from pointer without a cast
src/ov_SC02_037/../shared/ov/func_8012D098.h:57: warning: passing arg 2 of `func_8012D3B4' makes integer from pointer without a cast
src/ov_SC02_037/../shared/ov/func_8012D098.h:58: warning: passing arg 1 of `func_8012D3B4' makes integer from pointer without a cast
src/ov_SC02_037/../shared/ov/func_8012D098.h:58: warning: passing arg 2 of `func_8012D3B4' makes integer from pointer without a cast
src/ov_SC02_037/../shared/ov/func_8012D098.h:59: warning: passing arg 1 of `func_8012D3B4' makes integer from pointer without a cast
src/ov_SC02_037/../shared/ov/func_8012D098.h:59: warning: passing arg 2 of `func_8012D3B4' makes integer from pointer without a cast
src/ov_SC02_037/../shared/ov/func_8012D098.h:60: warning: passing arg 1 of `func_8012D3B4' makes integer from pointer without a cast
src/ov_SC02_037/../shared/ov/func_8012D098.h:60: warning: passing arg 2 of `func_8012D3B4' makes integer from pointer without a cast
src/ov_SC02_037/../shared/ov/func_8012D098.h:61: warning: passing arg 1 of `func_8012D3B4' makes integer from pointer without a cast
src/ov_SC02_037/../shared/ov/func_8012D098.h:61: warning: passing arg 2 of `func_8012D3B4' makes integer from pointer without a cast
src/ov_SC02_037/../shared/ov/func_8012D098.h:62: warning: passing arg 1 of `func_8012D3B4' makes integer from pointer without a cast
src/ov_SC02_037/../shared/ov/func_8012D098.h:62: warning: passing arg 2 of `func_8012D3B4' makes integer from pointer without a cast
src/ov_SC02_037/../shared/ov/func_8012D098.h:63: warning: passing arg 1 of `func_8012D3B4' makes integer from pointer without a cast
src/ov_SC02_037/../shared/ov/func_8012D098.h:63: warning: passing arg 2 of `func_8012D3B4' makes integer from pointer without a cast
src/ov_SC02_037/../shared/ov/func_8012D098.h:64: warning: passing arg 1 of `func_8012D3B4' makes integer from pointer without a cast
src/ov_SC02_037/../shared/ov/func_8012D098.h:64: warning: passing arg 2 of `func_8012D3B4' makes integer from pointer without a cast
src/ov_SC02_037/../shared/ov/func_8012D098.h:65: warning: passing arg 1 of `func_8012D3B4' makes integer from pointer without a cast
src/ov_SC02_037/../shared/ov/func_8012D098.h:65: warning: passing arg 2 of `func_8012D3B4' makes integer from pointer without a cast
src/ov_SC02_037/../shared/ov/func_8012D098.h:66: warning: passing arg 1 of `func_8012D3B4' makes integer from pointer without a cast
src/ov_SC02_037/../shared/ov/func_8012D098.h:66: warning: passing arg 2 of `func_8012D3B4' makes integer from pointer without a cast
src/ov_SC02_037/../shared/ov/func_8012D38C.h: In function `func_8012D38C':
In file included from src/ov_SC02_037/ov_SC02_037.c:1323:
src/ov_SC02_037/../shared/ov/func_8012D38C.h:5: warning: passing arg 1 of `func_8012D098' makes pointer from integer without a cast
src/ov_SC02_037/../shared/ov/func_8012D3B4.h: At top level:
In file included from src/ov_SC02_037/ov_SC02_037.c:1329:
src/ov_SC02_037/../shared/ov/func_8012D3B4.h:4: warning: type mismatch with previous external decl
src/ov_SC02_037/../shared/ov/func_8012CFA8.h:6: warning: previous external decl of `RotTransPers'
src/ov_SC02_037/../shared/ov/func_8012D3B4.h: In function `func_8012D3B4':
src/ov_SC02_037/../shared/ov/func_8012D3B4.h:22: warning: passing arg 2 of `RotTransPers' makes integer from pointer without a cast
src/ov_SC02_037/../shared/ov/func_8012D3B4.h:23: warning: passing arg 2 of `RotTransPers' makes integer from pointer without a cast
src/ov_SC02_037/../shared/ov/func_8012D4B4.h: In function `func_8012D4B4':
In file included from src/ov_SC02_037/ov_SC02_037.c:1332:
src/ov_SC02_037/../shared/ov/func_8012D4B4.h:27: warning: passing arg 2 of `RotTransPers' makes integer from pointer without a cast
src/ov_SC02_037/../shared/ov/func_8012D4B4.h:29: warning: passing arg 2 of `RotTransPers' makes integer from pointer without a cast
In file included from src/ov_SC02_037/ov_SC02_037_jr_801458E0.c:2275:
src/ov_SC02_037/../shared/ov/func_80149210.h:3: warning: type mismatch with previous external decl
src/ov_SC02_037/ov_SC02_037_jr_801458E0.c:1230: warning: previous external decl of `func_80149210'
src/ov_SC02_037/ov_SC02_037.c: In function `func_8012D664':
src/ov_SC02_037/ov_SC02_037.c:1365: warning: passing arg 6 of `func_8012F568' makes integer from pointer without a cast
src/ov_SC02_037/ov_SC02_037.c: In function `func_8012DB84':
src/ov_SC02_037/ov_SC02_037.c:1386: warning: passing arg 5 of `func_8012F568' makes integer from pointer without a cast
src/ov_SC02_037/ov_SC02_037.c:1386: warning: passing arg 6 of `func_8012F568' makes integer from pointer without a cast
src/ov_SC02_037/ov_SC02_037.c: In function `func_8012DDA4':
src/ov_SC02_037/ov_SC02_037.c:1415: warning: return makes integer from pointer without a cast
src/ov_SC02_037/ov_SC02_037.c: In function `func_8012DE2C':
src/ov_SC02_037/ov_SC02_037.c:1433: warning: type mismatch with previous external decl
src/ov_SC02_037/ov_SC02_037.c:1405: warning: previous external decl of `D_801C83CC'
src/ov_SC02_037/ov_SC02_037.c:1434: warning: type mismatch with previous external decl
src/ov_SC02_037/ov_SC02_037.c:1406: warning: previous external decl of `D_801C83C8'
src/ov_SC02_037/ov_SC02_037.c:1449: warning: return makes integer from pointer without a cast
src/ov_SC02_037/../shared/ov/func_8012E138.h: In function `func_8012E138':
In file included from src/ov_SC02_037/ov_SC02_037.c:1476:
src/ov_SC02_037/../shared/ov/func_8012E138.h:19: warning: passing arg 2 of `func_8012F038' from incompatible pointer type
src/ov_SC02_037/../shared/ov/func_8012E138.h:19: warning: passing arg 3 of `func_8012F038' from incompatible pointer type
src/ov_SC02_037/../shared/ov/func_8012E138.h:36: warning: passing arg 2 of `func_8012F14C' makes integer from pointer without a cast
src/ov_SC02_037/../shared/ov/func_8012E138.h:36: warning: passing arg 3 of `func_8012F14C' makes integer from pointer without a cast
src/ov_SC02_037/../shared/ov/func_8012E138.h:37: warning: passing arg 3 of `func_80135888' makes integer from pointer without a cast
src/ov_SC02_037/../shared/ov/func_8012E138.h:37: warning: passing arg 4 of `func_80135888' makes integer from pointer without a cast
src/ov_SC02_037/ov_SC02_037_jr_801458E0.c: In function `func_80149F2C':
src/ov_SC02_037/ov_SC02_037_jr_801458E0.c:2489: warning: initialization makes pointer from integer without a cast
src/ov_SC02_037/../shared/ov/func_8012F568.h: In function `func_8012F568':
In file included from src/ov_SC02_037/ov_SC02_037.c:2026:
src/ov_SC02_037/../shared/ov/func_8012F568.h:12: warning: passing arg 2 of `memcpy' makes pointer from integer without a cast
src/ov_SC02_037/../shared/ov/func_8012F568.h:13: warning: passing arg 2 of `memcpy' makes pointer from integer without a cast
src/ov_SC02_037/../shared/ov/func_8014B034.h: At top level:
In file included from src/ov_SC02_037/ov_SC02_037_jr_801458E0.c:2734:
src/ov_SC02_037/../shared/ov/func_8014B034.h:4: warning: type mismatch with previous external decl
src/ov_SC02_037/../shared/ov/func_8014ADE0.h:22: warning: previous external decl of `D_80078E90'
In file included from src/ov_SC02_037/ov_SC02_037_jr_801458E0.c:2851:
src/ov_SC02_037/../shared/ov/func_8014BE9C.h:4: warning: type mismatch with previous external decl
src/ov_SC02_037/ov_SC02_037_jr_801458E0.c:1231: warning: previous external decl of `func_8014BE9C'
src/ov_SC02_037/../shared/ov/func_8014C168.h: In function `func_8014C168':
In file included from src/ov_SC02_037/ov_SC02_037_jr_801458E0.c:2896:
src/ov_SC02_037/../shared/ov/func_8014C168.h:12: warning: return makes integer from pointer without a cast
src/ov_SC02_037/../shared/ov/func_8014C168.h:16: warning: return makes integer from pointer without a cast
src/ov_SC02_037/../shared/ov/func_8014C3D0.h: In function `func_8014C3D0':
In file included from src/ov_SC02_037/ov_SC02_037_jr_801458E0.c:2922:
src/ov_SC02_037/../shared/ov/func_8014C3D0.h:6: warning: passing arg 2 of `func_8014C59C' makes pointer from integer without a cast
src/ov_SC02_037/../shared/ov/func_8014C43C.h: In function `func_8014C43C':
In file included from src/ov_SC02_037/ov_SC02_037_jr_801458E0.c:2925:
src/ov_SC02_037/../shared/ov/func_8014C43C.h:9: warning: passing arg 4 of `func_8014C4AC' makes pointer from integer without a cast
src/ov_SC02_037/ov_SC02_037.c: In function `func_80130D48':
src/ov_SC02_037/ov_SC02_037.c:2411: warning: assignment makes pointer from integer without a cast
src/ov_SC02_037/../shared/ov/func_8014C6D0.h: At top level:
In file included from src/ov_SC02_037/ov_SC02_037_jr_801458E0.c:2962:
src/ov_SC02_037/../shared/ov/func_8014C6D0.h:4: warning: type mismatch with previous external decl
src/ov_SC02_037/ov_SC02_037_jr_801458E0.c:1239: warning: previous external decl of `func_8014C6D0'
In file included from src/ov_SC02_037/ov_SC02_037_jr_801458E0.c:3010:
src/ov_SC02_037/../shared/ov/func_8014C968.h:4: warning: type mismatch with previous external decl
src/ov_SC02_037/ov_SC02_037_jr_801458E0.c:1238: warning: previous external decl of `func_8014C968'
src/ov_SC02_037/../shared/ov/func_8014CD0C.h: In function `func_8014CD0C':
In file included from src/ov_SC02_037/ov_SC02_037_jr_801458E0.c:3111:
src/ov_SC02_037/../shared/ov/func_8014CD0C.h:21: warning: passing arg 2 of `func_8014CF04' makes integer from pointer without a cast
src/ov_SC02_037/../shared/ov/func_8014CD80.h: In function `func_8014CD80':
In file included from src/ov_SC02_037/ov_SC02_037_jr_801458E0.c:3114:
src/ov_SC02_037/../shared/ov/func_8014CD80.h:43: warning: passing arg 3 of `func_80135888' makes integer from pointer without a cast
src/ov_SC02_037/../shared/ov/func_8014CD80.h:43: warning: passing arg 4 of `func_80135888' makes integer from pointer without a cast
src/ov_SC02_037/../shared/ov/func_8014D438.h: In function `func_8014D438':
In file included from src/ov_SC02_037/ov_SC02_037_jr_801458E0.c:3192:
src/ov_SC02_037/../shared/ov/func_8014D438.h:15: warning: passing arg 2 of `func_8014D610' makes integer from pointer without a cast
src/ov_SC02_037/../shared/ov/func_8014E48C.h: In function `func_8014E48C':
In file included from src/ov_SC02_037/ov_SC02_037_jr_801458E0.c:3655:
src/ov_SC02_037/../shared/ov/func_8014E48C.h:17: warning: passing arg 1 of `func_8014E514' makes pointer from integer without a cast
src/ov_SC02_037/../shared/ov/func_8014E48C.h:17: warning: passing arg 2 of `func_8014E514' makes integer from pointer without a cast
src/ov_SC02_037/../shared/ov/func_8014E48C.h:17: warning: passing arg 3 of `func_8014E514' makes integer from pointer without a cast
src/ov_SC02_037/../shared/ov/func_8014E790.h: In function `func_8014E790':
In file included from src/ov_SC02_037/ov_SC02_037_jr_801458E0.c:3764:
src/ov_SC02_037/../shared/ov/func_8014E790.h:8: warning: passing arg 3 of `func_80135888' makes integer from pointer without a cast
src/ov_SC02_037/../shared/ov/func_8014E790.h:8: warning: passing arg 4 of `func_80135888' makes integer from pointer without a cast
src/ov_SC02_037/../shared/ov/func_8014E83C.h: In function `func_8014E83C':
In file included from src/ov_SC02_037/ov_SC02_037_jr_801458E0.c:3767:
src/ov_SC02_037/../shared/ov/func_8014E83C.h:18: warning: passing arg 3 of `func_80135888' makes integer from pointer without a cast
src/ov_SC02_037/../shared/ov/func_8014E83C.h:18: warning: passing arg 4 of `func_80135888' makes integer from pointer without a cast
src/ov_SC02_037/../shared/ov/func_8014EE14.h: In function `func_8014EE14':
In file included from src/ov_SC02_037/ov_SC02_037_jr_801458E0.c:3838:
src/ov_SC02_037/../shared/ov/func_8014EE14.h:22: warning: assignment makes integer from pointer without a cast
{standard input}: Assembler messages:
{standard input}:567: Warning: used $at without ".set noat"
{standard input}:568: Warning: used $at without ".set noat"
{standard input}:676: Warning: used $at without ".set noat"
{standard input}:677: Warning: used $at without ".set noat"
src/ov_SC02_037/../shared/ov/func_80151204.h: In function `func_80151204':
In file included from src/ov_SC02_037/ov_SC02_037_jr_801458E0.c:4442:
src/ov_SC02_037/../shared/ov/func_80151204.h:7: warning: passing arg 1 of `func_8014ACE8' makes pointer from integer without a cast
src/ov_SC02_037/../shared/ov/func_8015126C.h: In function `func_8015126C':
In file included from src/ov_SC02_037/ov_SC02_037_jr_801458E0.c:4448:
src/ov_SC02_037/../shared/ov/func_8015126C.h:132: warning: passing arg 1 of `func_8015173C' from incompatible pointer type
src/ov_SC02_037/../shared/ov/func_80151AE4.h: In function `func_80151AE4':
In file included from src/ov_SC02_037/ov_SC02_037_jr_801458E0.c:4531:
src/ov_SC02_037/../shared/ov/func_80151AE4.h:16: warning: passing arg 1 of `func_80149020' makes pointer from integer without a cast
src/ov_SC02_037/../shared/ov/func_80151AE4.h:19: warning: passing arg 1 of `func_80159B3C' makes pointer from integer without a cast
src/ov_SC02_037/../shared/ov/func_80151AE4.h:32: warning: passing arg 1 of `func_8015BDD0' makes pointer from integer without a cast
src/ov_SC02_037/ov_SC02_037_jr_801458E0.c: In function `func_801520DC':
src/ov_SC02_037/ov_SC02_037_jr_801458E0.c:4599: warning: passing arg 1 of `func_80149020' makes pointer from integer without a cast
src/ov_SC02_037/ov_SC02_037_jr_801458E0.c:4600: warning: passing arg 1 of `func_801472C8' makes pointer from integer without a cast
src/ov_SC02_037/ov_SC02_037_jr_801458E0.c:4602: warning: passing arg 1 of `func_80146DB8' makes pointer from integer without a cast
src/ov_SC02_037/ov_SC02_037_jr_801458E0.c:4603: warning: passing arg 1 of `func_801477E8' makes pointer from integer without a cast
src/ov_SC02_037/ov_SC02_037_jr_801458E0.c:4604: warning: passing arg 1 of `func_8014CBF8' makes pointer from integer without a cast
src/ov_SC02_037/ov_SC02_037_jr_801458E0.c:4605: warning: passing arg 1 of `func_801474EC' makes pointer from integer without a cast
src/ov_SC02_037/ov_SC02_037_jr_801458E0.c:4606: warning: passing arg 2 of `func_80146A6C' makes pointer from integer without a cast
src/ov_SC02_037/ov_SC02_037_jr_801458E0.c:4608: warning: passing arg 1 of `func_80146CA0' makes pointer from integer without a cast
src/ov_SC02_037/../shared/ov/func_80152254.h: In function `func_80152254':
In file included from src/ov_SC02_037/ov_SC02_037_jr_801458E0.c:4618:
src/ov_SC02_037/../shared/ov/func_80152254.h:22: warning: passing arg 1 of `func_80159B3C' makes pointer from integer without a cast
src/ov_SC02_037/ov_SC02_037_jr_801458E0.c: In function `func_801528B0':
src/ov_SC02_037/ov_SC02_037_jr_801458E0.c:4744: warning: passing arg 1 of `func_80149020' makes pointer from integer without a cast
src/ov_SC02_037/ov_SC02_037_jr_801458E0.c:4745: warning: passing arg 1 of `func_80154274' makes pointer from integer without a cast
src/ov_SC02_037/ov_SC02_037_jr_801458E0.c:4745: warning: passing arg 2 of `func_80154274' makes integer from pointer without a cast
src/ov_SC02_037/ov_SC02_037_jr_801458E0.c:4748: warning: passing arg 1 of `func_80146DB8' makes pointer from integer without a cast
src/ov_SC02_037/ov_SC02_037_jr_801458E0.c:4749: warning: passing arg 1 of `func_801477E8' makes pointer from integer without a cast
src/ov_SC02_037/ov_SC02_037_jr_801458E0.c:4750: warning: passing arg 1 of `func_8014CBF8' makes pointer from integer without a cast
src/ov_SC02_037/ov_SC02_037_jr_801458E0.c:4751: warning: passing arg 1 of `func_801474EC' makes pointer from integer without a cast
src/ov_SC02_037/ov_SC02_037_jr_801458E0.c:4752: warning: passing arg 1 of `func_80146CA0' makes pointer from integer without a cast
src/ov_SC02_037/../shared/ov/func_8015294C.h: In function `func_8015294C':
In file included from src/ov_SC02_037/ov_SC02_037_jr_801458E0.c:4756:
src/ov_SC02_037/../shared/ov/func_8015294C.h:31: warning: passing arg 1 of `func_801472C8' from incompatible pointer type
src/ov_SC02_037/../shared/ov/func_80152A50.h: In function `func_80152A50':
In file included from src/ov_SC02_037/ov_SC02_037_jr_801458E0.c:4762:
src/ov_SC02_037/../shared/ov/func_80152A50.h:22: warning: passing arg 1 of `func_80159B3C' makes pointer from integer without a cast
src/ov_SC02_037/../shared/ov/func_80152BF0.h: In function `func_80152BF0':
In file included from src/ov_SC02_037/ov_SC02_037_jr_801458E0.c:4780:
src/ov_SC02_037/../shared/ov/func_80152BF0.h:13: warning: passing arg 1 of `func_80146CA0' makes pointer from integer without a cast
src/ov_SC02_037/../shared/ov/func_80152C80.h: In function `func_80152C80':
In file included from src/ov_SC02_037/ov_SC02_037_jr_801458E0.c:4786:
src/ov_SC02_037/../shared/ov/func_80152C80.h:12: warning: initialization makes integer from pointer without a cast
src/ov_SC02_037/ov_SC02_037_jr_801458E0.c: In function `func_80152DA8':
src/ov_SC02_037/ov_SC02_037_jr_801458E0.c:4821: warning: passing arg 1 of `func_80149020' makes pointer from integer without a cast
src/ov_SC02_037/ov_SC02_037_jr_801458E0.c:4822: warning: passing arg 1 of `func_80154274' makes pointer from integer without a cast
src/ov_SC02_037/ov_SC02_037_jr_801458E0.c:4822: warning: passing arg 2 of `func_80154274' makes integer from pointer without a cast
src/ov_SC02_037/ov_SC02_037_jr_801458E0.c:4826: warning: passing arg 1 of `func_80146DB8' makes pointer from integer without a cast
src/ov_SC02_037/ov_SC02_037_jr_801458E0.c:4827: warning: passing arg 1 of `func_801477E8' makes pointer from integer without a cast
src/ov_SC02_037/ov_SC02_037_jr_801458E0.c:4828: warning: passing arg 1 of `func_8014CBF8' makes pointer from integer without a cast
src/ov_SC02_037/ov_SC02_037_jr_801458E0.c:4829: warning: passing arg 1 of `func_801474EC' makes pointer from integer without a cast
src/ov_SC02_037/ov_SC02_037_jr_801458E0.c:4830: warning: passing arg 1 of `func_80146CA0' makes pointer from integer without a cast
src/ov_SC02_037/../shared/ov/func_80152E4C.h: In function `func_80152E4C':
In file included from src/ov_SC02_037/ov_SC02_037_jr_801458E0.c:4834:
src/ov_SC02_037/../shared/ov/func_80152E4C.h:34: warning: passing arg 1 of `func_801472C8' makes pointer from integer without a cast
src/ov_SC02_037/../shared/ov/func_80152F44.h: In function `func_80152F44':
In file included from src/ov_SC02_037/ov_SC02_037_jr_801458E0.c:4840:
src/ov_SC02_037/../shared/ov/func_80152F44.h:22: warning: passing arg 1 of `func_80159B3C' makes pointer from integer without a cast
src/ov_SC02_037/../shared/ov/func_801530E4.h: In function `func_801530E4':
In file included from src/ov_SC02_037/ov_SC02_037_jr_801458E0.c:4858:
src/ov_SC02_037/../shared/ov/func_801530E4.h:14: warning: passing arg 1 of `func_80149020' makes pointer from integer without a cast
src/ov_SC02_037/../shared/ov/func_801530E4.h:15: warning: passing arg 1 of `func_801472C8' makes pointer from integer without a cast
src/ov_SC02_037/../shared/ov/func_801530E4.h:17: warning: passing arg 1 of `func_8014CBF8' makes pointer from integer without a cast
src/ov_SC02_037/../shared/ov/func_801530E4.h:18: warning: passing arg 1 of `func_801474EC' makes pointer from integer without a cast
src/ov_SC02_037/../shared/ov/func_801530E4.h:19: warning: passing arg 1 of `func_80155440' makes pointer from integer without a cast
src/ov_SC02_037/../shared/ov/func_801530E4.h:20: warning: passing arg 1 of `func_80146CA0' makes pointer from integer without a cast
src/ov_SC02_037/../shared/ov/func_80153204.h: In function `func_80153204':
In file included from src/ov_SC02_037/ov_SC02_037_jr_801458E0.c:4867:
src/ov_SC02_037/../shared/ov/func_80153204.h:22: warning: passing arg 1 of `func_80159B3C' makes pointer from integer without a cast
src/ov_SC02_037/../shared/ov/func_801533A4.h: In function `func_801533A4':
In file included from src/ov_SC02_037/ov_SC02_037_jr_801458E0.c:4885:
src/ov_SC02_037/../shared/ov/func_801533A4.h:12: warning: passing arg 1 of `func_80149020' makes pointer from integer without a cast
src/ov_SC02_037/../shared/ov/func_801533A4.h:15: warning: passing arg 1 of `func_8014CBF8' makes pointer from integer without a cast
src/ov_SC02_037/../shared/ov/func_801533A4.h:16: warning: passing arg 1 of `func_801474EC' makes pointer from integer without a cast
src/ov_SC02_037/../shared/ov/func_801533A4.h:17: warning: passing arg 1 of `func_80155440' makes pointer from integer without a cast
src/ov_SC02_037/../shared/ov/func_801533A4.h:18: warning: passing arg 1 of `func_80146CA0' makes pointer from integer without a cast
src/ov_SC02_037/../shared/ov/func_801534D8.h: In function `func_801534D8':
In file included from src/ov_SC02_037/ov_SC02_037_jr_801458E0.c:4894:
src/ov_SC02_037/../shared/ov/func_801534D8.h:22: warning: passing arg 1 of `func_80159B3C' makes pointer from integer without a cast
src/ov_SC02_037/../shared/ov/func_80153C8C.h: At top level:
In file included from src/ov_SC02_037/ov_SC02_037_jr_801458E0.c:5025:
src/ov_SC02_037/../shared/ov/func_80153C8C.h:4: warning: type mismatch with previous external decl
src/ov_SC02_037/ov_SC02_037_jr_801458E0.c:1241: warning: previous external decl of `func_80153C8C'
src/ov_SC02_037/../shared/ov/func_80154150.h: In function `func_80154150':
In file included from src/ov_SC02_037/ov_SC02_037_jr_801458E0.c:5092:
src/ov_SC02_037/../shared/ov/func_80154150.h:7: warning: passing arg 1 of `func_80154190' makes pointer from integer without a cast
{standard input}: Assembler messages:
{standard input}:681: Warning: used $at without ".set noat"
{standard input}:682: Warning: used $at without ".set noat"
{standard input}:12672: Warning: used $at without ".set noat"
{standard input}:12673: Warning: used $at without ".set noat"
{standard input}:13001: Warning: used $at without ".set noat"
{standard input}:13002: Warning: used $at without ".set noat"
{standard input}:13323: Warning: used $at without ".set noat"
{standard input}:13324: Warning: used $at without ".set noat"
{standard input}:13628: Warning: used $at without ".set noat"
{standard input}:13629: Warning: used $at without ".set noat"
{standard input}:14333: Warning: used $at without ".set noat"
{standard input}:14334: Warning: used $at without ".set noat"
{standard input}:14776: Warning: used $at without ".set noat"
{standard input}:14777: Warning: used $at without ".set noat"
{standard input}:15012: Warning: used $at without ".set noat"
{standard input}:15013: Warning: used $at without ".set noat"
{standard input}:15258: Warning: used $at without ".set noat"
{standard input}:15259: Warning: used $at without ".set noat"
{standard input}:15608: Warning: used $at without ".set noat"
{standard input}:15609: Warning: used $at without ".set noat"
{standard input}:16014: Warning: used $at without ".set noat"
{standard input}:16015: Warning: used $at without ".set noat"
{standard input}:16250: Warning: used $at without ".set noat"
{standard input}:16251: Warning: used $at without ".set noat"
{standard input}:16468: Warning: used $at without ".set noat"
{standard input}:16469: Warning: used $at without ".set noat"
{standard input}:16737: Warning: used $at without ".set noat"
{standard input}:16738: Warning: used $at without ".set noat"
{standard input}:16889: Warning: used $at without ".set noat"
{standard input}:16890: Warning: used $at without ".set noat"
{standard input}:17006: Warning: used $at without ".set noat"
{standard input}:17007: Warning: used $at without ".set noat"
{standard input}:17716: Warning: used $at without ".set noat"
{standard input}:17717: Warning: used $at without ".set noat"
{standard input}:18365: Warning: used $at without ".set noat"
{standard input}:18366: Warning: used $at without ".set noat"
  LD      build/ov_SC02_037/ov_SC02_037.elf
  OBJCOPY build/ov_SC02_037/ov_SC02_037
  TRIM    build/ov_SC02_037/ov_SC02_037 (-1 B linker end-align pad)
[ OK ] build/ov_SC02_037/ov_SC02_037
       sha1 b0c5394ae23cd5f0cbb32687f61bca669151bf5f == config/check.ov_SC02_037.sha  (BYTE-IDENTICAL)
