  CC      build/src/ov_SC07_007/ov_SC07_007_jr_8017BEBC.o
  CC      build/src/ov_SC07_007/ov_SC07_007_jr_80140608.o
  CC      build/src/ov_SC07_007/ov_SC07_007_jr_801588CC.o
  CC      build/src/ov_SC07_007/ov_SC07_007_jr_8016AE5C.o
  CC      build/src/ov_SC07_007/ov_SC07_007_jr_80171B4C.o
  CC      build/src/ov_SC07_007/ov_SC07_007.o
  CC      build/src/ov_SC07_007/ov_SC07_007_jr_801380E0.o
  CC      build/src/ov_SC07_007/ov_SC07_007_o0c.o
  CC      build/src/ov_SC07_007/ov_SC07_007_jr_80154C24.o
  CC      build/src/ov_SC07_007/ov_SC07_007_jr_8015444C.o
src/ov_SC07_007/../shared/ov/func_80158AE4.h: In function `func_80158AE4':
In file included from src/ov_SC07_007/ov_SC07_007_jr_801588CC.c:2012:
src/ov_SC07_007/../shared/ov/func_80158AE4.h:20: warning: passing arg 1 makes integer from pointer without a cast
src/ov_SC07_007/../shared/ov/func_80158AE4.h:21: warning: passing arg 1 makes integer from pointer without a cast
src/ov_SC07_007/../shared/ov/func_80158AE4.h:22: warning: passing arg 1 of `func_80165A20' makes integer from pointer without a cast
src/ov_SC07_007/../shared/ov/func_80158AE4.h:23: warning: passing arg 1 of `func_80165A78' makes integer from pointer without a cast
src/ov_SC07_007/../shared/ov/func_80158AE4.h:26: warning: passing arg 1 of `func_8014B160' makes integer from pointer without a cast
src/ov_SC07_007/ov_SC07_007_jr_801588CC.c: In function `func_80158BB0':
src/ov_SC07_007/ov_SC07_007_jr_801588CC.c:2032: warning: passing arg 2 of `func_80154274' makes integer from pointer without a cast
src/ov_SC07_007/ov_SC07_007_jr_801588CC.c:2033: warning: passing arg 1 of `func_80154A74' makes integer from pointer without a cast
src/ov_SC07_007/ov_SC07_007_jr_8017BEBC.c:2306: warning: conflicting types for built-in function `memcpy'
src/ov_SC07_007/ov_SC07_007_jr_8016AE5C.c:2385: warning: conflicting types for built-in function `memcpy'
src/ov_SC07_007/../shared/ov/func_80140D68.h: In function `func_80140D68':
In file included from src/ov_SC07_007/ov_SC07_007_jr_80140608.c:1034:
src/ov_SC07_007/../shared/ov/func_80140D68.h:18: warning: type mismatch with previous external decl
src/ov_SC07_007/ov_SC07_007_jr_80140608.c:910: warning: previous external decl of `D_800AE7BC'
src/ov_SC07_007/ov_SC07_007_o0c.c: In function `func_8013B6A0':
src/ov_SC07_007/ov_SC07_007_o0c.c:744: warning: type mismatch with previous external decl
src/ov_SC07_007/ov_SC07_007_o0c.c:730: warning: previous external decl of `D_801C7A10'
src/ov_SC07_007/ov_SC07_007_o0c.c: In function `func_8013B7AC':
src/ov_SC07_007/ov_SC07_007_o0c.c:756: warning: type mismatch with previous external decl
src/ov_SC07_007/ov_SC07_007_o0c.c:730: warning: previous external decl of `D_801C7A10'
src/ov_SC07_007/ov_SC07_007_o0c.c: At top level:
src/ov_SC07_007/ov_SC07_007_o0c.c:772: warning: type mismatch with previous external decl
src/ov_SC07_007/ov_SC07_007_o0c.c:765: warning: previous external decl of `func_8013B83C'
src/ov_SC07_007/ov_SC07_007_o0c.c:772: warning: type mismatch with previous implicit declaration
src/ov_SC07_007/ov_SC07_007_o0c.c:765: warning: previous implicit declaration of `func_8013B83C'
src/ov_SC07_007/ov_SC07_007_o0c.c:772: warning: `func_8013B83C' was previously implicitly declared to return `int'
src/ov_SC07_007/ov_SC07_007_o0c.c:904: warning: type mismatch with previous external decl
src/ov_SC07_007/ov_SC07_007_o0c.c:805: warning: previous external decl of `func_8013BD74'
src/ov_SC07_007/ov_SC07_007_o0c.c:904: warning: type mismatch with previous implicit declaration
src/ov_SC07_007/ov_SC07_007_o0c.c:894: warning: previous implicit declaration of `func_8013BD74'
src/ov_SC07_007/ov_SC07_007_o0c.c:904: warning: `func_8013BD74' was previously implicitly declared to return `int'
src/ov_SC07_007/ov_SC07_007_jr_80171B4C.c:2387: warning: conflicting types for built-in function `memcpy'
In file included from src/ov_SC07_007/ov_SC07_007_o0c.c:963:
src/ov_SC07_007/../shared/ov/func_8013C08C.h:4: warning: type mismatch with previous external decl
src/ov_SC07_007/ov_SC07_007_o0c.c:783: warning: previous external decl of `func_8013C08C'
src/ov_SC07_007/../shared/ov/func_8016B448.h: In function `func_8016B448':
In file included from src/ov_SC07_007/ov_SC07_007_jr_8016AE5C.c:2653:
src/ov_SC07_007/../shared/ov/func_8016B448.h:10: warning: passing arg 1 of `func_8014C050' makes integer from pointer without a cast
src/ov_SC07_007/../shared/ov/func_8016B448.h:12: warning: passing arg 1 of `func_8016B984' makes pointer from integer without a cast
src/ov_SC07_007/../shared/ov/func_8016B448.h:14: warning: passing arg 2 of `func_80146A6C' makes pointer from integer without a cast
src/ov_SC07_007/../shared/ov/func_801412A8.h: In function `aF801412A8':
In file included from src/ov_SC07_007/ov_SC07_007_jr_80140608.c:1192:
src/ov_SC07_007/../shared/ov/func_801412A8.h:5: warning: type mismatch with previous external decl
src/ov_SC07_007/ov_SC07_007_jr_80140608.c:910: warning: previous external decl of `D_800AE7BC'
src/ov_SC07_007/../shared/ov/func_80171CC4.h: In function `func_80171CC4':
In file included from src/ov_SC07_007/ov_SC07_007_jr_80171B4C.c:2910:
src/ov_SC07_007/../shared/ov/func_80171CC4.h:9: warning: passing arg 1 of `func_80171D78' makes integer from pointer without a cast
src/ov_SC07_007/../shared/ov/func_80171CC4.h:9: warning: passing arg 2 of `func_80171D78' makes integer from pointer without a cast
src/ov_SC07_007/../shared/ov/func_801387B8.h: In function `func_801387B8':
In file included from src/ov_SC07_007/ov_SC07_007_jr_801380E0.c:669:
src/ov_SC07_007/../shared/ov/func_801387B8.h:5: warning: type mismatch with previous external decl
src/ov_SC07_007/../shared/ov/func_801380E0__t6e5fdbea.h:14: warning: previous external decl of `func_80139220'
src/ov_SC07_007/../shared/ov/func_801387B8.h:29: warning: passing arg 1 of `func_80138DE0' makes pointer from integer without a cast
src/ov_SC07_007/../shared/ov/func_8016BA68.h: In function `func_8016BA68':
In file included from src/ov_SC07_007/ov_SC07_007_jr_8016AE5C.c:2916:
src/ov_SC07_007/../shared/ov/func_8016BA68.h:9: warning: passing arg 1 of `func_8014C050' makes integer from pointer without a cast
src/ov_SC07_007/../shared/ov/func_8016BA68.h:11: warning: passing arg 1 makes pointer from integer without a cast
src/ov_SC07_007/../shared/ov/func_8016BA68.h:13: warning: passing arg 2 of `func_80146A6C' makes pointer from integer without a cast
src/ov_SC07_007/../shared/ov/func_80159B08.h: In function `func_80159B08':
In file included from src/ov_SC07_007/ov_SC07_007_jr_801588CC.c:2403:
src/ov_SC07_007/../shared/ov/func_80159B08.h:7: warning: passing arg 1 of `func_80159BE4' makes integer from pointer without a cast
src/ov_SC07_007/ov_SC07_007_jr_8016AE5C.c: In function `func_8016BCC0':
src/ov_SC07_007/ov_SC07_007_jr_8016AE5C.c:2992: warning: type mismatch with previous external decl
src/ov_SC07_007/ov_SC07_007_jr_8016AE5C.c:2942: warning: previous external decl of `func_8016BF50'
src/ov_SC07_007/ov_SC07_007_jr_8016AE5C.c:2999: warning: passing arg 1 of `func_8016BFA8' makes integer from pointer without a cast
src/ov_SC07_007/ov_SC07_007_jr_8016AE5C.c:2999: warning: passing arg 2 of `func_8016BFA8' makes integer from pointer without a cast
src/ov_SC07_007/ov_SC07_007_jr_8016AE5C.c:2999: warning: passing arg 3 of `func_8016BFA8' makes integer from pointer without a cast
src/ov_SC07_007/ov_SC07_007_jr_8016AE5C.c:2999: warning: passing arg 4 of `func_8016BFA8' makes integer from pointer without a cast
src/ov_SC07_007/../shared/ov/func_80138AB4.h: At top level:
In file included from src/ov_SC07_007/ov_SC07_007_jr_801380E0.c:677:
src/ov_SC07_007/../shared/ov/func_80138AB4.h:7: warning: type mismatch with previous external decl
src/ov_SC07_007/../shared/ov/func_801380E0__t6e5fdbea.h:9: warning: previous external decl of `func_80138AB4'
src/ov_SC07_007/../shared/ov/func_80138AB4.h: In function `func_80138AB4':
src/ov_SC07_007/../shared/ov/func_80138AB4.h:18: warning: passing arg 1 of `func_80138DE0' makes pointer from integer without a cast
src/ov_SC07_007/ov_SC07_007_jr_8016AE5C.c: At top level:
src/ov_SC07_007/ov_SC07_007_jr_8016AE5C.c:3009: warning: type mismatch with previous implicit declaration
src/ov_SC07_007/ov_SC07_007_jr_8016AE5C.c:2992: warning: previous implicit declaration of `func_8016BF50'
src/ov_SC07_007/ov_SC07_007_jr_8016AE5C.c:3009: warning: `func_8016BF50' was previously implicitly declared to return `int'
src/ov_SC07_007/../shared/ov/func_8017248C.h: In function `func_8017248C':
In file included from src/ov_SC07_007/ov_SC07_007_jr_80171B4C.c:2953:
src/ov_SC07_007/../shared/ov/func_8017248C.h:6: warning: passing arg 1 makes pointer from integer without a cast
src/ov_SC07_007/../shared/ov/func_8017248C.h:6: warning: passing arg 2 makes pointer from integer without a cast
src/ov_SC07_007/../shared/ov/func_80138D58.h: At top level:
In file included from src/ov_SC07_007/ov_SC07_007_jr_801380E0.c:745:
src/ov_SC07_007/../shared/ov/func_80138D58.h:4: warning: type mismatch with previous external decl
src/ov_SC07_007/../shared/ov/func_801380E0__t6e5fdbea.h:11: warning: previous external decl of `func_80138D58'
src/ov_SC07_007/../shared/ov/func_8017250C.h: In function `func_8017250C':
In file included from src/ov_SC07_007/ov_SC07_007_jr_80171B4C.c:2959:
src/ov_SC07_007/../shared/ov/func_8017250C.h:5: warning: passing arg 1 of `func_80172560' from incompatible pointer type
src/ov_SC07_007/../shared/ov/func_8017250C.h:5: warning: passing arg 2 of `func_80172560' from incompatible pointer type
src/ov_SC07_007/ov_SC07_007_jr_8016AE5C.c: In function `func_8016C2C4':
src/ov_SC07_007/ov_SC07_007_jr_8016AE5C.c:3264: warning: type mismatch with previous external decl
src/ov_SC07_007/ov_SC07_007_jr_8016AE5C.c:3207: warning: previous external decl of `D_801C6C0C'
src/ov_SC07_007/ov_SC07_007_jr_8016AE5C.c:3265: warning: type mismatch with previous external decl
src/ov_SC07_007/ov_SC07_007_jr_8016AE5C.c:3210: warning: previous external decl of `D_801C6C14'
src/ov_SC07_007/../shared/ov/func_801726D0.h: In function `func_801726D0':
In file included from src/ov_SC07_007/ov_SC07_007_jr_80171B4C.c:3028:
src/ov_SC07_007/../shared/ov/func_801726D0.h:10: warning: assignment from incompatible pointer type
In file included from src/ov_SC07_007/ov_SC07_007_jr_801380E0.c:758:
src/ov_SC07_007/../shared/ov/func_8013914C.h:3: warning: type mismatch with previous external decl
src/ov_SC07_007/../shared/ov/func_801380E0__t6e5fdbea.h:14: warning: previous external decl of `func_80139220'
src/ov_SC07_007/ov_SC07_007_jr_8017BEBC.c:3772: warning: type mismatch with previous external decl
src/ov_SC07_007/ov_SC07_007_jr_8017BEBC.c:3576: warning: previous external decl of `D_801274F0'
In file included from src/ov_SC07_007/ov_SC07_007_jr_801380E0.c:761:
src/ov_SC07_007/../shared/ov/func_801391F0.h:5: warning: type mismatch with previous external decl
src/ov_SC07_007/../shared/ov/func_801380E0__t6e5fdbea.h:13: warning: previous external decl of `func_801391F0'
src/ov_SC07_007/ov_SC07_007_jr_8016AE5C.c: In function `func_8016C998':
src/ov_SC07_007/ov_SC07_007_jr_8016AE5C.c:3411: warning: type mismatch with previous external decl
src/ov_SC07_007/ov_SC07_007_jr_8016AE5C.c:3316: warning: previous external decl of `D_801C6CE0'
src/ov_SC07_007/../shared/ov/func_80172D14.h: In function `func_80172D14':
In file included from src/ov_SC07_007/ov_SC07_007_jr_80171B4C.c:3142:
src/ov_SC07_007/../shared/ov/func_80172D14.h:9: warning: passing arg 1 of `func_80171AB0' makes integer from pointer without a cast
src/ov_SC07_007/../shared/ov/func_80172D14.h:11: warning: passing arg 1 of `func_80174650' makes integer from pointer without a cast
src/ov_SC07_007/ov_SC07_007_jr_8016AE5C.c: In function `func_8016CBC0':
src/ov_SC07_007/ov_SC07_007_jr_8016AE5C.c:3471: warning: type mismatch with previous external decl
src/ov_SC07_007/ov_SC07_007_jr_8016AE5C.c:3316: warning: previous external decl of `D_801C6CE0'src/ov_SC07_007/../shared/ov/func_80172E20.h: 
In function `func_80172E20':
In file included from src/ov_SC07_007/ov_SC07_007_jr_80171B4C.c:3163:
src/ov_SC07_007/../shared/ov/func_80172E20.h:14: warning: passing arg 1 of `func_80171AB0' makes integer from pointer without a cast
src/ov_SC07_007/../shared/ov/func_80172E20.h:16: warning: passing arg 1 of `func_80174650' makes integer from pointer without a cast
src/ov_SC07_007/../shared/ov/func_80142838.h: src/ov_SC07_007/ov_SC07_007_jr_8017BEBC.c: In function `func_80142838':
In function `func_8017DF74':
In file includedsrc/ov_SC07_007/ov_SC07_007_jr_8017BEBC.c:4069:  from src/ov_SC07_007/ov_SC07_007_jr_80140608.c:1552warning: :
src/ov_SC07_007/../shared/ov/func_80142838.h:15: type mismatch with previous external declwarning: 
passing arg 1 of `func_8012C0EC' makes integer from pointer without a castsrc/ov_SC07_007/ov_SC07_007_jr_8017BEBC.c:3930: 
warning: previous external decl of `D_801274F8'
src/ov_SC07_007/../shared/ov/func_80139680.h: In function `func_80139680':
In file included from src/ov_SC07_007/ov_SC07_007_jr_801380E0.c:778:
src/ov_SC07_007/../shared/ov/func_80139680.h:39: warning: passing arg 2 of `func_80052460' makes integer from pointer without a cast
src/ov_SC07_007/../shared/ov/func_80139788.h: At top level:
In file included from src/ov_SC07_007/ov_SC07_007_jr_801380E0.c:781:
src/ov_SC07_007/../shared/ov/func_80139788.h:3: warning: type mismatch with previous external decl
src/ov_SC07_007/../shared/ov/func_801380E0__t6e5fdbea.h:4: warning: previous external decl of `func_8001931C'
src/ov_SC07_007/../shared/ov/func_80139788.h:5: warning: type mismatch with previous external decl
src/ov_SC07_007/../shared/ov/func_801380E0__t6e5fdbea.h:15: warning: previous external decl of `func_80139788'
src/ov_SC07_007/../shared/ov/func_8017303C.h: In function `func_8017303C':
In file included from src/ov_SC07_007/ov_SC07_007_jr_80171B4C.c:3190:
src/ov_SC07_007/../shared/ov/func_8017303C.h:9: warning: assignment makes integer from pointer without a cast
src/ov_SC07_007/../shared/ov/func_801730FC.h: In function `func_801730FC':
In file included from src/ov_SC07_007/ov_SC07_007_jr_80171B4C.c:3205:
src/ov_SC07_007/../shared/ov/func_801730FC.h:12: warning: passing arg 1 of `func_80147060' from incompatible pointer type
src/ov_SC07_007/../shared/ov/func_801730FC.h:13: warning: passing arg 1 of `func_80154150' makes integer from pointer without a cast
src/ov_SC07_007/../shared/ov/func_80139914.h: In function `func_80139914':
In file included from src/ov_SC07_007/ov_SC07_007_jr_801380E0.c:854:
src/ov_SC07_007/../shared/ov/func_80139914.h:12: warning: passing arg 1 of `func_8013A8B0' makes pointer from integer without a cast
src/ov_SC07_007/ov_SC07_007_jr_8016AE5C.c: In function `func_8016CF04':
src/ov_SC07_007/ov_SC07_007_jr_8016AE5C.c:3622: warning: type mismatch with previous external decl
src/ov_SC07_007/ov_SC07_007_jr_8016AE5C.c:3316: warning: previous external decl of `D_801C6CE0'
src/ov_SC07_007/ov_SC07_007_jr_80171B4C.c: In function `func_80173220':
src/ov_SC07_007/ov_SC07_007_jr_80171B4C.c:3242: warning: passing arg 1 of `func_80174650' makes integer from pointer without a cast
src/ov_SC07_007/ov_SC07_007_jr_8016AE5C.c:3662: warning: passing arg 2 of `ApplyMatrixSV' from incompatible pointer type
src/ov_SC07_007/ov_SC07_007_jr_8016AE5C.c:3662: warning: passing arg 3 of `ApplyMatrixSV' from incompatible pointer type
src/ov_SC07_007/ov_SC07_007_jr_8016AE5C.c:3668: warning: passing arg 2 of `ApplyMatrixSV' from incompatible pointer type
src/ov_SC07_007/ov_SC07_007_jr_8016AE5C.c:3668: warning: passing arg 3 of `ApplyMatrixSV' from incompatible pointer type
In file included from src/ov_SC07_007/ov_SC07_007_jr_80154C24.c:1992:
src/ov_SC07_007/../shared/ov/func_801565C0.h:4: warning: type mismatch with previous external decl
src/ov_SC07_007/ov_SC07_007_jr_80154C24.c:1934: warning: previous external decl of `func_801565C0'
src/ov_SC07_007/../shared/ov/func_80156600.h: In function `func_80156600':
In file included from src/ov_SC07_007/ov_SC07_007_jr_80154C24.c:2029:
src/ov_SC07_007/../shared/ov/func_80156600.h:11: warning: return makes integer from pointer without a cast
src/ov_SC07_007/../shared/ov/func_80156600.h:16: warning: return makes integer from pointer without a cast
src/ov_SC07_007/../shared/ov/func_8012A418.h: In function `func_8012A418':
In file included from src/ov_SC07_007/ov_SC07_007.c:804:
src/ov_SC07_007/../shared/ov/func_8012A418.h:10: warning: assignment from incompatible pointer type
src/ov_SC07_007/ov_SC07_007_jr_80171B4C.c: At top level:
src/ov_SC07_007/ov_SC07_007_jr_80171B4C.c:3289: warning: type mismatch with previous external decl
src/ov_SC07_007/../shared/ov/func_801734BC__t834cdd6a.h:4: warning: previous external decl of `func_80173544'
src/ov_SC07_007/../shared/ov/func_80156670.h: At top level:
In file included from src/ov_SC07_007/ov_SC07_007_jr_80154C24.c:2035:
src/ov_SC07_007/../shared/ov/func_80156670.h:6: warning: type mismatch with previous external decl
src/ov_SC07_007/ov_SC07_007_jr_80154C24.c:1930: warning: previous external decl of `func_80156670'
src/ov_SC07_007/ov_SC07_007_jr_8016AE5C.c: In function `func_8016D1D8':
src/ov_SC07_007/ov_SC07_007_jr_8016AE5C.c:3762: warning: passing arg 2 of `ApplyMatrixSV' from incompatible pointer type
src/ov_SC07_007/ov_SC07_007_jr_8016AE5C.c:3762: warning: passing arg 3 of `ApplyMatrixSV' from incompatible pointer type
src/ov_SC07_007/../shared/ov/func_80139C7C.h: At top level:
In file included from src/ov_SC07_007/ov_SC07_007_jr_801380E0.c:931:
src/ov_SC07_007/../shared/ov/func_80139C7C.h:3: warning: type mismatch with previous external decl
src/ov_SC07_007/ov_SC07_007_jr_801380E0.c:740: warning: previous external decl of `func_80139C7C'
src/ov_SC07_007/../shared/ov/func_80139C7C.h:3: warning: type mismatch with previous implicit declaration
src/ov_SC07_007/ov_SC07_007_jr_801380E0.c:740: warning: previous implicit declaration of `func_80139C7C'
src/ov_SC07_007/../shared/ov/func_80139C7C.h:3: warning: `func_80139C7C' was previously implicitly declared to return `int'
In file included from src/ov_SC07_007/ov_SC07_007_jr_80154C24.c:2041:
src/ov_SC07_007/../shared/ov/func_80156848.h:8: warning: type mismatch with previous external decl
src/ov_SC07_007/ov_SC07_007_jr_80154C24.c:1932: warning: previous external decl of `func_80156848'
src/ov_SC07_007/../shared/ov/func_8012A6D0.h: In function `func_8012A6D0':
In file included from src/ov_SC07_007/ov_SC07_007.c:831:
src/ov_SC07_007/../shared/ov/func_8012A6D0.h:7: warning: initialization makes integer from pointer without a cast
src/ov_SC07_007/../shared/ov/func_8012A6D0.h:8: warning: initialization makes integer from pointer without a cast
src/ov_SC07_007/../shared/ov/func_80142F68.h: In function `func_80142F68':
In file included from src/ov_SC07_007/ov_SC07_007_jr_80140608.c:1811:
src/ov_SC07_007/../shared/ov/func_80142F68.h:15: warning: passing arg 1 of `func_8012C0EC' makes integer from pointer without a cast
src/ov_SC07_007/../shared/ov/func_8012A828.h: In function `func_8012A828':
In file included from src/ov_SC07_007/ov_SC07_007.c:843:
src/ov_SC07_007/../shared/ov/func_8012A828.h:6: warning: assignment makes integer from pointer without a cast
src/ov_SC07_007/../shared/ov/func_801430F4.h: In function `func_801430F4':
In file included from src/ov_SC07_007/ov_SC07_007_jr_80140608.c:1863:
src/ov_SC07_007/../shared/ov/func_801430F4.h:15: warning: passing arg 1 of `func_8012C0EC' makes integer from pointer without a cast
In file included from src/ov_SC07_007/ov_SC07_007_jr_801380E0.c:955:
src/ov_SC07_007/../shared/ov/func_80139FE8.h:3: warning: type mismatch with previous external decl
src/ov_SC07_007/../shared/ov/func_801380E0__t6e5fdbea.h:6: warning: previous external decl of `func_8001B22C'
src/ov_SC07_007/../shared/ov/func_80173A60.h: In function `func_80173A60':
In file included from src/ov_SC07_007/ov_SC07_007_jr_80171B4C.c:3381:
src/ov_SC07_007/../shared/ov/func_80173A60.h:24: warning: passing arg 2 of `__builtin_memcpy' makes pointer from integer without a cast
src/ov_SC07_007/../shared/ov/func_80173BC0.h: In function `func_80173BC0':
In file included from src/ov_SC07_007/ov_SC07_007_jr_80171B4C.c:3396:
src/ov_SC07_007/../shared/ov/func_80173BC0.h:20: warning: passing arg 1 of `func_80171A34' from incompatible pointer type
src/ov_SC07_007/../shared/ov/func_801432FC.h: In function `func_801432FC':
In file included from src/ov_SC07_007/ov_SC07_007_jr_80140608.c:1920:
src/ov_SC07_007/../shared/ov/func_801432FC.h:15: warning: passing arg 1 of `func_8012C044' makes integer from pointer without a cast
src/ov_SC07_007/ov_SC07_007_jr_8017BEBC.c: In function `func_8017EB34':
src/ov_SC07_007/ov_SC07_007_jr_8017BEBC.c:4769: warning: passing arg 1 makes integer from pointer without a cast
src/ov_SC07_007/ov_SC07_007_jr_8016AE5C.c: In function `func_8016D848':
src/ov_SC07_007/ov_SC07_007_jr_8016AE5C.c:3879: warning: passing arg 1 of `func_800D20C0' makes pointer from integer without a cast
src/ov_SC07_007/ov_SC07_007_jr_8016AE5C.c:3879: warning: passing arg 2 of `func_800D20C0' makes pointer from integer without a cast
In file included from src/ov_SC07_007/ov_SC07_007_jr_80154C24.c:2070:
src/ov_SC07_007/../shared/ov/func_80156ECC.h:3: warning: type mismatch with previous external decl
src/ov_SC07_007/../shared/ov/func_80156B74.h:11: warning: previous external decl of `func_80156ECC'
src/ov_SC07_007/../shared/ov/func_80156ECC.h: In function `func_80156ECC':
src/ov_SC07_007/../shared/ov/func_80156ECC.h:8: warning: passing arg 1 of `func_80156FA8' makes pointer from integer without a cast
src/ov_SC07_007/../shared/ov/func_80156ECC.h:8: warning: passing arg 2 of `func_80156FA8' makes pointer from integer without a cast
src/ov_SC07_007/../shared/ov/func_80156ECC.h:8: warning: passing arg 3 of `func_80156FA8' makes pointer from integer without a cast
src/ov_SC07_007/../shared/ov/func_801433F0.h: In function `func_801433F0':
In file included from src/ov_SC07_007/ov_SC07_007_jr_80140608.c:1930:
src/ov_SC07_007/../shared/ov/func_801433F0.h:12: warning: passing arg 1 of `func_80128ED8' makes integer from pointer without a cast
src/ov_SC07_007/../shared/ov/func_801433F0.h:12: warning: passing arg 2 of `func_80128ED8' from incompatible pointer type
src/ov_SC07_007/ov_SC07_007_jr_8017BEBC.c: In function `func_8017EDD4':
src/ov_SC07_007/ov_SC07_007_jr_8017BEBC.c:4928: warning: passing arg 2 from incompatible pointer type
src/ov_SC07_007/../shared/ov/func_8014350C.h: In function `func_8014350C':
In file included from src/ov_SC07_007/ov_SC07_007_jr_80140608.c:1975:
src/ov_SC07_007/../shared/ov/func_8014350C.h:13: warning: passing arg 1 of `func_80128ED8' makes integer from pointer without a cast
src/ov_SC07_007/../shared/ov/func_801571C4.h: At top level:
In file included from src/ov_SC07_007/ov_SC07_007_jr_80154C24.c:2079:
src/ov_SC07_007/../shared/ov/func_801571C4.h:11: warning: type mismatch with previous external decl
src/ov_SC07_007/../shared/ov/func_80157158.h:6: warning: previous external decl of `func_801571C4'
src/ov_SC07_007/../shared/ov/func_801571C4.h:11: warning: type mismatch with previous implicit declaration
src/ov_SC07_007/../shared/ov/func_80157158.h:6: warning: previous implicit declaration of `func_801571C4'
src/ov_SC07_007/../shared/ov/func_801571C4.h:11: warning: `func_801571C4' was previously implicitly declared to return `int'
src/ov_SC07_007/../shared/ov/func_801571C4.h: In function `func_801571C4':
src/ov_SC07_007/../shared/ov/func_801571C4.h:42: warning: passing arg 3 of `func_80135260' makes pointer from integer without a cast
src/ov_SC07_007/../shared/ov/func_801571C4.h:42: warning: passing arg 4 of `func_80135260' makes pointer from integer without a cast
src/ov_SC07_007/ov_SC07_007_jr_8017BEBC.c: In function `func_8017F120':
src/ov_SC07_007/ov_SC07_007_jr_8017BEBC.c:5114: warning: passing arg 1 of `func_8012AD50' makes pointer from integer without a cast
src/ov_SC07_007/ov_SC07_007_jr_8016AE5C.c: In function `func_8016DF5C':
src/ov_SC07_007/ov_SC07_007_jr_8016AE5C.c:4148: warning: passing arg 2 of `ApplyMatrixSV' from incompatible pointer type
src/ov_SC07_007/ov_SC07_007_jr_8016AE5C.c:4148: warning: passing arg 3 of `ApplyMatrixSV' from incompatible pointer type
src/ov_SC07_007/../shared/ov/func_8015773C.h: In function `func_8015773C':
In file included from src/ov_SC07_007/ov_SC07_007_jr_80154C24.c:2109:
src/ov_SC07_007/../shared/ov/func_8015773C.h:11: warning: passing arg 1 of `func_801553A8' from incompatible pointer type
src/ov_SC07_007/../shared/ov/func_801743F0.h: In function `func_801743F0':
In file included from src/ov_SC07_007/ov_SC07_007_jr_80171B4C.c:3462:
src/ov_SC07_007/../shared/ov/func_801743F0.h:8: warning: passing arg 1 of `func_80172658' from incompatible pointer type
src/ov_SC07_007/ov_SC07_007_jr_8017BEBC.c: In function `func_8017F584':
src/ov_SC07_007/ov_SC07_007_jr_8017BEBC.c:5392: warning: passing arg 1 of `func_80181048' makes pointer from integer without a cast
src/ov_SC07_007/ov_SC07_007_jr_8017BEBC.c:5394: warning: passing arg 1 of `func_8012AD50' makes pointer from integer without a cast
src/ov_SC07_007/ov_SC07_007_jr_8017BEBC.c: In function `func_8017F700':
src/ov_SC07_007/ov_SC07_007_jr_8017BEBC.c:5416: warning: passing arg 1 of `func_8012AD50' makes pointer from integer without a cast
src/ov_SC07_007/ov_SC07_007_jr_8017BEBC.c: In function `func_8017F744':
src/ov_SC07_007/ov_SC07_007_jr_8017BEBC.c:5427: warning: passing arg 1 of `func_8012AD50' makes pointer from integer without a cast
src/ov_SC07_007/ov_SC07_007_jr_8017BEBC.c: In function `func_8017F90C':
src/ov_SC07_007/ov_SC07_007_jr_8017BEBC.c:5561: warning: passing arg 1 of `func_8018122C' makes integer from pointer without a cast
src/ov_SC07_007/ov_SC07_007_jr_8017BEBC.c: In function `func_8017FAC4':
src/ov_SC07_007/ov_SC07_007_jr_8017BEBC.c:5645: warning: passing arg 2 of `func_8018122C' makes pointer from integer without a cast
src/ov_SC07_007/ov_SC07_007_jr_8017BEBC.c: In function `func_8017FD2C':
src/ov_SC07_007/ov_SC07_007_jr_8017BEBC.c:5775: warning: passing arg 1 of `func_8018122C' makes integer from pointer without a cast
src/ov_SC07_007/ov_SC07_007_jr_80140608.c: In function `func_801442F8':
src/ov_SC07_007/ov_SC07_007_jr_80140608.c:2178: warning: passing arg 1 of `func_8012C218' makes pointer from integer without a cast
src/ov_SC07_007/ov_SC07_007_jr_8017BEBC.c: At top level:
src/ov_SC07_007/ov_SC07_007_jr_8017BEBC.c:5784: warning: type mismatch with previous external decl
src/ov_SC07_007/ov_SC07_007_jr_8017BEBC.c:5013: warning: previous external decl of `func_8018141C'
src/ov_SC07_007/ov_SC07_007_jr_8017BEBC.c:5784: warning: type mismatch with previous implicit declaration
src/ov_SC07_007/ov_SC07_007_jr_8017BEBC.c:5013: warning: previous implicit declaration of `func_8018141C'
src/ov_SC07_007/ov_SC07_007_jr_8017BEBC.c:5784: warning: `func_8018141C' was previously implicitly declared to return `int'
src/ov_SC07_007/ov_SC07_007_jr_8017BEBC.c: In function `func_8017FDBC':
src/ov_SC07_007/ov_SC07_007_jr_8017BEBC.c:5799: warning: passing arg 1 of `func_8012AD50' makes pointer from integer without a cast
src/ov_SC07_007/ov_SC07_007_jr_80140608.c: In function `func_80144458':
src/ov_SC07_007/ov_SC07_007_jr_80140608.c:2244: warning: passing arg 1 of `func_8012AD80' makes integer from pointer without a cast
src/ov_SC07_007/ov_SC07_007_jr_80154C24.c: In function `func_80158038':
src/ov_SC07_007/ov_SC07_007_jr_80154C24.c:2386: warning: passing arg 1 of `func_80154A74' makes integer from pointer without a cast
src/ov_SC07_007/ov_SC07_007_jr_80154C24.c:2389: warning: passing arg 2 of `func_80146994' makes integer from pointer without a cast
src/ov_SC07_007/../shared/ov/func_8013B204.h: In function `func_8013B204':
In file included from src/ov_SC07_007/ov_SC07_007_jr_801380E0.c:1067:
src/ov_SC07_007/../shared/ov/func_8013B204.h:10: warning: assignment makes pointer from integer without a cast
src/ov_SC07_007/../shared/ov/func_8014462C.h: In function `func_8014462C':
In file included from src/ov_SC07_007/ov_SC07_007_jr_80140608.c:2264:
src/ov_SC07_007/../shared/ov/func_8014462C.h:13: warning: passing arg 1 of `func_80128ED8' makes integer from pointer without a cast
src/ov_SC07_007/../shared/ov/func_8014462C.h:13: warning: passing arg 2 of `func_80128ED8' from incompatible pointer type
src/ov_SC07_007/../shared/ov/func_8016EDEC.h: In function `func_8016EDEC':
In file included from src/ov_SC07_007/ov_SC07_007_jr_8016AE5C.c:4518:
src/ov_SC07_007/../shared/ov/func_8016EDEC.h:13: warning: assignment from incompatible pointer type
src/ov_SC07_007/../shared/ov/func_8016EDEC.h:16: warning: passing arg 1 from incompatible pointer type
src/ov_SC07_007/../shared/ov/func_8016EDEC.h:17: warning: passing arg 1 from incompatible pointer type
src/ov_SC07_007/ov_SC07_007_jr_8017BEBC.c: In function `func_80180208':
src/ov_SC07_007/ov_SC07_007_jr_8017BEBC.c:6019: warning: passing arg 2 of `func_8018122C' makes pointer from integer without a cast
src/ov_SC07_007/../shared/ov/func_8016EE40.h: In function `func_8016EE40':
In file included from src/ov_SC07_007/ov_SC07_007_jr_8016AE5C.c:4521:
src/ov_SC07_007/../shared/ov/func_8016EE40.h:17: warning: passing arg 1 from incompatible pointer type
src/ov_SC07_007/../shared/ov/func_8016EE40.h:19: warning: passing arg 1 from incompatible pointer type
src/ov_SC07_007/ov_SC07_007_jr_8017BEBC.c: In function `func_80180580':
src/ov_SC07_007/ov_SC07_007_jr_8017BEBC.c:6200: warning: passing arg 1 of `func_8012AD50' makes pointer from integer without a cast
src/ov_SC07_007/ov_SC07_007_jr_8017BEBC.c: In function `func_8018090C':
src/ov_SC07_007/ov_SC07_007_jr_8017BEBC.c:6388: warning: passing arg 1 of `func_80181048' makes pointer from integer without a cast
src/ov_SC07_007/ov_SC07_007_jr_8017BEBC.c:6389: warning: passing arg 1 of `func_80181048' makes pointer from integer without a cast
src/ov_SC07_007/ov_SC07_007_jr_8017BEBC.c:6392: warning: passing arg 1 of `func_80181048' makes pointer from integer without a cast
src/ov_SC07_007/ov_SC07_007_jr_8017BEBC.c:6393: warning: passing arg 1 of `func_80181048' makes pointer from integer without a cast
src/ov_SC07_007/ov_SC07_007_jr_8017BEBC.c:6396: warning: passing arg 1 of `func_80181048' makes pointer from integer without a cast
src/ov_SC07_007/ov_SC07_007_jr_8017BEBC.c:6397: warning: passing arg 1 of `func_80181048' makes pointer from integer without a cast
src/ov_SC07_007/../shared/ov/func_8016F4FC.h: In function `func_8016F4FC':
In file included from src/ov_SC07_007/ov_SC07_007_jr_8016AE5C.c:4669:
src/ov_SC07_007/../shared/ov/func_8016F4FC.h:9: warning: passing arg 1 of `func_800D1724' makes integer from pointer without a cast
src/ov_SC07_007/ov_SC07_007_jr_8017BEBC.c: In function `func_801809FC':
src/ov_SC07_007/ov_SC07_007_jr_8017BEBC.c:6413: warning: passing arg 1 of `func_8012AD50' makes pointer from integer without a cast
src/ov_SC07_007/../shared/ov/func_8016F71C.h: In function `func_8016F71C':
In file included from src/ov_SC07_007/ov_SC07_007_jr_8016AE5C.c:4705:
src/ov_SC07_007/../shared/ov/func_8016F71C.h:11: warning: passing arg 1 of `func_8016F764' makes pointer from integer without a cast
src/ov_SC07_007/ov_SC07_007_jr_80171B4C.c: In function `func_80175218':
src/ov_SC07_007/ov_SC07_007_jr_80171B4C.c:3709: warning: passing arg 1 makes integer from pointer without a cast
src/ov_SC07_007/ov_SC07_007_jr_80171B4C.c:3710: warning: passing arg 1 makes integer from pointer without a cast
src/ov_SC07_007/ov_SC07_007_jr_8017BEBC.c: In function `func_80180DCC':
src/ov_SC07_007/ov_SC07_007_jr_8017BEBC.c:6632: warning: passing arg 1 of `func_8012AD50' makes pointer from integer without a cast
src/ov_SC07_007/ov_SC07_007_jr_8017BEBC.c: In function `func_80180FF4':
src/ov_SC07_007/ov_SC07_007_jr_8017BEBC.c:6745: warning: passing arg 1 of `func_80181048' makes pointer from integer without a cast
src/ov_SC07_007/ov_SC07_007_jr_8017BEBC.c:6745: warning: passing arg 2 of `func_80181048' makes pointer from integer without a cast
src/ov_SC07_007/../shared/ov/func_8016FE2C.h: In function `func_8016FE2C':
In file included from src/ov_SC07_007/ov_SC07_007_jr_8016AE5C.c:4837:
src/ov_SC07_007/../shared/ov/func_8016FE2C.h:7: warning: passing arg 1 of `func_80172658' from incompatible pointer type
src/ov_SC07_007/ov_SC07_007_jr_8017BEBC.c: In function `func_8018122C':
src/ov_SC07_007/ov_SC07_007_jr_8017BEBC.c:6847: warning: assignment makes integer from pointer without a cast
src/ov_SC07_007/ov_SC07_007_jr_8017BEBC.c: In function `func_80181494':
src/ov_SC07_007/ov_SC07_007_jr_8017BEBC.c:6974: warning: passing arg 2 of `func_80015978' from incompatible pointer type
src/ov_SC07_007/../shared/ov/func_801758FC.h: In function `func_801758FC':
In file included from src/ov_SC07_007/ov_SC07_007_jr_80171B4C.c:3834:
src/ov_SC07_007/../shared/ov/func_801758FC.h:6: warning: type mismatch with previous external decl
src/ov_SC07_007/../shared/ov/func_80175820.h:6: warning: previous external decl of `D_800AE7BC'
src/ov_SC07_007/../shared/ov/func_801758FC.h:7: warning: type mismatch with previous external decl
src/ov_SC07_007/../shared/ov/func_80175820.h:7: warning: previous external decl of `D_800AF634'
src/ov_SC07_007/../shared/ov/func_801759D8.h: In function `func_801759D8':
In file included from src/ov_SC07_007/ov_SC07_007_jr_80171B4C.c:3841:
src/ov_SC07_007/../shared/ov/func_801759D8.h:7: warning: type mismatch with previous external decl
src/ov_SC07_007/../shared/ov/func_80175820.h:6: warning: previous external decl of `D_800AE7BC'
src/ov_SC07_007/../shared/ov/func_801759D8.h:8: warning: type mismatch with previous external decl
src/ov_SC07_007/../shared/ov/func_80175820.h:7: warning: previous external decl of `D_800AF634'
src/ov_SC07_007/../shared/ov/func_80170374.h: In function `func_80170374':
In file included from src/ov_SC07_007/ov_SC07_007_jr_8016AE5C.c:4924:
src/ov_SC07_007/../shared/ov/func_80170374.h:11: warning: passing arg 1 of `func_8014C168' from incompatible pointer type
src/ov_SC07_007/ov_SC07_007_jr_80171B4C.c: In function `func_80175AB8':
src/ov_SC07_007/ov_SC07_007_jr_80171B4C.c:3849: warning: type mismatch with previous external decl
src/ov_SC07_007/../shared/ov/func_80175820.h:7: warning: previous external decl of `D_800AF634'
src/ov_SC07_007/../shared/ov/func_8017044C.h: In function `func_8017044C':
In file included from src/ov_SC07_007/ov_SC07_007_jr_8016AE5C.c:4939:
src/ov_SC07_007/../shared/ov/func_8017044C.h:14: warning: passing arg 1 of `func_80171AB0' makes integer from pointer without a cast
src/ov_SC07_007/ov_SC07_007_jr_8017BEBC.c: In function `func_80181828':
src/ov_SC07_007/ov_SC07_007_jr_8017BEBC.c:7140: warning: passing arg 1 of `func_80181960' makes integer from pointer without a cast
src/ov_SC07_007/../shared/ov/func_801705C0.h: In function `func_801705C0':
In file included from src/ov_SC07_007/ov_SC07_007_jr_8016AE5C.c:4969:
src/ov_SC07_007/../shared/ov/func_801705C0.h:8: warning: passing arg 1 makes integer from pointer without a cast
src/ov_SC07_007/ov_SC07_007_jr_8017BEBC.c: In function `func_801819BC':
src/ov_SC07_007/ov_SC07_007_jr_8017BEBC.c:7225: warning: passing arg 1 makes pointer from integer without a cast
src/ov_SC07_007/ov_SC07_007_jr_80171B4C.c: In function `func_80175DA8':
src/ov_SC07_007/ov_SC07_007_jr_80171B4C.c:3947: warning: type mismatch with previous external decl
src/ov_SC07_007/../shared/ov/func_80175820.h:7: warning: previous external decl of `D_800AF634'
src/ov_SC07_007/../shared/ov/func_80170B48.h: In function `func_80170B48':
In file included from src/ov_SC07_007/ov_SC07_007_jr_8016AE5C.c:5063:
src/ov_SC07_007/../shared/ov/func_80170B48.h:9: warning: passing arg 1 of `func_8014706C' makes pointer from integer without a cast
src/ov_SC07_007/../shared/ov/func_80170B90.h: At top level:
In file included from src/ov_SC07_007/ov_SC07_007_jr_8016AE5C.c:5066:
src/ov_SC07_007/../shared/ov/func_80170B90.h:5: warning: type mismatch with previous external decl
src/ov_SC07_007/../shared/ov/func_80170B48.h:12: warning: previous external decl of `func_80170B90'
src/ov_SC07_007/../shared/ov/func_80170B90.h:5: warning: type mismatch with previous implicit declaration
src/ov_SC07_007/../shared/ov/func_80170B48.h:12: warning: previous implicit declaration of `func_80170B90'
src/ov_SC07_007/../shared/ov/func_80170B90.h:5: warning: `func_80170B90' was previously implicitly declared to return `int'
src/ov_SC07_007/../shared/ov/func_80170CF0.h: In function `func_80170CF0':
In file included from src/ov_SC07_007/ov_SC07_007_jr_8016AE5C.c:5097:
src/ov_SC07_007/../shared/ov/func_80170CF0.h:11: warning: passing arg 1 makes integer from pointer without a cast
src/ov_SC07_007/../shared/ov/func_80170DE0.h: In function `func_80170DE0':
In file included from src/ov_SC07_007/ov_SC07_007_jr_8016AE5C.c:5112:
src/ov_SC07_007/../shared/ov/func_80170DE0.h:11: warning: passing arg 1 makes integer from pointer without a cast
src/ov_SC07_007/../shared/ov/func_80170EAC.h: In function `func_80170EAC':
In file included from src/ov_SC07_007/ov_SC07_007_jr_8016AE5C.c:5127:
src/ov_SC07_007/../shared/ov/func_80170EAC.h:11: warning: passing arg 1 makes integer from pointer without a cast
src/ov_SC07_007/../shared/ov/func_801710DC.h: In function `func_801710DC':
In file included from src/ov_SC07_007/ov_SC07_007_jr_8016AE5C.c:5172:
src/ov_SC07_007/../shared/ov/func_801710DC.h:9: warning: passing arg 1 makes integer from pointer without a cast
src/ov_SC07_007/../shared/ov/func_801710DC.h:10: warning: passing arg 1 makes integer from pointer without a cast
src/ov_SC07_007/ov_SC07_007_jr_80171B4C.c: At top level:
src/ov_SC07_007/ov_SC07_007_jr_80171B4C.c:4143: warning: parameter names (without types) in function declaration
src/ov_SC07_007/ov_SC07_007_jr_80171B4C.c: In function `func_80176218':
src/ov_SC07_007/ov_SC07_007_jr_80171B4C.c:4282: warning: passing arg 1 makes pointer from integer without a cast
src/ov_SC07_007/ov_SC07_007_jr_8017BEBC.c: At top level:
src/ov_SC07_007/ov_SC07_007_jr_8017BEBC.c:7836: warning: type mismatch with previous external decl
src/ov_SC07_007/ov_SC07_007_jr_8017BEBC.c:7223: warning: previous external decl of `func_8018283C'
src/ov_SC07_007/../shared/ov/func_8012D098.h: In function `func_8012D098':
In file included from src/ov_SC07_007/ov_SC07_007.c:1232:
src/ov_SC07_007/../shared/ov/func_8012D098.h:26: warning: passing arg 1 of `func_8012F214' makes integer from pointer without a cast
src/ov_SC07_007/../shared/ov/func_8012D098.h:26: warning: passing arg 2 of `func_8012F214' makes integer from pointer without a cast
src/ov_SC07_007/../shared/ov/func_8012D098.h:26: warning: passing arg 3 of `func_8012F214' makes integer from pointer without a cast
src/ov_SC07_007/../shared/ov/func_8012D098.h:30: warning: passing arg 1 of `func_8012F214' makes integer from pointer without a cast
src/ov_SC07_007/../shared/ov/func_8012D098.h:30: warning: passing arg 2 of `func_8012F214' makes integer from pointer without a cast
src/ov_SC07_007/../shared/ov/func_8012D098.h:30: warning: passing arg 3 of `func_8012F214' makes integer from pointer without a cast
src/ov_SC07_007/../shared/ov/func_8012D098.h:34: warning: passing arg 1 of `func_8012F214' makes integer from pointer without a cast
src/ov_SC07_007/../shared/ov/func_8012D098.h:34: warning: passing arg 2 of `func_8012F214' makes integer from pointer without a cast
src/ov_SC07_007/../shared/ov/func_8012D098.h:34: warning: passing arg 3 of `func_8012F214' makes integer from pointer without a cast
src/ov_SC07_007/../shared/ov/func_8012D098.h:38: warning: passing arg 1 of `func_8012F214' makes integer from pointer without a cast
src/ov_SC07_007/../shared/ov/func_8012D098.h:38: warning: passing arg 2 of `func_8012F214' makes integer from pointer without a cast
src/ov_SC07_007/../shared/ov/func_8012D098.h:38: warning: passing arg 3 of `func_8012F214' makes integer from pointer without a cast
src/ov_SC07_007/../shared/ov/func_8012D098.h:42: warning: passing arg 1 of `func_8012F214' makes integer from pointer without a cast
src/ov_SC07_007/../shared/ov/func_8012D098.h:42: warning: passing arg 2 of `func_8012F214' makes integer from pointer without a cast
src/ov_SC07_007/../shared/ov/func_8012D098.h:42: warning: passing arg 3 of `func_8012F214' makes integer from pointer without a cast
src/ov_SC07_007/../shared/ov/func_8012D098.h:46: warning: passing arg 1 of `func_8012F214' makes integer from pointer without a cast
src/ov_SC07_007/../shared/ov/func_8012D098.h:46: warning: passing arg 2 of `func_8012F214' makes integer from pointer without a cast
src/ov_SC07_007/../shared/ov/func_8012D098.h:46: warning: passing arg 3 of `func_8012F214' makes integer from pointer without a cast
src/ov_SC07_007/../shared/ov/func_8012D098.h:50: warning: passing arg 1 of `func_8012F214' makes integer from pointer without a cast
src/ov_SC07_007/../shared/ov/func_8012D098.h:50: warning: passing arg 2 of `func_8012F214' makes integer from pointer without a cast
src/ov_SC07_007/../shared/ov/func_8012D098.h:50: warning: passing arg 3 of `func_8012F214' makes integer from pointer without a cast
src/ov_SC07_007/../shared/ov/func_8012D098.h:54: warning: passing arg 1 of `func_8012F214' makes integer from pointer without a cast
src/ov_SC07_007/../shared/ov/func_8012D098.h:54: warning: passing arg 2 of `func_8012F214' makes integer from pointer without a cast
src/ov_SC07_007/../shared/ov/func_8012D098.h:54: warning: passing arg 3 of `func_8012F214' makes integer from pointer without a cast
src/ov_SC07_007/../shared/ov/func_8012D098.h:55: warning: passing arg 1 of `func_8012D3B4' makes integer from pointer without a cast
src/ov_SC07_007/../shared/ov/func_8012D098.h:55: warning: passing arg 2 of `func_8012D3B4' makes integer from pointer without a cast
src/ov_SC07_007/../shared/ov/func_8012D098.h:56: warning: passing arg 1 of `func_8012D3B4' makes integer from pointer without a cast
src/ov_SC07_007/../shared/ov/func_8012D098.h:56: warning: passing arg 2 of `func_8012D3B4' makes integer from pointer without a cast
src/ov_SC07_007/../shared/ov/func_8012D098.h:57: warning: passing arg 1 of `func_8012D3B4' makes integer from pointer without a cast
src/ov_SC07_007/../shared/ov/func_8012D098.h:57: warning: passing arg 2 of `func_8012D3B4' makes integer from pointer without a cast
src/ov_SC07_007/../shared/ov/func_8012D098.h:58: warning: passing arg 1 of `func_8012D3B4' makes integer from pointer without a cast
src/ov_SC07_007/../shared/ov/func_8012D098.h:58: warning: passing arg 2 of `func_8012D3B4' makes integer from pointer without a cast
src/ov_SC07_007/../shared/ov/func_8012D098.h:59: warning: passing arg 1 of `func_8012D3B4' makes integer from pointer without a cast
src/ov_SC07_007/../shared/ov/func_8012D098.h:59: warning: passing arg 2 of `func_8012D3B4' makes integer from pointer without a cast
src/ov_SC07_007/../shared/ov/func_8012D098.h:60: warning: passing arg 1 of `func_8012D3B4' makes integer from pointer without a cast
src/ov_SC07_007/../shared/ov/func_8012D098.h:60: warning: passing arg 2 of `func_8012D3B4' makes integer from pointer without a cast
src/ov_SC07_007/../shared/ov/func_8012D098.h:61: warning: passing arg 1 of `func_8012D3B4' makes integer from pointer without a cast
src/ov_SC07_007/../shared/ov/func_8012D098.h:61: warning: passing arg 2 of `func_8012D3B4' makes integer from pointer without a cast
src/ov_SC07_007/../shared/ov/func_8012D098.h:62: warning: passing arg 1 of `func_8012D3B4' makes integer from pointer without a cast
src/ov_SC07_007/../shared/ov/func_8012D098.h:62: warning: passing arg 2 of `func_8012D3B4' makes integer from pointer without a cast
src/ov_SC07_007/../shared/ov/func_8012D098.h:63: warning: passing arg 1 of `func_8012D3B4' makes integer from pointer without a cast
src/ov_SC07_007/../shared/ov/func_8012D098.h:63: warning: passing arg 2 of `func_8012D3B4' makes integer from pointer without a cast
src/ov_SC07_007/../shared/ov/func_8012D098.h:64: warning: passing arg 1 of `func_8012D3B4' makes integer from pointer without a cast
src/ov_SC07_007/../shared/ov/func_8012D098.h:64: warning: passing arg 2 of `func_8012D3B4' makes integer from pointer without a cast
src/ov_SC07_007/../shared/ov/func_8012D098.h:65: warning: passing arg 1 of `func_8012D3B4' makes integer from pointer without a cast
src/ov_SC07_007/../shared/ov/func_8012D098.h:65: warning: passing arg 2 of `func_8012D3B4' makes integer from pointer without a cast
src/ov_SC07_007/../shared/ov/func_8012D098.h:66: warning: passing arg 1 of `func_8012D3B4' makes integer from pointer without a cast
src/ov_SC07_007/../shared/ov/func_8012D098.h:66: warning: passing arg 2 of `func_8012D3B4' makes integer from pointer without a cast
src/ov_SC07_007/../shared/ov/func_8012D38C.h: In function `func_8012D38C':
In file included from src/ov_SC07_007/ov_SC07_007.c:1235:
src/ov_SC07_007/../shared/ov/func_8012D38C.h:5: warning: passing arg 1 of `func_8012D098' makes pointer from integer without a cast
src/ov_SC07_007/../shared/ov/func_8012D3B4.h: At top level:
In file included from src/ov_SC07_007/ov_SC07_007.c:1241:
src/ov_SC07_007/../shared/ov/func_8012D3B4.h:4: warning: type mismatch with previous external decl
src/ov_SC07_007/../shared/ov/func_8012CFA8.h:6: warning: previous external decl of `RotTransPers'
src/ov_SC07_007/../shared/ov/func_8012D3B4.h: In function `func_8012D3B4':
src/ov_SC07_007/../shared/ov/func_8012D3B4.h:22: warning: passing arg 2 of `RotTransPers' makes integer from pointer without a cast
src/ov_SC07_007/../shared/ov/func_8012D3B4.h:23: warning: passing arg 2 of `RotTransPers' makes integer from pointer without a cast
src/ov_SC07_007/../shared/ov/func_8012D4B4.h: In function `func_8012D4B4':
In file included from src/ov_SC07_007/ov_SC07_007.c:1244:
src/ov_SC07_007/../shared/ov/func_8012D4B4.h:27: warning: passing arg 2 of `RotTransPers' makes integer from pointer without a cast
src/ov_SC07_007/../shared/ov/func_8012D4B4.h:29: warning: passing arg 2 of `RotTransPers' makes integer from pointer without a cast
src/ov_SC07_007/ov_SC07_007.c: In function `func_8012D664':
src/ov_SC07_007/ov_SC07_007.c:1277: warning: passing arg 6 of `func_8012F568' makes integer from pointer without a cast
src/ov_SC07_007/ov_SC07_007.c: In function `func_8012DB84':
src/ov_SC07_007/ov_SC07_007.c:1298: warning: passing arg 5 of `func_8012F568' makes integer from pointer without a cast
src/ov_SC07_007/ov_SC07_007.c:1298: warning: passing arg 6 of `func_8012F568' makes integer from pointer without a cast
src/ov_SC07_007/ov_SC07_007.c: In function `func_8012DDA4':
src/ov_SC07_007/ov_SC07_007.c:1326: warning: return makes integer from pointer without a cast
src/ov_SC07_007/ov_SC07_007.c: In function `func_8012DE2C':
src/ov_SC07_007/ov_SC07_007.c:1344: warning: type mismatch with previous external decl
src/ov_SC07_007/ov_SC07_007.c:1316: warning: previous external decl of `D_801C64E4'
src/ov_SC07_007/ov_SC07_007.c:1345: warning: type mismatch with previous external decl
src/ov_SC07_007/ov_SC07_007.c:1317: warning: previous external decl of `D_801C64E0'
src/ov_SC07_007/ov_SC07_007.c:1360: warning: return makes integer from pointer without a cast
src/ov_SC07_007/../shared/ov/func_8012E138.h: In function `func_8012E138':
In file included from src/ov_SC07_007/ov_SC07_007.c:1386:
src/ov_SC07_007/../shared/ov/func_8012E138.h:19: warning: passing arg 2 of `func_8012F038' from incompatible pointer type
src/ov_SC07_007/../shared/ov/func_8012E138.h:19: warning: passing arg 3 of `func_8012F038' from incompatible pointer type
src/ov_SC07_007/../shared/ov/func_8012E138.h:36: warning: passing arg 2 of `func_8012F14C' makes integer from pointer without a cast
src/ov_SC07_007/../shared/ov/func_8012E138.h:36: warning: passing arg 3 of `func_8012F14C' makes integer from pointer without a cast
src/ov_SC07_007/../shared/ov/func_8012E138.h:37: warning: passing arg 3 of `func_80135888' makes integer from pointer without a cast
src/ov_SC07_007/../shared/ov/func_8012E138.h:37: warning: passing arg 4 of `func_80135888' makes integer from pointer without a cast
src/ov_SC07_007/../shared/ov/func_80178004.h: In function `func_80178004':
In file included from src/ov_SC07_007/ov_SC07_007_jr_80171B4C.c:4879:
src/ov_SC07_007/../shared/ov/func_80178004.h:133: warning: return makes integer from pointer without a cast
src/ov_SC07_007/../shared/ov/func_8012F568.h: In function `func_8012F568':
In file included from src/ov_SC07_007/ov_SC07_007.c:1822:
src/ov_SC07_007/../shared/ov/func_8012F568.h:12: warning: passing arg 2 of `memcpy' makes pointer from integer without a cast
src/ov_SC07_007/../shared/ov/func_8012F568.h:13: warning: passing arg 2 of `memcpy' makes pointer from integer without a cast
src/ov_SC07_007/ov_SC07_007.c: In function `func_80130D48':
src/ov_SC07_007/ov_SC07_007.c:2206: warning: assignment makes pointer from integer without a cast
{standard input}: Assembler messages:
{standard input}:567: Warning: used $at without ".set noat"
{standard input}:568: Warning: used $at without ".set noat"
{standard input}:676: Warning: used $at without ".set noat"
{standard input}:677: Warning: used $at without ".set noat"
  LD      build/ov_SC07_007/ov_SC07_007.elf
  OBJCOPY build/ov_SC07_007/ov_SC07_007
  TRIM    build/ov_SC07_007/ov_SC07_007 (-1 B linker end-align pad)
[ OK ] build/ov_SC07_007/ov_SC07_007
       sha1 b3b95547ed6830302ae27375b463947b4999dc5e == config/check.ov_SC07_007.sha  (BYTE-IDENTICAL)
