  CC      build/src/ov_SC03_030/ov_SC03_030_jr_8017AE2C.o
src/ov_SC03_030/ov_SC03_030_jr_8017AE2C.c:1530: warning: conflicting types for built-in function `memcpy'
src/ov_SC03_030/ov_SC03_030_jr_8017AE2C.c: In function `func_8017B368':
src/ov_SC03_030/ov_SC03_030_jr_8017AE2C.c:2817: warning: type mismatch with previous external decl
src/ov_SC03_030/ov_SC03_030_jr_8017AE2C.c:2768: warning: previous external decl of `D_8018578C'
src/ov_SC03_030/ov_SC03_030_jr_8017AE2C.c: In function `func_8017B490':
src/ov_SC03_030/ov_SC03_030_jr_8017AE2C.c:2853: warning: type mismatch with previous external decl
src/ov_SC03_030/ov_SC03_030_jr_8017AE2C.c:2768: warning: previous external decl of `D_8018578C'
src/ov_SC03_030/ov_SC03_030_jr_8017AE2C.c: At top level:
src/ov_SC03_030/ov_SC03_030_jr_8017AE2C.c:3127: warning: type mismatch with previous external decl
src/ov_SC03_030/ov_SC03_030_jr_8017AE2C.c:2813: warning: previous external decl of `D_801E1A34'
src/ov_SC03_030/ov_SC03_030_jr_8017AE2C.c:3128: warning: type mismatch with previous external decl
src/ov_SC03_030/ov_SC03_030_jr_8017AE2C.c:2814: warning: previous external decl of `D_801E1A3C'
src/ov_SC03_030/ov_SC03_030_jr_8017AE2C.c:3311: warning: type mismatch with previous external decl
src/ov_SC03_030/ov_SC03_030_jr_8017AE2C.c:2767: warning: previous external decl of `func_8017BE60'
src/ov_SC03_030/ov_SC03_030_jr_8017AE2C.c: In function `func_8017DB98':
src/ov_SC03_030/ov_SC03_030_jr_8017AE2C.c:4123: warning: passing arg 1 of `func_8017E204' makes pointer from integer without a cast
src/ov_SC03_030/ov_SC03_030_jr_8017AE2C.c:4130: warning: passing arg 1 of `func_80171928' makes pointer from integer without a cast
src/ov_SC03_030/ov_SC03_030_jr_8017AE2C.c: At top level:
src/ov_SC03_030/ov_SC03_030_jr_8017AE2C.c:4138: warning: type mismatch with previous external decl
src/ov_SC03_030/ov_SC03_030_jr_8017AE2C.c:4125: warning: previous external decl of `func_8017E194'
src/ov_SC03_030/ov_SC03_030_jr_8017AE2C.c:4138: warning: type mismatch with previous implicit declaration
src/ov_SC03_030/ov_SC03_030_jr_8017AE2C.c:4125: warning: previous implicit declaration of `func_8017E194'
src/ov_SC03_030/ov_SC03_030_jr_8017AE2C.c:4138: warning: `func_8017E194' was previously implicitly declared to return `int'
src/ov_SC03_030/ov_SC03_030_jr_8017AE2C.c: In function `func_8017DD08':
src/ov_SC03_030/ov_SC03_030_jr_8017AE2C.c:4178: warning: passing arg 1 of `func_8017E204' makes pointer from integer without a cast
src/ov_SC03_030/ov_SC03_030_jr_8017AE2C.c:4183: warning: passing arg 1 of `func_80171990' makes pointer from integer without a cast
src/ov_SC03_030/ov_SC03_030_jr_8017AE2C.c: In function `func_8017DEB0':
src/ov_SC03_030/ov_SC03_030_jr_8017AE2C.c:4255: warning: passing arg 1 of `func_8017E204' makes pointer from integer without a cast
src/ov_SC03_030/ov_SC03_030_jr_8017AE2C.c:4257: warning: passing arg 1 of `func_8017E194' makes pointer from integer without a cast
src/ov_SC03_030/ov_SC03_030_jr_8017AE2C.c: At top level:
src/ov_SC03_030/ov_SC03_030_jr_8017AE2C.c:4385: warning: type mismatch with previous external decl
src/ov_SC03_030/ov_SC03_030_jr_8017AE2C.c:4180: warning: previous external decl of `func_8017E1BC'
src/ov_SC03_030/ov_SC03_030_jr_8017AE2C.c:4385: warning: type mismatch with previous implicit declaration
src/ov_SC03_030/ov_SC03_030_jr_8017AE2C.c:4180: warning: previous implicit declaration of `func_8017E1BC'
src/ov_SC03_030/ov_SC03_030_jr_8017AE2C.c:4385: warning: `func_8017E1BC' was previously implicitly declared to return `int'
src/ov_SC03_030/ov_SC03_030_jr_8017AE2C.c: In function `func_8017E240':
src/ov_SC03_030/ov_SC03_030_jr_8017AE2C.c:4408: warning: passing arg 1 of `func_801489E8' makes integer from pointer without a cast
src/ov_SC03_030/ov_SC03_030_jr_8017AE2C.c:4411: warning: passing arg 1 of `func_80148A48' makes integer from pointer without a cast
src/ov_SC03_030/ov_SC03_030_jr_8017AE2C.c: In function `func_80180D6C':
src/ov_SC03_030/ov_SC03_030_jr_8017AE2C.c:6181: warning: passing arg 1 of `func_80128ED8' makes integer from pointer without a cast
src/ov_SC03_030/ov_SC03_030_jr_8017AE2C.c: In function `func_80180E0C':
src/ov_SC03_030/ov_SC03_030_jr_8017AE2C.c:6218: warning: passing arg 1 of `func_8012CAE4' makes pointer from integer without a cast
  LD      build/ov_SC03_030/ov_SC03_030.elf
  OBJCOPY build/ov_SC03_030/ov_SC03_030
[ OK ] build/ov_SC03_030/ov_SC03_030
       sha1 2fd8e113ce2f932fecc7df54702dc3108b47cb0a == config/check.ov_SC03_030.sha  (BYTE-IDENTICAL)
