  CC      build/src/ov_SC04_016/ov_SC04_016_jr_8017BEBC.o
src/ov_SC04_016/ov_SC04_016_jr_8017BEBC.c:1531: warning: conflicting types for built-in function `memcpy'
src/ov_SC04_016/ov_SC04_016_jr_8017BEBC.c: In function `func_8017D588':
src/ov_SC04_016/ov_SC04_016_jr_8017BEBC.c:3528: warning: passing arg 2 makes integer from pointer without a cast
src/ov_SC04_016/ov_SC04_016_jr_8017BEBC.c:3532: warning: passing arg 2 makes integer from pointer without a cast
src/ov_SC04_016/ov_SC04_016_jr_8017BEBC.c:3541: warning: passing arg 2 makes integer from pointer without a cast
src/ov_SC04_016/ov_SC04_016_jr_8017BEBC.c: In function `func_8017EB30':
src/ov_SC04_016/ov_SC04_016_jr_8017BEBC.c:4489: warning: passing arg 2 makes integer from pointer without a cast
src/ov_SC04_016/ov_SC04_016_jr_8017BEBC.c: In function `func_8017EB5C':
src/ov_SC04_016/ov_SC04_016_jr_8017BEBC.c:4497: warning: passing arg 2 makes integer from pointer without a cast
src/ov_SC04_016/ov_SC04_016_jr_8017BEBC.c: In function `func_8017EB88':
src/ov_SC04_016/ov_SC04_016_jr_8017BEBC.c:4505: warning: passing arg 2 makes integer from pointer without a cast
src/ov_SC04_016/ov_SC04_016_jr_8017BEBC.c: In function `func_8017EC48':
src/ov_SC04_016/ov_SC04_016_jr_8017BEBC.c:4545: warning: initialization makes pointer from integer without a cast
src/ov_SC04_016/ov_SC04_016_jr_8017BEBC.c:4546: warning: passing arg 1 makes integer from pointer without a cast
src/ov_SC04_016/ov_SC04_016_jr_8017BEBC.c:4546: warning: passing arg 2 makes integer from pointer without a cast
src/ov_SC04_016/ov_SC04_016_jr_8017BEBC.c: In function `func_8017EC90':
src/ov_SC04_016/ov_SC04_016_jr_8017BEBC.c:4562: warning: initialization makes pointer from integer without a cast
src/ov_SC04_016/ov_SC04_016_jr_8017BEBC.c:4563: warning: passing arg 1 makes integer from pointer without a cast
src/ov_SC04_016/ov_SC04_016_jr_8017BEBC.c:4563: warning: passing arg 2 makes integer from pointer without a cast
src/ov_SC04_016/ov_SC04_016_jr_8017BEBC.c: In function `func_8017ECE0':
src/ov_SC04_016/ov_SC04_016_jr_8017BEBC.c:4577: warning: initialization makes pointer from integer without a cast
src/ov_SC04_016/ov_SC04_016_jr_8017BEBC.c:4582: warning: passing arg 1 makes integer from pointer without a cast
src/ov_SC04_016/ov_SC04_016_jr_8017BEBC.c:4582: warning: passing arg 2 makes integer from pointer without a cast
src/ov_SC04_016/ov_SC04_016_jr_8017BEBC.c: In function `func_8017ED48':
src/ov_SC04_016/ov_SC04_016_jr_8017BEBC.c:4597: warning: initialization makes pointer from integer without a cast
src/ov_SC04_016/ov_SC04_016_jr_8017BEBC.c:4598: warning: passing arg 1 makes integer from pointer without a cast
src/ov_SC04_016/ov_SC04_016_jr_8017BEBC.c:4598: warning: passing arg 2 makes integer from pointer without a cast
src/ov_SC04_016/ov_SC04_016_jr_8017BEBC.c: In function `func_8017ED98':
src/ov_SC04_016/ov_SC04_016_jr_8017BEBC.c:4609: warning: passing arg 2 makes integer from pointer without a cast
src/ov_SC04_016/ov_SC04_016_jr_8017BEBC.c: In function `func_8017EFA4':
src/ov_SC04_016/ov_SC04_016_jr_8017BEBC.c:4715: warning: passing arg 1 of `func_8017DDA0' makes integer from pointer without a cast
{standard input}: Assembler messages:
{standard input}:3084: Warning: used $at without ".set noat"
{standard input}:3085: Warning: used $at without ".set noat"
{standard input}:3086: Warning: used $at without ".set noat"
{standard input}:3090: Warning: used $at without ".set noat"
{standard input}:3091: Warning: used $at without ".set noat"
{standard input}:3092: Warning: used $at without ".set noat"
{standard input}:3096: Warning: used $at without ".set noat"
{standard input}:3097: Warning: used $at without ".set noat"
{standard input}:3098: Warning: used $at without ".set noat"
{standard input}:3102: Warning: used $at without ".set noat"
{standard input}:3103: Warning: used $at without ".set noat"
{standard input}:3104: Warning: used $at without ".set noat"
{standard input}:3108: Warning: used $at without ".set noat"
{standard input}:3109: Warning: used $at without ".set noat"
{standard input}:3110: Warning: used $at without ".set noat"
{standard input}:3114: Warning: used $at without ".set noat"
{standard input}:3115: Warning: used $at without ".set noat"
{standard input}:3116: Warning: used $at without ".set noat"
{standard input}:3120: Warning: used $at without ".set noat"
{standard input}:3121: Warning: used $at without ".set noat"
{standard input}:3122: Warning: used $at without ".set noat"
{standard input}:3124: Warning: used $at without ".set noat"
{standard input}:3125: Warning: used $at without ".set noat"
{standard input}:3126: Warning: used $at without ".set noat"
{standard input}:3128: Warning: used $at without ".set noat"
{standard input}:3129: Warning: used $at without ".set noat"
{standard input}:3130: Warning: used $at without ".set noat"
{standard input}:3132: Warning: used $at without ".set noat"
{standard input}:3133: Warning: used $at without ".set noat"
{standard input}:3134: Warning: used $at without ".set noat"
{standard input}:3137: Warning: used $at without ".set noat"
{standard input}:3138: Warning: used $at without ".set noat"
{standard input}:3139: Warning: used $at without ".set noat"
{standard input}:3140: Warning: used $at without ".set noat"
{standard input}:3141: Warning: used $at without ".set noat"
{standard input}:3142: Warning: used $at without ".set noat"
{standard input}:3145: Warning: used $at without ".set noat"
{standard input}:3146: Warning: used $at without ".set noat"
{standard input}:3147: Warning: used $at without ".set noat"
{standard input}:3148: Warning: used $at without ".set noat"
{standard input}:3149: Warning: used $at without ".set noat"
{standard input}:3150: Warning: used $at without ".set noat"
{standard input}:3152: Warning: used $at without ".set noat"
{standard input}:3153: Warning: used $at without ".set noat"
{standard input}:3154: Warning: used $at without ".set noat"
{standard input}:3157: Warning: used $at without ".set noat"
{standard input}:3158: Warning: used $at without ".set noat"
{standard input}:3159: Warning: used $at without ".set noat"
{standard input}:3162: Warning: used $at without ".set noat"
{standard input}:3163: Warning: used $at without ".set noat"
{standard input}:3164: Warning: used $at without ".set noat"
{standard input}:3166: Warning: used $at without ".set noat"
{standard input}:3167: Warning: used $at without ".set noat"
{standard input}:3168: Warning: used $at without ".set noat"
{standard input}:3170: Warning: used $at without ".set noat"
{standard input}:3171: Warning: used $at without ".set noat"
{standard input}:3172: Warning: used $at without ".set noat"
{standard input}:3174: Warning: used $at without ".set noat"
{standard input}:3175: Warning: used $at without ".set noat"
{standard input}:3176: Warning: used $at without ".set noat"
{standard input}:3179: Warning: used $at without ".set noat"
{standard input}:3180: Warning: used $at without ".set noat"
{standard input}:3181: Warning: used $at without ".set noat"
{standard input}:3182: Warning: used $at without ".set noat"
{standard input}:3183: Warning: used $at without ".set noat"
{standard input}:3184: Warning: used $at without ".set noat"
{standard input}:3186: Warning: used $at without ".set noat"
{standard input}:3187: Warning: used $at without ".set noat"
{standard input}:3188: Warning: used $at without ".set noat"
{standard input}:3192: Warning: used $at without ".set noat"
{standard input}:3193: Warning: used $at without ".set noat"
{standard input}:3194: Warning: used $at without ".set noat"
{standard input}:3195: Warning: used $at without ".set noat"
{standard input}:3196: Warning: used $at without ".set noat"
{standard input}:3197: Warning: used $at without ".set noat"
{standard input}:3201: Warning: used $at without ".set noat"
{standard input}:3202: Warning: used $at without ".set noat"
{standard input}:3203: Warning: used $at without ".set noat"
{standard input}:3205: Warning: used $at without ".set noat"
{standard input}:3206: Warning: used $at without ".set noat"
{standard input}:3207: Warning: used $at without ".set noat"
{standard input}:3209: Warning: used $at without ".set noat"
{standard input}:3210: Warning: used $at without ".set noat"
{standard input}:3211: Warning: used $at without ".set noat"
{standard input}:3213: Warning: used $at without ".set noat"
{standard input}:3214: Warning: used $at without ".set noat"
{standard input}:3215: Warning: used $at without ".set noat"
{standard input}:3217: Warning: used $at without ".set noat"
{standard input}:3218: Warning: used $at without ".set noat"
{standard input}:3219: Warning: used $at without ".set noat"
{standard input}:3222: Warning: used $at without ".set noat"
{standard input}:3223: Warning: used $at without ".set noat"
{standard input}:3224: Warning: used $at without ".set noat"
{standard input}:3225: Warning: used $at without ".set noat"
{standard input}:3226: Warning: used $at without ".set noat"
{standard input}:3227: Warning: used $at without ".set noat"
{standard input}:3230: Warning: used $at without ".set noat"
{standard input}:3231: Warning: used $at without ".set noat"
{standard input}:3232: Warning: used $at without ".set noat"
{standard input}:3233: Warning: used $at without ".set noat"
{standard input}:3234: Warning: used $at without ".set noat"
{standard input}:3235: Warning: used $at without ".set noat"
{standard input}:3237: Warning: used $at without ".set noat"
{standard input}:3238: Warning: used $at without ".set noat"
{standard input}:3239: Warning: used $at without ".set noat"
{standard input}:3242: Warning: used $at without ".set noat"
{standard input}:3243: Warning: used $at without ".set noat"
{standard input}:3244: Warning: used $at without ".set noat"
{standard input}:3247: Warning: used $at without ".set noat"
{standard input}:3248: Warning: used $at without ".set noat"
{standard input}:3249: Warning: used $at without ".set noat"
{standard input}:3251: Warning: used $at without ".set noat"
{standard input}:3252: Warning: used $at without ".set noat"
{standard input}:3253: Warning: used $at without ".set noat"
{standard input}:3258: Warning: used $at without ".set noat"
{standard input}:3259: Warning: used $at without ".set noat"
{standard input}:3260: Warning: used $at without ".set noat"
{standard input}:3262: Warning: used $at without ".set noat"
{standard input}:3263: Warning: used $at without ".set noat"
{standard input}:3264: Warning: used $at without ".set noat"
{standard input}:3271: Warning: used $at without ".set noat"
{standard input}:3272: Warning: used $at without ".set noat"
{standard input}:3273: Warning: used $at without ".set noat"
{standard input}:3360: Warning: used $at without ".set noat"
{standard input}:3361: Warning: used $at without ".set noat"
  LD      build/ov_SC04_016/ov_SC04_016.elf
  OBJCOPY build/ov_SC04_016/ov_SC04_016
  TRIM    build/ov_SC04_016/ov_SC04_016 (-1 B linker end-align pad)
[ OK ] build/ov_SC04_016/ov_SC04_016
       sha1 466cf395361a4d9dec91c96e961091f1d3432431 == config/check.ov_SC04_016.sha  (BYTE-IDENTICAL)
