  CC      build/src/ov_SC02_041/ov_SC02_041_jr_8017BEBC.o
src/ov_SC02_041/ov_SC02_041_jr_8017BEBC.c:1527: warning: conflicting types for built-in function `memcpy'
src/ov_SC02_041/ov_SC02_041_jr_8017BEBC.c:3219:74: warning: "/*" within comment [-Wcomment]
 3219 | typedef struct { s16 vx, vy, vz, pad; } SV_8017D7C0_8017F19C_8017CEF4;   /*  8 bytes, align 2 */
      |                                                                           
src/ov_SC02_041/ov_SC02_041_jr_8017BEBC.c:5093: warning: "gte_ldv0" redefined
 5093 | #define gte_ldv0(r0)  __asm__ __volatile__( \
      | 
src/ov_SC02_041/ov_SC02_041_jr_8017BEBC.c:2685: note: this is the location of the previous definition
 2685 | #define gte_ldv0(r0) __asm__ volatile (          \
      | 
src/ov_SC02_041/ov_SC02_041_jr_8017BEBC.c:5244:1: warning: "/*" within comment [-Wcomment]
 5244 | /* Declarations conform VERBATIM to the ones already present in this TU
      |  
src/ov_SC02_041/ov_SC02_041_jr_8017BEBC.c: In function `func_8017D2D0':
src/ov_SC02_041/ov_SC02_041_jr_8017BEBC.c:3433: warning: passing arg 2 of `func_800D21C4' makes pointer from integer without a cast
src/ov_SC02_041/ov_SC02_041_jr_8017BEBC.c: In function `func_8017DB58':
src/ov_SC02_041/ov_SC02_041_jr_8017BEBC.c:3773: warning: passing arg 2 of `func_8017DB80' makes integer from pointer without a cast
src/ov_SC02_041/ov_SC02_041_jr_8017BEBC.c: In function `func_8017E374':
src/ov_SC02_041/ov_SC02_041_jr_8017BEBC.c:4198: warning: type mismatch with previous external decl
src/ov_SC02_041/ov_SC02_041_jr_8017BEBC.c:4164: warning: previous external decl of `D_80126940'
src/ov_SC02_041/ov_SC02_041_jr_8017BEBC.c: At top level:
src/ov_SC02_041/ov_SC02_041_jr_8017BEBC.c:4592: warning: type mismatch with previous external decl
src/ov_SC02_041/ov_SC02_041_jr_8017BEBC.c:4576: warning: previous external decl of `func_8017EBB0'
src/ov_SC02_041/ov_SC02_041_jr_8017BEBC.c:4592: warning: type mismatch with previous implicit declaration
src/ov_SC02_041/ov_SC02_041_jr_8017BEBC.c:4576: warning: previous implicit declaration of `func_8017EBB0'
src/ov_SC02_041/ov_SC02_041_jr_8017BEBC.c:4592: warning: `func_8017EBB0' was previously implicitly declared to return `int'
src/ov_SC02_041/ov_SC02_041_jr_8017BEBC.c: In function `func_8017F02C':
src/ov_SC02_041/ov_SC02_041_jr_8017BEBC.c:4926: warning: type mismatch with previous external decl
src/ov_SC02_041/ov_SC02_041_jr_8017BEBC.c:4790: warning: previous external decl of `D_801B9000'
src/ov_SC02_041/ov_SC02_041_jr_8017BEBC.c:7948:1: warning: "/*" within comment [-Wcomment]
 7948 | /* func_801832F8 is the NEXT stub in this same TU (INCLUDE_ASM at the line below
      |  
src/ov_SC02_041/ov_SC02_041_jr_8017BEBC.c: In function `func_80180648':
src/ov_SC02_041/ov_SC02_041_jr_8017BEBC.c:5904: warning: passing arg 1 of `func_8001CB6C' makes pointer from integer without a cast
src/ov_SC02_041/ov_SC02_041_jr_8017BEBC.c: At top level:
src/ov_SC02_041/ov_SC02_041_jr_8017BEBC.c:6055: warning: type mismatch with previous external decl
src/ov_SC02_041/ov_SC02_041_jr_8017BEBC.c:5893: warning: previous external decl of `func_8012CAE4'
src/ov_SC02_041/ov_SC02_041_jr_8017BEBC.c:6055: warning: type mismatch with previous implicit declaration
src/ov_SC02_041/ov_SC02_041_jr_8017BEBC.c:5901: warning: previous implicit declaration of `func_8012CAE4'
src/ov_SC02_041/ov_SC02_041_jr_8017BEBC.c:6055: warning: `func_8012CAE4' was previously implicitly declared to return `int'
src/ov_SC02_041/ov_SC02_041_jr_8017BEBC.c:6089: warning: type mismatch with previous external decl
src/ov_SC02_041/ov_SC02_041_jr_8017BEBC.c:5895: warning: previous external decl of `func_8001C214'
src/ov_SC02_041/ov_SC02_041_jr_8017BEBC.c:6089: warning: type mismatch with previous implicit declaration
src/ov_SC02_041/ov_SC02_041_jr_8017BEBC.c:5895: warning: previous implicit declaration of `func_8001C214'
src/ov_SC02_041/ov_SC02_041_jr_8017BEBC.c:6089: warning: `func_8001C214' was previously implicitly declared to return `int'
src/ov_SC02_041/ov_SC02_041_jr_8017BEBC.c:6090: warning: type mismatch with previous external decl
src/ov_SC02_041/ov_SC02_041_jr_8017BEBC.c:5890: warning: previous external decl of `func_8012C1B8'
src/ov_SC02_041/ov_SC02_041_jr_8017BEBC.c:6090: warning: type mismatch with previous implicit declaration
src/ov_SC02_041/ov_SC02_041_jr_8017BEBC.c:5890: warning: previous implicit declaration of `func_8012C1B8'
src/ov_SC02_041/ov_SC02_041_jr_8017BEBC.c:6090: warning: `func_8012C1B8' was previously implicitly declared to return `int'
src/ov_SC02_041/ov_SC02_041_jr_8017BEBC.c: In function `func_80181284':
src/ov_SC02_041/ov_SC02_041_jr_8017BEBC.c:6409: warning: passing arg 2 makes integer from pointer without a cast
src/ov_SC02_041/ov_SC02_041_jr_8017BEBC.c: At top level:
src/ov_SC02_041/ov_SC02_041_jr_8017BEBC.c:7572: warning: type mismatch with previous external decl
src/ov_SC02_041/ov_SC02_041_jr_8017BEBC.c:6887: warning: previous external decl of `D_801B5BC4'
src/ov_SC02_041/ov_SC02_041_jr_8017BEBC.c: In function `func_80182A18':
src/ov_SC02_041/ov_SC02_041_jr_8017BEBC.c:7595: warning: passing arg 1 makes pointer from integer without a cast
src/ov_SC02_041/ov_SC02_041_jr_8017BEBC.c: At top level:
src/ov_SC02_041/ov_SC02_041_jr_8017BEBC.c:7602: warning: type mismatch with previous external decl
src/ov_SC02_041/ov_SC02_041_jr_8017BEBC.c:6860: warning: previous external decl of `func_80182B38'
src/ov_SC02_041/ov_SC02_041_jr_8017BEBC.c:7602: warning: type mismatch with previous implicit declaration
src/ov_SC02_041/ov_SC02_041_jr_8017BEBC.c:6860: warning: previous implicit declaration of `func_80182B38'
src/ov_SC02_041/ov_SC02_041_jr_8017BEBC.c:7602: warning: `func_80182B38' was previously implicitly declared to return `int'
src/ov_SC02_041/ov_SC02_041_jr_8017BEBC.c:7635: warning: type mismatch with previous external decl
src/ov_SC02_041/ov_SC02_041_jr_8017BEBC.c:6874: warning: previous external decl of `func_80182B08'
src/ov_SC02_041/ov_SC02_041_jr_8017BEBC.c:7635: warning: type mismatch with previous implicit declaration
src/ov_SC02_041/ov_SC02_041_jr_8017BEBC.c:6874: warning: previous implicit declaration of `func_80182B08'
src/ov_SC02_041/ov_SC02_041_jr_8017BEBC.c:7635: warning: `func_80182B08' was previously implicitly declared to return `int'
src/ov_SC02_041/ov_SC02_041_jr_8017BEBC.c: In function `func_80183B50':
src/ov_SC02_041/ov_SC02_041_jr_8017BEBC.c:8475: warning: passing arg 1 of `func_8012B2CC' makes integer from pointer without a cast
src/ov_SC02_041/ov_SC02_041_jr_8017BEBC.c: In function `func_80183FE0':
src/ov_SC02_041/ov_SC02_041_jr_8017BEBC.c:8740: warning: type mismatch with previous external decl
src/ov_SC02_041/ov_SC02_041_jr_8017BEBC.c:8640: warning: previous external decl of `func_8018428C'
src/ov_SC02_041/ov_SC02_041_jr_8017BEBC.c: At top level:
src/ov_SC02_041/ov_SC02_041_jr_8017BEBC.c:8827: warning: type mismatch with previous external decl
src/ov_SC02_041/ov_SC02_041_jr_8017BEBC.c:8640: warning: previous external decl of `func_8018428C'
src/ov_SC02_041/ov_SC02_041_jr_8017BEBC.c: In function `func_8018466C':
src/ov_SC02_041/ov_SC02_041_jr_8017BEBC.c:9032: warning: passing arg 1 of `func_80128ED8' makes integer from pointer without a cast
src/ov_SC02_041/ov_SC02_041_jr_8017BEBC.c: At top level:
src/ov_SC02_041/ov_SC02_041_jr_8017BEBC.c:9049: warning: type mismatch with previous external decl
src/ov_SC02_041/ov_SC02_041_jr_8017BEBC.c:5899: warning: previous external decl of `func_8012C194'
src/ov_SC02_041/ov_SC02_041_jr_8017BEBC.c:9049: warning: type mismatch with previous implicit declaration
src/ov_SC02_041/ov_SC02_041_jr_8017BEBC.c:5899: warning: previous implicit declaration of `func_8012C194'
src/ov_SC02_041/ov_SC02_041_jr_8017BEBC.c:9049: warning: `func_8012C194' was previously implicitly declared to return `int'
src/ov_SC02_041/ov_SC02_041_jr_8017BEBC.c: In function `func_801847E4':
src/ov_SC02_041/ov_SC02_041_jr_8017BEBC.c:9148: warning: passing arg 1 of `func_80128ED8' makes integer from pointer without a cast
src/ov_SC02_041/ov_SC02_041_jr_8017BEBC.c: In function `func_80184A74':
src/ov_SC02_041/ov_SC02_041_jr_8017BEBC.c:9189: warning: passing arg 1 of `func_80128ED8' makes integer from pointer without a cast
  LD      build/ov_SC02_041/ov_SC02_041.elf
  OBJCOPY build/ov_SC02_041/ov_SC02_041
  TRIM    build/ov_SC02_041/ov_SC02_041 (-1 B linker end-align pad)
[ OK ] build/ov_SC02_041/ov_SC02_041
       sha1 8d76ff32e771c2f5fecf6af2b9c92ed780c18610 == config/check.ov_SC02_041.sha  (BYTE-IDENTICAL)
