  CC      build/src/ov_SC07_001/ov_SC07_001_jr_8017BEBC.o
src/ov_SC07_001/ov_SC07_001_jr_8017BEBC.c:1532: warning: conflicting types for built-in function `memcpy'
src/ov_SC07_001/../shared/ov/func_8017CDF0__922320b0.h: In function `func_8017CDF0':
In file included from src/ov_SC07_001/ov_SC07_001_jr_8017BEBC.c:3347:
src/ov_SC07_001/../shared/ov/func_8017CDF0__922320b0.h:7: warning: type mismatch with previous external decl
src/ov_SC07_001/ov_SC07_001_jr_8017BEBC.c:2819: warning: previous external decl of `func_800547D8'
src/ov_SC07_001/../shared/ov/func_8017CDF0__922320b0.h:8: warning: type mismatch with previous external decl
src/ov_SC07_001/ov_SC07_001_jr_8017BEBC.c:2820: warning: previous external decl of `func_80052E38'
src/ov_SC07_001/ov_SC07_001_jr_8017BEBC.c: In function `func_8017DDD4':
src/ov_SC07_001/ov_SC07_001_jr_8017BEBC.c:3596: warning: passing arg 2 of `func_8017E278' makes integer from pointer without a cast
src/ov_SC07_001/ov_SC07_001_jr_8017BEBC.c: In function `func_8017E2D0':
src/ov_SC07_001/ov_SC07_001_jr_8017BEBC.c:3748: warning: passing arg 1 of `func_8017CDF0' makes integer from pointer without a cast
src/ov_SC07_001/ov_SC07_001_jr_8017BEBC.c: At top level:
src/ov_SC07_001/ov_SC07_001_jr_8017BEBC.c:4184: warning: type mismatch with previous external decl
src/ov_SC07_001/ov_SC07_001_jr_8017BEBC.c:3823: warning: previous external decl of `D_801AAD6C'
src/ov_SC07_001/ov_SC07_001_jr_8017BEBC.c: In function `func_8017EF30':
src/ov_SC07_001/ov_SC07_001_jr_8017BEBC.c:4294: warning: passing arg 2 of `RotTransSV' discards `volatile' from pointer target type
src/ov_SC07_001/ov_SC07_001_jr_8017BEBC.c: In function `func_8017F4E4':
src/ov_SC07_001/ov_SC07_001_jr_8017BEBC.c:4526: warning: passing arg 3 of `func_80135004' makes integer from pointer without a cast
src/ov_SC07_001/ov_SC07_001_jr_8017BEBC.c: In function `func_80180404':
src/ov_SC07_001/ov_SC07_001_jr_8017BEBC.c:5059: warning: type mismatch with previous external decl
src/ov_SC07_001/ov_SC07_001_jr_8017BEBC.c:5024: warning: previous external decl of `func_8012E014'
src/ov_SC07_001/ov_SC07_001_jr_8017BEBC.c:5059: warning: type mismatch with previous implicit declaration
src/ov_SC07_001/ov_SC07_001_jr_8017BEBC.c:5024: warning: previous implicit declaration of `func_8012E014'
src/ov_SC07_001/ov_SC07_001_jr_8017BEBC.c: At top level:
src/ov_SC07_001/ov_SC07_001_jr_8017BEBC.c:5412: warning: type mismatch with previous external decl
src/ov_SC07_001/ov_SC07_001_jr_8017BEBC.c:5024: warning: previous external decl of `func_8012E014'
src/ov_SC07_001/ov_SC07_001_jr_8017BEBC.c:5412: warning: type mismatch with previous implicit declaration
src/ov_SC07_001/ov_SC07_001_jr_8017BEBC.c:5024: warning: previous implicit declaration of `func_8012E014'
src/ov_SC07_001/ov_SC07_001_jr_8017BEBC.c:5412: warning: `func_8012E014' was previously implicitly declared to return `int'
src/ov_SC07_001/ov_SC07_001_jr_8017BEBC.c:5744: warning: type mismatch with previous external decl
src/ov_SC07_001/ov_SC07_001_jr_8017BEBC.c:5596: warning: previous external decl of `func_80181378'
src/ov_SC07_001/ov_SC07_001_jr_8017BEBC.c:5744: warning: type mismatch with previous implicit declaration
src/ov_SC07_001/ov_SC07_001_jr_8017BEBC.c:5691: warning: previous implicit declaration of `func_80181378'
src/ov_SC07_001/ov_SC07_001_jr_8017BEBC.c:5744: warning: `func_80181378' was previously implicitly declared to return `int'
  LD      build/ov_SC07_001/ov_SC07_001.elf
  OBJCOPY build/ov_SC07_001/ov_SC07_001
  TRIM    build/ov_SC07_001/ov_SC07_001 (-1 B linker end-align pad)
[ OK ] build/ov_SC07_001/ov_SC07_001
       sha1 ec0a7aae2e24b8e7644a78dae11397a82d4fe605 == config/check.ov_SC07_001.sha  (BYTE-IDENTICAL)
