  CC      build/src/ov_SC05_003/ov_SC05_003_jr_8017BEBC.o
src/ov_SC05_003/ov_SC05_003_jr_8017BEBC.c:3296: warning: "gte_stsz4" redefined
 3296 | #define gte_stsz4(r0, r1, r2, r3) __asm__ volatile ( \
      | 
src/ov_SC05_003/ov_SC05_003_jr_8017BEBC.c:3218: note: this is the location of the previous definition
 3218 | #define gte_stsz4(r0, r1, r2, r3) __asm__ volatile ( \
      | 
src/ov_SC05_003/ov_SC05_003_jr_8017BEBC.c:1530: warning: conflicting types for built-in function `memcpy'
src/ov_SC05_003/ov_SC05_003_jr_8017BEBC.c: In function `func_8017E058':
src/ov_SC05_003/ov_SC05_003_jr_8017BEBC.c:3865: warning: passing arg 1 of `func_8012A018' makes integer from pointer without a cast
src/ov_SC05_003/ov_SC05_003_jr_8017BEBC.c:3866: warning: passing arg 1 of `func_8012A094' makes integer from pointer without a cast
src/ov_SC05_003/ov_SC05_003_jr_8017BEBC.c: In function `func_8017EE60':
src/ov_SC05_003/ov_SC05_003_jr_8017BEBC.c:4437: warning: passing arg 1 of `func_8017F4FC' makes pointer from integer without a cast
src/ov_SC05_003/ov_SC05_003_jr_8017BEBC.c: In function `func_8017FE44':
src/ov_SC05_003/ov_SC05_003_jr_8017BEBC.c:5153: warning: `struct vecr' declared inside parameter list
src/ov_SC05_003/ov_SC05_003_jr_8017BEBC.c:5153: warning: its scope is only this definition or declaration,
src/ov_SC05_003/ov_SC05_003_jr_8017BEBC.c:5153: warning: which is probably not what you want.
src/ov_SC05_003/ov_SC05_003_jr_8017BEBC.c:5153: warning: passing arg 1 from incompatible pointer type
src/ov_SC05_003/ov_SC05_003_jr_8017BEBC.c: In function `func_80180E58':
src/ov_SC05_003/ov_SC05_003_jr_8017BEBC.c:5844: warning: passing arg 3 of `func_80133784' makes integer from pointer without a cast
src/ov_SC05_003/ov_SC05_003_jr_8017BEBC.c: In function `func_801811EC':
src/ov_SC05_003/ov_SC05_003_jr_8017BEBC.c:5966: warning: passing arg 2 of `func_8012B14C' makes integer from pointer without a cast
src/ov_SC05_003/ov_SC05_003_jr_8017BEBC.c: In function `func_80181F78':
src/ov_SC05_003/ov_SC05_003_jr_8017BEBC.c:6632: warning: passing arg 1 of `func_80128ED8' makes integer from pointer without a cast
src/ov_SC05_003/ov_SC05_003_jr_8017BEBC.c: In function `func_80182208':
src/ov_SC05_003/ov_SC05_003_jr_8017BEBC.c:6673: warning: passing arg 1 of `func_80128ED8' makes integer from pointer without a cast
  LD      build/ov_SC05_003/ov_SC05_003.elf
  OBJCOPY build/ov_SC05_003/ov_SC05_003
  TRIM    build/ov_SC05_003/ov_SC05_003 (-1 B linker end-align pad)
[ OK ] build/ov_SC05_003/ov_SC05_003
       sha1 203c9f583f6eaf376113793859e942d6fba12085 == config/check.ov_SC05_003.sha  (BYTE-IDENTICAL)
