  CC      build/src/ov_SC04_000/ov_SC04_000_jr_8017BEBC.o
src/ov_SC04_000/ov_SC04_000_jr_8017BEBC.c:1528: warning: conflicting types for built-in function `memcpy'
src/ov_SC04_000/ov_SC04_000_jr_8017BEBC.c: In function `func_8017D618':
src/ov_SC04_000/ov_SC04_000_jr_8017BEBC.c:3620: warning: type mismatch with previous external decl
src/ov_SC04_000/ov_SC04_000_jr_8017BEBC.c:3345: warning: previous external decl of `D_8019DFB8'
src/ov_SC04_000/ov_SC04_000_jr_8017BEBC.c: In function `func_8017EBE8':
src/ov_SC04_000/ov_SC04_000_jr_8017BEBC.c:4314: warning: passing arg 1 makes pointer from integer without a cast
src/ov_SC04_000/ov_SC04_000_jr_8017BEBC.c: In function `func_8017ECC8':
src/ov_SC04_000/ov_SC04_000_jr_8017BEBC.c:4364: warning: passing arg 1 of `func_8012A018' makes integer from pointer without a cast
src/ov_SC04_000/ov_SC04_000_jr_8017BEBC.c:4365: warning: passing arg 1 of `func_8012A094' makes integer from pointer without a cast
src/ov_SC04_000/ov_SC04_000_jr_8017BEBC.c: In function `func_8017ED64':
src/ov_SC04_000/ov_SC04_000_jr_8017BEBC.c:4394: warning: passing arg 1 of `func_8012A018' makes integer from pointer without a cast
src/ov_SC04_000/ov_SC04_000_jr_8017BEBC.c:4395: warning: passing arg 1 of `func_8012A094' makes integer from pointer without a cast
src/ov_SC04_000/ov_SC04_000_jr_8017BEBC.c: At top level:
src/ov_SC04_000/ov_SC04_000_jr_8017BEBC.c:4452: warning: type mismatch with previous external decl
src/ov_SC04_000/ov_SC04_000_jr_8017BEBC.c:4439: warning: previous external decl of `func_8017F000'
src/ov_SC04_000/ov_SC04_000_jr_8017BEBC.c:4452: warning: type mismatch with previous implicit declaration
src/ov_SC04_000/ov_SC04_000_jr_8017BEBC.c:4439: warning: previous implicit declaration of `func_8017F000'
src/ov_SC04_000/ov_SC04_000_jr_8017BEBC.c:4452: warning: `func_8017F000' was previously implicitly declared to return `int'
src/ov_SC04_000/ov_SC04_000_jr_8017BEBC.c:4589: warning: type mismatch with previous external decl
src/ov_SC04_000/ov_SC04_000_jr_8017BEBC.c:4518: warning: previous external decl of `func_8017F3F4'
src/ov_SC04_000/ov_SC04_000_jr_8017BEBC.c: In function `func_8017F4A4':
src/ov_SC04_000/ov_SC04_000_jr_8017BEBC.c:4641: warning: passing arg 1 of `func_8012AD50' makes integer from pointer without a cast
src/ov_SC04_000/ov_SC04_000_jr_8017BEBC.c: At top level:
src/ov_SC04_000/ov_SC04_000_jr_8017BEBC.c:4722: warning: type mismatch with previous external decl
src/ov_SC04_000/ov_SC04_000_jr_8017BEBC.c:4676: warning: previous external decl of `func_8017F628'
src/ov_SC04_000/ov_SC04_000_jr_8017BEBC.c:4722: warning: type mismatch with previous implicit declaration
src/ov_SC04_000/ov_SC04_000_jr_8017BEBC.c:4676: warning: previous implicit declaration of `func_8017F628'
src/ov_SC04_000/ov_SC04_000_jr_8017BEBC.c:4722: warning: `func_8017F628' was previously implicitly declared to return `int'
src/ov_SC04_000/ov_SC04_000_jr_8017BEBC.c: In function `func_80180738':
src/ov_SC04_000/ov_SC04_000_jr_8017BEBC.c:5455: warning: passing arg 2 of `func_80178CBC' makes integer from pointer without a cast
src/ov_SC04_000/ov_SC04_000_jr_8017BEBC.c:5458: warning: passing arg 2 of `func_80178CBC' makes integer from pointer without a cast
src/ov_SC04_000/ov_SC04_000_jr_8017BEBC.c: In function `func_80181248':
src/ov_SC04_000/ov_SC04_000_jr_8017BEBC.c:6029: warning: passing arg 2 of `func_8012A828' makes integer from pointer without a cast
  LD      build/ov_SC04_000/ov_SC04_000.elf
  OBJCOPY build/ov_SC04_000/ov_SC04_000
  TRIM    build/ov_SC04_000/ov_SC04_000 (-1 B linker end-align pad)
[ OK ] build/ov_SC04_000/ov_SC04_000
       sha1 ee4ee583849479ac78447ebf2eb4cd279866aa2a == config/check.ov_SC04_000.sha  (BYTE-IDENTICAL)
