  CC      build/src/ov_SC04_019/ov_SC04_019_jr_8012ACE0.o  (twin of ov_SC04_018: src/ov_SC04_018/ov_SC04_018_jr_8012ACE0.c)
src/ov_SC04_018/../shared/ov/func_8012D098.h: In function `func_8012D098':
In file included from src/ov_SC04_018/ov_SC04_018_jr_8012ACE0.c:547:
src/ov_SC04_018/../shared/ov/func_8012D098.h:26: warning: passing arg 1 of `func_8012F214' makes integer from pointer without a cast
src/ov_SC04_018/../shared/ov/func_8012D098.h:26: warning: passing arg 2 of `func_8012F214' makes integer from pointer without a cast
src/ov_SC04_018/../shared/ov/func_8012D098.h:26: warning: passing arg 3 of `func_8012F214' makes integer from pointer without a cast
src/ov_SC04_018/../shared/ov/func_8012D098.h:30: warning: passing arg 1 of `func_8012F214' makes integer from pointer without a cast
src/ov_SC04_018/../shared/ov/func_8012D098.h:30: warning: passing arg 2 of `func_8012F214' makes integer from pointer without a cast
src/ov_SC04_018/../shared/ov/func_8012D098.h:30: warning: passing arg 3 of `func_8012F214' makes integer from pointer without a cast
src/ov_SC04_018/../shared/ov/func_8012D098.h:34: warning: passing arg 1 of `func_8012F214' makes integer from pointer without a cast
src/ov_SC04_018/../shared/ov/func_8012D098.h:34: warning: passing arg 2 of `func_8012F214' makes integer from pointer without a cast
src/ov_SC04_018/../shared/ov/func_8012D098.h:34: warning: passing arg 3 of `func_8012F214' makes integer from pointer without a cast
src/ov_SC04_018/../shared/ov/func_8012D098.h:38: warning: passing arg 1 of `func_8012F214' makes integer from pointer without a cast
src/ov_SC04_018/../shared/ov/func_8012D098.h:38: warning: passing arg 2 of `func_8012F214' makes integer from pointer without a cast
src/ov_SC04_018/../shared/ov/func_8012D098.h:38: warning: passing arg 3 of `func_8012F214' makes integer from pointer without a cast
src/ov_SC04_018/../shared/ov/func_8012D098.h:42: warning: passing arg 1 of `func_8012F214' makes integer from pointer without a cast
src/ov_SC04_018/../shared/ov/func_8012D098.h:42: warning: passing arg 2 of `func_8012F214' makes integer from pointer without a cast
src/ov_SC04_018/../shared/ov/func_8012D098.h:42: warning: passing arg 3 of `func_8012F214' makes integer from pointer without a cast
src/ov_SC04_018/../shared/ov/func_8012D098.h:46: warning: passing arg 1 of `func_8012F214' makes integer from pointer without a cast
src/ov_SC04_018/../shared/ov/func_8012D098.h:46: warning: passing arg 2 of `func_8012F214' makes integer from pointer without a cast
src/ov_SC04_018/../shared/ov/func_8012D098.h:46: warning: passing arg 3 of `func_8012F214' makes integer from pointer without a cast
src/ov_SC04_018/../shared/ov/func_8012D098.h:50: warning: passing arg 1 of `func_8012F214' makes integer from pointer without a cast
src/ov_SC04_018/../shared/ov/func_8012D098.h:50: warning: passing arg 2 of `func_8012F214' makes integer from pointer without a cast
src/ov_SC04_018/../shared/ov/func_8012D098.h:50: warning: passing arg 3 of `func_8012F214' makes integer from pointer without a cast
src/ov_SC04_018/../shared/ov/func_8012D098.h:54: warning: passing arg 1 of `func_8012F214' makes integer from pointer without a cast
src/ov_SC04_018/../shared/ov/func_8012D098.h:54: warning: passing arg 2 of `func_8012F214' makes integer from pointer without a cast
src/ov_SC04_018/../shared/ov/func_8012D098.h:54: warning: passing arg 3 of `func_8012F214' makes integer from pointer without a cast
src/ov_SC04_018/../shared/ov/func_8012D098.h:55: warning: passing arg 1 of `func_8012D3B4' makes integer from pointer without a cast
src/ov_SC04_018/../shared/ov/func_8012D098.h:55: warning: passing arg 2 of `func_8012D3B4' makes integer from pointer without a cast
src/ov_SC04_018/../shared/ov/func_8012D098.h:56: warning: passing arg 1 of `func_8012D3B4' makes integer from pointer without a cast
src/ov_SC04_018/../shared/ov/func_8012D098.h:56: warning: passing arg 2 of `func_8012D3B4' makes integer from pointer without a cast
src/ov_SC04_018/../shared/ov/func_8012D098.h:57: warning: passing arg 1 of `func_8012D3B4' makes integer from pointer without a cast
src/ov_SC04_018/../shared/ov/func_8012D098.h:57: warning: passing arg 2 of `func_8012D3B4' makes integer from pointer without a cast
src/ov_SC04_018/../shared/ov/func_8012D098.h:58: warning: passing arg 1 of `func_8012D3B4' makes integer from pointer without a cast
src/ov_SC04_018/../shared/ov/func_8012D098.h:58: warning: passing arg 2 of `func_8012D3B4' makes integer from pointer without a cast
src/ov_SC04_018/../shared/ov/func_8012D098.h:59: warning: passing arg 1 of `func_8012D3B4' makes integer from pointer without a cast
src/ov_SC04_018/../shared/ov/func_8012D098.h:59: warning: passing arg 2 of `func_8012D3B4' makes integer from pointer without a cast
src/ov_SC04_018/../shared/ov/func_8012D098.h:60: warning: passing arg 1 of `func_8012D3B4' makes integer from pointer without a cast
src/ov_SC04_018/../shared/ov/func_8012D098.h:60: warning: passing arg 2 of `func_8012D3B4' makes integer from pointer without a cast
src/ov_SC04_018/../shared/ov/func_8012D098.h:61: warning: passing arg 1 of `func_8012D3B4' makes integer from pointer without a cast
src/ov_SC04_018/../shared/ov/func_8012D098.h:61: warning: passing arg 2 of `func_8012D3B4' makes integer from pointer without a cast
src/ov_SC04_018/../shared/ov/func_8012D098.h:62: warning: passing arg 1 of `func_8012D3B4' makes integer from pointer without a cast
src/ov_SC04_018/../shared/ov/func_8012D098.h:62: warning: passing arg 2 of `func_8012D3B4' makes integer from pointer without a cast
src/ov_SC04_018/../shared/ov/func_8012D098.h:63: warning: passing arg 1 of `func_8012D3B4' makes integer from pointer without a cast
src/ov_SC04_018/../shared/ov/func_8012D098.h:63: warning: passing arg 2 of `func_8012D3B4' makes integer from pointer without a cast
src/ov_SC04_018/../shared/ov/func_8012D098.h:64: warning: passing arg 1 of `func_8012D3B4' makes integer from pointer without a cast
src/ov_SC04_018/../shared/ov/func_8012D098.h:64: warning: passing arg 2 of `func_8012D3B4' makes integer from pointer without a cast
src/ov_SC04_018/../shared/ov/func_8012D098.h:65: warning: passing arg 1 of `func_8012D3B4' makes integer from pointer without a cast
src/ov_SC04_018/../shared/ov/func_8012D098.h:65: warning: passing arg 2 of `func_8012D3B4' makes integer from pointer without a cast
src/ov_SC04_018/../shared/ov/func_8012D098.h:66: warning: passing arg 1 of `func_8012D3B4' makes integer from pointer without a cast
src/ov_SC04_018/../shared/ov/func_8012D098.h:66: warning: passing arg 2 of `func_8012D3B4' makes integer from pointer without a cast
src/ov_SC04_018/../shared/ov/func_8012D38C.h: In function `func_8012D38C':
In file included from src/ov_SC04_018/ov_SC04_018_jr_8012ACE0.c:549:
src/ov_SC04_018/../shared/ov/func_8012D38C.h:5: warning: passing arg 1 of `func_8012D098' makes pointer from integer without a cast
src/ov_SC04_018/../shared/ov/func_8012D3B4.h: At top level:
In file included from src/ov_SC04_018/ov_SC04_018_jr_8012ACE0.c:553:
src/ov_SC04_018/../shared/ov/func_8012D3B4.h:4: warning: type mismatch with previous external decl
src/ov_SC04_018/../shared/ov/func_8012CFA8.h:6: warning: previous external decl of `RotTransPers'
src/ov_SC04_018/../shared/ov/func_8012D3B4.h: In function `func_8012D3B4':
src/ov_SC04_018/../shared/ov/func_8012D3B4.h:22: warning: passing arg 2 of `RotTransPers' makes integer from pointer without a cast
src/ov_SC04_018/../shared/ov/func_8012D3B4.h:23: warning: passing arg 2 of `RotTransPers' makes integer from pointer without a cast
src/ov_SC04_018/../shared/ov/func_8012D4B4.h: In function `func_8012D4B4':
In file included from src/ov_SC04_018/ov_SC04_018_jr_8012ACE0.c:555:
src/ov_SC04_018/../shared/ov/func_8012D4B4.h:27: warning: passing arg 2 of `RotTransPers' makes integer from pointer without a cast
src/ov_SC04_018/../shared/ov/func_8012D4B4.h:29: warning: passing arg 2 of `RotTransPers' makes integer from pointer without a cast
src/ov_SC04_018/ov_SC04_018_jr_8012ACE0.c: At top level:
src/ov_SC04_018/ov_SC04_018_jr_8012ACE0.c:594: warning: type mismatch with previous external decl
src/ov_SC04_018/ov_SC04_018_jr_8012ACE0.c:569: warning: previous external decl of `func_8012F568'
src/ov_SC04_018/ov_SC04_018_jr_8012ACE0.c: In function `func_8012DB84':
src/ov_SC04_018/ov_SC04_018_jr_8012ACE0.c:602: warning: passing arg 5 of `func_8012F568' makes integer from pointer without a cast
src/ov_SC04_018/ov_SC04_018_jr_8012ACE0.c:602: warning: passing arg 6 of `func_8012F568' makes integer from pointer without a cast
src/ov_SC04_018/ov_SC04_018_jr_8012ACE0.c: In function `func_8012DDA4':
src/ov_SC04_018/ov_SC04_018_jr_8012ACE0.c:626: warning: return makes integer from pointer without a cast
src/ov_SC04_018/ov_SC04_018_jr_8012ACE0.c: In function `func_8012DE2C':
src/ov_SC04_018/ov_SC04_018_jr_8012ACE0.c:641: warning: type mismatch with previous external decl
src/ov_SC04_018/ov_SC04_018_jr_8012ACE0.c:616: warning: previous external decl of `D_801E5A34'
src/ov_SC04_018/ov_SC04_018_jr_8012ACE0.c:642: warning: type mismatch with previous external decl
src/ov_SC04_018/ov_SC04_018_jr_8012ACE0.c:617: warning: previous external decl of `D_801E5A30'
src/ov_SC04_018/ov_SC04_018_jr_8012ACE0.c:657: warning: return makes integer from pointer without a cast
src/ov_SC04_018/../shared/ov/func_8012E138.h: In function `func_8012E138':
In file included from src/ov_SC04_018/ov_SC04_018_jr_8012ACE0.c:679:
src/ov_SC04_018/../shared/ov/func_8012E138.h:19: warning: passing arg 2 of `func_8012F038' from incompatible pointer type
src/ov_SC04_018/../shared/ov/func_8012E138.h:19: warning: passing arg 3 of `func_8012F038' from incompatible pointer type
src/ov_SC04_018/../shared/ov/func_8012E138.h:36: warning: passing arg 2 of `func_8012F14C' makes integer from pointer without a cast
src/ov_SC04_018/../shared/ov/func_8012E138.h:36: warning: passing arg 3 of `func_8012F14C' makes integer from pointer without a cast
src/ov_SC04_018/../shared/ov/func_8012E138.h:37: warning: passing arg 3 of `func_80135888' makes integer from pointer without a cast
src/ov_SC04_018/../shared/ov/func_8012E138.h:37: warning: passing arg 4 of `func_80135888' makes integer from pointer without a cast
src/ov_SC04_018/../shared/ov/func_8012F568.h: In function `func_8012F568':
In file included from src/ov_SC04_018/ov_SC04_018_jr_8012ACE0.c:1102:
src/ov_SC04_018/../shared/ov/func_8012F568.h:12: warning: passing arg 2 of `memcpy' makes pointer from integer without a cast
src/ov_SC04_018/../shared/ov/func_8012F568.h:13: warning: passing arg 2 of `memcpy' makes pointer from integer without a cast
src/ov_SC04_018/ov_SC04_018_jr_8012ACE0.c: In function `func_80130D48':
src/ov_SC04_018/ov_SC04_018_jr_8012ACE0.c:1435: warning: assignment makes pointer from integer without a cast
src/ov_SC04_018/ov_SC04_018_jr_8012ACE0.c: In function `func_80131340':
src/ov_SC04_018/ov_SC04_018_jr_8012ACE0.c:1622: warning: type mismatch with previous external decl
src/ov_SC04_018/ov_SC04_018_jr_8012ACE0.c:1505: warning: previous external decl of `D_8018D6CC'
src/ov_SC04_018/ov_SC04_018_jr_8012ACE0.c:1668: warning: passing arg 1 of `func_80131E00' makes pointer from integer without a cast
src/ov_SC04_018/ov_SC04_018_jr_8012ACE0.c:1722: warning: passing arg 1 of `func_80131E00' makes pointer from integer without a cast
src/ov_SC04_018/ov_SC04_018_jr_8012ACE0.c:1766: warning: passing arg 1 of `func_80131E00' makes pointer from integer without a cast
src/ov_SC04_018/ov_SC04_018_jr_8012ACE0.c:1797: warning: passing arg 1 of `func_80131E00' makes pointer from integer without a cast
src/ov_SC04_018/ov_SC04_018_jr_8012ACE0.c:1802: warning: passing arg 1 of `func_80131E00' makes pointer from integer without a cast
src/ov_SC04_018/ov_SC04_018_jr_8012ACE0.c:1819: warning: passing arg 1 of `func_80131E00' makes pointer from integer without a cast
src/ov_SC04_018/ov_SC04_018_jr_8012ACE0.c:1829: warning: passing arg 1 of `func_80131E00' makes pointer from integer without a cast
src/ov_SC04_018/../shared/ov/func_801325B8.h: In function `func_801325B8':
In file included from src/ov_SC04_018/ov_SC04_018_jr_8012ACE0.c:2191:
src/ov_SC04_018/../shared/ov/func_801325B8.h:34: warning: passing arg 1 of `memcpy' makes pointer from integer without a cast
src/ov_SC04_018/../shared/ov/func_801325B8.h:34: warning: passing arg 2 of `memcpy' makes pointer from integer without a cast
src/ov_SC04_018/../shared/ov/func_801325B8.h:57: warning: passing arg 1 of `memcpy' makes pointer from integer without a cast
src/ov_SC04_018/../shared/ov/func_801325B8.h:57: warning: passing arg 2 of `memcpy' makes pointer from integer without a cast
src/ov_SC04_018/../shared/ov/func_80132EF4.h: In function `func_80132EF4':
In file included from src/ov_SC04_018/ov_SC04_018_jr_8012ACE0.c:2203:
src/ov_SC04_018/../shared/ov/func_80132EF4.h:6: warning: initialization makes integer from pointer without a cast
src/ov_SC04_018/../shared/ov/func_80132F40.h: In function `func_80132F40':
In file included from src/ov_SC04_018/ov_SC04_018_jr_8012ACE0.c:2284:
src/ov_SC04_018/../shared/ov/func_80132F40.h:34: warning: passing arg 2 of `func_8012F038' from incompatible pointer type
src/ov_SC04_018/../shared/ov/func_80132F40.h:34: warning: passing arg 3 of `func_8012F038' from incompatible pointer type
src/ov_SC04_018/../shared/ov/func_80132F40.h:36: warning: passing arg 2 of `func_8012F14C' makes integer from pointer without a cast
src/ov_SC04_018/../shared/ov/func_80132F40.h:36: warning: passing arg 3 of `func_8012F14C' makes integer from pointer without a cast
src/ov_SC04_018/ov_SC04_018_jr_8012ACE0.c: In function `func_80133AB0':
src/ov_SC04_018/ov_SC04_018_jr_8012ACE0.c:2535: warning: type mismatch with previous external decl
src/ov_SC04_018/ov_SC04_018_jr_8012ACE0.c:2424: warning: previous external decl of `D_8018D7A8'
src/ov_SC04_018/ov_SC04_018_jr_8012ACE0.c:2536: warning: type mismatch with previous external decl
src/ov_SC04_018/ov_SC04_018_jr_8012ACE0.c:2423: warning: previous external decl of `D_8018D7A4'
src/ov_SC04_018/ov_SC04_018_jr_8012ACE0.c: In function `func_80133CD4':
src/ov_SC04_018/ov_SC04_018_jr_8012ACE0.c:2619: warning: type mismatch with previous external decl
src/ov_SC04_018/ov_SC04_018_jr_8012ACE0.c:2424: warning: previous external decl of `D_8018D7A8'
src/ov_SC04_018/ov_SC04_018_jr_8012ACE0.c:2620: warning: type mismatch with previous external decl
src/ov_SC04_018/ov_SC04_018_jr_8012ACE0.c:2423: warning: previous external decl of `D_8018D7A4'
src/ov_SC04_018/ov_SC04_018_jr_8012ACE0.c:2621: warning: type mismatch with previous external decl
src/ov_SC04_018/ov_SC04_018_jr_8012ACE0.c:2537: warning: previous external decl of `D_8018D7B0'
src/ov_SC04_018/ov_SC04_018_jr_8012ACE0.c: In function `func_801343C4':
src/ov_SC04_018/ov_SC04_018_jr_8012ACE0.c:2795: warning: type mismatch with previous external decl
src/ov_SC04_018/ov_SC04_018_jr_8012ACE0.c:2423: warning: previous external decl of `D_8018D7A4'
src/ov_SC04_018/ov_SC04_018_jr_8012ACE0.c:2796: warning: type mismatch with previous external decl
src/ov_SC04_018/ov_SC04_018_jr_8012ACE0.c:2424: warning: previous external decl of `D_8018D7A8'
src/ov_SC04_018/ov_SC04_018_jr_8012ACE0.c:2798: warning: type mismatch with previous external decl
src/ov_SC04_018/ov_SC04_018_jr_8012ACE0.c:2425: warning: previous external decl of `D_801E5A8C'
src/ov_SC04_018/ov_SC04_018_jr_8012ACE0.c: In function `func_80134510':
src/ov_SC04_018/ov_SC04_018_jr_8012ACE0.c:2851: warning: type mismatch with previous external decl
src/ov_SC04_018/ov_SC04_018_jr_8012ACE0.c:2423: warning: previous external decl of `D_8018D7A4'
src/ov_SC04_018/ov_SC04_018_jr_8012ACE0.c:2852: warning: type mismatch with previous external decl
src/ov_SC04_018/ov_SC04_018_jr_8012ACE0.c:2424: warning: previous external decl of `D_8018D7A8'
src/ov_SC04_018/ov_SC04_018_jr_8012ACE0.c:2853: warning: type mismatch with previous external decl
src/ov_SC04_018/ov_SC04_018_jr_8012ACE0.c:2622: warning: previous external decl of `D_8018D7AC'
src/ov_SC04_018/ov_SC04_018_jr_8012ACE0.c: In function `func_801345F8':
src/ov_SC04_018/ov_SC04_018_jr_8012ACE0.c:2900: warning: type mismatch with previous external decl
src/ov_SC04_018/ov_SC04_018_jr_8012ACE0.c:2423: warning: previous external decl of `D_8018D7A4'
src/ov_SC04_018/ov_SC04_018_jr_8012ACE0.c: At top level:
src/ov_SC04_018/ov_SC04_018_jr_8012ACE0.c:2959: warning: type mismatch with previous external decl
src/ov_SC04_018/ov_SC04_018_jr_8012ACE0.c:2899: warning: previous external decl of `func_801347A0'
src/ov_SC04_018/ov_SC04_018_jr_8012ACE0.c: In function `func_801347A0':
src/ov_SC04_018/ov_SC04_018_jr_8012ACE0.c:2961: warning: type mismatch with previous external decl
src/ov_SC04_018/ov_SC04_018_jr_8012ACE0.c:2424: warning: previous external decl of `D_8018D7A8'
src/ov_SC04_018/ov_SC04_018_jr_8012ACE0.c:2962: warning: type mismatch with previous external decl
src/ov_SC04_018/ov_SC04_018_jr_8012ACE0.c:2423: warning: previous external decl of `D_8018D7A4'
src/ov_SC04_018/ov_SC04_018_jr_8012ACE0.c:2963: warning: type mismatch with previous external decl
src/ov_SC04_018/ov_SC04_018_jr_8012ACE0.c:2622: warning: previous external decl of `D_8018D7AC'
src/ov_SC04_018/ov_SC04_018_jr_8012ACE0.c: In function `func_80134C20':
src/ov_SC04_018/ov_SC04_018_jr_8012ACE0.c:3083: warning: type mismatch with previous external decl
src/ov_SC04_018/ov_SC04_018_jr_8012ACE0.c:2423: warning: previous external decl of `D_8018D7A4'
src/ov_SC04_018/ov_SC04_018_jr_8012ACE0.c:3084: warning: type mismatch with previous external decl
src/ov_SC04_018/ov_SC04_018_jr_8012ACE0.c:2424: warning: previous external decl of `D_8018D7A8'
src/ov_SC04_018/ov_SC04_018_jr_8012ACE0.c:3085: warning: type mismatch with previous external decl
src/ov_SC04_018/ov_SC04_018_jr_8012ACE0.c:2622: warning: previous external decl of `D_8018D7AC'
src/ov_SC04_018/ov_SC04_018_jr_8012ACE0.c:3086: warning: type mismatch with previous external decl
src/ov_SC04_018/ov_SC04_018_jr_8012ACE0.c:2537: warning: previous external decl of `D_8018D7B0'
src/ov_SC04_018/ov_SC04_018_jr_8012ACE0.c: In function `func_80135004':
src/ov_SC04_018/ov_SC04_018_jr_8012ACE0.c:3178: warning: type mismatch with previous external decl
src/ov_SC04_018/ov_SC04_018_jr_8012ACE0.c:2424: warning: previous external decl of `D_8018D7A8'
src/ov_SC04_018/ov_SC04_018_jr_8012ACE0.c:3179: warning: type mismatch with previous external decl
src/ov_SC04_018/ov_SC04_018_jr_8012ACE0.c:2423: warning: previous external decl of `D_8018D7A4'
src/ov_SC04_018/ov_SC04_018_jr_8012ACE0.c: In function `func_80135168':
src/ov_SC04_018/ov_SC04_018_jr_8012ACE0.c:3247: warning: type mismatch with previous external decl
src/ov_SC04_018/ov_SC04_018_jr_8012ACE0.c:2423: warning: previous external decl of `D_8018D7A4'
src/ov_SC04_018/ov_SC04_018_jr_8012ACE0.c:3248: warning: type mismatch with previous external decl
src/ov_SC04_018/ov_SC04_018_jr_8012ACE0.c:2424: warning: previous external decl of `D_8018D7A8'
src/ov_SC04_018/ov_SC04_018_jr_8012ACE0.c: In function `func_80135260':
src/ov_SC04_018/ov_SC04_018_jr_8012ACE0.c:3322: warning: type mismatch with previous external decl
src/ov_SC04_018/ov_SC04_018_jr_8012ACE0.c:2423: warning: previous external decl of `D_8018D7A4'
src/ov_SC04_018/ov_SC04_018_jr_8012ACE0.c:3323: warning: type mismatch with previous external decl
src/ov_SC04_018/ov_SC04_018_jr_8012ACE0.c:2424: warning: previous external decl of `D_8018D7A8'
src/ov_SC04_018/ov_SC04_018_jr_8012ACE0.c:3324: warning: type mismatch with previous external decl
src/ov_SC04_018/ov_SC04_018_jr_8012ACE0.c:2537: warning: previous external decl of `D_8018D7B0'
src/ov_SC04_018/ov_SC04_018_jr_8012ACE0.c: In function `func_80135480':
src/ov_SC04_018/ov_SC04_018_jr_8012ACE0.c:3442: warning: type mismatch with previous external decl
src/ov_SC04_018/ov_SC04_018_jr_8012ACE0.c:2423: warning: previous external decl of `D_8018D7A4'
src/ov_SC04_018/ov_SC04_018_jr_8012ACE0.c:3443: warning: type mismatch with previous external decl
src/ov_SC04_018/ov_SC04_018_jr_8012ACE0.c:2424: warning: previous external decl of `D_8018D7A8'
  LD      build/ov_SC04_019/ov_SC04_019.elf
  OBJCOPY build/ov_SC04_019/ov_SC04_019
  TRIM    build/ov_SC04_019/ov_SC04_019 (-1 B linker end-align pad)
[ OK ] build/ov_SC04_019/ov_SC04_019
       sha1 fe9b413fc48ba615ccf81cde49d7a1efad481bc9 == config/check.ov_SC04_019.sha  (BYTE-IDENTICAL)
