  CC      build/src/ov_SC07_010/ov_SC07_010_jr_8015C32C.o
  CC      build/src/ov_SC07_010/ov_SC07_010_jr_8016AE5C.o
  CC      build/src/ov_SC07_010/ov_SC07_010_jr_80135D20.o
src/ov_SC07_010/ov_SC07_010_jr_8016AE5C.c:1812: warning: conflicting types for built-in function `memcpy'
src/ov_SC07_010/../shared/ov/func_8015C6AC.h: In function `func_8015C6AC':
In file included from src/ov_SC07_010/ov_SC07_010_jr_8015C32C.c:1574:
src/ov_SC07_010/../shared/ov/func_8015C6AC.h:7: warning: passing arg 1 of `func_8015C788' makes integer from pointer without a cast
src/ov_SC07_010/../shared/ov/func_8016B448.h: In function `func_8016B448':
In file included from src/ov_SC07_010/ov_SC07_010_jr_8016AE5C.c:2141:
src/ov_SC07_010/../shared/ov/func_8016B448.h:10: warning: passing arg 1 of `func_8014C050' makes integer from pointer without a cast
src/ov_SC07_010/../shared/ov/func_8016B448.h:12: warning: passing arg 1 of `func_8016B984' makes pointer from integer without a cast
src/ov_SC07_010/../shared/ov/func_8016B448.h:14: warning: passing arg 2 of `func_80146A6C' makes pointer from integer without a cast
src/ov_SC07_010/ov_SC07_010_jr_8015C32C.c: In function `func_8015CD20':
src/ov_SC07_010/ov_SC07_010_jr_8015C32C.c:1830: warning: type mismatch with previous external decl
src/ov_SC07_010/ov_SC07_010_jr_8015C32C.c:1486: warning: previous external decl of `D_8018465C'
src/ov_SC07_010/ov_SC07_010_jr_80135D20.c: In function `func_80136334':
src/ov_SC07_010/ov_SC07_010_jr_80135D20.c:868: warning: type mismatch with previous external decl
src/ov_SC07_010/ov_SC07_010_jr_80135D20.c:692: warning: previous external decl of `D_80182550'
src/ov_SC07_010/ov_SC07_010_jr_80135D20.c:869: warning: type mismatch with previous external decl
src/ov_SC07_010/ov_SC07_010_jr_80135D20.c:693: warning: previous external decl of `D_80182554'
src/ov_SC07_010/../shared/ov/func_8016BA68.h: In function `func_8016BA68':
In file included from src/ov_SC07_010/ov_SC07_010_jr_8016AE5C.c:2404:
src/ov_SC07_010/../shared/ov/func_8016BA68.h:9: warning: passing arg 1 of `func_8014C050' makes integer from pointer without a cast
src/ov_SC07_010/../shared/ov/func_8016BA68.h:11: warning: passing arg 1 makes pointer from integer without a cast
src/ov_SC07_010/../shared/ov/func_8016BA68.h:13: warning: passing arg 2 of `func_80146A6C' makes pointer from integer without a cast
src/ov_SC07_010/ov_SC07_010_jr_8016AE5C.c: In function `func_8016BCC0':
src/ov_SC07_010/ov_SC07_010_jr_8016AE5C.c:2480: warning: type mismatch with previous external decl
src/ov_SC07_010/ov_SC07_010_jr_8016AE5C.c:2430: warning: previous external decl of `func_8016BF50'
src/ov_SC07_010/ov_SC07_010_jr_8015C32C.c: In function `func_8015D1B8':
src/ov_SC07_010/ov_SC07_010_jr_8015C32C.c:2062: warning: passing arg 1 of `func_801725F4' from incompatible pointer type
src/ov_SC07_010/ov_SC07_010_jr_8016AE5C.c:2487: warning: passing arg 1 of `func_8016BFA8' makes integer from pointer without a cast
src/ov_SC07_010/ov_SC07_010_jr_8016AE5C.c:2487: warning: passing arg 2 of `func_8016BFA8' makes integer from pointer without a cast
src/ov_SC07_010/ov_SC07_010_jr_8016AE5C.c:2487: warning: passing arg 3 of `func_8016BFA8' makes integer from pointer without a cast
src/ov_SC07_010/ov_SC07_010_jr_8016AE5C.c:2487: warning: passing arg 4 of `func_8016BFA8' makes integer from pointer without a cast
src/ov_SC07_010/ov_SC07_010_jr_8016AE5C.c: At top level:
src/ov_SC07_010/ov_SC07_010_jr_8016AE5C.c:2497: warning: type mismatch with previous implicit declaration
src/ov_SC07_010/ov_SC07_010_jr_8016AE5C.c:2480: warning: previous implicit declaration of `func_8016BF50'
src/ov_SC07_010/ov_SC07_010_jr_8016AE5C.c:2497: warning: `func_8016BF50' was previously implicitly declared to return `int'
src/ov_SC07_010/ov_SC07_010_jr_80135D20.c: In function `func_801365B8':
src/ov_SC07_010/ov_SC07_010_jr_80135D20.c:946: warning: type mismatch with previous external decl
src/ov_SC07_010/ov_SC07_010_jr_80135D20.c:692: warning: previous external decl of `D_80182550'
src/ov_SC07_010/ov_SC07_010_jr_80135D20.c:947: warning: type mismatch with previous external decl
src/ov_SC07_010/ov_SC07_010_jr_80135D20.c:693: warning: previous external decl of `D_80182554'
src/ov_SC07_010/../shared/ov/func_8015D480.h: In function `func_8015D480':
In file included from src/ov_SC07_010/ov_SC07_010_jr_8015C32C.c:2119:
src/ov_SC07_010/../shared/ov/func_8015D480.h:7: warning: passing arg 1 of `func_8015D57C' makes integer from pointer without a cast
src/ov_SC07_010/../shared/ov/func_8015D57C.h: In function `func_8015D57C':
In file included from src/ov_SC07_010/ov_SC07_010_jr_8015C32C.c:2140:
src/ov_SC07_010/../shared/ov/func_8015D57C.h:12: warning: passing arg 1 of `func_801553A8' makes pointer from integer without a cast
src/ov_SC07_010/../shared/ov/func_8015D57C.h:13: warning: passing arg 1 of `func_80155440' makes pointer from integer without a cast
src/ov_SC07_010/../shared/ov/func_8015D57C.h:14: warning: passing arg 1 of `func_80146CA0' makes pointer from integer without a cast
src/ov_SC07_010/ov_SC07_010_jr_8015C32C.c:3717: warning: "SHB" redefined
 3717 | #define SHB(x) __asm__("" : "=r"(x) : "0"(x))
      | 
src/ov_SC07_010/ov_SC07_010_jr_8015C32C.c:3716: note: this is the location of the previous definition
 3716 | #define SHB(x) __asm__ __volatile__("" : "=r"(x) : "0"(x))
      | 
src/ov_SC07_010/../shared/ov/func_8015DA90.h: In function `func_8015DA90':
In file included from src/ov_SC07_010/ov_SC07_010_jr_8015C32C.c:2305:
src/ov_SC07_010/../shared/ov/func_8015DA90.h:7: warning: passing arg 1 of `func_8015DB6C' makes integer from pointer without a cast
src/ov_SC07_010/ov_SC07_010_jr_80135D20.c: In function `func_80136824':
src/ov_SC07_010/ov_SC07_010_jr_80135D20.c:1039: warning: type mismatch with previous external decl
src/ov_SC07_010/ov_SC07_010_jr_80135D20.c:692: warning: previous external decl of `D_80182550'
src/ov_SC07_010/ov_SC07_010_jr_80135D20.c:1040: warning: type mismatch with previous external decl
src/ov_SC07_010/ov_SC07_010_jr_80135D20.c:693: warning: previous external decl of `D_80182554'
src/ov_SC07_010/ov_SC07_010_jr_8016AE5C.c: In function `func_8016C2C4':
src/ov_SC07_010/ov_SC07_010_jr_8016AE5C.c:2752: warning: type mismatch with previous external decl
src/ov_SC07_010/ov_SC07_010_jr_8016AE5C.c:2695: warning: previous external decl of `D_801A7104'
src/ov_SC07_010/ov_SC07_010_jr_8016AE5C.c:2753: warning: type mismatch with previous external decl
src/ov_SC07_010/ov_SC07_010_jr_8016AE5C.c:2698: warning: previous external decl of `D_801A710C'
src/ov_SC07_010/ov_SC07_010_jr_80135D20.c: In function `func_80136A94':
src/ov_SC07_010/ov_SC07_010_jr_80135D20.c:1147: warning: type mismatch with previous external decl
src/ov_SC07_010/ov_SC07_010_jr_80135D20.c:700: warning: previous external decl of `D_80126722'
src/ov_SC07_010/../shared/ov/func_8015DDF0.h: In function `func_8015DDF0':
In file included from src/ov_SC07_010/ov_SC07_010_jr_8015C32C.c:2393:
src/ov_SC07_010/../shared/ov/func_8015DDF0.h:7: warning: passing arg 1 of `func_8015DECC' makes integer from pointer without a cast
src/ov_SC07_010/../shared/ov/func_8015E150.h: In function `func_8015E150':
In file included from src/ov_SC07_010/ov_SC07_010_jr_8015C32C.c:2481:
src/ov_SC07_010/../shared/ov/func_8015E150.h:7: warning: passing arg 1 of `func_8015E22C' makes integer from pointer without a cast
src/ov_SC07_010/../shared/ov/func_801372B0.h: At top level:
In file included from src/ov_SC07_010/ov_SC07_010_jr_80135D20.c:1236:
src/ov_SC07_010/../shared/ov/func_801372B0.h:3: warning: type mismatch with previous external decl
src/ov_SC07_010/ov_SC07_010_jr_80135D20.c:1145: warning: previous external decl of `ApplyMatrixSV'
src/ov_SC07_010/ov_SC07_010_jr_8016AE5C.c: In function `func_8016C998':
src/ov_SC07_010/ov_SC07_010_jr_8016AE5C.c:2899: warning: type mismatch with previous external decl
src/ov_SC07_010/ov_SC07_010_jr_8016AE5C.c:2804: warning: previous external decl of `D_801A71D8'
src/ov_SC07_010/ov_SC07_010_jr_8016AE5C.c: In function `func_8016CBC0':
src/ov_SC07_010/ov_SC07_010_jr_8016AE5C.c:2959: warning: type mismatch with previous external decl
src/ov_SC07_010/ov_SC07_010_jr_8016AE5C.c:2804: warning: previous external decl of `D_801A71D8'
src/ov_SC07_010/ov_SC07_010_jr_8016AE5C.c: In function `func_8016CF04':
src/ov_SC07_010/ov_SC07_010_jr_8016AE5C.c:3110: warning: type mismatch with previous external decl
src/ov_SC07_010/ov_SC07_010_jr_8016AE5C.c:2804: warning: previous external decl of `D_801A71D8'
src/ov_SC07_010/../shared/ov/func_8015E84C.h: In function `func_8015E84C':
In file included from src/ov_SC07_010/ov_SC07_010_jr_8015C32C.c:2613:
src/ov_SC07_010/../shared/ov/func_8015E84C.h:7: warning: passing arg 1 of `func_8015E95C' makes integer from pointer without a cast
src/ov_SC07_010/../shared/ov/func_8015E95C.h: In function `func_8015E95C':
In file included from src/ov_SC07_010/ov_SC07_010_jr_8015C32C.c:2634:
src/ov_SC07_010/../shared/ov/func_8015E95C.h:10: warning: passing arg 1 of `func_8015E9B8' makes pointer from integer without a cast
src/ov_SC07_010/ov_SC07_010_jr_8015C32C.c: In function `func_8015EA3C':
src/ov_SC07_010/ov_SC07_010_jr_8015C32C.c:2745: warning: passing arg 1 makes integer from pointer without a cast
src/ov_SC07_010/../shared/ov/func_8015EDA0.h: In function `func_8015EDA0':
In file included from src/ov_SC07_010/ov_SC07_010_jr_8015C32C.c:2754:
src/ov_SC07_010/../shared/ov/func_8015EDA0.h:7: warning: passing arg 1 of `func_8015EE7C' makes integer from pointer without a cast
src/ov_SC07_010/../shared/ov/func_8015EFA4.h: In function `func_8015EFA4':
In file included from src/ov_SC07_010/ov_SC07_010_jr_8015C32C.c:2832:
src/ov_SC07_010/../shared/ov/func_8015EFA4.h:7: warning: passing arg 1 of `func_8015F080' makes integer from pointer without a cast
src/ov_SC07_010/ov_SC07_010_jr_8016AE5C.c: In function `func_8016D848':
src/ov_SC07_010/ov_SC07_010_jr_8016AE5C.c:3369: warning: passing arg 1 of `func_800D20C0' makes pointer from integer without a cast
src/ov_SC07_010/ov_SC07_010_jr_8016AE5C.c:3369: warning: passing arg 2 of `func_800D20C0' makes pointer from integer without a cast
src/ov_SC07_010/ov_SC07_010_jr_8016AE5C.c: In function `func_8016DC20':
src/ov_SC07_010/ov_SC07_010_jr_8016AE5C.c:3531: warning: passing arg 2 of `func_80128ED8' makes pointer from integer without a cast
src/ov_SC07_010/ov_SC07_010_jr_8016AE5C.c: In function `func_8016DEE0':
src/ov_SC07_010/ov_SC07_010_jr_8016AE5C.c:3552: warning: passing arg 1 of `func_80128ED8' makes integer from pointer without a cast
src/ov_SC07_010/ov_SC07_010_jr_8015C32C.c: In function `func_8015F89C':
src/ov_SC07_010/ov_SC07_010_jr_8015C32C.c:3068: warning: passing arg 2 of `func_801466F0' makes integer from pointer without a cast
src/ov_SC07_010/../shared/ov/func_8016EDEC.h: In function `func_8016EDEC':
In file included from src/ov_SC07_010/ov_SC07_010_jr_8016AE5C.c:4013:
src/ov_SC07_010/../shared/ov/func_8016EDEC.h:13: warning: assignment from incompatible pointer type
src/ov_SC07_010/../shared/ov/func_8016EDEC.h:16: warning: passing arg 1 from incompatible pointer type
src/ov_SC07_010/../shared/ov/func_8016EDEC.h:17: warning: passing arg 1 from incompatible pointer type
src/ov_SC07_010/../shared/ov/func_8016EE40.h: In function `func_8016EE40':
In file included from src/ov_SC07_010/ov_SC07_010_jr_8016AE5C.c:4016:
src/ov_SC07_010/../shared/ov/func_8016EE40.h:17: warning: passing arg 1 from incompatible pointer type
src/ov_SC07_010/../shared/ov/func_8016EE40.h:19: warning: passing arg 1 from incompatible pointer type
src/ov_SC07_010/../shared/ov/func_80160B70.h: In function `func_80160B70':
In file included from src/ov_SC07_010/ov_SC07_010_jr_8015C32C.c:3586:
src/ov_SC07_010/../shared/ov/func_80160B70.h:7: warning: passing arg 1 of `func_80160BB4' makes pointer from integer without a cast
src/ov_SC07_010/../shared/ov/func_8016F4FC.h: In function `func_8016F4FC':
In file included from src/ov_SC07_010/ov_SC07_010_jr_8016AE5C.c:4167:
src/ov_SC07_010/../shared/ov/func_8016F4FC.h:9: warning: passing arg 1 of `func_800D1724' makes integer from pointer without a cast
src/ov_SC07_010/../shared/ov/func_8016F71C.h: In function `func_8016F71C':
In file included from src/ov_SC07_010/ov_SC07_010_jr_8016AE5C.c:4203:
src/ov_SC07_010/../shared/ov/func_8016F71C.h:11: warning: passing arg 1 of `func_8016F764' makes pointer from integer without a cast
src/ov_SC07_010/../shared/ov/func_80160F70.h: In function `func_80160F70':
In file included from src/ov_SC07_010/ov_SC07_010_jr_8015C32C.c:3659:
src/ov_SC07_010/../shared/ov/func_80160F70.h:15: warning: passing arg 1 of `func_8013767C' makes integer from pointer without a cast
src/ov_SC07_010/ov_SC07_010_jr_8015C32C.c: In function `aF80161208':
src/ov_SC07_010/ov_SC07_010_jr_8015C32C.c:3701: warning: passing arg 1 makes integer from pointer without a cast
src/ov_SC07_010/../shared/ov/func_80161278.h: In function `func_80161278':
In file included from src/ov_SC07_010/ov_SC07_010_jr_8015C32C.c:3708:
src/ov_SC07_010/../shared/ov/func_80161278.h:10: warning: passing arg 1 of `func_80161374' makes integer from pointer without a cast
src/ov_SC07_010/../shared/ov/func_801612B8.h: In function `func_801612B8':
In file included from src/ov_SC07_010/ov_SC07_010_jr_8015C32C.c:3711:
src/ov_SC07_010/../shared/ov/func_801612B8.h:11: warning: assignment makes integer from pointer without a cast
src/ov_SC07_010/../shared/ov/func_8016FE2C.h: In function `func_8016FE2C':
In file included from src/ov_SC07_010/ov_SC07_010_jr_8016AE5C.c:4335:
src/ov_SC07_010/../shared/ov/func_8016FE2C.h:7: warning: passing arg 1 of `func_80172658' from incompatible pointer type
src/ov_SC07_010/../shared/ov/func_80161418.h: In function `func_80161418':
In file included from src/ov_SC07_010/ov_SC07_010_jr_8015C32C.c:3775:
src/ov_SC07_010/../shared/ov/func_80161418.h:6: warning: passing arg 1 of `func_8016163C' makes integer from pointer without a cast
src/ov_SC07_010/../shared/ov/func_80161450.h: In function `func_80161450':
In file included from src/ov_SC07_010/ov_SC07_010_jr_8015C32C.c:3778:
src/ov_SC07_010/../shared/ov/func_80161450.h:6: warning: passing arg 1 of `func_80161774' makes integer from pointer without a cast
src/ov_SC07_010/../shared/ov/func_80161488.h: In function `func_80161488':
In file included from src/ov_SC07_010/ov_SC07_010_jr_8015C32C.c:3781:
src/ov_SC07_010/../shared/ov/func_80161488.h:9: warning: passing arg 1 of `func_80161774' makes integer from pointer without a cast
src/ov_SC07_010/../shared/ov/func_801614E4.h: In function `func_801614E4':
In file included from src/ov_SC07_010/ov_SC07_010_jr_8015C32C.c:3784:
src/ov_SC07_010/../shared/ov/func_801614E4.h:6: warning: passing arg 1 of `func_80161888' makes integer from pointer without a cast
src/ov_SC07_010/../shared/ov/func_80161554.h: In function `func_80161554':
In file included from src/ov_SC07_010/ov_SC07_010_jr_8015C32C.c:3790:
src/ov_SC07_010/../shared/ov/func_80161554.h:6: warning: passing arg 1 of `func_8016163C' makes integer from pointer without a cast
src/ov_SC07_010/../shared/ov/func_8016158C.h: In function `func_8016158C':
In file included from src/ov_SC07_010/ov_SC07_010_jr_8015C32C.c:3793:
src/ov_SC07_010/../shared/ov/func_8016158C.h:6: warning: passing arg 1 of `func_80161774' makes integer from pointer without a cast
src/ov_SC07_010/../shared/ov/func_801615C4.h: In function `func_801615C4':
In file included from src/ov_SC07_010/ov_SC07_010_jr_8015C32C.c:3796:
src/ov_SC07_010/../shared/ov/func_801615C4.h:12: warning: passing arg 1 of `func_80146D90' makes integer from pointer without a cast
src/ov_SC07_010/../shared/ov/func_801615C4.h:15: warning: passing arg 1 makes integer from pointer without a cast
src/ov_SC07_010/../shared/ov/func_801615C4.h:17: warning: passing arg 1 makes integer from pointer without a cast
src/ov_SC07_010/../shared/ov/func_8016163C.h: In function `func_8016163C':
In file included from src/ov_SC07_010/ov_SC07_010_jr_8015C32C.c:3812:
src/ov_SC07_010/../shared/ov/func_8016163C.h:17: warning: passing arg 1 of `func_801599A4' makes pointer from integer without a cast
src/ov_SC07_010/../shared/ov/func_8016163C.h:18: warning: passing arg 1 of `func_80159B3C' makes pointer from integer without a cast
src/ov_SC07_010/../shared/ov/func_8016163C.h:24: warning: passing arg 1 of `func_801599A4' makes pointer from integer without a cast
src/ov_SC07_010/../shared/ov/func_8016163C.h:31: warning: passing arg 1 of `func_801599A4' makes pointer from integer without a cast
src/ov_SC07_010/../shared/ov/func_8016163C.h:32: warning: passing arg 1 of `func_80159B3C' makes pointer from integer without a cast
src/ov_SC07_010/../shared/ov/func_8016163C.h:44: warning: passing arg 1 of `func_801599A4' makes pointer from integer without a cast
src/ov_SC07_010/../shared/ov/func_8016163C.h:45: warning: passing arg 1 of `func_8015F2F0' makes pointer from integer without a cast
src/ov_SC07_010/../shared/ov/func_80161774.h: In function `func_80161774':
In file included from src/ov_SC07_010/ov_SC07_010_jr_8015C32C.c:3824:
src/ov_SC07_010/../shared/ov/func_80161774.h:22: warning: passing arg 1 of `func_801599A4' makes pointer from integer without a cast
src/ov_SC07_010/../shared/ov/func_80161774.h:44: warning: passing arg 1 of `func_801599A4' makes pointer from integer without a cast
src/ov_SC07_010/../shared/ov/func_80170374.h: In function `func_80170374':
In file included from src/ov_SC07_010/ov_SC07_010_jr_8016AE5C.c:4422:
src/ov_SC07_010/../shared/ov/func_80170374.h:11: warning: passing arg 1 of `func_8014C168' from incompatible pointer type
src/ov_SC07_010/../shared/ov/func_8017044C.h: In function `func_8017044C':
In file included from src/ov_SC07_010/ov_SC07_010_jr_8016AE5C.c:4437:
src/ov_SC07_010/../shared/ov/func_8017044C.h:14: warning: passing arg 1 of `func_80171AB0' makes integer from pointer without a cast
src/ov_SC07_010/../shared/ov/func_801705C0.h: In function `func_801705C0':
In file included from src/ov_SC07_010/ov_SC07_010_jr_8016AE5C.c:4467:
src/ov_SC07_010/../shared/ov/func_801705C0.h:8: warning: passing arg 1 makes integer from pointer without a cast
src/ov_SC07_010/../shared/ov/func_80170B48.h: In function `func_80170B48':
In file included from src/ov_SC07_010/ov_SC07_010_jr_8016AE5C.c:4561:
src/ov_SC07_010/../shared/ov/func_80170B48.h:9: warning: passing arg 1 of `func_8014706C' makes pointer from integer without a cast
src/ov_SC07_010/../shared/ov/func_80170B90.h: At top level:
In file included from src/ov_SC07_010/ov_SC07_010_jr_8016AE5C.c:4564:
src/ov_SC07_010/../shared/ov/func_80170B90.h:5: warning: type mismatch with previous external decl
src/ov_SC07_010/../shared/ov/func_80170B48.h:12: warning: previous external decl of `func_80170B90'
src/ov_SC07_010/../shared/ov/func_80170B90.h:5: warning: type mismatch with previous implicit declaration
src/ov_SC07_010/../shared/ov/func_80170B48.h:12: warning: previous implicit declaration of `func_80170B90'
src/ov_SC07_010/../shared/ov/func_80170B90.h:5: warning: `func_80170B90' was previously implicitly declared to return `int'
src/ov_SC07_010/../shared/ov/func_80170CF0.h: In function `func_80170CF0':
In file included from src/ov_SC07_010/ov_SC07_010_jr_8016AE5C.c:4595:
src/ov_SC07_010/../shared/ov/func_80170CF0.h:11: warning: passing arg 1 makes integer from pointer without a cast
src/ov_SC07_010/../shared/ov/func_80170DE0.h: In function `func_80170DE0':
In file included from src/ov_SC07_010/ov_SC07_010_jr_8016AE5C.c:4610:
src/ov_SC07_010/../shared/ov/func_80170DE0.h:11: warning: passing arg 1 makes integer from pointer without a cast
src/ov_SC07_010/../shared/ov/func_80170EAC.h: In function `func_80170EAC':
In file included from src/ov_SC07_010/ov_SC07_010_jr_8016AE5C.c:4625:
src/ov_SC07_010/../shared/ov/func_80170EAC.h:11: warning: passing arg 1 makes integer from pointer without a cast
src/ov_SC07_010/ov_SC07_010_jr_8015C32C.c: In function `func_8016216C':
src/ov_SC07_010/ov_SC07_010_jr_8015C32C.c:4114: warning: type mismatch with previous external decl
src/ov_SC07_010/ov_SC07_010_jr_8015C32C.c:4039: warning: previous external decl of `D_801A6BA8'
src/ov_SC07_010/ov_SC07_010_jr_8015C32C.c: In function `func_801621CC':
src/ov_SC07_010/ov_SC07_010_jr_8015C32C.c:4136: warning: type mismatch with previous external decl
src/ov_SC07_010/ov_SC07_010_jr_8015C32C.c:4024: warning: previous external decl of `D_80078EB0'
src/ov_SC07_010/ov_SC07_010_jr_8015C32C.c: In function `func_801622C4':
src/ov_SC07_010/ov_SC07_010_jr_8015C32C.c:4196: warning: type mismatch with previous external decl
src/ov_SC07_010/ov_SC07_010_jr_8015C32C.c:4039: warning: previous external decl of `D_801A6BA8'
src/ov_SC07_010/ov_SC07_010_jr_8015C32C.c:4203: warning: assignment from incompatible pointer type
src/ov_SC07_010/../shared/ov/func_801710DC.h: In function `func_801710DC':
In file included from src/ov_SC07_010/ov_SC07_010_jr_8016AE5C.c:4670:
src/ov_SC07_010/../shared/ov/func_801710DC.h:9: warning: passing arg 1 makes integer from pointer without a cast
src/ov_SC07_010/../shared/ov/func_801710DC.h:10: warning: passing arg 1 makes integer from pointer without a cast
src/ov_SC07_010/ov_SC07_010_jr_8015C32C.c:5687: warning: "SHB" redefined
 5687 | #define SHB(x) __asm__ __volatile__("" : "=r"(x) : "0"(x))
      | 
src/ov_SC07_010/ov_SC07_010_jr_8015C32C.c:3717: note: this is the location of the previous definition
 3717 | #define SHB(x) __asm__("" : "=r"(x) : "0"(x))
      | 
src/ov_SC07_010/ov_SC07_010_jr_8015C32C.c:5688: warning: "SHB" redefined
 5688 | #define SHB(x) __asm__("" : "=r"(x) : "0"(x))
      | 
src/ov_SC07_010/ov_SC07_010_jr_8015C32C.c:5687: note: this is the location of the previous definition
 5687 | #define SHB(x) __asm__ __volatile__("" : "=r"(x) : "0"(x))
      | 
src/ov_SC07_010/../shared/ov/func_8016345C.h: At top level:
In file included from src/ov_SC07_010/ov_SC07_010_jr_8015C32C.c:4528:
src/ov_SC07_010/../shared/ov/func_8016345C.h:5: warning: type mismatch with previous external decl
src/ov_SC07_010/ov_SC07_010_jr_8015C32C.c:4519: warning: previous external decl of `func_8016345C'
src/ov_SC07_010/../shared/ov/func_8016345C.h: In function `func_8016345C':
src/ov_SC07_010/../shared/ov/func_8016345C.h:8: warning: passing arg 6 of `func_80163534' makes pointer from integer without a cast
src/ov_SC07_010/ov_SC07_010_jr_8015C32C.c: In function `func_801634D8':
src/ov_SC07_010/ov_SC07_010_jr_8015C32C.c:4542: warning: type mismatch with previous external decl
src/ov_SC07_010/ov_SC07_010_jr_8015C32C.c:4520: warning: previous external decl of `D_801A6448'
src/ov_SC07_010/ov_SC07_010_jr_8015C32C.c: In function `func_801651B8':
src/ov_SC07_010/ov_SC07_010_jr_8015C32C.c:5056: warning: type mismatch with previous external decl
src/ov_SC07_010/ov_SC07_010_jr_8015C32C.c:5030: warning: previous external decl of `D_801A6CA0'
src/ov_SC07_010/ov_SC07_010_jr_8015C32C.c:5061: warning: assignment makes integer from pointer without a cast
src/ov_SC07_010/../shared/ov/func_80165CA0.h: In function `func_80165CA0':
In file included from src/ov_SC07_010/ov_SC07_010_jr_8015C32C.c:5355:
src/ov_SC07_010/../shared/ov/func_80165CA0.h:13: warning: assignment from incompatible pointer type
src/ov_SC07_010/../shared/ov/func_80165FA4.h: In function `func_80165FA4':
In file included from src/ov_SC07_010/ov_SC07_010_jr_8015C32C.c:5370:
src/ov_SC07_010/../shared/ov/func_80165FA4.h:11: warning: passing arg 2 of `ApplyMatrixSV' makes pointer from integer without a cast
src/ov_SC07_010/../shared/ov/func_80165FA4.h:11: warning: passing arg 3 of `ApplyMatrixSV' makes pointer from integer without a cast
src/ov_SC07_010/../shared/ov/func_80165FA4.h:12: warning: passing arg 2 of `ApplyMatrixSV' makes pointer from integer without a cast
src/ov_SC07_010/../shared/ov/func_80165FA4.h:12: warning: passing arg 3 of `ApplyMatrixSV' makes pointer from integer without a cast
src/ov_SC07_010/../shared/ov/func_80166438.h: In function `func_80166438':
In file included from src/ov_SC07_010/ov_SC07_010_jr_8015C32C.c:5412:
src/ov_SC07_010/../shared/ov/func_80166438.h:60: warning: passing arg 1 of `func_80146C3C' makes pointer from integer without a cast
src/ov_SC07_010/../shared/ov/func_801665B4.h: In function `func_801665B4':
In file included from src/ov_SC07_010/ov_SC07_010_jr_8015C32C.c:5415:
src/ov_SC07_010/../shared/ov/func_801665B4.h:8: warning: passing arg 1 of `func_80128ED8' makes integer from pointer without a cast
src/ov_SC07_010/../shared/ov/func_801665B4.h:9: warning: passing arg 1 of `func_80146C3C' makes pointer from integer without a cast
src/ov_SC07_010/ov_SC07_010_jr_8015C32C.c: At top level:
src/ov_SC07_010/ov_SC07_010_jr_8015C32C.c:6240: warning: parameter names (without types) in function declaration
src/ov_SC07_010/ov_SC07_010_jr_8015C32C.c:6257: warning: parameter names (without types) in function declaration
src/ov_SC07_010/ov_SC07_010_jr_8015C32C.c:6289: warning: parameter names (without types) in function declaration
src/ov_SC07_010/ov_SC07_010_jr_8015C32C.c:6304: warning: parameter names (without types) in function declaration
src/ov_SC07_010/ov_SC07_010_jr_8015C32C.c:6310: warning: parameter names (without types) in function declaration
src/ov_SC07_010/../shared/ov/func_80168A14.h: In function `func_80168A14':
In file included from src/ov_SC07_010/ov_SC07_010_jr_8015C32C.c:6417:
src/ov_SC07_010/../shared/ov/func_80168A14.h:11: warning: passing arg 2 of `func_80146A6C' makes pointer from integer without a cast
src/ov_SC07_010/../shared/ov/func_80169E44.h: In function `func_80169E44':
In file included from src/ov_SC07_010/ov_SC07_010_jr_8015C32C.c:6634:
src/ov_SC07_010/../shared/ov/func_80169E44.h:9: warning: passing arg 1 of `func_80128ED8' makes integer from pointer without a cast
src/ov_SC07_010/ov_SC07_010_jr_8015C32C.c: In function `func_80169FE0':
src/ov_SC07_010/ov_SC07_010_jr_8015C32C.c:6684: warning: passing arg 1 of `func_80128ED8' makes integer from pointer without a cast
  LD      build/ov_SC07_010/ov_SC07_010.elf
  OBJCOPY build/ov_SC07_010/ov_SC07_010
  TRIM    build/ov_SC07_010/ov_SC07_010 (-1 B linker end-align pad)
[ OK ] build/ov_SC07_010/ov_SC07_010
       sha1 d7b5875d60ea6224d204ca5c4a53c561fdab8200 == config/check.ov_SC07_010.sha  (BYTE-IDENTICAL)
