  CC      build/src/ov_SC05_000/ov_SC05_000_jr_8015C32C.o
src/ov_SC05_000/ov_SC05_000_jr_8015C32C.c:1544: warning: "NULL" redefined
 1544 | #define NULL 0
      | 
In file included from src/ov_SC05_000/ov_SC05_000_jr_8015C32C.c:1:
include/common.h:41: note: this is the location of the previous definition
   41 | #define NULL ((void *)0)   /* m2c emits NULL for null pointers; byte-neutral (== 0) */
      | 
src/ov_SC05_000/../shared/ov/func_8015C6AC.h: In function `func_8015C6AC':
In file included from src/ov_SC05_000/ov_SC05_000_jr_8015C32C.c:1330:
src/ov_SC05_000/../shared/ov/func_8015C6AC.h:7: warning: passing arg 1 of `func_8015C788' makes integer from pointer without a cast
src/ov_SC05_000/ov_SC05_000_jr_8015C32C.c: In function `func_8015CD20':
src/ov_SC05_000/ov_SC05_000_jr_8015C32C.c:1551: warning: type mismatch with previous external decl
src/ov_SC05_000/ov_SC05_000_jr_8015C32C.c:1243: warning: previous external decl of `D_80180928'
src/ov_SC05_000/ov_SC05_000_jr_8015C32C.c: In function `func_8015D1B8':
src/ov_SC05_000/ov_SC05_000_jr_8015C32C.c:1776: warning: passing arg 1 of `func_801725F4' from incompatible pointer type
src/ov_SC05_000/../shared/ov/func_8015D480.h: In function `func_8015D480':
In file included from src/ov_SC05_000/ov_SC05_000_jr_8015C32C.c:1831:
src/ov_SC05_000/../shared/ov/func_8015D480.h:7: warning: passing arg 1 of `func_8015D57C' makes integer from pointer without a cast
src/ov_SC05_000/../shared/ov/func_8015D57C.h: In function `func_8015D57C':
In file included from src/ov_SC05_000/ov_SC05_000_jr_8015C32C.c:1848:
src/ov_SC05_000/../shared/ov/func_8015D57C.h:12: warning: passing arg 1 of `func_801553A8' makes pointer from integer without a cast
src/ov_SC05_000/../shared/ov/func_8015D57C.h:13: warning: passing arg 1 of `func_80155440' makes pointer from integer without a cast
src/ov_SC05_000/../shared/ov/func_8015D57C.h:14: warning: passing arg 1 of `func_80146CA0' makes pointer from integer without a cast
src/ov_SC05_000/ov_SC05_000_jr_8015C32C.c:3299: warning: "SHB" redefined
 3299 | #define SHB(x) __asm__("" : "=r"(x) : "0"(x))
      | 
src/ov_SC05_000/ov_SC05_000_jr_8015C32C.c:3298: note: this is the location of the previous definition
 3298 | #define SHB(x) __asm__ __volatile__("" : "=r"(x) : "0"(x))
      | 
src/ov_SC05_000/../shared/ov/func_8015DA90.h: In function `func_8015DA90':
In file included from src/ov_SC05_000/ov_SC05_000_jr_8015C32C.c:2006:
src/ov_SC05_000/../shared/ov/func_8015DA90.h:7: warning: passing arg 1 of `func_8015DB6C' makes integer from pointer without a cast
src/ov_SC05_000/../shared/ov/func_8015DDF0.h: In function `func_8015DDF0':
In file included from src/ov_SC05_000/ov_SC05_000_jr_8015C32C.c:2084:
src/ov_SC05_000/../shared/ov/func_8015DDF0.h:7: warning: passing arg 1 of `func_8015DECC' makes integer from pointer without a cast
src/ov_SC05_000/../shared/ov/func_8015E150.h: In function `func_8015E150':
In file included from src/ov_SC05_000/ov_SC05_000_jr_8015C32C.c:2162:
src/ov_SC05_000/../shared/ov/func_8015E150.h:7: warning: passing arg 1 of `func_8015E22C' makes integer from pointer without a cast
src/ov_SC05_000/../shared/ov/func_8015E84C.h: In function `func_8015E84C':
In file included from src/ov_SC05_000/ov_SC05_000_jr_8015C32C.c:2286:
src/ov_SC05_000/../shared/ov/func_8015E84C.h:7: warning: passing arg 1 of `func_8015E95C' makes integer from pointer without a cast
src/ov_SC05_000/../shared/ov/func_8015E95C.h: In function `func_8015E95C':
In file included from src/ov_SC05_000/ov_SC05_000_jr_8015C32C.c:2303:
src/ov_SC05_000/../shared/ov/func_8015E95C.h:10: warning: passing arg 1 of `func_8015E9B8' makes pointer from integer without a cast
src/ov_SC05_000/ov_SC05_000_jr_8015C32C.c: In function `func_8015EA3C':
src/ov_SC05_000/ov_SC05_000_jr_8015C32C.c:2412: warning: passing arg 1 makes integer from pointer without a cast
src/ov_SC05_000/../shared/ov/func_8015EDA0.h: In function `func_8015EDA0':
In file included from src/ov_SC05_000/ov_SC05_000_jr_8015C32C.c:2420:
src/ov_SC05_000/../shared/ov/func_8015EDA0.h:7: warning: passing arg 1 of `func_8015EE7C' makes integer from pointer without a cast
src/ov_SC05_000/../shared/ov/func_8015EFA4.h: In function `func_8015EFA4':
In file included from src/ov_SC05_000/ov_SC05_000_jr_8015C32C.c:2492:
src/ov_SC05_000/../shared/ov/func_8015EFA4.h:7: warning: passing arg 1 of `func_8015F080' makes integer from pointer without a cast
src/ov_SC05_000/ov_SC05_000_jr_8015C32C.c: In function `func_8015F89C':
src/ov_SC05_000/ov_SC05_000_jr_8015C32C.c:2711: warning: passing arg 2 of `func_801466F0' makes integer from pointer without a cast
src/ov_SC05_000/../shared/ov/func_80160B70.h: In function `func_80160B70':
In file included from src/ov_SC05_000/ov_SC05_000_jr_8015C32C.c:3190:
src/ov_SC05_000/../shared/ov/func_80160B70.h:7: warning: passing arg 1 of `func_80160BB4' makes pointer from integer without a cast
src/ov_SC05_000/../shared/ov/func_80160F70.h: In function `func_80160F70':
In file included from src/ov_SC05_000/ov_SC05_000_jr_8015C32C.c:3251:
src/ov_SC05_000/../shared/ov/func_80160F70.h:15: warning: passing arg 1 of `func_8013767C' makes integer from pointer without a cast
src/ov_SC05_000/ov_SC05_000_jr_8015C32C.c: In function `aF80161208':
src/ov_SC05_000/ov_SC05_000_jr_8015C32C.c:3286: warning: passing arg 1 makes integer from pointer without a cast
src/ov_SC05_000/../shared/ov/func_80161278.h: In function `func_80161278':
In file included from src/ov_SC05_000/ov_SC05_000_jr_8015C32C.c:3292:
src/ov_SC05_000/../shared/ov/func_80161278.h:10: warning: passing arg 1 of `func_80161374' makes integer from pointer without a cast
src/ov_SC05_000/../shared/ov/func_801612B8.h: In function `func_801612B8':
In file included from src/ov_SC05_000/ov_SC05_000_jr_8015C32C.c:3294:
src/ov_SC05_000/../shared/ov/func_801612B8.h:11: warning: assignment makes integer from pointer without a cast
src/ov_SC05_000/../shared/ov/func_80161418.h: In function `func_80161418':
In file included from src/ov_SC05_000/ov_SC05_000_jr_8015C32C.c:3357:
src/ov_SC05_000/../shared/ov/func_80161418.h:6: warning: passing arg 1 of `func_8016163C' makes integer from pointer without a cast
src/ov_SC05_000/../shared/ov/func_80161450.h: In function `func_80161450':
In file included from src/ov_SC05_000/ov_SC05_000_jr_8015C32C.c:3359:
src/ov_SC05_000/../shared/ov/func_80161450.h:6: warning: passing arg 1 of `func_80161774' makes integer from pointer without a cast
src/ov_SC05_000/../shared/ov/func_80161488.h: In function `func_80161488':
In file included from src/ov_SC05_000/ov_SC05_000_jr_8015C32C.c:3361:
src/ov_SC05_000/../shared/ov/func_80161488.h:9: warning: passing arg 1 of `func_80161774' makes integer from pointer without a cast
src/ov_SC05_000/../shared/ov/func_801614E4.h: In function `func_801614E4':
In file included from src/ov_SC05_000/ov_SC05_000_jr_8015C32C.c:3363:
src/ov_SC05_000/../shared/ov/func_801614E4.h:6: warning: passing arg 1 of `func_80161888' makes integer from pointer without a cast
src/ov_SC05_000/../shared/ov/func_80161554.h: In function `func_80161554':
In file included from src/ov_SC05_000/ov_SC05_000_jr_8015C32C.c:3367:
src/ov_SC05_000/../shared/ov/func_80161554.h:6: warning: passing arg 1 of `func_8016163C' makes integer from pointer without a cast
src/ov_SC05_000/../shared/ov/func_8016158C.h: In function `func_8016158C':
In file included from src/ov_SC05_000/ov_SC05_000_jr_8015C32C.c:3369:
src/ov_SC05_000/../shared/ov/func_8016158C.h:6: warning: passing arg 1 of `func_80161774' makes integer from pointer without a cast
src/ov_SC05_000/../shared/ov/func_801615C4.h: In function `func_801615C4':
In file included from src/ov_SC05_000/ov_SC05_000_jr_8015C32C.c:3371:
src/ov_SC05_000/../shared/ov/func_801615C4.h:12: warning: passing arg 1 of `func_80146D90' makes integer from pointer without a cast
src/ov_SC05_000/../shared/ov/func_801615C4.h:15: warning: passing arg 1 makes integer from pointer without a cast
src/ov_SC05_000/../shared/ov/func_801615C4.h:17: warning: passing arg 1 makes integer from pointer without a cast
src/ov_SC05_000/../shared/ov/func_8016163C.h: In function `func_8016163C':
In file included from src/ov_SC05_000/ov_SC05_000_jr_8015C32C.c:3386:
src/ov_SC05_000/../shared/ov/func_8016163C.h:17: warning: passing arg 1 of `func_801599A4' makes pointer from integer without a cast
src/ov_SC05_000/../shared/ov/func_8016163C.h:18: warning: passing arg 1 of `func_80159B3C' makes pointer from integer without a cast
src/ov_SC05_000/../shared/ov/func_8016163C.h:24: warning: passing arg 1 of `func_801599A4' makes pointer from integer without a cast
src/ov_SC05_000/../shared/ov/func_8016163C.h:31: warning: passing arg 1 of `func_801599A4' makes pointer from integer without a cast
src/ov_SC05_000/../shared/ov/func_8016163C.h:32: warning: passing arg 1 of `func_80159B3C' makes pointer from integer without a cast
src/ov_SC05_000/../shared/ov/func_8016163C.h:44: warning: passing arg 1 of `func_801599A4' makes pointer from integer without a cast
src/ov_SC05_000/../shared/ov/func_8016163C.h:45: warning: passing arg 1 of `func_8015F2F0' makes pointer from integer without a cast
src/ov_SC05_000/../shared/ov/func_80161774.h: In function `func_80161774':
In file included from src/ov_SC05_000/ov_SC05_000_jr_8015C32C.c:3398:
src/ov_SC05_000/../shared/ov/func_80161774.h:22: warning: passing arg 1 of `func_801599A4' makes pointer from integer without a cast
src/ov_SC05_000/../shared/ov/func_80161774.h:44: warning: passing arg 1 of `func_801599A4' makes pointer from integer without a cast
src/ov_SC05_000/ov_SC05_000_jr_8015C32C.c: At top level:
src/ov_SC05_000/ov_SC05_000_jr_8015C32C.c:3678: warning: type mismatch with previous external decl
src/ov_SC05_000/ov_SC05_000_jr_8015C32C.c:3608: warning: previous external decl of `D_80199998'
src/ov_SC05_000/ov_SC05_000_jr_8015C32C.c:3700: warning: type mismatch with previous external decl
src/ov_SC05_000/ov_SC05_000_jr_8015C32C.c:3593: warning: previous external decl of `D_80078EB0'
src/ov_SC05_000/ov_SC05_000_jr_8015C32C.c: In function `func_801622C4':
src/ov_SC05_000/ov_SC05_000_jr_8015C32C.c:3769: warning: assignment from incompatible pointer type
src/ov_SC05_000/../shared/ov/func_8016345C.h: At top level:
In file included from src/ov_SC05_000/ov_SC05_000_jr_8015C32C.c:4066:
src/ov_SC05_000/../shared/ov/func_8016345C.h:5: warning: type mismatch with previous external decl
src/ov_SC05_000/ov_SC05_000_jr_8015C32C.c:4056: warning: previous external decl of `func_8016345C'
src/ov_SC05_000/../shared/ov/func_8016345C.h: In function `func_8016345C':
src/ov_SC05_000/../shared/ov/func_8016345C.h:8: warning: passing arg 6 of `func_80163534' makes pointer from integer without a cast
src/ov_SC05_000/ov_SC05_000_jr_8015C32C.c: At top level:
src/ov_SC05_000/ov_SC05_000_jr_8015C32C.c:4072: warning: type mismatch with previous external decl
src/ov_SC05_000/ov_SC05_000_jr_8015C32C.c:4057: warning: previous external decl of `D_80199268'
src/ov_SC05_000/ov_SC05_000_jr_8015C32C.c:4540: warning: type mismatch with previous external decl
src/ov_SC05_000/ov_SC05_000_jr_8015C32C.c:4518: warning: previous external decl of `D_80199A90'
src/ov_SC05_000/ov_SC05_000_jr_8015C32C.c: In function `func_801651B8':
src/ov_SC05_000/ov_SC05_000_jr_8015C32C.c:4548: warning: assignment makes integer from pointer without a cast
src/ov_SC05_000/../shared/ov/func_80165CA0.h: In function `func_80165CA0':
In file included from src/ov_SC05_000/ov_SC05_000_jr_8015C32C.c:4796:
src/ov_SC05_000/../shared/ov/func_80165CA0.h:13: warning: assignment from incompatible pointer type
src/ov_SC05_000/../shared/ov/func_80165FA4.h: In function `func_80165FA4':
In file included from src/ov_SC05_000/ov_SC05_000_jr_8015C32C.c:4809:
src/ov_SC05_000/../shared/ov/func_80165FA4.h:11: warning: passing arg 2 of `ApplyMatrixSV' makes pointer from integer without a cast
src/ov_SC05_000/../shared/ov/func_80165FA4.h:11: warning: passing arg 3 of `ApplyMatrixSV' makes pointer from integer without a cast
src/ov_SC05_000/../shared/ov/func_80165FA4.h:12: warning: passing arg 2 of `ApplyMatrixSV' makes pointer from integer without a cast
src/ov_SC05_000/../shared/ov/func_80165FA4.h:12: warning: passing arg 3 of `ApplyMatrixSV' makes pointer from integer without a cast
src/ov_SC05_000/../shared/ov/func_801665B4.h: In function `func_801665B4':
In file included from src/ov_SC05_000/ov_SC05_000_jr_8015C32C.c:4843:
src/ov_SC05_000/../shared/ov/func_801665B4.h:8: warning: passing arg 1 of `func_80128ED8' makes integer from pointer without a cast
src/ov_SC05_000/../shared/ov/func_8016829C.h: At top level:
In file included from src/ov_SC05_000/ov_SC05_000_jr_8015C32C.c:5627:
src/ov_SC05_000/../shared/ov/func_8016829C.h:4: warning: prototype for `func_80166994' follows
src/ov_SC05_000/ov_SC05_000_jr_8015C32C.c:5001: warning: non-prototype definition here
src/ov_SC05_000/../shared/ov/func_80168A14.h: In function `func_80168A14':
In file included from src/ov_SC05_000/ov_SC05_000_jr_8015C32C.c:5767:
src/ov_SC05_000/../shared/ov/func_80168A14.h:11: warning: passing arg 2 of `func_80146A6C' makes pointer from integer without a cast
src/ov_SC05_000/../shared/ov/func_80169E44.h: In function `func_80169E44':
In file included from src/ov_SC05_000/ov_SC05_000_jr_8015C32C.c:5937:
src/ov_SC05_000/../shared/ov/func_80169E44.h:9: warning: passing arg 1 of `func_80128ED8' makes integer from pointer without a cast
src/ov_SC05_000/../shared/ov/func_80169FE0.h: In function `func_80169FE0':
In file included from src/ov_SC05_000/ov_SC05_000_jr_8015C32C.c:5981:
src/ov_SC05_000/../shared/ov/func_80169FE0.h:6: warning: passing arg 1 of `func_80128ED8' makes integer from pointer without a cast
  LD      build/ov_SC05_000/ov_SC05_000.elf
  OBJCOPY build/ov_SC05_000/ov_SC05_000
  TRIM    build/ov_SC05_000/ov_SC05_000 (-1 B linker end-align pad)
[ OK ] build/ov_SC05_000/ov_SC05_000
       sha1 93acb876a4689070be436c47b3ab7f19c9c22c3a == config/check.ov_SC05_000.sha  (BYTE-IDENTICAL)
