  CC      build/src/ov_SC03_092/ov_SC03_092_jr_8017AE2C.o
src/ov_SC03_092/ov_SC03_092_jr_8017AE2C.c:1801: warning: conflicting types for built-in function `memcpy'
src/ov_SC03_092/ov_SC03_092_jr_8017AE2C.c: In function `func_8017B368':
src/ov_SC03_092/ov_SC03_092_jr_8017AE2C.c:3090: warning: type mismatch with previous external decl
src/ov_SC03_092/ov_SC03_092_jr_8017AE2C.c:3041: warning: previous external decl of `D_80188640'
src/ov_SC03_092/ov_SC03_092_jr_8017AE2C.c: In function `func_8017B490':
src/ov_SC03_092/ov_SC03_092_jr_8017AE2C.c:3126: warning: type mismatch with previous external decl
src/ov_SC03_092/ov_SC03_092_jr_8017AE2C.c:3041: warning: previous external decl of `D_80188640'
src/ov_SC03_092/ov_SC03_092_jr_8017AE2C.c: At top level:
src/ov_SC03_092/ov_SC03_092_jr_8017AE2C.c:3403: warning: type mismatch with previous external decl
src/ov_SC03_092/ov_SC03_092_jr_8017AE2C.c:3086: warning: previous external decl of `D_801B2DEC'
src/ov_SC03_092/ov_SC03_092_jr_8017AE2C.c:3404: warning: type mismatch with previous external decl
src/ov_SC03_092/ov_SC03_092_jr_8017AE2C.c:3087: warning: previous external decl of `D_801B2DF4'
src/ov_SC03_092/ov_SC03_092_jr_8017AE2C.c:3587: warning: type mismatch with previous external decl
src/ov_SC03_092/ov_SC03_092_jr_8017AE2C.c:3040: warning: previous external decl of `func_8017BE60'
src/ov_SC03_092/ov_SC03_092_jr_8017AE2C.c: In function `func_8017E2FC':
src/ov_SC03_092/ov_SC03_092_jr_8017AE2C.c:4684: warning: passing arg 1 makes integer from pointer without a cast
src/ov_SC03_092/ov_SC03_092_jr_8017AE2C.c:4684: warning: passing arg 2 makes integer from pointer without a cast
src/ov_SC03_092/ov_SC03_092_jr_8017AE2C.c: In function `func_8017F0A8':
src/ov_SC03_092/ov_SC03_092_jr_8017AE2C.c:5115: warning: type mismatch with previous external decl
src/ov_SC03_092/ov_SC03_092_jr_8017AE2C.c:3020: warning: previous external decl of `D_80126B62'
src/ov_SC03_092/ov_SC03_092_jr_8017AE2C.c: At top level:
src/ov_SC03_092/ov_SC03_092_jr_8017AE2C.c:5183: warning: type mismatch with previous external decl
src/ov_SC03_092/ov_SC03_092_jr_8017AE2C.c:5160: warning: previous external decl of `func_8017F214'
src/ov_SC03_092/ov_SC03_092_jr_8017AE2C.c:5183: warning: type mismatch with previous implicit declaration
src/ov_SC03_092/ov_SC03_092_jr_8017AE2C.c:5160: warning: previous implicit declaration of `func_8017F214'
src/ov_SC03_092/ov_SC03_092_jr_8017AE2C.c:5183: warning: `func_8017F214' was previously implicitly declared to return `int'
src/ov_SC03_092/ov_SC03_092_jr_8017AE2C.c: In function `func_8017F544':
src/ov_SC03_092/ov_SC03_092_jr_8017AE2C.c:5335: warning: passing arg 1 of `func_8017F29C' makes pointer from integer without a cast
src/ov_SC03_092/ov_SC03_092_jr_8017AE2C.c: In function `func_8017F5B8':
src/ov_SC03_092/ov_SC03_092_jr_8017AE2C.c:5350: warning: passing arg 1 of `func_8017F29C' makes pointer from integer without a cast
src/ov_SC03_092/ov_SC03_092_jr_8017AE2C.c: In function `func_8017FC44':
src/ov_SC03_092/ov_SC03_092_jr_8017AE2C.c:5680: warning: type mismatch with previous external decl
src/ov_SC03_092/ov_SC03_092_jr_8017AE2C.c:5585: warning: previous external decl of `D_80189380'
  LD      build/ov_SC03_092/ov_SC03_092.elf
  OBJCOPY build/ov_SC03_092/ov_SC03_092
  TRIM    build/ov_SC03_092/ov_SC03_092 (-1 B linker end-align pad)
[ OK ] build/ov_SC03_092/ov_SC03_092
       sha1 814fe6d2d4512bf102c402d282849bf5a7e3f927 == config/check.ov_SC03_092.sha  (BYTE-IDENTICAL)
