  CC      build/src/ov_SC04_008/ov_SC04_008_jr_8015C32C.o
  CC      build/src/ov_SC04_008/ov_SC04_008_jr_8013C98C.o
  CC      build/src/ov_SC04_008/ov_SC04_008_jr_8012ACE0.o
  CC      build/src/ov_SC04_008/ov_SC04_008_jr_80135D20.o
  CC      build/src/ov_SC04_008/ov_SC04_008_after.o
  CC      build/src/ov_SC04_008/ov_SC04_008_jr_8015AE2C.o
  CC      build/src/ov_SC04_008/ov_SC04_008_jr_8013F350.o
  CC      build/src/ov_SC04_008/ov_SC04_008_jr_801734BC.o
  CC      build/src/ov_SC04_008/ov_SC04_008_jr_801380E0.o
  CC      build/src/ov_SC04_008/ov_SC04_008_jr_80140608.o
src/ov_SC04_008/ov_SC04_008_jr_8015C32C.c:1546: warning: "NULL" redefined
 1546 | #define NULL 0
      | 
In file included from src/ov_SC04_008/ov_SC04_008_jr_8015C32C.c:1:
include/common.h:41: note: this is the location of the previous definition
   41 | #define NULL ((void *)0)   /* m2c emits NULL for null pointers; byte-neutral (== 0) */
      | 
src/ov_SC04_008/ov_SC04_008_jr_80135D20.c:576: warning: conflicting types for built-in function `memcpy'
src/ov_SC04_008/ov_SC04_008_jr_8013C98C.c: In function `func_8013C9C4':
src/ov_SC04_008/ov_SC04_008_jr_8013C98C.c:802: warning: assignment makes integer from pointer without a cast
src/ov_SC04_008/../shared/ov/func_8015C6AC.h: In function `func_8015C6AC':
In file included from src/ov_SC04_008/ov_SC04_008_jr_8015C32C.c:1332:
src/ov_SC04_008/../shared/ov/func_8015C6AC.h:7: warning: passing arg 1 of `func_8015C788' makes integer from pointer without a cast
src/ov_SC04_008/../shared/ov/func_80145B24.h: In function `func_80145B24':
In file included from src/ov_SC04_008/ov_SC04_008_after.c:111:
src/ov_SC04_008/../shared/ov/func_80145B24.h:18: warning: assignment from incompatible pointer type
src/ov_SC04_008/ov_SC04_008_after.c: At top level:
src/ov_SC04_008/ov_SC04_008_after.c:140: warning: type mismatch with previous external decl
src/ov_SC04_008/../shared/ov/func_80145CEC__05c7cfc4.h:17: warning: previous external decl of `func_80145EE8'
src/ov_SC04_008/../shared/ov/func_8015CD20__e74c4394.h: In function `func_8015CD20':
In file included from src/ov_SC04_008/ov_SC04_008_jr_8015C32C.c:1552:
src/ov_SC04_008/../shared/ov/func_8015CD20__e74c4394.h:4: warning: type mismatch with previous external decl
src/ov_SC04_008/ov_SC04_008_jr_8015C32C.c:1245: warning: previous external decl of `D_80181160'
src/ov_SC04_008/ov_SC04_008_jr_80135D20.c: In function `func_80136A94':
src/ov_SC04_008/ov_SC04_008_jr_80135D20.c:987: warning: type mismatch with previous external decl
src/ov_SC04_008/ov_SC04_008_jr_80135D20.c:772: warning: previous external decl of `D_80126722'
In file included from src/ov_SC04_008/ov_SC04_008_after.c:227:
src/ov_SC04_008/../shared/ov/func_80146128.h:4: warning: type mismatch with previous external decl
src/ov_SC04_008/../shared/ov/func_80145CEC__05c7cfc4.h:27: warning: previous external decl of `D_80126B78'
src/ov_SC04_008/../shared/ov/func_80146128.h:16: warning: type mismatch with previous external decl
src/ov_SC04_008/../shared/ov/func_80145CEC__05c7cfc4.h:8: warning: previous external decl of `func_80147098'
src/ov_SC04_008/../shared/ov/func_8013FAF8__42ccc35f.h: In function `func_8013FAF8':
In file included from src/ov_SC04_008/ov_SC04_008_jr_8013F350.c:1254:
src/ov_SC04_008/../shared/ov/func_8013FAF8__42ccc35f.h:50: warning: passing arg 1 of `func_80024054' makes pointer from integer without a cast
src/ov_SC04_008/../shared/ov/func_8013FAF8__42ccc35f.h:66: warning: passing arg 1 of `func_80024054' makes pointer from integer without a cast
src/ov_SC04_008/../shared/ov/func_8013FAF8__42ccc35f.h:91: warning: passing arg 1 of `func_80137D08' makes integer from pointer without a cast
src/ov_SC04_008/../shared/ov/func_8013FAF8__42ccc35f.h:91: warning: passing arg 2 of `func_80137D08' makes integer from pointer without a cast
src/ov_SC04_008/../shared/ov/func_8013FAF8__42ccc35f.h:91: warning: assignment makes pointer from integer without a cast
src/ov_SC04_008/../shared/ov/func_8013FAF8__42ccc35f.h:94: warning: passing arg 1 of `func_8013AB54' makes integer from pointer without a cast
src/ov_SC04_008/../shared/ov/func_8013FAF8__42ccc35f.h:94: warning: passing arg 2 of `func_8013AB54' makes integer from pointer without a cast
src/ov_SC04_008/../shared/ov/func_8013FAF8__42ccc35f.h:94: warning: src/ov_SC04_008/ov_SC04_008_jr_801734BC.c:1533: assignment makes pointer from integer without a castwarning: 
conflicting types for built-in function `memcpy'
src/ov_SC04_008/ov_SC04_008_jr_8015C32C.c: In function `func_8015D1B8':
src/ov_SC04_008/ov_SC04_008_jr_8015C32C.c:1716: warning: passing arg 1 of `func_801725F4' from incompatible pointer type
src/ov_SC04_008/../shared/ov/func_801372B0.h: At top level:
In file included from src/ov_SC04_008/ov_SC04_008_jr_80135D20.c:1067:
src/ov_SC04_008/../shared/ov/func_801372B0.h:3: warning: type mismatch with previous external decl
src/ov_SC04_008/ov_SC04_008_jr_80135D20.c:985: warning: previous external decl of `ApplyMatrixSV'
src/ov_SC04_008/../shared/ov/func_801387B8.h: In function `func_801387B8':
In file included from src/ov_SC04_008/ov_SC04_008_jr_801380E0.c:1018:
src/ov_SC04_008/../shared/ov/func_801387B8.h:5: warning: type mismatch with previous external decl
src/ov_SC04_008/ov_SC04_008_jr_801380E0.c:717: warning: previous external decl of `func_80139220'
src/ov_SC04_008/../shared/ov/func_801387B8.h:29: warning: passing arg 1 of `func_80138DE0' makes pointer from integer without a cast
src/ov_SC04_008/ov_SC04_008_jr_801734BC.c:2344: warning: type mismatch with previous external decl
src/ov_SC04_008/ov_SC04_008_jr_801734BC.c:2321: warning: previous external decl of `func_80173544'
In file included from src/ov_SC04_008/ov_SC04_008_after.c:278:
src/ov_SC04_008/../shared/ov/func_801468C8.h:5: warning: type mismatch with previous external decl
src/ov_SC04_008/../shared/ov/func_80145CEC__05c7cfc4.h:16: warning: previous external decl of `func_801468C8'
src/ov_SC04_008/../shared/ov/func_8015D480.h: In function `func_8015D480':
In file included from src/ov_SC04_008/ov_SC04_008_jr_8015C32C.c:1771:
src/ov_SC04_008/../shared/ov/func_8015D480.h:7: warning: passing arg 1 of `func_8015D57C' makes integer from pointer without a cast
src/ov_SC04_008/../shared/ov/func_8013E4B4.h: In function `func_8013E4B4':
In file included from src/ov_SC04_008/ov_SC04_008_jr_8013C98C.c:1787:
src/ov_SC04_008/../shared/ov/func_8013E4B4.h:14: warning: passing arg 1 of `func_8012C750' makes integer from pointer without a cast
src/ov_SC04_008/../shared/ov/func_8015D57C.h: In function `func_8015D57C':
In file included from src/ov_SC04_008/ov_SC04_008_jr_8015C32C.c:1788:
src/ov_SC04_008/../shared/ov/func_8015D57C.h:12: warning: passing arg 1 of `func_801553A8' makes pointer from integer without a cast
src/ov_SC04_008/../shared/ov/func_8015D57C.h:13: warning: passing arg 1 of `func_80155440' makes pointer from integer without a cast
src/ov_SC04_008/../shared/ov/func_8015D57C.h:14: warning: passing arg 1 of `func_80146CA0' makes pointer from integer without a cast
src/ov_SC04_008/../shared/ov/func_80138AB4.h: At top level:
In file included from src/ov_SC04_008/ov_SC04_008_jr_801380E0.c:1024:
src/ov_SC04_008/../shared/ov/func_80138AB4.h:7: warning: type mismatch with previous external decl
src/ov_SC04_008/ov_SC04_008_jr_801380E0.c:712: warning: previous external decl of `func_80138AB4'
src/ov_SC04_008/../shared/ov/func_80138AB4.h: In function `func_80138AB4':
src/ov_SC04_008/../shared/ov/func_80138AB4.h:18: warning: passing arg 1 of `func_80138DE0' makes pointer from integer without a cast
src/ov_SC04_008/ov_SC04_008_jr_801380E0.c: At top level:
src/ov_SC04_008/ov_SC04_008_jr_801380E0.c:1049: warning: type mismatch with previous external decl
src/ov_SC04_008/ov_SC04_008_jr_801380E0.c:713: warning: previous external decl of `func_80138C60'
In file included from src/ov_SC04_008/ov_SC04_008_after.c:349:
src/ov_SC04_008/../shared/ov/func_80146C3C.h:3: warning: type mismatch with previous external decl
src/ov_SC04_008/../shared/ov/func_80145CEC__05c7cfc4.h:4: warning: previous external decl of `func_80016714'
src/ov_SC04_008/../shared/ov/func_80173A60.h: In function `func_80173A60':
In file included from src/ov_SC04_008/ov_SC04_008_jr_801734BC.c:2415:
src/ov_SC04_008/../shared/ov/func_80173A60.h:24: warning: passing arg 2 of `__builtin_memcpy' makes pointer from integer without a cast
src/ov_SC04_008/ov_SC04_008_jr_8015C32C.c:2961: warning: "SHB" redefined
 2961 | #define SHB(x) __asm__("" : "=r"(x) : "0"(x))
      | 
src/ov_SC04_008/ov_SC04_008_jr_8015C32C.c:2960: note: this is the location of the previous definition
 2960 | #define SHB(x) __asm__ __volatile__("" : "=r"(x) : "0"(x))
      | 
In file included from src/ov_SC04_008/ov_SC04_008_jr_801380E0.c:1089:
src/ov_SC04_008/../shared/ov/func_80138D58.h:4: warning: type mismatch with previous external decl
src/ov_SC04_008/ov_SC04_008_jr_801380E0.c:714: warning: previous external decl of `func_80138D58'
src/ov_SC04_008/../shared/ov/func_80173BC0.h: In function `func_80173BC0':
In file includedsrc/ov_SC04_008/../shared/ov/func_8013EA54.h:  from src/ov_SC04_008/ov_SC04_008_jr_801734BC.c:2428At top level:
:
In file includedsrc/ov_SC04_008/../shared/ov/func_80173BC0.h:20:  from src/ov_SC04_008/ov_SC04_008_jr_8013C98C.c:1985warning: :
passing arg 1 of `func_80171A34' from incompatible pointer typesrc/ov_SC04_008/../shared/ov/func_8013EA54.h:7: 
warning: prototype for `func_8013E958' follows
src/ov_SC04_008/ov_SC04_008_jr_8013C98C.c:1949: warning: non-prototype definition here
src/ov_SC04_008/../shared/ov/func_8013EA54.h:15: warning: type mismatch with previous external decl
src/ov_SC04_008/ov_SC04_008_jr_8013C98C.c:1891: warning: previous external decl of `D_80115130'
src/ov_SC04_008/../shared/ov/func_80146D90.h: In function `func_80146D90':
In file included from src/ov_SC04_008/ov_SC04_008_after.c:363:
src/ov_SC04_008/../shared/ov/func_80146D90.h:6: warning: passing arg 1 of `func_80146DE8' makes pointer from integer without a cast
src/ov_SC04_008/ov_SC04_008_jr_8013C98C.c:2009: warning: type mismatch with previous external decl
src/ov_SC04_008/ov_SC04_008_jr_8013C98C.c:1889: warning: previous external decl of `D_80115128'
src/ov_SC04_008/../shared/ov/func_80147060.h: In function `func_80147060':
In file included from src/ov_SC04_008/ov_SC04_008_after.c:385:
src/ov_SC04_008/../shared/ov/func_80147060.h:7: warning: `return' with a value, in function returning void
src/ov_SC04_008/../shared/ov/func_80140D68.h: In function `func_80140D68':
In file included from src/ov_SC04_008/ov_SC04_008_jr_80140608.c:1101:
src/ov_SC04_008/../shared/ov/func_80140D68.h:18: warning: type mismatch with previous external decl
src/ov_SC04_008/../shared/ov/func_80140958__e2790db1.h:20: warning: previous external decl of `D_800AE7BC'
src/ov_SC04_008/../shared/ov/func_8015DA90.h: In function `func_8015DA90':
In file included from src/ov_SC04_008/ov_SC04_008_jr_8015C32C.c:1880:
src/ov_SC04_008/../shared/ov/func_8015DA90.h:7: warning: passing arg 1 of `func_8015DB6C' makes integer from pointer without a cast
In file included from src/ov_SC04_008/ov_SC04_008_jr_801380E0.c:1099:
src/ov_SC04_008/../shared/ov/func_8013914C.h:3: warning: type mismatch with previous external decl
src/ov_SC04_008/ov_SC04_008_jr_801380E0.c:717: warning: previous external decl of `func_80139220'src/ov_SC04_008/../shared/ov/func_80147084.h: 
At top level:
In file included from src/ov_SC04_008/ov_SC04_008_after.c:391:
src/ov_SC04_008/../shared/ov/func_80147084.h:3: warning: type mismatch with previous external decl
src/ov_SC04_008/../shared/ov/func_80145CEC__05c7cfc4.h:7: warning: previous external decl of `func_80147084'
In file included from src/ov_SC04_008/ov_SC04_008_after.c:399:
src/ov_SC04_008/../shared/ov/func_801470AC.h:3: warning: type mismatch with previous external decl
src/ov_SC04_008/../shared/ov/func_80145CEC__05c7cfc4.h:9: warning: previous external decl of `func_801470AC'
src/ov_SC04_008/ov_SC04_008_jr_8013C98C.c:2105: warning: type mismatch with previous external decl
src/ov_SC04_008/ov_SC04_008_jr_8013C98C.c:1951: warning: previous external decl of `func_800D0488'
In file included from src/ov_SC04_008/ov_SC04_008_jr_801380E0.c:1101:
src/ov_SC04_008/../shared/ov/func_801391F0.h:5: warning: type mismatch with previous external decl
src/ov_SC04_008/ov_SC04_008_jr_801380E0.c:716: warning: previous external decl of `func_801391F0'
src/ov_SC04_008/../shared/ov/func_8015BF48.h: In function `func_8015BF48':
In file included from src/ov_SC04_008/ov_SC04_008_jr_8015AE2C.c:1794:
src/ov_SC04_008/../shared/ov/func_8015BF48.h:7: warning: passing arg 1 of `func_8015C0C4' makes integer from pointer without a cast
src/ov_SC04_008/../shared/ov/func_801743F0.h: In function `func_801743F0':
In file included from src/ov_SC04_008/ov_SC04_008_jr_801734BC.c:2478:
src/ov_SC04_008/../shared/ov/func_801743F0.h:8: warning: passing arg 1 of `func_80172658' from incompatible pointer type
src/ov_SC04_008/../shared/ov/func_8015DDF0.h: In function `func_8015DDF0':
In file included from src/ov_SC04_008/ov_SC04_008_jr_8015C32C.c:1958:
src/ov_SC04_008/../shared/ov/func_8015DDF0.h:7: warning: passing arg 1 of `func_8015DECC' makes integer from pointer without a cast
src/ov_SC04_008/../shared/ov/func_8012D098.h: In function `func_8012D098':
In file included from src/ov_SC04_008/ov_SC04_008_jr_8012ACE0.c:454:
src/ov_SC04_008/../shared/ov/func_8012D098.h:26: warning: passing arg 1 of `func_8012F214' makes integer from pointer without a cast
src/ov_SC04_008/../shared/ov/func_8012D098.h:26: warning: passing arg 2 of `func_8012F214' makes integer from pointer without a cast
src/ov_SC04_008/../shared/ov/func_8012D098.h:26: warning: passing arg 3 of `func_8012F214' makes integer from pointer without a cast
src/ov_SC04_008/../shared/ov/func_8012D098.h:30: warning: passing arg 1 of `func_8012F214' makes integer from pointer without a cast
src/ov_SC04_008/../shared/ov/func_8012D098.h:30: warning: passing arg 2 of `func_8012F214' makes integer from pointer without a cast
src/ov_SC04_008/../shared/ov/func_8012D098.h:30: warning: passing arg 3 of `func_8012F214' makes integer from pointer without a cast
src/ov_SC04_008/../shared/ov/func_8012D098.h:34: warning: passing arg 1 of `func_8012F214' makes integer from pointer without a cast
src/ov_SC04_008/../shared/ov/func_8012D098.h:34: warning: passing arg 2 of `func_8012F214' makes integer from pointer without a cast
src/ov_SC04_008/../shared/ov/func_8012D098.h:34: warning: passing arg 3 of `func_8012F214' makes integer from pointer without a cast
src/ov_SC04_008/../shared/ov/func_8012D098.h:38: warning: passing arg 1 of `func_8012F214' makes integer from pointer without a cast
src/ov_SC04_008/../shared/ov/func_8012D098.h:38: warning: passing arg 2 of `func_8012F214' makes integer from pointer without a cast
src/ov_SC04_008/../shared/ov/func_8012D098.h:38: warning: passing arg 3 of `func_8012F214' makes integer from pointer without a cast
src/ov_SC04_008/../shared/ov/func_8012D098.h:42: warning: passing arg 1 of `func_8012F214' makes integer from pointer without a cast
src/ov_SC04_008/../shared/ov/func_8012D098.h:42: warning: passing arg 2 of `func_8012F214' makes integer from pointer without a cast
src/ov_SC04_008/../shared/ov/func_8012D098.h:42: warning: passing arg 3 of `func_8012F214' makes integer from pointer without a cast
src/ov_SC04_008/../shared/ov/func_8012D098.h:46: warning: passing arg 1 of `func_8012F214' makes integer from pointer without a cast
src/ov_SC04_008/../shared/ov/func_8012D098.h:46: warning: passing arg 2 of `func_8012F214' makes integer from pointer without a cast
src/ov_SC04_008/../shared/ov/func_8012D098.h:46: warning: passing arg 3 of `func_8012F214' makes integer from pointer without a cast
src/ov_SC04_008/../shared/ov/func_8012D098.h:50: warning: passing arg 1 of `func_8012F214' makes integer from pointer without a cast
src/ov_SC04_008/../shared/ov/func_8012D098.h:50: warning: passing arg 2 of `func_8012F214' makes integer from pointer without a cast
src/ov_SC04_008/../shared/ov/func_8012D098.h:50: warning: passing arg 3 of `func_8012F214' makes integer from pointer without a cast
src/ov_SC04_008/../shared/ov/func_8012D098.h:54: warning: passing arg 1 of `func_8012F214' makes integer from pointer without a cast
src/ov_SC04_008/../shared/ov/func_8012D098.h:54: warning: passing arg 2 of `func_8012F214' makes integer from pointer without a cast
src/ov_SC04_008/../shared/ov/func_8012D098.h:54: warning: passing arg 3 of `func_8012F214' makes integer from pointer without a cast
src/ov_SC04_008/../shared/ov/func_8012D098.h:55: warning: passing arg 1 of `func_8012D3B4' makes integer from pointer without a cast
src/ov_SC04_008/../shared/ov/func_8012D098.h:55: warning: passing arg 2 of `func_8012D3B4' makes integer from pointer without a cast
src/ov_SC04_008/../shared/ov/func_8012D098.h:56: warning: passing arg 1 of `func_8012D3B4' makes integer from pointer without a cast
src/ov_SC04_008/../shared/ov/func_8012D098.h:56: warning: passing arg 2 of `func_8012D3B4' makes integer from pointer without a cast
src/ov_SC04_008/../shared/ov/func_8012D098.h:57: warning: passing arg 1 of `func_8012D3B4' makes integer from pointer without a cast
src/ov_SC04_008/../shared/ov/func_8012D098.h:57: warning: passing arg 2 of `func_8012D3B4' makes integer from pointer without a cast
src/ov_SC04_008/../shared/ov/func_8012D098.h:58: warning: passing arg 1 of `func_8012D3B4' makes integer from pointer without a cast
src/ov_SC04_008/../shared/ov/func_8012D098.h:58: warning: passing arg 2 of `func_8012D3B4' makes integer from pointer without a cast
src/ov_SC04_008/../shared/ov/func_8012D098.h:59: warning: passing arg 1 of `func_8012D3B4' makes integer from pointer without a cast
src/ov_SC04_008/../shared/ov/func_8012D098.h:59: warning: passing arg 2 of `func_8012D3B4' makes integer from pointer without a cast
src/ov_SC04_008/../shared/ov/func_8012D098.h:60: warning: passing arg 1 of `func_8012D3B4' makes integer from pointer without a cast
src/ov_SC04_008/../shared/ov/func_8012D098.h:60: warning: passing arg 2 of `func_8012D3B4' makes integer from pointer without a cast
src/ov_SC04_008/../shared/ov/func_8012D098.h:61: warning: passing arg 1 of `func_8012D3B4' makes integer from pointer without a cast
src/ov_SC04_008/../shared/ov/func_8012D098.h:61: warning: passing arg 2 of `func_8012D3B4' makes integer from pointer without a cast
src/ov_SC04_008/../shared/ov/func_8012D098.h:62: warning: passing arg 1 of `func_8012D3B4' makes integer from pointer without a cast
src/ov_SC04_008/../shared/ov/func_8012D098.h:62: warning: passing arg 2 of `func_8012D3B4' makes integer from pointer without a cast
src/ov_SC04_008/../shared/ov/func_8012D098.h:63: warning: passing arg 1 of `func_8012D3B4' makes integer from pointer without a cast
src/ov_SC04_008/../shared/ov/func_8012D098.h:63: warning: passing arg 2 of `func_8012D3B4' makes integer from pointer without a cast
src/ov_SC04_008/../shared/ov/func_8012D098.h:64: warning: passing arg 1 of `func_8012D3B4' makes integer from pointer without a cast
src/ov_SC04_008/../shared/ov/func_8012D098.h:64: warning: passing arg 2 of `func_8012D3B4' makes integer from pointer without a cast
src/ov_SC04_008/../shared/ov/func_8012D098.h:65: warning: passing arg 1 of `func_8012D3B4' makes integer from pointer without a cast
src/ov_SC04_008/../shared/ov/func_8012D098.h:65: warning: passing arg 2 of `func_8012D3B4' makes integer from pointer without a cast
src/ov_SC04_008/../shared/ov/func_8012D098.h:66: warning: passing arg 1 of `func_8012D3B4' makes integer from pointer without a cast
src/ov_SC04_008/../shared/ov/func_8012D098.h:66: warning: passing arg 2 of `func_8012D3B4' makes integer from pointer without a cast
src/ov_SC04_008/../shared/ov/func_8015C128__d3ab6b0e.h: In function `func_8015C128':
In file included from src/ov_SC04_008/ov_SC04_008_jr_8015AE2C.c:1829:
src/ov_SC04_008/../shared/ov/func_8015C128__d3ab6b0e.h:5: warning: type mismatch with previous external decl
src/ov_SC04_008/ov_SC04_008_jr_8015AE2C.c:1246: warning: previous external decl of `D_80181160'
src/ov_SC04_008/../shared/ov/func_80139680.h: In function `func_80139680':
In file included from src/ov_SC04_008/ov_SC04_008_jr_801380E0.c:1113:
src/ov_SC04_008/../shared/ov/func_80139680.h:39: warning: passing arg 2 of `func_80052460' makes integer from pointer without a cast
In file included from src/ov_SC04_008/ov_SC04_008_after.c:415:
src/ov_SC04_008/../shared/ov/func_801472DC.h:3: warning: type mismatch with previous external decl
src/ov_SC04_008/../shared/ov/func_80145CEC__05c7cfc4.h:44: warning: previous external decl of `D_8012707C'
src/ov_SC04_008/../shared/ov/func_80147324.h: In function `func_80147324':
In file included from src/ov_SC04_008/ov_SC04_008_after.c:421:
src/ov_SC04_008/../shared/ov/func_80147324.h:8: warning: comparison between pointer and integer
src/ov_SC04_008/../shared/ov/func_801412A8.h: In function `aF801412A8':
In file included from src/ov_SC04_008/ov_SC04_008_jr_80140608.c:1217:
src/ov_SC04_008/../shared/ov/func_801412A8.h:5: warning: type mismatch with previous external decl
src/ov_SC04_008/../shared/ov/func_80140958__e2790db1.h:20: warning: previous external decl of `D_800AE7BC'
src/ov_SC04_008/../shared/ov/func_80139788.h: At top level:
In file included from src/ov_SC04_008/ov_SC04_008_jr_801380E0.c:1115:
src/ov_SC04_008/../shared/ov/func_80139788.h:3: warning: src/ov_SC04_008/../shared/ov/func_8012D38C.h: type mismatch with previous external declIn function `func_8012D38C':

In file includedsrc/ov_SC04_008/ov_SC04_008_jr_801380E0.c:707:  from src/ov_SC04_008/ov_SC04_008_jr_8012ACE0.c:456warning: :
previous external decl of `src/ov_SC04_008/../shared/ov/func_8012D38C.h:5: func_8001931Cwarning: 'passing arg 1 of `func_8012D098' makes pointer from integer without a cast

src/ov_SC04_008/../shared/ov/func_80139788.h:5: warning: type mismatch with previous external decl
src/ov_SC04_008/ov_SC04_008_jr_801380E0.c:718: warning: previous external decl of `func_80139788'
src/ov_SC04_008/../shared/ov/func_8012D3B4.h: At top level:
In file included from src/ov_SC04_008/ov_SC04_008_jr_8012ACE0.c:460:
src/ov_SC04_008/../shared/ov/func_8012D3B4.h:4: warning: type mismatch with previous external decl
src/ov_SC04_008/../shared/ov/func_8012CFA8.h:6: warning: previous external decl of `RotTransPers'
src/ov_SC04_008/../shared/ov/func_8012D3B4.h: In function `func_8012D3B4':
src/ov_SC04_008/../shared/ov/func_8012D3B4.h:22: warning: passing arg 2 of `RotTransPers' makes integer from pointer without a cast
src/ov_SC04_008/../shared/ov/func_8012D3B4.h:23: warning: passing arg 2 of `RotTransPers' makes integer from pointer without a cast
src/ov_SC04_008/../shared/ov/func_8012D4B4.h: In function `func_8012D4B4':
In file included from src/ov_SC04_008/ov_SC04_008_jr_8012ACE0.c:462:
src/ov_SC04_008/../shared/ov/func_8012D4B4.h:27: warning: passing arg 2 of `RotTransPers' makes integer from pointer without a cast
src/ov_SC04_008/../shared/ov/func_8012D4B4.h:29: warning: passing arg 2 of `RotTransPers' makes integer from pointer without a cast
src/ov_SC04_008/../shared/ov/func_8015E150.h: In function `func_8015E150':
In file included from src/ov_SC04_008/ov_SC04_008_jr_8015C32C.c:2036:
src/ov_SC04_008/../shared/ov/func_8015E150.h:7: warning: passing arg 1 of `func_8015E22C' makes integer from pointer without a cast
src/ov_SC04_008/../shared/ov/func_80139914.h: In function `func_80139914':
In file included from src/ov_SC04_008/ov_SC04_008_jr_801380E0.c:1186:
src/ov_SC04_008/../shared/ov/func_80139914.h:12: warning: passing arg 1 of `func_8013A8B0' makes pointer from integer without a cast
src/ov_SC04_008/ov_SC04_008_jr_8012ACE0.c: At top level:
src/ov_SC04_008/ov_SC04_008_jr_8012ACE0.c:501: warning: type mismatch with previous external decl
src/ov_SC04_008/ov_SC04_008_jr_8012ACE0.c:476: warning: previous external decl of `func_8012F568'
src/ov_SC04_008/ov_SC04_008_jr_8012ACE0.c: In function `func_8012DB84':
src/ov_SC04_008/ov_SC04_008_jr_8012ACE0.c:509: warning: passing arg 5 of `func_8012F568' makes integer from pointer without a cast
src/ov_SC04_008/ov_SC04_008_jr_8012ACE0.c:509: warning: passing arg 6 of `func_8012F568' makes integer from pointer without a cast
src/ov_SC04_008/../shared/ov/func_80139C7C.h: At top level:
In file included from src/ov_SC04_008/ov_SC04_008_jr_801380E0.c:1254:
src/ov_SC04_008/../shared/ov/func_80139C7C.h:3: warning: type mismatch with previous external decl
src/ov_SC04_008/ov_SC04_008_jr_801380E0.c:1084: warning: previous external decl of `func_80139C7C'
src/ov_SC04_008/../shared/ov/func_80139C7C.h:3: warning: type mismatch with previous implicit declaration
src/ov_SC04_008/ov_SC04_008_jr_801380E0.c:1084: warning: previous implicit declaration of `func_80139C7C'
src/ov_SC04_008/../shared/ov/func_80139C7C.h:3: warning: `func_80139C7C' was previously implicitly declared to return `int'
src/ov_SC04_008/ov_SC04_008_jr_8012ACE0.c: In function `func_8012DDA4':
src/ov_SC04_008/ov_SC04_008_jr_8012ACE0.c:533: warning: return makes integer from pointer without a cast
src/ov_SC04_008/../shared/ov/func_8015E84C.h: In function `func_8015E84C':
In file included from src/ov_SC04_008/ov_SC04_008_jr_8015C32C.c:2160:
src/ov_SC04_008/../shared/ov/func_8015E84C.h:7: warning: passing arg 1 of `func_8015E95C' makes integer from pointer without a cast
src/ov_SC04_008/../shared/ov/func_80147AD4.h: In function `func_80147AD4':
In file included from src/ov_SC04_008/ov_SC04_008_after.c:473:
src/ov_SC04_008/../shared/ov/func_80147AD4.h:8: warning: passing arg 2 of `func_80147B5C' makes pointer from integer without a cast
src/ov_SC04_008/ov_SC04_008_jr_8012ACE0.c: In function `func_8012DE2C':
src/ov_SC04_008/ov_SC04_008_jr_8012ACE0.c:548: warning: type mismatch with previous external decl
src/ov_SC04_008/ov_SC04_008_jr_8012ACE0.c:523: warning: previous external decl of `D_80190BD4'
src/ov_SC04_008/ov_SC04_008_jr_8012ACE0.c:549: warning: type mismatch with previous external decl
src/ov_SC04_008/ov_SC04_008_jr_8012ACE0.c:524: warning: previous external decl of `D_80190BD0'
src/ov_SC04_008/ov_SC04_008_jr_8012ACE0.c:564: warning: return makes integer from pointer without a cast
src/ov_SC04_008/ov_SC04_008_jr_801734BC.c: In function `func_80175218':
src/ov_SC04_008/ov_SC04_008_jr_801734BC.c:2679: warning: passing arg 1 makes integer from pointer without a cast
src/ov_SC04_008/ov_SC04_008_jr_801734BC.c:2680: warning: passing arg 1 makes integer from pointer without a cast
src/ov_SC04_008/../shared/ov/func_8015E95C.h: In function `func_8015E95C':
In file included from src/ov_SC04_008/ov_SC04_008_jr_8015C32C.c:2177:
src/ov_SC04_008/../shared/ov/func_8015E95C.h:10: warning: passing arg 1 of `func_8015E9B8' makes pointer from integer without a cast
In file included from src/ov_SC04_008/ov_SC04_008_jr_801380E0.c:1270:
src/ov_SC04_008/../shared/ov/func_80139FE8.h:3: warning: type mismatch with previous external decl
src/ov_SC04_008/ov_SC04_008_jr_801380E0.c:709: warning: previous external decl of `func_8001B22C'
src/ov_SC04_008/../shared/ov/func_80147D38.h: In function `func_80147D38':
In file included from src/ov_SC04_008/ov_SC04_008_after.c:483:
src/ov_SC04_008/../shared/ov/func_80147D38.h:12: warning: passing arg 2 of `func_80147DC0' makes integer from pointer without a cast
src/ov_SC04_008/../shared/ov/func_8015EA3C__47c5b5e8.h: In function `func_8015EA3C':
In file included from src/ov_SC04_008/ov_SC04_008_jr_8015C32C.c:2212:
src/ov_SC04_008/../shared/ov/func_8015EA3C__47c5b5e8.h:77: warning: passing arg 1 makes integer from pointer without a cast
src/ov_SC04_008/../shared/ov/func_8012E138.h: In function `func_8012E138':
In file included from src/ov_SC04_008/ov_SC04_008_jr_8012ACE0.c:586:
src/ov_SC04_008/../shared/ov/func_8012E138.h:19: warning: passing arg 2 of `func_8012F038' from incompatible pointer type
src/ov_SC04_008/../shared/ov/func_8012E138.h:19: warning: passing arg 3 of `func_8012F038' from incompatible pointer type
src/ov_SC04_008/../shared/ov/func_8012E138.h:36: warning: passing arg 2 of `func_8012F14C' makes integer from pointer without a cast
src/ov_SC04_008/../shared/ov/func_8012E138.h:36: warning: passing arg 3 of `func_8012F14C' makes integer from pointer without a cast
src/ov_SC04_008/../shared/ov/func_8012E138.h:37: warning: passing arg 3 of `func_80135888' makes integer from pointer without a cast
src/ov_SC04_008/../shared/ov/func_8012E138.h:37: warning: passing arg 4 of `func_80135888' makes integer from pointer without a cast
src/ov_SC04_008/../shared/ov/func_8015EDA0.h: In function `func_8015EDA0':
In file included from src/ov_SC04_008/ov_SC04_008_jr_8015C32C.c:2217:
src/ov_SC04_008/../shared/ov/func_8015EDA0.h:7: warning: passing arg 1 of `func_8015EE7C' makes integer from pointer without a cast
src/ov_SC04_008/../shared/ov/func_801758FC.h: In function `func_801758FC':
In file included from src/ov_SC04_008/ov_SC04_008_jr_801734BC.c:2792:
src/ov_SC04_008/../shared/ov/func_801758FC.h:6: warning: type mismatch with previous external decl
src/ov_SC04_008/../shared/ov/func_80175820.h:6: warning: previous external decl of `D_800AE7BC'
src/ov_SC04_008/../shared/ov/func_801758FC.h:7: warning: type mismatch with previous external decl
src/ov_SC04_008/../shared/ov/func_80175820.h:7: warning: previous external decl of `D_800AF634'
src/ov_SC04_008/../shared/ov/func_8015EFA4.h: In function `func_8015EFA4':
In file included from src/ov_SC04_008/ov_SC04_008_jr_8015C32C.c:2289:
src/ov_SC04_008/../shared/ov/func_8015EFA4.h:7: warning: passing arg 1 of `func_8015F080' makes integer from pointer without a cast
src/ov_SC04_008/../shared/ov/func_801759D8.h: In function `func_801759D8':
In file included from src/ov_SC04_008/ov_SC04_008_jr_801734BC.c:2799:
src/ov_SC04_008/../shared/ov/func_801759D8.h:7: warning: type mismatch with previous external decl
src/ov_SC04_008/../shared/ov/func_80175820.h:6: warning: previous external decl of `D_800AE7BC'
src/ov_SC04_008/../shared/ov/func_801759D8.h:8: warning: type mismatch with previous external decl
src/ov_SC04_008/../shared/ov/func_80175820.h:7: warning: previous external decl of `D_800AF634'
src/ov_SC04_008/../shared/ov/func_80175AB8__be2b0245.h: In function `func_80175AB8':
In file included from src/ov_SC04_008/ov_SC04_008_jr_801734BC.c:2803:
src/ov_SC04_008/../shared/ov/func_80175AB8__be2b0245.h:7: warning: type mismatch with previous external decl
src/ov_SC04_008/../shared/ov/func_80175820.h:7: warning: previous external decl of `D_800AF634'
src/ov_SC04_008/../shared/ov/func_80175DA8__3a39c5e4.h: In function `func_80175DA8':
In file included from src/ov_SC04_008/ov_SC04_008_jr_801734BC.c:2814:
src/ov_SC04_008/../shared/ov/func_80175DA8__3a39c5e4.h:9: warning: type mismatch with previous external decl
src/ov_SC04_008/../shared/ov/func_80175820.h:7: warning: previous external decl of `D_800AF634'
src/ov_SC04_008/ov_SC04_008_jr_8015C32C.c: In function `func_8015F89C':
src/ov_SC04_008/ov_SC04_008_jr_8015C32C.c:2425: warning: passing arg 2 of `func_801466F0' makes integer from pointer without a castsrc/ov_SC04_008/../shared/ov/func_80142838.h: 
In function `func_80142838':
In file included from src/ov_SC04_008/ov_SC04_008_jr_80140608.c:1551:
src/ov_SC04_008/../shared/ov/func_80142838.h:15: warning: passing arg 1 of `func_8012C0EC' makes integer from pointer without a cast
src/ov_SC04_008/../shared/ov/func_80176218__6ffee0ac.h: In function `func_80176218':
In file included from src/ov_SC04_008/ov_SC04_008_jr_801734BC.c:2911:
src/ov_SC04_008/../shared/ov/func_80176218__6ffee0ac.h:138: warning: passing arg 1 of `func_80177DA8' makes pointer from integer without a cast
src/ov_SC04_008/../shared/ov/func_8012F568.h: In function `func_8012F568':
In file included from src/ov_SC04_008/ov_SC04_008_jr_8012ACE0.c:1009:
src/ov_SC04_008/../shared/ov/func_8012F568.h:12: warning: passing arg 2 of `memcpy' makes pointer from integer without a cast
src/ov_SC04_008/../shared/ov/func_8012F568.h:13: warning: passing arg 2 of `memcpy' makes pointer from integer without a cast
src/ov_SC04_008/../shared/ov/func_80142F68.h: In function `func_80142F68':
In file included from src/ov_SC04_008/ov_SC04_008_jr_80140608.c:1764:
src/ov_SC04_008/../shared/ov/func_80142F68.h:15: warning: passing arg 1 of `func_8012C0EC' makes integer from pointer without a cast
src/ov_SC04_008/../shared/ov/func_801430F4.h: In function `func_801430F4':
In file included from src/ov_SC04_008/ov_SC04_008_jr_80140608.c:1807:
src/ov_SC04_008/../shared/ov/func_801430F4.h:15: warning: passing arg 1 of `func_8012C0EC' makes integer from pointer without a cast
src/ov_SC04_008/../shared/ov/func_8013B204.h: In function `func_8013B204':
In file included from src/ov_SC04_008/ov_SC04_008_jr_801380E0.c:1344:
src/ov_SC04_008/../shared/ov/func_8013B204.h:10: warning: assignment makes pointer from integer without a cast
src/ov_SC04_008/../shared/ov/func_801432FC.h: In function `func_801432FC':
In file included from src/ov_SC04_008/ov_SC04_008_jr_80140608.c:1862:
src/ov_SC04_008/../shared/ov/func_801432FC.h:15: warning: passing arg 1 of `func_8012C044' makes integer from pointer without a cast
src/ov_SC04_008/../shared/ov/func_801433F0.h: In function `func_801433F0':
In file included from src/ov_SC04_008/ov_SC04_008_jr_80140608.c:1866:
src/ov_SC04_008/../shared/ov/func_801433F0.h:12: warning: passing arg 1 of `func_80128ED8' makes integer from pointer without a cast
src/ov_SC04_008/../shared/ov/func_801433F0.h:12: warning: passing arg 2 of `func_80128ED8' from incompatible pointer type
src/ov_SC04_008/../shared/ov/func_8014350C.h: In function `func_8014350C':
In file included from src/ov_SC04_008/ov_SC04_008_jr_80140608.c:1905:
src/ov_SC04_008/../shared/ov/func_8014350C.h:13: warning: passing arg 1 of `func_80128ED8' makes integer from pointer without a cast
src/ov_SC04_008/../shared/ov/func_80160B70.h: In function `func_80160B70':
In file included from src/ov_SC04_008/ov_SC04_008_jr_8015C32C.c:2855:
src/ov_SC04_008/../shared/ov/func_80160B70.h:7: warning: passing arg 1 of `func_80160BB4' makes pointer from integer without a cast
src/ov_SC04_008/../shared/ov/func_80160F70.h: In function `func_80160F70':
In file included from src/ov_SC04_008/ov_SC04_008_jr_8015C32C.c:2916:
src/ov_SC04_008/../shared/ov/func_80160F70.h:15: warning: passing arg 1 of `func_8013767C' makes integer from pointer without a cast
src/ov_SC04_008/../shared/ov/func_80161208.h: In function `aF80161208':
In file included from src/ov_SC04_008/ov_SC04_008_jr_8015C32C.c:2949:
src/ov_SC04_008/../shared/ov/func_80161208.h:6: warning: passing arg 1 makes integer from pointer without a cast
src/ov_SC04_008/../shared/ov/func_80161278.h: In function `func_80161278':
In file included from src/ov_SC04_008/ov_SC04_008_jr_8015C32C.c:2954:
src/ov_SC04_008/../shared/ov/func_80161278.h:10: warning: passing arg 1 of `func_80161374' makes integer from pointer without a cast
src/ov_SC04_008/../shared/ov/func_80149210.h: At top level:
In file included from src/ov_SC04_008/ov_SC04_008_after.c:751:
src/ov_SC04_008/../shared/ov/func_80149210.h:3: warning: type mismatch with previous external decl
src/ov_SC04_008/../shared/ov/func_80145CEC__05c7cfc4.h:10: warning: previous external decl of `func_80149210'
src/ov_SC04_008/../shared/ov/func_801612B8.h: In function `func_801612B8':
In file included from src/ov_SC04_008/ov_SC04_008_jr_8015C32C.c:2956:
src/ov_SC04_008/../shared/ov/func_801612B8.h:11: warning: assignment makes integer from pointer without a cast
src/ov_SC04_008/../shared/ov/func_80161418.h: In function `func_80161418':
In file included from src/ov_SC04_008/ov_SC04_008_jr_8015C32C.c:3006:
src/ov_SC04_008/../shared/ov/func_80161418.h:6: warning: passing arg 1 of `func_8016163C' makes integer from pointer without a cast
src/ov_SC04_008/../shared/ov/func_80161450.h: In function `func_80161450':
In file included from src/ov_SC04_008/ov_SC04_008_jr_8015C32C.c:3008:
src/ov_SC04_008/../shared/ov/func_80161450.h:6: warning: passing arg 1 of `func_80161774' makes integer from pointer without a cast
src/ov_SC04_008/../shared/ov/func_80161488.h: In function `func_80161488':
In file included from src/ov_SC04_008/ov_SC04_008_jr_8015C32C.c:3010:
src/ov_SC04_008/../shared/ov/func_80161488.h:9: warning: passing arg 1 of `func_80161774' makes integer from pointer without a cast
src/ov_SC04_008/ov_SC04_008_jr_80140608.c: In function `func_801442F8':
src/ov_SC04_008/ov_SC04_008_jr_80140608.c:2087: warning: passing arg 1 of `func_8012C218' makes pointer from integer without a cast
src/ov_SC04_008/../shared/ov/func_801614E4.h: In function `func_801614E4':
In file included from src/ov_SC04_008/ov_SC04_008_jr_8015C32C.c:3012:
src/ov_SC04_008/../shared/ov/func_801614E4.h:6: warning: passing arg 1 of `func_80161888' makes integer from pointer without a cast
src/ov_SC04_008/../shared/ov/func_80161554.h: In function `func_80161554':
In file included from src/ov_SC04_008/ov_SC04_008_jr_8015C32C.c:3016:
src/ov_SC04_008/../shared/ov/func_80161554.h:6: warning: passing arg 1 of `func_8016163C' makes integer from pointer without a cast
src/ov_SC04_008/../shared/ov/func_8016158C.h: In function `func_8016158C':
In file included from src/ov_SC04_008/ov_SC04_008_jr_8015C32C.c:3018:
src/ov_SC04_008/../shared/ov/func_8016158C.h:6: warning: passing arg 1 of `func_80161774' makes integer from pointer without a cast
src/ov_SC04_008/../shared/ov/func_801615C4.h: In function `func_801615C4':
In file included from src/ov_SC04_008/ov_SC04_008_jr_8015C32C.c:3020:
src/ov_SC04_008/../shared/ov/func_801615C4.h:12: warning: passing arg 1 of `func_80146D90' makes integer from pointer without a cast
src/ov_SC04_008/../shared/ov/func_801615C4.h:15: warning: passing arg 1 makes integer from pointer without a cast
src/ov_SC04_008/../shared/ov/func_801615C4.h:17: warning: passing arg 1 makes integer from pointer without a cast
src/ov_SC04_008/ov_SC04_008_jr_80140608.c: In function `func_80144458':
src/ov_SC04_008/ov_SC04_008_jr_80140608.c:2152: warning: passing arg 1 of `func_8012AD80' makes integer from pointer without a cast
src/ov_SC04_008/ov_SC04_008_jr_80140608.c:2158: warning: passing arg 1 of `func_80128ED8' makes integer from pointer without a cast
src/ov_SC04_008/../shared/ov/func_8016163C.h: In function `func_8016163C':
In file included from src/ov_SC04_008/ov_SC04_008_jr_8015C32C.c:3035:
src/ov_SC04_008/../shared/ov/func_8016163C.h:17: warning: passing arg 1 of `func_801599A4' makes pointer from integer without a cast
src/ov_SC04_008/../shared/ov/func_8016163C.h:18: warning: passing arg 1 of `func_80159B3C' makes pointer from integer without a cast
src/ov_SC04_008/../shared/ov/func_8016163C.h:24: warning: passing arg 1 of `func_801599A4' makes pointer from integer without a cast
src/ov_SC04_008/../shared/ov/func_8016163C.h:31: warning: passing arg 1 of `func_801599A4' makes pointer from integer without a cast
src/ov_SC04_008/../shared/ov/func_8016163C.h:32: warning: passing arg 1 of `func_80159B3C' makes pointer from integer without a cast
src/ov_SC04_008/../shared/ov/func_8016163C.h:44: warning: passing arg 1 of `func_801599A4' makes pointer from integer without a cast
src/ov_SC04_008/../shared/ov/func_8016163C.h:45: warning: passing arg 1 of `func_8015F2F0' makes pointer from integer without a cast
src/ov_SC04_008/../shared/ov/func_80178004.h: In function `func_80178004':
In file included from src/ov_SC04_008/ov_SC04_008_jr_801734BC.c:3075:
src/ov_SC04_008/../shared/ov/func_80178004.h:133: warning: return makes integer from pointer without a cast
src/ov_SC04_008/../shared/ov/func_8014462C.h: In function `func_8014462C':
In file included from src/ov_SC04_008/ov_SC04_008_jr_80140608.c:2167:
src/ov_SC04_008/../shared/ov/func_8014462C.h:13: warning: passing arg 1 of `func_80128ED8' makes integer from pointer without a cast
src/ov_SC04_008/../shared/ov/func_8014462C.h:13: warning: passing arg 2 of `func_80128ED8' from incompatible pointer type
src/ov_SC04_008/../shared/ov/func_80161774.h: In function `func_80161774':
In file included from src/ov_SC04_008/ov_SC04_008_jr_8015C32C.c:3047:
src/ov_SC04_008/../shared/ov/func_80161774.h:22: warning: passing arg 1 of `func_801599A4' makes pointer from integer without a cast
src/ov_SC04_008/../shared/ov/func_80161774.h:44: warning: passing arg 1 of `func_801599A4' makes pointer from integer without a cast
src/ov_SC04_008/../shared/ov/func_80130D48__bbfb4341.h: In function `func_80130D48':
In file included from src/ov_SC04_008/ov_SC04_008_jr_8012ACE0.c:1192:
src/ov_SC04_008/../shared/ov/func_80130D48__bbfb4341.h:153: warning: assignment makes pointer from integer without a cast
src/ov_SC04_008/ov_SC04_008_jr_8012ACE0.c: In function `func_80131340':
src/ov_SC04_008/ov_SC04_008_jr_8012ACE0.c:1375: warning: type mismatch with previous external decl
src/ov_SC04_008/ov_SC04_008_jr_8012ACE0.c:1258: warning: previous external decl of `D_8017EF7C'
src/ov_SC04_008/ov_SC04_008_jr_8012ACE0.c:1421: warning: passing arg 1 of `func_80131E00' makes pointer from integer without a cast
src/ov_SC04_008/ov_SC04_008_jr_8012ACE0.c:1475: warning: passing arg 1 of `func_80131E00' makes pointer from integer without a cast
src/ov_SC04_008/ov_SC04_008_jr_8012ACE0.c:1519: warning: passing arg 1 of `func_80131E00' makes pointer from integer without a cast
src/ov_SC04_008/ov_SC04_008_jr_8012ACE0.c:1550: warning: passing arg 1 of `func_80131E00' makes pointer from integer without a cast
src/ov_SC04_008/ov_SC04_008_jr_8012ACE0.c:1555: warning: passing arg 1 of `func_80131E00' makes pointer from integer without a cast
src/ov_SC04_008/ov_SC04_008_jr_8012ACE0.c:1572: warning: passing arg 1 of `func_80131E00' makes pointer from integer without a cast
src/ov_SC04_008/ov_SC04_008_jr_8012ACE0.c:1582: warning: passing arg 1 of `func_80131E00' makes pointer from integer without a cast
src/ov_SC04_008/../shared/ov/func_80149F2C.h: In function `func_80149F2C':
In file included from src/ov_SC04_008/ov_SC04_008_after.c:844:
src/ov_SC04_008/../shared/ov/func_80149F2C.h:9: warning: initialization makes pointer from integer without a cast
src/ov_SC04_008/ov_SC04_008_jr_8015C32C.c: At top level:
src/ov_SC04_008/ov_SC04_008_jr_8015C32C.c:3327: warning: type mismatch with previous external decl
src/ov_SC04_008/ov_SC04_008_jr_8015C32C.c:3257: warning: previous external decl of `D_80190DA0'
src/ov_SC04_008/ov_SC04_008_jr_8015C32C.c:3349: warning: type mismatch with previous external decl
src/ov_SC04_008/ov_SC04_008_jr_8015C32C.c:3242: warning: previous external decl of `D_80078EB0'
src/ov_SC04_008/ov_SC04_008_jr_8015C32C.c: In function `func_801622C4':
src/ov_SC04_008/ov_SC04_008_jr_8015C32C.c:3418: warning: assignment from incompatible pointer type
src/ov_SC04_008/../shared/ov/func_801325B8.h: In function `func_801325B8':
In file included from src/ov_SC04_008/ov_SC04_008_jr_8012ACE0.c:1944:
src/ov_SC04_008/../shared/ov/func_801325B8.h:34: warning: passing arg 1 of `memcpy' makes pointer from integer without a cast
src/ov_SC04_008/../shared/ov/func_801325B8.h:34: warning: passing arg 2 of `memcpy' makes pointer from integer without a cast
src/ov_SC04_008/../shared/ov/func_801325B8.h:57: warning: passing arg 1 of `memcpy' makes pointer from integer without a cast
src/ov_SC04_008/../shared/ov/func_801325B8.h:57: warning: passing arg 2 of `memcpy' makes pointer from integer without a cast
src/ov_SC04_008/../shared/ov/func_8014B034.h: At top level:
In file included from src/ov_SC04_008/ov_SC04_008_after.c:984:
src/ov_SC04_008/../shared/ov/func_8014B034.h:4: warning: type mismatch with previous external decl
src/ov_SC04_008/../shared/ov/func_8014ADE0.h:22: warning: previous external decl of `D_80078E90'
src/ov_SC04_008/../shared/ov/func_8016345C.h: At top level:
In file included from src/ov_SC04_008/ov_SC04_008_jr_8015C32C.c:3715:
src/ov_SC04_008/../shared/ov/func_8016345C.h:5: warning: type mismatch with previous external decl
src/ov_SC04_008/ov_SC04_008_jr_8015C32C.c:3705: warning: previous external decl of `func_8016345C'
src/ov_SC04_008/../shared/ov/func_8016345C.h: In function `func_8016345C':
src/ov_SC04_008/../shared/ov/func_8016345C.h:8: warning: passing arg 6 of `func_80163534' makes pointer from integer without a cast
src/ov_SC04_008/ov_SC04_008_jr_8015C32C.c: At top level:
src/ov_SC04_008/ov_SC04_008_jr_8015C32C.c:3721: warning: type mismatch with previous external decl
src/ov_SC04_008/ov_SC04_008_jr_8015C32C.c:3706: warning: previous external decl of `D_8019066C'
src/ov_SC04_008/../shared/ov/func_80132EF4.h: In function `func_80132EF4':
In file included from src/ov_SC04_008/ov_SC04_008_jr_8012ACE0.c:1956:
src/ov_SC04_008/../shared/ov/func_80132EF4.h:6: warning: initialization makes integer from pointer without a cast
src/ov_SC04_008/../shared/ov/func_80132F40.h: In function `func_80132F40':
In file included from src/ov_SC04_008/ov_SC04_008_jr_8012ACE0.c:2037:
src/ov_SC04_008/../shared/ov/func_80132F40.h:34: warning: passing arg 2 of `func_8012F038' from incompatible pointer type
src/ov_SC04_008/../shared/ov/func_80132F40.h:34: warning: passing arg 3 of `func_8012F038' from incompatible pointer type
src/ov_SC04_008/../shared/ov/func_80132F40.h:36: warning: passing arg 2 of `func_8012F14C' makes integer from pointer without a cast
src/ov_SC04_008/../shared/ov/func_80132F40.h:36: warning: passing arg 3 of `func_8012F14C' makes integer from pointer without a cast
In file included from src/ov_SC04_008/ov_SC04_008_after.c:1062:
src/ov_SC04_008/../shared/ov/func_8014BE9C.h:4: warning: type mismatch with previous external decl
src/ov_SC04_008/../shared/ov/func_80145CEC__05c7cfc4.h:11: warning: previous external decl of `func_8014BE9C'
src/ov_SC04_008/ov_SC04_008_jr_8012ACE0.c: In function `func_80133AB0':
src/ov_SC04_008/ov_SC04_008_jr_8012ACE0.c:2288: warning: type mismatch with previous external decl
src/ov_SC04_008/ov_SC04_008_jr_8012ACE0.c:2177: warning: previous external decl of `D_8017F058'
src/ov_SC04_008/ov_SC04_008_jr_8012ACE0.c:2289: warning: type mismatch with previous external decl
src/ov_SC04_008/ov_SC04_008_jr_8012ACE0.c:2176: warning: previous external decl of `D_8017F054'
src/ov_SC04_008/../shared/ov/func_8014C168.h: In function `func_8014C168':
In file included from src/ov_SC04_008/ov_SC04_008_after.c:1092:
src/ov_SC04_008/../shared/ov/func_8014C168.h:12: warning: return makes integer from pointer without a cast
src/ov_SC04_008/../shared/ov/func_8014C168.h:16: warning: return makes integer from pointer without a cast
src/ov_SC04_008/ov_SC04_008_jr_8012ACE0.c: In function `func_80133CD4':
src/ov_SC04_008/ov_SC04_008_jr_8012ACE0.c:2372: warning: type mismatch with previous external decl
src/ov_SC04_008/ov_SC04_008_jr_8012ACE0.c:2177: warning: previous external decl of `D_8017F058'
src/ov_SC04_008/ov_SC04_008_jr_8012ACE0.c:2373: warning: type mismatch with previous external decl
src/ov_SC04_008/ov_SC04_008_jr_8012ACE0.c:2176: warning: previous external decl of `D_8017F054'
src/ov_SC04_008/ov_SC04_008_jr_8012ACE0.c:2374: warning: type mismatch with previous external decl
src/ov_SC04_008/ov_SC04_008_jr_8012ACE0.c:2290: warning: previous external decl of `D_8017F060'
src/ov_SC04_008/../shared/ov/func_8014C3D0.h: In function `func_8014C3D0':
In file included from src/ov_SC04_008/ov_SC04_008_after.c:1114:
src/ov_SC04_008/../shared/ov/func_8014C3D0.h:6: warning: passing arg 2 of `func_8014C59C' makes pointer from integer without a cast
src/ov_SC04_008/../shared/ov/func_8014C43C.h: In function `func_8014C43C':
In file included from src/ov_SC04_008/ov_SC04_008_after.c:1116:
src/ov_SC04_008/../shared/ov/func_8014C43C.h:9: warning: passing arg 4 of `func_8014C4AC' makes pointer from integer without a cast
src/ov_SC04_008/../shared/ov/func_8014C6D0.h: At top level:
In file included from src/ov_SC04_008/ov_SC04_008_after.c:1146:
src/ov_SC04_008/../shared/ov/func_8014C6D0.h:4: warning: type mismatch with previous external decl
src/ov_SC04_008/../shared/ov/func_80145CEC__05c7cfc4.h:19: warning: previous external decl of `func_8014C6D0'
src/ov_SC04_008/ov_SC04_008_jr_8012ACE0.c: In function `func_801343C4':
src/ov_SC04_008/ov_SC04_008_jr_8012ACE0.c:2548: warning: type mismatch with previous external decl
src/ov_SC04_008/ov_SC04_008_jr_8012ACE0.c:2176: warning: previous external decl of `D_8017F054'
src/ov_SC04_008/ov_SC04_008_jr_8012ACE0.c:2549: warning: type mismatch with previous external decl
src/ov_SC04_008/ov_SC04_008_jr_8012ACE0.c:2177: warning: previous external decl of `D_8017F058'
src/ov_SC04_008/ov_SC04_008_jr_8012ACE0.c:2551: warning: type mismatch with previous external decl
src/ov_SC04_008/ov_SC04_008_jr_8012ACE0.c:2178: warning: previous external decl of `D_80190C2C'
In file included from src/ov_SC04_008/ov_SC04_008_after.c:1188:
src/ov_SC04_008/../shared/ov/func_8014C968.h:4: warning: type mismatch with previous external decl
src/ov_SC04_008/../shared/ov/func_80145CEC__05c7cfc4.h:18: warning: previous external decl of `func_8014C968'
src/ov_SC04_008/ov_SC04_008_jr_8012ACE0.c: In function `func_80134510':
src/ov_SC04_008/ov_SC04_008_jr_8012ACE0.c:2604: warning: type mismatch with previous external decl
src/ov_SC04_008/ov_SC04_008_jr_8012ACE0.c:2176: warning: previous external decl of `D_8017F054'
src/ov_SC04_008/ov_SC04_008_jr_8012ACE0.c:2605: warning: type mismatch with previous external decl
src/ov_SC04_008/ov_SC04_008_jr_8012ACE0.c:2177: warning: previous external decl of `D_8017F058'
src/ov_SC04_008/ov_SC04_008_jr_8012ACE0.c:2606: warning: type mismatch with previous external decl
src/ov_SC04_008/ov_SC04_008_jr_8012ACE0.c:2375: warning: previous external decl of `D_8017F05C'
src/ov_SC04_008/ov_SC04_008_jr_8012ACE0.c: In function `func_801345F8':
src/ov_SC04_008/ov_SC04_008_jr_8012ACE0.c:2653: warning: type mismatch with previous external decl
src/ov_SC04_008/ov_SC04_008_jr_8012ACE0.c:2176: warning: previous external decl of `D_8017F054'
src/ov_SC04_008/ov_SC04_008_jr_8015C32C.c:4189: warning: type mismatch with previous external decl
src/ov_SC04_008/ov_SC04_008_jr_8015C32C.c:4167: warning: previous external decl of `D_80190E98'
src/ov_SC04_008/ov_SC04_008_jr_8015C32C.c: In function `func_801651B8':
src/ov_SC04_008/ov_SC04_008_jr_8015C32C.c:4197: warning: assignment makes integer from pointer without a cast
src/ov_SC04_008/../shared/ov/func_801347A0__c71b12a0.h: At top level:
In file included from src/ov_SC04_008/ov_SC04_008_jr_8012ACE0.c:2712:
src/ov_SC04_008/../shared/ov/func_801347A0__c71b12a0.h:3: warning: type mismatch with previous external decl
src/ov_SC04_008/ov_SC04_008_jr_8012ACE0.c:2652: warning: previous external decl of `func_801347A0'
src/ov_SC04_008/../shared/ov/func_801347A0__c71b12a0.h: In function `func_801347A0':
src/ov_SC04_008/../shared/ov/func_801347A0__c71b12a0.h:5: warning: type mismatch with previous external decl
src/ov_SC04_008/ov_SC04_008_jr_8012ACE0.c:2177: warning: previous external decl of `D_8017F058'
src/ov_SC04_008/../shared/ov/func_801347A0__c71b12a0.h:6: warning: type mismatch with previous external decl
src/ov_SC04_008/ov_SC04_008_jr_8012ACE0.c:2176: warning: previous external decl of `D_8017F054'
src/ov_SC04_008/../shared/ov/func_801347A0__c71b12a0.h:7: warning: type mismatch with previous external decl
src/ov_SC04_008/ov_SC04_008_jr_8012ACE0.c:2375: warning: previous external decl of `D_8017F05C'
src/ov_SC04_008/../shared/ov/func_8014CD0C.h: In function `func_8014CD0C':
In file included from src/ov_SC04_008/ov_SC04_008_after.c:1262:
src/ov_SC04_008/../shared/ov/func_8014CD0C.h:21: warning: passing arg 2 of `func_8014CF04' makes integer from pointer without a cast
src/ov_SC04_008/ov_SC04_008_jr_8012ACE0.c: In function `func_80134C20':
src/ov_SC04_008/ov_SC04_008_jr_8012ACE0.c:2787: warning: type mismatch with previous external decl
src/ov_SC04_008/ov_SC04_008_jr_8012ACE0.c:2176: warning: previous external decl of `D_8017F054'
src/ov_SC04_008/ov_SC04_008_jr_8012ACE0.c:2788: warning: type mismatch with previous external decl
src/ov_SC04_008/ov_SC04_008_jr_8012ACE0.c:2177: warning: previous external decl of `D_8017F058'
src/ov_SC04_008/ov_SC04_008_jr_8012ACE0.c:2789: warning: type mismatch with previous external decl
src/ov_SC04_008/ov_SC04_008_jr_8012ACE0.c:2375: warning: previous external decl of `D_8017F05C'
src/ov_SC04_008/ov_SC04_008_jr_8012ACE0.c:2790: warning: type mismatch with previous external decl
src/ov_SC04_008/ov_SC04_008_jr_8012ACE0.c:2290: warning: previous external decl of `D_8017F060'
src/ov_SC04_008/../shared/ov/func_8014D438.h: In function `func_8014D438':
In file included from src/ov_SC04_008/ov_SC04_008_after.c:1339:
src/ov_SC04_008/../shared/ov/func_8014D438.h:15: warning: passing arg 2 of `func_8014D610' makes integer from pointer without a cast
src/ov_SC04_008/../shared/ov/func_80165CA0.h: In function `func_80165CA0':
In file included from src/ov_SC04_008/ov_SC04_008_jr_8015C32C.c:4445:
src/ov_SC04_008/../shared/ov/func_80165CA0.h:13: warning: assignment from incompatible pointer type
src/ov_SC04_008/ov_SC04_008_jr_8012ACE0.c: In function `func_80135004':
src/ov_SC04_008/ov_SC04_008_jr_8012ACE0.c:2882: warning: type mismatch with previous external decl
src/ov_SC04_008/ov_SC04_008_jr_8012ACE0.c:2177: warning: previous external decl of `D_8017F058'
src/ov_SC04_008/ov_SC04_008_jr_8012ACE0.c:2883: warning: type mismatch with previous external decl
src/ov_SC04_008/ov_SC04_008_jr_8012ACE0.c:2176: warning: previous external decl of `D_8017F054'
src/ov_SC04_008/../shared/ov/func_80165FA4.h: In function `func_80165FA4':
In file included from src/ov_SC04_008/ov_SC04_008_jr_8015C32C.c:4458:
src/ov_SC04_008/../shared/ov/func_80165FA4.h:11: warning: passing arg 2 of `ApplyMatrixSV' makes pointer from integer without a cast
src/ov_SC04_008/../shared/ov/func_80165FA4.h:11: warning: passing arg 3 of `ApplyMatrixSV' makes pointer from integer without a cast
src/ov_SC04_008/../shared/ov/func_80165FA4.h:12: warning: passing arg 2 of `ApplyMatrixSV' makes pointer from integer without a cast
src/ov_SC04_008/../shared/ov/func_80165FA4.h:12: warning: passing arg 3 of `ApplyMatrixSV' makes pointer from integer without a cast
src/ov_SC04_008/ov_SC04_008_jr_8012ACE0.c: In function `func_80135168':
src/ov_SC04_008/ov_SC04_008_jr_8012ACE0.c:2951: warning: type mismatch with previous external decl
src/ov_SC04_008/ov_SC04_008_jr_8012ACE0.c:2176: warning: previous external decl of `D_8017F054'
src/ov_SC04_008/ov_SC04_008_jr_8012ACE0.c:2952: warning: type mismatch with previous external decl
src/ov_SC04_008/ov_SC04_008_jr_8012ACE0.c:2177: warning: previous external decl of `D_8017F058'
src/ov_SC04_008/ov_SC04_008_jr_8012ACE0.c: In function `func_80135260':
src/ov_SC04_008/ov_SC04_008_jr_8012ACE0.c:3026: warning: type mismatch with previous external decl
src/ov_SC04_008/ov_SC04_008_jr_8012ACE0.c:2176: warning: previous external decl of `D_8017F054'
src/ov_SC04_008/ov_SC04_008_jr_8012ACE0.c:3027: warning: type mismatch with previous external decl
src/ov_SC04_008/ov_SC04_008_jr_8012ACE0.c:2177: warning: previous external decl of `D_8017F058'
src/ov_SC04_008/ov_SC04_008_jr_8012ACE0.c:3028: warning: type mismatch with previous external decl
src/ov_SC04_008/ov_SC04_008_jr_8012ACE0.c:2290: warning: previous external decl of `D_8017F060'
src/ov_SC04_008/ov_SC04_008_jr_8012ACE0.c: In function `func_80135480':
src/ov_SC04_008/ov_SC04_008_jr_8012ACE0.c:3146: warning: type mismatch with previous external decl
src/ov_SC04_008/ov_SC04_008_jr_8012ACE0.c:2176: warning: previous external decl of `D_8017F054'
src/ov_SC04_008/ov_SC04_008_jr_8012ACE0.c:3147: warning: type mismatch with previous external decl
src/ov_SC04_008/ov_SC04_008_jr_8012ACE0.c:2177: warning: previous external decl of `D_8017F058'
src/ov_SC04_008/../shared/ov/func_801665B4.h: In function `func_801665B4':
In file included from src/ov_SC04_008/ov_SC04_008_jr_8015C32C.c:4492:
src/ov_SC04_008/../shared/ov/func_801665B4.h:8: warning: passing arg 1 of `func_80128ED8' makes integer from pointer without a cast
src/ov_SC04_008/../shared/ov/func_8014E48C.h: In function `func_8014E48C':
In file included from src/ov_SC04_008/ov_SC04_008_after.c:1560:
src/ov_SC04_008/../shared/ov/func_8014E48C.h:17: warning: passing arg 1 of `func_8014E514' makes pointer from integer without a cast
src/ov_SC04_008/../shared/ov/func_8014E48C.h:17: warning: passing arg 2 of `func_8014E514' makes integer from pointer without a cast
src/ov_SC04_008/../shared/ov/func_8014E48C.h:17: warning: passing arg 3 of `func_8014E514' makes integer from pointer without a cast
src/ov_SC04_008/../shared/ov/func_8014E790.h: In function `func_8014E790':
In file included from src/ov_SC04_008/ov_SC04_008_after.c:1638:
src/ov_SC04_008/../shared/ov/func_8014E790.h:8: warning: passing arg 3 of `func_80135888' makes integer from pointer without a cast
src/ov_SC04_008/../shared/ov/func_8014E790.h:8: warning: passing arg 4 of `func_80135888' makes integer from pointer without a cast
src/ov_SC04_008/../shared/ov/func_8014E83C.h: In function `func_8014E83C':
In file included from src/ov_SC04_008/ov_SC04_008_after.c:1640:
src/ov_SC04_008/../shared/ov/func_8014E83C.h:18: warning: passing arg 3 of `func_80135888' makes integer from pointer without a cast
src/ov_SC04_008/../shared/ov/func_8014E83C.h:18: warning: passing arg 4 of `func_80135888' makes integer from pointer without a cast
src/ov_SC04_008/../shared/ov/func_8014EE14.h: In function `func_8014EE14':
In file included from src/ov_SC04_008/ov_SC04_008_after.c:1716:
src/ov_SC04_008/../shared/ov/func_8014EE14.h:22: warning: assignment makes integer from pointer without a cast
src/ov_SC04_008/../shared/ov/func_8016829C.h: At top level:
In file included from src/ov_SC04_008/ov_SC04_008_jr_8015C32C.c:4898:
src/ov_SC04_008/../shared/ov/func_8016829C.h:4: warning: prototype for `func_80166994' follows
src/ov_SC04_008/ov_SC04_008_jr_8015C32C.c:4650: warning: non-prototype definition here
src/ov_SC04_008/../shared/ov/func_80168A14.h: In function `func_80168A14':
In file included from src/ov_SC04_008/ov_SC04_008_jr_8015C32C.c:5038:
src/ov_SC04_008/../shared/ov/func_80168A14.h:11: warning: passing arg 2 of `func_80146A6C' makes pointer from integer without a cast
src/ov_SC04_008/../shared/ov/func_80150820.h: At top level:
In file included from src/ov_SC04_008/ov_SC04_008_after.c:2041:
src/ov_SC04_008/../shared/ov/func_80150820.h:5: warning: type mismatch with previous external decl
src/ov_SC04_008/ov_SC04_008_after.c:2004: warning: previous external decl of `func_80150820'
src/ov_SC04_008/../shared/ov/func_80151204.h: In function `func_80151204':
In file included from src/ov_SC04_008/ov_SC04_008_after.c:2263:
src/ov_SC04_008/../shared/ov/func_80151204.h:7: warning: passing arg 1 of `func_8014ACE8' makes pointer from integer without a cast
src/ov_SC04_008/../shared/ov/func_8015126C.h: In function `func_8015126C':
In file included from src/ov_SC04_008/ov_SC04_008_after.c:2267:
src/ov_SC04_008/../shared/ov/func_8015126C.h:132: warning: passing arg 1 of `func_8015173C' from incompatible pointer type
src/ov_SC04_008/../shared/ov/func_80169E44.h: In function `func_80169E44':
In file included from src/ov_SC04_008/ov_SC04_008_jr_8015C32C.c:5208:
src/ov_SC04_008/../shared/ov/func_80169E44.h:9: warning: passing arg 1 of `func_80128ED8' makes integer from pointer without a cast
src/ov_SC04_008/../shared/ov/func_80169FE0.h: In function `func_80169FE0':
In file included from src/ov_SC04_008/ov_SC04_008_jr_8015C32C.c:5252:
src/ov_SC04_008/../shared/ov/func_80169FE0.h:6: warning: passing arg 1 of `func_80128ED8' makes integer from pointer without a cast
src/ov_SC04_008/../shared/ov/func_80151AE4.h: In function `func_80151AE4':
In file included from src/ov_SC04_008/ov_SC04_008_after.c:2318:
src/ov_SC04_008/../shared/ov/func_80151AE4.h:16: warning: passing arg 1 of `func_80149020' makes pointer from integer without a cast
src/ov_SC04_008/../shared/ov/func_80151AE4.h:19: warning: passing arg 1 of `func_80159B3C' makes pointer from integer without a cast
src/ov_SC04_008/../shared/ov/func_80151AE4.h:32: warning: passing arg 1 of `func_8015BDD0' makes pointer from integer without a cast
src/ov_SC04_008/ov_SC04_008_after.c: In function `func_801520DC':
src/ov_SC04_008/ov_SC04_008_after.c:2373: warning: passing arg 1 of `func_80149020' makes pointer from integer without a cast
src/ov_SC04_008/ov_SC04_008_after.c:2374: warning: passing arg 1 of `func_801472C8' makes pointer from integer without a cast
src/ov_SC04_008/ov_SC04_008_after.c:2376: warning: passing arg 1 of `func_80146DB8' makes pointer from integer without a cast
src/ov_SC04_008/ov_SC04_008_after.c:2377: warning: passing arg 1 of `func_801477E8' makes pointer from integer without a cast
src/ov_SC04_008/ov_SC04_008_after.c:2378: warning: passing arg 1 of `func_8014CBF8' makes pointer from integer without a cast
src/ov_SC04_008/ov_SC04_008_after.c:2379: warning: passing arg 1 of `func_801474EC' makes pointer from integer without a cast
src/ov_SC04_008/ov_SC04_008_after.c:2380: warning: passing arg 2 of `func_80146A6C' makes pointer from integer without a cast
src/ov_SC04_008/ov_SC04_008_after.c:2382: warning: passing arg 1 of `func_80146CA0' makes pointer from integer without a cast
src/ov_SC04_008/../shared/ov/func_80152254.h: In function `func_80152254':
In file included from src/ov_SC04_008/ov_SC04_008_after.c:2390:
src/ov_SC04_008/../shared/ov/func_80152254.h:22: warning: passing arg 1 of `func_80159B3C' makes pointer from integer without a cast
src/ov_SC04_008/ov_SC04_008_after.c: In function `func_801528B0':
src/ov_SC04_008/ov_SC04_008_after.c:2504: warning: passing arg 1 of `func_80149020' makes pointer from integer without a cast
src/ov_SC04_008/ov_SC04_008_after.c:2505: warning: passing arg 1 of `func_80154274' makes pointer from integer without a cast
src/ov_SC04_008/ov_SC04_008_after.c:2505: warning: passing arg 2 of `func_80154274' makes integer from pointer without a cast
src/ov_SC04_008/ov_SC04_008_after.c:2508: warning: passing arg 1 of `func_80146DB8' makes pointer from integer without a cast
src/ov_SC04_008/ov_SC04_008_after.c:2509: warning: passing arg 1 of `func_801477E8' makes pointer from integer without a cast
src/ov_SC04_008/ov_SC04_008_after.c:2510: warning: passing arg 1 of `func_8014CBF8' makes pointer from integer without a cast
src/ov_SC04_008/ov_SC04_008_after.c:2511: warning: passing arg 1 of `func_801474EC' makes pointer from integer without a cast
src/ov_SC04_008/ov_SC04_008_after.c:2512: warning: passing arg 1 of `func_80146CA0' makes pointer from integer without a cast
src/ov_SC04_008/../shared/ov/func_8015294C.h: In function `func_8015294C':
In file included from src/ov_SC04_008/ov_SC04_008_after.c:2516:
src/ov_SC04_008/../shared/ov/func_8015294C.h:31: warning: passing arg 1 of `func_801472C8' from incompatible pointer type
src/ov_SC04_008/../shared/ov/func_80152A50.h: In function `func_80152A50':
In file included from src/ov_SC04_008/ov_SC04_008_after.c:2520:
src/ov_SC04_008/../shared/ov/func_80152A50.h:22: warning: passing arg 1 of `func_80159B3C' makes pointer from integer without a cast
src/ov_SC04_008/../shared/ov/func_80152BF0.h: In function `func_80152BF0':
In file included from src/ov_SC04_008/ov_SC04_008_after.c:2534:
src/ov_SC04_008/../shared/ov/func_80152BF0.h:13: warning: passing arg 1 of `func_80146CA0' makes pointer from integer without a cast
src/ov_SC04_008/../shared/ov/func_80152C80.h: In function `func_80152C80':
In file included from src/ov_SC04_008/ov_SC04_008_after.c:2538:
src/ov_SC04_008/../shared/ov/func_80152C80.h:12: warning: initialization makes integer from pointer without a cast
src/ov_SC04_008/ov_SC04_008_after.c: In function `func_80152DA8':
src/ov_SC04_008/ov_SC04_008_after.c:2569: warning: passing arg 1 of `func_80149020' makes pointer from integer without a cast
src/ov_SC04_008/ov_SC04_008_after.c:2570: warning: passing arg 1 of `func_80154274' makes pointer from integer without a cast
src/ov_SC04_008/ov_SC04_008_after.c:2570: warning: passing arg 2 of `func_80154274' makes integer from pointer without a cast
src/ov_SC04_008/ov_SC04_008_after.c:2574: warning: passing arg 1 of `func_80146DB8' makes pointer from integer without a cast
src/ov_SC04_008/ov_SC04_008_after.c:2575: warning: passing arg 1 of `func_801477E8' makes pointer from integer without a cast
src/ov_SC04_008/ov_SC04_008_after.c:2576: warning: passing arg 1 of `func_8014CBF8' makes pointer from integer without a cast
src/ov_SC04_008/ov_SC04_008_after.c:2577: warning: passing arg 1 of `func_801474EC' makes pointer from integer without a cast
src/ov_SC04_008/ov_SC04_008_after.c:2578: warning: passing arg 1 of `func_80146CA0' makes pointer from integer without a cast
src/ov_SC04_008/../shared/ov/func_80152E4C.h: In function `func_80152E4C':
In file included from src/ov_SC04_008/ov_SC04_008_after.c:2582:
src/ov_SC04_008/../shared/ov/func_80152E4C.h:34: warning: passing arg 1 of `func_801472C8' makes pointer from integer without a cast
src/ov_SC04_008/../shared/ov/func_80152F44.h: In function `func_80152F44':
In file included from src/ov_SC04_008/ov_SC04_008_after.c:2586:
src/ov_SC04_008/../shared/ov/func_80152F44.h:22: warning: passing arg 1 of `func_80159B3C' makes pointer from integer without a cast
src/ov_SC04_008/../shared/ov/func_801530E4.h: In function `func_801530E4':
In file included from src/ov_SC04_008/ov_SC04_008_after.c:2600:
src/ov_SC04_008/../shared/ov/func_801530E4.h:14: warning: passing arg 1 of `func_80149020' makes pointer from integer without a cast
src/ov_SC04_008/../shared/ov/func_801530E4.h:15: warning: passing arg 1 of `func_801472C8' makes pointer from integer without a cast
src/ov_SC04_008/../shared/ov/func_801530E4.h:17: warning: passing arg 1 of `func_8014CBF8' makes pointer from integer without a cast
src/ov_SC04_008/../shared/ov/func_801530E4.h:18: warning: passing arg 1 of `func_801474EC' makes pointer from integer without a cast
src/ov_SC04_008/../shared/ov/func_801530E4.h:19: warning: passing arg 1 of `func_80155440' makes pointer from integer without a cast
src/ov_SC04_008/../shared/ov/func_801530E4.h:20: warning: passing arg 1 of `func_80146CA0' makes pointer from integer without a cast
src/ov_SC04_008/../shared/ov/func_80153204.h: In function `func_80153204':
In file included from src/ov_SC04_008/ov_SC04_008_after.c:2606:
src/ov_SC04_008/../shared/ov/func_80153204.h:22: warning: passing arg 1 of `func_80159B3C' makes pointer from integer without a cast
src/ov_SC04_008/../shared/ov/func_801533A4.h: In function `func_801533A4':
In file included from src/ov_SC04_008/ov_SC04_008_after.c:2620:
src/ov_SC04_008/../shared/ov/func_801533A4.h:12: warning: passing arg 1 of `func_80149020' makes pointer from integer without a cast
src/ov_SC04_008/../shared/ov/func_801533A4.h:15: warning: passing arg 1 of `func_8014CBF8' makes pointer from integer without a cast
src/ov_SC04_008/../shared/ov/func_801533A4.h:16: warning: passing arg 1 of `func_801474EC' makes pointer from integer without a cast
src/ov_SC04_008/../shared/ov/func_801533A4.h:17: warning: passing arg 1 of `func_80155440' makes pointer from integer without a cast
src/ov_SC04_008/../shared/ov/func_801533A4.h:18: warning: passing arg 1 of `func_80146CA0' makes pointer from integer without a cast
src/ov_SC04_008/../shared/ov/func_801534D8.h: In function `func_801534D8':
In file included from src/ov_SC04_008/ov_SC04_008_after.c:2626:
src/ov_SC04_008/../shared/ov/func_801534D8.h:22: warning: passing arg 1 of `func_80159B3C' makes pointer from integer without a cast
src/ov_SC04_008/../shared/ov/func_801539F8.h: In function `func_801539F8':
In file included from src/ov_SC04_008/ov_SC04_008_after.c:2642:
src/ov_SC04_008/../shared/ov/func_801539F8.h:14: warning: passing arg 3 of `func_80133784' makes integer from pointer without a cast
src/ov_SC04_008/../shared/ov/func_801539F8.h:20: warning: passing arg 3 of `func_80133784' makes integer from pointer without a cast
src/ov_SC04_008/../shared/ov/func_801539F8.h:24: warning: passing arg 3 of `func_80133784' makes integer from pointer without a cast
src/ov_SC04_008/../shared/ov/func_80153C8C.h: At top level:
In file included from src/ov_SC04_008/ov_SC04_008_after.c:2658:
src/ov_SC04_008/../shared/ov/func_80153C8C.h:4: warning: type mismatch with previous external decl
src/ov_SC04_008/../shared/ov/func_80145CEC__05c7cfc4.h:21: warning: previous external decl of `func_80153C8C'
src/ov_SC04_008/../shared/ov/func_80154150.h: In function `func_80154150':
In file included from src/ov_SC04_008/ov_SC04_008_after.c:2716:
src/ov_SC04_008/../shared/ov/func_80154150.h:7: warning: passing arg 1 of `func_80154190' makes pointer from integer without a cast
{standard input}: Assembler messages:
{standard input}:684: Warning: used $at without ".set noat"
{standard input}:685: Warning: used $at without ".set noat"
{standard input}:12682: Warning: used $at without ".set noat"
{standard input}:12683: Warning: used $at without ".set noat"
{standard input}:13011: Warning: used $at without ".set noat"
{standard input}:13012: Warning: used $at without ".set noat"
{standard input}:13333: Warning: used $at without ".set noat"
{standard input}:13334: Warning: used $at without ".set noat"
{standard input}:13638: Warning: used $at without ".set noat"
{standard input}:13639: Warning: used $at without ".set noat"
{standard input}:14343: Warning: used $at without ".set noat"
{standard input}:14344: Warning: used $at without ".set noat"
{standard input}:14786: Warning: used $at without ".set noat"
{standard input}:14787: Warning: used $at without ".set noat"
{standard input}:15022: Warning: used $at without ".set noat"
{standard input}:15023: Warning: used $at without ".set noat"
{standard input}:15268: Warning: used $at without ".set noat"
{standard input}:15269: Warning: used $at without ".set noat"
{standard input}:15618: Warning: used $at without ".set noat"
{standard input}:15619: Warning: used $at without ".set noat"
{standard input}:16024: Warning: used $at without ".set noat"
{standard input}:16025: Warning: used $at without ".set noat"
{standard input}:16260: Warning: used $at without ".set noat"
{standard input}:16261: Warning: used $at without ".set noat"
{standard input}:16478: Warning: used $at without ".set noat"
{standard input}:16479: Warning: used $at without ".set noat"
{standard input}:16747: Warning: used $at without ".set noat"
{standard input}:16748: Warning: used $at without ".set noat"
{standard input}:16899: Warning: used $at without ".set noat"
{standard input}:16900: Warning: used $at without ".set noat"
{standard input}:17016: Warning: used $at without ".set noat"
{standard input}:17017: Warning: used $at without ".set noat"
{standard input}:17726: Warning: used $at without ".set noat"
{standard input}:17727: Warning: used $at without ".set noat"
{standard input}:18375: Warning: used $at without ".set noat"
{standard input}:18376: Warning: used $at without ".set noat"
  LD      build/ov_SC04_008/ov_SC04_008.elf
  OBJCOPY build/ov_SC04_008/ov_SC04_008
  TRIM    build/ov_SC04_008/ov_SC04_008 (-1 B linker end-align pad)
[ OK ] build/ov_SC04_008/ov_SC04_008
       sha1 cd6e32498d62c6293e898668c5fe7bacb307c4dc == config/check.ov_SC04_008.sha  (BYTE-IDENTICAL)
