  CC      build/src/ov_SC06_032/ov_SC06_032_jr_8017C24C.o
src/ov_SC06_032/ov_SC06_032_jr_8017C24C.c:1523: warning: conflicting types for built-in function `memcpy'
src/ov_SC06_032/ov_SC06_032_jr_8017C24C.c:4161: warning: "gte_ldv0" redefined
 4161 | #define gte_ldv0(r0)  __asm__ __volatile__( \
      | 
src/ov_SC06_032/ov_SC06_032_jr_8017C24C.c:2682: note: this is the location of the previous definition
 2682 | #define gte_ldv0(r0) __asm__ volatile (          \
      | 
src/ov_SC06_032/ov_SC06_032_jr_8017C24C.c:3730: warning: type mismatch with previous external decl
src/ov_SC06_032/ov_SC06_032_jr_8017C24C.c:3712: warning: previous external decl of `func_8017DCA4'
src/ov_SC06_032/ov_SC06_032_jr_8017C24C.c:3730: warning: type mismatch with previous implicit declaration
src/ov_SC06_032/ov_SC06_032_jr_8017C24C.c:3712: warning: previous implicit declaration of `func_8017DCA4'
src/ov_SC06_032/ov_SC06_032_jr_8017C24C.c:3730: warning: `func_8017DCA4' was previously implicitly declared to return `int'
src/ov_SC06_032/ov_SC06_032_jr_8017C24C.c: In function `func_8017E140':
src/ov_SC06_032/ov_SC06_032_jr_8017C24C.c:3994: warning: type mismatch with previous external decl
src/ov_SC06_032/ov_SC06_032_jr_8017C24C.c:3858: warning: previous external decl of `D_801D04E8'
src/ov_SC06_032/ov_SC06_032_jr_8017C24C.c: In function `func_8017E814':
src/ov_SC06_032/ov_SC06_032_jr_8017C24C.c:4301: warning: passing arg 2 of `func_8012C354' makes integer from pointer without a cast
src/ov_SC06_032/ov_SC06_032_jr_8017C24C.c: In function `func_8017F2A4':
src/ov_SC06_032/ov_SC06_032_jr_8017C24C.c:4757: warning: passing arg 2 of `func_8012F214' makes integer from pointer without a cast
src/ov_SC06_032/ov_SC06_032_jr_8017C24C.c:4757: warning: passing arg 3 of `func_8012F214' makes integer from pointer without a cast
src/ov_SC06_032/ov_SC06_032_jr_8017C24C.c: In function `func_801801A4':
src/ov_SC06_032/ov_SC06_032_jr_8017C24C.c:5443: warning: passing arg 2 of `func_8012A828' makes pointer from integer without a cast
src/ov_SC06_032/ov_SC06_032_jr_8017C24C.c: In function `func_801801E4':
src/ov_SC06_032/ov_SC06_032_jr_8017C24C.c:5457: warning: passing arg 2 of `func_8012F214' makes integer from pointer without a cast
src/ov_SC06_032/ov_SC06_032_jr_8017C24C.c:5457: warning: passing arg 3 of `func_8012F214' makes integer from pointer without a cast
  LD      build/ov_SC06_032/ov_SC06_032.elf
  OBJCOPY build/ov_SC06_032/ov_SC06_032
  TRIM    build/ov_SC06_032/ov_SC06_032 (-1 B linker end-align pad)
[ OK ] build/ov_SC06_032/ov_SC06_032
       sha1 af117efbe4c0142d204bd243e41fd53e6ea5e350 == config/check.ov_SC06_032.sha  (BYTE-IDENTICAL)
