  CC      build/src/ov_SC06_014/ov_SC06_014_jr_8017BEBC.o
src/ov_SC06_014/ov_SC06_014_jr_8017BEBC.c:1531: warning: conflicting types for built-in function `memcpy'
src/ov_SC06_014/ov_SC06_014_jr_8017BEBC.c: In function `func_8017D6D4':
src/ov_SC06_014/ov_SC06_014_jr_8017BEBC.c:3563: warning: type mismatch with previous external decl
src/ov_SC06_014/ov_SC06_014_jr_8017BEBC.c:3539: warning: previous external decl of `D_80126940'
src/ov_SC06_014/ov_SC06_014_jr_8017BEBC.c: In function `func_8017E034':
src/ov_SC06_014/ov_SC06_014_jr_8017BEBC.c:3902: warning: type mismatch with previous external decl
src/ov_SC06_014/ov_SC06_014_jr_8017BEBC.c:3762: warning: previous external decl of `func_8012A828'
src/ov_SC06_014/ov_SC06_014_jr_8017BEBC.c:3902: warning: type mismatch with previous implicit declaration
src/ov_SC06_014/ov_SC06_014_jr_8017BEBC.c:3762: warning: previous implicit declaration of `func_8012A828'
src/ov_SC06_014/ov_SC06_014_jr_8017BEBC.c: At top level:
src/ov_SC06_014/ov_SC06_014_jr_8017BEBC.c:3981: warning: type mismatch with previous external decl
src/ov_SC06_014/ov_SC06_014_jr_8017BEBC.c:3762: warning: previous external decl of `func_8012A828'
src/ov_SC06_014/ov_SC06_014_jr_8017BEBC.c:3981: warning: type mismatch with previous implicit declaration
src/ov_SC06_014/ov_SC06_014_jr_8017BEBC.c:3762: warning: previous implicit declaration of `func_8012A828'
src/ov_SC06_014/ov_SC06_014_jr_8017BEBC.c:3981: warning: `func_8012A828' was previously implicitly declared to return `int'
src/ov_SC06_014/ov_SC06_014_jr_8017BEBC.c: In function `func_8017E29C':
src/ov_SC06_014/ov_SC06_014_jr_8017BEBC.c:4000: warning: passing arg 2 of `func_8012A828' makes integer from pointer without a cast
src/ov_SC06_014/ov_SC06_014_jr_8017BEBC.c: At top level:
src/ov_SC06_014/ov_SC06_014_jr_8017BEBC.c:4056: warning: type mismatch with previous external decl
src/ov_SC06_014/ov_SC06_014_jr_8017BEBC.c:4027: warning: previous external decl of `func_8017E8D8'
src/ov_SC06_014/ov_SC06_014_jr_8017BEBC.c:4056: warning: type mismatch with previous implicit declaration
src/ov_SC06_014/ov_SC06_014_jr_8017BEBC.c:4027: warning: previous implicit declaration of `func_8017E8D8'
src/ov_SC06_014/ov_SC06_014_jr_8017BEBC.c:4056: warning: `func_8017E8D8' was previously implicitly declared to return `int'
src/ov_SC06_014/ov_SC06_014_jr_8017BEBC.c:4059: warning: type mismatch with previous external decl
src/ov_SC06_014/ov_SC06_014_jr_8017BEBC.c:4034: warning: previous external decl of `func_8012B178'
src/ov_SC06_014/ov_SC06_014_jr_8017BEBC.c:4059: warning: type mismatch with previous implicit declaration
src/ov_SC06_014/ov_SC06_014_jr_8017BEBC.c:4034: warning: previous implicit declaration of `func_8012B178'
src/ov_SC06_014/ov_SC06_014_jr_8017BEBC.c:4059: warning: `func_8012B178' was previously implicitly declared to return `int'
src/ov_SC06_014/ov_SC06_014_jr_8017BEBC.c: In function `func_8017E778':
src/ov_SC06_014/ov_SC06_014_jr_8017BEBC.c:4182: warning: passing arg 2 of `func_8012A828' makes integer from pointer without a cast
src/ov_SC06_014/ov_SC06_014_jr_8017BEBC.c: In function `func_8017E874':
src/ov_SC06_014/ov_SC06_014_jr_8017BEBC.c:4213: warning: passing arg 2 of `func_8012A828' makes integer from pointer without a cast
src/ov_SC06_014/ov_SC06_014_jr_8017BEBC.c: In function `func_8017FB4C':
src/ov_SC06_014/ov_SC06_014_jr_8017BEBC.c:5025: warning: passing arg 1 of `func_8017FD74' makes integer from pointer without a cast
  LD      build/ov_SC06_014/ov_SC06_014.elf
  OBJCOPY build/ov_SC06_014/ov_SC06_014
  TRIM    build/ov_SC06_014/ov_SC06_014 (-1 B linker end-align pad)
[ OK ] build/ov_SC06_014/ov_SC06_014
       sha1 e0cecd5ba66d70825ac4efde6fbf369e9b787264 == config/check.ov_SC06_014.sha  (BYTE-IDENTICAL)
