  CC      build/src/ov_SC01_001/ov_SC01_001_jr_8012ACE0.o
src/ov_SC01_001/../shared/ov/func_8012D098.h: In function `func_8012D098':
In file included from src/ov_SC01_001/ov_SC01_001_jr_8012ACE0.c:546:
src/ov_SC01_001/../shared/ov/func_8012D098.h:26: warning: passing arg 1 of `func_8012F214' makes integer from pointer without a cast
src/ov_SC01_001/../shared/ov/func_8012D098.h:26: warning: passing arg 2 of `func_8012F214' makes integer from pointer without a cast
src/ov_SC01_001/../shared/ov/func_8012D098.h:26: warning: passing arg 3 of `func_8012F214' makes integer from pointer without a cast
src/ov_SC01_001/../shared/ov/func_8012D098.h:30: warning: passing arg 1 of `func_8012F214' makes integer from pointer without a cast
src/ov_SC01_001/../shared/ov/func_8012D098.h:30: warning: passing arg 2 of `func_8012F214' makes integer from pointer without a cast
src/ov_SC01_001/../shared/ov/func_8012D098.h:30: warning: passing arg 3 of `func_8012F214' makes integer from pointer without a cast
src/ov_SC01_001/../shared/ov/func_8012D098.h:34: warning: passing arg 1 of `func_8012F214' makes integer from pointer without a cast
src/ov_SC01_001/../shared/ov/func_8012D098.h:34: warning: passing arg 2 of `func_8012F214' makes integer from pointer without a cast
src/ov_SC01_001/../shared/ov/func_8012D098.h:34: warning: passing arg 3 of `func_8012F214' makes integer from pointer without a cast
src/ov_SC01_001/../shared/ov/func_8012D098.h:38: warning: passing arg 1 of `func_8012F214' makes integer from pointer without a cast
src/ov_SC01_001/../shared/ov/func_8012D098.h:38: warning: passing arg 2 of `func_8012F214' makes integer from pointer without a cast
src/ov_SC01_001/../shared/ov/func_8012D098.h:38: warning: passing arg 3 of `func_8012F214' makes integer from pointer without a cast
src/ov_SC01_001/../shared/ov/func_8012D098.h:42: warning: passing arg 1 of `func_8012F214' makes integer from pointer without a cast
src/ov_SC01_001/../shared/ov/func_8012D098.h:42: warning: passing arg 2 of `func_8012F214' makes integer from pointer without a cast
src/ov_SC01_001/../shared/ov/func_8012D098.h:42: warning: passing arg 3 of `func_8012F214' makes integer from pointer without a cast
src/ov_SC01_001/../shared/ov/func_8012D098.h:46: warning: passing arg 1 of `func_8012F214' makes integer from pointer without a cast
src/ov_SC01_001/../shared/ov/func_8012D098.h:46: warning: passing arg 2 of `func_8012F214' makes integer from pointer without a cast
src/ov_SC01_001/../shared/ov/func_8012D098.h:46: warning: passing arg 3 of `func_8012F214' makes integer from pointer without a cast
src/ov_SC01_001/../shared/ov/func_8012D098.h:50: warning: passing arg 1 of `func_8012F214' makes integer from pointer without a cast
src/ov_SC01_001/../shared/ov/func_8012D098.h:50: warning: passing arg 2 of `func_8012F214' makes integer from pointer without a cast
src/ov_SC01_001/../shared/ov/func_8012D098.h:50: warning: passing arg 3 of `func_8012F214' makes integer from pointer without a cast
src/ov_SC01_001/../shared/ov/func_8012D098.h:54: warning: passing arg 1 of `func_8012F214' makes integer from pointer without a cast
src/ov_SC01_001/../shared/ov/func_8012D098.h:54: warning: passing arg 2 of `func_8012F214' makes integer from pointer without a cast
src/ov_SC01_001/../shared/ov/func_8012D098.h:54: warning: passing arg 3 of `func_8012F214' makes integer from pointer without a cast
src/ov_SC01_001/../shared/ov/func_8012D098.h:55: warning: passing arg 1 of `func_8012D3B4' makes integer from pointer without a cast
src/ov_SC01_001/../shared/ov/func_8012D098.h:55: warning: passing arg 2 of `func_8012D3B4' makes integer from pointer without a cast
src/ov_SC01_001/../shared/ov/func_8012D098.h:56: warning: passing arg 1 of `func_8012D3B4' makes integer from pointer without a cast
src/ov_SC01_001/../shared/ov/func_8012D098.h:56: warning: passing arg 2 of `func_8012D3B4' makes integer from pointer without a cast
src/ov_SC01_001/../shared/ov/func_8012D098.h:57: warning: passing arg 1 of `func_8012D3B4' makes integer from pointer without a cast
src/ov_SC01_001/../shared/ov/func_8012D098.h:57: warning: passing arg 2 of `func_8012D3B4' makes integer from pointer without a cast
src/ov_SC01_001/../shared/ov/func_8012D098.h:58: warning: passing arg 1 of `func_8012D3B4' makes integer from pointer without a cast
src/ov_SC01_001/../shared/ov/func_8012D098.h:58: warning: passing arg 2 of `func_8012D3B4' makes integer from pointer without a cast
src/ov_SC01_001/../shared/ov/func_8012D098.h:59: warning: passing arg 1 of `func_8012D3B4' makes integer from pointer without a cast
src/ov_SC01_001/../shared/ov/func_8012D098.h:59: warning: passing arg 2 of `func_8012D3B4' makes integer from pointer without a cast
src/ov_SC01_001/../shared/ov/func_8012D098.h:60: warning: passing arg 1 of `func_8012D3B4' makes integer from pointer without a cast
src/ov_SC01_001/../shared/ov/func_8012D098.h:60: warning: passing arg 2 of `func_8012D3B4' makes integer from pointer without a cast
src/ov_SC01_001/../shared/ov/func_8012D098.h:61: warning: passing arg 1 of `func_8012D3B4' makes integer from pointer without a cast
src/ov_SC01_001/../shared/ov/func_8012D098.h:61: warning: passing arg 2 of `func_8012D3B4' makes integer from pointer without a cast
src/ov_SC01_001/../shared/ov/func_8012D098.h:62: warning: passing arg 1 of `func_8012D3B4' makes integer from pointer without a cast
src/ov_SC01_001/../shared/ov/func_8012D098.h:62: warning: passing arg 2 of `func_8012D3B4' makes integer from pointer without a cast
src/ov_SC01_001/../shared/ov/func_8012D098.h:63: warning: passing arg 1 of `func_8012D3B4' makes integer from pointer without a cast
src/ov_SC01_001/../shared/ov/func_8012D098.h:63: warning: passing arg 2 of `func_8012D3B4' makes integer from pointer without a cast
src/ov_SC01_001/../shared/ov/func_8012D098.h:64: warning: passing arg 1 of `func_8012D3B4' makes integer from pointer without a cast
src/ov_SC01_001/../shared/ov/func_8012D098.h:64: warning: passing arg 2 of `func_8012D3B4' makes integer from pointer without a cast
src/ov_SC01_001/../shared/ov/func_8012D098.h:65: warning: passing arg 1 of `func_8012D3B4' makes integer from pointer without a cast
src/ov_SC01_001/../shared/ov/func_8012D098.h:65: warning: passing arg 2 of `func_8012D3B4' makes integer from pointer without a cast
src/ov_SC01_001/../shared/ov/func_8012D098.h:66: warning: passing arg 1 of `func_8012D3B4' makes integer from pointer without a cast
src/ov_SC01_001/../shared/ov/func_8012D098.h:66: warning: passing arg 2 of `func_8012D3B4' makes integer from pointer without a cast
src/ov_SC01_001/../shared/ov/func_8012D38C.h: In function `func_8012D38C':
In file included from src/ov_SC01_001/ov_SC01_001_jr_8012ACE0.c:548:
src/ov_SC01_001/../shared/ov/func_8012D38C.h:5: warning: passing arg 1 of `func_8012D098' makes pointer from integer without a cast
src/ov_SC01_001/../shared/ov/func_8012D3B4.h: At top level:
In file included from src/ov_SC01_001/ov_SC01_001_jr_8012ACE0.c:552:
src/ov_SC01_001/../shared/ov/func_8012D3B4.h:4: warning: type mismatch with previous external decl
src/ov_SC01_001/../shared/ov/func_8012CFA8.h:6: warning: previous external decl of `RotTransPers'
src/ov_SC01_001/../shared/ov/func_8012D3B4.h: In function `func_8012D3B4':
src/ov_SC01_001/../shared/ov/func_8012D3B4.h:22: warning: passing arg 2 of `RotTransPers' makes integer from pointer without a cast
src/ov_SC01_001/../shared/ov/func_8012D3B4.h:23: warning: passing arg 2 of `RotTransPers' makes integer from pointer without a cast
src/ov_SC01_001/../shared/ov/func_8012D4B4.h: In function `func_8012D4B4':
In file included from src/ov_SC01_001/ov_SC01_001_jr_8012ACE0.c:554:
src/ov_SC01_001/../shared/ov/func_8012D4B4.h:27: warning: passing arg 2 of `RotTransPers' makes integer from pointer without a cast
src/ov_SC01_001/../shared/ov/func_8012D4B4.h:29: warning: passing arg 2 of `RotTransPers' makes integer from pointer without a cast
src/ov_SC01_001/ov_SC01_001_jr_8012ACE0.c: At top level:
src/ov_SC01_001/ov_SC01_001_jr_8012ACE0.c:593: warning: type mismatch with previous external decl
src/ov_SC01_001/ov_SC01_001_jr_8012ACE0.c:568: warning: previous external decl of `func_8012F568'
src/ov_SC01_001/ov_SC01_001_jr_8012ACE0.c: In function `func_8012DB84':
src/ov_SC01_001/ov_SC01_001_jr_8012ACE0.c:601: warning: passing arg 5 of `func_8012F568' makes integer from pointer without a cast
src/ov_SC01_001/ov_SC01_001_jr_8012ACE0.c:601: warning: passing arg 6 of `func_8012F568' makes integer from pointer without a cast
src/ov_SC01_001/ov_SC01_001_jr_8012ACE0.c: In function `func_8012DDA4':
src/ov_SC01_001/ov_SC01_001_jr_8012ACE0.c:625: warning: return makes integer from pointer without a cast
src/ov_SC01_001/ov_SC01_001_jr_8012ACE0.c: In function `func_8012DE2C':
src/ov_SC01_001/ov_SC01_001_jr_8012ACE0.c:640: warning: type mismatch with previous external decl
src/ov_SC01_001/ov_SC01_001_jr_8012ACE0.c:615: warning: previous external decl of `D_801EC68C'
src/ov_SC01_001/ov_SC01_001_jr_8012ACE0.c:641: warning: type mismatch with previous external decl
src/ov_SC01_001/ov_SC01_001_jr_8012ACE0.c:616: warning: previous external decl of `D_801EC688'
src/ov_SC01_001/ov_SC01_001_jr_8012ACE0.c:656: warning: return makes integer from pointer without a cast
src/ov_SC01_001/../shared/ov/func_8012E138.h: In function `func_8012E138':
In file included from src/ov_SC01_001/ov_SC01_001_jr_8012ACE0.c:678:
src/ov_SC01_001/../shared/ov/func_8012E138.h:19: warning: passing arg 2 of `func_8012F038' from incompatible pointer type
src/ov_SC01_001/../shared/ov/func_8012E138.h:19: warning: passing arg 3 of `func_8012F038' from incompatible pointer type
src/ov_SC01_001/../shared/ov/func_8012E138.h:36: warning: passing arg 2 of `func_8012F14C' makes integer from pointer without a cast
src/ov_SC01_001/../shared/ov/func_8012E138.h:36: warning: passing arg 3 of `func_8012F14C' makes integer from pointer without a cast
src/ov_SC01_001/../shared/ov/func_8012E138.h:37: warning: passing arg 3 of `func_80135888' makes integer from pointer without a cast
src/ov_SC01_001/../shared/ov/func_8012E138.h:37: warning: passing arg 4 of `func_80135888' makes integer from pointer without a cast
src/ov_SC01_001/../shared/ov/func_8012F568.h: In function `func_8012F568':
In file included from src/ov_SC01_001/ov_SC01_001_jr_8012ACE0.c:1100:
src/ov_SC01_001/../shared/ov/func_8012F568.h:12: warning: passing arg 2 of `memcpy' makes pointer from integer without a cast
src/ov_SC01_001/../shared/ov/func_8012F568.h:13: warning: passing arg 2 of `memcpy' makes pointer from integer without a cast
src/ov_SC01_001/ov_SC01_001_jr_8012ACE0.c: In function `func_80130D48':
src/ov_SC01_001/ov_SC01_001_jr_8012ACE0.c:1433: warning: assignment makes pointer from integer without a cast
src/ov_SC01_001/ov_SC01_001_jr_8012ACE0.c: In function `func_80131340':
src/ov_SC01_001/ov_SC01_001_jr_8012ACE0.c:1620: warning: type mismatch with previous external decl
src/ov_SC01_001/ov_SC01_001_jr_8012ACE0.c:1503: warning: previous external decl of `D_80183D10'
src/ov_SC01_001/ov_SC01_001_jr_8012ACE0.c:1666: warning: passing arg 1 of `func_80131E00' makes pointer from integer without a cast
src/ov_SC01_001/ov_SC01_001_jr_8012ACE0.c:1720: warning: passing arg 1 of `func_80131E00' makes pointer from integer without a cast
src/ov_SC01_001/ov_SC01_001_jr_8012ACE0.c:1764: warning: passing arg 1 of `func_80131E00' makes pointer from integer without a cast
src/ov_SC01_001/ov_SC01_001_jr_8012ACE0.c:1795: warning: passing arg 1 of `func_80131E00' makes pointer from integer without a cast
src/ov_SC01_001/ov_SC01_001_jr_8012ACE0.c:1800: warning: passing arg 1 of `func_80131E00' makes pointer from integer without a cast
src/ov_SC01_001/ov_SC01_001_jr_8012ACE0.c:1817: warning: passing arg 1 of `func_80131E00' makes pointer from integer without a cast
src/ov_SC01_001/ov_SC01_001_jr_8012ACE0.c:1827: warning: passing arg 1 of `func_80131E00' makes pointer from integer without a cast
src/ov_SC01_001/../shared/ov/func_801325B8.h: In function `func_801325B8':
In file included from src/ov_SC01_001/ov_SC01_001_jr_8012ACE0.c:2189:
src/ov_SC01_001/../shared/ov/func_801325B8.h:34: warning: passing arg 1 of `memcpy' makes pointer from integer without a cast
src/ov_SC01_001/../shared/ov/func_801325B8.h:34: warning: passing arg 2 of `memcpy' makes pointer from integer without a cast
src/ov_SC01_001/../shared/ov/func_801325B8.h:57: warning: passing arg 1 of `memcpy' makes pointer from integer without a cast
src/ov_SC01_001/../shared/ov/func_801325B8.h:57: warning: passing arg 2 of `memcpy' makes pointer from integer without a cast
src/ov_SC01_001/../shared/ov/func_80132EF4.h: In function `func_80132EF4':
In file included from src/ov_SC01_001/ov_SC01_001_jr_8012ACE0.c:2201:
src/ov_SC01_001/../shared/ov/func_80132EF4.h:6: warning: initialization makes integer from pointer without a cast
src/ov_SC01_001/../shared/ov/func_80132F40.h: In function `func_80132F40':
In file included from src/ov_SC01_001/ov_SC01_001_jr_8012ACE0.c:2282:
src/ov_SC01_001/../shared/ov/func_80132F40.h:34: warning: passing arg 2 of `func_8012F038' from incompatible pointer type
src/ov_SC01_001/../shared/ov/func_80132F40.h:34: warning: passing arg 3 of `func_8012F038' from incompatible pointer type
src/ov_SC01_001/../shared/ov/func_80132F40.h:36: warning: passing arg 2 of `func_8012F14C' makes integer from pointer without a cast
src/ov_SC01_001/../shared/ov/func_80132F40.h:36: warning: passing arg 3 of `func_8012F14C' makes integer from pointer without a cast
src/ov_SC01_001/ov_SC01_001_jr_8012ACE0.c: In function `func_80133AB0':
src/ov_SC01_001/ov_SC01_001_jr_8012ACE0.c:2533: warning: type mismatch with previous external decl
src/ov_SC01_001/ov_SC01_001_jr_8012ACE0.c:2422: warning: previous external decl of `D_80183DEC'
src/ov_SC01_001/ov_SC01_001_jr_8012ACE0.c:2534: warning: type mismatch with previous external decl
src/ov_SC01_001/ov_SC01_001_jr_8012ACE0.c:2421: warning: previous external decl of `D_80183DE8'
src/ov_SC01_001/ov_SC01_001_jr_8012ACE0.c: In function `func_80133CD4':
src/ov_SC01_001/ov_SC01_001_jr_8012ACE0.c:2617: warning: type mismatch with previous external decl
src/ov_SC01_001/ov_SC01_001_jr_8012ACE0.c:2422: warning: previous external decl of `D_80183DEC'
src/ov_SC01_001/ov_SC01_001_jr_8012ACE0.c:2618: warning: type mismatch with previous external decl
src/ov_SC01_001/ov_SC01_001_jr_8012ACE0.c:2421: warning: previous external decl of `D_80183DE8'
src/ov_SC01_001/ov_SC01_001_jr_8012ACE0.c:2619: warning: type mismatch with previous external decl
src/ov_SC01_001/ov_SC01_001_jr_8012ACE0.c:2535: warning: previous external decl of `D_80183DF4'
src/ov_SC01_001/ov_SC01_001_jr_8012ACE0.c: In function `func_801343C4':
src/ov_SC01_001/ov_SC01_001_jr_8012ACE0.c:2793: warning: type mismatch with previous external decl
src/ov_SC01_001/ov_SC01_001_jr_8012ACE0.c:2421: warning: previous external decl of `D_80183DE8'
src/ov_SC01_001/ov_SC01_001_jr_8012ACE0.c:2794: warning: type mismatch with previous external decl
src/ov_SC01_001/ov_SC01_001_jr_8012ACE0.c:2422: warning: previous external decl of `D_80183DEC'
src/ov_SC01_001/ov_SC01_001_jr_8012ACE0.c:2796: warning: type mismatch with previous external decl
src/ov_SC01_001/ov_SC01_001_jr_8012ACE0.c:2423: warning: previous external decl of `D_801EC6E4'
src/ov_SC01_001/ov_SC01_001_jr_8012ACE0.c: In function `func_80134510':
src/ov_SC01_001/ov_SC01_001_jr_8012ACE0.c:2849: warning: type mismatch with previous external decl
src/ov_SC01_001/ov_SC01_001_jr_8012ACE0.c:2421: warning: previous external decl of `D_80183DE8'
src/ov_SC01_001/ov_SC01_001_jr_8012ACE0.c:2850: warning: type mismatch with previous external decl
src/ov_SC01_001/ov_SC01_001_jr_8012ACE0.c:2422: warning: previous external decl of `D_80183DEC'
src/ov_SC01_001/ov_SC01_001_jr_8012ACE0.c:2851: warning: type mismatch with previous external decl
src/ov_SC01_001/ov_SC01_001_jr_8012ACE0.c:2620: warning: previous external decl of `D_80183DF0'
src/ov_SC01_001/ov_SC01_001_jr_8012ACE0.c: In function `func_801345F8':
src/ov_SC01_001/ov_SC01_001_jr_8012ACE0.c:2898: warning: type mismatch with previous external decl
src/ov_SC01_001/ov_SC01_001_jr_8012ACE0.c:2421: warning: previous external decl of `D_80183DE8'
src/ov_SC01_001/ov_SC01_001_jr_8012ACE0.c: At top level:
src/ov_SC01_001/ov_SC01_001_jr_8012ACE0.c:2957: warning: type mismatch with previous external decl
src/ov_SC01_001/ov_SC01_001_jr_8012ACE0.c:2897: warning: previous external decl of `func_801347A0'
src/ov_SC01_001/ov_SC01_001_jr_8012ACE0.c: In function `func_801347A0':
src/ov_SC01_001/ov_SC01_001_jr_8012ACE0.c:2959: warning: type mismatch with previous external decl
src/ov_SC01_001/ov_SC01_001_jr_8012ACE0.c:2422: warning: previous external decl of `D_80183DEC'
src/ov_SC01_001/ov_SC01_001_jr_8012ACE0.c:2960: warning: type mismatch with previous external decl
src/ov_SC01_001/ov_SC01_001_jr_8012ACE0.c:2421: warning: previous external decl of `D_80183DE8'
src/ov_SC01_001/ov_SC01_001_jr_8012ACE0.c:2961: warning: type mismatch with previous external decl
src/ov_SC01_001/ov_SC01_001_jr_8012ACE0.c:2620: warning: previous external decl of `D_80183DF0'
src/ov_SC01_001/ov_SC01_001_jr_8012ACE0.c: In function `func_80134C20':
src/ov_SC01_001/ov_SC01_001_jr_8012ACE0.c:3081: warning: type mismatch with previous external decl
src/ov_SC01_001/ov_SC01_001_jr_8012ACE0.c:2421: warning: previous external decl of `D_80183DE8'
src/ov_SC01_001/ov_SC01_001_jr_8012ACE0.c:3082: warning: type mismatch with previous external decl
src/ov_SC01_001/ov_SC01_001_jr_8012ACE0.c:2422: warning: previous external decl of `D_80183DEC'
src/ov_SC01_001/ov_SC01_001_jr_8012ACE0.c:3083: warning: type mismatch with previous external decl
src/ov_SC01_001/ov_SC01_001_jr_8012ACE0.c:2620: warning: previous external decl of `D_80183DF0'
src/ov_SC01_001/ov_SC01_001_jr_8012ACE0.c:3084: warning: type mismatch with previous external decl
src/ov_SC01_001/ov_SC01_001_jr_8012ACE0.c:2535: warning: previous external decl of `D_80183DF4'
src/ov_SC01_001/ov_SC01_001_jr_8012ACE0.c: In function `func_80135004':
src/ov_SC01_001/ov_SC01_001_jr_8012ACE0.c:3176: warning: type mismatch with previous external decl
src/ov_SC01_001/ov_SC01_001_jr_8012ACE0.c:2422: warning: previous external decl of `D_80183DEC'
src/ov_SC01_001/ov_SC01_001_jr_8012ACE0.c:3177: warning: type mismatch with previous external decl
src/ov_SC01_001/ov_SC01_001_jr_8012ACE0.c:2421: warning: previous external decl of `D_80183DE8'
src/ov_SC01_001/ov_SC01_001_jr_8012ACE0.c: In function `func_80135168':
src/ov_SC01_001/ov_SC01_001_jr_8012ACE0.c:3245: warning: type mismatch with previous external decl
src/ov_SC01_001/ov_SC01_001_jr_8012ACE0.c:2421: warning: previous external decl of `D_80183DE8'
src/ov_SC01_001/ov_SC01_001_jr_8012ACE0.c:3246: warning: type mismatch with previous external decl
src/ov_SC01_001/ov_SC01_001_jr_8012ACE0.c:2422: warning: previous external decl of `D_80183DEC'
src/ov_SC01_001/ov_SC01_001_jr_8012ACE0.c: In function `func_80135260':
src/ov_SC01_001/ov_SC01_001_jr_8012ACE0.c:3320: warning: type mismatch with previous external decl
src/ov_SC01_001/ov_SC01_001_jr_8012ACE0.c:2421: warning: previous external decl of `D_80183DE8'
src/ov_SC01_001/ov_SC01_001_jr_8012ACE0.c:3321: warning: type mismatch with previous external decl
src/ov_SC01_001/ov_SC01_001_jr_8012ACE0.c:2422: warning: previous external decl of `D_80183DEC'
src/ov_SC01_001/ov_SC01_001_jr_8012ACE0.c:3322: warning: type mismatch with previous external decl
src/ov_SC01_001/ov_SC01_001_jr_8012ACE0.c:2535: warning: previous external decl of `D_80183DF4'
src/ov_SC01_001/ov_SC01_001_jr_8012ACE0.c: In function `func_80135480':
src/ov_SC01_001/ov_SC01_001_jr_8012ACE0.c:3440: warning: type mismatch with previous external decl
src/ov_SC01_001/ov_SC01_001_jr_8012ACE0.c:2421: warning: previous external decl of `D_80183DE8'
src/ov_SC01_001/ov_SC01_001_jr_8012ACE0.c:3441: warning: type mismatch with previous external decl
src/ov_SC01_001/ov_SC01_001_jr_8012ACE0.c:2422: warning: previous external decl of `D_80183DEC'
  LD      build/ov_SC01_001/ov_SC01_001.elf
  OBJCOPY build/ov_SC01_001/ov_SC01_001
  TRIM    build/ov_SC01_001/ov_SC01_001 (-1 B linker end-align pad)
[ OK ] build/ov_SC01_001/ov_SC01_001
       sha1 a8e49bc0df30ee5f25cb97d3a68a2524ae5a88bb == config/check.ov_SC01_001.sha  (BYTE-IDENTICAL)
