  CC      build/src/ov_MAIN_012/ov_MAIN_012_jr_801380E0.o
  CC      build/src/ov_MAIN_012/ov_MAIN_012_jr_801594E8.o
  CC      build/src/ov_MAIN_012/ov_MAIN_012_jr_8016AE5C.o
  CC      build/src/ov_MAIN_012/ov_MAIN_012_jr_8015444C.o
  CC      build/src/ov_MAIN_012/ov_MAIN_012_jr_80171B4C.o
  CC      build/src/ov_MAIN_012/ov_MAIN_012_jr_801549F8.o
  CC      build/src/ov_MAIN_012/ov_MAIN_012_jr_801555F4.o
  CC      build/src/ov_MAIN_012/ov_MAIN_012.o
  CC      build/src/ov_MAIN_012/ov_MAIN_012_o0c.o
  CC      build/src/ov_MAIN_012/ov_MAIN_012_jr_8013F350.o
src/ov_MAIN_012/ov_MAIN_012_jr_8015444C.c:1960:1: warning: "/*" within comment [-Wcomment]
 1960 | /* ==== end §8b carried decl layer ==== */
      |  
src/ov_MAIN_012/ov_MAIN_012_o0c.c:852: warning: type mismatch with previous external decl
src/ov_MAIN_012/ov_MAIN_012_o0c.c:844: warning: previous external decl of `func_8013B83C'
src/ov_MAIN_012/ov_MAIN_012_o0c.c:852: warning: type mismatch with previous implicit declaration
src/ov_MAIN_012/ov_MAIN_012_o0c.c:844: warning: previous implicit declaration of `func_8013B83C'
src/ov_MAIN_012/ov_MAIN_012_o0c.c:852: warning: `func_8013B83C' was previously implicitly declared to return `int'
src/ov_MAIN_012/ov_MAIN_012_o0c.c:994: warning: type mismatch with previous external decl
src/ov_MAIN_012/ov_MAIN_012_o0c.c:894: warning: previous external decl of `func_8013BD74'
src/ov_MAIN_012/ov_MAIN_012_o0c.c:994: warning: type mismatch with previous implicit declaration
src/ov_MAIN_012/ov_MAIN_012_o0c.c:984: warning: previous implicit declaration of `func_8013BD74'
src/ov_MAIN_012/ov_MAIN_012_o0c.c:994: warning: `func_8013BD74' was previously implicitly declared to return `int'
src/ov_MAIN_012/../shared/ov/func_801387B8.h: In function `func_801387B8':
In file included from src/ov_MAIN_012/ov_MAIN_012_jr_801380E0.c:726:
src/ov_MAIN_012/../shared/ov/func_801387B8.h:5: warning: type mismatch with previous external decl
src/ov_MAIN_012/../shared/ov/func_801380E0__t6e5fdbea.h:14: warning: previous external decl of `func_80139220'
src/ov_MAIN_012/../shared/ov/func_801387B8.h:29: warning: passing arg 1 of `func_80138DE0' makes pointer from integer without a cast
src/ov_MAIN_012/../shared/ov/func_80171CC4.h: In function `func_80171CC4':
In file included from src/ov_MAIN_012/ov_MAIN_012_jr_80171B4C.c:3199:
src/ov_MAIN_012/../shared/ov/func_80171CC4.h:9: warning: passing arg 1 of `func_80171D78' makes integer from pointer without a cast
src/ov_MAIN_012/../shared/ov/func_80171CC4.h:9: warning: passing arg 2 of `func_80171D78' makes integer from pointer without a cast
src/ov_MAIN_012/../shared/ov/func_80138AB4.h: At top level:
In file included from src/ov_MAIN_012/ov_MAIN_012_jr_801380E0.c:735:
src/ov_MAIN_012/../shared/ov/func_80138AB4.h:7: warning: type mismatch with previous external decl
src/ov_MAIN_012/../shared/ov/func_801380E0__t6e5fdbea.h:9: warning: previous external decl of `func_80138AB4'
src/ov_MAIN_012/../shared/ov/func_80138AB4.h: In function `func_80138AB4':
src/ov_MAIN_012/../shared/ov/func_80138AB4.h:18: warning: passing arg 1 of `func_80138DE0' makes pointer from integer without a cast
src/ov_MAIN_012/../shared/ov/func_80159B08.h: In function `func_80159B08':
In file included from src/ov_MAIN_012/ov_MAIN_012_jr_801594E8.c:2337:
src/ov_MAIN_012/../shared/ov/func_80159B08.h:7: warning: passing arg 1 of `func_80159BE4' makes integer from pointer without a cast
src/ov_MAIN_012/../shared/ov/func_8016B448.h: In function `func_8016B448':
In file included from src/ov_MAIN_012/ov_MAIN_012_jr_8016AE5C.c:2881:
src/ov_MAIN_012/../shared/ov/func_8016B448.h:10: warning: passing arg 1 of `func_8014C050' makes integer from pointer without a cast
src/ov_MAIN_012/../shared/ov/func_8016B448.h:12: warning: passing arg 1 of `func_8016B984' makes pointer from integer without a cast
src/ov_MAIN_012/../shared/ov/func_8016B448.h:14: warning: passing arg 2 of `func_80146A6C' makes pointer from integer without a cast
In file included from src/ov_MAIN_012/ov_MAIN_012_jr_801549F8.c:2020:
src/ov_MAIN_012/../shared/ov/func_80154C24__t09f0cdf7.h:3: warning: type mismatch with previous external decl
src/ov_MAIN_012/../shared/ov/func_80154BE4.h:8: warning: previous external decl of `func_80154C24'
src/ov_MAIN_012/../shared/ov/func_80154C24__t09f0cdf7.h:3: warning: type mismatch with previous implicit declaration
src/ov_MAIN_012/../shared/ov/func_80154BE4.h:8: warning: previous implicit declaration of `func_80154C24'
src/ov_MAIN_012/../shared/ov/func_80154C24__t09f0cdf7.h:3: warning: `func_80154C24' was previously implicitly declared to return `int'
src/ov_MAIN_012/../shared/ov/func_80138D58.h: At top level:
In file included from src/ov_MAIN_012/ov_MAIN_012_jr_801380E0.c:805:
src/ov_MAIN_012/../shared/ov/func_80138D58.h:4: warning: type mismatch with previous external decl
src/ov_MAIN_012/../shared/ov/func_801380E0__t6e5fdbea.h:11: warning: previous external decl of `func_80138D58'
src/ov_MAIN_012/ov_MAIN_012_jr_8013F350.c: In function `func_8013FAF8':
src/ov_MAIN_012/ov_MAIN_012_jr_8013F350.c:1224: warning: passing arg 1 of `func_80024054' makes pointer from integer without a cast
src/ov_MAIN_012/ov_MAIN_012_jr_8013F350.c:1240: warning: passing arg 1 of `func_80024054' makes pointer from integer without a cast
src/ov_MAIN_012/ov_MAIN_012_jr_8013F350.c:1265: warning: passing arg 1 of `func_80137D08' makes integer from pointer without a cast
src/ov_MAIN_012/ov_MAIN_012_jr_8013F350.c:1265: warning: passing arg 2 of `func_80137D08' makes integer from pointer without a cast
src/ov_MAIN_012/ov_MAIN_012_jr_8013F350.c:1265: warning: assignment makes pointer from integer without a cast
src/ov_MAIN_012/ov_MAIN_012_jr_8013F350.c:1268: warning: passing arg 1 of `func_8013AB54' makes integer from pointer without a cast
src/ov_MAIN_012/ov_MAIN_012_jr_8013F350.c:1268: warning: passing arg 2 of `func_8013AB54' makes integer from pointer without a cast
src/ov_MAIN_012/ov_MAIN_012_jr_8013F350.c:1268: warning: assignment makes pointer from integer without a cast
src/ov_MAIN_012/../shared/ov/func_8017248C.h: In function `func_8017248C':
In file included from src/ov_MAIN_012/ov_MAIN_012_jr_80171B4C.c:3241:
src/ov_MAIN_012/../shared/ov/func_8017248C.h:6: warning: passing arg 1 makes pointer from integer without a cast
src/ov_MAIN_012/../shared/ov/func_8017248C.h:6: warning: passing arg 2 makes pointer from integer without a cast
In file included from src/ov_MAIN_012/ov_MAIN_012_jr_801380E0.c:819:
src/ov_MAIN_012/../shared/ov/func_8013914C.h:3: warning: type mismatch with previous external decl
src/ov_MAIN_012/../shared/ov/func_801380E0__t6e5fdbea.h:14: warning: previous external decl of `func_80139220'
src/ov_MAIN_012/../shared/ov/func_8017250C.h: In function `func_8017250C':
In file included from src/ov_MAIN_012/ov_MAIN_012_jr_80171B4C.c:3247:
src/ov_MAIN_012/../shared/ov/func_8017250C.h:5: warning: passing arg 1 of `func_80172560' from incompatible pointer type
src/ov_MAIN_012/../shared/ov/func_8017250C.h:5: warning: passing arg 2 of `func_80172560' from incompatible pointer type
In file included from src/ov_MAIN_012/ov_MAIN_012_jr_801549F8.c:2025:
src/ov_MAIN_012/../shared/ov/func_80154F9C.h:10: warning: type mismatch with previous external decl
src/ov_MAIN_012/../shared/ov/func_80154BE4.h:9: warning: previous external decl of `func_80154F9C'
src/ov_MAIN_012/../shared/ov/func_80154F9C.h:10: warning: type mismatch with previous implicit declaration
src/ov_MAIN_012/../shared/ov/func_80154BE4.h:9: warning: previous implicit declaration of `func_80154F9C'
src/ov_MAIN_012/../shared/ov/func_80154F9C.h:10: warning: `func_80154F9C' was previously implicitly declared to return `int'
In file included from src/ov_MAIN_012/ov_MAIN_012_jr_801380E0.c:822:
src/ov_MAIN_012/../shared/ov/func_801391F0.h:5: warning: type mismatch with previous external decl
src/ov_MAIN_012/../shared/ov/func_801380E0__t6e5fdbea.h:13: warning: previous external decl of `func_801391F0'
src/ov_MAIN_012/../shared/ov/func_8016BA68.h: In function `func_8016BA68':
In file included from src/ov_MAIN_012/ov_MAIN_012_jr_8016AE5C.c:3155:
src/ov_MAIN_012/../shared/ov/func_8016BA68.h:9: warning: passing arg 1 of `func_8014C050' makes integer from pointer without a cast
src/ov_MAIN_012/../shared/ov/func_8016BA68.h:11: warning: passing arg 1 makes pointer from integer without a cast
src/ov_MAIN_012/../shared/ov/func_8016BA68.h:13: warning: passing arg 2 of `func_80146A6C' makes pointer from integer without a cast
src/ov_MAIN_012/ov_MAIN_012_jr_8016AE5C.c: In function `func_8016BCC0':
src/ov_MAIN_012/ov_MAIN_012_jr_8016AE5C.c:3229: warning: type mismatch with previous external decl
src/ov_MAIN_012/ov_MAIN_012_jr_8016AE5C.c:3181: warning: previous external decl of `func_8016BF50'
src/ov_MAIN_012/ov_MAIN_012_jr_8016AE5C.c:3236: warning: passing arg 1 of `func_8016BFA8' makes integer from pointer without a cast
src/ov_MAIN_012/ov_MAIN_012_jr_8016AE5C.c:3236: warning: passing arg 2 of `func_8016BFA8' makes integer from pointer without a cast
src/ov_MAIN_012/ov_MAIN_012_jr_8016AE5C.c:3236: warning: passing arg 3 of `func_8016BFA8' makes integer from pointer without a cast
src/ov_MAIN_012/ov_MAIN_012_jr_8016AE5C.c:3236: warning: passing arg 4 of `func_8016BFA8' makes integer from pointer without a cast
src/ov_MAIN_012/../shared/ov/func_801726D0.h: In function `func_801726D0':
In file included from src/ov_MAIN_012/ov_MAIN_012_jr_80171B4C.c:3316:
src/ov_MAIN_012/../shared/ov/func_801726D0.h:10: warning: assignment from incompatible pointer type
src/ov_MAIN_012/ov_MAIN_012_jr_8016AE5C.c: At top level:
src/ov_MAIN_012/ov_MAIN_012_jr_8016AE5C.c:3246: warning: type mismatch with previous external decl
src/ov_MAIN_012/ov_MAIN_012_jr_8016AE5C.c:3181: warning: previous external decl of `func_8016BF50'
src/ov_MAIN_012/ov_MAIN_012_jr_8013F350.c: In function `func_8014032C':
src/ov_MAIN_012/ov_MAIN_012_jr_8013F350.c:1446: warning: type mismatch with previous external decl
src/ov_MAIN_012/ov_MAIN_012_jr_8013F350.c:1301: warning: previous external decl of `D_801841FC'
src/ov_MAIN_012/ov_MAIN_012_jr_8013F350.c:1528: warning: return makes integer from pointer without a cast
src/ov_MAIN_012/../shared/ov/func_80139680.h: In function `func_80139680':
In file included from src/ov_MAIN_012/ov_MAIN_012_jr_801380E0.c:840:
src/ov_MAIN_012/../shared/ov/func_80139680.h:39: warning: passing arg 2 of `func_80052460' makes integer from pointer without a cast
src/ov_MAIN_012/../shared/ov/func_80139788.h: At top level:
In file included from src/ov_MAIN_012/ov_MAIN_012_jr_801380E0.c:843:
src/ov_MAIN_012/../shared/ov/func_80139788.h:3: warning: type mismatch with previous external decl
src/ov_MAIN_012/../shared/ov/func_801380E0__t6e5fdbea.h:4: warning: previous external decl of `func_8001931C'
src/ov_MAIN_012/../shared/ov/func_80139788.h:5: warning: type mismatch with previous external decl
src/ov_MAIN_012/../shared/ov/func_801380E0__t6e5fdbea.h:15: warning: previous external decl of `func_80139788'
src/ov_MAIN_012/../shared/ov/func_80139914.h: In function `func_80139914':
In file included from src/ov_MAIN_012/ov_MAIN_012_jr_801380E0.c:916:
src/ov_MAIN_012/../shared/ov/func_80139914.h:12: warning: passing arg 1 of `func_8013A8B0' makes pointer from integer without a cast
src/ov_MAIN_012/../shared/ov/func_80172D14.h: In function `func_80172D14':
In file included from src/ov_MAIN_012/ov_MAIN_012_jr_80171B4C.c:3422:
src/ov_MAIN_012/../shared/ov/func_80172D14.h:9: warning: passing arg 1 of `func_80171AB0' makes integer from pointer without a cast
src/ov_MAIN_012/../shared/ov/func_80172D14.h:11: warning: passing arg 1 of `func_80174650' makes integer from pointer without a cast
src/ov_MAIN_012/ov_MAIN_012_jr_8016AE5C.c: In function `func_8016C2C4':
src/ov_MAIN_012/ov_MAIN_012_jr_8016AE5C.c:3496: warning: type mismatch with previous external decl
src/ov_MAIN_012/ov_MAIN_012_jr_8016AE5C.c:3433: warning: previous external decl of `D_801847FC'
src/ov_MAIN_012/ov_MAIN_012_jr_8016AE5C.c:3497: warning: type mismatch with previous external decl
src/ov_MAIN_012/ov_MAIN_012_jr_8016AE5C.c:3436: warning: previous external decl of `D_80184804'
src/ov_MAIN_012/../shared/ov/func_80156600.h: In function `func_80156600':
In file included from src/ov_MAIN_012/ov_MAIN_012_jr_801555F4.c:2103:
src/ov_MAIN_012/../shared/ov/func_80156600.h:11: warning: return makes integer from pointer without a cast
src/ov_MAIN_012/../shared/ov/func_80156600.h:16: warning: return makes integer from pointer without a cast
src/ov_MAIN_012/../shared/ov/func_80172E20.h: In function `func_80172E20':
In file included from src/ov_MAIN_012/ov_MAIN_012_jr_80171B4C.c:3441:
src/ov_MAIN_012/../shared/ov/func_80172E20.h:14: warning: passing arg 1 of `func_80171AB0' makes integer from pointer without a cast
src/ov_MAIN_012/../shared/ov/func_80172E20.h:16: warning: passing arg 1 of `func_80174650' makes integer from pointer without a cast
src/ov_MAIN_012/../shared/ov/func_8017303C.h: In function `func_8017303C':
In file included from src/ov_MAIN_012/ov_MAIN_012_jr_80171B4C.c:3468:
src/ov_MAIN_012/../shared/ov/func_8017303C.h:9: warning: assignment makes integer from pointer without a cast
src/ov_MAIN_012/../shared/ov/func_8012A418.h: In function `func_8012A418':
In file included from src/ov_MAIN_012/ov_MAIN_012.c:793:
src/ov_MAIN_012/../shared/ov/func_8012A418.h:10: warning: assignment from incompatible pointer type
src/ov_MAIN_012/../shared/ov/func_801730FC.h: In function `func_801730FC':
In file included from src/ov_MAIN_012/ov_MAIN_012_jr_80171B4C.c:3481:
src/ov_MAIN_012/../shared/ov/func_801730FC.h:12: warning: passing arg 1 of `func_80147060' from incompatible pointer type
src/ov_MAIN_012/../shared/ov/func_801730FC.h:13: warning: passing arg 1 of `func_80154150' makes integer from pointer without a cast
src/ov_MAIN_012/ov_MAIN_012_jr_80171B4C.c: In function `func_80173220':
src/ov_MAIN_012/ov_MAIN_012_jr_80171B4C.c:3520: warning: passing arg 1 of `func_80174650' makes integer from pointer without a cast
src/ov_MAIN_012/../shared/ov/func_8012A6D0.h: In function `func_8012A6D0':
In file included from src/ov_MAIN_012/ov_MAIN_012.c:818:
src/ov_MAIN_012/../shared/ov/func_8012A6D0.h:7: warning: initialization makes integer from pointer without a cast
src/ov_MAIN_012/../shared/ov/func_8012A6D0.h:8: warning: initialization makes integer from pointer without a cast
src/ov_MAIN_012/../shared/ov/func_80140D68.h: In function `func_80140D68':
In file included from src/ov_MAIN_012/ov_MAIN_012_jr_8013F350.c:1792:
src/ov_MAIN_012/../shared/ov/func_80140D68.h:18: warning: type mismatch with previous external decl
src/ov_MAIN_012/ov_MAIN_012_jr_8013F350.c:1668: warning: previous external decl of `D_800AE7BC'
src/ov_MAIN_012/ov_MAIN_012_jr_80171B4C.c: At top level:
src/ov_MAIN_012/ov_MAIN_012_jr_80171B4C.c:3567: warning: type mismatch with previous external decl
src/ov_MAIN_012/../shared/ov/func_801734BC__t834cdd6a.h:4: warning: previous external decl of `func_80173544'
src/ov_MAIN_012/../shared/ov/func_8012A828.h: In function `func_8012A828':
In file included from src/ov_MAIN_012/ov_MAIN_012.c:830:
src/ov_MAIN_012/../shared/ov/func_8012A828.h:6: warning: assignment makes integer from pointer without a cast
src/ov_MAIN_012/../shared/ov/func_80139FE8.h: At top level:
In file included from src/ov_MAIN_012/ov_MAIN_012_jr_801380E0.c:999:
src/ov_MAIN_012/../shared/ov/func_80139FE8.h:3: warning: type mismatch with previous external decl
src/ov_MAIN_012/../shared/ov/func_801380E0__t6e5fdbea.h:6: warning: previous external decl of `func_8001B22C'
src/ov_MAIN_012/ov_MAIN_012_jr_8016AE5C.c: In function `func_8016C998':
src/ov_MAIN_012/ov_MAIN_012_jr_8016AE5C.c:3644: warning: type mismatch with previous external decl
src/ov_MAIN_012/ov_MAIN_012_jr_8016AE5C.c:3549: warning: previous external decl of `D_801848D0'
src/ov_MAIN_012/../shared/ov/func_80156ECC.h: At top level:
In file included from src/ov_MAIN_012/ov_MAIN_012_jr_801555F4.c:2144:
src/ov_MAIN_012/../shared/ov/func_80156ECC.h:3: warning: type mismatch with previous external decl
src/ov_MAIN_012/../shared/ov/func_80156B74.h:11: warning: previous external decl of `func_80156ECC'
src/ov_MAIN_012/../shared/ov/func_80156ECC.h: In function `func_80156ECC':
src/ov_MAIN_012/../shared/ov/func_80156ECC.h:8: warning: passing arg 1 of `func_80156FA8' makes pointer from integer without a cast
src/ov_MAIN_012/../shared/ov/func_80156ECC.h:8: warning: passing arg 2 of `func_80156FA8' makes pointer from integer without a cast
src/ov_MAIN_012/../shared/ov/func_80156ECC.h:8: warning: passing arg 3 of `func_80156FA8' makes pointer from integer without a cast
src/ov_MAIN_012/ov_MAIN_012_jr_8016AE5C.c: In function `func_8016CBC0':
src/ov_MAIN_012/ov_MAIN_012_jr_8016AE5C.c:3708: warning: type mismatch with previous external decl
src/ov_MAIN_012/ov_MAIN_012_jr_8016AE5C.c:3549: warning: previous external decl of `D_801848D0'
src/ov_MAIN_012/../shared/ov/func_801412A8.h: In function `aF801412A8':
In file included from src/ov_MAIN_012/ov_MAIN_012_jr_8013F350.c:1951:
src/ov_MAIN_012/../shared/ov/func_801412A8.h:5: warning: type mismatch with previous external decl
src/ov_MAIN_012/ov_MAIN_012_jr_8013F350.c:1668: warning: previous external decl of `D_800AE7BC'
src/ov_MAIN_012/../shared/ov/func_801571C4.h: At top level:
In file included from src/ov_MAIN_012/ov_MAIN_012_jr_801555F4.c:2153:
src/ov_MAIN_012/../shared/ov/func_801571C4.h:11: warning: type mismatch with previous external decl
src/ov_MAIN_012/../shared/ov/func_80157158.h:6: warning: previous external decl of `func_801571C4'
src/ov_MAIN_012/../shared/ov/func_801571C4.h:11: warning: type mismatch with previous implicit declaration
src/ov_MAIN_012/../shared/ov/func_80157158.h:6: warning: previous implicit declaration of `func_801571C4'
src/ov_MAIN_012/../shared/ov/func_801571C4.h:11: warning: `func_801571C4' was previously implicitly declared to return `int'
src/ov_MAIN_012/../shared/ov/func_801571C4.h: In function `func_801571C4':
src/ov_MAIN_012/../shared/ov/func_801571C4.h:42: warning: passing arg 3 of `func_80135260' makes pointer from integer without a cast
src/ov_MAIN_012/../shared/ov/func_801571C4.h:42: warning: passing arg 4 of `func_80135260' makes pointer from integer without a cast
src/ov_MAIN_012/../shared/ov/func_80173A60.h: In function `func_80173A60':
In file included from src/ov_MAIN_012/ov_MAIN_012_jr_80171B4C.c:3653:
src/ov_MAIN_012/../shared/ov/func_80173A60.h:24: warning: passing arg 2 of `__builtin_memcpy' makes pointer from integer without a cast
src/ov_MAIN_012/../shared/ov/func_80173BC0.h: In function `func_80173BC0':
In file included from src/ov_MAIN_012/ov_MAIN_012_jr_80171B4C.c:3668:
src/ov_MAIN_012/../shared/ov/func_80173BC0.h:20: warning: passing arg 1 of `func_80171A34' from incompatible pointer type
src/ov_MAIN_012/ov_MAIN_012_jr_8016AE5C.c: In function `func_8016CF04':
src/ov_MAIN_012/ov_MAIN_012_jr_8016AE5C.c:3858: warning: type mismatch with previous external decl
src/ov_MAIN_012/ov_MAIN_012_jr_8016AE5C.c:3549: warning: previous external decl of `D_801848D0'
src/ov_MAIN_012/ov_MAIN_012_jr_8016AE5C.c:3898: warning: passing arg 2 of `ApplyMatrixSV' from incompatible pointer type
src/ov_MAIN_012/ov_MAIN_012_jr_8016AE5C.c:3898: warning: passing arg 3 of `ApplyMatrixSV' from incompatible pointer type
src/ov_MAIN_012/ov_MAIN_012_jr_8016AE5C.c:3904: warning: passing arg 2 of `ApplyMatrixSV' from incompatible pointer type
src/ov_MAIN_012/ov_MAIN_012_jr_8016AE5C.c:3904: warning: passing arg 3 of `ApplyMatrixSV' from incompatible pointer type
src/ov_MAIN_012/../shared/ov/func_8015773C.h: In function `func_8015773C':
In file included from src/ov_MAIN_012/ov_MAIN_012_jr_801555F4.c:2183:
src/ov_MAIN_012/../shared/ov/func_8015773C.h:11: warning: passing arg 1 of `func_801553A8' from incompatible pointer type
src/ov_MAIN_012/../shared/ov/func_801743F0.h: In function `func_801743F0':
In file included from src/ov_MAIN_012/ov_MAIN_012_jr_80171B4C.c:3731:
src/ov_MAIN_012/../shared/ov/func_801743F0.h:8: warning: passing arg 1 of `func_80172658' from incompatible pointer type
src/ov_MAIN_012/ov_MAIN_012_jr_8016AE5C.c: In function `func_8016D848':
src/ov_MAIN_012/ov_MAIN_012_jr_8016AE5C.c:4111: warning: passing arg 1 of `func_800D20C0' makes pointer from integer without a cast
src/ov_MAIN_012/ov_MAIN_012_jr_8016AE5C.c:4111: warning: passing arg 2 of `func_800D20C0' makes pointer from integer without a cast
src/ov_MAIN_012/ov_MAIN_012_jr_801555F4.c: In function `func_80158038':
src/ov_MAIN_012/ov_MAIN_012_jr_801555F4.c:2451: warning: passing arg 1 of `func_80154A74' makes integer from pointer without a cast
src/ov_MAIN_012/ov_MAIN_012_jr_801555F4.c:2454: warning: passing arg 2 of `func_80146994' makes integer from pointer without a cast
src/ov_MAIN_012/ov_MAIN_012_jr_8016AE5C.c: In function `func_8016DC20':
src/ov_MAIN_012/ov_MAIN_012_jr_8016AE5C.c:4272: warning: passing arg 1 makes pointer from integer without a cast
src/ov_MAIN_012/ov_MAIN_012_jr_8016AE5C.c:4272: warning: passing arg 2 makes pointer from integer without a cast
src/ov_MAIN_012/../shared/ov/func_8013B204.h: In function `func_8013B204':
In file included from src/ov_MAIN_012/ov_MAIN_012_jr_801380E0.c:1113:
src/ov_MAIN_012/../shared/ov/func_8013B204.h:10: warning: assignment makes pointer from integer without a cast
src/ov_MAIN_012/ov_MAIN_012_jr_8016AE5C.c: In function `func_8016DF5C':
src/ov_MAIN_012/ov_MAIN_012_jr_8016AE5C.c:4384: warning: passing arg 2 of `ApplyMatrixSV' from incompatible pointer type
src/ov_MAIN_012/ov_MAIN_012_jr_8016AE5C.c:4384: warning: passing arg 3 of `ApplyMatrixSV' from incompatible pointer type
src/ov_MAIN_012/../shared/ov/func_80142838.h: In function `func_80142838':
In file included from src/ov_MAIN_012/ov_MAIN_012_jr_8013F350.c:2302:
src/ov_MAIN_012/../shared/ov/func_80142838.h:15: warning: passing arg 1 of `func_8012C0EC' makes integer from pointer without a cast
src/ov_MAIN_012/../shared/ov/func_80158AE4.h: In function `func_80158AE4':
In file included from src/ov_MAIN_012/ov_MAIN_012_jr_801555F4.c:2738:
src/ov_MAIN_012/../shared/ov/func_80158AE4.h:20: warning: passing arg 1 makes integer from pointer without a cast
src/ov_MAIN_012/../shared/ov/func_80158AE4.h:21: warning: passing arg 1 makes integer from pointer without a cast
src/ov_MAIN_012/../shared/ov/func_80158AE4.h:22: warning: passing arg 1 of `func_80165A20' makes integer from pointer without a cast
src/ov_MAIN_012/../shared/ov/func_80158AE4.h:23: warning: passing arg 1 of `func_80165A78' makes integer from pointer without a cast
src/ov_MAIN_012/../shared/ov/func_80158AE4.h:26: warning: passing arg 1 of `func_8014B160' makes integer from pointer without a cast
src/ov_MAIN_012/ov_MAIN_012_jr_801555F4.c: In function `func_80158BB0':
src/ov_MAIN_012/ov_MAIN_012_jr_801555F4.c:2758: warning: passing arg 2 of `func_80154274' makes integer from pointer without a cast
src/ov_MAIN_012/ov_MAIN_012_jr_801555F4.c:2759: warning: passing arg 1 of `func_80154A74' makes integer from pointer without a cast
src/ov_MAIN_012/ov_MAIN_012_jr_80171B4C.c: In function `func_80175218':
src/ov_MAIN_012/ov_MAIN_012_jr_80171B4C.c:3975: warning: passing arg 1 makes integer from pointer without a cast
src/ov_MAIN_012/ov_MAIN_012_jr_80171B4C.c:3976: warning: passing arg 1 makes integer from pointer without a cast
src/ov_MAIN_012/../shared/ov/func_80142F68.h: In function `func_80142F68':
In file included from src/ov_MAIN_012/ov_MAIN_012_jr_8013F350.c:2550:
src/ov_MAIN_012/../shared/ov/func_80142F68.h:15: warning: passing arg 1 of `func_8012C0EC' makes integer from pointer without a cast
src/ov_MAIN_012/../shared/ov/func_801430F4.h: In function `func_801430F4':
In file included from src/ov_MAIN_012/ov_MAIN_012_jr_8013F350.c:2596:
src/ov_MAIN_012/../shared/ov/func_801430F4.h:15: warning: passing arg 1 of `func_8012C0EC' makes integer from pointer without a cast
src/ov_MAIN_012/../shared/ov/func_801758FC.h: In function `func_801758FC':
In file included from src/ov_MAIN_012/ov_MAIN_012_jr_80171B4C.c:4088:
src/ov_MAIN_012/../shared/ov/func_801758FC.h:6: warning: type mismatch with previous external decl
src/ov_MAIN_012/../shared/ov/func_80175820.h:6: warning: previous external decl of `D_800AE7BC'
src/ov_MAIN_012/../shared/ov/func_801758FC.h:7: warning: type mismatch with previous external decl
src/ov_MAIN_012/../shared/ov/func_80175820.h:7: warning: previous external decl of `D_800AF634'
src/ov_MAIN_012/../shared/ov/func_801759D8.h: In function `func_801759D8':
In file included from src/ov_MAIN_012/ov_MAIN_012_jr_80171B4C.c:4097:
src/ov_MAIN_012/../shared/ov/func_801759D8.h:7: warning: type mismatch with previous external decl
src/ov_MAIN_012/../shared/ov/func_80175820.h:6: warning: previous external decl of `D_800AE7BC'
src/ov_MAIN_012/../shared/ov/func_801759D8.h:8: warning: type mismatch with previous external decl
src/ov_MAIN_012/../shared/ov/func_80175820.h:7: warning: previous external decl of `D_800AF634'
src/ov_MAIN_012/../shared/ov/func_801432FC.h: In function `func_801432FC':
In file included from src/ov_MAIN_012/ov_MAIN_012_jr_8013F350.c:2653:
src/ov_MAIN_012/../shared/ov/func_801432FC.h:15: warning: passing arg 1 of `func_8012C044' makes integer from pointer without a cast
src/ov_MAIN_012/ov_MAIN_012_jr_80171B4C.c: In function `func_80175AB8':
src/ov_MAIN_012/ov_MAIN_012_jr_80171B4C.c:4105: warning: type mismatch with previous external decl
src/ov_MAIN_012/../shared/ov/func_80175820.h:7: warning: previous external decl of `D_800AF634'
src/ov_MAIN_012/../shared/ov/func_8016EDEC.h: In function `func_8016EDEC':
In file included from src/ov_MAIN_012/ov_MAIN_012_jr_8016AE5C.c:4762:
src/ov_MAIN_012/../shared/ov/func_8016EDEC.h:13: warning: assignment from incompatible pointer type
src/ov_MAIN_012/../shared/ov/func_8016EDEC.h:16: warning: passing arg 1 from incompatible pointer type
src/ov_MAIN_012/../shared/ov/func_8016EDEC.h:17: warning: passing arg 1 from incompatible pointer type
src/ov_MAIN_012/../shared/ov/func_8016EE40.h: In function `func_8016EE40':
In file included from src/ov_MAIN_012/ov_MAIN_012_jr_8016AE5C.c:4765:
src/ov_MAIN_012/../shared/ov/func_8016EE40.h:17: warning: passing arg 1 from incompatible pointer type
src/ov_MAIN_012/../shared/ov/func_8016EE40.h:19: warning: passing arg 1 from incompatible pointer type
src/ov_MAIN_012/../shared/ov/func_801433F0.h: In function `func_801433F0':
In file included from src/ov_MAIN_012/ov_MAIN_012_jr_8013F350.c:2659:
src/ov_MAIN_012/../shared/ov/func_801433F0.h:12: warning: passing arg 1 of `func_80128ED8' makes integer from pointer without a cast
src/ov_MAIN_012/../shared/ov/func_801433F0.h:12: warning: passing arg 2 of `func_80128ED8' from incompatible pointer type
src/ov_MAIN_012/../shared/ov/func_8014350C.h: In function `func_8014350C':
In file included from src/ov_MAIN_012/ov_MAIN_012_jr_8013F350.c:2700:
src/ov_MAIN_012/../shared/ov/func_8014350C.h:13: warning: passing arg 1 of `func_80128ED8' makes integer from pointer without a cast
src/ov_MAIN_012/ov_MAIN_012_jr_80171B4C.c: In function `func_80175DA8':
src/ov_MAIN_012/ov_MAIN_012_jr_80171B4C.c:4209: warning: type mismatch with previous external decl
src/ov_MAIN_012/../shared/ov/func_80175820.h:7: warning: previous external decl of `D_800AF634'
src/ov_MAIN_012/../shared/ov/func_8012D098.h: In function `func_8012D098':
In file included from src/ov_MAIN_012/ov_MAIN_012.c:1236:
src/ov_MAIN_012/../shared/ov/func_8012D098.h:26: warning: passing arg 1 of `func_8012F214' makes integer from pointer without a cast
src/ov_MAIN_012/../shared/ov/func_8012D098.h:26: warning: passing arg 2 of `func_8012F214' makes integer from pointer without a cast
src/ov_MAIN_012/../shared/ov/func_8012D098.h:26: warning: passing arg 3 of `func_8012F214' makes integer from pointer without a cast
src/ov_MAIN_012/../shared/ov/func_8012D098.h:30: warning: passing arg 1 of `func_8012F214' makes integer from pointer without a cast
src/ov_MAIN_012/../shared/ov/func_8012D098.h:30: warning: passing arg 2 of `func_8012F214' makes integer from pointer without a cast
src/ov_MAIN_012/../shared/ov/func_8012D098.h:30: warning: passing arg 3 of `func_8012F214' makes integer from pointer without a cast
src/ov_MAIN_012/../shared/ov/func_8012D098.h:34: warning: passing arg 1 of `func_8012F214' makes integer from pointer without a cast
src/ov_MAIN_012/../shared/ov/func_8012D098.h:34: warning: passing arg 2 of `func_8012F214' makes integer from pointer without a cast
src/ov_MAIN_012/../shared/ov/func_8012D098.h:34: warning: passing arg 3 of `func_8012F214' makes integer from pointer without a cast
src/ov_MAIN_012/../shared/ov/func_8012D098.h:38: warning: passing arg 1 of `func_8012F214' makes integer from pointer without a cast
src/ov_MAIN_012/../shared/ov/func_8012D098.h:38: warning: passing arg 2 of `func_8012F214' makes integer from pointer without a cast
src/ov_MAIN_012/../shared/ov/func_8012D098.h:38: warning: passing arg 3 of `func_8012F214' makes integer from pointer without a cast
src/ov_MAIN_012/../shared/ov/func_8012D098.h:42: warning: passing arg 1 of `func_8012F214' makes integer from pointer without a cast
src/ov_MAIN_012/../shared/ov/func_8012D098.h:42: warning: passing arg 2 of `func_8012F214' makes integer from pointer without a cast
src/ov_MAIN_012/../shared/ov/func_8012D098.h:42: warning: passing arg 3 of `func_8012F214' makes integer from pointer without a cast
src/ov_MAIN_012/../shared/ov/func_8012D098.h:46: warning: passing arg 1 of `func_8012F214' makes integer from pointer without a cast
src/ov_MAIN_012/../shared/ov/func_8012D098.h:46: warning: passing arg 2 of `func_8012F214' makes integer from pointer without a cast
src/ov_MAIN_012/../shared/ov/func_8012D098.h:46: warning: passing arg 3 of `func_8012F214' makes integer from pointer without a cast
src/ov_MAIN_012/../shared/ov/func_8012D098.h:50: warning: passing arg 1 of `func_8012F214' makes integer from pointer without a cast
src/ov_MAIN_012/../shared/ov/func_8012D098.h:50: warning: passing arg 2 of `func_8012F214' makes integer from pointer without a cast
src/ov_MAIN_012/../shared/ov/func_8012D098.h:50: warning: passing arg 3 of `func_8012F214' makes integer from pointer without a cast
src/ov_MAIN_012/../shared/ov/func_8012D098.h:54: warning: passing arg 1 of `func_8012F214' makes integer from pointer without a cast
src/ov_MAIN_012/../shared/ov/func_8012D098.h:54: warning: passing arg 2 of `func_8012F214' makes integer from pointer without a cast
src/ov_MAIN_012/../shared/ov/func_8012D098.h:54: warning: passing arg 3 of `func_8012F214' makes integer from pointer without a cast
src/ov_MAIN_012/../shared/ov/func_8012D098.h:55: warning: passing arg 1 of `func_8012D3B4' makes integer from pointer without a cast
src/ov_MAIN_012/../shared/ov/func_8012D098.h:55: warning: passing arg 2 of `func_8012D3B4' makes integer from pointer without a cast
src/ov_MAIN_012/../shared/ov/func_8012D098.h:56: warning: passing arg 1 of `func_8012D3B4' makes integer from pointer without a cast
src/ov_MAIN_012/../shared/ov/func_8012D098.h:56: warning: passing arg 2 of `func_8012D3B4' makes integer from pointer without a cast
src/ov_MAIN_012/../shared/ov/func_8012D098.h:57: warning: passing arg 1 of `func_8012D3B4' makes integer from pointer without a cast
src/ov_MAIN_012/../shared/ov/func_8012D098.h:57: warning: passing arg 2 of `func_8012D3B4' makes integer from pointer without a cast
src/ov_MAIN_012/../shared/ov/func_8012D098.h:58: warning: passing arg 1 of `func_8012D3B4' makes integer from pointer without a cast
src/ov_MAIN_012/../shared/ov/func_8012D098.h:58: warning: passing arg 2 of `func_8012D3B4' makes integer from pointer without a cast
src/ov_MAIN_012/../shared/ov/func_8012D098.h:59: warning: passing arg 1 of `func_8012D3B4' makes integer from pointer without a cast
src/ov_MAIN_012/../shared/ov/func_8012D098.h:59: warning: passing arg 2 of `func_8012D3B4' makes integer from pointer without a cast
src/ov_MAIN_012/../shared/ov/func_8012D098.h:60: warning: passing arg 1 of `func_8012D3B4' makes integer from pointer without a cast
src/ov_MAIN_012/../shared/ov/func_8012D098.h:60: warning: passing arg 2 of `func_8012D3B4' makes integer from pointer without a cast
src/ov_MAIN_012/../shared/ov/func_8012D098.h:61: warning: passing arg 1 of `func_8012D3B4' makes integer from pointer without a cast
src/ov_MAIN_012/../shared/ov/func_8012D098.h:61: warning: passing arg 2 of `func_8012D3B4' makes integer from pointer without a cast
src/ov_MAIN_012/../shared/ov/func_8012D098.h:62: warning: passing arg 1 of `func_8012D3B4' makes integer from pointer without a cast
src/ov_MAIN_012/../shared/ov/func_8012D098.h:62: warning: passing arg 2 of `func_8012D3B4' makes integer from pointer without a cast
src/ov_MAIN_012/../shared/ov/func_8012D098.h:63: warning: passing arg 1 of `func_8012D3B4' makes integer from pointer without a cast
src/ov_MAIN_012/../shared/ov/func_8012D098.h:63: warning: passing arg 2 of `func_8012D3B4' makes integer from pointer without a cast
src/ov_MAIN_012/../shared/ov/func_8012D098.h:64: warning: passing arg 1 of `func_8012D3B4' makes integer from pointer without a cast
src/ov_MAIN_012/../shared/ov/func_8012D098.h:64: warning: passing arg 2 of `func_8012D3B4' makes integer from pointer without a cast
src/ov_MAIN_012/../shared/ov/func_8012D098.h:65: warning: passing arg 1 of `func_8012D3B4' makes integer from pointer without a cast
src/ov_MAIN_012/../shared/ov/func_8012D098.h:65: warning: passing arg 2 of `func_8012D3B4' makes integer from pointer without a cast
src/ov_MAIN_012/../shared/ov/func_8012D098.h:66: warning: passing arg 1 of `func_8012D3B4' makes integer from pointer without a cast
src/ov_MAIN_012/../shared/ov/func_8012D098.h:66: warning: passing arg 2 of `func_8012D3B4' makes integer from pointer without a cast
src/ov_MAIN_012/../shared/ov/func_8016F4FC.h: In function `func_8016F4FC':
In file included from src/ov_MAIN_012/ov_MAIN_012_jr_8016AE5C.c:4920:
src/ov_MAIN_012/../shared/ov/func_8016F4FC.h:9: warning: passing arg 1 of `func_800D1724' makes integer from pointer without a cast
src/ov_MAIN_012/../shared/ov/func_8012D38C.h: In function `func_8012D38C':
In file included from src/ov_MAIN_012/ov_MAIN_012.c:1239:
src/ov_MAIN_012/../shared/ov/func_8012D38C.h:5: warning: passing arg 1 of `func_8012D098' makes pointer from integer without a cast
src/ov_MAIN_012/../shared/ov/func_8012D3B4.h: At top level:
In file included from src/ov_MAIN_012/ov_MAIN_012.c:1245:
src/ov_MAIN_012/../shared/ov/func_8012D3B4.h:4: warning: type mismatch with previous external decl
src/ov_MAIN_012/../shared/ov/func_8012CFA8.h:6: warning: previous external decl of `RotTransPers'
src/ov_MAIN_012/ov_MAIN_012_jr_80171B4C.c: In function `func_80176218':
src/ov_MAIN_012/ov_MAIN_012_jr_80171B4C.c:4517: warning: passing arg 1 of `func_80177DA8' makes pointer from integer without a cast
src/ov_MAIN_012/../shared/ov/func_8012D3B4.h: In function `func_8012D3B4':
src/ov_MAIN_012/../shared/ov/func_8012D3B4.h:22: warning: passing arg 2 of `RotTransPers' makes integer from pointer without a cast
src/ov_MAIN_012/../shared/ov/func_8012D3B4.h:23: warning: passing arg 2 of `RotTransPers' makes integer from pointer without a cast
src/ov_MAIN_012/../shared/ov/func_8016F71C.h: In function `func_8016F71C':
In file included from src/ov_MAIN_012/ov_MAIN_012_jr_8016AE5C.c:4956:
src/ov_MAIN_012/../shared/ov/func_8016F71C.h:11: warning: passing arg 1 of `func_8016F764' makes pointer from integer without a cast
src/ov_MAIN_012/../shared/ov/func_8012D4B4.h: In function `func_8012D4B4':
In file included from src/ov_MAIN_012/ov_MAIN_012.c:1248:
src/ov_MAIN_012/../shared/ov/func_8012D4B4.h:27: warning: passing arg 2 of `RotTransPers' makes integer from pointer without a cast
src/ov_MAIN_012/../shared/ov/func_8012D4B4.h:29: warning: passing arg 2 of `RotTransPers' makes integer from pointer without a cast
src/ov_MAIN_012/ov_MAIN_012.c: In function `func_8012D664':
src/ov_MAIN_012/ov_MAIN_012.c:1279: warning: passing arg 6 of `func_8012F568' makes integer from pointer without a cast
src/ov_MAIN_012/ov_MAIN_012_jr_8013F350.c: In function `func_801442F8':
src/ov_MAIN_012/ov_MAIN_012_jr_8013F350.c:2969: warning: passing arg 1 of `func_8012C218' makes pointer from integer without a cast
src/ov_MAIN_012/../shared/ov/func_8016FE2C.h: In function `func_8016FE2C':
In file included from src/ov_MAIN_012/ov_MAIN_012_jr_8016AE5C.c:5088:
src/ov_MAIN_012/../shared/ov/func_8016FE2C.h:7: warning: passing arg 1 of `func_80172658' from incompatible pointer type
src/ov_MAIN_012/ov_MAIN_012.c: In function `func_8012DB84':
src/ov_MAIN_012/ov_MAIN_012.c:1300: warning: passing arg 5 of `func_8012F568' makes integer from pointer without a cast
src/ov_MAIN_012/ov_MAIN_012.c:1300: warning: passing arg 6 of `func_8012F568' makes integer from pointer without a cast
src/ov_MAIN_012/ov_MAIN_012_jr_8013F350.c: In function `func_80144458':
src/ov_MAIN_012/ov_MAIN_012_jr_8013F350.c:3035: warning: passing arg 1 of `func_8012AD80' makes integer from pointer without a cast
src/ov_MAIN_012/ov_MAIN_012_jr_8013F350.c:3041: warning: passing arg 1 of `func_80128ED8' makes integer from pointer without a cast
src/ov_MAIN_012/../shared/ov/func_8014462C.h: In function `func_8014462C':
In file included from src/ov_MAIN_012/ov_MAIN_012_jr_8013F350.c:3051:
src/ov_MAIN_012/../shared/ov/func_8014462C.h:13: warning: passing arg 1 of `func_80128ED8' makes integer from pointer without a cast
src/ov_MAIN_012/../shared/ov/func_8014462C.h:13: warning: passing arg 2 of `func_80128ED8' from incompatible pointer type
src/ov_MAIN_012/ov_MAIN_012.c: In function `func_8012DDA4':
src/ov_MAIN_012/ov_MAIN_012.c:1329: warning: return makes integer from pointer without a cast
src/ov_MAIN_012/ov_MAIN_012.c: In function `func_8012DE2C':
src/ov_MAIN_012/ov_MAIN_012.c:1347: warning: type mismatch with previous external decl
src/ov_MAIN_012/ov_MAIN_012.c:1319: warning: previous external decl of `D_801840D4'
src/ov_MAIN_012/ov_MAIN_012.c:1348: warning: type mismatch with previous external decl
src/ov_MAIN_012/ov_MAIN_012.c:1320: warning: previous external decl of `D_801840D0'
src/ov_MAIN_012/ov_MAIN_012.c:1363: warning: return makes integer from pointer without a cast
src/ov_MAIN_012/../shared/ov/func_80170374.h: In function `func_80170374':
In file included from src/ov_MAIN_012/ov_MAIN_012_jr_8016AE5C.c:5175:
src/ov_MAIN_012/../shared/ov/func_80170374.h:11: warning: passing arg 1 of `func_8014C168' from incompatible pointer type
src/ov_MAIN_012/../shared/ov/func_8017044C.h: In function `func_8017044C':
In file included from src/ov_MAIN_012/ov_MAIN_012_jr_8016AE5C.c:5190:
src/ov_MAIN_012/../shared/ov/func_8017044C.h:14: warning: passing arg 1 of `func_80171AB0' makes integer from pointer without a cast
src/ov_MAIN_012/../shared/ov/func_801705C0.h: In function `func_801705C0':
In file included from src/ov_MAIN_012/ov_MAIN_012_jr_8016AE5C.c:5220:
src/ov_MAIN_012/../shared/ov/func_801705C0.h:8: warning: passing arg 1 makes integer from pointer without a cast
src/ov_MAIN_012/../shared/ov/func_8012E138.h: In function `func_8012E138':
In file included from src/ov_MAIN_012/ov_MAIN_012.c:1390:
src/ov_MAIN_012/../shared/ov/func_8012E138.h:19: warning: passing arg 2 of `func_8012F038' from incompatible pointer type
src/ov_MAIN_012/../shared/ov/func_8012E138.h:19: warning: passing arg 3 of `func_8012F038' from incompatible pointer type
src/ov_MAIN_012/../shared/ov/func_8012E138.h:36: warning: passing arg 2 of `func_8012F14C' makes integer from pointer without a cast
src/ov_MAIN_012/../shared/ov/func_8012E138.h:36: warning: passing arg 3 of `func_8012F14C' makes integer from pointer without a cast
src/ov_MAIN_012/../shared/ov/func_8012E138.h:37: warning: passing arg 3 of `func_80135888' makes integer from pointer without a cast
src/ov_MAIN_012/../shared/ov/func_8012E138.h:37: warning: passing arg 4 of `func_80135888' makes integer from pointer without a cast
src/ov_MAIN_012/../shared/ov/func_80170B48.h: In function `func_80170B48':
In file included from src/ov_MAIN_012/ov_MAIN_012_jr_8016AE5C.c:5314:
src/ov_MAIN_012/../shared/ov/func_80170B48.h:9: warning: passing arg 1 of `func_8014706C' makes pointer from integer without a cast
src/ov_MAIN_012/../shared/ov/func_80170B90.h: At top level:
In file included from src/ov_MAIN_012/ov_MAIN_012_jr_8016AE5C.c:5317:
src/ov_MAIN_012/../shared/ov/func_80170B90.h:5: warning: type mismatch with previous external decl
src/ov_MAIN_012/../shared/ov/func_80170B48.h:12: warning: previous external decl of `func_80170B90'
src/ov_MAIN_012/../shared/ov/func_80170B90.h:5: warning: type mismatch with previous implicit declaration
src/ov_MAIN_012/../shared/ov/func_80170B48.h:12: warning: previous implicit declaration of `func_80170B90'
src/ov_MAIN_012/../shared/ov/func_80170B90.h:5: warning: `func_80170B90' was previously implicitly declared to return `int'
src/ov_MAIN_012/../shared/ov/func_80170CF0.h: In function `func_80170CF0':
In file included from src/ov_MAIN_012/ov_MAIN_012_jr_8016AE5C.c:5348:
src/ov_MAIN_012/../shared/ov/func_80170CF0.h:11: warning: passing arg 1 makes integer from pointer without a cast
src/ov_MAIN_012/../shared/ov/func_80170DE0.h: In function `func_80170DE0':
In file included from src/ov_MAIN_012/ov_MAIN_012_jr_8016AE5C.c:5363:
src/ov_MAIN_012/../shared/ov/func_80170DE0.h:11: warning: passing arg 1 makes integer from pointer without a cast
src/ov_MAIN_012/../shared/ov/func_80170EAC.h: In function `func_80170EAC':
In file included from src/ov_MAIN_012/ov_MAIN_012_jr_8016AE5C.c:5378:
src/ov_MAIN_012/../shared/ov/func_80170EAC.h:11: warning: passing arg 1 makes integer from pointer without a cast
src/ov_MAIN_012/../shared/ov/func_801710DC.h: In function `func_801710DC':
In file included from src/ov_MAIN_012/ov_MAIN_012_jr_8016AE5C.c:5423:
src/ov_MAIN_012/../shared/ov/func_801710DC.h:9: warning: passing arg 1 makes integer from pointer without a cast
src/ov_MAIN_012/../shared/ov/func_801710DC.h:10: warning: passing arg 1 makes integer from pointer without a cast
src/ov_MAIN_012/../shared/ov/func_80178004.h: In function `func_80178004':
In file included from src/ov_MAIN_012/ov_MAIN_012_jr_80171B4C.c:5137:
src/ov_MAIN_012/../shared/ov/func_80178004.h:133: warning: return makes integer from pointer without a cast
src/ov_MAIN_012/../shared/ov/func_8012F568.h: In function `func_8012F568':
In file included from src/ov_MAIN_012/ov_MAIN_012.c:1828:
src/ov_MAIN_012/../shared/ov/func_8012F568.h:12: warning: passing arg 2 of `memcpy' makes pointer from integer without a cast
src/ov_MAIN_012/../shared/ov/func_8012F568.h:13: warning: passing arg 2 of `memcpy' makes pointer from integer without a cast
src/ov_MAIN_012/ov_MAIN_012.c: In function `func_80130D48':
src/ov_MAIN_012/ov_MAIN_012.c:2211: warning: assignment makes pointer from integer without a cast
{standard input}: Assembler messages:
{standard input}:567: Warning: used $at without ".set noat"
{standard input}:568: Warning: used $at without ".set noat"
{standard input}:676: Warning: used $at without ".set noat"
{standard input}:677: Warning: used $at without ".set noat"
  LD      build/ov_MAIN_012/ov_MAIN_012.elf
  OBJCOPY build/ov_MAIN_012/ov_MAIN_012
  TRIM    build/ov_MAIN_012/ov_MAIN_012 (-1 B linker end-align pad)
[ OK ] build/ov_MAIN_012/ov_MAIN_012
       sha1 d6b3e8b971cdd6c53aea8c4f265afb82b363283c == config/check.ov_MAIN_012.sha  (BYTE-IDENTICAL)
