  CC      build/src/ov_SC07_011/ov_SC07_011_jr_80140608.o
  CC      build/src/ov_SC07_011/ov_SC07_011_jr_8015C32C.o
  CC      build/src/ov_SC07_011/ov_SC07_011_jr_801457A4.o
src/ov_SC07_011/../shared/ov/func_80140D68.h: In function `func_80140D68':
In file included from src/ov_SC07_011/ov_SC07_011_jr_80140608.c:1110:
src/ov_SC07_011/../shared/ov/func_80140D68.h:18: warning: type mismatch with previous external decl
src/ov_SC07_011/ov_SC07_011_jr_80140608.c:986: warning: previous external decl of `D_800AE7BC'
src/ov_SC07_011/../shared/ov/func_8015C6AC.h: In function `func_8015C6AC':
In file included from src/ov_SC07_011/ov_SC07_011_jr_8015C32C.c:2148:
src/ov_SC07_011/../shared/ov/func_8015C6AC.h:7: warning: passing arg 1 of `func_8015C788' makes integer from pointer without a cast
src/ov_SC07_011/../shared/ov/func_801412A8.h: In function `aF801412A8':
In file included from src/ov_SC07_011/ov_SC07_011_jr_80140608.c:1268:
src/ov_SC07_011/../shared/ov/func_801412A8.h:5: warning: type mismatch with previous external decl
src/ov_SC07_011/ov_SC07_011_jr_80140608.c:986: warning: previous external decl of `D_800AE7BC'
src/ov_SC07_011/../shared/ov/func_80145B24.h: In function `func_80145B24':
In file included from src/ov_SC07_011/ov_SC07_011_jr_801457A4.c:1129:
src/ov_SC07_011/../shared/ov/func_80145B24.h:18: warning: assignment from incompatible pointer type
src/ov_SC07_011/ov_SC07_011_jr_8015C32C.c: In function `func_8015CD20':
src/ov_SC07_011/ov_SC07_011_jr_8015C32C.c:2404: warning: type mismatch with previous external decl
src/ov_SC07_011/ov_SC07_011_jr_8015C32C.c:2060: warning: previous external decl of `D_80180D1C'
src/ov_SC07_011/ov_SC07_011_jr_801457A4.c: At top level:
src/ov_SC07_011/ov_SC07_011_jr_801457A4.c:1249: warning: type mismatch with previous external decl
src/ov_SC07_011/ov_SC07_011_jr_801457A4.c:1154: warning: previous external decl of `func_80145EE8'
In file included from src/ov_SC07_011/ov_SC07_011_jr_801457A4.c:1344:
src/ov_SC07_011/../shared/ov/func_80146128.h:4: warning: type mismatch with previous external decl
src/ov_SC07_011/ov_SC07_011_jr_801457A4.c:1164: warning: previous external decl of `D_80126B78'
src/ov_SC07_011/../shared/ov/func_80146128.h:16: warning: type mismatch with previous external decl
src/ov_SC07_011/ov_SC07_011_jr_801457A4.c:1145: warning: previous external decl of `func_80147098'
src/ov_SC07_011/ov_SC07_011_jr_8015C32C.c: In function `func_8015D1B8':
src/ov_SC07_011/ov_SC07_011_jr_8015C32C.c:2636: warning: passing arg 1 of `func_801725F4' from incompatible pointer type
src/ov_SC07_011/../shared/ov/func_8015D480.h: In function `func_8015D480':
In file included from src/ov_SC07_011/ov_SC07_011_jr_8015C32C.c:2693:
src/ov_SC07_011/../shared/ov/func_8015D480.h:7: warning: passing arg 1 of `func_8015D57C' makes integer from pointer without a cast
src/ov_SC07_011/../shared/ov/func_8015D57C.h: In function `func_8015D57C':
In file included from src/ov_SC07_011/ov_SC07_011_jr_8015C32C.c:2714:
src/ov_SC07_011/../shared/ov/func_8015D57C.h:12: warning: passing arg 1 of `func_801553A8' makes pointer from integer without a cast
src/ov_SC07_011/../shared/ov/func_8015D57C.h:13: warning: passing arg 1 of `func_80155440' makes pointer from integer without a cast
src/ov_SC07_011/../shared/ov/func_8015D57C.h:14: warning: passing arg 1 of `func_80146CA0' makes pointer from integer without a cast
src/ov_SC07_011/ov_SC07_011_jr_8015C32C.c:4288: warning: "SHB" redefined
 4288 | #define SHB(x) __asm__("" : "=r"(x) : "0"(x))
      | 
src/ov_SC07_011/ov_SC07_011_jr_8015C32C.c:4287: note: this is the location of the previous definition
 4287 | #define SHB(x) __asm__ __volatile__("" : "=r"(x) : "0"(x))
      | 
In file included from src/ov_SC07_011/ov_SC07_011_jr_801457A4.c:1402:
src/ov_SC07_011/../shared/ov/func_801468C8.h:5: warning: type mismatch with previous external decl
src/ov_SC07_011/ov_SC07_011_jr_801457A4.c:1153: warning: previous external decl of `func_801468C8'
src/ov_SC07_011/../shared/ov/func_8015DA90.h: In function `func_8015DA90':
In file included from src/ov_SC07_011/ov_SC07_011_jr_8015C32C.c:2879:
src/ov_SC07_011/../shared/ov/func_8015DA90.h:7: warning: passing arg 1 of `func_8015DB6C' makes integer from pointer without a cast
src/ov_SC07_011/../shared/ov/func_80146D90.h: In function `func_80146D90':
In file included from src/ov_SC07_011/ov_SC07_011_jr_801457A4.c:1500:
src/ov_SC07_011/../shared/ov/func_80146D90.h:6: warning: passing arg 1 of `func_80146DE8' makes pointer from integer without a cast
src/ov_SC07_011/../shared/ov/func_80142838.h: In function `func_80142838':
In file included from src/ov_SC07_011/ov_SC07_011_jr_80140608.c:1628:
src/ov_SC07_011/../shared/ov/func_80142838.h:15: warning: passing arg 1 of `func_8012C0EC' makes integer from pointer without a cast
src/ov_SC07_011/../shared/ov/func_8015DDF0.h: In function `func_8015DDF0':
In file included from src/ov_SC07_011/ov_SC07_011_jr_8015C32C.c:2967:
src/ov_SC07_011/../shared/ov/func_8015DDF0.h:7: warning: passing arg 1 of `func_8015DECC' makes integer from pointer without a cast
src/ov_SC07_011/../shared/ov/func_80147060.h: In function `func_80147060':
In file included from src/ov_SC07_011/ov_SC07_011_jr_801457A4.c:1545:
src/ov_SC07_011/../shared/ov/func_80147060.h:7: warning: `return' with a value, in function returning void
src/ov_SC07_011/../shared/ov/func_80147084.h: At top level:
In file included from src/ov_SC07_011/ov_SC07_011_jr_801457A4.c:1554:
src/ov_SC07_011/../shared/ov/func_80147084.h:3: warning: type mismatch with previous external decl
src/ov_SC07_011/ov_SC07_011_jr_801457A4.c:1144: warning: previous external decl of `func_80147084'
In file included from src/ov_SC07_011/ov_SC07_011_jr_801457A4.c:1566:
src/ov_SC07_011/../shared/ov/func_801470AC.h:3: warning: type mismatch with previous external decl
src/ov_SC07_011/ov_SC07_011_jr_801457A4.c:1146: warning: previous external decl of `func_801470AC'
src/ov_SC07_011/../shared/ov/func_8015E150.h: In function `func_8015E150':
In file included from src/ov_SC07_011/ov_SC07_011_jr_8015C32C.c:3055:
src/ov_SC07_011/../shared/ov/func_8015E150.h:7: warning: passing arg 1 of `func_8015E22C' makes integer from pointer without a cast
In file included from src/ov_SC07_011/ov_SC07_011_jr_801457A4.c:1590:
src/ov_SC07_011/../shared/ov/func_801472DC.h:3: warning: type mismatch with previous external decl
src/ov_SC07_011/ov_SC07_011_jr_801457A4.c:1181: warning: previous external decl of `D_8012707C'
src/ov_SC07_011/../shared/ov/func_80147324.h: In function `func_80147324':
In file included from src/ov_SC07_011/ov_SC07_011_jr_801457A4.c:1599:
src/ov_SC07_011/../shared/ov/func_80147324.h:8: warning: comparison between pointer and integer
src/ov_SC07_011/../shared/ov/func_80142F68.h: In function `func_80142F68':
In file included from src/ov_SC07_011/ov_SC07_011_jr_80140608.c:1887:
src/ov_SC07_011/../shared/ov/func_80142F68.h:15: warning: passing arg 1 of `func_8012C0EC' makes integer from pointer without a cast
src/ov_SC07_011/../shared/ov/func_801430F4.h: In function `func_801430F4':
In file included from src/ov_SC07_011/ov_SC07_011_jr_80140608.c:1939:
src/ov_SC07_011/../shared/ov/func_801430F4.h:15: warning: passing arg 1 of `func_8012C0EC' makes integer from pointer without a cast
src/ov_SC07_011/../shared/ov/func_8015E84C.h: In function `func_8015E84C':
In file included from src/ov_SC07_011/ov_SC07_011_jr_8015C32C.c:3187:
src/ov_SC07_011/../shared/ov/func_8015E84C.h:7: warning: passing arg 1 of `func_8015E95C' makes integer from pointer without a cast
src/ov_SC07_011/../shared/ov/func_801432FC.h: In function `func_801432FC':
In file included from src/ov_SC07_011/ov_SC07_011_jr_80140608.c:1996:
src/ov_SC07_011/../shared/ov/func_801432FC.h:15: warning: passing arg 1 of `func_8012C044' makes integer from pointer without a cast
src/ov_SC07_011/../shared/ov/func_8015E95C.h: In function `func_8015E95C':
In file included from src/ov_SC07_011/ov_SC07_011_jr_8015C32C.c:3208:
src/ov_SC07_011/../shared/ov/func_8015E95C.h:10: warning: passing arg 1 of `func_8015E9B8' makes pointer from integer without a cast
src/ov_SC07_011/../shared/ov/func_801433F0.h: In function `func_801433F0':
In file included from src/ov_SC07_011/ov_SC07_011_jr_80140608.c:2006:
src/ov_SC07_011/../shared/ov/func_801433F0.h:12: warning: passing arg 1 of `func_80128ED8' makes integer from pointer without a cast
src/ov_SC07_011/../shared/ov/func_801433F0.h:12: warning: passing arg 2 of `func_80128ED8' from incompatible pointer type
src/ov_SC07_011/ov_SC07_011_jr_8015C32C.c: In function `func_8015EA3C':
src/ov_SC07_011/ov_SC07_011_jr_8015C32C.c:3319: warning: passing arg 1 makes integer from pointer without a cast
src/ov_SC07_011/../shared/ov/func_8014350C.h: In function `func_8014350C':
In file included from src/ov_SC07_011/ov_SC07_011_jr_80140608.c:2051:
src/ov_SC07_011/../shared/ov/func_8014350C.h:13: warning: passing arg 1 of `func_80128ED8' makes integer from pointer without a cast
src/ov_SC07_011/../shared/ov/func_80147AD4.h: In function `func_80147AD4':
In file included from src/ov_SC07_011/ov_SC07_011_jr_801457A4.c:1676:
src/ov_SC07_011/../shared/ov/func_80147AD4.h:8: warning: passing arg 2 of `func_80147B5C' makes pointer from integer without a cast
src/ov_SC07_011/../shared/ov/func_8015EDA0.h: In function `func_8015EDA0':
In file included from src/ov_SC07_011/ov_SC07_011_jr_8015C32C.c:3328:
src/ov_SC07_011/../shared/ov/func_8015EDA0.h:7: warning: passing arg 1 of `func_8015EE7C' makes integer from pointer without a cast
src/ov_SC07_011/../shared/ov/func_80147D38.h: In function `func_80147D38':
In file included from src/ov_SC07_011/ov_SC07_011_jr_801457A4.c:1691:
src/ov_SC07_011/../shared/ov/func_80147D38.h:12: warning: passing arg 2 of `func_80147DC0' makes integer from pointer without a cast
src/ov_SC07_011/../shared/ov/func_8015EFA4.h: In function `func_8015EFA4':
In file included from src/ov_SC07_011/ov_SC07_011_jr_8015C32C.c:3406:
src/ov_SC07_011/../shared/ov/func_8015EFA4.h:7: warning: passing arg 1 of `func_8015F080' makes integer from pointer without a cast
src/ov_SC07_011/ov_SC07_011_jr_80140608.c: In function `func_801442F8':
src/ov_SC07_011/ov_SC07_011_jr_80140608.c:2254: warning: passing arg 1 of `func_8012C218' makes pointer from integer without a cast
src/ov_SC07_011/ov_SC07_011_jr_8015C32C.c: In function `func_8015F89C':
src/ov_SC07_011/ov_SC07_011_jr_8015C32C.c:3642: warning: passing arg 2 of `func_801466F0' makes integer from pointer without a cast
src/ov_SC07_011/ov_SC07_011_jr_80140608.c: In function `func_80144458':
src/ov_SC07_011/ov_SC07_011_jr_80140608.c:2320: warning: passing arg 1 of `func_8012AD80' makes integer from pointer without a cast
src/ov_SC07_011/../shared/ov/func_8014462C.h: In function `func_8014462C':
In file included from src/ov_SC07_011/ov_SC07_011_jr_80140608.c:2340:
src/ov_SC07_011/../shared/ov/func_8014462C.h:13: warning: passing arg 1 of `func_80128ED8' makes integer from pointer without a cast
src/ov_SC07_011/../shared/ov/func_8014462C.h:13: warning: passing arg 2 of `func_80128ED8' from incompatible pointer type
src/ov_SC07_011/../shared/ov/func_80160B70.h: In function `func_80160B70':
In file included from src/ov_SC07_011/ov_SC07_011_jr_8015C32C.c:4160:
src/ov_SC07_011/../shared/ov/func_80160B70.h:7: warning: passing arg 1 of `func_80160BB4' makes pointer from integer without a cast
src/ov_SC07_011/../shared/ov/func_80149210.h: At top level:
In file included from src/ov_SC07_011/ov_SC07_011_jr_801457A4.c:2032:
src/ov_SC07_011/../shared/ov/func_80149210.h:3: warning: type mismatch with previous external decl
src/ov_SC07_011/ov_SC07_011_jr_801457A4.c:1147: warning: previous external decl of `func_80149210'
src/ov_SC07_011/../shared/ov/func_80160F70.h: In function `func_80160F70':
In file included from src/ov_SC07_011/ov_SC07_011_jr_8015C32C.c:4233:
src/ov_SC07_011/../shared/ov/func_80160F70.h:15: warning: passing arg 1 of `func_8013767C' makes integer from pointer without a cast
src/ov_SC07_011/../shared/ov/func_80161208.h: In function `aF80161208':
In file included from src/ov_SC07_011/ov_SC07_011_jr_8015C32C.c:4273:
src/ov_SC07_011/../shared/ov/func_80161208.h:6: warning: passing arg 1 makes integer from pointer without a cast
src/ov_SC07_011/../shared/ov/func_80161278.h: In function `func_80161278':
In file included from src/ov_SC07_011/ov_SC07_011_jr_8015C32C.c:4279:
src/ov_SC07_011/../shared/ov/func_80161278.h:10: warning: passing arg 1 of `func_80161374' makes integer from pointer without a cast
src/ov_SC07_011/../shared/ov/func_801612B8.h: In function `func_801612B8':
In file included from src/ov_SC07_011/ov_SC07_011_jr_8015C32C.c:4282:
src/ov_SC07_011/../shared/ov/func_801612B8.h:11: warning: assignment makes integer from pointer without a cast
src/ov_SC07_011/../shared/ov/func_80161418.h: In function `func_80161418':
In file included from src/ov_SC07_011/ov_SC07_011_jr_8015C32C.c:4333:
src/ov_SC07_011/../shared/ov/func_80161418.h:6: warning: passing arg 1 of `func_8016163C' makes integer from pointer without a cast
src/ov_SC07_011/../shared/ov/func_80161450.h: In function `func_80161450':
In file included from src/ov_SC07_011/ov_SC07_011_jr_8015C32C.c:4336:
src/ov_SC07_011/../shared/ov/func_80161450.h:6: warning: passing arg 1 of `func_80161774' makes integer from pointer without a cast
src/ov_SC07_011/../shared/ov/func_80161488.h: In function `func_80161488':
In file included from src/ov_SC07_011/ov_SC07_011_jr_8015C32C.c:4339:
src/ov_SC07_011/../shared/ov/func_80161488.h:9: warning: passing arg 1 of `func_80161774' makes integer from pointer without a cast
src/ov_SC07_011/../shared/ov/func_801614E4.h: In function `func_801614E4':
In file included from src/ov_SC07_011/ov_SC07_011_jr_8015C32C.c:4342:
src/ov_SC07_011/../shared/ov/func_801614E4.h:6: warning: passing arg 1 of `func_80161888' makes integer from pointer without a cast
src/ov_SC07_011/../shared/ov/func_80161554.h: In function `func_80161554':
In file included from src/ov_SC07_011/ov_SC07_011_jr_8015C32C.c:4348:
src/ov_SC07_011/../shared/ov/func_80161554.h:6: warning: passing arg 1 of `func_8016163C' makes integer from pointer without a cast
src/ov_SC07_011/../shared/ov/func_8016158C.h: In function `func_8016158C':
In file included from src/ov_SC07_011/ov_SC07_011_jr_8015C32C.c:4351:
src/ov_SC07_011/../shared/ov/func_8016158C.h:6: warning: passing arg 1 of `func_80161774' makes integer from pointer without a cast
src/ov_SC07_011/../shared/ov/func_801615C4.h: In function `func_801615C4':
In file included from src/ov_SC07_011/ov_SC07_011_jr_8015C32C.c:4354:
src/ov_SC07_011/../shared/ov/func_801615C4.h:12: warning: passing arg 1 of `func_80146D90' makes integer from pointer without a cast
src/ov_SC07_011/../shared/ov/func_801615C4.h:15: warning: passing arg 1 makes integer from pointer without a cast
src/ov_SC07_011/../shared/ov/func_801615C4.h:17: warning: passing arg 1 makes integer from pointer without a cast
src/ov_SC07_011/../shared/ov/func_8016163C.h: In function `func_8016163C':
In file included from src/ov_SC07_011/ov_SC07_011_jr_8015C32C.c:4370:
src/ov_SC07_011/../shared/ov/func_8016163C.h:17: warning: passing arg 1 of `func_801599A4' makes pointer from integer without a cast
src/ov_SC07_011/../shared/ov/func_8016163C.h:18: warning: passing arg 1 of `func_80159B3C' makes pointer from integer without a cast
src/ov_SC07_011/../shared/ov/func_8016163C.h:24: warning: passing arg 1 of `func_801599A4' makes pointer from integer without a cast
src/ov_SC07_011/../shared/ov/func_8016163C.h:31: warning: passing arg 1 of `func_801599A4' makes pointer from integer without a cast
src/ov_SC07_011/../shared/ov/func_8016163C.h:32: warning: passing arg 1 of `func_80159B3C' makes pointer from integer without a cast
src/ov_SC07_011/../shared/ov/func_8016163C.h:44: warning: passing arg 1 of `func_801599A4' makes pointer from integer without a cast
src/ov_SC07_011/../shared/ov/func_8016163C.h:45: warning: passing arg 1 of `func_8015F2F0' makes pointer from integer without a cast
src/ov_SC07_011/../shared/ov/func_80161774.h: In function `func_80161774':
In file included from src/ov_SC07_011/ov_SC07_011_jr_8015C32C.c:4382:
src/ov_SC07_011/../shared/ov/func_80161774.h:22: warning: passing arg 1 of `func_801599A4' makes pointer from integer without a cast
src/ov_SC07_011/../shared/ov/func_80161774.h:44: warning: passing arg 1 of `func_801599A4' makes pointer from integer without a cast
src/ov_SC07_011/../shared/ov/func_80149F2C.h: In function `func_80149F2C':
In file included from src/ov_SC07_011/ov_SC07_011_jr_801457A4.c:2219:
src/ov_SC07_011/../shared/ov/func_80149F2C.h:9: warning: initialization makes pointer from integer without a cast
src/ov_SC07_011/ov_SC07_011_jr_8015C32C.c: In function `func_8016216C':
src/ov_SC07_011/ov_SC07_011_jr_8015C32C.c:4672: warning: type mismatch with previous external decl
src/ov_SC07_011/ov_SC07_011_jr_8015C32C.c:4597: warning: previous external decl of `D_8018F240'
src/ov_SC07_011/ov_SC07_011_jr_8015C32C.c: In function `func_801621CC':
src/ov_SC07_011/ov_SC07_011_jr_8015C32C.c:4694: warning: type mismatch with previous external decl
src/ov_SC07_011/ov_SC07_011_jr_8015C32C.c:4582: warning: previous external decl of `D_80078EB0'
src/ov_SC07_011/ov_SC07_011_jr_8015C32C.c: In function `func_801622C4':
src/ov_SC07_011/ov_SC07_011_jr_8015C32C.c:4754: warning: type mismatch with previous external decl
src/ov_SC07_011/ov_SC07_011_jr_8015C32C.c:4597: warning: previous external decl of `D_8018F240'
src/ov_SC07_011/ov_SC07_011_jr_8015C32C.c:4761: warning: assignment from incompatible pointer type
src/ov_SC07_011/../shared/ov/func_8014B034.h: At top level:
In file included from src/ov_SC07_011/ov_SC07_011_jr_801457A4.c:2382:
src/ov_SC07_011/../shared/ov/func_8014B034.h:4: warning: type mismatch with previous external decl
src/ov_SC07_011/../shared/ov/func_8014ADE0.h:22: warning: previous external decl of `D_80078E90'
src/ov_SC07_011/ov_SC07_011_jr_8015C32C.c:6257: warning: "SHB" redefined
 6257 | #define SHB(x) __asm__ __volatile__("" : "=r"(x) : "0"(x))
      | 
src/ov_SC07_011/ov_SC07_011_jr_8015C32C.c:4288: note: this is the location of the previous definition
 4288 | #define SHB(x) __asm__("" : "=r"(x) : "0"(x))
      | 
src/ov_SC07_011/ov_SC07_011_jr_8015C32C.c:6258: warning: "SHB" redefined
 6258 | #define SHB(x) __asm__("" : "=r"(x) : "0"(x))
      | 
src/ov_SC07_011/ov_SC07_011_jr_8015C32C.c:6257: note: this is the location of the previous definition
 6257 | #define SHB(x) __asm__ __volatile__("" : "=r"(x) : "0"(x))
      | 
src/ov_SC07_011/../shared/ov/func_8016345C.h: At top level:
In file included from src/ov_SC07_011/ov_SC07_011_jr_8015C32C.c:5086:
src/ov_SC07_011/../shared/ov/func_8016345C.h:5: warning: type mismatch with previous external decl
src/ov_SC07_011/ov_SC07_011_jr_8015C32C.c:5077: warning: previous external decl of `func_8016345C'
src/ov_SC07_011/../shared/ov/func_8016345C.h: In function `func_8016345C':
src/ov_SC07_011/../shared/ov/func_8016345C.h:8: warning: passing arg 6 of `func_80163534' makes pointer from integer without a cast
src/ov_SC07_011/ov_SC07_011_jr_8015C32C.c: In function `func_801634D8':
src/ov_SC07_011/ov_SC07_011_jr_8015C32C.c:5100: warning: type mismatch with previous external decl
src/ov_SC07_011/ov_SC07_011_jr_8015C32C.c:5078: warning: previous external decl of `D_8018EB10'
In file included from src/ov_SC07_011/ov_SC07_011_jr_801457A4.c:2499:
src/ov_SC07_011/../shared/ov/func_8014BE9C.h:4: warning: type mismatch with previous external decl
src/ov_SC07_011/ov_SC07_011_jr_801457A4.c:1148: warning: previous external decl of `func_8014BE9C'
src/ov_SC07_011/../shared/ov/func_8014C168.h: In function `func_8014C168':
In file included from src/ov_SC07_011/ov_SC07_011_jr_801457A4.c:2544:
src/ov_SC07_011/../shared/ov/func_8014C168.h:12: warning: return makes integer from pointer without a cast
src/ov_SC07_011/../shared/ov/func_8014C168.h:16: warning: return makes integer from pointer without a cast
src/ov_SC07_011/../shared/ov/func_8014C3D0.h: In function `func_8014C3D0':
In file included from src/ov_SC07_011/ov_SC07_011_jr_801457A4.c:2570:
src/ov_SC07_011/../shared/ov/func_8014C3D0.h:6: warning: passing arg 2 of `func_8014C59C' makes pointer from integer without a cast
src/ov_SC07_011/../shared/ov/func_8014C43C.h: In function `func_8014C43C':
In file included from src/ov_SC07_011/ov_SC07_011_jr_801457A4.c:2573:
src/ov_SC07_011/../shared/ov/func_8014C43C.h:9: warning: passing arg 4 of `func_8014C4AC' makes pointer from integer without a cast
src/ov_SC07_011/../shared/ov/func_8014C6D0.h: At top level:
In file included from src/ov_SC07_011/ov_SC07_011_jr_801457A4.c:2609:
src/ov_SC07_011/../shared/ov/func_8014C6D0.h:4: warning: type mismatch with previous external decl
src/ov_SC07_011/ov_SC07_011_jr_801457A4.c:1156: warning: previous external decl of `func_8014C6D0'
In file included from src/ov_SC07_011/ov_SC07_011_jr_801457A4.c:2656:
src/ov_SC07_011/../shared/ov/func_8014C968.h:4: warning: type mismatch with previous external decl
src/ov_SC07_011/ov_SC07_011_jr_801457A4.c:1155: warning: previous external decl of `func_8014C968'
src/ov_SC07_011/../shared/ov/func_8014CD0C.h: In function `func_8014CD0C':
In file included from src/ov_SC07_011/ov_SC07_011_jr_801457A4.c:2754:
src/ov_SC07_011/../shared/ov/func_8014CD0C.h:21: warning: passing arg 2 of `func_8014CF04' makes integer from pointer without a cast
src/ov_SC07_011/../shared/ov/func_8014CD80.h: In function `func_8014CD80':
In file included from src/ov_SC07_011/ov_SC07_011_jr_801457A4.c:2757:
src/ov_SC07_011/../shared/ov/func_8014CD80.h:43: warning: passing arg 3 of `func_80135888' makes integer from pointer without a cast
src/ov_SC07_011/../shared/ov/func_8014CD80.h:43: warning: passing arg 4 of `func_80135888' makes integer from pointer without a cast
src/ov_SC07_011/../shared/ov/func_8014D438.h: In function `func_8014D438':
In file included from src/ov_SC07_011/ov_SC07_011_jr_801457A4.c:2831:
src/ov_SC07_011/../shared/ov/func_8014D438.h:15: warning: passing arg 2 of `func_8014D610' makes integer from pointer without a cast
src/ov_SC07_011/ov_SC07_011_jr_8015C32C.c: In function `func_801651B8':
src/ov_SC07_011/ov_SC07_011_jr_8015C32C.c:5614: warning: type mismatch with previous external decl
src/ov_SC07_011/ov_SC07_011_jr_8015C32C.c:5588: warning: previous external decl of `D_8018F338'
src/ov_SC07_011/ov_SC07_011_jr_8015C32C.c:5619: warning: assignment makes integer from pointer without a cast
src/ov_SC07_011/ov_SC07_011_jr_8015C32C.c: In function `func_80165240':
src/ov_SC07_011/ov_SC07_011_jr_8015C32C.c:5652: warning: passing arg 2 of `ApplyMatrixSV' from incompatible pointer type
src/ov_SC07_011/ov_SC07_011_jr_8015C32C.c:5652: warning: passing arg 3 of `ApplyMatrixSV' from incompatible pointer type
src/ov_SC07_011/ov_SC07_011_jr_8015C32C.c:5653: warning: passing arg 2 of `ApplyMatrixSV' from incompatible pointer type
src/ov_SC07_011/ov_SC07_011_jr_8015C32C.c:5653: warning: passing arg 3 of `ApplyMatrixSV' from incompatible pointer type
src/ov_SC07_011/ov_SC07_011_jr_8015C32C.c:5654: warning: passing arg 2 of `ApplyMatrixSV' from incompatible pointer type
src/ov_SC07_011/ov_SC07_011_jr_8015C32C.c:5654: warning: passing arg 3 of `ApplyMatrixSV' from incompatible pointer type
src/ov_SC07_011/ov_SC07_011_jr_8015C32C.c:5655: warning: passing arg 2 of `ApplyMatrixSV' from incompatible pointer type
src/ov_SC07_011/ov_SC07_011_jr_8015C32C.c:5655: warning: passing arg 3 of `ApplyMatrixSV' from incompatible pointer type
src/ov_SC07_011/../shared/ov/func_8014E48C.h: In function `func_8014E48C':
In file included from src/ov_SC07_011/ov_SC07_011_jr_801457A4.c:3269:
src/ov_SC07_011/../shared/ov/func_8014E48C.h:17: warning: passing arg 1 of `func_8014E514' makes pointer from integer without a cast
src/ov_SC07_011/../shared/ov/func_8014E48C.h:17: warning: passing arg 2 of `func_8014E514' makes integer from pointer without a cast
src/ov_SC07_011/../shared/ov/func_8014E48C.h:17: warning: passing arg 3 of `func_8014E514' makes integer from pointer without a cast
src/ov_SC07_011/../shared/ov/func_80165CA0.h: In function `func_80165CA0':
In file included from src/ov_SC07_011/ov_SC07_011_jr_8015C32C.c:5913:
src/ov_SC07_011/../shared/ov/func_80165CA0.h:13: warning: assignment from incompatible pointer type
src/ov_SC07_011/ov_SC07_011_jr_8015C32C.c: In function `func_80165FA4':
src/ov_SC07_011/ov_SC07_011_jr_8015C32C.c:5935: warning: passing arg 2 makes pointer from integer without a cast
src/ov_SC07_011/ov_SC07_011_jr_8015C32C.c:5935: warning: passing arg 3 makes pointer from integer without a cast
src/ov_SC07_011/ov_SC07_011_jr_8015C32C.c:5936: warning: passing arg 2 makes pointer from integer without a cast
src/ov_SC07_011/ov_SC07_011_jr_8015C32C.c:5936: warning: passing arg 3 makes pointer from integer without a cast
src/ov_SC07_011/../shared/ov/func_8014E790.h: In function `func_8014E790':
In file included from src/ov_SC07_011/ov_SC07_011_jr_801457A4.c:3350:
src/ov_SC07_011/../shared/ov/func_8014E790.h:8: warning: passing arg 3 of `func_80135888' makes integer from pointer without a cast
src/ov_SC07_011/../shared/ov/func_8014E790.h:8: warning: passing arg 4 of `func_80135888' makes integer from pointer without a cast
src/ov_SC07_011/../shared/ov/func_8014E83C.h: In function `func_8014E83C':
In file included from src/ov_SC07_011/ov_SC07_011_jr_801457A4.c:3353:
src/ov_SC07_011/../shared/ov/func_8014E83C.h:18: warning: passing arg 3 of `func_80135888' makes integer from pointer without a cast
src/ov_SC07_011/../shared/ov/func_8014E83C.h:18: warning: passing arg 4 of `func_80135888' makes integer from pointer without a cast
src/ov_SC07_011/../shared/ov/func_80166438.h: In function `func_80166438':
In file included from src/ov_SC07_011/ov_SC07_011_jr_8015C32C.c:5979:
src/ov_SC07_011/../shared/ov/func_80166438.h:60: warning: passing arg 1 of `func_80146C3C' makes pointer from integer without a cast
src/ov_SC07_011/../shared/ov/func_8014EE14.h: In function `func_8014EE14':
In file included from src/ov_SC07_011/ov_SC07_011_jr_801457A4.c:3423:
src/ov_SC07_011/../shared/ov/func_8014EE14.h:22: warning: assignment makes integer from pointer without a cast
src/ov_SC07_011/../shared/ov/func_801665B4.h: In function `func_801665B4':
In file included from src/ov_SC07_011/ov_SC07_011_jr_8015C32C.c:5985:
src/ov_SC07_011/../shared/ov/func_801665B4.h:8: warning: passing arg 1 of `func_80128ED8' makes integer from pointer without a cast
src/ov_SC07_011/../shared/ov/func_801665B4.h:9: warning: passing arg 1 of `func_80146C3C' makes pointer from integer without a cast
src/ov_SC07_011/ov_SC07_011_jr_8015C32C.c: At top level:
src/ov_SC07_011/ov_SC07_011_jr_8015C32C.c:6803: warning: prototype for `func_80166994' follows
src/ov_SC07_011/ov_SC07_011_jr_8015C32C.c:6148: warning: non-prototype definition here
src/ov_SC07_011/../shared/ov/func_80168A14.h: In function `func_80168A14':
In file included from src/ov_SC07_011/ov_SC07_011_jr_8015C32C.c:6980:
src/ov_SC07_011/../shared/ov/func_80168A14.h:11: warning: passing arg 2 of `func_80146A6C' makes pointer from integer without a cast
src/ov_SC07_011/../shared/ov/func_80151204.h: In function `func_80151204':
In file included from src/ov_SC07_011/ov_SC07_011_jr_801457A4.c:4019:
src/ov_SC07_011/../shared/ov/func_80151204.h:7: warning: passing arg 1 of `func_8014ACE8' makes pointer from integer without a cast
src/ov_SC07_011/../shared/ov/func_8015126C.h: In function `func_8015126C':
In file included from src/ov_SC07_011/ov_SC07_011_jr_801457A4.c:4025:
src/ov_SC07_011/../shared/ov/func_8015126C.h:132: warning: passing arg 1 of `func_8015173C' from incompatible pointer type
src/ov_SC07_011/../shared/ov/func_80151AE4.h: In function `func_80151AE4':
In file included from src/ov_SC07_011/ov_SC07_011_jr_801457A4.c:4086:
src/ov_SC07_011/../shared/ov/func_80151AE4.h:16: warning: passing arg 1 of `func_80149020' makes pointer from integer without a cast
src/ov_SC07_011/../shared/ov/func_80151AE4.h:19: warning: passing arg 1 of `func_80159B3C' makes pointer from integer without a cast
src/ov_SC07_011/../shared/ov/func_80151AE4.h:32: warning: passing arg 1 of `func_8015BDD0' makes pointer from integer without a cast
src/ov_SC07_011/../shared/ov/func_80169E44.h: In function `func_80169E44':
In file included from src/ov_SC07_011/ov_SC07_011_jr_8015C32C.c:7426:
src/ov_SC07_011/../shared/ov/func_80169E44.h:9: warning: passing arg 1 of `func_80128ED8' makes integer from pointer without a cast
src/ov_SC07_011/ov_SC07_011_jr_801457A4.c: In function `func_801520DC':
src/ov_SC07_011/ov_SC07_011_jr_801457A4.c:4152: warning: passing arg 1 of `func_80149020' makes pointer from integer without a cast
src/ov_SC07_011/ov_SC07_011_jr_801457A4.c:4153: warning: passing arg 1 of `func_801472C8' makes pointer from integer without a cast
src/ov_SC07_011/ov_SC07_011_jr_801457A4.c:4155: warning: passing arg 1 of `func_80146DB8' makes pointer from integer without a cast
src/ov_SC07_011/ov_SC07_011_jr_801457A4.c:4156: warning: passing arg 1 of `func_801477E8' makes pointer from integer without a cast
src/ov_SC07_011/ov_SC07_011_jr_801457A4.c:4157: warning: passing arg 1 of `func_8014CBF8' makes pointer from integer without a cast
src/ov_SC07_011/ov_SC07_011_jr_801457A4.c:4158: warning: passing arg 1 of `func_801474EC' makes pointer from integer without a cast
src/ov_SC07_011/ov_SC07_011_jr_801457A4.c:4159: warning: passing arg 2 of `func_80146A6C' makes pointer from integer without a cast
src/ov_SC07_011/ov_SC07_011_jr_801457A4.c:4161: warning: passing arg 1 of `func_80146CA0' makes pointer from integer without a cast
src/ov_SC07_011/../shared/ov/func_80152254.h: In function `func_80152254':
In file included from src/ov_SC07_011/ov_SC07_011_jr_801457A4.c:4171:
src/ov_SC07_011/../shared/ov/func_80152254.h:22: warning: passing arg 1 of `func_80159B3C' makes pointer from integer without a cast
src/ov_SC07_011/ov_SC07_011_jr_801457A4.c: In function `func_801528B0':
src/ov_SC07_011/ov_SC07_011_jr_801457A4.c:4297: warning: passing arg 1 of `func_80149020' makes pointer from integer without a cast
src/ov_SC07_011/ov_SC07_011_jr_801457A4.c:4298: warning: passing arg 1 of `func_80154274' makes pointer from integer without a cast
src/ov_SC07_011/ov_SC07_011_jr_801457A4.c:4298: warning: passing arg 2 of `func_80154274' makes integer from pointer without a cast
src/ov_SC07_011/ov_SC07_011_jr_801457A4.c:4301: warning: passing arg 1 of `func_80146DB8' makes pointer from integer without a cast
src/ov_SC07_011/ov_SC07_011_jr_801457A4.c:4302: warning: passing arg 1 of `func_801477E8' makes pointer from integer without a cast
src/ov_SC07_011/ov_SC07_011_jr_801457A4.c:4303: warning: passing arg 1 of `func_8014CBF8' makes pointer from integer without a cast
src/ov_SC07_011/ov_SC07_011_jr_801457A4.c:4304: warning: passing arg 1 of `func_801474EC' makes pointer from integer without a cast
src/ov_SC07_011/ov_SC07_011_jr_801457A4.c:4305: warning: passing arg 1 of `func_80146CA0' makes pointer from integer without a cast
src/ov_SC07_011/../shared/ov/func_8015294C.h: In function `func_8015294C':
In file included from src/ov_SC07_011/ov_SC07_011_jr_801457A4.c:4309:
src/ov_SC07_011/../shared/ov/func_8015294C.h:31: warning: passing arg 1 of `func_801472C8' from incompatible pointer type
src/ov_SC07_011/../shared/ov/func_80152A50.h: In function `func_80152A50':
In file included from src/ov_SC07_011/ov_SC07_011_jr_801457A4.c:4315:
src/ov_SC07_011/../shared/ov/func_80152A50.h:22: warning: passing arg 1 of `func_80159B3C' makes pointer from integer without a cast
src/ov_SC07_011/../shared/ov/func_80152BF0.h: In function `func_80152BF0':
In file included from src/ov_SC07_011/ov_SC07_011_jr_801457A4.c:4333:
src/ov_SC07_011/../shared/ov/func_80152BF0.h:13: warning: passing arg 1 of `func_80146CA0' makes pointer from integer without a cast
src/ov_SC07_011/../shared/ov/func_80152C80.h: In function `func_80152C80':
In file included from src/ov_SC07_011/ov_SC07_011_jr_801457A4.c:4339:
src/ov_SC07_011/../shared/ov/func_80152C80.h:12: warning: initialization makes integer from pointer without a cast
src/ov_SC07_011/ov_SC07_011_jr_801457A4.c: In function `func_80152DA8':
src/ov_SC07_011/ov_SC07_011_jr_801457A4.c:4374: warning: passing arg 1 of `func_80149020' makes pointer from integer without a cast
src/ov_SC07_011/ov_SC07_011_jr_801457A4.c:4375: warning: passing arg 1 of `func_80154274' makes pointer from integer without a cast
src/ov_SC07_011/ov_SC07_011_jr_801457A4.c:4375: warning: passing arg 2 of `func_80154274' makes integer from pointer without a cast
src/ov_SC07_011/ov_SC07_011_jr_801457A4.c:4379: warning: passing arg 1 of `func_80146DB8' makes pointer from integer without a cast
src/ov_SC07_011/ov_SC07_011_jr_801457A4.c:4380: warning: passing arg 1 of `func_801477E8' makes pointer from integer without a cast
src/ov_SC07_011/ov_SC07_011_jr_801457A4.c:4381: warning: passing arg 1 of `func_8014CBF8' makes pointer from integer without a cast
src/ov_SC07_011/ov_SC07_011_jr_801457A4.c:4382: warning: passing arg 1 of `func_801474EC' makes pointer from integer without a cast
src/ov_SC07_011/ov_SC07_011_jr_801457A4.c:4383: warning: passing arg 1 of `func_80146CA0' makes pointer from integer without a cast
src/ov_SC07_011/../shared/ov/func_80152E4C.h: In function `func_80152E4C':
In file included from src/ov_SC07_011/ov_SC07_011_jr_801457A4.c:4387:
src/ov_SC07_011/../shared/ov/func_80152E4C.h:34: warning: passing arg 1 of `func_801472C8' makes pointer from integer without a cast
src/ov_SC07_011/../shared/ov/func_80152F44.h: In function `func_80152F44':
In file included from src/ov_SC07_011/ov_SC07_011_jr_801457A4.c:4393:
src/ov_SC07_011/../shared/ov/func_80152F44.h:22: warning: passing arg 1 of `func_80159B3C' makes pointer from integer without a cast
src/ov_SC07_011/../shared/ov/func_801530E4.h: In function `func_801530E4':
In file included from src/ov_SC07_011/ov_SC07_011_jr_801457A4.c:4411:
src/ov_SC07_011/../shared/ov/func_801530E4.h:14: warning: passing arg 1 of `func_80149020' makes pointer from integer without a cast
src/ov_SC07_011/../shared/ov/func_801530E4.h:15: warning: passing arg 1 of `func_801472C8' makes pointer from integer without a cast
src/ov_SC07_011/../shared/ov/func_801530E4.h:17: warning: passing arg 1 of `func_8014CBF8' makes pointer from integer without a cast
src/ov_SC07_011/../shared/ov/func_801530E4.h:18: warning: passing arg 1 of `func_801474EC' makes pointer from integer without a cast
src/ov_SC07_011/../shared/ov/func_801530E4.h:19: warning: passing arg 1 of `func_80155440' makes pointer from integer without a cast
src/ov_SC07_011/../shared/ov/func_801530E4.h:20: warning: passing arg 1 of `func_80146CA0' makes pointer from integer without a cast
src/ov_SC07_011/../shared/ov/func_80153204.h: In function `func_80153204':
In file included from src/ov_SC07_011/ov_SC07_011_jr_801457A4.c:4420:
src/ov_SC07_011/../shared/ov/func_80153204.h:22: warning: passing arg 1 of `func_80159B3C' makes pointer from integer without a cast
src/ov_SC07_011/../shared/ov/func_801533A4.h: In function `func_801533A4':
In file included from src/ov_SC07_011/ov_SC07_011_jr_801457A4.c:4438:
src/ov_SC07_011/../shared/ov/func_801533A4.h:12: warning: passing arg 1 of `func_80149020' makes pointer from integer without a cast
src/ov_SC07_011/../shared/ov/func_801533A4.h:15: warning: passing arg 1 of `func_8014CBF8' makes pointer from integer without a cast
src/ov_SC07_011/../shared/ov/func_801533A4.h:16: warning: passing arg 1 of `func_801474EC' makes pointer from integer without a cast
src/ov_SC07_011/../shared/ov/func_801533A4.h:17: warning: passing arg 1 of `func_80155440' makes pointer from integer without a cast
src/ov_SC07_011/../shared/ov/func_801533A4.h:18: warning: passing arg 1 of `func_80146CA0' makes pointer from integer without a cast
src/ov_SC07_011/../shared/ov/func_801534D8.h: In function `func_801534D8':
In file included from src/ov_SC07_011/ov_SC07_011_jr_801457A4.c:4447:
src/ov_SC07_011/../shared/ov/func_801534D8.h:22: warning: passing arg 1 of `func_80159B3C' makes pointer from integer without a cast
src/ov_SC07_011/../shared/ov/func_801539F8.h: In function `func_801539F8':
In file included from src/ov_SC07_011/ov_SC07_011_jr_801457A4.c:4468:
src/ov_SC07_011/../shared/ov/func_801539F8.h:14: warning: passing arg 3 of `func_80133784' makes integer from pointer without a cast
src/ov_SC07_011/../shared/ov/func_801539F8.h:20: warning: passing arg 3 of `func_80133784' makes integer from pointer without a cast
src/ov_SC07_011/../shared/ov/func_801539F8.h:24: warning: passing arg 3 of `func_80133784' makes integer from pointer without a cast
src/ov_SC07_011/../shared/ov/func_80153C8C.h: At top level:
In file included from src/ov_SC07_011/ov_SC07_011_jr_801457A4.c:4492:
src/ov_SC07_011/../shared/ov/func_80153C8C.h:4: warning: type mismatch with previous external decl
src/ov_SC07_011/ov_SC07_011_jr_801457A4.c:1158: warning: previous external decl of `func_80153C8C'
src/ov_SC07_011/../shared/ov/func_80154150.h: In function `func_80154150':
In file included from src/ov_SC07_011/ov_SC07_011_jr_801457A4.c:4559:
src/ov_SC07_011/../shared/ov/func_80154150.h:7: warning: passing arg 1 of `func_80154190' makes pointer from integer without a cast
{standard input}: Assembler messages:
{standard input}:681: Warning: used $at without ".set noat"
{standard input}:682: Warning: used $at without ".set noat"
{standard input}:12678: Warning: used $at without ".set noat"
{standard input}:12679: Warning: used $at without ".set noat"
{standard input}:13007: Warning: used $at without ".set noat"
{standard input}:13008: Warning: used $at without ".set noat"
{standard input}:13329: Warning: used $at without ".set noat"
{standard input}:13330: Warning: used $at without ".set noat"
{standard input}:13634: Warning: used $at without ".set noat"
{standard input}:13635: Warning: used $at without ".set noat"
{standard input}:14339: Warning: used $at without ".set noat"
{standard input}:14340: Warning: used $at without ".set noat"
{standard input}:14782: Warning: used $at without ".set noat"
{standard input}:14783: Warning: used $at without ".set noat"
{standard input}:15018: Warning: used $at without ".set noat"
{standard input}:15019: Warning: used $at without ".set noat"
{standard input}:15264: Warning: used $at without ".set noat"
{standard input}:15265: Warning: used $at without ".set noat"
{standard input}:15614: Warning: used $at without ".set noat"
{standard input}:15615: Warning: used $at without ".set noat"
{standard input}:16020: Warning: used $at without ".set noat"
{standard input}:16021: Warning: used $at without ".set noat"
{standard input}:16256: Warning: used $at without ".set noat"
{standard input}:16257: Warning: used $at without ".set noat"
{standard input}:16474: Warning: used $at without ".set noat"
{standard input}:16475: Warning: used $at without ".set noat"
{standard input}:16743: Warning: used $at without ".set noat"
{standard input}:16744: Warning: used $at without ".set noat"
{standard input}:16895: Warning: used $at without ".set noat"
{standard input}:16896: Warning: used $at without ".set noat"
{standard input}:17012: Warning: used $at without ".set noat"
{standard input}:17013: Warning: used $at without ".set noat"
{standard input}:17722: Warning: used $at without ".set noat"
{standard input}:17723: Warning: used $at without ".set noat"
{standard input}:18371: Warning: used $at without ".set noat"
{standard input}:18372: Warning: used $at without ".set noat"
  LD      build/ov_SC07_011/ov_SC07_011.elf
  OBJCOPY build/ov_SC07_011/ov_SC07_011
  TRIM    build/ov_SC07_011/ov_SC07_011 (-1 B linker end-align pad)
[ OK ] build/ov_SC07_011/ov_SC07_011
       sha1 9885af7447b5f40e28f2b9e4c114e6a408172fd0 == config/check.ov_SC07_011.sha  (BYTE-IDENTICAL)
