  CC      build/src/ov_SC06_018/ov_SC06_018_jr_801734BC.o
src/ov_SC06_018/ov_SC06_018_jr_801734BC.c:1533: warning: conflicting types for built-in function `memcpy'
src/ov_SC06_018/ov_SC06_018_jr_801734BC.c:2344: warning: type mismatch with previous external decl
src/ov_SC06_018/ov_SC06_018_jr_801734BC.c:2321: warning: previous external decl of `func_80173544'
src/ov_SC06_018/../shared/ov/func_80173A60.h: In function `func_80173A60':
In file included from src/ov_SC06_018/ov_SC06_018_jr_801734BC.c:2415:
src/ov_SC06_018/../shared/ov/func_80173A60.h:24: warning: passing arg 2 of `__builtin_memcpy' makes pointer from integer without a cast
src/ov_SC06_018/../shared/ov/func_80173BC0.h: In function `func_80173BC0':
In file included from src/ov_SC06_018/ov_SC06_018_jr_801734BC.c:2428:
src/ov_SC06_018/../shared/ov/func_80173BC0.h:20: warning: passing arg 1 of `func_80171A34' from incompatible pointer type
src/ov_SC06_018/../shared/ov/func_801743F0.h: In function `func_801743F0':
In file included from src/ov_SC06_018/ov_SC06_018_jr_801734BC.c:2478:
src/ov_SC06_018/../shared/ov/func_801743F0.h:8: warning: passing arg 1 of `func_80172658' from incompatible pointer type
src/ov_SC06_018/ov_SC06_018_jr_801734BC.c: In function `func_80175218':
src/ov_SC06_018/ov_SC06_018_jr_801734BC.c:2781: warning: passing arg 1 makes integer from pointer without a cast
src/ov_SC06_018/ov_SC06_018_jr_801734BC.c:2782: warning: passing arg 1 makes integer from pointer without a cast
src/ov_SC06_018/../shared/ov/func_801758FC.h: In function `func_801758FC':
In file included from src/ov_SC06_018/ov_SC06_018_jr_801734BC.c:2894:
src/ov_SC06_018/../shared/ov/func_801758FC.h:6: warning: type mismatch with previous external decl
src/ov_SC06_018/../shared/ov/func_80175820.h:6: warning: previous external decl of `D_800AE7BC'
src/ov_SC06_018/../shared/ov/func_801758FC.h:7: warning: type mismatch with previous external decl
src/ov_SC06_018/../shared/ov/func_80175820.h:7: warning: previous external decl of `D_800AF634'
src/ov_SC06_018/../shared/ov/func_801759D8.h: In function `func_801759D8':
In file included from src/ov_SC06_018/ov_SC06_018_jr_801734BC.c:2901:
src/ov_SC06_018/../shared/ov/func_801759D8.h:7: warning: type mismatch with previous external decl
src/ov_SC06_018/../shared/ov/func_80175820.h:6: warning: previous external decl of `D_800AE7BC'
src/ov_SC06_018/../shared/ov/func_801759D8.h:8: warning: type mismatch with previous external decl
src/ov_SC06_018/../shared/ov/func_80175820.h:7: warning: previous external decl of `D_800AF634'
src/ov_SC06_018/ov_SC06_018_jr_801734BC.c: In function `func_80175AB8':
src/ov_SC06_018/ov_SC06_018_jr_801734BC.c:2909: warning: type mismatch with previous external decl
src/ov_SC06_018/../shared/ov/func_80175820.h:7: warning: previous external decl of `D_800AF634'
src/ov_SC06_018/ov_SC06_018_jr_801734BC.c: In function `func_80175DA8':
src/ov_SC06_018/ov_SC06_018_jr_801734BC.c:3007: warning: type mismatch with previous external decl
src/ov_SC06_018/../shared/ov/func_80175820.h:7: warning: previous external decl of `D_800AF634'
src/ov_SC06_018/ov_SC06_018_jr_801734BC.c: In function `func_80176218':
src/ov_SC06_018/ov_SC06_018_jr_801734BC.c:3355: warning: passing arg 1 of `func_80177DA8' makes pointer from integer without a cast
src/ov_SC06_018/../shared/ov/func_80178004.h: In function `func_80178004':
In file included from src/ov_SC06_018/ov_SC06_018_jr_801734BC.c:3948:
src/ov_SC06_018/../shared/ov/func_80178004.h:133: warning: return makes integer from pointer without a cast
  LD      build/ov_SC06_018/ov_SC06_018.elf
  OBJCOPY build/ov_SC06_018/ov_SC06_018
  TRIM    build/ov_SC06_018/ov_SC06_018 (-1 B linker end-align pad)
[ OK ] build/ov_SC06_018/ov_SC06_018
       sha1 cbbc4f44941969105b9f939679c998c5a3dfea2b == config/check.ov_SC06_018.sha  (BYTE-IDENTICAL)
