  CC      build/src/ov_SC01_077/ov_SC01_077_jr_801734BC.o
  CC      build/src/ov_SC01_077/ov_SC01_077_jr_80178D40.o
  CC      build/src/ov_SC01_077/ov_SC01_077_jr_80154C24.o
  CC      build/src/ov_SC01_077/ov_SC01_077_a.o
  CC      build/src/ov_SC01_077/ov_SC01_077_jr_8016AB6C.o
  CC      build/src/ov_SC01_077/ov_SC01_077_jr_8012ACE0.o
src/ov_SC01_077/ov_SC01_077_jr_801734BC.c:1621: warning: conflicting types for built-in function `memcpy'
  CC      build/src/ov_SC01_077/ov_SC01_077_jr_80171B4C.o
src/ov_SC01_077/ov_SC01_077_jr_80178D40.c:1615: warning: conflicting types for built-in function `memcpy'
src/ov_SC01_077/ov_SC01_077_jr_801734BC.c:2475: warning: type mismatch with previous external decl
src/ov_SC01_077/ov_SC01_077_jr_801734BC.c:2453: warning: previous external decl of `func_80173544'
  CC      build/src/ov_SC01_077/ov_SC01_077_jr_8015C32C.o
src/ov_SC01_077/ov_SC01_077_jr_80178D40.c: In function `func_80178D40':
src/ov_SC01_077/ov_SC01_077_jr_80178D40.c:2878: warning: passing arg 1 makes integer from pointer without a cast
src/ov_SC01_077/ov_SC01_077_jr_80178D40.c:3285: warning: passing arg 1 makes integer from pointer without a cast
src/ov_SC01_077/ov_SC01_077_jr_801734BC.c: In function `func_80173A60':
src/ov_SC01_077/ov_SC01_077_jr_801734BC.c:2583: warning: passing arg 2 of `__builtin_memcpy' makes pointer from integer without a cast
src/ov_SC01_077/../shared/ov/func_80173BC0.h: In function `func_80173BC0':
In file included from src/ov_SC01_077/ov_SC01_077_jr_801734BC.c:2602:
src/ov_SC01_077/../shared/ov/func_80173BC0.h:20: warning: passing arg 1 of `func_80171A34' from incompatible pointer type
src/ov_SC01_077/../shared/ov/func_801743F0.h: In function `func_801743F0':
In file included from src/ov_SC01_077/ov_SC01_077_jr_801734BC.c:2674:
src/ov_SC01_077/../shared/ov/func_801743F0.h:8: warning: passing arg 1 of `func_80172658' from incompatible pointer type
src/ov_SC01_077/ov_SC01_077_jr_8016AB6C.c:1614: warning: conflicting types for built-in function `memcpy'
src/ov_SC01_077/../shared/ov/func_80179D30.h: At top level:
In file included from src/ov_SC01_077/ov_SC01_077_jr_80178D40.c:3515:
src/ov_SC01_077/../shared/ov/func_80179D30.h:4: warning: type mismatch with previous external decl
src/ov_SC01_077/ov_SC01_077_jr_80178D40.c:2789: warning: previous external decl of `func_80179D30'
In file included from src/ov_SC01_077/ov_SC01_077_jr_80178D40.c:3517:
src/ov_SC01_077/../shared/ov/func_80179D78.h:4: warning: type mismatch with previous external decl
src/ov_SC01_077/ov_SC01_077_jr_80178D40.c:2790: warning: previous external decl of `func_80179D78'
In file included from src/ov_SC01_077/ov_SC01_077_jr_80178D40.c:3519:
src/ov_SC01_077/../shared/ov/func_80179DCC.h:4: warning: type mismatch with previous external decl
src/ov_SC01_077/ov_SC01_077_jr_80178D40.c:2792: warning: previous external decl of `func_80179DCC'
In file included from src/ov_SC01_077/ov_SC01_077_jr_80178D40.c:3523:
src/ov_SC01_077/../shared/ov/func_80179E1C.h:4: warning: type mismatch with previous external decl
src/ov_SC01_077/ov_SC01_077_jr_80178D40.c:2794: warning: previous external decl of `func_80179E1C'
In file included from src/ov_SC01_077/ov_SC01_077_jr_80178D40.c:3527:
src/ov_SC01_077/../shared/ov/func_80179E48.h:4: warning: type mismatch with previous external decl
src/ov_SC01_077/ov_SC01_077_jr_80178D40.c:2795: warning: previous external decl of `func_80179E48'
In file included from src/ov_SC01_077/ov_SC01_077_jr_80178D40.c:3531:
src/ov_SC01_077/../shared/ov/func_80179E74.h:4: warning: type mismatch with previous external decl
src/ov_SC01_077/ov_SC01_077_jr_80178D40.c:2796: warning: previous external decl of `func_80179E74'
In file included from src/ov_SC01_077/ov_SC01_077_jr_80178D40.c:3533:
src/ov_SC01_077/../shared/ov/func_80179EA0.h:4: warning: type mismatch with previous external decl
src/ov_SC01_077/ov_SC01_077_jr_80178D40.c:2791: warning: previous external decl of `func_80179EA0'
In file included from src/ov_SC01_077/ov_SC01_077_jr_80154C24.c:1336:
src/ov_SC01_077/../shared/ov/func_801565C0.h:4: warning: type mismatch with previous external decl
src/ov_SC01_077/ov_SC01_077_jr_80154C24.c:1281: warning: previous external decl of `func_801565C0'
In file included from src/ov_SC01_077/ov_SC01_077_jr_80178D40.c:3535:
src/ov_SC01_077/../shared/ov/func_80179EE8.h:4: warning: type mismatch with previous external decl
src/ov_SC01_077/ov_SC01_077_jr_80178D40.c:2797: warning: previous external decl of `func_80179EE8'
In file included from src/ov_SC01_077/ov_SC01_077_jr_80178D40.c:3539:
src/ov_SC01_077/../shared/ov/func_80179F14.h:4: warning: type mismatch with previous external decl
src/ov_SC01_077/ov_SC01_077_jr_80178D40.c:2798: warning: previous external decl of `func_80179F14'
src/ov_SC01_077/../shared/ov/func_80156600.h: In function `func_80156600':
In file included from src/ov_SC01_077/ov_SC01_077_jr_80154C24.c:1371:
src/ov_SC01_077/../shared/ov/func_80156600.h:11: warning: return makes integer from pointer without a cast
src/ov_SC01_077/../shared/ov/func_80156600.h:16: warning: return makes integer from pointer without a cast
In file included from src/ov_SC01_077/ov_SC01_077_jr_80178D40.c:3543:
src/ov_SC01_077/../shared/ov/func_80179F6C.h:4: warning: type mismatch with previous external decl
src/ov_SC01_077/ov_SC01_077_jr_80178D40.c:2800: warning: previous external decl of `func_80179F6C'
In file included from src/ov_SC01_077/ov_SC01_077_jr_80178D40.c:3545:
src/ov_SC01_077/../shared/ov/func_80179F98.h:4: warning: type mismatch with previous external decl
src/ov_SC01_077/ov_SC01_077_jr_80178D40.c:2801: warning: previous external decl of `func_80179F98'
src/ov_SC01_077/../shared/ov/func_80156670.h: At top level:
In file included from src/ov_SC01_077/ov_SC01_077_jr_80154C24.c:1376:
src/ov_SC01_077/../shared/ov/func_80156670.h:6: warning: type mismatch with previous external decl
src/ov_SC01_077/ov_SC01_077_jr_80154C24.c:1277: warning: previous external decl of `func_80156670'
In file included from src/ov_SC01_077/ov_SC01_077_jr_80154C24.c:1391:
src/ov_SC01_077/../shared/ov/func_80156848.h:8: warning: type mismatch with previous external decl
src/ov_SC01_077/ov_SC01_077_jr_80154C24.c:1279: warning: previous external decl of `func_80156848'
In file included from src/ov_SC01_077/ov_SC01_077_jr_80178D40.c:3547:
src/ov_SC01_077/../shared/ov/func_80179FEC.h:4: warning: type mismatch with previous external decl
src/ov_SC01_077/ov_SC01_077_jr_80178D40.c:2802: warning: previous external decl of `func_80179FEC'
In file included from src/ov_SC01_077/ov_SC01_077_jr_80178D40.c:3549:
src/ov_SC01_077/../shared/ov/func_8017A040.h:4: warning: type mismatch with previous external decl
src/ov_SC01_077/ov_SC01_077_jr_80178D40.c:2803: warning: previous external decl of `func_8017A040'
src/ov_SC01_077/ov_SC01_077_jr_80171B4C.c:1619: warning: conflicting types for built-in function `memcpy'
src/ov_SC01_077/ov_SC01_077_jr_80178D40.c:3617: warning: type mismatch with previous external decl
src/ov_SC01_077/ov_SC01_077_jr_80178D40.c:2823: warning: previous external decl of `func_8017A3B0'
src/ov_SC01_077/ov_SC01_077_jr_80178D40.c:3639: warning: type mismatch with previous external decl
src/ov_SC01_077/ov_SC01_077_jr_80178D40.c:2824: warning: previous external decl of `func_8017A3D8'
src/ov_SC01_077/ov_SC01_077_jr_801734BC.c: In function `func_80175218':
src/ov_SC01_077/ov_SC01_077_jr_801734BC.c:2952: warning: passing arg 1 makes integer from pointer without a cast
src/ov_SC01_077/ov_SC01_077_jr_801734BC.c:2953: warning: passing arg 1 makes integer from pointer without a cast
src/ov_SC01_077/../shared/ov/func_8016B448.h: In function `func_8016B448':
In file included from src/ov_SC01_077/ov_SC01_077_jr_8016AB6C.c:2318:
src/ov_SC01_077/../shared/ov/func_8016B448.h:10: warning: passing arg 1 of `func_8014C050' makes integer from pointer without a cast
src/ov_SC01_077/../shared/ov/func_8016B448.h:12: warning: passing arg 1 of `func_8016B984' makes pointer from integer without a cast
src/ov_SC01_077/../shared/ov/func_8016B448.h:14: warning: passing arg 2 of `func_80146A6C' makes pointer from integer without a cast
In file included from src/ov_SC01_077/ov_SC01_077_jr_80154C24.c:1413:
src/ov_SC01_077/../shared/ov/func_80156ECC.h:3: warning: type mismatch with previous external decl
src/ov_SC01_077/../shared/ov/func_80156B74.h:11: warning: previous external decl of `func_80156ECC'
src/ov_SC01_077/../shared/ov/func_80156ECC.h: In function `func_80156ECC':
src/ov_SC01_077/../shared/ov/func_80156ECC.h:8: warning: passing arg 1 of `func_80156FA8' makes pointer from integer without a cast
src/ov_SC01_077/../shared/ov/func_80156ECC.h:8: warning: passing arg 2 of `func_80156FA8' makes pointer from integer without a cast
src/ov_SC01_077/../shared/ov/func_80156ECC.h:8: warning: passing arg 3 of `func_80156FA8' makes pointer from integer without a cast
src/ov_SC01_077/../shared/ov/func_80171CC4.h: In function `func_80171CC4':
In file included from src/ov_SC01_077/ov_SC01_077_jr_80171B4C.c:2392:
src/ov_SC01_077/../shared/ov/func_80171CC4.h:9: warning: passing arg 1 of `func_80171D78' makes integer from pointer without a cast
src/ov_SC01_077/../shared/ov/func_80171CC4.h:9: warning: passing arg 2 of `func_80171D78' makes integer from pointer without a cast
src/ov_SC01_077/../shared/ov/func_801571C4.h: In function `func_801571C4':
In file included from src/ov_SC01_077/ov_SC01_077_jr_80154C24.c:1425:
src/ov_SC01_077/../shared/ov/func_801571C4.h:42: warning: passing arg 3 of `func_80135260' makes pointer from integer without a cast
src/ov_SC01_077/../shared/ov/func_801571C4.h:42: warning: passing arg 4 of `func_80135260' makes pointer from integer without a cast
src/ov_SC01_077/../shared/ov/func_8012A418.h: In function `func_8012A418':
In file included from src/ov_SC01_077/ov_SC01_077_a.c:812:
src/ov_SC01_077/../shared/ov/func_8012A418.h:10: warning: assignment from incompatible pointer type
src/ov_SC01_077/../shared/ov/func_801758FC.h: In function `func_801758FC':
In file included from src/ov_SC01_077/ov_SC01_077_jr_801734BC.c:3076:
src/ov_SC01_077/../shared/ov/func_801758FC.h:6: warning: type mismatch with previous external decl
src/ov_SC01_077/../shared/ov/func_80175820.h:6: warning: previous external decl of `D_800AE7BC'
src/ov_SC01_077/../shared/ov/func_801758FC.h:7: warning: type mismatch with previous external decl
src/ov_SC01_077/../shared/ov/func_80175820.h:7: warning: previous external decl of `D_800AF634'
src/ov_SC01_077/../shared/ov/func_8016BA68.h: In function `func_8016BA68':
In file included from src/ov_SC01_077/ov_SC01_077_jr_8016AB6C.c:2557:
src/ov_SC01_077/../shared/ov/func_8016BA68.h:9: warning: passing arg 1 of `func_8014C050' makes integer from pointer without a cast
src/ov_SC01_077/../shared/ov/func_8016BA68.h:11: warning: passing arg 1 makes pointer from integer without a cast
src/ov_SC01_077/../shared/ov/func_8016BA68.h:13: warning: passing arg 2 of `func_80146A6C' makes pointer from integer without a cast
src/ov_SC01_077/../shared/ov/func_8012A6D0.h: In function `func_8012A6D0':
In file included from src/ov_SC01_077/ov_SC01_077_a.c:854:
src/ov_SC01_077/../shared/ov/func_8012A6D0.h:7: warning: initialization makes integer from pointer without a cast
src/ov_SC01_077/../shared/ov/func_8012A6D0.h:8: warning: initialization makes integer from pointer without a cast
src/ov_SC01_077/../shared/ov/func_801759D8.h: In function `func_801759D8':
In file included from src/ov_SC01_077/ov_SC01_077_jr_801734BC.c:3083:
src/ov_SC01_077/../shared/ov/func_801759D8.h:7: warning: type mismatch with previous external decl
src/ov_SC01_077/../shared/ov/func_80175820.h:6: warning: previous external decl of `D_800AE7BC'
src/ov_SC01_077/../shared/ov/func_801759D8.h:8: warning: type mismatch with previous external decl
src/ov_SC01_077/../shared/ov/func_80175820.h:7: warning: previous external decl of `D_800AF634'
src/ov_SC01_077/../shared/ov/func_8012A828.h: In function `func_8012A828':
In file included from src/ov_SC01_077/ov_SC01_077_a.c:864:
src/ov_SC01_077/../shared/ov/func_8012A828.h:6: warning: assignment makes integer from pointer without a cast
src/ov_SC01_077/../shared/ov/func_8015773C.h: In function `func_8015773C':
In file included from src/ov_SC01_077/ov_SC01_077_jr_80154C24.c:1451:
src/ov_SC01_077/../shared/ov/func_8015773C.h:11: warning: passing arg 1 of `func_801553A8' from incompatible pointer type
src/ov_SC01_077/ov_SC01_077_jr_80154C24.c: In function `func_801577C8':
src/ov_SC01_077/ov_SC01_077_jr_80154C24.c:1469: warning: passing arg 1 of `func_80147078' makes pointer from integer without a cast
src/ov_SC01_077/ov_SC01_077_jr_8016AB6C.c: At top level:
src/ov_SC01_077/ov_SC01_077_jr_8016AB6C.c:2616: warning: type mismatch with previous external decl
src/ov_SC01_077/ov_SC01_077_jr_8016AB6C.c:2576: warning: previous external decl of `func_8016BF50'
src/ov_SC01_077/ov_SC01_077_jr_8016AB6C.c: In function `func_8016BCC0':
src/ov_SC01_077/ov_SC01_077_jr_8016AB6C.c:2634: src/ov_SC01_077/ov_SC01_077_jr_80154C24.c: warning: At top level:
passing arg 1 of `func_8016BFA8' makes integer from pointer without a castsrc/ov_SC01_077/ov_SC01_077_jr_80154C24.c:1482: 
warning: src/ov_SC01_077/ov_SC01_077_jr_8016AB6C.c:2634: type mismatch with previous external declwarning: 
passing arg 2 of `func_8016BFA8' makes integer from pointer without a castsrc/ov_SC01_077/ov_SC01_077_jr_80154C24.c:1470: 
warning: src/ov_SC01_077/ov_SC01_077_jr_8016AB6C.c:2634: previous external decl of `warning: func_80157808passing arg 3 of `func_8016BFA8' makes integer from pointer without a cast'

src/ov_SC01_077/ov_SC01_077_jr_8016AB6C.c:2634: src/ov_SC01_077/ov_SC01_077_jr_80154C24.c:1482: warning: warning: passing arg 4 of `func_8016BFA8' makes integer from pointer without a casttype mismatch with previous implicit declaration

src/ov_SC01_077/ov_SC01_077_jr_80154C24.c:1470: warning: previous implicit declaration of `func_80157808'
src/ov_SC01_077/ov_SC01_077_jr_80154C24.c:1482: warning: `func_80157808' was previously implicitly declared to return `int'
src/ov_SC01_077/ov_SC01_077_jr_801734BC.c: In function `func_80175AB8':
src/ov_SC01_077/ov_SC01_077_jr_801734BC.c:3134: warning: type mismatch with previous external decl
src/ov_SC01_077/../shared/ov/func_80175820.h:7: warning: previous external decl of `D_800AF634'
src/ov_SC01_077/../shared/ov/func_8017248C.h: In function `func_8017248C':
In file included from src/ov_SC01_077/ov_SC01_077_jr_80171B4C.c:2427:
src/ov_SC01_077/../shared/ov/func_8017248C.h:6: warning: passing arg 1 makes pointer from integer without a cast
src/ov_SC01_077/../shared/ov/func_8017248C.h:6: warning: passing arg 2 makes pointer from integer without a cast
src/ov_SC01_077/../shared/ov/func_8015C6AC.h: In function `func_8015C6AC':
In file included from src/ov_SC01_077/ov_SC01_077_jr_8015C32C.c:1385:
src/ov_SC01_077/../shared/ov/func_8015C6AC.h:7: warning: passing arg 1 of `func_8015C788' makes integer from pointer without a cast
src/ov_SC01_077/../shared/ov/func_8017250C.h: In function `func_8017250C':
In file included from src/ov_SC01_077/ov_SC01_077_jr_80171B4C.c:2431:
src/ov_SC01_077/../shared/ov/func_8017250C.h:5: warning: passing arg 1 of `func_80172560' from incompatible pointer type
src/ov_SC01_077/../shared/ov/func_8017250C.h:5: warning: passing arg 2 of `func_80172560' from incompatible pointer type
src/ov_SC01_077/ov_SC01_077_jr_801734BC.c: At top level:
src/ov_SC01_077/ov_SC01_077_jr_801734BC.c:3225: warning: type mismatch with previous external decl
src/ov_SC01_077/../shared/ov/func_80175820.h:7: warning: previous external decl of `D_800AF634'
src/ov_SC01_077/ov_SC01_077_jr_8015C32C.c: In function `func_8015C944':
src/ov_SC01_077/ov_SC01_077_jr_8015C32C.c:1484: warning: passing arg 1 makes pointer from integer without a cast
src/ov_SC01_077/ov_SC01_077_jr_8016AB6C.c: At top level:
src/ov_SC01_077/ov_SC01_077_jr_8016AB6C.c:2851: warning: type mismatch with previous external decl
src/ov_SC01_077/ov_SC01_077_jr_8016AB6C.c:2800: warning: previous external decl of `D_801D9BCC'
src/ov_SC01_077/ov_SC01_077_jr_8016AB6C.c:2852: warning: type mismatch with previous external decl
src/ov_SC01_077/ov_SC01_077_jr_8016AB6C.c:2803: warning: previous external decl of `D_801D9BD4'
src/ov_SC01_077/../shared/ov/func_801726D0.h: In function `func_801726D0':
In file included from src/ov_SC01_077/ov_SC01_077_jr_80171B4C.c:2480:
src/ov_SC01_077/../shared/ov/func_801726D0.h:10: warning: assignment from incompatible pointer type
src/ov_SC01_077/ov_SC01_077_jr_801734BC.c: In function `func_80176218':
src/ov_SC01_077/ov_SC01_077_jr_801734BC.c:3577: warning: passing arg 1 of `func_80177DA8' makes pointer from integer without a cast
src/ov_SC01_077/ov_SC01_077_jr_8015C32C.c: In function `func_8015D1B8':
src/ov_SC01_077/ov_SC01_077_jr_8015C32C.c:1877: warning: passing arg 1 of `func_801725F4' from incompatible pointer type
src/ov_SC01_077/ov_SC01_077_jr_80154C24.c: In function `func_80158038':
src/ov_SC01_077/ov_SC01_077_jr_80154C24.c:1700: warning: passing arg 1 of `func_80154A74' makes integer from pointer without a cast
src/ov_SC01_077/ov_SC01_077_jr_80154C24.c:1703: warning: passing arg 2 of `func_80146994' makes integer from pointer without a cast
src/ov_SC01_077/ov_SC01_077_jr_8016AB6C.c: In function `func_8016C998':
src/ov_SC01_077/ov_SC01_077_jr_8016AB6C.c:2989: warning: type mismatch with previous external decl
src/ov_SC01_077/ov_SC01_077_jr_8016AB6C.c:2894: warning: previous external decl of `D_801D9CA0'
src/ov_SC01_077/../shared/ov/func_8015D480.h: In function `func_8015D480':
In file included from src/ov_SC01_077/ov_SC01_077_jr_8015C32C.c:1927:
src/ov_SC01_077/../shared/ov/func_8015D480.h:7: warning: passing arg 1 of `func_8015D57C' makes integer from pointer without a cast
src/ov_SC01_077/../shared/ov/func_80172D14.h: In function `func_80172D14':
In file included from src/ov_SC01_077/ov_SC01_077_jr_80171B4C.c:2572:
src/ov_SC01_077/../shared/ov/func_80172D14.h:9: warning: passing arg 1 of `func_80171AB0' makes integer from pointer without a cast
src/ov_SC01_077/../shared/ov/func_80172D14.h:11: warning: passing arg 1 of `func_80174650' makes integer from pointer without a cast
src/ov_SC01_077/ov_SC01_077_jr_8016AB6C.c: In function `func_8016CBC0':
src/ov_SC01_077/ov_SC01_077_jr_8016AB6C.c:3050: warning: type mismatch with previous external decl
src/ov_SC01_077/ov_SC01_077_jr_8016AB6C.c:2894: warning: previous external decl of `D_801D9CA0'
src/ov_SC01_077/../shared/ov/func_8015D57C.h: In function `func_8015D57C':
In file included from src/ov_SC01_077/ov_SC01_077_jr_8015C32C.c:1941:
src/ov_SC01_077/../shared/ov/func_8015D57C.h:12: warning: passing arg 1 of `func_801553A8' makes pointer from integer without a cast
src/ov_SC01_077/../shared/ov/func_8015D57C.h:13: warning: passing arg 1 of `func_80155440' makes pointer from integer without a cast
src/ov_SC01_077/../shared/ov/func_8015D57C.h:14: warning: passing arg 1 of `func_80146CA0' makes pointer from integer without a cast
src/ov_SC01_077/../shared/ov/func_80172E20.h: In function `func_80172E20':
In file included from src/ov_SC01_077/ov_SC01_077_jr_80171B4C.c:2586:
src/ov_SC01_077/../shared/ov/func_80172E20.h:14: warning: passing arg 1 of `func_80171AB0' makes integer from pointer without a cast
src/ov_SC01_077/../shared/ov/func_80172E20.h:16: warning: passing arg 1 of `func_80174650' makes integer from pointer without a cast
src/ov_SC01_077/../shared/ov/func_8017303C.h: In function `func_8017303C':
In file included from src/ov_SC01_077/ov_SC01_077_jr_80171B4C.c:2604:
src/ov_SC01_077/../shared/ov/func_8017303C.h:9: warning: assignment makes integer from pointer without a cast
src/ov_SC01_077/../shared/ov/func_801730FC.h: In function `func_801730FC':
In file included from src/ov_SC01_077/ov_SC01_077_jr_80171B4C.c:2617:
src/ov_SC01_077/../shared/ov/func_801730FC.h:12: warning: passing arg 1 of `func_80147060' from incompatible pointer type
src/ov_SC01_077/../shared/ov/func_801730FC.h:13: warning: passing arg 1 of `func_80154150' makes integer from pointer without a cast
src/ov_SC01_077/../shared/ov/func_8012D098.h: In function `func_8012D098':
In file included from src/ov_SC01_077/ov_SC01_077_jr_8012ACE0.c:691:
src/ov_SC01_077/../shared/ov/func_8012D098.h:26: warning: passing arg 1 of `func_8012F214' makes integer from pointer without a cast
src/ov_SC01_077/../shared/ov/func_8012D098.h:26: warning: passing arg 2 of `func_8012F214' makes integer from pointer without a cast
src/ov_SC01_077/../shared/ov/func_8012D098.h:26: warning: passing arg 3 of `func_8012F214' makes integer from pointer without a cast
src/ov_SC01_077/../shared/ov/func_8012D098.h:30: warning: passing arg 1 of `func_8012F214' makes integer from pointer without a cast
src/ov_SC01_077/../shared/ov/func_8012D098.h:30: warning: passing arg 2 of `func_8012F214' makes integer from pointer without a cast
src/ov_SC01_077/../shared/ov/func_8012D098.h:30: warning: passing arg 3 of `func_8012F214' makes integer from pointer without a cast
src/ov_SC01_077/../shared/ov/func_8012D098.h:34: warning: passing arg 1 of `func_8012F214' makes integer from pointer without a cast
src/ov_SC01_077/../shared/ov/func_8012D098.h:34: warning: passing arg 2 of `func_8012F214' makes integer from pointer without a cast
src/ov_SC01_077/../shared/ov/func_8012D098.h:34: warning: passing arg 3 of `func_8012F214' makes integer from pointer without a cast
src/ov_SC01_077/../shared/ov/func_8012D098.h:38: warning: passing arg 1 of `func_8012F214' makes integer from pointer without a cast
src/ov_SC01_077/../shared/ov/func_8012D098.h:38: warning: passing arg 2 of `func_8012F214' makes integer from pointer without a cast
src/ov_SC01_077/../shared/ov/func_8012D098.h:38: warning: passing arg 3 of `func_8012F214' makes integer from pointer without a cast
src/ov_SC01_077/../shared/ov/func_8012D098.h:42: warning: passing arg 1 of `func_8012F214' makes integer from pointer without a cast
src/ov_SC01_077/../shared/ov/func_8012D098.h:42: warning: passing arg 2 of `func_8012F214' makes integer from pointer without a cast
src/ov_SC01_077/../shared/ov/func_8012D098.h:42: warning: passing arg 3 of `func_8012F214' makes integer from pointer without a cast
src/ov_SC01_077/../shared/ov/func_8012D098.h:46: warning: passing arg 1 of `func_8012F214' makes integer from pointer without a cast
src/ov_SC01_077/../shared/ov/func_8012D098.h:46: warning: passing arg 2 of `func_8012F214' makes integer from pointer without a cast
src/ov_SC01_077/../shared/ov/func_8012D098.h:46: warning: passing arg 3 of `func_8012F214' makes integer from pointer without a cast
src/ov_SC01_077/../shared/ov/func_8012D098.h:50: warning: passing arg 1 of `func_8012F214' makes integer from pointer without a cast
src/ov_SC01_077/../shared/ov/func_8012D098.h:50: warning: passing arg 2 of `func_8012F214' makes integer from pointer without a cast
src/ov_SC01_077/../shared/ov/func_8012D098.h:50: warning: passing arg 3 of `func_8012F214' makes integer from pointer without a cast
src/ov_SC01_077/ov_SC01_077_jr_80171B4C.c: In function `func_80173220':
src/ov_SC01_077/ov_SC01_077_jr_80171B4C.c:2645: src/ov_SC01_077/../shared/ov/func_8012D098.h:54: warning: warning: passing arg 1 of `func_8012F214' makes integer from pointer without a castpassing arg 1 of `func_80174650' makes integer from pointer without a cast

src/ov_SC01_077/../shared/ov/func_8012D098.h:54: warning: passing arg 2 of `func_8012F214' makes integer from pointer without a cast
src/ov_SC01_077/../shared/ov/func_8012D098.h:54: warning: passing arg 3 of `func_8012F214' makes integer from pointer without a cast
src/ov_SC01_077/../shared/ov/func_8012D098.h:55: warning: passing arg 1 of `func_8012D3B4' makes integer from pointer without a cast
src/ov_SC01_077/../shared/ov/func_8012D098.h:55: warning: passing arg 2 of `func_8012D3B4' makes integer from pointer without a cast
src/ov_SC01_077/../shared/ov/func_8012D098.h:56: warning: passing arg 1 of `func_8012D3B4' makes integer from pointer without a cast
src/ov_SC01_077/../shared/ov/func_8012D098.h:56: warning: passing arg 2 of `func_8012D3B4' makes integer from pointer without a cast
src/ov_SC01_077/../shared/ov/func_8012D098.h:57: warning: passing arg 1 of `func_8012D3B4' makes integer from pointer without a cast
src/ov_SC01_077/../shared/ov/func_8012D098.h:57: warning: passing arg 2 of `func_8012D3B4' makes integer from pointer without a cast
src/ov_SC01_077/../shared/ov/func_8012D098.h:58: warning: passing arg 1 of `func_8012D3B4' makes integer from pointer without a cast
src/ov_SC01_077/../shared/ov/func_8012D098.h:58: warning: passing arg 2 of `func_8012D3B4' makes integer from pointer without a cast
src/ov_SC01_077/../shared/ov/func_8012D098.h:59: warning: passing arg 1 of `func_8012D3B4' makes integer from pointer without a cast
src/ov_SC01_077/../shared/ov/func_8012D098.h:59: warning: passing arg 2 of `func_8012D3B4' makes integer from pointer without a cast
src/ov_SC01_077/../shared/ov/func_8012D098.h:60: warning: passing arg 1 of `func_8012D3B4' makes integer from pointer without a cast
src/ov_SC01_077/../shared/ov/func_8012D098.h:60: warning: passing arg 2 of `func_8012D3B4' makes integer from pointer without a cast
src/ov_SC01_077/../shared/ov/func_8012D098.h:61: warning: passing arg 1 of `func_8012D3B4' makes integer from pointer without a cast
src/ov_SC01_077/../shared/ov/func_8012D098.h:61: warning: passing arg 2 of `func_8012D3B4' makes integer from pointer without a cast
src/ov_SC01_077/../shared/ov/func_8012D098.h:62: warning: passing arg 1 of `func_8012D3B4' makes integer from pointer without a cast
src/ov_SC01_077/../shared/ov/func_8012D098.h:62: warning: passing arg 2 of `func_8012D3B4' makes integer from pointer without a cast
src/ov_SC01_077/../shared/ov/func_8012D098.h:63: warning: passing arg 1 of `func_8012D3B4' makes integer from pointer without a cast
src/ov_SC01_077/../shared/ov/func_8012D098.h:63: warning: passing arg 2 of `func_8012D3B4' makes integer from pointer without a cast
src/ov_SC01_077/../shared/ov/func_8012D098.h:64: warning: passing arg 1 of `func_8012D3B4' makes integer from pointer without a cast
src/ov_SC01_077/../shared/ov/func_8012D098.h:64: warning: passing arg 2 of `func_8012D3B4' makes integer from pointer without a cast
src/ov_SC01_077/../shared/ov/func_8012D098.h:65: warning: passing arg 1 of `func_8012D3B4' makes integer from pointer without a cast
src/ov_SC01_077/../shared/ov/func_8012D098.h:65: warning: passing arg 2 of `func_8012D3B4' makes integer from pointer without a cast
src/ov_SC01_077/../shared/ov/func_8012D098.h:66: warning: passing arg 1 of `func_8012D3B4' makes integer from pointer without a cast
src/ov_SC01_077/../shared/ov/func_8012D098.h:66: warning: passing arg 2 of `func_8012D3B4' makes integer from pointer without a cast
src/ov_SC01_077/ov_SC01_077_jr_8016AB6C.c: In function `func_8016CF04':
src/ov_SC01_077/ov_SC01_077_jr_8016AB6C.c:3196: warning: type mismatch with previous external decl
src/ov_SC01_077/ov_SC01_077_jr_8016AB6C.c:2894: warning: previous external decl of `D_801D9CA0'
src/ov_SC01_077/../shared/ov/func_8015DA90.h: In function `func_8015DA90':
In file included from src/ov_SC01_077/ov_SC01_077_jr_8015C32C.c:2098:
src/ov_SC01_077/../shared/ov/func_8015DA90.h:7: warning: passing arg 1 of `func_8015DB6C' makes integer from pointer without a cast
src/ov_SC01_077/../shared/ov/func_8012D38C.h: In function `func_8012D38C':
In file included from src/ov_SC01_077/ov_SC01_077_jr_8012ACE0.c:694:
src/ov_SC01_077/../shared/ov/func_8012D38C.h:5: warning: passing arg 1 of `func_8012D098' makes pointer from integer without a cast
src/ov_SC01_077/../shared/ov/func_8015DDF0.h: In function `func_8015DDF0':
In file included from src/ov_SC01_077/ov_SC01_077_jr_8015C32C.c:2175:
src/ov_SC01_077/../shared/ov/func_8015DDF0.h:7: warning: passing arg 1 of `func_8015DECC' makes integer from pointer without a cast
src/ov_SC01_077/../shared/ov/func_8012D3B4.h: At top level:
In file included from src/ov_SC01_077/ov_SC01_077_jr_8012ACE0.c:698:
src/ov_SC01_077/../shared/ov/func_8012D3B4.h:4: warning: type mismatch with previous external decl
src/ov_SC01_077/../shared/ov/func_8012CFA8.h:6: warning: previous external decl of `RotTransPers'
src/ov_SC01_077/../shared/ov/func_8012D3B4.h: In function `func_8012D3B4':
src/ov_SC01_077/../shared/ov/func_8012D3B4.h:22: warning: passing arg 2 of `RotTransPers' makes integer from pointer without a cast
src/ov_SC01_077/../shared/ov/func_8012D3B4.h:23: warning: passing arg 2 of `RotTransPers' makes integer from pointer without a cast
src/ov_SC01_077/../shared/ov/func_8012D4B4.h: In function `func_8012D4B4':
In file included from src/ov_SC01_077/ov_SC01_077_jr_8012ACE0.c:705:
src/ov_SC01_077/../shared/ov/func_8012D4B4.h:27: warning: passing arg 2 of `RotTransPers' makes integer from pointer without a cast
src/ov_SC01_077/../shared/ov/func_8012D4B4.h:29: warning: passing arg 2 of `RotTransPers' makes integer from pointer without a cast
src/ov_SC01_077/../shared/ov/func_8015E150.h: In function `func_8015E150':
In file included from src/ov_SC01_077/ov_SC01_077_jr_8015C32C.c:2258:
src/ov_SC01_077/../shared/ov/func_8015E150.h:7: warning: passing arg 1 of `func_8015E22C' makes integer from pointer without a cast
src/ov_SC01_077/../shared/ov/func_8016D848.h: In function `func_8016D848':
In file included from src/ov_SC01_077/ov_SC01_077_jr_8016AB6C.c:3403:
src/ov_SC01_077/../shared/ov/func_8016D848.h:40: warning: passing arg 1 of `func_800D20C0' makes pointer from integer without a cast
src/ov_SC01_077/../shared/ov/func_8016D848.h:40: warning: passing arg 2 of `func_800D20C0' makes pointer from integer without a cast
src/ov_SC01_077/ov_SC01_077_jr_8012ACE0.c: At top level:
src/ov_SC01_077/ov_SC01_077_jr_8012ACE0.c:747: warning: type mismatch with previous external decl
src/ov_SC01_077/ov_SC01_077_jr_8012ACE0.c:720: warning: previous external decl of `func_8012F568'
src/ov_SC01_077/ov_SC01_077_jr_8012ACE0.c: In function `func_8012DB84':
src/ov_SC01_077/ov_SC01_077_jr_8012ACE0.c:755: warning: passing arg 5 of `func_8012F568' makes integer from pointer without a cast
src/ov_SC01_077/ov_SC01_077_jr_8012ACE0.c:755: warning: passing arg 6 of `func_8012F568' makes integer from pointer without a cast
src/ov_SC01_077/ov_SC01_077_jr_8016AB6C.c: In function `func_8016DC20':
src/ov_SC01_077/ov_SC01_077_jr_8016AB6C.c:3533: warning: passing arg 2 of `func_80128ED8' makes pointer from integer without a cast
src/ov_SC01_077/../shared/ov/func_8015E84C.h: In function `func_8015E84C':
In file included from src/ov_SC01_077/ov_SC01_077_jr_8015C32C.c:2375:
src/ov_SC01_077/../shared/ov/func_8015E84C.h:7: warning: passing arg 1 of `func_8015E95C' makes integer from pointer without a cast
src/ov_SC01_077/../shared/ov/func_8015E95C.h: In function `func_8015E95C':
In file included from src/ov_SC01_077/ov_SC01_077_jr_8015C32C.c:2393:
src/ov_SC01_077/../shared/ov/func_8015E95C.h:10: warning: passing arg 1 of `func_8015E9B8' makes pointer from integer without a cast
src/ov_SC01_077/../shared/ov/func_8016DEE0.h: In function `func_8016DEE0':
In file included from src/ov_SC01_077/ov_SC01_077_jr_8016AB6C.c:3548:
src/ov_SC01_077/../shared/ov/func_8016DEE0.h:6: warning: passing arg 1 of `func_80128ED8' makes integer from pointer without a cast
src/ov_SC01_077/ov_SC01_077_jr_8015C32C.c: In function `func_8015EA3C':
src/ov_SC01_077/ov_SC01_077_jr_8015C32C.c:2502: warning: passing arg 1 makes integer from pointer without a cast
src/ov_SC01_077/ov_SC01_077_jr_8012ACE0.c: In function `func_8012DDA4':
src/ov_SC01_077/ov_SC01_077_jr_8012ACE0.c:784: warning: return makes integer from pointer without a cast
src/ov_SC01_077/ov_SC01_077_jr_8012ACE0.c: In function `func_8012DE2C':
src/ov_SC01_077/ov_SC01_077_jr_8012ACE0.c:798: warning: type mismatch with previous external decl
src/ov_SC01_077/ov_SC01_077_jr_8012ACE0.c:774: warning: previous external decl of `D_801D94A4'
src/ov_SC01_077/../shared/ov/func_8016E1CC.h: src/ov_SC01_077/ov_SC01_077_jr_8012ACE0.c:799: At top level:
In file includedwarning:  from src/ov_SC01_077/ov_SC01_077_jr_8016AB6C.c:3645type mismatch with previous external decl:

src/ov_SC01_077/../shared/ov/func_8016E1CC.h:3: src/ov_SC01_077/ov_SC01_077_jr_8012ACE0.c:775: warning: warning: previous external decl of `D_801D94A0type mismatch with previous external decl'

src/ov_SC01_077/ov_SC01_077_jr_8016AB6C.c:3570: warning: previous external decl of `func_8016E3CC'
src/ov_SC01_077/ov_SC01_077_jr_8012ACE0.c:814: warning: return makes integer from pointer without a cast
src/ov_SC01_077/../shared/ov/func_8015EDA0.h: In function `func_8015EDA0':
In file included from src/ov_SC01_077/ov_SC01_077_jr_8015C32C.c:2510:
src/ov_SC01_077/../shared/ov/func_8015EDA0.h:7: warning: passing arg 1 of `func_8015EE7C' makes integer from pointer without a cast
src/ov_SC01_077/../shared/ov/func_80178004.h: In function `func_80178004':
In file included from src/ov_SC01_077/ov_SC01_077_jr_801734BC.c:4364:
src/ov_SC01_077/../shared/ov/func_80178004.h:133: warning: return makes integer from pointer without a cast
src/ov_SC01_077/../shared/ov/func_8015EFA4.h: In function `func_8015EFA4':
In file included from src/ov_SC01_077/ov_SC01_077_jr_8015C32C.c:2582:
src/ov_SC01_077/../shared/ov/func_8015EFA4.h:7: warning: passing arg 1 of `func_8015F080' makes integer from pointer without a cast
src/ov_SC01_077/ov_SC01_077_jr_8015C32C.c: In function `func_8015F00C':
src/ov_SC01_077/ov_SC01_077_jr_8015C32C.c:2591: warning: assignment from incompatible pointer type
src/ov_SC01_077/../shared/ov/func_8012E138.h: In function `func_8012E138':
In file included from src/ov_SC01_077/ov_SC01_077_jr_8012ACE0.c:838:
src/ov_SC01_077/../shared/ov/func_8012E138.h:19: warning: passing arg 2 of `func_8012F038' from incompatible pointer type
src/ov_SC01_077/../shared/ov/func_8012E138.h:19: warning: passing arg 3 of `func_8012F038' from incompatible pointer type
src/ov_SC01_077/../shared/ov/func_8012E138.h:36: warning: passing arg 2 of `func_8012F14C' makes integer from pointer without a cast
src/ov_SC01_077/../shared/ov/func_8012E138.h:36: warning: passing arg 3 of `func_8012F14C' makes integer from pointer without a cast
src/ov_SC01_077/../shared/ov/func_8012E138.h:37: warning: passing arg 3 of `func_80135888' makes integer from pointer without a cast
src/ov_SC01_077/../shared/ov/func_8012E138.h:37: warning: passing arg 4 of `func_80135888' makes integer from pointer without a cast
{standard input}: Assembler messages:
{standard input}:567: Warning: used $at without ".set noat"
{standard input}:568: Warning: used $at without ".set noat"
{standard input}:676: Warning: used $at without ".set noat"
{standard input}:677: Warning: used $at without ".set noat"
src/ov_SC01_077/ov_SC01_077_jr_8016AB6C.c:3811: warning: type mismatch with previous external decl
src/ov_SC01_077/ov_SC01_077_jr_8016AB6C.c:2007: warning: previous external decl of `func_80024054'
src/ov_SC01_077/../shared/ov/func_8016EDEC.h: In function `func_8016EDEC':
In file included from src/ov_SC01_077/ov_SC01_077_jr_8016AB6C.c:3999:
src/ov_SC01_077/../shared/ov/func_8016EDEC.h:13: warning: assignment from incompatible pointer type
src/ov_SC01_077/../shared/ov/func_8016EDEC.h:16: warning: passing arg 1 from incompatible pointer type
src/ov_SC01_077/../shared/ov/func_8016EDEC.h:17: warning: passing arg 1 from incompatible pointer type
src/ov_SC01_077/../shared/ov/func_8016EE40.h: In function `func_8016EE40':
In file included from src/ov_SC01_077/ov_SC01_077_jr_8016AB6C.c:4001:
src/ov_SC01_077/../shared/ov/func_8016EE40.h:17: warning: passing arg 1 from incompatible pointer type
src/ov_SC01_077/../shared/ov/func_8016EE40.h:19: warning: passing arg 1 from incompatible pointer type
src/ov_SC01_077/ov_SC01_077_jr_8015C32C.c: In function `func_8015F89C':
src/ov_SC01_077/ov_SC01_077_jr_8015C32C.c:2827: warning: passing arg 2 of `func_801466F0' makes integer from pointer without a cast
src/ov_SC01_077/ov_SC01_077_jr_8015C32C.c:4392:1: warning: multi-line comment [-Wcomment]
 4392 | //     .venv/bin/python tools/fix_header_decl.py --fn func_80163764 \
      | ^
src/ov_SC01_077/../shared/ov/func_8016F4FC.h: In function `func_8016F4FC':
In file included from src/ov_SC01_077/ov_SC01_077_jr_8016AB6C.c:4133:
src/ov_SC01_077/../shared/ov/func_8016F4FC.h:9: warning: passing arg 1 of `func_800D1724' makes integer from pointer without a cast
src/ov_SC01_077/../shared/ov/func_8016F71C.h: In function `func_8016F71C':
In file included from src/ov_SC01_077/ov_SC01_077_jr_8016AB6C.c:4158:
src/ov_SC01_077/../shared/ov/func_8016F71C.h:11: warning: passing arg 1 of `func_8016F764' makes pointer from integer without a cast
src/ov_SC01_077/../shared/ov/func_8016FE2C.h: In function `func_8016FE2C':
In file included from src/ov_SC01_077/ov_SC01_077_jr_8016AB6C.c:4266:
src/ov_SC01_077/../shared/ov/func_8016FE2C.h:7: warning: passing arg 1 of `func_80172658' from incompatible pointer type
src/ov_SC01_077/../shared/ov/func_8012F568.h: In function `func_8012F568':
In file included from src/ov_SC01_077/ov_SC01_077_jr_8012ACE0.c:1285:
src/ov_SC01_077/../shared/ov/func_8012F568.h:12: warning: passing arg 2 of `memcpy' makes pointer from integer without a cast
src/ov_SC01_077/../shared/ov/func_8012F568.h:13: warning: passing arg 2 of `memcpy' makes pointer from integer without a cast
src/ov_SC01_077/../shared/ov/func_80170374.h: In function `func_80170374':
In file included from src/ov_SC01_077/ov_SC01_077_jr_8016AB6C.c:4332:
src/ov_SC01_077/../shared/ov/func_80170374.h:11: warning: passing arg 1 of `func_8014C168' from incompatible pointer type
src/ov_SC01_077/../shared/ov/func_80160B70.h: In function `func_80160B70':
In file included from src/ov_SC01_077/ov_SC01_077_jr_8015C32C.c:3379:
src/ov_SC01_077/../shared/ov/func_80160B70.h:7: warning: passing arg 1 of `func_80160BB4' makes pointer from integer without a cast
src/ov_SC01_077/../shared/ov/func_8017044C.h: In function `func_8017044C':
In file included from src/ov_SC01_077/ov_SC01_077_jr_8016AB6C.c:4343:
src/ov_SC01_077/../shared/ov/func_8017044C.h:14: warning: passing arg 1 of `func_80171AB0' makes integer from pointer without a cast
src/ov_SC01_077/../shared/ov/func_801705C0.h: In function `func_801705C0':
In file included from src/ov_SC01_077/ov_SC01_077_jr_8016AB6C.c:4365:
src/ov_SC01_077/../shared/ov/func_801705C0.h:8: warning: passing arg 1 makes integer from pointer without a cast
src/ov_SC01_077/../shared/ov/func_80160F70.h: In function `func_80160F70':
In file included from src/ov_SC01_077/ov_SC01_077_jr_8015C32C.c:3440:
src/ov_SC01_077/../shared/ov/func_80160F70.h:15: warning: passing arg 1 of `func_8013767C' makes integer from pointer without a cast
src/ov_SC01_077/ov_SC01_077_jr_8015C32C.c: In function `aF80161208':
src/ov_SC01_077/ov_SC01_077_jr_8015C32C.c:3473: warning: passing arg 1 makes integer from pointer without a cast
src/ov_SC01_077/../shared/ov/func_80161278.h: In function `func_80161278':
In file included from src/ov_SC01_077/ov_SC01_077_jr_8015C32C.c:3479:
src/ov_SC01_077/../shared/ov/func_80161278.h:10: warning: passing arg 1 of `func_80161374' makes integer from pointer without a cast
src/ov_SC01_077/../shared/ov/func_80170B48.h: In function `func_80170B48':
In file included from src/ov_SC01_077/ov_SC01_077_jr_8016AB6C.c:4454:
src/ov_SC01_077/../shared/ov/func_80170B48.h:9: warning: passing arg 1 of `func_8014706C' makes pointer from integer without a cast
src/ov_SC01_077/../shared/ov/func_801612B8.h: In function `func_801612B8':
In file included from src/ov_SC01_077/ov_SC01_077_jr_8015C32C.c:3483:
src/ov_SC01_077/../shared/ov/func_801612B8.h:11: warning: assignment makes integer from pointer without a cast
src/ov_SC01_077/../shared/ov/func_80170CF0.h: In function `func_80170CF0':
In file included from src/ov_SC01_077/ov_SC01_077_jr_8016AB6C.c:4482:
src/ov_SC01_077/../shared/ov/func_80170CF0.h:11: warning: passing arg 1 makes integer from pointer without a cast
src/ov_SC01_077/../shared/ov/func_80170DE0.h: In function `func_80170DE0':
In file included from src/ov_SC01_077/ov_SC01_077_jr_8016AB6C.c:4496:
src/ov_SC01_077/../shared/ov/func_80170DE0.h:11: warning: passing arg 1 makes integer from pointer without a cast
src/ov_SC01_077/../shared/ov/func_80161418.h: In function `func_80161418':
In file included from src/ov_SC01_077/ov_SC01_077_jr_8015C32C.c:3543:
src/ov_SC01_077/../shared/ov/func_80161418.h:6: warning: passing arg 1 of `func_8016163C' makes integer from pointer without a cast
src/ov_SC01_077/../shared/ov/func_80161450.h: In function `func_80161450':
In file included from src/ov_SC01_077/ov_SC01_077_jr_8015C32C.c:3545:
src/ov_SC01_077/../shared/ov/func_80161450.h:6: warning: passing arg 1 of `func_80161774' makes integer from pointer without a cast
src/ov_SC01_077/../shared/ov/func_80170EAC.h: In function `func_80170EAC':
In file included from src/ov_SC01_077/ov_SC01_077_jr_8016AB6C.c:4506:
src/ov_SC01_077/../shared/ov/func_80170EAC.h:11: warning: passing arg 1 makes integer from pointer without a cast
src/ov_SC01_077/../shared/ov/func_80161488.h: In function `func_80161488':
In file included from src/ov_SC01_077/ov_SC01_077_jr_8015C32C.c:3547:
src/ov_SC01_077/../shared/ov/func_80161488.h:9: warning: passing arg 1 of `func_80161774' makes integer from pointer without a cast
src/ov_SC01_077/../shared/ov/func_801614E4.h: In function `func_801614E4':
In file included from src/ov_SC01_077/ov_SC01_077_jr_8015C32C.c:3549:
src/ov_SC01_077/../shared/ov/func_801614E4.h:6: warning: passing arg 1 of `func_80161888' makes integer from pointer without a cast
src/ov_SC01_077/../shared/ov/func_80161554.h: In function `func_80161554':
In file included from src/ov_SC01_077/ov_SC01_077_jr_8015C32C.c:3553:
src/ov_SC01_077/../shared/ov/func_80161554.h:6: warning: passing arg 1 of `func_8016163C' makes integer from pointer without a cast
src/ov_SC01_077/../shared/ov/func_8016158C.h: In function `func_8016158C':
In file included from src/ov_SC01_077/ov_SC01_077_jr_8015C32C.c:3555:
src/ov_SC01_077/../shared/ov/func_8016158C.h:6: warning: passing arg 1 of `func_80161774' makes integer from pointer without a cast
src/ov_SC01_077/../shared/ov/func_801615C4.h: In function `func_801615C4':
In file included from src/ov_SC01_077/ov_SC01_077_jr_8015C32C.c:3557:
src/ov_SC01_077/../shared/ov/func_801615C4.h:12: warning: passing arg 1 of `func_80146D90' makes integer from pointer without a cast
src/ov_SC01_077/../shared/ov/func_801615C4.h:15: warning: passing arg 1 makes integer from pointer without a cast
src/ov_SC01_077/../shared/ov/func_801615C4.h:17: warning: passing arg 1 makes integer from pointer without a cast
src/ov_SC01_077/../shared/ov/func_801710DC.h: In function `func_801710DC':
In file included from src/ov_SC01_077/ov_SC01_077_jr_8016AB6C.c:4536:
src/ov_SC01_077/../shared/ov/func_801710DC.h:9: warning: passing arg 1 makes integer from pointer without a cast
src/ov_SC01_077/../shared/ov/func_801710DC.h:10: warning: passing arg 1 makes integer from pointer without a cast
src/ov_SC01_077/ov_SC01_077_jr_8015C32C.c: At top level:
src/ov_SC01_077/ov_SC01_077_jr_8015C32C.c:3957: warning: type mismatch with previous external decl
src/ov_SC01_077/ov_SC01_077_jr_8015C32C.c:3889: warning: previous external decl of `D_801D9670'
src/ov_SC01_077/ov_SC01_077_jr_8012ACE0.c: In function `func_80130D48':
src/ov_SC01_077/ov_SC01_077_jr_8012ACE0.c:1676: warning: assignment makes pointer from integer without a cast
src/ov_SC01_077/ov_SC01_077_jr_8015C32C.c:3981: warning: type mismatch with previous external decl
src/ov_SC01_077/ov_SC01_077_jr_8015C32C.c:3874: warning: previous external decl of `D_80078EB0'
src/ov_SC01_077/ov_SC01_077_jr_8015C32C.c: In function `func_801622C4':
src/ov_SC01_077/ov_SC01_077_jr_8015C32C.c:4047: warning: assignment from incompatible pointer type
src/ov_SC01_077/ov_SC01_077_jr_8012ACE0.c: In function `func_80131340':
src/ov_SC01_077/ov_SC01_077_jr_8012ACE0.c:1861: warning: type mismatch with previous external decl
src/ov_SC01_077/ov_SC01_077_jr_8012ACE0.c:1745: warning: previous external decl of `D_80186FD4'
src/ov_SC01_077/ov_SC01_077_jr_8012ACE0.c:1907: warning: passing arg 1 of `func_80131E00' makes pointer from integer without a cast
src/ov_SC01_077/ov_SC01_077_jr_8012ACE0.c:1961: warning: passing arg 1 of `func_80131E00' makes pointer from integer without a cast
src/ov_SC01_077/ov_SC01_077_jr_8012ACE0.c:2005: warning: passing arg 1 of `func_80131E00' makes pointer from integer without a cast
src/ov_SC01_077/ov_SC01_077_jr_8012ACE0.c:2036: warning: passing arg 1 of `func_80131E00' makes pointer from integer without a cast
src/ov_SC01_077/ov_SC01_077_jr_8012ACE0.c:2041: warning: passing arg 1 of `func_80131E00' makes pointer from integer without a cast
src/ov_SC01_077/ov_SC01_077_jr_8012ACE0.c:2058: warning: passing arg 1 of `func_80131E00' makes pointer from integer without a cast
src/ov_SC01_077/ov_SC01_077_jr_8012ACE0.c:2068: warning: passing arg 1 of `func_80131E00' makes pointer from integer without a cast
src/ov_SC01_077/ov_SC01_077_jr_8015C32C.c:5460: warning: "SHB" redefined
 5460 | #define SHB(x) __asm__("" : "=r"(x) : "0"(x))
      | 
src/ov_SC01_077/ov_SC01_077_jr_8015C32C.c:5149: note: this is the location of the previous definition
 5149 | #define SHB(x) __asm__ __volatile__("" : "=r"(x) : "0"(x))
      | 
src/ov_SC01_077/../shared/ov/func_8016345C.h: At top level:
In file included from src/ov_SC01_077/ov_SC01_077_jr_8015C32C.c:4335:
src/ov_SC01_077/../shared/ov/func_8016345C.h:5: warning: type mismatch with previous external decl
src/ov_SC01_077/ov_SC01_077_jr_8015C32C.c:4326: warning: previous external decl of `func_8016345C'
src/ov_SC01_077/../shared/ov/func_8016345C.h: In function `func_8016345C':
src/ov_SC01_077/../shared/ov/func_8016345C.h:8: warning: passing arg 6 of `func_80163534' makes pointer from integer without a cast
src/ov_SC01_077/ov_SC01_077_jr_8015C32C.c: At top level:
src/ov_SC01_077/ov_SC01_077_jr_8015C32C.c:4340: warning: type mismatch with previous external decl
src/ov_SC01_077/ov_SC01_077_jr_8015C32C.c:4327: warning: previous external decl of `D_801D8BB0'
src/ov_SC01_077/../shared/ov/func_801325B8.h: In function `func_801325B8':
In file included from src/ov_SC01_077/ov_SC01_077_jr_8012ACE0.c:2451:
src/ov_SC01_077/../shared/ov/func_801325B8.h:34: warning: passing arg 1 of `memcpy' makes pointer from integer without a cast
src/ov_SC01_077/../shared/ov/func_801325B8.h:34: warning: passing arg 2 of `memcpy' makes pointer from integer without a cast
src/ov_SC01_077/../shared/ov/func_801325B8.h:57: warning: passing arg 1 of `memcpy' makes pointer from integer without a cast
src/ov_SC01_077/../shared/ov/func_801325B8.h:57: warning: passing arg 2 of `memcpy' makes pointer from integer without a cast
src/ov_SC01_077/../shared/ov/func_80132EF4.h: In function `func_80132EF4':
In file included from src/ov_SC01_077/ov_SC01_077_jr_8012ACE0.c:2477:
src/ov_SC01_077/../shared/ov/func_80132EF4.h:6: warning: initialization makes integer from pointer without a cast
src/ov_SC01_077/../shared/ov/func_80132F40.h: In function `func_80132F40':
In file included from src/ov_SC01_077/ov_SC01_077_jr_8012ACE0.c:2557:
src/ov_SC01_077/../shared/ov/func_80132F40.h:34: warning: passing arg 2 of `func_8012F038' from incompatible pointer type
src/ov_SC01_077/../shared/ov/func_80132F40.h:34: warning: passing arg 3 of `func_8012F038' from incompatible pointer type
src/ov_SC01_077/../shared/ov/func_80132F40.h:36: warning: passing arg 2 of `func_8012F14C' makes integer from pointer without a cast
src/ov_SC01_077/../shared/ov/func_80132F40.h:36: warning: passing arg 3 of `func_8012F14C' makes integer from pointer without a cast
src/ov_SC01_077/ov_SC01_077_jr_8012ACE0.c: In function `func_80133AB0':
src/ov_SC01_077/ov_SC01_077_jr_8012ACE0.c:2812: warning: type mismatch with previous external decl
src/ov_SC01_077/ov_SC01_077_jr_8012ACE0.c:2682: warning: previous external decl of `D_801870B0'
src/ov_SC01_077/ov_SC01_077_jr_8012ACE0.c:2813: warning: type mismatch with previous external decl
src/ov_SC01_077/ov_SC01_077_jr_8012ACE0.c:2681: warning: previous external decl of `D_801870AC'
src/ov_SC01_077/ov_SC01_077_jr_8012ACE0.c: In function `func_80133CD4':
src/ov_SC01_077/ov_SC01_077_jr_8012ACE0.c:2938: warning: type mismatch with previous external decl
src/ov_SC01_077/ov_SC01_077_jr_8012ACE0.c:2682: warning: previous external decl of `D_801870B0'
src/ov_SC01_077/ov_SC01_077_jr_8012ACE0.c:2939: warning: type mismatch with previous external decl
src/ov_SC01_077/ov_SC01_077_jr_8012ACE0.c:2681: warning: previous external decl of `D_801870AC'
src/ov_SC01_077/ov_SC01_077_jr_8012ACE0.c:2940: warning: type mismatch with previous external decl
src/ov_SC01_077/ov_SC01_077_jr_8012ACE0.c:2814: warning: previous external decl of `D_801870B8'
src/ov_SC01_077/ov_SC01_077_jr_8015C32C.c:4890: warning: type mismatch with previous external decl
src/ov_SC01_077/ov_SC01_077_jr_8015C32C.c:4870: warning: previous external decl of `D_801D9768'
src/ov_SC01_077/ov_SC01_077_jr_8015C32C.c: In function `func_801651B8':
src/ov_SC01_077/ov_SC01_077_jr_8015C32C.c:4898: warning: assignment makes integer from pointer without a cast
src/ov_SC01_077/ov_SC01_077_jr_8012ACE0.c: In function `func_801343C4':
src/ov_SC01_077/ov_SC01_077_jr_8012ACE0.c:3111: warning: type mismatch with previous external decl
src/ov_SC01_077/ov_SC01_077_jr_8012ACE0.c:2681: warning: previous external decl of `D_801870AC'
src/ov_SC01_077/ov_SC01_077_jr_8012ACE0.c:3112: warning: type mismatch with previous external decl
src/ov_SC01_077/ov_SC01_077_jr_8012ACE0.c:2682: warning: previous external decl of `D_801870B0'
src/ov_SC01_077/ov_SC01_077_jr_8012ACE0.c:3114: warning: type mismatch with previous external decl
src/ov_SC01_077/ov_SC01_077_jr_8012ACE0.c:2683: warning: previous external decl of `D_801D94FC'
src/ov_SC01_077/ov_SC01_077_jr_8012ACE0.c: In function `func_80134510':
src/ov_SC01_077/ov_SC01_077_jr_8012ACE0.c:3166: warning: type mismatch with previous external decl
src/ov_SC01_077/ov_SC01_077_jr_8012ACE0.c:2681: warning: previous external decl of `D_801870AC'
src/ov_SC01_077/ov_SC01_077_jr_8012ACE0.c:3167: warning: type mismatch with previous external decl
src/ov_SC01_077/ov_SC01_077_jr_8012ACE0.c:2682: warning: previous external decl of `D_801870B0'
src/ov_SC01_077/ov_SC01_077_jr_8012ACE0.c:3168: warning: type mismatch with previous external decl
src/ov_SC01_077/ov_SC01_077_jr_8012ACE0.c:2941: warning: previous external decl of `D_801870B4'
src/ov_SC01_077/../shared/ov/func_80165CA0.h: In function `func_80165CA0':
In file included from src/ov_SC01_077/ov_SC01_077_jr_8015C32C.c:5150:
src/ov_SC01_077/../shared/ov/func_80165CA0.h:13: warning: assignment from incompatible pointer type
src/ov_SC01_077/ov_SC01_077_jr_8012ACE0.c: In function `func_801345F8':
src/ov_SC01_077/ov_SC01_077_jr_8012ACE0.c:3213: warning: type mismatch with previous external decl
src/ov_SC01_077/ov_SC01_077_jr_8012ACE0.c:2681: warning: previous external decl of `D_801870AC'
src/ov_SC01_077/ov_SC01_077_jr_8012ACE0.c: At top level:
src/ov_SC01_077/ov_SC01_077_jr_8012ACE0.c:3271: warning: type mismatch with previous external decl
src/ov_SC01_077/ov_SC01_077_jr_8012ACE0.c:3212: warning: previous external decl of `func_801347A0'
src/ov_SC01_077/ov_SC01_077_jr_8012ACE0.c: In function `func_801347A0':
src/ov_SC01_077/ov_SC01_077_jr_8012ACE0.c:3273: warning: type mismatch with previous external decl
src/ov_SC01_077/ov_SC01_077_jr_8012ACE0.c:2682: warning: previous external decl of `D_801870B0'
src/ov_SC01_077/ov_SC01_077_jr_8012ACE0.c:3274: warning: type mismatch with previous external decl
src/ov_SC01_077/ov_SC01_077_jr_8012ACE0.c:2681: warning: previous external decl of `D_801870AC'
src/ov_SC01_077/ov_SC01_077_jr_8012ACE0.c:3275: warning: type mismatch with previous external decl
src/ov_SC01_077/ov_SC01_077_jr_8012ACE0.c:2941: warning: previous external decl of `D_801870B4'
src/ov_SC01_077/../shared/ov/func_80165FA4.h: In function `func_80165FA4':
In file included from src/ov_SC01_077/ov_SC01_077_jr_8015C32C.c:5165:
src/ov_SC01_077/../shared/ov/func_80165FA4.h:11: warning: passing arg 2 of `ApplyMatrixSV' makes pointer from integer without a cast
src/ov_SC01_077/../shared/ov/func_80165FA4.h:11: warning: passing arg 3 of `ApplyMatrixSV' makes pointer from integer without a cast
src/ov_SC01_077/../shared/ov/func_80165FA4.h:12: warning: passing arg 2 of `ApplyMatrixSV' makes pointer from integer without a cast
src/ov_SC01_077/../shared/ov/func_80165FA4.h:12: warning: passing arg 3 of `ApplyMatrixSV' makes pointer from integer without a cast
src/ov_SC01_077/ov_SC01_077_jr_8012ACE0.c: In function `func_80134C20':
src/ov_SC01_077/ov_SC01_077_jr_8012ACE0.c:3392: warning: type mismatch with previous external decl
src/ov_SC01_077/ov_SC01_077_jr_8012ACE0.c:2681: warning: previous external decl of `D_801870AC'
src/ov_SC01_077/ov_SC01_077_jr_8012ACE0.c:3393: warning: type mismatch with previous external decl
src/ov_SC01_077/ov_SC01_077_jr_8012ACE0.c:2682: warning: previous external decl of `D_801870B0'
src/ov_SC01_077/ov_SC01_077_jr_8012ACE0.c:3394: warning: type mismatch with previous external decl
src/ov_SC01_077/ov_SC01_077_jr_8012ACE0.c:2941: warning: previous external decl of `D_801870B4'
src/ov_SC01_077/ov_SC01_077_jr_8012ACE0.c:3395: warning: type mismatch with previous external decl
src/ov_SC01_077/ov_SC01_077_jr_8012ACE0.c:2814: warning: previous external decl of `D_801870B8'
src/ov_SC01_077/../shared/ov/func_801665B4.h: In function `func_801665B4':
In file included from src/ov_SC01_077/ov_SC01_077_jr_8015C32C.c:5195:
src/ov_SC01_077/../shared/ov/func_801665B4.h:8: warning: passing arg 1 of `func_80128ED8' makes integer from pointer without a cast
src/ov_SC01_077/ov_SC01_077_jr_8012ACE0.c: In function `func_80135004':
src/ov_SC01_077/ov_SC01_077_jr_8012ACE0.c:3486: warning: type mismatch with previous external decl
src/ov_SC01_077/ov_SC01_077_jr_8012ACE0.c:2682: warning: previous external decl of `D_801870B0'
src/ov_SC01_077/ov_SC01_077_jr_8012ACE0.c:3487: warning: type mismatch with previous external decl
src/ov_SC01_077/ov_SC01_077_jr_8012ACE0.c:2681: warning: previous external decl of `D_801870AC'
src/ov_SC01_077/ov_SC01_077_jr_8012ACE0.c: In function `func_80135168':
src/ov_SC01_077/ov_SC01_077_jr_8012ACE0.c:3552: warning: type mismatch with previous external decl
src/ov_SC01_077/ov_SC01_077_jr_8012ACE0.c:2682: warning: previous external decl of `D_801870B0'
src/ov_SC01_077/ov_SC01_077_jr_8012ACE0.c:3553: warning: type mismatch with previous external decl
src/ov_SC01_077/ov_SC01_077_jr_8012ACE0.c:2681: warning: previous external decl of `D_801870AC'
src/ov_SC01_077/ov_SC01_077_jr_8012ACE0.c: In function `func_80135260':
src/ov_SC01_077/ov_SC01_077_jr_8012ACE0.c:3626: warning: type mismatch with previous external decl
src/ov_SC01_077/ov_SC01_077_jr_8012ACE0.c:2681: warning: previous external decl of `D_801870AC'
src/ov_SC01_077/ov_SC01_077_jr_8012ACE0.c:3627: warning: type mismatch with previous external decl
src/ov_SC01_077/ov_SC01_077_jr_8012ACE0.c:2682: warning: previous external decl of `D_801870B0'
src/ov_SC01_077/ov_SC01_077_jr_8012ACE0.c:3628: warning: type mismatch with previous external decl
src/ov_SC01_077/ov_SC01_077_jr_8012ACE0.c:2814: warning: previous external decl of `D_801870B8'
src/ov_SC01_077/ov_SC01_077_jr_8012ACE0.c: In function `func_80135480':
src/ov_SC01_077/ov_SC01_077_jr_8012ACE0.c:3746: warning: type mismatch with previous external decl
src/ov_SC01_077/ov_SC01_077_jr_8012ACE0.c:2682: warning: previous external decl of `D_801870B0'
src/ov_SC01_077/ov_SC01_077_jr_8012ACE0.c:3747: warning: type mismatch with previous external decl
src/ov_SC01_077/ov_SC01_077_jr_8012ACE0.c:2681: warning: previous external decl of `D_801870AC'
src/ov_SC01_077/../shared/ov/func_8016829C.h: At top level:
In file included from src/ov_SC01_077/ov_SC01_077_jr_8015C32C.c:5979:
src/ov_SC01_077/../shared/ov/func_8016829C.h:4: warning: prototype for `func_80166994' follows
src/ov_SC01_077/ov_SC01_077_jr_8015C32C.c:5345: warning: non-prototype definition here
src/ov_SC01_077/../shared/ov/func_80168A14.h: In function `func_80168A14':
In file included from src/ov_SC01_077/ov_SC01_077_jr_8015C32C.c:6122:
src/ov_SC01_077/../shared/ov/func_80168A14.h:11: warning: passing arg 2 of `func_80146A6C' makes pointer from integer without a cast
src/ov_SC01_077/../shared/ov/func_80169E44.h: In function `func_80169E44':
In file included from src/ov_SC01_077/ov_SC01_077_jr_8015C32C.c:6338:
src/ov_SC01_077/../shared/ov/func_80169E44.h:9: warning: passing arg 1 of `func_80128ED8' makes integer from pointer without a cast
src/ov_SC01_077/../shared/ov/func_80169FE0.h: In function `func_80169FE0':
In file included from src/ov_SC01_077/ov_SC01_077_jr_8015C32C.c:6378:
src/ov_SC01_077/../shared/ov/func_80169FE0.h:6: warning: passing arg 1 of `func_80128ED8' makes integer from pointer without a cast
  LD      build/ov_SC01_077/ov_SC01_077.elf
  OBJCOPY build/ov_SC01_077/ov_SC01_077
  TRIM    build/ov_SC01_077/ov_SC01_077 (-1 B linker end-align pad)
[ OK ] build/ov_SC01_077/ov_SC01_077
       sha1 d19c9580a02dc63ba1f0e7e0c770f3b10de35635 == config/check.ov_SC01_077.sha  (BYTE-IDENTICAL)
