  CC      build/src/ov_SC03_013/ov_SC03_013_jr_8017C730.o
src/ov_SC03_013/ov_SC03_013_jr_8017C730.c:1526: warning: conflicting types for built-in function `memcpy'
src/ov_SC03_013/ov_SC03_013_jr_8017C730.c: In function `func_8017DB84':
src/ov_SC03_013/ov_SC03_013_jr_8017C730.c:3365: warning: initialization makes integer from pointer without a cast
src/ov_SC03_013/ov_SC03_013_jr_8017C730.c:3382: warning: passing arg 1 of `func_80171A04' makes pointer from integer without a cast
src/ov_SC03_013/ov_SC03_013_jr_8017C730.c:3384: warning: passing arg 1 of `func_80171A10' makes pointer from integer without a cast
src/ov_SC03_013/ov_SC03_013_jr_8017C730.c: In function `func_8017DC38':
src/ov_SC03_013/ov_SC03_013_jr_8017C730.c:3394: warning: initialization makes integer from pointer without a cast
src/ov_SC03_013/ov_SC03_013_jr_8017C730.c:3410: warning: passing arg 1 of `func_80171A04' makes pointer from integer without a cast
src/ov_SC03_013/ov_SC03_013_jr_8017C730.c:3412: warning: passing arg 1 of `func_80171A10' makes pointer from integer without a cast
src/ov_SC03_013/ov_SC03_013_jr_8017C730.c: In function `func_8017DD98':
src/ov_SC03_013/ov_SC03_013_jr_8017C730.c:3478: warning: passing arg 1 of `func_8013767C' makes integer from pointer without a cast
src/ov_SC03_013/ov_SC03_013_jr_8017C730.c: At top level:
src/ov_SC03_013/ov_SC03_013_jr_8017C730.c:3667: warning: type mismatch with previous external decl
src/ov_SC03_013/ov_SC03_013_jr_8017C730.c:3659: warning: previous external decl of `func_8017E290'
src/ov_SC03_013/ov_SC03_013_jr_8017C730.c:3667: warning: type mismatch with previous implicit declaration
src/ov_SC03_013/ov_SC03_013_jr_8017C730.c:3659: warning: previous implicit declaration of `func_8017E290'
src/ov_SC03_013/ov_SC03_013_jr_8017C730.c:3667: warning: `func_8017E290' was previously implicitly declared to return `int'
src/ov_SC03_013/ov_SC03_013_jr_8017C730.c: In function `func_8017F324':
src/ov_SC03_013/ov_SC03_013_jr_8017C730.c:4357: warning: type mismatch with previous external decl
src/ov_SC03_013/ov_SC03_013_jr_8017C730.c:3538: warning: previous external decl of `func_8017F5A4'
src/ov_SC03_013/ov_SC03_013_jr_8017C730.c: At top level:
src/ov_SC03_013/ov_SC03_013_jr_8017C730.c:4423: warning: type mismatch with previous implicit declaration
src/ov_SC03_013/ov_SC03_013_jr_8017C730.c:4357: warning: previous implicit declaration of `func_8017F5A4'
src/ov_SC03_013/ov_SC03_013_jr_8017C730.c:4423: warning: `func_8017F5A4' was previously implicitly declared to return `int'
src/ov_SC03_013/ov_SC03_013_jr_8017C730.c: In function `func_8017FA4C':
src/ov_SC03_013/ov_SC03_013_jr_8017C730.c:4630: warning: passing arg 1 of `func_8012BEE8' makes integer from pointer without a cast
  LD      build/ov_SC03_013/ov_SC03_013.elf
  OBJCOPY build/ov_SC03_013/ov_SC03_013
  TRIM    build/ov_SC03_013/ov_SC03_013 (-1 B linker end-align pad)
[ OK ] build/ov_SC03_013/ov_SC03_013
       sha1 7042bc712603ccaf7aaf6d195ac4b73c69144705 == config/check.ov_SC03_013.sha  (BYTE-IDENTICAL)
