  CC      build/src/ov_SC07_006/ov_SC07_006_jr_801380E0.o
  CC      build/src/ov_SC07_006/ov_SC07_006_jr_80131340.o
  CC      build/src/ov_SC07_006/ov_SC07_006_jr_8015C32C.o
  CC      build/src/ov_SC07_006/ov_SC07_006_jr_8016AE5C.o
  CC      build/src/ov_SC07_006/ov_SC07_006_jr_801457A4.o
  CC      build/src/ov_SC07_006/ov_SC07_006_jr_80140608.o
  CC      build/src/ov_SC07_006/ov_SC07_006.o
src/ov_SC07_006/ov_SC07_006_jr_80131340.c: In function `func_80131340':
src/ov_SC07_006/ov_SC07_006_jr_80131340.c:632: warning: passing arg 1 of `func_80131E00' makes pointer from integer without a cast
src/ov_SC07_006/ov_SC07_006_jr_80131340.c:686: warning: passing arg 1 of `func_80131E00' makes pointer from integer without a cast
src/ov_SC07_006/ov_SC07_006_jr_80131340.c:730: warning: passing arg 1 of `func_80131E00' makes pointer from integer without a cast
src/ov_SC07_006/ov_SC07_006_jr_80131340.c:761: warning: passing arg 1 of `func_80131E00' makes pointer from integer without a cast
src/ov_SC07_006/ov_SC07_006_jr_80131340.c:766: warning: passing arg 1 of `func_80131E00' makes pointer from integer without a cast
src/ov_SC07_006/ov_SC07_006_jr_80131340.c:783: warning: passing arg 1 of `func_80131E00' makes pointer from integer without a cast
src/ov_SC07_006/ov_SC07_006_jr_80131340.c:793: warning: passing arg 1 of `func_80131E00' makes pointer from integer without a cast
src/ov_SC07_006/../shared/ov/func_80131A34.h: In function `func_80131A34':
In file included from src/ov_SC07_006/ov_SC07_006_jr_80131340.c:824:
src/ov_SC07_006/../shared/ov/func_80131A34.h:6: warning: type mismatch with previous external decl
src/ov_SC07_006/ov_SC07_006_jr_80131340.c:592: warning: previous external decl of `func_80131CF4'
src/ov_SC07_006/../shared/ov/func_80131AC8.h: At top level:
In file included from src/ov_SC07_006/ov_SC07_006_jr_80131340.c:827:
src/ov_SC07_006/../shared/ov/func_80131AC8.h:3: warning: type mismatch with previous external decl
src/ov_SC07_006/ov_SC07_006_jr_80131340.c:592: warning: previous external decl of `func_80131CF4'
src/ov_SC07_006/ov_SC07_006_jr_8016AE5C.c:2392: warning: conflicting types for built-in function `memcpy'
src/ov_SC07_006/ov_SC07_006_jr_801380E0.c: In function `func_801387B8':
src/ov_SC07_006/ov_SC07_006_jr_801380E0.c:964: warning: passing arg 1 of `func_80138DE0' makes pointer from integer without a cast
src/ov_SC07_006/ov_SC07_006_jr_801380E0.c: In function `func_80138AB4':
src/ov_SC07_006/ov_SC07_006_jr_801380E0.c:1026: warning: passing arg 1 of `func_80138DE0' makes pointer from integer without a cast
src/ov_SC07_006/../shared/ov/func_8015C6AC.h: In function `func_8015C6AC':
In file included from src/ov_SC07_006/ov_SC07_006_jr_8015C32C.c:2151:
src/ov_SC07_006/../shared/ov/func_8015C6AC.h:7: warning: passing arg 1 of `func_8015C788' makes integer from pointer without a cast
src/ov_SC07_006/../shared/ov/func_801325B8.h: In function `func_801325B8':
In file included from src/ov_SC07_006/ov_SC07_006_jr_80131340.c:1187:
src/ov_SC07_006/../shared/ov/func_801325B8.h:34: warning: passing arg 1 of `memcpy' makes pointer from integer without a cast
src/ov_SC07_006/../shared/ov/func_801325B8.h:34: warning: passing arg 2 of `memcpy' makes pointer from integer without a cast
src/ov_SC07_006/../shared/ov/func_801325B8.h:57: warning: passing arg 1 of `memcpy' makes pointer from integer without a cast
src/ov_SC07_006/../shared/ov/func_801325B8.h:57: warning: passing arg 2 of `memcpy' makes pointer from integer without a cast
src/ov_SC07_006/../shared/ov/func_8016B448.h: In function `func_8016B448':
In file included from src/ov_SC07_006/ov_SC07_006_jr_8016AE5C.c:2770:
src/ov_SC07_006/../shared/ov/func_8016B448.h:10: warning: passing arg 1 of `func_8014C050' makes integer from pointer without a cast
src/ov_SC07_006/../shared/ov/func_8016B448.h:12: warning: passing arg 1 of `func_8016B984' makes pointer from integer without a cast
src/ov_SC07_006/../shared/ov/func_8016B448.h:14: warning: passing arg 2 of `func_80146A6C' makes pointer from integer without a cast
src/ov_SC07_006/../shared/ov/func_80145B24.h: In function `func_80145B24':
In file included from src/ov_SC07_006/ov_SC07_006_jr_801457A4.c:1132:
src/ov_SC07_006/../shared/ov/func_80145B24.h:18: warning: assignment from incompatible pointer type
src/ov_SC07_006/ov_SC07_006_jr_801457A4.c: At top level:
src/ov_SC07_006/ov_SC07_006_jr_801457A4.c:1252: warning: type mismatch with previous external decl
src/ov_SC07_006/ov_SC07_006_jr_801457A4.c:1157: warning: previous external decl of `func_80145EE8'
src/ov_SC07_006/../shared/ov/func_8016BA68.h: In function `func_8016BA68':
In file included from src/ov_SC07_006/ov_SC07_006_jr_8016AE5C.c:3044:
src/ov_SC07_006/../shared/ov/func_8016BA68.h:9: warning: passing arg 1 of `func_8014C050' makes integer from pointer without a cast
src/ov_SC07_006/../shared/ov/func_8016BA68.h:11: warning: passing arg 1 makes pointer from integer without a cast
src/ov_SC07_006/../shared/ov/func_8016BA68.h:13: warning: passing arg 2 of `func_80146A6C' makes pointer from integer without a cast
src/ov_SC07_006/../shared/ov/func_80132EF4.h: In function `func_80132EF4':
In file included from src/ov_SC07_006/ov_SC07_006_jr_80131340.c:1205:
src/ov_SC07_006/../shared/ov/func_80132EF4.h:6: warning: initialization makes integer from pointer without a cast
In file included from src/ov_SC07_006/ov_SC07_006_jr_801457A4.c:1347:
src/ov_SC07_006/../shared/ov/func_80146128.h:4: warning: type mismatch with previous external decl
src/ov_SC07_006/ov_SC07_006_jr_801457A4.c:1167: warning: previous external decl of `D_80126B78'
src/ov_SC07_006/../shared/ov/func_80146128.h:16: warning: type mismatch with previous external decl
src/ov_SC07_006/ov_SC07_006_jr_801457A4.c:1148: warning: previous external decl of `func_80147098'
src/ov_SC07_006/../shared/ov/func_80132F40.h: In function `func_80132F40':
In file included from src/ov_SC07_006/ov_SC07_006_jr_80131340.c:1287:
src/ov_SC07_006/../shared/ov/func_80132F40.h:34: warning: passing arg 2 of `func_8012F038' from incompatible pointer type
src/ov_SC07_006/../shared/ov/func_80132F40.h:34: warning: passing arg 3 of `func_8012F038' from incompatible pointer type
src/ov_SC07_006/../shared/ov/func_80132F40.h:36: warning: passing arg 2 of `func_8012F14C' makes integer from pointer without a cast
src/ov_SC07_006/../shared/ov/func_80132F40.h:36: warning: passing arg 3 of `func_8012F14C' makes integer from pointer without a cast
src/ov_SC07_006/ov_SC07_006_jr_8015C32C.c: In function `func_8015CD20':
src/ov_SC07_006/ov_SC07_006_jr_8015C32C.c:2407: warning: type mismatch with previous external decl
src/ov_SC07_006/ov_SC07_006_jr_8015C32C.c:2063: warning: previous external decl of `D_8018CAA8'
src/ov_SC07_006/ov_SC07_006_jr_8016AE5C.c: In function `func_8016BCC0':
src/ov_SC07_006/ov_SC07_006_jr_8016AE5C.c:3120: warning: type mismatch with previous external decl
src/ov_SC07_006/ov_SC07_006_jr_8016AE5C.c:3070: warning: previous external decl of `func_8016BF50'
src/ov_SC07_006/ov_SC07_006_jr_8016AE5C.c:3127: warning: passing arg 1 of `func_8016BFA8' makes integer from pointer without a cast
src/ov_SC07_006/ov_SC07_006_jr_8016AE5C.c:3127: warning: passing arg 2 of `func_8016BFA8' makes integer from pointer without a cast
src/ov_SC07_006/ov_SC07_006_jr_8016AE5C.c:3127: warning: passing arg 3 of `func_8016BFA8' makes integer from pointer without a cast
src/ov_SC07_006/ov_SC07_006_jr_8016AE5C.c:3127: warning: passing arg 4 of `func_8016BFA8' makes integer from pointer without a cast
src/ov_SC07_006/ov_SC07_006_jr_8016AE5C.c: At top level:
src/ov_SC07_006/ov_SC07_006_jr_8016AE5C.c:3137: warning: type mismatch with previous implicit declaration
src/ov_SC07_006/ov_SC07_006_jr_8016AE5C.c:3120: warning: previous implicit declaration of `func_8016BF50'
src/ov_SC07_006/ov_SC07_006_jr_8016AE5C.c:3137: warning: `func_8016BF50' was previously implicitly declared to return `int'
src/ov_SC07_006/ov_SC07_006_jr_8015C32C.c: In function `func_8015D1B8':
src/ov_SC07_006/ov_SC07_006_jr_8015C32C.c:2639: warning: passing arg 1 of `func_801725F4' from incompatible pointer type
In file included from src/ov_SC07_006/ov_SC07_006_jr_801457A4.c:1437:
src/ov_SC07_006/../shared/ov/func_801468C8.h:5: warning: type mismatch with previous external decl
src/ov_SC07_006/ov_SC07_006_jr_801457A4.c:1156: warning: previous external decl of `func_801468C8'
src/ov_SC07_006/ov_SC07_006_jr_8016AE5C.c: In function `func_8016C2C4':
src/ov_SC07_006/ov_SC07_006_jr_8016AE5C.c:3392: warning: type mismatch with previous external decl
src/ov_SC07_006/ov_SC07_006_jr_8016AE5C.c:3335: warning: previous external decl of `D_801F54A4'
src/ov_SC07_006/ov_SC07_006_jr_8016AE5C.c:3393: warning: type mismatch with previous external decl
src/ov_SC07_006/ov_SC07_006_jr_8016AE5C.c:3338: warning: previous external decl of `D_801F54AC'
src/ov_SC07_006/../shared/ov/func_80139680.h: In function `func_80139680':
In file included from src/ov_SC07_006/ov_SC07_006_jr_801380E0.c:1161:
src/ov_SC07_006/../shared/ov/func_80139680.h:39: warning: passing arg 2 of `func_80052460' makes integer from pointer without a cast
src/ov_SC07_006/../shared/ov/func_8015D480.h: In function `func_8015D480':
In file included from src/ov_SC07_006/ov_SC07_006_jr_8015C32C.c:2696:
src/ov_SC07_006/../shared/ov/func_8015D480.h:7: warning: passing arg 1 of `func_8015D57C' makes integer from pointer without a cast
src/ov_SC07_006/../shared/ov/func_8015D57C.h: In function `func_8015D57C':
In file included from src/ov_SC07_006/ov_SC07_006_jr_8015C32C.c:2717:
src/ov_SC07_006/../shared/ov/func_8015D57C.h:12: warning: passing arg 1 of `func_801553A8' makes pointer from integer without a cast
src/ov_SC07_006/../shared/ov/func_8015D57C.h:13: warning: passing arg 1 of `func_80155440' makes pointer from integer without a cast
src/ov_SC07_006/../shared/ov/func_8015D57C.h:14: warning: passing arg 1 of `func_80146CA0' makes pointer from integer without a cast
src/ov_SC07_006/ov_SC07_006_jr_8015C32C.c:4298: warning: "SHB" redefined
 4298 | #define SHB(x) __asm__("" : "=r"(x) : "0"(x))
      | 
src/ov_SC07_006/ov_SC07_006_jr_8015C32C.c:4297: note: this is the location of the previous definition
 4297 | #define SHB(x) __asm__ __volatile__("" : "=r"(x) : "0"(x))
      | 
src/ov_SC07_006/../shared/ov/func_80139914.h: In function `func_80139914':
In file included from src/ov_SC07_006/ov_SC07_006_jr_801380E0.c:1237:
src/ov_SC07_006/../shared/ov/func_80139914.h:12: warning: passing arg 1 of `func_8013A8B0' makes pointer from integer without a cast
src/ov_SC07_006/ov_SC07_006_jr_80131340.c: In function `func_80133AB0':
src/ov_SC07_006/ov_SC07_006_jr_80131340.c:1542: warning: type mismatch with previous external decl
src/ov_SC07_006/ov_SC07_006_jr_80131340.c:1432: warning: previous external decl of `D_8018A9A0'
src/ov_SC07_006/ov_SC07_006_jr_80131340.c:1543: warning: type mismatch with previous external decl
src/ov_SC07_006/ov_SC07_006_jr_80131340.c:1431: warning: previous external decl of `D_8018A99C'
src/ov_SC07_006/ov_SC07_006_jr_80140608.c: In function `func_80140D68':
src/ov_SC07_006/ov_SC07_006_jr_80140608.c:1130: warning: type mismatch with previous external decl
src/ov_SC07_006/ov_SC07_006_jr_80140608.c:991: warning: previous external decl of `D_800AE7BC'
src/ov_SC07_006/../shared/ov/func_80146D90.h: In function `func_80146D90':
In file included from src/ov_SC07_006/ov_SC07_006_jr_801457A4.c:1571:
src/ov_SC07_006/../shared/ov/func_80146D90.h:6: warning: passing arg 1 of `func_80146DE8' makes pointer from integer without a cast
src/ov_SC07_006/ov_SC07_006_jr_80131340.c: In function `func_80133CD4':
src/ov_SC07_006/ov_SC07_006_jr_80131340.c:1626: warning: type mismatch with previous external decl
src/ov_SC07_006/ov_SC07_006_jr_80131340.c:1432: warning: previous external decl of `D_8018A9A0'
src/ov_SC07_006/ov_SC07_006_jr_80131340.c:1627: warning: type mismatch with previous external decl
src/ov_SC07_006/ov_SC07_006_jr_80131340.c:1431: warning: previous external decl of `D_8018A99C'
src/ov_SC07_006/ov_SC07_006_jr_80131340.c:1628: warning: type mismatch with previous external decl
src/ov_SC07_006/ov_SC07_006_jr_80131340.c:1544: warning: previous external decl of `D_8018A9A8'
src/ov_SC07_006/../shared/ov/func_8015DA90.h: In function `func_8015DA90':
In file included from src/ov_SC07_006/ov_SC07_006_jr_8015C32C.c:2882:
src/ov_SC07_006/../shared/ov/func_8015DA90.h:7: warning: passing arg 1 of `func_8015DB6C' makes integer from pointer without a cast
src/ov_SC07_006/../shared/ov/func_80139C7C.h: At top level:
In file included from src/ov_SC07_006/ov_SC07_006_jr_801380E0.c:1314:
src/ov_SC07_006/../shared/ov/func_80139C7C.h:3: warning: type mismatch with previous external decl
src/ov_SC07_006/ov_SC07_006_jr_801380E0.c:1104: warning: previous external decl of `func_80139C7C'
src/ov_SC07_006/../shared/ov/func_80139C7C.h:3: warning: type mismatch with previous implicit declaration
src/ov_SC07_006/ov_SC07_006_jr_801380E0.c:1104: warning: previous implicit declaration of `func_80139C7C'
src/ov_SC07_006/../shared/ov/func_80139C7C.h:3: warning: `func_80139C7C' was previously implicitly declared to return `int'
src/ov_SC07_006/ov_SC07_006_jr_8016AE5C.c: In function `func_8016C998':
src/ov_SC07_006/ov_SC07_006_jr_8016AE5C.c:3539: warning: type mismatch with previous external decl
src/ov_SC07_006/ov_SC07_006_jr_8016AE5C.c:3444: warning: previous external decl of `D_801F5578'
src/ov_SC07_006/../shared/ov/func_80147060.h: In function `func_80147060':
In file included from src/ov_SC07_006/ov_SC07_006_jr_801457A4.c:1616:
src/ov_SC07_006/../shared/ov/func_80147060.h:7: warning: `return' with a value, in function returning void
src/ov_SC07_006/../shared/ov/func_801412A8.h: In function `aF801412A8':
In file included from src/ov_SC07_006/ov_SC07_006_jr_80140608.c:1315:
src/ov_SC07_006/../shared/ov/func_801412A8.h:5: warning: type mismatch with previous external decl
src/ov_SC07_006/ov_SC07_006_jr_80140608.c:991: warning: previous external decl of `D_800AE7BC'
src/ov_SC07_006/../shared/ov/func_80147084.h: At top level:
In file included from src/ov_SC07_006/ov_SC07_006_jr_801457A4.c:1625:
src/ov_SC07_006/../shared/ov/func_80147084.h:3: warning: type mismatch with previous external decl
src/ov_SC07_006/ov_SC07_006_jr_801457A4.c:1147: warning: previous external decl of `func_80147084'
src/ov_SC07_006/../shared/ov/func_8015DDF0.h: In function `func_8015DDF0':
In file included from src/ov_SC07_006/ov_SC07_006_jr_8015C32C.c:2970:
src/ov_SC07_006/../shared/ov/func_8015DDF0.h:7: warning: passing arg 1 of `func_8015DECC' makes integer from pointer without a cast
src/ov_SC07_006/ov_SC07_006_jr_8016AE5C.c: In function `func_8016CBC0':
src/ov_SC07_006/ov_SC07_006_jr_8016AE5C.c:3599: warning: type mismatch with previous external decl
src/ov_SC07_006/ov_SC07_006_jr_8016AE5C.c:3444: warning: previous external decl of `D_801F5578In file included'
 from src/ov_SC07_006/ov_SC07_006_jr_801457A4.c:1637:
src/ov_SC07_006/../shared/ov/func_801470AC.h:3: warning: type mismatch with previous external decl
src/ov_SC07_006/ov_SC07_006_jr_801457A4.c:1149: warning: previous external decl of `func_801470AC'
src/ov_SC07_006/../shared/ov/func_8015E150.h: In function `func_8015E150':
In file included from src/ov_SC07_006/ov_SC07_006_jr_8015C32C.c:3058:
src/ov_SC07_006/../shared/ov/func_8015E150.h:7: warning: passing arg 1 of `func_8015E22C' makes integer from pointer without a cast
src/ov_SC07_006/ov_SC07_006_jr_8016AE5C.c: In function `func_8016CF04':
src/ov_SC07_006/ov_SC07_006_jr_8016AE5C.c:3750: warning: type mismatch with previous external decl
src/ov_SC07_006/ov_SC07_006_jr_8016AE5C.c:3444: warning: previous external decl of `D_801F5578'
src/ov_SC07_006/ov_SC07_006_jr_8016AE5C.c:3790: warning: passing arg 2 of `ApplyMatrixSV' from incompatible pointer type
src/ov_SC07_006/ov_SC07_006_jr_8016AE5C.c:3790: warning: passing arg 3 of `ApplyMatrixSV' from incompatible pointer type
src/ov_SC07_006/ov_SC07_006_jr_8016AE5C.c:3796: warning: passing arg 2 of `ApplyMatrixSV' from incompatible pointer type
src/ov_SC07_006/ov_SC07_006_jr_8016AE5C.c:3796: warning: passing arg 3 of `ApplyMatrixSV' from incompatible pointer type
src/ov_SC07_006/ov_SC07_006_jr_80131340.c: In function `func_801343C4':
src/ov_SC07_006/ov_SC07_006_jr_80131340.c:1806: warning: type mismatch with previous external decl
src/ov_SC07_006/ov_SC07_006_jr_80131340.c:1431: warning: previous external decl of `D_8018A99C'
src/ov_SC07_006/ov_SC07_006_jr_80131340.c:1807: warning: type mismatch with previous external decl
src/ov_SC07_006/ov_SC07_006_jr_80131340.c:1432: warning: previous external decl of `D_8018A9A0'
src/ov_SC07_006/ov_SC07_006_jr_80131340.c:1809: warning: type mismatch with previous external decl
src/ov_SC07_006/ov_SC07_006_jr_80131340.c:1433: warning: previous external decl of `D_801F4DD4'
In file included from src/ov_SC07_006/ov_SC07_006_jr_801457A4.c:1661:
src/ov_SC07_006/../shared/ov/func_801472DC.h:3: warning: type mismatch with previous external decl
src/ov_SC07_006/ov_SC07_006_jr_801457A4.c:1184: warning: previous external decl of `D_8012707C'
src/ov_SC07_006/ov_SC07_006_jr_801457A4.c: In function `func_80147324':
src/ov_SC07_006/ov_SC07_006_jr_801457A4.c:1680: warning: comparison between pointer and integer
src/ov_SC07_006/ov_SC07_006_jr_80131340.c: In function `func_80134510':
src/ov_SC07_006/ov_SC07_006_jr_80131340.c:1863: warning: type mismatch with previous external decl
src/ov_SC07_006/ov_SC07_006_jr_80131340.c:1431: warning: previous external decl of `D_8018A99C'
src/ov_SC07_006/ov_SC07_006_jr_80131340.c:1864: warning: type mismatch with previous external decl
src/ov_SC07_006/ov_SC07_006_jr_80131340.c:1432: warning: previous external decl of `D_8018A9A0'
src/ov_SC07_006/ov_SC07_006_jr_80131340.c:1865: warning: type mismatch with previous external decl
src/ov_SC07_006/ov_SC07_006_jr_80131340.c:1629: warning: previous external decl of `D_8018A9A4'
src/ov_SC07_006/ov_SC07_006_jr_80131340.c: In function `func_801345F8':
src/ov_SC07_006/ov_SC07_006_jr_80131340.c:1912: warning: type mismatch with previous external decl
src/ov_SC07_006/ov_SC07_006_jr_80131340.c:1431: warning: previous external decl of `D_8018A99C'
src/ov_SC07_006/ov_SC07_006_jr_8016AE5C.c: In function `func_8016D1D8':
src/ov_SC07_006/ov_SC07_006_jr_8016AE5C.c:3890: warning: passing arg 2 of `ApplyMatrixSV' from incompatible pointer type
src/ov_SC07_006/ov_SC07_006_jr_8016AE5C.c:3890: warning: passing arg 3 of `ApplyMatrixSV' from incompatible pointer type
src/ov_SC07_006/ov_SC07_006_jr_80131340.c: At top level:
src/ov_SC07_006/ov_SC07_006_jr_80131340.c:1967: warning: type mismatch with previous external decl
src/ov_SC07_006/ov_SC07_006_jr_80131340.c:1911: warning: previous external decl of `func_801347A0'
src/ov_SC07_006/ov_SC07_006_jr_80131340.c: In function `func_801347A0':
src/ov_SC07_006/ov_SC07_006_jr_80131340.c:1971: warning: type mismatch with previous external decl
src/ov_SC07_006/ov_SC07_006_jr_80131340.c:1432: warning: previous external decl of `D_8018A9A0'
src/ov_SC07_006/ov_SC07_006_jr_80131340.c:1972: warning: type mismatch with previous external decl
src/ov_SC07_006/ov_SC07_006_jr_80131340.c:1431: warning: previous external decl of `D_8018A99C'
src/ov_SC07_006/ov_SC07_006_jr_80131340.c:1973: warning: type mismatch with previous external decl
src/ov_SC07_006/ov_SC07_006_jr_80131340.c:1629: warning: previous external decl of `D_8018A9A4'
src/ov_SC07_006/../shared/ov/func_8015E84C.h: In function `func_8015E84C':
In file included from src/ov_SC07_006/ov_SC07_006_jr_8015C32C.c:3190:
src/ov_SC07_006/../shared/ov/func_8015E84C.h:7: warning: passing arg 1 of `func_8015E95C' makes integer from pointer without a cast
src/ov_SC07_006/../shared/ov/func_8015E95C.h: In function `func_8015E95C':
In file included from src/ov_SC07_006/ov_SC07_006_jr_8015C32C.c:3211:
src/ov_SC07_006/../shared/ov/func_8015E95C.h:10: warning: passing arg 1 of `func_8015E9B8' makes pointer from integer without a cast
src/ov_SC07_006/ov_SC07_006_jr_8015C32C.c: In function `func_8015EA3C':
src/ov_SC07_006/ov_SC07_006_jr_8015C32C.c:3322: warning: passing arg 1 makes integer from pointer without a cast
src/ov_SC07_006/ov_SC07_006_jr_8016AE5C.c: In function `func_8016D848':
src/ov_SC07_006/ov_SC07_006_jr_8016AE5C.c:4038: warning: passing arg 1 of `func_800D20C0' makes pointer from integer without a cast
src/ov_SC07_006/ov_SC07_006_jr_8016AE5C.c:4038: warning: passing arg 2 of `func_800D20C0' makes pointer from integer without a cast
src/ov_SC07_006/../shared/ov/func_8012A418.h: In function `func_8012A418':
In file included from src/ov_SC07_006/ov_SC07_006.c:800:
src/ov_SC07_006/../shared/ov/func_8012A418.h:10: warning: assignment from incompatible pointer type
src/ov_SC07_006/../shared/ov/func_80147AD4.h: In function `func_80147AD4':
In file included from src/ov_SC07_006/ov_SC07_006_jr_801457A4.c:1767:
src/ov_SC07_006/../shared/ov/func_80147AD4.h:8: warning: passing arg 2 of `func_80147B5C' makes pointer from integer without a cast
src/ov_SC07_006/ov_SC07_006_jr_80131340.c: In function `func_80134C20':
src/ov_SC07_006/ov_SC07_006_jr_80131340.c:2096: warning: type mismatch with previous external decl
src/ov_SC07_006/ov_SC07_006_jr_80131340.c:1431: warning: previous external decl of `D_8018A99C'
src/ov_SC07_006/ov_SC07_006_jr_80131340.c:2097: warning: type mismatch with previous external decl
src/ov_SC07_006/ov_SC07_006_jr_80131340.c:1432: warning: previous external decl of `D_8018A9A0'
src/ov_SC07_006/ov_SC07_006_jr_80131340.c:2098: warning: type mismatch with previous external decl
src/ov_SC07_006/ov_SC07_006_jr_80131340.c:1629: warning: previous external decl of `D_8018A9A4'
src/ov_SC07_006/ov_SC07_006_jr_80131340.c:2099: warning: type mismatch with previous external decl
src/ov_SC07_006/ov_SC07_006_jr_80131340.c:1544: warning: previous external decl of `D_8018A9A8'
src/ov_SC07_006/../shared/ov/func_8015EDA0.h: In function `func_8015EDA0':
In file included from src/ov_SC07_006/ov_SC07_006_jr_8015C32C.c:3331:
src/ov_SC07_006/../shared/ov/func_8015EDA0.h:7: warning: passing arg 1 of `func_8015EE7C' makes integer from pointer without a cast
src/ov_SC07_006/../shared/ov/func_8012A6D0.h: In function `func_8012A6D0':
In file included from src/ov_SC07_006/ov_SC07_006.c:830:
src/ov_SC07_006/../shared/ov/func_8012A6D0.h:7: warning: initialization makes integer from pointer without a cast
src/ov_SC07_006/../shared/ov/func_8012A6D0.h:8: warning: initialization makes integer from pointer without a cast
src/ov_SC07_006/../shared/ov/func_80147D38.h: In function `func_80147D38':
In file included from src/ov_SC07_006/ov_SC07_006_jr_801457A4.c:1782:
src/ov_SC07_006/../shared/ov/func_80147D38.h:12: warning: passing arg 2 of `func_80147DC0' makes integer from pointer without a cast
src/ov_SC07_006/../shared/ov/func_8012A828.h: In function `func_8012A828':
In file included from src/ov_SC07_006/ov_SC07_006.c:842:
src/ov_SC07_006/../shared/ov/func_8012A828.h:6: warning: assignment makes integer from pointer without a cast
src/ov_SC07_006/../shared/ov/func_8015EFA4.h: In function `func_8015EFA4':
In file included from src/ov_SC07_006/ov_SC07_006_jr_8015C32C.c:3409:
src/ov_SC07_006/../shared/ov/func_8015EFA4.h:7: warning: passing arg 1 of `func_8015F080' makes integer from pointer without a cast
src/ov_SC07_006/ov_SC07_006_jr_80131340.c: In function `func_80135004':
src/ov_SC07_006/ov_SC07_006_jr_80131340.c:2193: warning: type mismatch with previous external decl
src/ov_SC07_006/ov_SC07_006_jr_80131340.c:1432: warning: previous external decl of `D_8018A9A0'
src/ov_SC07_006/ov_SC07_006_jr_80131340.c:2194: warning: type mismatch with previous external decl
src/ov_SC07_006/ov_SC07_006_jr_80131340.c:1431: warning: previous external decl of `D_8018A99C'
src/ov_SC07_006/ov_SC07_006_jr_8016AE5C.c: In function `func_8016DF5C':
src/ov_SC07_006/ov_SC07_006_jr_8016AE5C.c:4321: warning: passing arg 2 of `ApplyMatrixSV' from incompatible pointer type
src/ov_SC07_006/ov_SC07_006_jr_8016AE5C.c:4321: warning: passing arg 3 of `ApplyMatrixSV' from incompatible pointer type
src/ov_SC07_006/ov_SC07_006_jr_80131340.c: In function `func_80135168':
src/ov_SC07_006/ov_SC07_006_jr_80131340.c:2257: warning: type mismatch with previous external decl
src/ov_SC07_006/ov_SC07_006_jr_80131340.c:1432: warning: previous external decl of `D_8018A9A0'
src/ov_SC07_006/ov_SC07_006_jr_80131340.c:2258: warning: type mismatch with previous external decl
src/ov_SC07_006/ov_SC07_006_jr_80131340.c:1431: warning: previous external decl of `D_8018A99C'
src/ov_SC07_006/ov_SC07_006_jr_80131340.c: In function `func_80135260':
src/ov_SC07_006/ov_SC07_006_jr_80131340.c:2335: warning: type mismatch with previous external decl
src/ov_SC07_006/ov_SC07_006_jr_80131340.c:1431: warning: previous external decl of `D_8018A99C'
src/ov_SC07_006/ov_SC07_006_jr_80131340.c:2336: warning: type mismatch with previous external decl
src/ov_SC07_006/ov_SC07_006_jr_80131340.c:1432: warning: previous external decl of `D_8018A9A0'
src/ov_SC07_006/ov_SC07_006_jr_80131340.c:2337: warning: type mismatch with previous external decl
src/ov_SC07_006/ov_SC07_006_jr_80131340.c:1544: warning: previous external decl of `D_8018A9A8'
src/ov_SC07_006/../shared/ov/func_8013B204.h: In function `func_8013B204':
In file included from src/ov_SC07_006/ov_SC07_006_jr_801380E0.c:1514:
src/ov_SC07_006/../shared/ov/func_8013B204.h:10: warning: assignment makes pointer from integer without a cast
src/ov_SC07_006/ov_SC07_006_jr_8015C32C.c: In function `func_8015F89C':
src/ov_SC07_006/ov_SC07_006_jr_8015C32C.c:3645: warning: passing arg 2 of `func_801466F0' makes integer from pointer without a cast
src/ov_SC07_006/../shared/ov/func_801432FC.h: In function `func_801432FC':
In file included from src/ov_SC07_006/ov_SC07_006_jr_80140608.c:2091:
src/ov_SC07_006/../shared/ov/func_801432FC.h:15: warning: passing arg 1 of `func_8012C044' makes integer from pointer without a cast
src/ov_SC07_006/../shared/ov/func_8016EDEC.h: In function `func_8016EDEC':
In file included from src/ov_SC07_006/ov_SC07_006_jr_8016AE5C.c:4725:
src/ov_SC07_006/../shared/ov/func_8016EDEC.h:13: warning: assignment from incompatible pointer type
src/ov_SC07_006/../shared/ov/func_8016EDEC.h:16: warning: passing arg 1 from incompatible pointer type
src/ov_SC07_006/../shared/ov/func_8016EDEC.h:17: warning: passing arg 1 from incompatible pointer type
src/ov_SC07_006/../shared/ov/func_8016EE40.h: In function `func_8016EE40':
In file included from src/ov_SC07_006/ov_SC07_006_jr_8016AE5C.c:4728:
src/ov_SC07_006/../shared/ov/func_8016EE40.h:17: warning: passing arg 1 from incompatible pointer type
src/ov_SC07_006/../shared/ov/func_8016EE40.h:19: warning: passing arg 1 from incompatible pointer type
src/ov_SC07_006/../shared/ov/func_8016F4FC.h: In function `func_8016F4FC':
In file included from src/ov_SC07_006/ov_SC07_006_jr_8016AE5C.c:4876:
src/ov_SC07_006/../shared/ov/func_8016F4FC.h:9: warning: passing arg 1 of `func_800D1724' makes integer from pointer without a cast
src/ov_SC07_006/../shared/ov/func_8016F71C.h: In function `func_8016F71C':
In file included from src/ov_SC07_006/ov_SC07_006_jr_8016AE5C.c:4912:
src/ov_SC07_006/../shared/ov/func_8016F71C.h:11: warning: passing arg 1 of `func_8016F764' makes pointer from integer without a cast
src/ov_SC07_006/../shared/ov/func_80160B70.h: In function `func_80160B70':
In file included from src/ov_SC07_006/ov_SC07_006_jr_8015C32C.c:4163:
src/ov_SC07_006/../shared/ov/func_80160B70.h:7: warning: passing arg 1 of `func_80160BB4' makes pointer from integer without a cast
src/ov_SC07_006/../shared/ov/func_80149210.h: At top level:
In file included from src/ov_SC07_006/ov_SC07_006_jr_801457A4.c:2127:
src/ov_SC07_006/../shared/ov/func_80149210.h:3: warning: type mismatch with previous external decl
src/ov_SC07_006/ov_SC07_006_jr_801457A4.c:1150: warning: previous external decl of `func_80149210'
src/ov_SC07_006/ov_SC07_006_jr_80140608.c: In function `func_801442F8':
src/ov_SC07_006/ov_SC07_006_jr_80140608.c:2369: warning: passing arg 1 of `func_8012C218' makes pointer from integer without a cast
src/ov_SC07_006/../shared/ov/func_80160F70.h: In function `func_80160F70':
In file included from src/ov_SC07_006/ov_SC07_006_jr_8015C32C.c:4236:
src/ov_SC07_006/../shared/ov/func_80160F70.h:15: warning: passing arg 1 of `func_8013767C' makes integer from pointer without a cast
src/ov_SC07_006/ov_SC07_006_jr_80140608.c: In function `func_80144458':
src/ov_SC07_006/ov_SC07_006_jr_80140608.c:2435: warning: passing arg 1 of `func_8012AD80' makes integer from pointer without a cast
src/ov_SC07_006/../shared/ov/func_8016FE2C.h: In function `func_8016FE2C':
In file included from src/ov_SC07_006/ov_SC07_006_jr_8016AE5C.c:5044:
src/ov_SC07_006/../shared/ov/func_8016FE2C.h:7: warning: passing arg 1 of `func_80172658' from incompatible pointer type
src/ov_SC07_006/ov_SC07_006_jr_8015C32C.c: In function `aF80161208':
src/ov_SC07_006/ov_SC07_006_jr_8015C32C.c:4278: warning: passing arg 1 makes integer from pointer without a cast
src/ov_SC07_006/../shared/ov/func_80161278.h: In function `func_80161278':
In file included from src/ov_SC07_006/ov_SC07_006_jr_8015C32C.c:4289:
src/ov_SC07_006/../shared/ov/func_80161278.h:10: warning: passing arg 1 of `func_80161374' makes integer from pointer without a cast
src/ov_SC07_006/../shared/ov/func_801612B8.h: In function `func_801612B8':
In file included from src/ov_SC07_006/ov_SC07_006_jr_8015C32C.c:4292:
src/ov_SC07_006/../shared/ov/func_801612B8.h:11: warning: assignment makes integer from pointer without a cast
src/ov_SC07_006/../shared/ov/func_80161418.h: In function `func_80161418':
In file included from src/ov_SC07_006/ov_SC07_006_jr_8015C32C.c:4357:
src/ov_SC07_006/../shared/ov/func_80161418.h:6: warning: passing arg 1 of `func_8016163C' makes integer from pointer without a cast
src/ov_SC07_006/ov_SC07_006_jr_8015C32C.c: In function `func_80161450':
src/ov_SC07_006/ov_SC07_006_jr_8015C32C.c:4364: warning: passing arg 1 of `func_80161774' makes integer from pointer without a cast
src/ov_SC07_006/ov_SC07_006_jr_8015C32C.c: In function `func_80161488':
src/ov_SC07_006/ov_SC07_006_jr_8015C32C.c:4375: warning: passing arg 1 of `func_80161774' makes integer from pointer without a cast
src/ov_SC07_006/ov_SC07_006_jr_8015C32C.c: In function `func_801614E4':
src/ov_SC07_006/ov_SC07_006_jr_8015C32C.c:4387: warning: passing arg 1 of `func_80161888' makes integer from pointer without a cast
src/ov_SC07_006/ov_SC07_006_jr_8015C32C.c: In function `func_80161554':
src/ov_SC07_006/ov_SC07_006_jr_8015C32C.c:4398: warning: passing arg 1 of `func_8016163C' makes integer from pointer without a cast
src/ov_SC07_006/ov_SC07_006_jr_8015C32C.c: In function `func_8016158C':
src/ov_SC07_006/ov_SC07_006_jr_8015C32C.c:4406: warning: passing arg 1 of `func_80161774' makes integer from pointer without a cast
src/ov_SC07_006/../shared/ov/func_801615C4.h: In function `func_801615C4':
In file included from src/ov_SC07_006/ov_SC07_006_jr_8015C32C.c:4410:
src/ov_SC07_006/../shared/ov/func_801615C4.h:12: warning: passing arg 1 of `func_80146D90' makes integer from pointer without a cast
src/ov_SC07_006/../shared/ov/func_801615C4.h:15: warning: passing arg 1 makes integer from pointer without a cast
src/ov_SC07_006/../shared/ov/func_801615C4.h:17: warning: passing arg 1 makes integer from pointer without a cast
src/ov_SC07_006/../shared/ov/func_80170374.h: In function `func_80170374':
In file included from src/ov_SC07_006/ov_SC07_006_jr_8016AE5C.c:5131:
src/ov_SC07_006/../shared/ov/func_80170374.h:11: warning: passing arg 1 of `func_8014C168' from incompatible pointer type
src/ov_SC07_006/../shared/ov/func_8012D098.h: In function `func_8012D098':
In file included from src/ov_SC07_006/ov_SC07_006.c:1373:
src/ov_SC07_006/../shared/ov/func_8012D098.h:26: warning: passing arg 1 of `func_8012F214' makes integer from pointer without a cast
src/ov_SC07_006/../shared/ov/func_8012D098.h:26: warning: passing arg 2 of `func_8012F214' makes integer from pointer without a cast
src/ov_SC07_006/../shared/ov/func_8012D098.h:26: warning: passing arg 3 of `func_8012F214' makes integer from pointer without a cast
src/ov_SC07_006/../shared/ov/func_8012D098.h:30: warning: passing arg 1 of `func_8012F214' makes integer from pointer without a cast
src/ov_SC07_006/../shared/ov/func_8012D098.h:30: warning: passing arg 2 of `func_8012F214' makes integer from pointer without a cast
src/ov_SC07_006/../shared/ov/func_8012D098.h:30: warning: passing arg 3 of `func_8012F214' makes integer from pointer without a cast
src/ov_SC07_006/../shared/ov/func_8012D098.h:34: warning: passing arg 1 of `func_8012F214' makes integer from pointer without a cast
src/ov_SC07_006/../shared/ov/func_8012D098.h:34: warning: passing arg 2 of `func_8012F214' makes integer from pointer without a cast
src/ov_SC07_006/../shared/ov/func_8012D098.h:34: warning: passing arg 3 of `func_8012F214' makes integer from pointer without a cast
src/ov_SC07_006/../shared/ov/func_8012D098.h:38: warning: passing arg 1 of `func_8012F214' makes integer from pointer without a cast
src/ov_SC07_006/../shared/ov/func_8012D098.h:38: warning: passing arg 2 of `func_8012F214' makes integer from pointer without a cast
src/ov_SC07_006/../shared/ov/func_8012D098.h:38: warning: passing arg 3 of `func_8012F214' makes integer from pointer without a cast
src/ov_SC07_006/../shared/ov/func_8012D098.h:42: warning: passing arg 1 of `func_8012F214' makes integer from pointer without a cast
src/ov_SC07_006/../shared/ov/func_8012D098.h:42: warning: passing arg 2 of `func_8012F214' makes integer from pointer without a cast
src/ov_SC07_006/../shared/ov/func_8012D098.h:42: warning: passing arg 3 of `func_8012F214' makes integer from pointer without a cast
src/ov_SC07_006/../shared/ov/func_8012D098.h:46: warning: passing arg 1 of `func_8012F214' makes integer from pointer without a cast
src/ov_SC07_006/../shared/ov/func_8012D098.h:46: warning: passing arg 2 of `func_8012F214' makes integer from pointer without a cast
src/ov_SC07_006/../shared/ov/func_8012D098.h:46: warning: passing arg 3 of `func_8012F214' makes integer from pointer without a cast
src/ov_SC07_006/../shared/ov/func_8017044C.h: src/ov_SC07_006/../shared/ov/func_8012D098.h:50: In function `func_8017044C':
warning: passing arg 1 of `func_8012F214' makes integer from pointer without a castIn file included
 from src/ov_SC07_006/ov_SC07_006_jr_8016AE5C.c:5146src/ov_SC07_006/../shared/ov/func_8012D098.h:50: :
warning: src/ov_SC07_006/../shared/ov/func_8017044C.h:14: passing arg 2 of `func_8012F214' makes integer from pointer without a cast
warning: src/ov_SC07_006/../shared/ov/func_8012D098.h:50: passing arg 1 of `func_80171AB0' makes integer from pointer without a castwarning: 
passing arg 3 of `func_8012F214' makes integer from pointer without a cast
src/ov_SC07_006/../shared/ov/func_8012D098.h:54: warning: passing arg 1 of `func_8012F214' makes integer from pointer without a cast
src/ov_SC07_006/../shared/ov/func_8012D098.h:54: warning: passing arg 2 of `func_8012F214' makes integer from pointer without a cast
src/ov_SC07_006/../shared/ov/func_8012D098.h:54: warning: passing arg 3 of `func_8012F214' makes integer from pointer without a cast
src/ov_SC07_006/../shared/ov/func_8012D098.h:55: warning: passing arg 1 of `func_8012D3B4' makes integer from pointer without a cast
src/ov_SC07_006/../shared/ov/func_8012D098.h:55: warning: passing arg 2 of `func_8012D3B4' makes integer from pointer without a cast
src/ov_SC07_006/../shared/ov/func_8012D098.h:56: warning: passing arg 1 of `func_8012D3B4' makes integer from pointer without a cast
src/ov_SC07_006/../shared/ov/func_8012D098.h:56: warning: passing arg 2 of `func_8012D3B4' makes integer from pointer without a cast
src/ov_SC07_006/../shared/ov/func_8012D098.h:57: warning: passing arg 1 of `func_8012D3B4' makes integer from pointer without a cast
src/ov_SC07_006/../shared/ov/func_8012D098.h:57: warning: passing arg 2 of `func_8012D3B4' makes integer from pointer without a cast
src/ov_SC07_006/../shared/ov/func_8012D098.h:58: warning: passing arg 1 of `func_8012D3B4' makes integer from pointer without a cast
src/ov_SC07_006/../shared/ov/func_8012D098.h:58: warning: passing arg 2 of `func_8012D3B4' makes integer from pointer without a cast
src/ov_SC07_006/../shared/ov/func_8012D098.h:59: warning: passing arg 1 of `func_8012D3B4' makes integer from pointer without a cast
src/ov_SC07_006/../shared/ov/func_8012D098.h:59: warning: passing arg 2 of `func_8012D3B4' makes integer from pointer without a cast
src/ov_SC07_006/../shared/ov/func_8012D098.h:60: warning: passing arg 1 of `func_8012D3B4' makes integer from pointer without a cast
src/ov_SC07_006/../shared/ov/func_8012D098.h:60: warning: passing arg 2 of `func_8012D3B4' makes integer from pointer without a cast
src/ov_SC07_006/../shared/ov/func_8012D098.h:61: warning: passing arg 1 of `func_8012D3B4' makes integer from pointer without a cast
src/ov_SC07_006/../shared/ov/func_8012D098.h:61: warning: passing arg 2 of `func_8012D3B4' makes integer from pointer without a cast
src/ov_SC07_006/../shared/ov/func_8012D098.h:62: warning: passing arg 1 of `func_8012D3B4' makes integer from pointer without a cast
src/ov_SC07_006/../shared/ov/func_8012D098.h:62: warning: passing arg 2 of `func_8012D3B4' makes integer from pointer without a cast
src/ov_SC07_006/../shared/ov/func_8012D098.h:63: warning: passing arg 1 of `func_8012D3B4' makes integer from pointer without a cast
src/ov_SC07_006/../shared/ov/func_8012D098.h:63: warning: passing arg 2 of `func_8012D3B4' makes integer from pointer without a cast
src/ov_SC07_006/../shared/ov/func_8012D098.h:64: warning: passing arg 1 of `func_8012D3B4' makes integer from pointer without a cast
src/ov_SC07_006/../shared/ov/func_8012D098.h:64: warning: passing arg 2 of `func_8012D3B4' makes integer from pointer without a cast
src/ov_SC07_006/../shared/ov/func_8012D098.h:65: warning: passing arg 1 of `func_8012D3B4' makes integer from pointer without a cast
src/ov_SC07_006/../shared/ov/func_8012D098.h:65: warning: passing arg 2 of `func_8012D3B4' makes integer from pointer without a cast
src/ov_SC07_006/../shared/ov/func_8012D098.h:66: warning: passing arg 1 of `func_8012D3B4' makes integer from pointer without a cast
src/ov_SC07_006/../shared/ov/func_8012D098.h:66: warning: passing arg 2 of `func_8012D3B4' makes integer from pointer without a cast
src/ov_SC07_006/../shared/ov/func_801705C0.h: In function `func_801705C0':
In file included from src/ov_SC07_006/ov_SC07_006_jr_8016AE5C.c:5176:
src/ov_SC07_006/../shared/ov/func_801705C0.h:8: warning: passing arg 1 makes integer from pointer without a cast
src/ov_SC07_006/../shared/ov/func_8012D38C.h: In function `func_8012D38C':
In file included from src/ov_SC07_006/ov_SC07_006.c:1376:
src/ov_SC07_006/../shared/ov/func_8012D38C.h:5: warning: passing arg 1 of `func_8012D098' makes pointer from integer without a cast
src/ov_SC07_006/ov_SC07_006_jr_801457A4.c: In function `func_80149F2C':
src/ov_SC07_006/ov_SC07_006_jr_801457A4.c:2438: warning: initialization makes pointer from integer without a cast
src/ov_SC07_006/ov_SC07_006.c: In function `func_8012D664':
src/ov_SC07_006/ov_SC07_006.c:1472: warning: passing arg 6 of `func_8012F568' makes integer from pointer without a cast
src/ov_SC07_006/../shared/ov/func_80170B48.h: In function `func_80170B48':
In file included from src/ov_SC07_006/ov_SC07_006_jr_8016AE5C.c:5270:
src/ov_SC07_006/../shared/ov/func_80170B48.h:9: warning: passing arg 1 of `func_8014706C' makes pointer from integer without a cast
src/ov_SC07_006/../shared/ov/func_80170B90.h: At top level:
In file included from src/ov_SC07_006/ov_SC07_006_jr_8016AE5C.c:5273:
src/ov_SC07_006/../shared/ov/func_80170B90.h:5: warning: type mismatch with previous external decl
src/ov_SC07_006/../shared/ov/func_80170B48.h:12: warning: previous external decl of `func_80170B90'
src/ov_SC07_006/../shared/ov/func_80170B90.h:5: warning: type mismatch with previous implicit declaration
src/ov_SC07_006/../shared/ov/func_80170B48.h:12: warning: previous implicit declaration of `func_80170B90'
src/ov_SC07_006/../shared/ov/func_80170B90.h:5: warning: `func_80170B90' was previously implicitly declared to return `int'
src/ov_SC07_006/../shared/ov/func_80170CF0.h: In function `func_80170CF0':
In file included from src/ov_SC07_006/ov_SC07_006_jr_8016AE5C.c:5304:
src/ov_SC07_006/../shared/ov/func_80170CF0.h:11: warning: passing arg 1 makes integer from pointer without a cast
src/ov_SC07_006/../shared/ov/func_80170DE0.h: In function `func_80170DE0':
In file included from src/ov_SC07_006/ov_SC07_006_jr_8016AE5C.c:5319:
src/ov_SC07_006/../shared/ov/func_80170DE0.h:11: warning: passing arg 1 makes integer from pointer without a cast
src/ov_SC07_006/ov_SC07_006.c: In function `func_8012DB84':
src/ov_SC07_006/ov_SC07_006.c:1493: warning: passing arg 5 of `func_8012F568' makes integer from pointer without a cast
src/ov_SC07_006/ov_SC07_006.c:1493: warning: passing arg 6 of `func_8012F568' makes integer from pointer without a cast
src/ov_SC07_006/ov_SC07_006_jr_8015C32C.c: In function `func_8016216C':
src/ov_SC07_006/ov_SC07_006_jr_8015C32C.c:4797: warning: type mismatch with previous external decl
src/ov_SC07_006/ov_SC07_006_jr_8015C32C.c:4722: warning: previous external decl of `D_801F4F48'
src/ov_SC07_006/../shared/ov/func_80170EAC.h: In function `func_80170EAC':
In file included from src/ov_SC07_006/ov_SC07_006_jr_8016AE5C.c:5334:
src/ov_SC07_006/../shared/ov/func_80170EAC.h:11: warning: passing arg 1 makes integer from pointer without a cast
src/ov_SC07_006/ov_SC07_006_jr_8015C32C.c: In function `func_801621CC':
src/ov_SC07_006/ov_SC07_006_jr_8015C32C.c:4819: warning: type mismatch with previous external decl
src/ov_SC07_006/ov_SC07_006_jr_8015C32C.c:4707: warning: previous external decl of `D_80078EB0'
src/ov_SC07_006/ov_SC07_006_jr_8015C32C.c: In function `func_801622C4':
src/ov_SC07_006/ov_SC07_006_jr_8015C32C.c:4879: warning: type mismatch with previous external decl
src/ov_SC07_006/ov_SC07_006_jr_8015C32C.c:4722: warning: previous external decl of `D_801F4F48'
src/ov_SC07_006/ov_SC07_006_jr_8015C32C.c:4886: warning: assignment from incompatible pointer type
src/ov_SC07_006/../shared/ov/func_801710DC.h: In function `func_801710DC':
In file included from src/ov_SC07_006/ov_SC07_006_jr_8016AE5C.c:5379:
src/ov_SC07_006/../shared/ov/func_801710DC.h:9: warning: passing arg 1 makes integer from pointer without a cast
src/ov_SC07_006/../shared/ov/func_801710DC.h:10: warning: passing arg 1 makes integer from pointer without a cast
src/ov_SC07_006/ov_SC07_006.c: In function `func_8012DDA4':
src/ov_SC07_006/ov_SC07_006.c:1521: warning: return makes integer from pointer without a cast
src/ov_SC07_006/ov_SC07_006_jr_8015C32C.c:6042: warning: "SHB" redefined
 6042 | #define SHB(x) __asm__ __volatile__("" : "=r"(x) : "0"(x))
      | 
src/ov_SC07_006/ov_SC07_006_jr_8015C32C.c:4298: note: this is the location of the previous definition
 4298 | #define SHB(x) __asm__("" : "=r"(x) : "0"(x))
      | 
src/ov_SC07_006/ov_SC07_006.c: In function `func_8012DE2C':
src/ov_SC07_006/ov_SC07_006.c:1539: warning: type mismatch with previous external decl
src/ov_SC07_006/ov_SC07_006.c:1511: warning: previous external decl of `D_801F4D7C'
src/ov_SC07_006/ov_SC07_006.c:1540: warning: type mismatch with previous external decl
src/ov_SC07_006/ov_SC07_006.c:1512: warning: previous external decl of `D_801F4D78'
src/ov_SC07_006/ov_SC07_006.c:1555: warning: return makes integer from pointer without a cast
src/ov_SC07_006/../shared/ov/func_8012E138.h: In function `func_8012E138':
In file included from src/ov_SC07_006/ov_SC07_006.c:1586:
src/ov_SC07_006/../shared/ov/func_8012E138.h:19: warning: passing arg 2 of `func_8012F038' from incompatible pointer type
src/ov_SC07_006/../shared/ov/func_8012E138.h:19: warning: passing arg 3 of `func_8012F038' from incompatible pointer type
src/ov_SC07_006/../shared/ov/func_8012E138.h:36: warning: passing arg 2 of `func_8012F14C' makes integer from pointer without a cast
src/ov_SC07_006/../shared/ov/func_8012E138.h:36: warning: passing arg 3 of `func_8012F14C' makes integer from pointer without a cast
src/ov_SC07_006/../shared/ov/func_8012E138.h:37: warning: passing arg 3 of `func_80135888' makes integer from pointer without a cast
src/ov_SC07_006/../shared/ov/func_8012E138.h:37: warning: passing arg 4 of `func_80135888' makes integer from pointer without a cast
src/ov_SC07_006/ov_SC07_006.c: In function `func_8012E5CC':
src/ov_SC07_006/ov_SC07_006.c:1752: warning: passing arg 2 of `RotTransPers' makes pointer from integer without a cast
src/ov_SC07_006/../shared/ov/func_8014B034.h: At top level:
In file included from src/ov_SC07_006/ov_SC07_006_jr_801457A4.c:2672:
src/ov_SC07_006/../shared/ov/func_8014B034.h:4: warning: type mismatch with previous external decl
src/ov_SC07_006/../shared/ov/func_8014ADE0.h:22: warning: previous external decl of `D_80078E90'
src/ov_SC07_006/ov_SC07_006.c: In function `func_8012E688':
src/ov_SC07_006/ov_SC07_006.c:1778: warning: passing arg 2 of `RotTransPers' makes pointer from integer without a cast
src/ov_SC07_006/ov_SC07_006_jr_8015C32C.c:6480: warning: "SHB" redefined
 6480 | #define SHB(x) __asm__("" : "=r"(x) : "0"(x))
      | 
src/ov_SC07_006/ov_SC07_006_jr_8015C32C.c:6479: note: this is the location of the previous definition
 6479 | #define SHB(x) __asm__ __volatile__("" : "=r"(x) : "0"(x))
      | 
src/ov_SC07_006/../shared/ov/func_8016345C.h: At top level:
In file included from src/ov_SC07_006/ov_SC07_006_jr_8015C32C.c:5211:
src/ov_SC07_006/../shared/ov/func_8016345C.h:5: warning: type mismatch with previous external decl
src/ov_SC07_006/ov_SC07_006_jr_8015C32C.c:5202: warning: previous external decl of `func_8016345C'
src/ov_SC07_006/../shared/ov/func_8016345C.h: In function `func_8016345C':
src/ov_SC07_006/../shared/ov/func_8016345C.h:8: warning: passing arg 6 of `func_80163534' makes pointer from integer without a cast
src/ov_SC07_006/ov_SC07_006_jr_8015C32C.c: In function `func_801634D8':
src/ov_SC07_006/ov_SC07_006_jr_8015C32C.c:5225: warning: type mismatch with previous external decl
src/ov_SC07_006/ov_SC07_006_jr_8015C32C.c:5203: warning: previous external decl of `D_801F478C'
src/ov_SC07_006/ov_SC07_006_jr_801457A4.c:3961:1: warning: multi-line comment [-Wcomment]
 3961 | //        sed -E -i 's/extern void (func_8014F3E8)/extern s32 \1/g' \
      | ^
src/ov_SC07_006/../shared/ov/func_8012F568.h: In function `func_8012F568':
In file included from src/ov_SC07_006/ov_SC07_006.c:2119:
src/ov_SC07_006/../shared/ov/func_8012F568.h:12: warning: passing arg 2 of `memcpy' makes pointer from integer without a cast
src/ov_SC07_006/../shared/ov/func_8012F568.h:13: warning: passing arg 2 of `memcpy' makes pointer from integer without a cast
In file included from src/ov_SC07_006/ov_SC07_006_jr_801457A4.c:2789:
src/ov_SC07_006/../shared/ov/func_8014BE9C.h:4: warning: type mismatch with previous external decl
src/ov_SC07_006/ov_SC07_006_jr_801457A4.c:1151: warning: previous external decl of `func_8014BE9C'
src/ov_SC07_006/../shared/ov/func_8014C168.h: In function `func_8014C168':
In file included from src/ov_SC07_006/ov_SC07_006_jr_801457A4.c:2834:
src/ov_SC07_006/../shared/ov/func_8014C168.h:12: warning: return makes integer from pointer without a cast
src/ov_SC07_006/../shared/ov/func_8014C168.h:16: warning: return makes integer from pointer without a cast
src/ov_SC07_006/../shared/ov/func_8014C3D0.h: In function `func_8014C3D0':
In file included from src/ov_SC07_006/ov_SC07_006_jr_801457A4.c:2860:
src/ov_SC07_006/../shared/ov/func_8014C3D0.h:6: warning: passing arg 2 of `func_8014C59C' makes pointer from integer without a cast
src/ov_SC07_006/../shared/ov/func_8014C43C.h: In function `func_8014C43C':
In file included from src/ov_SC07_006/ov_SC07_006_jr_801457A4.c:2863:
src/ov_SC07_006/../shared/ov/func_8014C43C.h:9: warning: passing arg 4 of `func_8014C4AC' makes pointer from integer without a cast
src/ov_SC07_006/../shared/ov/func_8014C6D0.h: At top level:
In file included from src/ov_SC07_006/ov_SC07_006_jr_801457A4.c:2899:
src/ov_SC07_006/../shared/ov/func_8014C6D0.h:4: warning: type mismatch with previous external decl
src/ov_SC07_006/ov_SC07_006_jr_801457A4.c:1159: warning: previous external decl of `func_8014C6D0'
In file included from src/ov_SC07_006/ov_SC07_006_jr_801457A4.c:2944:
src/ov_SC07_006/../shared/ov/func_8014C968.h:4: warning: type mismatch with previous external decl
src/ov_SC07_006/ov_SC07_006_jr_801457A4.c:1158: warning: previous external decl of `func_8014C968'
src/ov_SC07_006/../shared/ov/func_8014CD80.h: In function `func_8014CD80':
In file included from src/ov_SC07_006/ov_SC07_006_jr_801457A4.c:3106:
src/ov_SC07_006/../shared/ov/func_8014CD80.h:43: warning: passing arg 3 of `func_80135888' makes integer from pointer without a cast
src/ov_SC07_006/../shared/ov/func_8014CD80.h:43: warning: passing arg 4 of `func_80135888' makes integer from pointer without a cast
src/ov_SC07_006/ov_SC07_006_jr_801457A4.c: In function `func_8014D438':
src/ov_SC07_006/ov_SC07_006_jr_801457A4.c:3283: warning: passing arg 2 of `func_8014D610' makes integer from pointer without a cast
src/ov_SC07_006/ov_SC07_006_jr_8015C32C.c: In function `func_801651B8':
src/ov_SC07_006/ov_SC07_006_jr_8015C32C.c:5739: warning: type mismatch with previous external decl
src/ov_SC07_006/ov_SC07_006_jr_8015C32C.c:5713: warning: previous external decl of `D_801F5040'
src/ov_SC07_006/ov_SC07_006_jr_8015C32C.c:5744: warning: assignment makes integer from pointer without a cast
src/ov_SC07_006/ov_SC07_006.c: In function `func_80130D48':
src/ov_SC07_006/ov_SC07_006.c:2511: warning: assignment makes pointer from integer without a cast
src/ov_SC07_006/ov_SC07_006_jr_8015C32C.c: In function `func_80165240':
src/ov_SC07_006/ov_SC07_006_jr_8015C32C.c:5777: warning: passing arg 2 of `ApplyMatrixSV' from incompatible pointer type
src/ov_SC07_006/ov_SC07_006_jr_8015C32C.c:5777: warning: passing arg 3 of `ApplyMatrixSV' from incompatible pointer type
src/ov_SC07_006/ov_SC07_006_jr_8015C32C.c:5778: warning: passing arg 2 of `ApplyMatrixSV' from incompatible pointer type
src/ov_SC07_006/ov_SC07_006_jr_8015C32C.c:5778: warning: passing arg 3 of `ApplyMatrixSV' from incompatible pointer type
src/ov_SC07_006/ov_SC07_006_jr_8015C32C.c:5779: warning: passing arg 2 of `ApplyMatrixSV' from incompatible pointer type
src/ov_SC07_006/ov_SC07_006_jr_8015C32C.c:5779: warning: passing arg 3 of `ApplyMatrixSV' from incompatible pointer type
src/ov_SC07_006/ov_SC07_006_jr_8015C32C.c:5780: warning: passing arg 2 of `ApplyMatrixSV' from incompatible pointer type
src/ov_SC07_006/ov_SC07_006_jr_8015C32C.c:5780: warning: passing arg 3 of `ApplyMatrixSV' from incompatible pointer type
src/ov_SC07_006/../shared/ov/func_80165CA0.h: In function `func_80165CA0':
In file included from src/ov_SC07_006/ov_SC07_006_jr_8015C32C.c:6044:
src/ov_SC07_006/../shared/ov/func_80165CA0.h:13: warning: assignment from incompatible pointer type
src/ov_SC07_006/../shared/ov/func_8014E48C.h: In function `func_8014E48C':
In file included from src/ov_SC07_006/ov_SC07_006_jr_801457A4.c:3739:
src/ov_SC07_006/../shared/ov/func_8014E48C.h:17: warning: passing arg 1 of `func_8014E514' makes pointer from integer without a cast
src/ov_SC07_006/../shared/ov/func_8014E48C.h:17: warning: passing arg 2 of `func_8014E514' makes integer from pointer without a cast
src/ov_SC07_006/../shared/ov/func_8014E48C.h:17: warning: passing arg 3 of `func_8014E514' makes integer from pointer without a cast
src/ov_SC07_006/ov_SC07_006_jr_8015C32C.c: In function `func_80165FA4':
src/ov_SC07_006/ov_SC07_006_jr_8015C32C.c:6066: warning: passing arg 2 makes pointer from integer without a cast
src/ov_SC07_006/ov_SC07_006_jr_8015C32C.c:6066: warning: passing arg 3 makes pointer from integer without a cast
src/ov_SC07_006/ov_SC07_006_jr_8015C32C.c:6067: warning: passing arg 2 makes pointer from integer without a cast
src/ov_SC07_006/ov_SC07_006_jr_8015C32C.c:6067: warning: passing arg 3 makes pointer from integer without a cast
src/ov_SC07_006/../shared/ov/func_8014E790.h: In function `func_8014E790':
In file included from src/ov_SC07_006/ov_SC07_006_jr_801457A4.c:3820:
src/ov_SC07_006/../shared/ov/func_8014E790.h:8: warning: passing arg 3 of `func_80135888' makes integer from pointer without a cast
src/ov_SC07_006/../shared/ov/func_8014E790.h:8: warning: passing arg 4 of `func_80135888' makes integer from pointer without a cast
src/ov_SC07_006/../shared/ov/func_8014E83C.h: In function `func_8014E83C':
In file included from src/ov_SC07_006/ov_SC07_006_jr_801457A4.c:3823:
src/ov_SC07_006/../shared/ov/func_8014E83C.h:18: warning: passing arg 3 of `func_80135888' makes integer from pointer without a cast
src/ov_SC07_006/../shared/ov/func_8014E83C.h:18: warning: passing arg 4 of `func_80135888' makes integer from pointer without a cast
src/ov_SC07_006/../shared/ov/func_80166438.h: In function `func_80166438':
In file included from src/ov_SC07_006/ov_SC07_006_jr_8015C32C.c:6193:
src/ov_SC07_006/../shared/ov/func_80166438.h:60: warning: passing arg 1 of `func_80146C3C' makes pointer from integer without a cast
src/ov_SC07_006/ov_SC07_006_jr_8015C32C.c: In function `func_801665B4':
src/ov_SC07_006/ov_SC07_006_jr_8015C32C.c:6202: warning: passing arg 1 of `func_80146C3C' makes pointer from integer without a cast
src/ov_SC07_006/../shared/ov/func_8014EE14.h: In function `func_8014EE14':
In file included from src/ov_SC07_006/ov_SC07_006_jr_801457A4.c:3893:
src/ov_SC07_006/../shared/ov/func_8014EE14.h:22: warning: assignment makes integer from pointer without a cast
src/ov_SC07_006/ov_SC07_006_jr_8015C32C.c: At top level:
src/ov_SC07_006/ov_SC07_006_jr_8015C32C.c:7143: warning: prototype for `func_80166994' follows
src/ov_SC07_006/ov_SC07_006_jr_8015C32C.c:6370: warning: non-prototype definition here
src/ov_SC07_006/../shared/ov/func_80168A14.h: In function `func_80168A14':
In file included from src/ov_SC07_006/ov_SC07_006_jr_8015C32C.c:7370:
src/ov_SC07_006/../shared/ov/func_80168A14.h:11: warning: passing arg 2 of `func_80146A6C' makes pointer from integer without a cast
src/ov_SC07_006/../shared/ov/func_80151204.h: In function `func_80151204':
In file included from src/ov_SC07_006/ov_SC07_006_jr_801457A4.c:4549:
src/ov_SC07_006/../shared/ov/func_80151204.h:7: warning: passing arg 1 of `func_8014ACE8' makes pointer from integer without a cast
src/ov_SC07_006/../shared/ov/func_8015126C.h: In function `func_8015126C':
In file included from src/ov_SC07_006/ov_SC07_006_jr_801457A4.c:4555:
src/ov_SC07_006/../shared/ov/func_8015126C.h:132: warning: passing arg 1 of `func_8015173C' from incompatible pointer type
src/ov_SC07_006/../shared/ov/func_80151AE4.h: In function `func_80151AE4':
In file included from src/ov_SC07_006/ov_SC07_006_jr_801457A4.c:4638:
src/ov_SC07_006/../shared/ov/func_80151AE4.h:16: warning: passing arg 1 of `func_80149020' makes pointer from integer without a cast
src/ov_SC07_006/../shared/ov/func_80151AE4.h:19: warning: passing arg 1 of `func_80159B3C' makes pointer from integer without a cast
src/ov_SC07_006/../shared/ov/func_80151AE4.h:32: warning: passing arg 1 of `func_8015BDD0' makes pointer from integer without a cast
src/ov_SC07_006/ov_SC07_006_jr_801457A4.c: In function `func_801520DC':
src/ov_SC07_006/ov_SC07_006_jr_801457A4.c:4704: warning: passing arg 1 of `func_80149020' makes pointer from integer without a cast
src/ov_SC07_006/ov_SC07_006_jr_801457A4.c:4705: warning: passing arg 1 of `func_801472C8' makes pointer from integer without a cast
src/ov_SC07_006/ov_SC07_006_jr_801457A4.c:4707: warning: passing arg 1 of `func_80146DB8' makes pointer from integer without a cast
src/ov_SC07_006/ov_SC07_006_jr_801457A4.c:4708: warning: passing arg 1 of `func_801477E8' makes pointer from integer without a cast
src/ov_SC07_006/ov_SC07_006_jr_801457A4.c:4709: warning: passing arg 1 of `func_8014CBF8' makes pointer from integer without a cast
src/ov_SC07_006/ov_SC07_006_jr_801457A4.c:4710: warning: passing arg 1 of `func_801474EC' makes pointer from integer without a cast
src/ov_SC07_006/ov_SC07_006_jr_801457A4.c:4711: warning: passing arg 2 of `func_80146A6C' makes pointer from integer without a cast
src/ov_SC07_006/ov_SC07_006_jr_801457A4.c:4713: warning: passing arg 1 of `func_80146CA0' makes pointer from integer without a cast
{standard input}: Assembler messages:
{standard input}:567: Warning: used $at without ".set noat"
{standard input}:568: Warning: used $at without ".set noat"
{standard input}:676: Warning: used $at without ".set noat"
{standard input}:677: Warning: used $at without ".set noat"
src/ov_SC07_006/../shared/ov/func_80152254.h: In function `func_80152254':
In file included from src/ov_SC07_006/ov_SC07_006_jr_801457A4.c:4723:
src/ov_SC07_006/../shared/ov/func_80152254.h:22: warning: passing arg 1 of `func_80159B3C' makes pointer from integer without a cast
src/ov_SC07_006/ov_SC07_006_jr_801457A4.c: In function `func_801528B0':
src/ov_SC07_006/ov_SC07_006_jr_801457A4.c:4849: warning: passing arg 1 of `func_80149020' makes pointer from integer without a cast
src/ov_SC07_006/ov_SC07_006_jr_801457A4.c:4850: warning: passing arg 1 of `func_80154274' makes pointer from integer without a cast
src/ov_SC07_006/ov_SC07_006_jr_801457A4.c:4850: warning: passing arg 2 of `func_80154274' makes integer from pointer without a cast
src/ov_SC07_006/ov_SC07_006_jr_801457A4.c:4853: warning: passing arg 1 of `func_80146DB8' makes pointer from integer without a cast
src/ov_SC07_006/ov_SC07_006_jr_801457A4.c:4854: warning: passing arg 1 of `func_801477E8' makes pointer from integer without a cast
src/ov_SC07_006/ov_SC07_006_jr_801457A4.c:4855: warning: passing arg 1 of `func_8014CBF8' makes pointer from integer without a cast
src/ov_SC07_006/ov_SC07_006_jr_801457A4.c:4856: warning: passing arg 1 of `func_801474EC' makes pointer from integer without a cast
src/ov_SC07_006/ov_SC07_006_jr_801457A4.c:4857: warning: passing arg 1 of `func_80146CA0' makes pointer from integer without a cast
src/ov_SC07_006/../shared/ov/func_8015294C.h: In function `func_8015294C':
In file included from src/ov_SC07_006/ov_SC07_006_jr_801457A4.c:4861:
src/ov_SC07_006/../shared/ov/func_8015294C.h:31: warning: passing arg 1 of `func_801472C8' from incompatible pointer type
src/ov_SC07_006/../shared/ov/func_80152A50.h: In function `func_80152A50':
In file included from src/ov_SC07_006/ov_SC07_006_jr_801457A4.c:4867:
src/ov_SC07_006/../shared/ov/func_80152A50.h:22: warning: passing arg 1 of `func_80159B3C' makes pointer from integer without a cast
src/ov_SC07_006/../shared/ov/func_80152BF0.h: In function `func_80152BF0':
In file included from src/ov_SC07_006/ov_SC07_006_jr_801457A4.c:4885:
src/ov_SC07_006/../shared/ov/func_80152BF0.h:13: warning: passing arg 1 of `func_80146CA0' makes pointer from integer without a cast
src/ov_SC07_006/../shared/ov/func_80152C80.h: In function `func_80152C80':
In file included from src/ov_SC07_006/ov_SC07_006_jr_801457A4.c:4891:
src/ov_SC07_006/../shared/ov/func_80152C80.h:12: warning: initialization makes integer from pointer without a cast
src/ov_SC07_006/ov_SC07_006_jr_801457A4.c: In function `func_80152DA8':
src/ov_SC07_006/ov_SC07_006_jr_801457A4.c:4926: warning: passing arg 1 of `func_80149020' makes pointer from integer without a cast
src/ov_SC07_006/ov_SC07_006_jr_801457A4.c:4927: warning: passing arg 1 of `func_80154274' makes pointer from integer without a cast
src/ov_SC07_006/ov_SC07_006_jr_801457A4.c:4927: warning: passing arg 2 of `func_80154274' makes integer from pointer without a cast
src/ov_SC07_006/ov_SC07_006_jr_801457A4.c:4931: warning: passing arg 1 of `func_80146DB8' makes pointer from integer without a cast
src/ov_SC07_006/ov_SC07_006_jr_801457A4.c:4932: warning: passing arg 1 of `func_801477E8' makes pointer from integer without a cast
src/ov_SC07_006/ov_SC07_006_jr_801457A4.c:4933: warning: passing arg 1 of `func_8014CBF8' makes pointer from integer without a cast
src/ov_SC07_006/ov_SC07_006_jr_801457A4.c:4934: warning: passing arg 1 of `func_801474EC' makes pointer from integer without a cast
src/ov_SC07_006/ov_SC07_006_jr_801457A4.c:4935: warning: passing arg 1 of `func_80146CA0' makes pointer from integer without a cast
src/ov_SC07_006/../shared/ov/func_80152E4C.h: In function `func_80152E4C':
In file included from src/ov_SC07_006/ov_SC07_006_jr_801457A4.c:4939:
src/ov_SC07_006/../shared/ov/func_80152E4C.h:34: warning: passing arg 1 of `func_801472C8' makes pointer from integer without a cast
src/ov_SC07_006/../shared/ov/func_80152F44.h: In function `func_80152F44':
In file included from src/ov_SC07_006/ov_SC07_006_jr_801457A4.c:4945:
src/ov_SC07_006/../shared/ov/func_80152F44.h:22: warning: passing arg 1 of `func_80159B3C' makes pointer from integer without a cast
src/ov_SC07_006/../shared/ov/func_801530E4.h: In function `func_801530E4':
In file included from src/ov_SC07_006/ov_SC07_006_jr_801457A4.c:4963:
src/ov_SC07_006/../shared/ov/func_801530E4.h:14: warning: passing arg 1 of `func_80149020' makes pointer from integer without a cast
src/ov_SC07_006/../shared/ov/func_801530E4.h:15: warning: passing arg 1 of `func_801472C8' makes pointer from integer without a cast
src/ov_SC07_006/../shared/ov/func_801530E4.h:17: warning: passing arg 1 of `func_8014CBF8' makes pointer from integer without a cast
src/ov_SC07_006/../shared/ov/func_801530E4.h:18: warning: passing arg 1 of `func_801474EC' makes pointer from integer without a cast
src/ov_SC07_006/../shared/ov/func_801530E4.h:19: warning: passing arg 1 of `func_80155440' makes pointer from integer without a cast
src/ov_SC07_006/../shared/ov/func_801530E4.h:20: warning: passing arg 1 of `func_80146CA0' makes pointer from integer without a cast
src/ov_SC07_006/../shared/ov/func_80153204.h: In function `func_80153204':
In file included from src/ov_SC07_006/ov_SC07_006_jr_801457A4.c:4972:
src/ov_SC07_006/../shared/ov/func_80153204.h:22: warning: passing arg 1 of `func_80159B3C' makes pointer from integer without a cast
src/ov_SC07_006/../shared/ov/func_801533A4.h: In function `func_801533A4':
In file included from src/ov_SC07_006/ov_SC07_006_jr_801457A4.c:4990:
src/ov_SC07_006/../shared/ov/func_801533A4.h:12: warning: passing arg 1 of `func_80149020' makes pointer from integer without a cast
src/ov_SC07_006/../shared/ov/func_801533A4.h:15: warning: passing arg 1 of `func_8014CBF8' makes pointer from integer without a cast
src/ov_SC07_006/../shared/ov/func_801533A4.h:16: warning: passing arg 1 of `func_801474EC' makes pointer from integer without a cast
src/ov_SC07_006/../shared/ov/func_801533A4.h:17: warning: passing arg 1 of `func_80155440' makes pointer from integer without a cast
src/ov_SC07_006/../shared/ov/func_801533A4.h:18: warning: passing arg 1 of `func_80146CA0' makes pointer from integer without a cast
src/ov_SC07_006/../shared/ov/func_801534D8.h: In function `func_801534D8':
In file included from src/ov_SC07_006/ov_SC07_006_jr_801457A4.c:4999:
src/ov_SC07_006/../shared/ov/func_801534D8.h:22: warning: passing arg 1 of `func_80159B3C' makes pointer from integer without a cast
src/ov_SC07_006/../shared/ov/func_801539F8.h: In function `func_801539F8':
In file included from src/ov_SC07_006/ov_SC07_006_jr_801457A4.c:5020:
src/ov_SC07_006/../shared/ov/func_801539F8.h:14: warning: passing arg 3 of `func_80133784' makes integer from pointer without a cast
src/ov_SC07_006/../shared/ov/func_801539F8.h:20: warning: passing arg 3 of `func_80133784' makes integer from pointer without a cast
src/ov_SC07_006/../shared/ov/func_801539F8.h:24: warning: passing arg 3 of `func_80133784' makes integer from pointer without a cast
src/ov_SC07_006/../shared/ov/func_80153C8C.h: At top level:
In file included from src/ov_SC07_006/ov_SC07_006_jr_801457A4.c:5044:
src/ov_SC07_006/../shared/ov/func_80153C8C.h:4: warning: type mismatch with previous external decl
src/ov_SC07_006/ov_SC07_006_jr_801457A4.c:1161: warning: previous external decl of `func_80153C8C'
src/ov_SC07_006/../shared/ov/func_80154150.h: In function `func_80154150':
In file included from src/ov_SC07_006/ov_SC07_006_jr_801457A4.c:5111:
src/ov_SC07_006/../shared/ov/func_80154150.h:7: warning: passing arg 1 of `func_80154190' makes pointer from integer without a cast
{standard input}: Assembler messages:
{standard input}:681: Warning: used $at without ".set noat"
{standard input}:682: Warning: used $at without ".set noat"
{standard input}:12669: Warning: used $at without ".set noat"
{standard input}:12670: Warning: used $at without ".set noat"
{standard input}:12996: Warning: used $at without ".set noat"
{standard input}:12997: Warning: used $at without ".set noat"
{standard input}:13317: Warning: used $at without ".set noat"
{standard input}:13318: Warning: used $at without ".set noat"
{standard input}:13621: Warning: used $at without ".set noat"
{standard input}:13622: Warning: used $at without ".set noat"
{standard input}:14326: Warning: used $at without ".set noat"
{standard input}:14327: Warning: used $at without ".set noat"
{standard input}:14769: Warning: used $at without ".set noat"
{standard input}:14770: Warning: used $at without ".set noat"
{standard input}:15005: Warning: used $at without ".set noat"
{standard input}:15006: Warning: used $at without ".set noat"
{standard input}:15251: Warning: used $at without ".set noat"
{standard input}:15252: Warning: used $at without ".set noat"
{standard input}:15601: Warning: used $at without ".set noat"
{standard input}:15602: Warning: used $at without ".set noat"
{standard input}:16007: Warning: used $at without ".set noat"
{standard input}:16008: Warning: used $at without ".set noat"
{standard input}:16243: Warning: used $at without ".set noat"
{standard input}:16244: Warning: used $at without ".set noat"
{standard input}:16461: Warning: used $at without ".set noat"
{standard input}:16462: Warning: used $at without ".set noat"
{standard input}:16730: Warning: used $at without ".set noat"
{standard input}:16731: Warning: used $at without ".set noat"
{standard input}:16882: Warning: used $at without ".set noat"
{standard input}:16883: Warning: used $at without ".set noat"
{standard input}:16999: Warning: used $at without ".set noat"
{standard input}:17000: Warning: used $at without ".set noat"
{standard input}:17709: Warning: used $at without ".set noat"
{standard input}:17710: Warning: used $at without ".set noat"
{standard input}:18358: Warning: used $at without ".set noat"
{standard input}:18359: Warning: used $at without ".set noat"
  LD      build/ov_SC07_006/ov_SC07_006.elf
  OBJCOPY build/ov_SC07_006/ov_SC07_006
  TRIM    build/ov_SC07_006/ov_SC07_006 (-1 B linker end-align pad)
[ OK ] build/ov_SC07_006/ov_SC07_006
       sha1 7ca772be5656c55f813b2ec5adceecb2c8a58a43 == config/check.ov_SC07_006.sha  (BYTE-IDENTICAL)
