  CC      build/src/ov_SC06_000/ov_SC06_000_jr_8015C32C.o
  CC      build/src/ov_SC06_000/ov_SC06_000_jr_80140608.o
  CC      build/src/ov_SC06_000/ov_SC06_000_jr_8017AE2C.o
src/ov_SC06_000/ov_SC06_000_jr_8015C32C.c:1546: warning: "NULL" redefined
 1546 | #define NULL 0
      | 
In file included from src/ov_SC06_000/ov_SC06_000_jr_8015C32C.c:1:
include/common.h:41: note: this is the location of the previous definition
   41 | #define NULL ((void *)0)   /* m2c emits NULL for null pointers; byte-neutral (== 0) */
      | 
  CC      build/src/ov_SC06_000/ov_SC06_000_after.o
src/ov_SC06_000/../shared/ov/func_8015C6AC.h: In function `func_8015C6AC':
In file included from src/ov_SC06_000/ov_SC06_000_jr_8015C32C.c:1332:
src/ov_SC06_000/../shared/ov/func_8015C6AC.h:7: warning: passing arg 1 of `func_8015C788' makes integer from pointer without a cast
src/ov_SC06_000/ov_SC06_000_jr_8015C32C.c: In function `func_8015CD20':
src/ov_SC06_000/ov_SC06_000_jr_8015C32C.c:1553: warning: type mismatch with previous external decl
src/ov_SC06_000/ov_SC06_000_jr_8015C32C.c:1245: warning: previous external decl of `D_8018A924'
src/ov_SC06_000/ov_SC06_000_jr_8017AE2C.c:1527: warning: conflicting types for built-in function `memcpy'
src/ov_SC06_000/../shared/ov/func_80140D68.h: In function `func_80140D68':
In file included from src/ov_SC06_000/ov_SC06_000_jr_80140608.c:1272:
src/ov_SC06_000/../shared/ov/func_80140D68.h:18: warning: type mismatch with previous external decl
src/ov_SC06_000/ov_SC06_000_jr_80140608.c:1148: warning: previous external decl of `D_800AE7BC'
src/ov_SC06_000/ov_SC06_000_jr_8017AE2C.c:4102: warning: "gte_ldv0" redefined
 4102 | #define gte_ldv0(r0) __asm__ volatile (          \
      | 
src/ov_SC06_000/ov_SC06_000_jr_8017AE2C.c:4085: note: this is the location of the previous definition
 4085 | #define gte_ldv0(r0)  __asm__ __volatile__( \
      | 
src/ov_SC06_000/ov_SC06_000_jr_8015C32C.c: In function `func_8015D1B8':
src/ov_SC06_000/ov_SC06_000_jr_8015C32C.c:1778: warning: passing arg 1 of `func_801725F4' from incompatible pointer type
src/ov_SC06_000/../shared/ov/func_8015D480.h: In function `func_8015D480':
In file included from src/ov_SC06_000/ov_SC06_000_jr_8015C32C.c:1833:
src/ov_SC06_000/../shared/ov/func_8015D480.h:7: warning: passing arg 1 of `func_8015D57C' makes integer from pointer without a cast
src/ov_SC06_000/../shared/ov/func_8015D57C.h: In function `func_8015D57C':
In file included from src/ov_SC06_000/ov_SC06_000_jr_8015C32C.c:1850:
src/ov_SC06_000/../shared/ov/func_8015D57C.h:12: warning: passing arg 1 of `func_801553A8' makes pointer from integer without a cast
src/ov_SC06_000/../shared/ov/func_8015D57C.h:13: warning: passing arg 1 of `func_80155440' makes pointer from integer without a cast
src/ov_SC06_000/../shared/ov/func_8015D57C.h:14: warning: passing arg 1 of `func_80146CA0' makes pointer from integer without a cast
src/ov_SC06_000/../shared/ov/func_801412A8.h: In function `aF801412A8':
In file included from src/ov_SC06_000/ov_SC06_000_jr_80140608.c:1426:
src/ov_SC06_000/../shared/ov/func_801412A8.h:5: warning: type mismatch with previous external decl
src/ov_SC06_000/ov_SC06_000_jr_80140608.c:1148: warning: previous external decl of `D_800AE7BC'
src/ov_SC06_000/ov_SC06_000_jr_8015C32C.c:3298: warning: "SHB" redefined
 3298 | #define SHB(x) __asm__("" : "=r"(x) : "0"(x))
      | 
src/ov_SC06_000/ov_SC06_000_jr_8015C32C.c:3297: note: this is the location of the previous definition
 3297 | #define SHB(x) __asm__ __volatile__("" : "=r"(x) : "0"(x))
      | 
src/ov_SC06_000/ov_SC06_000_jr_8017AE2C.c: In function `func_8017B368':
src/ov_SC06_000/ov_SC06_000_jr_8017AE2C.c:2814: warning: type mismatch with previous external decl
src/ov_SC06_000/ov_SC06_000_jr_8017AE2C.c:2765: warning: previous external decl of `D_8018BBC8'
src/ov_SC06_000/ov_SC06_000_jr_8017AE2C.c: In function `func_8017B490':
src/ov_SC06_000/ov_SC06_000_jr_8017AE2C.c:2850: warning: type mismatch with previous external decl
src/ov_SC06_000/ov_SC06_000_jr_8017AE2C.c:2765: warning: previous external decl of `D_8018BBC8'
src/ov_SC06_000/../shared/ov/func_8015DA90.h: In function `func_8015DA90':
In file included from src/ov_SC06_000/ov_SC06_000_jr_8015C32C.c:2008:
src/ov_SC06_000/../shared/ov/func_8015DA90.h:7: warning: passing arg 1 of `func_8015DB6C' makes integer from pointer without a cast
src/ov_SC06_000/ov_SC06_000_jr_8017AE2C.c: At top level:
src/ov_SC06_000/ov_SC06_000_jr_8017AE2C.c:3127: warning: type mismatch with previous external decl
src/ov_SC06_000/ov_SC06_000_jr_8017AE2C.c:2810: warning: previous external decl of `D_801AE5A4'
src/ov_SC06_000/ov_SC06_000_jr_8017AE2C.c:3128: warning: type mismatch with previous external decl
src/ov_SC06_000/ov_SC06_000_jr_8017AE2C.c:2811: warning: previous external decl of `D_801AE5AC'
src/ov_SC06_000/../shared/ov/func_80145B24.h: In function `func_80145B24':
In file included from src/ov_SC06_000/ov_SC06_000_after.c:111:
src/ov_SC06_000/../shared/ov/func_80145B24.h:18: warning: assignment from incompatible pointer type
src/ov_SC06_000/../shared/ov/func_8015DDF0.h: In function `func_8015DDF0':
In file included from src/ov_SC06_000/ov_SC06_000_jr_8015C32C.c:2086:
src/ov_SC06_000/../shared/ov/func_8015DDF0.h:7: warning: passing arg 1 of `func_8015DECC' makes integer from pointer without a cast
src/ov_SC06_000/ov_SC06_000_jr_8017AE2C.c:3311: warning: type mismatch with previous external decl
src/ov_SC06_000/ov_SC06_000_jr_8017AE2C.c:2764: warning: previous external decl of `func_8017BE60'
src/ov_SC06_000/ov_SC06_000_after.c: At top level:
src/ov_SC06_000/ov_SC06_000_after.c:235: warning: type mismatch with previous external decl
src/ov_SC06_000/ov_SC06_000_after.c:136: warning: previous external decl of `func_80145EE8'
src/ov_SC06_000/ov_SC06_000_jr_8017AE2C.c: In function `func_8017BF58':
src/ov_SC06_000/ov_SC06_000_jr_8017AE2C.c:3350: warning: passing arg 1 of `func_80174650' makes integer from pointer without a cast
src/ov_SC06_000/../shared/ov/func_8015E150.h: In function `func_8015E150':
In file included from src/ov_SC06_000/ov_SC06_000_jr_8015C32C.c:2164:
src/ov_SC06_000/../shared/ov/func_8015E150.h:7: warning: passing arg 1 of `func_8015E22C' makes integer from pointer without a cast
In file included from src/ov_SC06_000/ov_SC06_000_after.c:322:
src/ov_SC06_000/../shared/ov/func_80146128.h:4: warning: type mismatch with previous external decl
src/ov_SC06_000/ov_SC06_000_after.c:146: warning: previous external decl of `D_80126B78'
src/ov_SC06_000/../shared/ov/func_80146128.h:16: warning: type mismatch with previous external decl
src/ov_SC06_000/ov_SC06_000_after.c:127: warning: previous external decl of `func_80147098'
src/ov_SC06_000/ov_SC06_000_jr_8017AE2C.c: In function `func_8017C03C':
src/ov_SC06_000/ov_SC06_000_jr_8017AE2C.c:3379: warning: passing arg 1 of `func_80174650' makes integer from pointer without a cast
src/ov_SC06_000/ov_SC06_000_jr_8017AE2C.c: At top level:
src/ov_SC06_000/ov_SC06_000_jr_8017AE2C.c:3454: warning: type mismatch with previous external decl
src/ov_SC06_000/ov_SC06_000_jr_8017AE2C.c:3424: warning: previous external decl of `func_8017C290'
src/ov_SC06_000/ov_SC06_000_jr_8017AE2C.c:3454: warning: type mismatch with previous implicit declaration
src/ov_SC06_000/ov_SC06_000_jr_8017AE2C.c:3424: warning: previous implicit declaration of `func_8017C290'
src/ov_SC06_000/ov_SC06_000_jr_8017AE2C.c:3454: warning: `func_8017C290' was previously implicitly declared to return `int'
In file included from src/ov_SC06_000/ov_SC06_000_after.c:373:
src/ov_SC06_000/../shared/ov/func_801468C8.h:5: warning: type mismatch with previous external decl
src/ov_SC06_000/ov_SC06_000_after.c:135: warning: previous external decl of `func_801468C8'
src/ov_SC06_000/../shared/ov/func_8015E84C.h: In function `func_8015E84C':
In file included from src/ov_SC06_000/ov_SC06_000_jr_8015C32C.c:2288:
src/ov_SC06_000/../shared/ov/func_8015E84C.h:7: warning: passing arg 1 of `func_8015E95C' makes integer from pointer without a cast
src/ov_SC06_000/../shared/ov/func_8015E95C.h: In function `func_8015E95C':
In file included from src/ov_SC06_000/ov_SC06_000_jr_8015C32C.c:2305:
src/ov_SC06_000/../shared/ov/func_8015E95C.h:10: warning: passing arg 1 of `func_8015E9B8' makes pointer from integer without a cast
src/ov_SC06_000/ov_SC06_000_jr_8015C32C.c: In function `func_8015EA3C':
src/ov_SC06_000/ov_SC06_000_jr_8015C32C.c:2414: warning: passing arg 1 makes integer from pointer without a cast
In file included from src/ov_SC06_000/ov_SC06_000_after.c:444:
src/ov_SC06_000/../shared/ov/func_80146C3C.h:3: warning: type mismatch with previous external decl
src/ov_SC06_000/ov_SC06_000_after.c:123: warning: previous external decl of `func_80016714'
src/ov_SC06_000/../shared/ov/func_80146D90.h: In function `func_80146D90':
In file included from src/ov_SC06_000/ov_SC06_000_after.c:458:
src/ov_SC06_000/../shared/ov/func_80146D90.h:6: warning: passing arg 1 of `func_80146DE8' makes pointer from integer without a cast
src/ov_SC06_000/../shared/ov/func_8015EDA0.h: In function `func_8015EDA0':
In file included from src/ov_SC06_000/ov_SC06_000_jr_8015C32C.c:2422:
src/ov_SC06_000/../shared/ov/func_8015EDA0.h:7: warning: passing arg 1 of `func_8015EE7C' makes integer from pointer without a cast
src/ov_SC06_000/../shared/ov/func_80142838.h: In function `func_80142838':
In file included from src/ov_SC06_000/ov_SC06_000_jr_80140608.c:1776:
src/ov_SC06_000/../shared/ov/func_80142838.h:15: warning: passing arg 1 of `func_8012C0EC' makes integer from pointer without a cast
src/ov_SC06_000/../shared/ov/func_8015EFA4.h: In function `func_8015EFA4':
In file included from src/ov_SC06_000/ov_SC06_000_jr_8015C32C.c:2494:
src/ov_SC06_000/../shared/ov/func_8015EFA4.h:7: warning: passing arg 1 of `func_8015F080' makes integer from pointer without a cast
src/ov_SC06_000/ov_SC06_000_jr_8017AE2C.c: In function `func_8017CFBC':
src/ov_SC06_000/ov_SC06_000_jr_8017AE2C.c:3949: warning: type mismatch with previous external decl
src/ov_SC06_000/ov_SC06_000_jr_8017AE2C.c:3904: warning: previous external decl of `D_801AE628'
src/ov_SC06_000/../shared/ov/func_80147060.h: In function `func_80147060':
In file included from src/ov_SC06_000/ov_SC06_000_after.c:480:
src/ov_SC06_000/../shared/ov/func_80147060.h:7: warning: `return' with a value, in function returning void
src/ov_SC06_000/../shared/ov/func_80147084.h: At top level:
In file included from src/ov_SC06_000/ov_SC06_000_after.c:486:
src/ov_SC06_000/../shared/ov/func_80147084.h:3: warning: type mismatch with previous external decl
src/ov_SC06_000/ov_SC06_000_after.c:126: warning: previous external decl of `func_80147084'
In file included from src/ov_SC06_000/ov_SC06_000_after.c:494:
src/ov_SC06_000/../shared/ov/func_801470AC.h:3: warning: type mismatch with previous external decl
src/ov_SC06_000/ov_SC06_000_after.c:128: warning: previous external decl of `func_801470AC'
src/ov_SC06_000/ov_SC06_000_jr_8017AE2C.c: In function `func_8017D318':
src/ov_SC06_000/ov_SC06_000_jr_8017AE2C.c:4113: warning: type mismatch with previous external decl
src/ov_SC06_000/ov_SC06_000_jr_8017AE2C.c:3460: warning: previous external decl of `D_801AE6A8'
src/ov_SC06_000/ov_SC06_000_jr_8017AE2C.c:4114: warning: type mismatch with previous external decl
src/ov_SC06_000/ov_SC06_000_jr_8017AE2C.c:3461: warning: previous external decl of `D_801AE6C8'
src/ov_SC06_000/ov_SC06_000_jr_8017AE2C.c:4115: warning: type mismatch with previous external decl
src/ov_SC06_000/ov_SC06_000_jr_8017AE2C.c:3462: warning: previous external decl of `D_801AE6CC'
src/ov_SC06_000/../shared/ov/func_80142F68.h: In function `func_80142F68':
In file included from src/ov_SC06_000/ov_SC06_000_jr_80140608.c:1989:
src/ov_SC06_000/../shared/ov/func_80142F68.h:15: warning: passing arg 1 of `func_8012C0EC' makes integer from pointer without a cast
In file included from src/ov_SC06_000/ov_SC06_000_after.c:510:
src/ov_SC06_000/../shared/ov/func_801472DC.h:3: warning: type mismatch with previous external decl
src/ov_SC06_000/ov_SC06_000_after.c:163: warning: previous external decl of `D_8012707C'
src/ov_SC06_000/../shared/ov/func_80147324.h: In function `func_80147324':
In file included from src/ov_SC06_000/ov_SC06_000_after.c:516:
src/ov_SC06_000/../shared/ov/func_80147324.h:8: warning: comparison between pointer and integer
src/ov_SC06_000/../shared/ov/func_801430F4.h: In function `func_801430F4':
In file included from src/ov_SC06_000/ov_SC06_000_jr_80140608.c:2032:
src/ov_SC06_000/../shared/ov/func_801430F4.h:15: warning: passing arg 1 of `func_8012C0EC' makes integer from pointer without a cast
src/ov_SC06_000/ov_SC06_000_jr_8015C32C.c: In function `func_8015F89C':
src/ov_SC06_000/ov_SC06_000_jr_8015C32C.c:2713: warning: passing arg 2 of `func_801466F0' makes integer from pointer without a cast
src/ov_SC06_000/../shared/ov/func_801432FC.h: In function `func_801432FC':
In file included from src/ov_SC06_000/ov_SC06_000_jr_80140608.c:2087:
src/ov_SC06_000/../shared/ov/func_801432FC.h:15: warning: passing arg 1 of `func_8012C044' makes integer from pointer without a cast
src/ov_SC06_000/../shared/ov/func_801433F0.h: In function `func_801433F0':
In file included from src/ov_SC06_000/ov_SC06_000_jr_80140608.c:2091:
src/ov_SC06_000/../shared/ov/func_801433F0.h:12: warning: passing arg 1 of `func_80128ED8' makes integer from pointer without a cast
src/ov_SC06_000/../shared/ov/func_801433F0.h:12: warning: passing arg 2 of `func_80128ED8' from incompatible pointer type
src/ov_SC06_000/../shared/ov/func_8017DBC4__de7db63b.h: In function `func_8017DBC4':
In file included from src/ov_SC06_000/ov_SC06_000_jr_8017AE2C.c:4447:
src/ov_SC06_000/../shared/ov/func_8017DBC4__de7db63b.h:14: warning: passing arg 1 of `func_80171AB0' makes integer from pointer without a cast
src/ov_SC06_000/../shared/ov/func_8014350C.h: In function `func_8014350C':
In file included from src/ov_SC06_000/ov_SC06_000_jr_80140608.c:2130:
src/ov_SC06_000/../shared/ov/func_8014350C.h:13: warning: passing arg 1 of `func_80128ED8' makes integer from pointer without a cast
src/ov_SC06_000/../shared/ov/func_80147AD4.h: In function `func_80147AD4':
In file included from src/ov_SC06_000/ov_SC06_000_after.c:568:
src/ov_SC06_000/../shared/ov/func_80147AD4.h:8: warning: passing arg 2 of `func_80147B5C' makes pointer from integer without a cast
src/ov_SC06_000/../shared/ov/func_80147D38.h: In function `func_80147D38':
In file included from src/ov_SC06_000/ov_SC06_000_after.c:578:
src/ov_SC06_000/../shared/ov/func_80147D38.h:12: warning: passing arg 2 of `func_80147DC0' makes integer from pointer without a cast
src/ov_SC06_000/ov_SC06_000_jr_80140608.c: In function `func_801442F8':
src/ov_SC06_000/ov_SC06_000_jr_80140608.c:2312: warning: passing arg 1 of `func_8012C218' makes pointer from integer without a cast
src/ov_SC06_000/../shared/ov/func_80160B70.h: In function `func_80160B70':
In file included from src/ov_SC06_000/ov_SC06_000_jr_8015C32C.c:3192:
src/ov_SC06_000/../shared/ov/func_80160B70.h:7: warning: passing arg 1 of `func_80160BB4' makes pointer from integer without a cast
src/ov_SC06_000/ov_SC06_000_jr_80140608.c: In function `func_80144458':
src/ov_SC06_000/ov_SC06_000_jr_80140608.c:2377: warning: passing arg 1 of `func_8012AD80' makes integer from pointer without a cast
src/ov_SC06_000/ov_SC06_000_jr_80140608.c:2383: warning: passing arg 1 of `func_80128ED8' makes integer from pointer without a cast
src/ov_SC06_000/../shared/ov/func_8014462C.h: In function `func_8014462C':
In file included from src/ov_SC06_000/ov_SC06_000_jr_80140608.c:2392:
src/ov_SC06_000/../shared/ov/func_8014462C.h:13: warning: passing arg 1 of `func_80128ED8' makes integer from pointer without a cast
src/ov_SC06_000/../shared/ov/func_8014462C.h:13: warning: passing arg 2 of `func_80128ED8' from incompatible pointer type
src/ov_SC06_000/../shared/ov/func_80160F70.h: In function `func_80160F70':
In file included from src/ov_SC06_000/ov_SC06_000_jr_8015C32C.c:3253:
src/ov_SC06_000/../shared/ov/func_80160F70.h:15: warning: passing arg 1 of `func_8013767C' makes integer from pointer without a cast
src/ov_SC06_000/ov_SC06_000_jr_8017AE2C.c: In function `func_8017EF68':
src/ov_SC06_000/ov_SC06_000_jr_8017AE2C.c:5577: warning: passing arg 2 of `func_800547D8' from incompatible pointer type
src/ov_SC06_000/ov_SC06_000_jr_8017AE2C.c:5578: warning: passing arg 1 of `func_80052E38' from incompatible pointer type
src/ov_SC06_000/ov_SC06_000_jr_8017AE2C.c:8080: warning: "gte_ldv0" redefined
 8080 | #define gte_ldv0(r0) __asm__ __volatile__( \
      | 
src/ov_SC06_000/ov_SC06_000_jr_8017AE2C.c:5439: note: this is the location of the previous definition
 5439 | #define gte_ldv0(r0) __asm__ volatile (          \
      | 
src/ov_SC06_000/../shared/ov/func_80161208.h: In function `aF80161208':
In file included from src/ov_SC06_000/ov_SC06_000_jr_8015C32C.c:3286:
src/ov_SC06_000/../shared/ov/func_80161208.h:6: warning: passing arg 1 makes integer from pointer without a cast
src/ov_SC06_000/../shared/ov/func_80161278.h: In function `func_80161278':
In file included from src/ov_SC06_000/ov_SC06_000_jr_8015C32C.c:3291:
src/ov_SC06_000/../shared/ov/func_80161278.h:10: warning: passing arg 1 of `func_80161374' makes integer from pointer without a cast
src/ov_SC06_000/../shared/ov/func_801612B8.h: In function `func_801612B8':
In file included from src/ov_SC06_000/ov_SC06_000_jr_8015C32C.c:3293:
src/ov_SC06_000/../shared/ov/func_801612B8.h:11: warning: assignment makes integer from pointer without a cast
src/ov_SC06_000/../shared/ov/func_80161418.h: In function `func_80161418':
In file included from src/ov_SC06_000/ov_SC06_000_jr_8015C32C.c:3343:
src/ov_SC06_000/../shared/ov/func_80161418.h:6: warning: passing arg 1 of `func_8016163C' makes integer from pointer without a cast
src/ov_SC06_000/../shared/ov/func_80161450.h: In function `func_80161450':
In file included from src/ov_SC06_000/ov_SC06_000_jr_8015C32C.c:3345:
src/ov_SC06_000/../shared/ov/func_80161450.h:6: warning: passing arg 1 of `func_80161774' makes integer from pointer without a cast
src/ov_SC06_000/../shared/ov/func_80161488.h: In function `func_80161488':
In file included from src/ov_SC06_000/ov_SC06_000_jr_8015C32C.c:3347:
src/ov_SC06_000/../shared/ov/func_80161488.h:9: warning: passing arg 1 of `func_80161774' makes integer from pointer without a cast
src/ov_SC06_000/../shared/ov/func_801614E4.h: In function `func_801614E4':
In file included from src/ov_SC06_000/ov_SC06_000_jr_8015C32C.c:3349:
src/ov_SC06_000/../shared/ov/func_801614E4.h:6: warning: passing arg 1 of `func_80161888' makes integer from pointer without a cast
src/ov_SC06_000/../shared/ov/func_80161554.h: In function `func_80161554':
In file included from src/ov_SC06_000/ov_SC06_000_jr_8015C32C.c:3353:
src/ov_SC06_000/../shared/ov/func_80161554.h:6: warning: passing arg 1 of `func_8016163C' makes integer from pointer without a cast
src/ov_SC06_000/../shared/ov/func_8016158C.h: In function `func_8016158C':
In file included from src/ov_SC06_000/ov_SC06_000_jr_8015C32C.c:3355:
src/ov_SC06_000/../shared/ov/func_8016158C.h:6: warning: passing arg 1 of `func_80161774' makes integer from pointer without a cast
src/ov_SC06_000/../shared/ov/func_801615C4.h: In function `func_801615C4':
In file included from src/ov_SC06_000/ov_SC06_000_jr_8015C32C.c:3357:
src/ov_SC06_000/../shared/ov/func_801615C4.h:12: warning: passing arg 1 of `func_80146D90' makes integer from pointer without a cast
src/ov_SC06_000/../shared/ov/func_801615C4.h:15: warning: passing arg 1 makes integer from pointer without a cast
src/ov_SC06_000/../shared/ov/func_801615C4.h:17: warning: passing arg 1 makes integer from pointer without a cast
src/ov_SC06_000/../shared/ov/func_8016163C.h: In function `func_8016163C':
In file included from src/ov_SC06_000/ov_SC06_000_jr_8015C32C.c:3372:
src/ov_SC06_000/../shared/ov/func_8016163C.h:17: warning: passing arg 1 of `func_801599A4' makes pointer from integer without a cast
src/ov_SC06_000/../shared/ov/func_8016163C.h:18: warning: passing arg 1 of `func_80159B3C' makes pointer from integer without a cast
src/ov_SC06_000/../shared/ov/func_8016163C.h:24: warning: passing arg 1 of `func_801599A4' makes pointer from integer without a cast
src/ov_SC06_000/../shared/ov/func_8016163C.h:31: warning: passing arg 1 of `func_801599A4' makes pointer from integer without a cast
src/ov_SC06_000/../shared/ov/func_8016163C.h:32: warning: passing arg 1 of `func_80159B3C' makes pointer from integer without a cast
src/ov_SC06_000/../shared/ov/func_8016163C.h:44: warning: passing arg 1 of `func_801599A4' makes pointer from integer without a cast
src/ov_SC06_000/../shared/ov/func_8016163C.h:45: warning: passing arg 1 of `func_8015F2F0' makes pointer from integer without a cast
src/ov_SC06_000/../shared/ov/func_80161774.h: In function `func_80161774':
In file included from src/ov_SC06_000/ov_SC06_000_jr_8015C32C.c:3384:
src/ov_SC06_000/../shared/ov/func_80161774.h:22: warning: passing arg 1 of `func_801599A4' makes pointer from integer without a cast
src/ov_SC06_000/../shared/ov/func_80161774.h:44: warning: passing arg 1 of `func_801599A4' makes pointer from integer without a cast
src/ov_SC06_000/../shared/ov/func_80149210.h: At top level:
In file included from src/ov_SC06_000/ov_SC06_000_after.c:846:
src/ov_SC06_000/../shared/ov/func_80149210.h:3: warning: type mismatch with previous external decl
src/ov_SC06_000/ov_SC06_000_after.c:129: warning: previous external decl of `func_80149210'
src/ov_SC06_000/ov_SC06_000_jr_8015C32C.c: At top level:
src/ov_SC06_000/ov_SC06_000_jr_8015C32C.c:3664: warning: type mismatch with previous external decl
src/ov_SC06_000/ov_SC06_000_jr_8015C32C.c:3594: warning: previous external decl of `D_801AD4D8'
src/ov_SC06_000/ov_SC06_000_jr_8015C32C.c:3686: warning: type mismatch with previous external decl
src/ov_SC06_000/ov_SC06_000_jr_8015C32C.c:3579: warning: previous external decl of `D_80078EB0'
src/ov_SC06_000/ov_SC06_000_jr_8015C32C.c: In function `func_801622C4':
src/ov_SC06_000/ov_SC06_000_jr_8015C32C.c:3755: warning: assignment from incompatible pointer type
src/ov_SC06_000/ov_SC06_000_jr_8017AE2C.c: In function `func_80180A50':
src/ov_SC06_000/ov_SC06_000_jr_8017AE2C.c:6459: warning: assignment from incompatible pointer type
src/ov_SC06_000/ov_SC06_000_jr_8017AE2C.c: In function `func_80180FC8':
src/ov_SC06_000/ov_SC06_000_jr_8017AE2C.c:6734: warning: src/ov_SC06_000/../shared/ov/func_80149F2C.h: passing arg 2 of `func_80172358' from incompatible pointer typeIn function `func_80149F2C':

In file included from src/ov_SC06_000/ov_SC06_000_after.c:939:
src/ov_SC06_000/../shared/ov/func_80149F2C.h:9: warning: initialization makes pointer from integer without a cast
src/ov_SC06_000/../shared/ov/func_8016345C.h: At top level:
In file included from src/ov_SC06_000/ov_SC06_000_jr_8015C32C.c:4052:
src/ov_SC06_000/../shared/ov/func_8016345C.h:5: warning: type mismatch with previous external decl
src/ov_SC06_000/ov_SC06_000_jr_8015C32C.c:4042: warning: previous external decl of `func_8016345C'
src/ov_SC06_000/../shared/ov/func_8016345C.h: In function `func_8016345C':
src/ov_SC06_000/../shared/ov/func_8016345C.h:8: warning: passing arg 6 of `func_80163534' makes pointer from integer without a cast
src/ov_SC06_000/ov_SC06_000_jr_8017AE2C.c: In function `func_801816AC':
src/ov_SC06_000/ov_SC06_000_jr_8017AE2C.c:7004: warning: type mismatch with previous external decl
src/ov_SC06_000/ov_SC06_000_jr_8017AE2C.c:6980: warning: previous external decl of `D_801274E8'
src/ov_SC06_000/ov_SC06_000_jr_8015C32C.c: At top level:
src/ov_SC06_000/ov_SC06_000_jr_8015C32C.c:4058: warning: type mismatch with previous external decl
src/ov_SC06_000/ov_SC06_000_jr_8015C32C.c:4043: warning: previous external decl of `D_801ACD90'
src/ov_SC06_000/ov_SC06_000_jr_8017AE2C.c: In function `func_80181774':
src/ov_SC06_000/ov_SC06_000_jr_8017AE2C.c:7037: warning: type mismatch with previous external decl
src/ov_SC06_000/ov_SC06_000_jr_8017AE2C.c:6980: warning: previous external decl of `D_801274E8'
src/ov_SC06_000/ov_SC06_000_jr_8017AE2C.c: In function `func_80181864':
src/ov_SC06_000/ov_SC06_000_jr_8017AE2C.c:7079: warning: type mismatch with previous external decl
src/ov_SC06_000/ov_SC06_000_jr_8017AE2C.c:6980: warning: previous external decl of `D_801274E8'
src/ov_SC06_000/ov_SC06_000_jr_8017AE2C.c: In function `aF80181940':
src/ov_SC06_000/ov_SC06_000_jr_8017AE2C.c:7117: warning: type mismatch with previous external decl
src/ov_SC06_000/ov_SC06_000_jr_8017AE2C.c:6980: warning: previous external decl of `D_801274E8'
src/ov_SC06_000/ov_SC06_000_jr_8017AE2C.c: In function `func_80181BA4':
src/ov_SC06_000/ov_SC06_000_jr_8017AE2C.c:7215: warning: type mismatch with previous external decl
src/ov_SC06_000/ov_SC06_000_jr_8017AE2C.c:6980: warning: previous external decl of `D_801274E8'
src/ov_SC06_000/ov_SC06_000_jr_8017AE2C.c: In function `func_80181C38':
src/ov_SC06_000/ov_SC06_000_jr_8017AE2C.c:7233: warning: type mismatch with previous external decl
src/ov_SC06_000/ov_SC06_000_jr_8017AE2C.c:6980: warning: previous external decl of `D_801274E8'
src/ov_SC06_000/ov_SC06_000_jr_8017AE2C.c: At top level:
src/ov_SC06_000/ov_SC06_000_jr_8017AE2C.c:7294: warning: type mismatch with previous external decl
src/ov_SC06_000/ov_SC06_000_jr_8017AE2C.c:7189: warning: previous external decl of `func_80181EA0'
src/ov_SC06_000/ov_SC06_000_jr_8017AE2C.c:7304: warning: type mismatch with previous external decl
src/ov_SC06_000/ov_SC06_000_jr_8017AE2C.c:7218: warning: previous external decl of `func_80181F14'
src/ov_SC06_000/../shared/ov/func_8014B034.h: At top level:
In file included from src/ov_SC06_000/ov_SC06_000_after.c:1079:
src/ov_SC06_000/../shared/ov/func_8014B034.h:4: warning: type mismatch with previous external decl
src/ov_SC06_000/../shared/ov/func_8014ADE0.h:22: warning: previous external decl of `D_80078E90'
src/ov_SC06_000/ov_SC06_000_jr_8017AE2C.c:7837: warning: type mismatch with previous external decl
src/ov_SC06_000/ov_SC06_000_jr_8017AE2C.c:7722: warning: previous external decl of `func_80182C10'
src/ov_SC06_000/ov_SC06_000_jr_8017AE2C.c:7837: warning: type mismatch with previous implicit declaration
src/ov_SC06_000/ov_SC06_000_jr_8017AE2C.c:7722: warning: previous implicit declaration of `func_80182C10'
src/ov_SC06_000/ov_SC06_000_jr_8017AE2C.c:7837: warning: `func_80182C10' was previously implicitly declared to return `int'
src/ov_SC06_000/ov_SC06_000_jr_8017AE2C.c: In function `func_80182CD8':
src/ov_SC06_000/ov_SC06_000_jr_8017AE2C.c:7912: warning: passing arg 1 of `func_8012AD50' makes pointer from integer without a cast
src/ov_SC06_000/ov_SC06_000_jr_8017AE2C.c: At top level:
src/ov_SC06_000/ov_SC06_000_jr_8017AE2C.c:8020: warning: type mismatch with previous external decl
src/ov_SC06_000/ov_SC06_000_jr_8017AE2C.c:7829: warning: previous external decl of `func_80183130'
src/ov_SC06_000/ov_SC06_000_jr_8017AE2C.c:8020: warning: type mismatch with previous implicit declaration
src/ov_SC06_000/ov_SC06_000_jr_8017AE2C.c:7829: warning: previous implicit declaration of `func_80183130'
src/ov_SC06_000/ov_SC06_000_jr_8017AE2C.c:8020: warning: `func_80183130' was previously implicitly declared to return `int'
In file included from src/ov_SC06_000/ov_SC06_000_after.c:1157:
src/ov_SC06_000/../shared/ov/func_8014BE9C.h:4: warning: type mismatch with previous external decl
src/ov_SC06_000/ov_SC06_000_after.c:130: warning: previous external decl of `func_8014BE9C'
src/ov_SC06_000/ov_SC06_000_jr_8017AE2C.c:11683: warning: "gte_ldv0" redefined
11683 | #define gte_ldv0(r0) __asm__ volatile (          \
      | 
src/ov_SC06_000/ov_SC06_000_jr_8017AE2C.c:8080: note: this is the location of the previous definition
 8080 | #define gte_ldv0(r0) __asm__ __volatile__( \
      | 
src/ov_SC06_000/ov_SC06_000_jr_8015C32C.c:4526: warning: type mismatch with previous external decl
src/ov_SC06_000/ov_SC06_000_jr_8015C32C.c:4504: warning: previous external decl of `D_801AD5D0'
src/ov_SC06_000/ov_SC06_000_jr_8015C32C.c: In function `func_801651B8':
src/ov_SC06_000/ov_SC06_000_jr_8015C32C.c:4534: warning: assignment makes integer from pointer without a cast
src/ov_SC06_000/../shared/ov/func_8014C168.h: In function `func_8014C168':
In file included from src/ov_SC06_000/ov_SC06_000_after.c:1187:
src/ov_SC06_000/../shared/ov/func_8014C168.h:12: warning: return makes integer from pointer without a cast
src/ov_SC06_000/../shared/ov/func_8014C168.h:16: warning: return makes integer from pointer without a cast
src/ov_SC06_000/../shared/ov/func_8014C3D0.h: In function `func_8014C3D0':
In file included from src/ov_SC06_000/ov_SC06_000_after.c:1209:
src/ov_SC06_000/../shared/ov/func_8014C3D0.h:6: warning: passing arg 2 of `func_8014C59C' makes pointer from integer without a cast
src/ov_SC06_000/../shared/ov/func_8014C43C.h: In function `func_8014C43C':
In file included from src/ov_SC06_000/ov_SC06_000_after.c:1211:
src/ov_SC06_000/../shared/ov/func_8014C43C.h:9: warning: passing arg 4 of `func_8014C4AC' makes pointer from integer without a cast
src/ov_SC06_000/../shared/ov/func_8014C6D0.h: At top level:
In file included from src/ov_SC06_000/ov_SC06_000_after.c:1243:
src/ov_SC06_000/../shared/ov/func_8014C6D0.h:4: warning: type mismatch with previous external decl
src/ov_SC06_000/ov_SC06_000_after.c:138: warning: previous external decl of `func_8014C6D0'
src/ov_SC06_000/../shared/ov/func_80165CA0.h: In function `func_80165CA0':
In file included from src/ov_SC06_000/ov_SC06_000_jr_8015C32C.c:4782:
src/ov_SC06_000/../shared/ov/func_80165CA0.h:13: warning: assignment from incompatible pointer type
In file included from src/ov_SC06_000/ov_SC06_000_after.c:1285:
src/ov_SC06_000/../shared/ov/func_8014C968.h:4: warning: type mismatch with previous external decl
src/ov_SC06_000/ov_SC06_000_after.c:137: warning: previous external decl of `func_8014C968'
src/ov_SC06_000/../shared/ov/func_80165FA4.h: In function `func_80165FA4':
In file included from src/ov_SC06_000/ov_SC06_000_jr_8015C32C.c:4795:
src/ov_SC06_000/../shared/ov/func_80165FA4.h:11: warning: passing arg 2 of `ApplyMatrixSV' makes pointer from integer without a cast
src/ov_SC06_000/../shared/ov/func_80165FA4.h:11: warning: passing arg 3 of `ApplyMatrixSV' makes pointer from integer without a cast
src/ov_SC06_000/../shared/ov/func_80165FA4.h:12: warning: passing arg 2 of `ApplyMatrixSV' makes pointer from integer without a cast
src/ov_SC06_000/../shared/ov/func_80165FA4.h:12: warning: passing arg 3 of `ApplyMatrixSV' makes pointer from integer without a cast
src/ov_SC06_000/../shared/ov/func_8014CD0C.h: In function `func_8014CD0C':
In file included from src/ov_SC06_000/ov_SC06_000_after.c:1359:
src/ov_SC06_000/../shared/ov/func_8014CD0C.h:21: warning: passing arg 2 of `func_8014CF04' makes integer from pointer without a cast
src/ov_SC06_000/../shared/ov/func_801665B4.h: In function `func_801665B4':
In file included from src/ov_SC06_000/ov_SC06_000_jr_8015C32C.c:4829:
src/ov_SC06_000/../shared/ov/func_801665B4.h:8: warning: passing arg 1 of `func_80128ED8' makes integer from pointer without a cast
src/ov_SC06_000/ov_SC06_000_jr_8017AE2C.c:9058: warning: type mismatch with previous external decl
src/ov_SC06_000/ov_SC06_000_jr_8017AE2C.c:9042: warning: previous external decl of `func_80184940'
src/ov_SC06_000/ov_SC06_000_jr_8017AE2C.c:9058: warning: type mismatch with previous implicit declaration
src/ov_SC06_000/ov_SC06_000_jr_8017AE2C.c:9042: warning: previous implicit declaration of `func_80184940'
src/ov_SC06_000/ov_SC06_000_jr_8017AE2C.c:9058: warning: `func_80184940' was previously implicitly declared to return `int'
src/ov_SC06_000/ov_SC06_000_jr_8017AE2C.c:9109: warning: type mismatch with previous external decl
src/ov_SC06_000/ov_SC06_000_jr_8017AE2C.c:8816: warning: previous external decl of `func_80184A5C'
src/ov_SC06_000/ov_SC06_000_jr_8017AE2C.c:9109: warning: type mismatch with previous implicit declaration
src/ov_SC06_000/ov_SC06_000_jr_8017AE2C.c:8816: warning: previous implicit declaration of `func_80184A5C'
src/ov_SC06_000/ov_SC06_000_jr_8017AE2C.c:9109: warning: `func_80184A5C' was previously implicitly declared to return `int'
src/ov_SC06_000/../shared/ov/func_8014D438.h: In function `func_8014D438':
In file included from src/ov_SC06_000/ov_SC06_000_after.c:1436:
src/ov_SC06_000/../shared/ov/func_8014D438.h:15: warning: passing arg 2 of `func_8014D610' makes integer from pointer without a cast
src/ov_SC06_000/ov_SC06_000_jr_8017AE2C.c:9320: warning: type mismatch with previous external decl
src/ov_SC06_000/ov_SC06_000_jr_8017AE2C.c:8866: warning: previous external decl of `D_8018C9BC'
src/ov_SC06_000/ov_SC06_000_jr_8017AE2C.c: In function `func_80184EB8':
src/ov_SC06_000/ov_SC06_000_jr_8017AE2C.c:9369: warning: passing arg 1 of `func_8018467C' makes pointer from integer without a cast
src/ov_SC06_000/ov_SC06_000_jr_8017AE2C.c: In function `func_80184FD8':
src/ov_SC06_000/ov_SC06_000_jr_8017AE2C.c:9399: warning: passing arg 1 of `func_8012AD80' makes integer from pointer without a cast
src/ov_SC06_000/ov_SC06_000_jr_8017AE2C.c: In function `func_80185028':
src/ov_SC06_000/ov_SC06_000_jr_8017AE2C.c:9437: warning: assignment makes pointer from integer without a cast
src/ov_SC06_000/ov_SC06_000_jr_8017AE2C.c:9441: warning: assignment makes pointer from integer without a cast
src/ov_SC06_000/ov_SC06_000_jr_8017AE2C.c:9445: warning: assignment makes pointer from integer without a cast
src/ov_SC06_000/ov_SC06_000_jr_8017AE2C.c: In function `func_801853F0':
src/ov_SC06_000/ov_SC06_000_jr_8017AE2C.c:9617: warning: passing arg 2 of `func_80185764' from incompatible pointer type
src/ov_SC06_000/ov_SC06_000_jr_8017AE2C.c:9620: warning: passing arg 2 from incompatible pointer type
src/ov_SC06_000/ov_SC06_000_jr_8017AE2C.c: In function `func_80185764':
src/ov_SC06_000/ov_SC06_000_jr_8017AE2C.c:9765: warning: passing arg 1 of `func_8012F14C' makes integer from pointer without a cast
src/ov_SC06_000/ov_SC06_000_jr_8017AE2C.c:9765: warning: passing arg 2 of `func_8012F14C' makes integer from pointer without a cast
src/ov_SC06_000/ov_SC06_000_jr_8017AE2C.c:9765: warning: passing arg 3 of `func_8012F14C' makes integer from pointer without a cast
src/ov_SC06_000/ov_SC06_000_jr_8017AE2C.c: In function `func_80185814':
src/ov_SC06_000/ov_SC06_000_jr_8017AE2C.c:9792: warning: passing arg 2 of `func_80188160' makes integer from pointer without a cast
src/ov_SC06_000/ov_SC06_000_jr_8017AE2C.c: At top level:
src/ov_SC06_000/ov_SC06_000_jr_8017AE2C.c:9865: warning: type mismatch with previous external decl
src/ov_SC06_000/ov_SC06_000_jr_8017AE2C.c:9801: warning: previous external decl of `func_80185A5C'
src/ov_SC06_000/../shared/ov/func_8014E48C.h: In function `func_8014E48C':
In file included from src/ov_SC06_000/ov_SC06_000_after.c:1864:
src/ov_SC06_000/../shared/ov/func_8014E48C.h:17: warning: passing arg 1 of `func_8014E514' makes pointer from integer without a cast
src/ov_SC06_000/../shared/ov/func_8014E48C.h:17: warning: passing arg 2 of `func_8014E514' makes integer from pointer without a cast
src/ov_SC06_000/../shared/ov/func_8014E48C.h:17: warning: passing arg 3 of `func_8014E514' makes integer from pointer without a cast
src/ov_SC06_000/ov_SC06_000_jr_8017AE2C.c: In function `func_80185D24':
src/ov_SC06_000/ov_SC06_000_jr_8017AE2C.c:9982: warning: type mismatch with previous external decl
src/ov_SC06_000/ov_SC06_000_jr_8017AE2C.c:9966: warning: previous external decl of `D_801B2150'
src/ov_SC06_000/../shared/ov/func_8014E790.h: In function `func_8014E790':
In file included from src/ov_SC06_000/ov_SC06_000_after.c:1942:
src/ov_SC06_000/../shared/ov/func_8014E790.h:8: warning: passing arg 3 of `func_80135888' makes integer from pointer without a cast
src/ov_SC06_000/../shared/ov/func_8014E790.h:8: warning: passing arg 4 of `func_80135888' makes integer from pointer without a cast
src/ov_SC06_000/../shared/ov/func_8014E83C.h: In function `func_8014E83C':
In file included from src/ov_SC06_000/ov_SC06_000_after.c:1944:
src/ov_SC06_000/../shared/ov/func_8014E83C.h:18: warning: passing arg 3 of `func_80135888' makes integer from pointer without a cast
src/ov_SC06_000/../shared/ov/func_8014E83C.h:18: warning: passing arg 4 of `func_80135888' makes integer from pointer without a cast
src/ov_SC06_000/ov_SC06_000_jr_8017AE2C.c: At top level:
src/ov_SC06_000/ov_SC06_000_jr_8017AE2C.c:10249: warning: type mismatch with previous external decl
src/ov_SC06_000/ov_SC06_000_jr_8017AE2C.c:10101: warning: previous external decl of `func_8018628C'
src/ov_SC06_000/ov_SC06_000_jr_8017AE2C.c:10249: warning: type mismatch with previous implicit declaration
src/ov_SC06_000/ov_SC06_000_jr_8017AE2C.c:10196: warning: previous implicit declaration of `func_8018628C'
src/ov_SC06_000/ov_SC06_000_jr_8017AE2C.c:10249: warning: `func_8018628C' was previously implicitly declared to return `int'
src/ov_SC06_000/ov_SC06_000_jr_8017AE2C.c:10320: warning: type mismatch with previous external decl
src/ov_SC06_000/ov_SC06_000_jr_8017AE2C.c:8808: warning: previous external decl of `func_801863F4'
src/ov_SC06_000/ov_SC06_000_jr_8017AE2C.c:10320: warning: type mismatch with previous implicit declaration
src/ov_SC06_000/ov_SC06_000_jr_8017AE2C.c:8808: warning: previous implicit declaration of `func_801863F4'
src/ov_SC06_000/ov_SC06_000_jr_8017AE2C.c:10320: warning: `func_801863F4' was previously implicitly declared to return `int'
src/ov_SC06_000/../shared/ov/func_8016829C.h: At top level:
In file included from src/ov_SC06_000/ov_SC06_000_jr_8015C32C.c:5579:
src/ov_SC06_000/../shared/ov/func_8016829C.h:4: warning: prototype for `func_80166994' follows
src/ov_SC06_000/ov_SC06_000_jr_8015C32C.c:4987: warning: non-prototype definition here
src/ov_SC06_000/ov_SC06_000_jr_8017AE2C.c: In function `func_80186468':
src/ov_SC06_000/ov_SC06_000_jr_8017AE2C.c:10377: warning: type mismatch with previous external decl
src/ov_SC06_000/ov_SC06_000_jr_8017AE2C.c:8560: warning: previous external decl of `D_800AE620'
src/ov_SC06_000/../shared/ov/func_8014EE14.h: In function `func_8014EE14':
In file included from src/ov_SC06_000/ov_SC06_000_after.c:2020:
src/ov_SC06_000/../shared/ov/func_8014EE14.h:22: warning: assignment makes integer from pointer without a cast
src/ov_SC06_000/ov_SC06_000_jr_8017AE2C.c: In function `func_80186B70':
src/ov_SC06_000/ov_SC06_000_jr_8017AE2C.c:10874: warning: type mismatch with previous external decl
src/ov_SC06_000/ov_SC06_000_jr_8017AE2C.c:8560: warning: previous external decl of `D_800AE620'
src/ov_SC06_000/ov_SC06_000_jr_8017AE2C.c:10875: warning: type mismatch with previous external decl
src/ov_SC06_000/ov_SC06_000_jr_8017AE2C.c:4971: warning: previous external decl of `D_800A5E60'
src/ov_SC06_000/ov_SC06_000_jr_8017AE2C.c:10882: warning: type mismatch with previous external decl
src/ov_SC06_000/ov_SC06_000_jr_8017AE2C.c:3473: warning: previous external decl of `RotMatrixZ'
src/ov_SC06_000/ov_SC06_000_jr_8017AE2C.c:10882: warning: type mismatch with previous implicit declaration
src/ov_SC06_000/ov_SC06_000_jr_8017AE2C.c:4131: warning: previous implicit declaration of `RotMatrixZ'
src/ov_SC06_000/../shared/ov/func_80168A14.h: In function `func_80168A14':
In file included from src/ov_SC06_000/ov_SC06_000_jr_8015C32C.c:5719:
src/ov_SC06_000/../shared/ov/func_80168A14.h:11: warning: passing arg 2 of `func_80146A6C' makes pointer from integer without a cast
src/ov_SC06_000/ov_SC06_000_jr_8017AE2C.c: At top level:
src/ov_SC06_000/ov_SC06_000_jr_8017AE2C.c:10963: warning: type mismatch with previous external decl
src/ov_SC06_000/ov_SC06_000_jr_8017AE2C.c:8819: warning: previous external decl of `func_80186E34'
src/ov_SC06_000/ov_SC06_000_jr_8017AE2C.c:10963: warning: type mismatch with previous implicit declaration
src/ov_SC06_000/ov_SC06_000_jr_8017AE2C.c:8819: warning: previous implicit declaration of `func_80186E34'
src/ov_SC06_000/ov_SC06_000_jr_8017AE2C.c:10963: warning: `func_80186E34' was previously implicitly declared to return `int'
src/ov_SC06_000/ov_SC06_000_jr_8017AE2C.c:10981: warning: type mismatch with previous external decl
src/ov_SC06_000/ov_SC06_000_jr_8017AE2C.c:8820: warning: previous external decl of `func_80186E58'
src/ov_SC06_000/ov_SC06_000_jr_8017AE2C.c:10981: warning: type mismatch with previous implicit declaration
src/ov_SC06_000/ov_SC06_000_jr_8017AE2C.c:8820: warning: previous implicit declaration of `func_80186E58'
src/ov_SC06_000/ov_SC06_000_jr_8017AE2C.c:10981: warning: `func_80186E58' was previously implicitly declared to return `int'
src/ov_SC06_000/ov_SC06_000_jr_8017AE2C.c: In function `func_80187200':
src/ov_SC06_000/ov_SC06_000_jr_8017AE2C.c:11242: warning: type mismatch with previous external decl
src/ov_SC06_000/ov_SC06_000_jr_8017AE2C.c:11154: warning: previous external decl of `D_801B1DEE'
src/ov_SC06_000/ov_SC06_000_jr_8017AE2C.c: At top level:
src/ov_SC06_000/ov_SC06_000_jr_8017AE2C.c:11314: warning: type mismatch with previous external decl
src/ov_SC06_000/ov_SC06_000_jr_8017AE2C.c:3473: warning: previous external decl of `RotMatrixZ'
src/ov_SC06_000/ov_SC06_000_jr_8017AE2C.c:11314: warning: type mismatch with previous implicit declaration
src/ov_SC06_000/ov_SC06_000_jr_8017AE2C.c:4131: warning: previous implicit declaration of `RotMatrixZ'
src/ov_SC06_000/ov_SC06_000_jr_8017AE2C.c:11314: warning: `RotMatrixZ' was previously implicitly declared to return `int'
src/ov_SC06_000/ov_SC06_000_jr_8017AE2C.c: In function `func_80187314':
src/ov_SC06_000/ov_SC06_000_jr_8017AE2C.c:11338: warning: type mismatch with previous external decl
src/ov_SC06_000/ov_SC06_000_jr_8017AE2C.c:10876: warning: previous external decl of `D_800A651C'
src/ov_SC06_000/ov_SC06_000_jr_8017AE2C.c: At top level:
src/ov_SC06_000/ov_SC06_000_jr_8017AE2C.c:11424: warning: type mismatch with previous external decl
src/ov_SC06_000/ov_SC06_000_jr_8017AE2C.c:9966: warning: previous external decl of `D_801B2150'
src/ov_SC06_000/ov_SC06_000_jr_8017AE2C.c: In function `func_80187998':
src/ov_SC06_000/ov_SC06_000_jr_8017AE2C.c:11592: warning: assignment from incompatible pointer type
src/ov_SC06_000/ov_SC06_000_jr_8017AE2C.c:11593: warning: assignment from incompatible pointer type
src/ov_SC06_000/../shared/ov/func_80150820.h: At top level:
In file included from src/ov_SC06_000/ov_SC06_000_after.c:2345:
src/ov_SC06_000/../shared/ov/func_80150820.h:5: warning: type mismatch with previous external decl
src/ov_SC06_000/ov_SC06_000_after.c:2308: warning: previous external decl of `func_80150820'
src/ov_SC06_000/../shared/ov/func_80169E44.h: In function `func_80169E44':
In file included from src/ov_SC06_000/ov_SC06_000_jr_8015C32C.c:5889:
src/ov_SC06_000/../shared/ov/func_80169E44.h:9: warning: passing arg 1 of `func_80128ED8' makes integer from pointer without a cast
src/ov_SC06_000/../shared/ov/func_80169FE0.h: In function `func_80169FE0':
In file included from src/ov_SC06_000/ov_SC06_000_jr_8015C32C.c:5933:
src/ov_SC06_000/../shared/ov/func_80169FE0.h:6: warning: passing arg 1 of `func_80128ED8' makes integer from pointer without a cast
src/ov_SC06_000/../shared/ov/func_80151204.h: In function `func_80151204':
In file included from src/ov_SC06_000/ov_SC06_000_after.c:2567:
src/ov_SC06_000/../shared/ov/func_80151204.h:7: warning: passing arg 1 of `func_8014ACE8' makes pointer from integer without a cast
src/ov_SC06_000/../shared/ov/func_8015126C.h: In function `func_8015126C':
In file included from src/ov_SC06_000/ov_SC06_000_after.c:2571:
src/ov_SC06_000/../shared/ov/func_8015126C.h:132: warning: passing arg 1 of `func_8015173C' from incompatible pointer type
src/ov_SC06_000/../shared/ov/func_80151AE4.h: In function `func_80151AE4':
In file included from src/ov_SC06_000/ov_SC06_000_after.c:2622:
src/ov_SC06_000/../shared/ov/func_80151AE4.h:16: warning: passing arg 1 of `func_80149020' makes pointer from integer without a cast
src/ov_SC06_000/../shared/ov/func_80151AE4.h:19: warning: passing arg 1 of `func_80159B3C' makes pointer from integer without a cast
src/ov_SC06_000/../shared/ov/func_80151AE4.h:32: warning: passing arg 1 of `func_8015BDD0' makes pointer from integer without a cast
src/ov_SC06_000/ov_SC06_000_after.c: In function `func_801520DC':
src/ov_SC06_000/ov_SC06_000_after.c:2677: warning: passing arg 1 of `func_80149020' makes pointer from integer without a cast
src/ov_SC06_000/ov_SC06_000_after.c:2678: warning: passing arg 1 of `func_801472C8' makes pointer from integer without a cast
src/ov_SC06_000/ov_SC06_000_after.c:2680: warning: passing arg 1 of `func_80146DB8' makes pointer from integer without a cast
src/ov_SC06_000/ov_SC06_000_after.c:2681: warning: passing arg 1 of `func_801477E8' makes pointer from integer without a cast
src/ov_SC06_000/ov_SC06_000_after.c:2682: warning: passing arg 1 of `func_8014CBF8' makes pointer from integer without a cast
src/ov_SC06_000/ov_SC06_000_after.c:2683: warning: passing arg 1 of `func_801474EC' makes pointer from integer without a cast
src/ov_SC06_000/ov_SC06_000_after.c:2684: warning: passing arg 2 of `func_80146A6C' makes pointer from integer without a cast
src/ov_SC06_000/ov_SC06_000_after.c:2686: warning: passing arg 1 of `func_80146CA0' makes pointer from integer without a cast
src/ov_SC06_000/../shared/ov/func_80152254.h: In function `func_80152254':
In file included from src/ov_SC06_000/ov_SC06_000_after.c:2694:
src/ov_SC06_000/../shared/ov/func_80152254.h:22: warning: passing arg 1 of `func_80159B3C' makes pointer from integer without a cast
src/ov_SC06_000/ov_SC06_000_after.c: In function `func_801528B0':
src/ov_SC06_000/ov_SC06_000_after.c:2808: warning: passing arg 1 of `func_80149020' makes pointer from integer without a cast
src/ov_SC06_000/ov_SC06_000_after.c:2809: warning: passing arg 1 of `func_80154274' makes pointer from integer without a cast
src/ov_SC06_000/ov_SC06_000_after.c:2809: warning: passing arg 2 of `func_80154274' makes integer from pointer without a cast
src/ov_SC06_000/ov_SC06_000_after.c:2812: warning: passing arg 1 of `func_80146DB8' makes pointer from integer without a cast
src/ov_SC06_000/ov_SC06_000_after.c:2813: warning: passing arg 1 of `func_801477E8' makes pointer from integer without a cast
src/ov_SC06_000/ov_SC06_000_after.c:2814: warning: passing arg 1 of `func_8014CBF8' makes pointer from integer without a cast
src/ov_SC06_000/ov_SC06_000_after.c:2815: warning: passing arg 1 of `func_801474EC' makes pointer from integer without a cast
src/ov_SC06_000/ov_SC06_000_after.c:2816: warning: passing arg 1 of `func_80146CA0' makes pointer from integer without a cast
src/ov_SC06_000/../shared/ov/func_8015294C.h: In function `func_8015294C':
In file included from src/ov_SC06_000/ov_SC06_000_after.c:2820:
src/ov_SC06_000/../shared/ov/func_8015294C.h:31: warning: passing arg 1 of `func_801472C8' from incompatible pointer type
src/ov_SC06_000/../shared/ov/func_80152A50.h: In function `func_80152A50':
In file included from src/ov_SC06_000/ov_SC06_000_after.c:2824:
src/ov_SC06_000/../shared/ov/func_80152A50.h:22: warning: passing arg 1 of `func_80159B3C' makes pointer from integer without a cast
src/ov_SC06_000/../shared/ov/func_80152BF0.h: In function `func_80152BF0':
In file included from src/ov_SC06_000/ov_SC06_000_after.c:2838:
src/ov_SC06_000/../shared/ov/func_80152BF0.h:13: warning: passing arg 1 of `func_80146CA0' makes pointer from integer without a cast
src/ov_SC06_000/../shared/ov/func_80152C80.h: In function `func_80152C80':
In file included from src/ov_SC06_000/ov_SC06_000_after.c:2842:
src/ov_SC06_000/../shared/ov/func_80152C80.h:12: warning: initialization makes integer from pointer without a cast
src/ov_SC06_000/ov_SC06_000_after.c: In function `func_80152DA8':
src/ov_SC06_000/ov_SC06_000_after.c:2873: warning: passing arg 1 of `func_80149020' makes pointer from integer without a cast
src/ov_SC06_000/ov_SC06_000_after.c:2874: warning: passing arg 1 of `func_80154274' makes pointer from integer without a cast
src/ov_SC06_000/ov_SC06_000_after.c:2874: warning: passing arg 2 of `func_80154274' makes integer from pointer without a cast
src/ov_SC06_000/ov_SC06_000_after.c:2878: warning: passing arg 1 of `func_80146DB8' makes pointer from integer without a cast
src/ov_SC06_000/ov_SC06_000_after.c:2879: warning: passing arg 1 of `func_801477E8' makes pointer from integer without a cast
src/ov_SC06_000/ov_SC06_000_after.c:2880: warning: passing arg 1 of `func_8014CBF8' makes pointer from integer without a cast
src/ov_SC06_000/ov_SC06_000_after.c:2881: warning: passing arg 1 of `func_801474EC' makes pointer from integer without a cast
src/ov_SC06_000/ov_SC06_000_after.c:2882: warning: passing arg 1 of `func_80146CA0' makes pointer from integer without a cast
src/ov_SC06_000/../shared/ov/func_80152E4C.h: In function `func_80152E4C':
In file included from src/ov_SC06_000/ov_SC06_000_after.c:2886:
src/ov_SC06_000/../shared/ov/func_80152E4C.h:34: warning: passing arg 1 of `func_801472C8' makes pointer from integer without a cast
src/ov_SC06_000/../shared/ov/func_80152F44.h: In function `func_80152F44':
In file included from src/ov_SC06_000/ov_SC06_000_after.c:2890:
src/ov_SC06_000/../shared/ov/func_80152F44.h:22: warning: passing arg 1 of `func_80159B3C' makes pointer from integer without a cast
src/ov_SC06_000/../shared/ov/func_801530E4.h: In function `func_801530E4':
In file included from src/ov_SC06_000/ov_SC06_000_after.c:2904:
src/ov_SC06_000/../shared/ov/func_801530E4.h:14: warning: passing arg 1 of `func_80149020' makes pointer from integer without a cast
src/ov_SC06_000/../shared/ov/func_801530E4.h:15: warning: passing arg 1 of `func_801472C8' makes pointer from integer without a cast
src/ov_SC06_000/../shared/ov/func_801530E4.h:17: warning: passing arg 1 of `func_8014CBF8' makes pointer from integer without a cast
src/ov_SC06_000/../shared/ov/func_801530E4.h:18: warning: passing arg 1 of `func_801474EC' makes pointer from integer without a cast
src/ov_SC06_000/../shared/ov/func_801530E4.h:19: warning: passing arg 1 of `func_80155440' makes pointer from integer without a cast
src/ov_SC06_000/../shared/ov/func_801530E4.h:20: warning: passing arg 1 of `func_80146CA0' makes pointer from integer without a cast
src/ov_SC06_000/../shared/ov/func_80153204.h: In function `func_80153204':
In file included from src/ov_SC06_000/ov_SC06_000_after.c:2910:
src/ov_SC06_000/../shared/ov/func_80153204.h:22: warning: passing arg 1 of `func_80159B3C' makes pointer from integer without a cast
src/ov_SC06_000/../shared/ov/func_801533A4.h: In function `func_801533A4':
In file included from src/ov_SC06_000/ov_SC06_000_after.c:2924:
src/ov_SC06_000/../shared/ov/func_801533A4.h:12: warning: passing arg 1 of `func_80149020' makes pointer from integer without a cast
src/ov_SC06_000/../shared/ov/func_801533A4.h:15: warning: passing arg 1 of `func_8014CBF8' makes pointer from integer without a cast
src/ov_SC06_000/../shared/ov/func_801533A4.h:16: warning: passing arg 1 of `func_801474EC' makes pointer from integer without a cast
src/ov_SC06_000/../shared/ov/func_801533A4.h:17: warning: passing arg 1 of `func_80155440' makes pointer from integer without a cast
src/ov_SC06_000/../shared/ov/func_801533A4.h:18: warning: passing arg 1 of `func_80146CA0' makes pointer from integer without a cast
src/ov_SC06_000/../shared/ov/func_801534D8.h: In function `func_801534D8':
In file included from src/ov_SC06_000/ov_SC06_000_after.c:2930:
src/ov_SC06_000/../shared/ov/func_801534D8.h:22: warning: passing arg 1 of `func_80159B3C' makes pointer from integer without a cast
src/ov_SC06_000/../shared/ov/func_801539F8.h: In function `func_801539F8':
In file included from src/ov_SC06_000/ov_SC06_000_after.c:2946:
src/ov_SC06_000/../shared/ov/func_801539F8.h:14: warning: passing arg 3 of `func_80133784' makes integer from pointer without a cast
src/ov_SC06_000/../shared/ov/func_801539F8.h:20: warning: passing arg 3 of `func_80133784' makes integer from pointer without a cast
src/ov_SC06_000/../shared/ov/func_801539F8.h:24: warning: passing arg 3 of `func_80133784' makes integer from pointer without a cast
src/ov_SC06_000/../shared/ov/func_80153C8C.h: At top level:
In file included from src/ov_SC06_000/ov_SC06_000_after.c:2962:
src/ov_SC06_000/../shared/ov/func_80153C8C.h:4: warning: type mismatch with previous external decl
src/ov_SC06_000/ov_SC06_000_after.c:140: warning: previous external decl of `func_80153C8C'
src/ov_SC06_000/../shared/ov/func_80154150.h: In function `func_80154150':
In file included from src/ov_SC06_000/ov_SC06_000_after.c:3020:
src/ov_SC06_000/../shared/ov/func_80154150.h:7: warning: passing arg 1 of `func_80154190' makes pointer from integer without a cast
{standard input}: Assembler messages:
{standard input}:683: Warning: used $at without ".set noat"
{standard input}:684: Warning: used $at without ".set noat"
{standard input}:12681: Warning: used $at without ".set noat"
{standard input}:12682: Warning: used $at without ".set noat"
{standard input}:13010: Warning: used $at without ".set noat"
{standard input}:13011: Warning: used $at without ".set noat"
{standard input}:13332: Warning: used $at without ".set noat"
{standard input}:13333: Warning: used $at without ".set noat"
{standard input}:13637: Warning: used $at without ".set noat"
{standard input}:13638: Warning: used $at without ".set noat"
{standard input}:14342: Warning: used $at without ".set noat"
{standard input}:14343: Warning: used $at without ".set noat"
{standard input}:14785: Warning: used $at without ".set noat"
{standard input}:14786: Warning: used $at without ".set noat"
{standard input}:15021: Warning: used $at without ".set noat"
{standard input}:15022: Warning: used $at without ".set noat"
{standard input}:15267: Warning: used $at without ".set noat"
{standard input}:15268: Warning: used $at without ".set noat"
{standard input}:15617: Warning: used $at without ".set noat"
{standard input}:15618: Warning: used $at without ".set noat"
{standard input}:16023: Warning: used $at without ".set noat"
{standard input}:16024: Warning: used $at without ".set noat"
{standard input}:16259: Warning: used $at without ".set noat"
{standard input}:16260: Warning: used $at without ".set noat"
{standard input}:16477: Warning: used $at without ".set noat"
{standard input}:16478: Warning: used $at without ".set noat"
{standard input}:16746: Warning: used $at without ".set noat"
{standard input}:16747: Warning: used $at without ".set noat"
{standard input}:16898: Warning: used $at without ".set noat"
{standard input}:16899: Warning: used $at without ".set noat"
{standard input}:17015: Warning: used $at without ".set noat"
{standard input}:17016: Warning: used $at without ".set noat"
{standard input}:17725: Warning: used $at without ".set noat"
{standard input}:17726: Warning: used $at without ".set noat"
{standard input}:18374: Warning: used $at without ".set noat"
{standard input}:18375: Warning: used $at without ".set noat"
  LD      build/ov_SC06_000/ov_SC06_000.elf
  OBJCOPY build/ov_SC06_000/ov_SC06_000
  TRIM    build/ov_SC06_000/ov_SC06_000 (-1 B linker end-align pad)
[ OK ] build/ov_SC06_000/ov_SC06_000
       sha1 da4a26ffffe8759929aa078aac7285738089a1f2 == config/check.ov_SC06_000.sha  (BYTE-IDENTICAL)
