  CC      build/src/ov_SC03_015/ov_SC03_015_jr_8012ACE0.o  (twin of ov_SC03_014: src/ov_SC03_014/ov_SC03_014_jr_8012ACE0.c)
  CC      build/src/ov_SC03_015/ov_SC03_015.o  (twin of ov_SC03_014: src/ov_SC03_014/ov_SC03_014.c)
  CC      build/src/ov_SC03_015/ov_SC03_015_jr_801380E0.o  (twin of ov_SC03_014: src/ov_SC03_014/ov_SC03_014_jr_801380E0.c)
src/ov_SC03_014/../shared/ov/func_801387B8.h: In function `func_801387B8':
In file included from src/ov_SC03_014/ov_SC03_014_jr_801380E0.c:1018:
src/ov_SC03_014/../shared/ov/func_801387B8.h:5: warning: type mismatch with previous external decl
src/ov_SC03_014/ov_SC03_014_jr_801380E0.c:717: warning: previous external decl of `func_80139220'
src/ov_SC03_014/../shared/ov/func_801387B8.h:29: warning: passing arg 1 of `func_80138DE0' makes pointer from integer without a cast
src/ov_SC03_014/../shared/ov/func_80138AB4.h: At top level:
In file included from src/ov_SC03_014/ov_SC03_014_jr_801380E0.c:1024:
src/ov_SC03_014/../shared/ov/func_80138AB4.h:7: warning: type mismatch with previous external decl
src/ov_SC03_014/ov_SC03_014_jr_801380E0.c:712: warning: previous external decl of `func_80138AB4'
src/ov_SC03_014/../shared/ov/func_80138AB4.h: In function `func_80138AB4':
src/ov_SC03_014/../shared/ov/func_80138AB4.h:18: warning: passing arg 1 of `func_80138DE0' makes pointer from integer without a cast
src/ov_SC03_014/ov_SC03_014_jr_801380E0.c: At top level:
src/ov_SC03_014/ov_SC03_014_jr_801380E0.c:1055: warning: type mismatch with previous external decl
src/ov_SC03_014/ov_SC03_014_jr_801380E0.c:713: warning: previous external decl of `func_80138C60'
In file included from src/ov_SC03_014/ov_SC03_014_jr_801380E0.c:1095:
src/ov_SC03_014/../shared/ov/func_80138D58.h:4: warning: type mismatch with previous external decl
src/ov_SC03_014/ov_SC03_014_jr_801380E0.c:714: warning: previous external decl of `func_80138D58'
In file included from src/ov_SC03_014/ov_SC03_014_jr_801380E0.c:1105:
src/ov_SC03_014/../shared/ov/func_8013914C.h:3: warning: type mismatch with previous external decl
src/ov_SC03_014/ov_SC03_014_jr_801380E0.c:717: warning: previous external decl of `func_80139220'
In file included from src/ov_SC03_014/ov_SC03_014_jr_801380E0.c:1107:
src/ov_SC03_014/../shared/ov/func_801391F0.h:5: warning: type mismatch with previous external decl
src/ov_SC03_014/ov_SC03_014_jr_801380E0.c:716: warning: previous external decl of `func_801391F0'
src/ov_SC03_014/../shared/ov/func_80139680.h: In function `func_80139680':
In file included from src/ov_SC03_014/ov_SC03_014_jr_801380E0.c:1119:
src/ov_SC03_014/../shared/ov/func_80139680.h:39: warning: passing arg 2 of `func_80052460' makes integer from pointer without a cast
src/ov_SC03_014/../shared/ov/func_80139788.h: At top level:
In file included from src/ov_SC03_014/ov_SC03_014_jr_801380E0.c:1121:
src/ov_SC03_014/../shared/ov/func_80139788.h:3: warning: type mismatch with previous external decl
src/ov_SC03_014/ov_SC03_014_jr_801380E0.c:707: warning: previous external decl of `func_8001931C'
src/ov_SC03_014/../shared/ov/func_80139788.h:5: warning: type mismatch with previous external decl
src/ov_SC03_014/ov_SC03_014_jr_801380E0.c:718: warning: previous external decl of `func_80139788'
src/ov_SC03_014/../shared/ov/func_80139914.h: In function `func_80139914':
In file included from src/ov_SC03_014/ov_SC03_014_jr_801380E0.c:1192:
src/ov_SC03_014/../shared/ov/func_80139914.h:12: warning: passing arg 1 of `func_8013A8B0' makes pointer from integer without a cast
src/ov_SC03_014/../shared/ov/func_8012A418.h: In function `func_8012A418':
In file included from src/ov_SC03_014/ov_SC03_014.c:724:
src/ov_SC03_014/../shared/ov/func_8012A418.h:10: warning: assignment from incompatible pointer type
src/ov_SC03_014/../shared/ov/func_8012D098.h: In function `func_8012D098':
In file included from src/ov_SC03_014/ov_SC03_014_jr_8012ACE0.c:545:
src/ov_SC03_014/../shared/ov/func_8012D098.h:26: warning: passing arg 1 of `func_8012F214' makes integer from pointer without a cast
src/ov_SC03_014/../shared/ov/func_8012D098.h:26: warning: passing arg 2 of `func_8012F214' makes integer from pointer without a cast
src/ov_SC03_014/../shared/ov/func_8012D098.h:26: warning: passing arg 3 of `func_8012F214' makes integer from pointer without a cast
src/ov_SC03_014/../shared/ov/func_8012D098.h:30: warning: passing arg 1 of `func_8012F214' makes integer from pointer without a cast
src/ov_SC03_014/../shared/ov/func_8012D098.h:30: warning: passing arg 2 of `func_8012F214' makes integer from pointer without a cast
src/ov_SC03_014/../shared/ov/func_8012D098.h:30: warning: passing arg 3 of `func_8012F214' makes integer from pointer without a cast
src/ov_SC03_014/../shared/ov/func_8012D098.h:34: warning: passing arg 1 of `func_8012F214' makes integer from pointer without a cast
src/ov_SC03_014/../shared/ov/func_8012D098.h:34: warning: passing arg 2 of `func_8012F214' makes integer from pointer without a cast
src/ov_SC03_014/../shared/ov/func_8012D098.h:34: warning: passing arg 3 of `func_8012F214' makes integer from pointer without a cast
src/ov_SC03_014/../shared/ov/func_80139C7C.h: At top level:
In file included from src/ov_SC03_014/ov_SC03_014_jr_801380E0.c:1260:
src/ov_SC03_014/../shared/ov/func_80139C7C.h:3: warning: type mismatch with previous external declsrc/ov_SC03_014/../shared/ov/func_8012D098.h:38: 
warning: src/ov_SC03_014/ov_SC03_014_jr_801380E0.c:1090: passing arg 1 of `func_8012F214' makes integer from pointer without a castwarning: 
previous external decl of `src/ov_SC03_014/../shared/ov/func_8012D098.h:38: func_80139C7Cwarning: 'passing arg 2 of `func_8012F214' makes integer from pointer without a cast

src/ov_SC03_014/../shared/ov/func_80139C7C.h:3: src/ov_SC03_014/../shared/ov/func_8012D098.h:38: warning: warning: type mismatch with previous implicit declarationpassing arg 3 of `func_8012F214' makes integer from pointer without a cast

src/ov_SC03_014/ov_SC03_014_jr_801380E0.c:1090: warning: previous implicit declaration of `func_80139C7C'
src/ov_SC03_014/../shared/ov/func_80139C7C.h:3: warning: `func_80139C7C' was previously implicitly declared to return `int'
src/ov_SC03_014/../shared/ov/func_8012D098.h:42: warning: passing arg 1 of `func_8012F214' makes integer from pointer without a cast
src/ov_SC03_014/../shared/ov/func_8012D098.h:42: warning: passing arg 2 of `func_8012F214' makes integer from pointer without a cast
src/ov_SC03_014/../shared/ov/func_8012D098.h:42: warning: passing arg 3 of `func_8012F214' makes integer from pointer without a cast
src/ov_SC03_014/../shared/ov/func_8012D098.h:46: warning: passing arg 1 of `func_8012F214' makes integer from pointer without a cast
src/ov_SC03_014/../shared/ov/func_8012D098.h:46: warning: passing arg 2 of `func_8012F214' makes integer from pointer without a cast
src/ov_SC03_014/../shared/ov/func_8012D098.h:46: warning: passing arg 3 of `func_8012F214' makes integer from pointer without a cast
src/ov_SC03_014/../shared/ov/func_8012D098.h:50: warning: passing arg 1 of `func_8012F214' makes integer from pointer without a cast
src/ov_SC03_014/../shared/ov/func_8012D098.h:50: warning: passing arg 2 of `func_8012F214' makes integer from pointer without a cast
src/ov_SC03_014/../shared/ov/func_8012D098.h:50: warning: passing arg 3 of `func_8012F214' makes integer from pointer without a cast
src/ov_SC03_014/../shared/ov/func_8012D098.h:54: warning: passing arg 1 of `func_8012F214' makes integer from pointer without a cast
src/ov_SC03_014/../shared/ov/func_8012D098.h:54: warning: passing arg 2 of `func_8012F214' makes integer from pointer without a cast
src/ov_SC03_014/../shared/ov/func_8012D098.h:54: warning: passing arg 3 of `func_8012F214' makes integer from pointer without a cast
src/ov_SC03_014/../shared/ov/func_8012D098.h:55: warning: passing arg 1 of `func_8012D3B4' makes integer from pointer without a cast
src/ov_SC03_014/../shared/ov/func_8012D098.h:55: warning: passing arg 2 of `func_8012D3B4' makes integer from pointer without a cast
src/ov_SC03_014/../shared/ov/func_8012D098.h:56: warning: passing arg 1 of `func_8012D3B4' makes integer from pointer without a cast
src/ov_SC03_014/../shared/ov/func_8012D098.h:56: warning: passing arg 2 of `func_8012D3B4' makes integer from pointer without a cast
src/ov_SC03_014/../shared/ov/func_8012D098.h:57: warning: passing arg 1 of `func_8012D3B4' makes integer from pointer without a cast
src/ov_SC03_014/../shared/ov/func_8012D098.h:57: warning: passing arg 2 of `func_8012D3B4' makes integer from pointer without a cast
src/ov_SC03_014/../shared/ov/func_8012D098.h:58: warning: passing arg 1 of `func_8012D3B4' makes integer from pointer without a cast
src/ov_SC03_014/../shared/ov/func_8012D098.h:58: warning: passing arg 2 of `func_8012D3B4' makes integer from pointer without a cast
src/ov_SC03_014/../shared/ov/func_8012D098.h:59: warning: passing arg 1 of `func_8012D3B4' makes integer from pointer without a cast
src/ov_SC03_014/../shared/ov/func_8012D098.h:59: warning: passing arg 2 of `func_8012D3B4' makes integer from pointer without a cast
src/ov_SC03_014/../shared/ov/func_8012D098.h:60: warning: passing arg 1 of `func_8012D3B4' makes integer from pointer without a cast
src/ov_SC03_014/../shared/ov/func_8012D098.h:60: warning: passing arg 2 of `func_8012D3B4' makes integer from pointer without a cast
src/ov_SC03_014/../shared/ov/func_8012D098.h:61: warning: passing arg 1 of `func_8012D3B4' makes integer from pointer without a cast
src/ov_SC03_014/../shared/ov/func_8012D098.h:61: warning: passing arg 2 of `func_8012D3B4' makes integer from pointer without a cast
src/ov_SC03_014/../shared/ov/func_8012D098.h:62: warning: passing arg 1 of `func_8012D3B4' makes integer from pointer without a cast
src/ov_SC03_014/../shared/ov/func_8012D098.h:62: warning: passing arg 2 of `func_8012D3B4' makes integer from pointer without a cast
src/ov_SC03_014/../shared/ov/func_8012D098.h:63: warning: passing arg 1 of `func_8012D3B4' makes integer from pointer without a cast
src/ov_SC03_014/../shared/ov/func_8012D098.h:63: warning: passing arg 2 of `func_8012D3B4' makes integer from pointer without a cast
src/ov_SC03_014/../shared/ov/func_8012D098.h:64: warning: passing arg 1 of `func_8012D3B4' makes integer from pointer without a cast
src/ov_SC03_014/../shared/ov/func_8012D098.h:64: warning: passing arg 2 of `func_8012D3B4' makes integer from pointer without a cast
src/ov_SC03_014/../shared/ov/func_8012D098.h:65: warning: passing arg 1 of `func_8012D3B4' makes integer from pointer without a cast
src/ov_SC03_014/../shared/ov/func_8012D098.h:65: warning: passing arg 2 of `func_8012D3B4' makes integer from pointer without a cast
src/ov_SC03_014/../shared/ov/func_8012D098.h:66: warning: passing arg 1 of `func_8012D3B4' makes integer from pointer without a cast
src/ov_SC03_014/../shared/ov/func_8012D098.h:66: warning: passing arg 2 of `func_8012D3B4' makes integer from pointer without a cast
src/ov_SC03_014/../shared/ov/func_8012A6D0.h: In function `func_8012A6D0':
In file included from src/ov_SC03_014/ov_SC03_014.c:750:
src/ov_SC03_014/../shared/ov/func_8012A6D0.h:7: warning: initialization makes integer from pointer without a cast
src/ov_SC03_014/../shared/ov/func_8012A6D0.h:8: warning: initialization makes integer from pointer without a cast
src/ov_SC03_014/../shared/ov/func_8012D38C.h: In function `func_8012D38C':
In file included from src/ov_SC03_014/ov_SC03_014_jr_8012ACE0.c:547:
src/ov_SC03_014/../shared/ov/func_8012D38C.h:5: warning: passing arg 1 of `func_8012D098' makes pointer from integer without a cast
src/ov_SC03_014/../shared/ov/func_8012D3B4.h: At top level:
In file included from src/ov_SC03_014/ov_SC03_014_jr_8012ACE0.c:551:
src/ov_SC03_014/../shared/ov/func_8012D3B4.h:4: warning: type mismatch with previous external decl
src/ov_SC03_014/../shared/ov/func_8012CFA8.h:6: warning: previous external decl of `RotTransPers'
src/ov_SC03_014/../shared/ov/func_8012D3B4.h: In function `func_8012D3B4':
src/ov_SC03_014/../shared/ov/func_8012D3B4.h:22: warning: passing arg 2 of `RotTransPers' makes integer from pointer without a cast
src/ov_SC03_014/../shared/ov/func_8012D3B4.h:23: warning: passing arg 2 of `RotTransPers' makes integer from pointer without a cast
src/ov_SC03_014/../shared/ov/func_8012A828.h: In function `func_8012A828':
In file included from src/ov_SC03_014/ov_SC03_014.c:758:
src/ov_SC03_014/../shared/ov/func_8012A828.h:6: warning: assignment makes integer from pointer without a cast
src/ov_SC03_014/../shared/ov/func_8012D4B4.h: In function `func_8012D4B4':
In file included from src/ov_SC03_014/ov_SC03_014_jr_8012ACE0.c:553:
src/ov_SC03_014/../shared/ov/func_8012D4B4.h:27: warning: passing arg 2 of `RotTransPers' makes integer from pointer without a cast
src/ov_SC03_014/../shared/ov/func_8012D4B4.h:29: warning: passing arg 2 of `RotTransPers' makes integer from pointer without a cast
In file included from src/ov_SC03_014/ov_SC03_014_jr_801380E0.c:1276:
src/ov_SC03_014/../shared/ov/func_80139FE8.h:3: warning: type mismatch with previous external decl
src/ov_SC03_014/ov_SC03_014_jr_801380E0.c:709: warning: previous external decl of `func_8001B22C'
src/ov_SC03_014/ov_SC03_014_jr_8012ACE0.c: At top level:
src/ov_SC03_014/ov_SC03_014_jr_8012ACE0.c:592: warning: type mismatch with previous external decl
src/ov_SC03_014/ov_SC03_014_jr_8012ACE0.c:567: warning: previous external decl of `func_8012F568'
src/ov_SC03_014/ov_SC03_014_jr_8012ACE0.c: In function `func_8012DB84':
src/ov_SC03_014/ov_SC03_014_jr_8012ACE0.c:600: warning: passing arg 5 of `func_8012F568' makes integer from pointer without a cast
src/ov_SC03_014/ov_SC03_014_jr_8012ACE0.c:600: warning: passing arg 6 of `func_8012F568' makes integer from pointer without a cast
src/ov_SC03_014/ov_SC03_014_jr_8012ACE0.c: In function `func_8012DDA4':
src/ov_SC03_014/ov_SC03_014_jr_8012ACE0.c:624: warning: return makes integer from pointer without a cast
src/ov_SC03_014/ov_SC03_014_jr_8012ACE0.c: In function `func_8012DE2C':
src/ov_SC03_014/ov_SC03_014_jr_8012ACE0.c:639: warning: type mismatch with previous external decl
src/ov_SC03_014/ov_SC03_014_jr_8012ACE0.c:614: warning: previous external decl of `D_801E9524'
src/ov_SC03_014/ov_SC03_014_jr_8012ACE0.c:640: warning: type mismatch with previous external decl
src/ov_SC03_014/ov_SC03_014_jr_8012ACE0.c:615: warning: previous external decl of `D_801E9520'
src/ov_SC03_014/ov_SC03_014_jr_8012ACE0.c:655: warning: return makes integer from pointer without a cast
src/ov_SC03_014/../shared/ov/func_8012E138.h: In function `func_8012E138':
In file included from src/ov_SC03_014/ov_SC03_014_jr_8012ACE0.c:677:
src/ov_SC03_014/../shared/ov/func_8012E138.h:19: warning: passing arg 2 of `func_8012F038' from incompatible pointer type
src/ov_SC03_014/../shared/ov/func_8012E138.h:19: warning: passing arg 3 of `func_8012F038' from incompatible pointer type
src/ov_SC03_014/../shared/ov/func_8012E138.h:36: warning: passing arg 2 of `func_8012F14C' makes integer from pointer without a cast
src/ov_SC03_014/../shared/ov/func_8012E138.h:36: warning: passing arg 3 of `func_8012F14C' makes integer from pointer without a cast
src/ov_SC03_014/../shared/ov/func_8012E138.h:37: warning: passing arg 3 of `func_80135888' makes integer from pointer without a cast
src/ov_SC03_014/../shared/ov/func_8012E138.h:37: warning: passing arg 4 of `func_80135888' makes integer from pointer without a cast
src/ov_SC03_014/../shared/ov/func_8013B204.h: In function `func_8013B204':
In file included from src/ov_SC03_014/ov_SC03_014_jr_801380E0.c:1379:
src/ov_SC03_014/../shared/ov/func_8013B204.h:10: warning: assignment makes pointer from integer without a cast
{standard input}: Assembler messages:
{standard input}:567: Warning: used $at without ".set noat"
{standard input}:568: Warning: used $at without ".set noat"
{standard input}:676: Warning: used $at without ".set noat"
{standard input}:677: Warning: used $at without ".set noat"
src/ov_SC03_014/../shared/ov/func_8012F568.h: In function `func_8012F568':
In file included from src/ov_SC03_014/ov_SC03_014_jr_8012ACE0.c:1100:
src/ov_SC03_014/../shared/ov/func_8012F568.h:12: warning: passing arg 2 of `memcpy' makes pointer from integer without a cast
src/ov_SC03_014/../shared/ov/func_8012F568.h:13: warning: passing arg 2 of `memcpy' makes pointer from integer without a cast
src/ov_SC03_014/ov_SC03_014_jr_8012ACE0.c: In function `func_80130D48':
src/ov_SC03_014/ov_SC03_014_jr_8012ACE0.c:1433: warning: assignment makes pointer from integer without a cast
src/ov_SC03_014/ov_SC03_014_jr_8012ACE0.c: In function `func_80131340':
src/ov_SC03_014/ov_SC03_014_jr_8012ACE0.c:1620: warning: type mismatch with previous external decl
src/ov_SC03_014/ov_SC03_014_jr_8012ACE0.c:1503: warning: previous external decl of `D_8018BA24'
src/ov_SC03_014/ov_SC03_014_jr_8012ACE0.c:1666: warning: passing arg 1 of `func_80131E00' makes pointer from integer without a cast
src/ov_SC03_014/ov_SC03_014_jr_8012ACE0.c:1720: warning: passing arg 1 of `func_80131E00' makes pointer from integer without a cast
src/ov_SC03_014/ov_SC03_014_jr_8012ACE0.c:1764: warning: passing arg 1 of `func_80131E00' makes pointer from integer without a cast
src/ov_SC03_014/ov_SC03_014_jr_8012ACE0.c:1795: warning: passing arg 1 of `func_80131E00' makes pointer from integer without a cast
src/ov_SC03_014/ov_SC03_014_jr_8012ACE0.c:1800: warning: passing arg 1 of `func_80131E00' makes pointer from integer without a cast
src/ov_SC03_014/ov_SC03_014_jr_8012ACE0.c:1817: warning: passing arg 1 of `func_80131E00' makes pointer from integer without a cast
src/ov_SC03_014/ov_SC03_014_jr_8012ACE0.c:1827: warning: passing arg 1 of `func_80131E00' makes pointer from integer without a cast
src/ov_SC03_014/../shared/ov/func_801325B8.h: In function `func_801325B8':
In file included from src/ov_SC03_014/ov_SC03_014_jr_8012ACE0.c:2189:
src/ov_SC03_014/../shared/ov/func_801325B8.h:34: warning: passing arg 1 of `memcpy' makes pointer from integer without a cast
src/ov_SC03_014/../shared/ov/func_801325B8.h:34: warning: passing arg 2 of `memcpy' makes pointer from integer without a cast
src/ov_SC03_014/../shared/ov/func_801325B8.h:57: warning: passing arg 1 of `memcpy' makes pointer from integer without a cast
src/ov_SC03_014/../shared/ov/func_801325B8.h:57: warning: passing arg 2 of `memcpy' makes pointer from integer without a cast
src/ov_SC03_014/../shared/ov/func_80132EF4.h: In function `func_80132EF4':
In file included from src/ov_SC03_014/ov_SC03_014_jr_8012ACE0.c:2201:
src/ov_SC03_014/../shared/ov/func_80132EF4.h:6: warning: initialization makes integer from pointer without a cast
src/ov_SC03_014/../shared/ov/func_80132F40.h: In function `func_80132F40':
In file included from src/ov_SC03_014/ov_SC03_014_jr_8012ACE0.c:2282:
src/ov_SC03_014/../shared/ov/func_80132F40.h:34: warning: passing arg 2 of `func_8012F038' from incompatible pointer type
src/ov_SC03_014/../shared/ov/func_80132F40.h:34: warning: passing arg 3 of `func_8012F038' from incompatible pointer type
src/ov_SC03_014/../shared/ov/func_80132F40.h:36: warning: passing arg 2 of `func_8012F14C' makes integer from pointer without a cast
src/ov_SC03_014/../shared/ov/func_80132F40.h:36: warning: passing arg 3 of `func_8012F14C' makes integer from pointer without a cast
src/ov_SC03_014/ov_SC03_014_jr_8012ACE0.c: In function `func_80133AB0':
src/ov_SC03_014/ov_SC03_014_jr_8012ACE0.c:2533: warning: type mismatch with previous external decl
src/ov_SC03_014/ov_SC03_014_jr_8012ACE0.c:2422: warning: previous external decl of `D_8018BB00'
src/ov_SC03_014/ov_SC03_014_jr_8012ACE0.c:2534: warning: type mismatch with previous external decl
src/ov_SC03_014/ov_SC03_014_jr_8012ACE0.c:2421: warning: previous external decl of `D_8018BAFC'
src/ov_SC03_014/ov_SC03_014_jr_8012ACE0.c: In function `func_80133CD4':
src/ov_SC03_014/ov_SC03_014_jr_8012ACE0.c:2617: warning: type mismatch with previous external decl
src/ov_SC03_014/ov_SC03_014_jr_8012ACE0.c:2422: warning: previous external decl of `D_8018BB00'
src/ov_SC03_014/ov_SC03_014_jr_8012ACE0.c:2618: warning: type mismatch with previous external decl
src/ov_SC03_014/ov_SC03_014_jr_8012ACE0.c:2421: warning: previous external decl of `D_8018BAFC'
src/ov_SC03_014/ov_SC03_014_jr_8012ACE0.c:2619: warning: type mismatch with previous external decl
src/ov_SC03_014/ov_SC03_014_jr_8012ACE0.c:2535: warning: previous external decl of `D_8018BB08'
src/ov_SC03_014/ov_SC03_014_jr_8012ACE0.c: In function `func_801343C4':
src/ov_SC03_014/ov_SC03_014_jr_8012ACE0.c:2793: warning: type mismatch with previous external decl
src/ov_SC03_014/ov_SC03_014_jr_8012ACE0.c:2421: warning: previous external decl of `D_8018BAFC'
src/ov_SC03_014/ov_SC03_014_jr_8012ACE0.c:2794: warning: type mismatch with previous external decl
src/ov_SC03_014/ov_SC03_014_jr_8012ACE0.c:2422: warning: previous external decl of `D_8018BB00'
src/ov_SC03_014/ov_SC03_014_jr_8012ACE0.c:2796: warning: type mismatch with previous external decl
src/ov_SC03_014/ov_SC03_014_jr_8012ACE0.c:2423: warning: previous external decl of `D_801E957C'
src/ov_SC03_014/ov_SC03_014_jr_8012ACE0.c: In function `func_80134510':
src/ov_SC03_014/ov_SC03_014_jr_8012ACE0.c:2849: warning: type mismatch with previous external decl
src/ov_SC03_014/ov_SC03_014_jr_8012ACE0.c:2421: warning: previous external decl of `D_8018BAFC'
src/ov_SC03_014/ov_SC03_014_jr_8012ACE0.c:2850: warning: type mismatch with previous external decl
src/ov_SC03_014/ov_SC03_014_jr_8012ACE0.c:2422: warning: previous external decl of `D_8018BB00'
src/ov_SC03_014/ov_SC03_014_jr_8012ACE0.c:2851: warning: type mismatch with previous external decl
src/ov_SC03_014/ov_SC03_014_jr_8012ACE0.c:2620: warning: previous external decl of `D_8018BB04'
src/ov_SC03_014/ov_SC03_014_jr_8012ACE0.c: In function `func_801345F8':
src/ov_SC03_014/ov_SC03_014_jr_8012ACE0.c:2898: warning: type mismatch with previous external decl
src/ov_SC03_014/ov_SC03_014_jr_8012ACE0.c:2421: warning: previous external decl of `D_8018BAFC'
src/ov_SC03_014/ov_SC03_014_jr_8012ACE0.c: At top level:
src/ov_SC03_014/ov_SC03_014_jr_8012ACE0.c:2957: warning: type mismatch with previous external decl
src/ov_SC03_014/ov_SC03_014_jr_8012ACE0.c:2897: warning: previous external decl of `func_801347A0'
src/ov_SC03_014/ov_SC03_014_jr_8012ACE0.c: In function `func_801347A0':
src/ov_SC03_014/ov_SC03_014_jr_8012ACE0.c:2959: warning: type mismatch with previous external decl
src/ov_SC03_014/ov_SC03_014_jr_8012ACE0.c:2422: warning: previous external decl of `D_8018BB00'
src/ov_SC03_014/ov_SC03_014_jr_8012ACE0.c:2960: warning: type mismatch with previous external decl
src/ov_SC03_014/ov_SC03_014_jr_8012ACE0.c:2421: warning: previous external decl of `D_8018BAFC'
src/ov_SC03_014/ov_SC03_014_jr_8012ACE0.c:2961: warning: type mismatch with previous external decl
src/ov_SC03_014/ov_SC03_014_jr_8012ACE0.c:2620: warning: previous external decl of `D_8018BB04'
src/ov_SC03_014/ov_SC03_014_jr_8012ACE0.c: In function `func_80134C20':
src/ov_SC03_014/ov_SC03_014_jr_8012ACE0.c:3081: warning: type mismatch with previous external decl
src/ov_SC03_014/ov_SC03_014_jr_8012ACE0.c:2421: warning: previous external decl of `D_8018BAFC'
src/ov_SC03_014/ov_SC03_014_jr_8012ACE0.c:3082: warning: type mismatch with previous external decl
src/ov_SC03_014/ov_SC03_014_jr_8012ACE0.c:2422: warning: previous external decl of `D_8018BB00'
src/ov_SC03_014/ov_SC03_014_jr_8012ACE0.c:3083: warning: type mismatch with previous external decl
src/ov_SC03_014/ov_SC03_014_jr_8012ACE0.c:2620: warning: previous external decl of `D_8018BB04'
src/ov_SC03_014/ov_SC03_014_jr_8012ACE0.c:3084: warning: type mismatch with previous external decl
src/ov_SC03_014/ov_SC03_014_jr_8012ACE0.c:2535: warning: previous external decl of `D_8018BB08'
src/ov_SC03_014/ov_SC03_014_jr_8012ACE0.c: In function `func_80135004':
src/ov_SC03_014/ov_SC03_014_jr_8012ACE0.c:3176: warning: type mismatch with previous external decl
src/ov_SC03_014/ov_SC03_014_jr_8012ACE0.c:2422: warning: previous external decl of `D_8018BB00'
src/ov_SC03_014/ov_SC03_014_jr_8012ACE0.c:3177: warning: type mismatch with previous external decl
src/ov_SC03_014/ov_SC03_014_jr_8012ACE0.c:2421: warning: previous external decl of `D_8018BAFC'
src/ov_SC03_014/ov_SC03_014_jr_8012ACE0.c: In function `func_80135168':
src/ov_SC03_014/ov_SC03_014_jr_8012ACE0.c:3245: warning: type mismatch with previous external decl
src/ov_SC03_014/ov_SC03_014_jr_8012ACE0.c:2421: warning: previous external decl of `D_8018BAFC'
src/ov_SC03_014/ov_SC03_014_jr_8012ACE0.c:3246: warning: type mismatch with previous external decl
src/ov_SC03_014/ov_SC03_014_jr_8012ACE0.c:2422: warning: previous external decl of `D_8018BB00'
src/ov_SC03_014/ov_SC03_014_jr_8012ACE0.c: In function `func_80135260':
src/ov_SC03_014/ov_SC03_014_jr_8012ACE0.c:3320: warning: type mismatch with previous external decl
src/ov_SC03_014/ov_SC03_014_jr_8012ACE0.c:2421: warning: previous external decl of `D_8018BAFC'
src/ov_SC03_014/ov_SC03_014_jr_8012ACE0.c:3321: warning: type mismatch with previous external decl
src/ov_SC03_014/ov_SC03_014_jr_8012ACE0.c:2422: warning: previous external decl of `D_8018BB00'
src/ov_SC03_014/ov_SC03_014_jr_8012ACE0.c:3322: warning: type mismatch with previous external decl
src/ov_SC03_014/ov_SC03_014_jr_8012ACE0.c:2535: warning: previous external decl of `D_8018BB08'
src/ov_SC03_014/ov_SC03_014_jr_8012ACE0.c: In function `func_80135480':
src/ov_SC03_014/ov_SC03_014_jr_8012ACE0.c:3440: warning: type mismatch with previous external decl
src/ov_SC03_014/ov_SC03_014_jr_8012ACE0.c:2421: warning: previous external decl of `D_8018BAFC'
src/ov_SC03_014/ov_SC03_014_jr_8012ACE0.c:3441: warning: type mismatch with previous external decl
src/ov_SC03_014/ov_SC03_014_jr_8012ACE0.c:2422: warning: previous external decl of `D_8018BB00'
  LD      build/ov_SC03_015/ov_SC03_015.elf
  OBJCOPY build/ov_SC03_015/ov_SC03_015
  TRIM    build/ov_SC03_015/ov_SC03_015 (-1 B linker end-align pad)
[ OK ] build/ov_SC03_015/ov_SC03_015
       sha1 d84b01a2bd4c712e1127707f5cd2007d79f4afb0 == config/check.ov_SC03_015.sha  (BYTE-IDENTICAL)
