  CC      build/src/ov_SC04_003/ov_SC04_003_jr_8017BEBC.o
src/ov_SC04_003/ov_SC04_003_jr_8017BEBC.c:1529: warning: conflicting types for built-in function `memcpy'
src/ov_SC04_003/ov_SC04_003_jr_8017BEBC.c:3800:45: warning: "/*" within comment [-Wcomment]
 3800 | extern void func_8001CF00(s32 a0);          /* canonical def: src/800.c:6059 void func_8001CF00(s32 a0) */
      |                                              
src/ov_SC04_003/ov_SC04_003_jr_8017BEBC.c:4033:1: warning: "/*" within comment [-Wcomment]
 4033 | /* Declarations copied verbatim from the destination TU
      |  
src/ov_SC04_003/ov_SC04_003_jr_8017BEBC.c: In function `func_8017D308':
src/ov_SC04_003/ov_SC04_003_jr_8017BEBC.c:3353: warning: type mismatch with previous external decl
src/ov_SC04_003/ov_SC04_003_jr_8017BEBC.c:3330: warning: previous external decl of `D_80126940'
src/ov_SC04_003/ov_SC04_003_jr_8017BEBC.c: In function `func_8017D738':
src/ov_SC04_003/ov_SC04_003_jr_8017BEBC.c:3543: warning: passing arg 1 of `func_8012AD50' makes integer from pointer without a cast
src/ov_SC04_003/ov_SC04_003_jr_8017BEBC.c: At top level:
src/ov_SC04_003/ov_SC04_003_jr_8017BEBC.c:3624: warning: type mismatch with previous external decl
src/ov_SC04_003/ov_SC04_003_jr_8017BEBC.c:3578: warning: previous external decl of `func_8017D8BC'
src/ov_SC04_003/ov_SC04_003_jr_8017BEBC.c:3624: warning: type mismatch with previous implicit declaration
src/ov_SC04_003/ov_SC04_003_jr_8017BEBC.c:3578: warning: previous implicit declaration of `func_8017D8BC'
src/ov_SC04_003/ov_SC04_003_jr_8017BEBC.c:3624: warning: `func_8017D8BC' was previously implicitly declared to return `int'
src/ov_SC04_003/ov_SC04_003_jr_8017BEBC.c: In function `func_8017E39C':
src/ov_SC04_003/ov_SC04_003_jr_8017BEBC.c:4180: warning: type mismatch with previous external decl
src/ov_SC04_003/ov_SC04_003_jr_8017BEBC.c:4150: warning: previous external decl of `func_8012C218'
src/ov_SC04_003/ov_SC04_003_jr_8017BEBC.c:4198: warning: passing arg 1 of `func_8017DDDC' from incompatible pointer type
src/ov_SC04_003/ov_SC04_003_jr_8017BEBC.c: At top level:
src/ov_SC04_003/ov_SC04_003_jr_8017BEBC.c:4573: warning: type mismatch with previous external decl
src/ov_SC04_003/ov_SC04_003_jr_8017BEBC.c:4564: warning: previous external decl of `func_8017EE80'
src/ov_SC04_003/ov_SC04_003_jr_8017BEBC.c:4573: warning: type mismatch with previous implicit declaration
src/ov_SC04_003/ov_SC04_003_jr_8017BEBC.c:4564: warning: previous implicit declaration of `func_8017EE80'
src/ov_SC04_003/ov_SC04_003_jr_8017BEBC.c:4573: warning: `func_8017EE80' was previously implicitly declared to return `int'
src/ov_SC04_003/ov_SC04_003_jr_8017BEBC.c:4716: warning: type mismatch with previous implicit declaration
src/ov_SC04_003/ov_SC04_003_jr_8017BEBC.c:4180: warning: previous implicit declaration of `func_8012C218'
src/ov_SC04_003/ov_SC04_003_jr_8017BEBC.c:4716: warning: `func_8012C218' was previously implicitly declared to return `int'
src/ov_SC04_003/ov_SC04_003_jr_8017BEBC.c: In function `func_8017F6F4':
src/ov_SC04_003/ov_SC04_003_jr_8017BEBC.c:4940: warning: return makes integer from pointer without a cast
src/ov_SC04_003/ov_SC04_003_jr_8017BEBC.c: In function `func_8017F81C':
src/ov_SC04_003/ov_SC04_003_jr_8017BEBC.c:4949: warning: passing arg 2 makes integer from pointer without a cast
src/ov_SC04_003/ov_SC04_003_jr_8017BEBC.c: In function `func_8017F8EC':
src/ov_SC04_003/ov_SC04_003_jr_8017BEBC.c:4989: warning: passing arg 2 makes pointer from integer without a cast
src/ov_SC04_003/ov_SC04_003_jr_8017BEBC.c: In function `func_801800D4':
src/ov_SC04_003/ov_SC04_003_jr_8017BEBC.c:5366: warning: passing arg 3 of `func_8012DEB8' makes integer from pointer without a cast
src/ov_SC04_003/ov_SC04_003_jr_8017BEBC.c: At top level:
src/ov_SC04_003/ov_SC04_003_jr_8017BEBC.c:5908: warning: type mismatch with previous external decl
src/ov_SC04_003/ov_SC04_003_jr_8017BEBC.c:5893: warning: previous external decl of `func_80180E34'
src/ov_SC04_003/ov_SC04_003_jr_8017BEBC.c:5908: warning: type mismatch with previous implicit declaration
src/ov_SC04_003/ov_SC04_003_jr_8017BEBC.c:5893: warning: previous implicit declaration of `func_80180E34'
src/ov_SC04_003/ov_SC04_003_jr_8017BEBC.c: In function `func_801812C4':
src/ov_SC04_003/ov_SC04_003_jr_8017BEBC.c:6175: warning: passing arg 2 of `func_8001C810' makes integer from pointer without a cast
src/ov_SC04_003/ov_SC04_003_jr_8017BEBC.c:6192: warning: passing arg 1 of `func_80180B44' makes integer from pointer without a cast
src/ov_SC04_003/ov_SC04_003_jr_8017BEBC.c:6195: warning: passing arg 1 of `func_80180B10' makes integer from pointer without a cast
src/ov_SC04_003/ov_SC04_003_jr_8017BEBC.c: In function `func_80181398':
src/ov_SC04_003/ov_SC04_003_jr_8017BEBC.c:6229: warning: passing arg 1 of `func_80181184' makes integer from pointer without a cast
src/ov_SC04_003/ov_SC04_003_jr_8017BEBC.c:6233: warning: passing arg 1 of `func_80180CC0' makes integer from pointer without a cast
  LD      build/ov_SC04_003/ov_SC04_003.elf
  OBJCOPY build/ov_SC04_003/ov_SC04_003
  TRIM    build/ov_SC04_003/ov_SC04_003 (-1 B linker end-align pad)
[ OK ] build/ov_SC04_003/ov_SC04_003
       sha1 37d8982ed3f0d03b485f0de46b7c17704f9ad61d == config/check.ov_SC04_003.sha  (BYTE-IDENTICAL)
