  CC      build/src/ov_SC05_005/ov_SC05_005_jr_8017D898.o
src/ov_SC05_005/ov_SC05_005_jr_8017D898.c:1528: warning: conflicting types for built-in function `memcpy'
src/ov_SC05_005/ov_SC05_005_jr_8017D898.c:3842: warning: type mismatch with previous external decl
src/ov_SC05_005/ov_SC05_005_jr_8017D898.c:3692: warning: previous external decl of `func_8017F62C'
src/ov_SC05_005/ov_SC05_005_jr_8017D898.c:3842: warning: type mismatch with previous implicit declaration
src/ov_SC05_005/ov_SC05_005_jr_8017D898.c:3789: warning: previous implicit declaration of `func_8017F62C'
src/ov_SC05_005/ov_SC05_005_jr_8017D898.c:3842: warning: `func_8017F62C' was previously implicitly declared to return `int'
src/ov_SC05_005/ov_SC05_005_jr_8017D898.c:4716: warning: type mismatch with previous external decl
src/ov_SC05_005/ov_SC05_005_jr_8017D898.c:3911: warning: previous external decl of `func_8018093C'
src/ov_SC05_005/ov_SC05_005_jr_8017D898.c: In function `func_80180D4C':
src/ov_SC05_005/ov_SC05_005_jr_8017D898.c:4851: warning: passing arg 3 of `func_80133784' makes integer from pointer without a cast
src/ov_SC05_005/ov_SC05_005_jr_8017D898.c: In function `func_80180F60':
src/ov_SC05_005/ov_SC05_005_jr_8017D898.c:4907: warning: passing arg 3 of `func_80133784' makes integer from pointer without a cast
src/ov_SC05_005/ov_SC05_005_jr_8017D898.c: In function `func_80181224':
src/ov_SC05_005/ov_SC05_005_jr_8017D898.c:4988: warning: comparison between pointer and integer
src/ov_SC05_005/ov_SC05_005_jr_8017D898.c:5003: warning: comparison between pointer and integer
src/ov_SC05_005/ov_SC05_005_jr_8017D898.c: In function `func_801812F4':
src/ov_SC05_005/ov_SC05_005_jr_8017D898.c:5026: warning: passing arg 1 of `func_80013328' makes integer from pointer without a cast
src/ov_SC05_005/ov_SC05_005_jr_8017D898.c: In function `func_80181540':
src/ov_SC05_005/ov_SC05_005_jr_8017D898.c:5144: warning: assignment makes pointer from integer without a cast
src/ov_SC05_005/ov_SC05_005_jr_8017D898.c: In function `func_801815E0':
src/ov_SC05_005/ov_SC05_005_jr_8017D898.c:5168: warning: passing arg 1 of `func_8012F14C' makes integer from pointer without a cast
src/ov_SC05_005/ov_SC05_005_jr_8017D898.c:5168: warning: passing arg 2 of `func_8012F14C' makes integer from pointer without a cast
src/ov_SC05_005/ov_SC05_005_jr_8017D898.c:5168: warning: passing arg 3 of `func_8012F14C' makes integer from pointer without a cast
src/ov_SC05_005/ov_SC05_005_jr_8017D898.c: In function `func_80182120':
src/ov_SC05_005/ov_SC05_005_jr_8017D898.c:5661: warning: passing arg 1 of `func_80149020' makes pointer from integer without a cast
src/ov_SC05_005/ov_SC05_005_jr_8017D898.c:5664: warning: passing arg 1 of `func_80159B3C' makes pointer from integer without a cast
  LD      build/ov_SC05_005/ov_SC05_005.elf
  OBJCOPY build/ov_SC05_005/ov_SC05_005
  TRIM    build/ov_SC05_005/ov_SC05_005 (-1 B linker end-align pad)
[ OK ] build/ov_SC05_005/ov_SC05_005
       sha1 452897fc9b6f59a7ba9c8faa37d33acfd6038469 == config/check.ov_SC05_005.sha  (BYTE-IDENTICAL)
